====================================================
starting compile_wkc
~~~~~~~~~~~~~~~~~~~~~~~~~~~~~~~~~~~~~~~~~~~~~~~~~~~~~~~~~~~~~~~~~~~~~~~~~~~~

  WKC - WRF-Chem/KPP coupler


~~~~~~~~~~~~~~~~~~~~~~~~~~~~~~~~~~~~~~~~~~~~~~~~~~~~~~~~~~~~~~~~~~~~~~~

  KPP - symbolic chemistry Kinetics PreProcessor, Version 2.1
        (http://www.cs.vt.edu/~asandu/Software/KPP)
  KPP is distributed under GPL, the general public licence
        (http://www.gnu.org/copyleft/gpl.html)
    (C) 1995-1997, V. Damian & A. Sandu, CGRER, Univ. Iowa
    (C) 1997-2003, A. Sandu, Michigan Tech
    (C) 2003-2005, A. Sandu, Virginia Polytechnic Institute and State University
        with contributions from:
        R. Sander, Max-Planck Institute for Chemistry, Mainz, Germany


   The current version of KPP was modified for WRF-Chem.

~~~~~~~~~~~~~~~~~~~~~~~~~~~~~~~~~~~~~~~~~~~~~~~~~~~~~~~~~~~~~~~~~~~~~~~
------------------------------------------
 configure_kpp, settings:
location of flex library: /usr/lib64/libfl.a
# DM_CC = mpiicc OMPCC = # -openmp -fpp -auto CCOMP = icc CC = $(DM_CC) -DFSEEKO64_OK
DESCRIPTION = INTEL ($SFC/$SCC) SCC = icc DM_CC = mpicc -cc=$(SCC) -DMPI2_SUPPORT CC_TOOLS = $(SCC) CC="$(SCC)" CFLAGS="$(CFLAGS)" \
writing chem/KPP/configure.kpp
/glade/work/rkumar/NASA_HMA/WRFchem_HMA
-----------------------------------------
compile kpp
make[1]: Entering directory '/glade/work/rkumar/NASA_HMA/WRFchem_HMA/chem/KPP/kpp/kpp-2.1/src'
  /usr/bin/yacc -d scan.y
  icc -O -c y.tab.c
  flex scan.l
  icc -O -c lex.yy.c
  icc -O -c scanner.c
  icc -O -c scanutil.c
  icc -O -c kpp.c
  icc -O -c gen.c
gen.c(1852): warning #268: the format string ends before this argument
    sprintf( buf1, "KppSolve", rootFileName );
                               ^

  icc -O -c code.c
  icc -O -c code_c.c
code_c.c(369): warning #268: the format string ends before this argument
                  printf( "Invalid constant", var->type );
                                              ^

  icc -O -c code_f77.c
  icc -O -c code_f90.c
  icc -O -c code_matlab.c
  icc -O -c debug.c
  icc -O y.tab.o lex.yy.o scanner.o scanutil.o kpp.o gen.o code.o code_c.o code_f77.o code_f90.o code_matlab.o debug.o -lm -L/usr/lib64 -lfl -o kpp
make[1]: Leaving directory '/glade/work/rkumar/NASA_HMA/WRFchem_HMA/chem/KPP/kpp/kpp-2.1/src'
-----------------------------------------
compile the coupler
icc -I../../../../inc  -c -g  registry_kpp.c
icc -I../../../../inc  -c -g  my_strtok.c
icc -I../../../../inc  -c -g  data.c
icc -I../../../../inc  -c -g  type.c
icc -I../../../../inc  -c -g  misc.c
icc -I../../../../inc  -c -g  reg_parse.c
icc -I../../../../inc  -c -g  gen_kpp_utils.c
icc -I../../../../inc  -c -g  gen_kpp_mech_dr.c
icc -I../../../../inc  -c -g  gen_kpp_interface.c
icc -I../../../../inc  -c -g  get_wrf_chem_specs.c
icc -I../../../../inc  -c -g  get_kpp_chem_specs.c
get_kpp_chem_specs.c(42): warning #117: non-void function "get_kpp_chem_specs" should return a value
  	return;
  	      ^

icc -I../../../../inc  -c -g  compare_kpp_to_species.c
icc -I../../../../inc  -c -g  get_wrf_radicals.c
icc -I../../../../inc  -c -g  get_wrf_jvals.c
icc -I../../../../inc  -c -g  change_chem_Makefile.c
icc -I../../../../inc  -c -g  gen_kpp_interf_utils.c
icc -I../../../../inc  -c -g  gen_kpp_args_to_Update_Rconst.c
icc -I../../../../inc  -c -g  gen_kpp.c
icc -I../../../../inc  -c -g  kpp_data.c
icc -I../../../../inc  -c -g  sym.c
icc -I../../../../inc  -c -g  symtab_gen.c
icc -o registry_kpp -g   registry_kpp.o  my_strtok.o data.o type.o misc.o reg_parse.o gen_kpp.o get_wrf_chem_specs.o gen_kpp_mech_dr.o gen_kpp_interface.o get_kpp_chem_specs.o compare_kpp_to_species.o get_wrf_radicals.o get_wrf_jvals.o gen_kpp_utils.o change_chem_Makefile.o gen_kpp_interf_utils.o gen_kpp_args_to_Update_Rconst.o  kpp_data.o sym.o symtab_gen.o
compile the tuv_kpp
icc -c -g  tuv_kpp.c
icc -o tuv_kpp -g  tuv_kpp.o
-----------------------------------------
check if Registry was touched
touch run_wkc
touch mod_registry.temp
touch ../mechanisms/*/*.kpp
-----------------------------------------
Run kpp for mechanisms in chem/KPP/mechanisms
=========================================================
mechanisms/cb05_sorg_aq
ln -s ../../util/Makefile_kpp mechanisms/cb05_sorg_aq/Makefile
ln -s ../chem/KPP/inc/cb05_sorg_aq/extra_args_to_update_rconst_cb05_sorg_aq.inc /glade/work/rkumar/NASA_HMA/WRFchem_HMA/inc
ln -s ../chem/KPP/inc/cb05_sorg_aq/extra_args_update_rconst_cb05_sorg_aq.inc /glade/work/rkumar/NASA_HMA/WRFchem_HMA/inc
ln -s ../chem/KPP/inc/cb05_sorg_aq/extra_decls_update_rconst_cb05_sorg_aq.inc /glade/work/rkumar/NASA_HMA/WRFchem_HMA/inc
ln -s ../chem/KPP/inc/cb05_sorg_aq/kpp_mechd_a_cb05_sorg_aq.inc /glade/work/rkumar/NASA_HMA/WRFchem_HMA/inc
ln -s ../chem/KPP/inc/cb05_sorg_aq/kpp_mechd_b_cb05_sorg_aq.inc /glade/work/rkumar/NASA_HMA/WRFchem_HMA/inc
ln -s ../chem/KPP/inc/cb05_sorg_aq/kpp_mechd_e_cb05_sorg_aq.inc /glade/work/rkumar/NASA_HMA/WRFchem_HMA/inc
ln -s ../chem/KPP/inc/cb05_sorg_aq/kpp_mechd_ia_cb05_sorg_aq.inc /glade/work/rkumar/NASA_HMA/WRFchem_HMA/inc
ln -s ../chem/KPP/inc/cb05_sorg_aq/kpp_mechd_ib_cb05_sorg_aq.inc /glade/work/rkumar/NASA_HMA/WRFchem_HMA/inc
ln -s ../chem/KPP/inc/cb05_sorg_aq/kpp_mechd_ibu_cb05_sorg_aq.inc /glade/work/rkumar/NASA_HMA/WRFchem_HMA/inc
ln -s ../chem/KPP/inc/cb05_sorg_aq/kpp_mechd_l_cb05_sorg_aq.inc /glade/work/rkumar/NASA_HMA/WRFchem_HMA/inc
ln -s ../chem/KPP/inc/cb05_sorg_aq/kpp_mechd_u_cb05_sorg_aq.inc /glade/work/rkumar/NASA_HMA/WRFchem_HMA/inc
model cb05_sorg_aq
/glade/work/rkumar/NASA_HMA/WRFchem_HMA/chem/KPP/kpp/kpp-2.1/bin/kpp cb05_sorg_aq.kpp

This is KPP-2.1.

KPP is parsing the equation file.
KPP was told to generate WRF conform code
KPP is computing Jacobian sparsity structure.
KPP is starting the code generation.
KPP is initializing the code generation.
 
 KPP is using the WRF conform integrator routine: 
 /glade/work/rkumar/NASA_HMA/WRFchem_HMA/chem/KPP/kpp/kpp-2.1/int/WRF_conform/rosenbrock 

KPP is generating the monitor data:
    - cb05_sorg_aq_Monitor
KPP is generating the utility data:
    - cb05_sorg_aq_Util
KPP is generating the global declarations:
    - cb05_sorg_aq_Main
KPP is generating the ODE function:
    - cb05_sorg_aq_Function
KPP is generating the ODE Jacobian:
    - cb05_sorg_aq_Jacobian
    - cb05_sorg_aq_JacobianSP
KPP is generating the linear algebra routines:
    - cb05_sorg_aq_LinearAlgebra
KPP is generating the utility functions:
    - cb05_sorg_aq_Util
KPP is generating the rate laws:
    - cb05_sorg_aq_Rates
KPP is generating UpdateRconstWRF (WRF conform): 
    - cb05_sorg_aq_UpdateRconst
KPP is generating the parameters:
    - cb05_sorg_aq_Parameters
KPP is generating the global data:
    - cb05_sorg_aq_Global
KPP is generating the driver from general.f90:
    - cb05_sorg_aq_Main
KPP is starting the code post-processing.

KPP has succesfully created the model "cb05_sorg_aq".

cp -f cb05_sorg_aq_Integrator.f90 ../../../module_kpp_cb05_sorg_aq_Integr.F
cp -f cb05_sorg_aq_Parameters.f90 ../../../module_kpp_cb05_sorg_aq_Parameters.F
cp -f cb05_sorg_aq_Precision.f90 ../../../module_kpp_cb05_sorg_aq_Precision.F
cp -f cb05_sorg_aq_JacobianSP.f90 ../../../module_kpp_cb05_sorg_aq_JacobianSP.F
cp -f cb05_sorg_aq_Jacobian.f90 ../../../module_kpp_cb05_sorg_aq_Jacobian.F
cp -f cb05_sorg_aq_Update_Rconst.f90 ../../../module_kpp_cb05_sorg_aq_Update_Rconst.F
touch ../../util/run_wkc
Makefile:50: warning: overriding recipe for target '.F.o'
../../../../configure.wrf:375: warning: ignoring old recipe for target '.F.o'
Makefile:58: warning: overriding recipe for target '.c.o'
../../../../configure.wrf:406: warning: ignoring old recipe for target '.c.o'
rm -f decomp_uses.inc
echo USE cb05_sorg_aq_Parameters > decomp_uses.inc
echo USE cb05_sorg_aq_JacobianSP >> decomp_uses.inc
ln -sf  ../../../module_kpp_cb05_sorg_aq_Precision.F
ln -sf  ../../../module_kpp_cb05_sorg_aq_Parameters.F
ln -sf  ../../../module_kpp_cb05_sorg_aq_JacobianSP.F
ln -sf  ../../../module_kpp_cb05_sorg_aq_Integr.F
make -i -r comp
make[1]: Entering directory '/glade/work/rkumar/NASA_HMA/WRFchem_HMA/chem/KPP/util/write_decomp'
Makefile:50: warning: overriding recipe for target '.F.o'
../../../../configure.wrf:375: warning: ignoring old recipe for target '.F.o'
Makefile:58: warning: overriding recipe for target '.c.o'
../../../../configure.wrf:406: warning: ignoring old recipe for target '.c.o'
rm -f module_kpp_cb05_sorg_aq_Precision.o
sed -f ../../../../arch/standard.sed module_kpp_cb05_sorg_aq_Precision.F > module_kpp_cb05_sorg_aq_Precision.b 
/lib/cpp -P -nostdinc -I../../../../inc -DEM_CORE=1 -DNMM_CORE=0 -DNMM_MAX_DIM=2600 -DCOAMPS_CORE= -DDA_CORE=0 -DEXP_CORE= -DIWORDSIZE=4 -DDWORDSIZE=8 -DRWORDSIZE=4 -DLWORDSIZE=4 -DNONSTANDARD_SYSTEM_FUNC  -DWRF_USE_CLM  -DSNICAR_FRC    -DDM_PARALLEL -DNETCDF -DUSE_ALLOCATABLES -DGRIB1 -DINTIO -DKEEP_INT_AROUND -DLIMIT_ARGS -DCONFIG_BUF_LEN=65536 -DMAX_DOMAINS_F=21 -DMAX_HISTORY=25 -DNMM_NEST= -DWRF_CHEM -DBUILD_CHEM=1 -DWRF_KPP -I. -traditional-cpp  module_kpp_cb05_sorg_aq_Precision.b  > module_kpp_cb05_sorg_aq_Precision.f90
rm -f module_kpp_cb05_sorg_aq_Precision.b
ifort -c -O3 -ip -fp-model precise -w -ftz -align all -fno-alias -FR -convert big_endian    -real-size `expr 8 \* 4` -i4  module_kpp_cb05_sorg_aq_Precision.f90
rm -f module_kpp_cb05_sorg_aq_Parameters.o
sed -f ../../../../arch/standard.sed module_kpp_cb05_sorg_aq_Parameters.F > module_kpp_cb05_sorg_aq_Parameters.b 
/lib/cpp -P -nostdinc -I../../../../inc -DEM_CORE=1 -DNMM_CORE=0 -DNMM_MAX_DIM=2600 -DCOAMPS_CORE= -DDA_CORE=0 -DEXP_CORE= -DIWORDSIZE=4 -DDWORDSIZE=8 -DRWORDSIZE=4 -DLWORDSIZE=4 -DNONSTANDARD_SYSTEM_FUNC  -DWRF_USE_CLM  -DSNICAR_FRC    -DDM_PARALLEL -DNETCDF -DUSE_ALLOCATABLES -DGRIB1 -DINTIO -DKEEP_INT_AROUND -DLIMIT_ARGS -DCONFIG_BUF_LEN=65536 -DMAX_DOMAINS_F=21 -DMAX_HISTORY=25 -DNMM_NEST= -DWRF_CHEM -DBUILD_CHEM=1 -DWRF_KPP -I. -traditional-cpp  module_kpp_cb05_sorg_aq_Parameters.b  > module_kpp_cb05_sorg_aq_Parameters.f90
rm -f module_kpp_cb05_sorg_aq_Parameters.b
ifort -c -O3 -ip -fp-model precise -w -ftz -align all -fno-alias -FR -convert big_endian    -real-size `expr 8 \* 4` -i4  module_kpp_cb05_sorg_aq_Parameters.f90
rm -f module_kpp_cb05_sorg_aq_JacobianSP.o
sed -f ../../../../arch/standard.sed module_kpp_cb05_sorg_aq_JacobianSP.F > module_kpp_cb05_sorg_aq_JacobianSP.b 
/lib/cpp -P -nostdinc -I../../../../inc -DEM_CORE=1 -DNMM_CORE=0 -DNMM_MAX_DIM=2600 -DCOAMPS_CORE= -DDA_CORE=0 -DEXP_CORE= -DIWORDSIZE=4 -DDWORDSIZE=8 -DRWORDSIZE=4 -DLWORDSIZE=4 -DNONSTANDARD_SYSTEM_FUNC  -DWRF_USE_CLM  -DSNICAR_FRC    -DDM_PARALLEL -DNETCDF -DUSE_ALLOCATABLES -DGRIB1 -DINTIO -DKEEP_INT_AROUND -DLIMIT_ARGS -DCONFIG_BUF_LEN=65536 -DMAX_DOMAINS_F=21 -DMAX_HISTORY=25 -DNMM_NEST= -DWRF_CHEM -DBUILD_CHEM=1 -DWRF_KPP -I. -traditional-cpp  module_kpp_cb05_sorg_aq_JacobianSP.b  > module_kpp_cb05_sorg_aq_JacobianSP.f90
rm -f module_kpp_cb05_sorg_aq_JacobianSP.b
ifort -c -O3 -ip -fp-model precise -w -ftz -align all -fno-alias -FR -convert big_endian    -real-size `expr 8 \* 4` -i4  module_kpp_cb05_sorg_aq_JacobianSP.f90
rm -f write_decomp.o
sed -f ../../../../arch/standard.sed write_decomp.F > write_decomp.b 
/lib/cpp -P -nostdinc -I../../../../inc -DEM_CORE=1 -DNMM_CORE=0 -DNMM_MAX_DIM=2600 -DCOAMPS_CORE= -DDA_CORE=0 -DEXP_CORE= -DIWORDSIZE=4 -DDWORDSIZE=8 -DRWORDSIZE=4 -DLWORDSIZE=4 -DNONSTANDARD_SYSTEM_FUNC  -DWRF_USE_CLM  -DSNICAR_FRC    -DDM_PARALLEL -DNETCDF -DUSE_ALLOCATABLES -DGRIB1 -DINTIO -DKEEP_INT_AROUND -DLIMIT_ARGS -DCONFIG_BUF_LEN=65536 -DMAX_DOMAINS_F=21 -DMAX_HISTORY=25 -DNMM_NEST= -DWRF_CHEM -DBUILD_CHEM=1 -DWRF_KPP -I. -traditional-cpp  write_decomp.b  > write_decomp.f90
rm -f write_decomp.b
ifort -c -O3 -ip -fp-model precise -w -ftz -align all -fno-alias -FR -convert big_endian    -real-size `expr 8 \* 4` -i4  write_decomp.f90
ifort -o write_decomp.exe module_kpp_cb05_sorg_aq_Precision.o module_kpp_cb05_sorg_aq_Parameters.o module_kpp_cb05_sorg_aq_JacobianSP.o      write_decomp.o  
echo cb05_sorg_aq > mech.tmp
make[1]: Leaving directory '/glade/work/rkumar/NASA_HMA/WRFchem_HMA/chem/KPP/util/write_decomp'
./write_decomp.exe
   -- in write_decomp
     for kpp mechanism: cb05_sorg_aq
 fname:<decomp_cb05_sorg_aq.inc>
make -i -r integr_edit
make[1]: Entering directory '/glade/work/rkumar/NASA_HMA/WRFchem_HMA/chem/KPP/util/write_decomp'
Makefile:50: warning: overriding recipe for target '.F.o'
../../../../configure.wrf:375: warning: ignoring old recipe for target '.F.o'
Makefile:58: warning: overriding recipe for target '.c.o'
../../../../configure.wrf:406: warning: ignoring old recipe for target '.c.o'
rm -f integr_edit.o
icc -c -w -O3 -ip  -DDM_PARALLEL -DMAX_HISTORY=25 -DNMM_CORE=0 integr_edit.c
icc -o integr_edit.exe integr_edit.o
make[1]: Leaving directory '/glade/work/rkumar/NASA_HMA/WRFchem_HMA/chem/KPP/util/write_decomp'
./integr_edit.exe cb05_sorg_aq
   integr_edit: replacing     CALL cb05_sorg_aq_KppDecomp ( A, ising )
 
  END MODULE cb05_sorg_aq_Integrator
 make -i -r clean 
make[1]: Entering directory '/glade/work/rkumar/NASA_HMA/WRFchem_HMA/chem/KPP/util/write_decomp'
Makefile:50: warning: overriding recipe for target '.F.o'
../../../../configure.wrf:375: warning: ignoring old recipe for target '.F.o'
Makefile:58: warning: overriding recipe for target '.c.o'
../../../../configure.wrf:406: warning: ignoring old recipe for target '.c.o'
rm -f *.o *.tmp *.mod module_kpp_* *~ *.inc *.exe *.f90
make[1]: Leaving directory '/glade/work/rkumar/NASA_HMA/WRFchem_HMA/chem/KPP/util/write_decomp'
=========================================================
mechanisms/cb05_sorg_vbs_aq
ln -s ../../util/Makefile_kpp mechanisms/cb05_sorg_vbs_aq/Makefile
ln -s ../chem/KPP/inc/cb05_sorg_vbs_aq/extra_args_to_update_rconst_cb05_sorg_vbs_aq.inc /glade/work/rkumar/NASA_HMA/WRFchem_HMA/inc
ln -s ../chem/KPP/inc/cb05_sorg_vbs_aq/extra_args_update_rconst_cb05_sorg_vbs_aq.inc /glade/work/rkumar/NASA_HMA/WRFchem_HMA/inc
ln -s ../chem/KPP/inc/cb05_sorg_vbs_aq/extra_decls_update_rconst_cb05_sorg_vbs_aq.inc /glade/work/rkumar/NASA_HMA/WRFchem_HMA/inc
ln -s ../chem/KPP/inc/cb05_sorg_vbs_aq/kpp_mechd_a_cb05_sorg_vbs_aq.inc /glade/work/rkumar/NASA_HMA/WRFchem_HMA/inc
ln -s ../chem/KPP/inc/cb05_sorg_vbs_aq/kpp_mechd_b_cb05_sorg_vbs_aq.inc /glade/work/rkumar/NASA_HMA/WRFchem_HMA/inc
ln -s ../chem/KPP/inc/cb05_sorg_vbs_aq/kpp_mechd_e_cb05_sorg_vbs_aq.inc /glade/work/rkumar/NASA_HMA/WRFchem_HMA/inc
ln -s ../chem/KPP/inc/cb05_sorg_vbs_aq/kpp_mechd_ia_cb05_sorg_vbs_aq.inc /glade/work/rkumar/NASA_HMA/WRFchem_HMA/inc
ln -s ../chem/KPP/inc/cb05_sorg_vbs_aq/kpp_mechd_ib_cb05_sorg_vbs_aq.inc /glade/work/rkumar/NASA_HMA/WRFchem_HMA/inc
ln -s ../chem/KPP/inc/cb05_sorg_vbs_aq/kpp_mechd_ibu_cb05_sorg_vbs_aq.inc /glade/work/rkumar/NASA_HMA/WRFchem_HMA/inc
ln -s ../chem/KPP/inc/cb05_sorg_vbs_aq/kpp_mechd_l_cb05_sorg_vbs_aq.inc /glade/work/rkumar/NASA_HMA/WRFchem_HMA/inc
ln -s ../chem/KPP/inc/cb05_sorg_vbs_aq/kpp_mechd_u_cb05_sorg_vbs_aq.inc /glade/work/rkumar/NASA_HMA/WRFchem_HMA/inc
model cb05_sorg_vbs_aq
/glade/work/rkumar/NASA_HMA/WRFchem_HMA/chem/KPP/kpp/kpp-2.1/bin/kpp cb05_sorg_vbs_aq.kpp

This is KPP-2.1.

KPP is parsing the equation file.
KPP was told to generate WRF conform code
KPP is computing Jacobian sparsity structure.
KPP is starting the code generation.
KPP is initializing the code generation.
 
 KPP is using the WRF conform integrator routine: 
 /glade/work/rkumar/NASA_HMA/WRFchem_HMA/chem/KPP/kpp/kpp-2.1/int/WRF_conform/rosenbrock 

KPP is generating the monitor data:
    - cb05_sorg_vbs_aq_Monitor
KPP is generating the utility data:
    - cb05_sorg_vbs_aq_Util
KPP is generating the global declarations:
    - cb05_sorg_vbs_aq_Main
KPP is generating the ODE function:
    - cb05_sorg_vbs_aq_Function
KPP is generating the ODE Jacobian:
    - cb05_sorg_vbs_aq_Jacobian
    - cb05_sorg_vbs_aq_JacobianSP
KPP is generating the linear algebra routines:
    - cb05_sorg_vbs_aq_LinearAlgebra
KPP is generating the utility functions:
    - cb05_sorg_vbs_aq_Util
KPP is generating the rate laws:
    - cb05_sorg_vbs_aq_Rates
KPP is generating UpdateRconstWRF (WRF conform): 
    - cb05_sorg_vbs_aq_UpdateRconst
KPP is generating the parameters:
    - cb05_sorg_vbs_aq_Parameters
KPP is generating the global data:
    - cb05_sorg_vbs_aq_Global
KPP is generating the driver from general.f90:
    - cb05_sorg_vbs_aq_Main
KPP is starting the code post-processing.

KPP has succesfully created the model "cb05_sorg_vbs_aq".

cp -f cb05_sorg_vbs_aq_Integrator.f90 ../../../module_kpp_cb05_sorg_vbs_aq_Integr.F
cp -f cb05_sorg_vbs_aq_Parameters.f90 ../../../module_kpp_cb05_sorg_vbs_aq_Parameters.F
cp -f cb05_sorg_vbs_aq_Precision.f90 ../../../module_kpp_cb05_sorg_vbs_aq_Precision.F
cp -f cb05_sorg_vbs_aq_JacobianSP.f90 ../../../module_kpp_cb05_sorg_vbs_aq_JacobianSP.F
cp -f cb05_sorg_vbs_aq_Jacobian.f90 ../../../module_kpp_cb05_sorg_vbs_aq_Jacobian.F
cp -f cb05_sorg_vbs_aq_Update_Rconst.f90 ../../../module_kpp_cb05_sorg_vbs_aq_Update_Rconst.F
touch ../../util/run_wkc
Makefile:50: warning: overriding recipe for target '.F.o'
../../../../configure.wrf:375: warning: ignoring old recipe for target '.F.o'
Makefile:58: warning: overriding recipe for target '.c.o'
../../../../configure.wrf:406: warning: ignoring old recipe for target '.c.o'
rm -f decomp_uses.inc
echo USE cb05_sorg_vbs_aq_Parameters > decomp_uses.inc
echo USE cb05_sorg_vbs_aq_JacobianSP >> decomp_uses.inc
ln -sf  ../../../module_kpp_cb05_sorg_vbs_aq_Precision.F
ln -sf  ../../../module_kpp_cb05_sorg_vbs_aq_Parameters.F
ln -sf  ../../../module_kpp_cb05_sorg_vbs_aq_JacobianSP.F
ln -sf  ../../../module_kpp_cb05_sorg_vbs_aq_Integr.F
make -i -r comp
make[1]: Entering directory '/glade/work/rkumar/NASA_HMA/WRFchem_HMA/chem/KPP/util/write_decomp'
Makefile:50: warning: overriding recipe for target '.F.o'
../../../../configure.wrf:375: warning: ignoring old recipe for target '.F.o'
Makefile:58: warning: overriding recipe for target '.c.o'
../../../../configure.wrf:406: warning: ignoring old recipe for target '.c.o'
rm -f module_kpp_cb05_sorg_vbs_aq_Precision.o
sed -f ../../../../arch/standard.sed module_kpp_cb05_sorg_vbs_aq_Precision.F > module_kpp_cb05_sorg_vbs_aq_Precision.b 
/lib/cpp -P -nostdinc -I../../../../inc -DEM_CORE=1 -DNMM_CORE=0 -DNMM_MAX_DIM=2600 -DCOAMPS_CORE= -DDA_CORE=0 -DEXP_CORE= -DIWORDSIZE=4 -DDWORDSIZE=8 -DRWORDSIZE=4 -DLWORDSIZE=4 -DNONSTANDARD_SYSTEM_FUNC  -DWRF_USE_CLM  -DSNICAR_FRC    -DDM_PARALLEL -DNETCDF -DUSE_ALLOCATABLES -DGRIB1 -DINTIO -DKEEP_INT_AROUND -DLIMIT_ARGS -DCONFIG_BUF_LEN=65536 -DMAX_DOMAINS_F=21 -DMAX_HISTORY=25 -DNMM_NEST= -DWRF_CHEM -DBUILD_CHEM=1 -DWRF_KPP -I. -traditional-cpp  module_kpp_cb05_sorg_vbs_aq_Precision.b  > module_kpp_cb05_sorg_vbs_aq_Precision.f90
rm -f module_kpp_cb05_sorg_vbs_aq_Precision.b
ifort -c -O3 -ip -fp-model precise -w -ftz -align all -fno-alias -FR -convert big_endian    -real-size `expr 8 \* 4` -i4  module_kpp_cb05_sorg_vbs_aq_Precision.f90
rm -f module_kpp_cb05_sorg_vbs_aq_Parameters.o
sed -f ../../../../arch/standard.sed module_kpp_cb05_sorg_vbs_aq_Parameters.F > module_kpp_cb05_sorg_vbs_aq_Parameters.b 
/lib/cpp -P -nostdinc -I../../../../inc -DEM_CORE=1 -DNMM_CORE=0 -DNMM_MAX_DIM=2600 -DCOAMPS_CORE= -DDA_CORE=0 -DEXP_CORE= -DIWORDSIZE=4 -DDWORDSIZE=8 -DRWORDSIZE=4 -DLWORDSIZE=4 -DNONSTANDARD_SYSTEM_FUNC  -DWRF_USE_CLM  -DSNICAR_FRC    -DDM_PARALLEL -DNETCDF -DUSE_ALLOCATABLES -DGRIB1 -DINTIO -DKEEP_INT_AROUND -DLIMIT_ARGS -DCONFIG_BUF_LEN=65536 -DMAX_DOMAINS_F=21 -DMAX_HISTORY=25 -DNMM_NEST= -DWRF_CHEM -DBUILD_CHEM=1 -DWRF_KPP -I. -traditional-cpp  module_kpp_cb05_sorg_vbs_aq_Parameters.b  > module_kpp_cb05_sorg_vbs_aq_Parameters.f90
rm -f module_kpp_cb05_sorg_vbs_aq_Parameters.b
ifort -c -O3 -ip -fp-model precise -w -ftz -align all -fno-alias -FR -convert big_endian    -real-size `expr 8 \* 4` -i4  module_kpp_cb05_sorg_vbs_aq_Parameters.f90
rm -f module_kpp_cb05_sorg_vbs_aq_JacobianSP.o
sed -f ../../../../arch/standard.sed module_kpp_cb05_sorg_vbs_aq_JacobianSP.F > module_kpp_cb05_sorg_vbs_aq_JacobianSP.b 
/lib/cpp -P -nostdinc -I../../../../inc -DEM_CORE=1 -DNMM_CORE=0 -DNMM_MAX_DIM=2600 -DCOAMPS_CORE= -DDA_CORE=0 -DEXP_CORE= -DIWORDSIZE=4 -DDWORDSIZE=8 -DRWORDSIZE=4 -DLWORDSIZE=4 -DNONSTANDARD_SYSTEM_FUNC  -DWRF_USE_CLM  -DSNICAR_FRC    -DDM_PARALLEL -DNETCDF -DUSE_ALLOCATABLES -DGRIB1 -DINTIO -DKEEP_INT_AROUND -DLIMIT_ARGS -DCONFIG_BUF_LEN=65536 -DMAX_DOMAINS_F=21 -DMAX_HISTORY=25 -DNMM_NEST= -DWRF_CHEM -DBUILD_CHEM=1 -DWRF_KPP -I. -traditional-cpp  module_kpp_cb05_sorg_vbs_aq_JacobianSP.b  > module_kpp_cb05_sorg_vbs_aq_JacobianSP.f90
rm -f module_kpp_cb05_sorg_vbs_aq_JacobianSP.b
ifort -c -O3 -ip -fp-model precise -w -ftz -align all -fno-alias -FR -convert big_endian    -real-size `expr 8 \* 4` -i4  module_kpp_cb05_sorg_vbs_aq_JacobianSP.f90
rm -f write_decomp.o
sed -f ../../../../arch/standard.sed write_decomp.F > write_decomp.b 
/lib/cpp -P -nostdinc -I../../../../inc -DEM_CORE=1 -DNMM_CORE=0 -DNMM_MAX_DIM=2600 -DCOAMPS_CORE= -DDA_CORE=0 -DEXP_CORE= -DIWORDSIZE=4 -DDWORDSIZE=8 -DRWORDSIZE=4 -DLWORDSIZE=4 -DNONSTANDARD_SYSTEM_FUNC  -DWRF_USE_CLM  -DSNICAR_FRC    -DDM_PARALLEL -DNETCDF -DUSE_ALLOCATABLES -DGRIB1 -DINTIO -DKEEP_INT_AROUND -DLIMIT_ARGS -DCONFIG_BUF_LEN=65536 -DMAX_DOMAINS_F=21 -DMAX_HISTORY=25 -DNMM_NEST= -DWRF_CHEM -DBUILD_CHEM=1 -DWRF_KPP -I. -traditional-cpp  write_decomp.b  > write_decomp.f90
rm -f write_decomp.b
ifort -c -O3 -ip -fp-model precise -w -ftz -align all -fno-alias -FR -convert big_endian    -real-size `expr 8 \* 4` -i4  write_decomp.f90
ifort -o write_decomp.exe module_kpp_cb05_sorg_vbs_aq_Precision.o module_kpp_cb05_sorg_vbs_aq_Parameters.o module_kpp_cb05_sorg_vbs_aq_JacobianSP.o      write_decomp.o  
echo cb05_sorg_vbs_aq > mech.tmp
make[1]: Leaving directory '/glade/work/rkumar/NASA_HMA/WRFchem_HMA/chem/KPP/util/write_decomp'
./write_decomp.exe
   -- in write_decomp
     for kpp mechanism: cb05_sorg_vbs_aq
 fname:<decomp_cb05_sorg_vbs_aq.inc>
make -i -r integr_edit
make[1]: Entering directory '/glade/work/rkumar/NASA_HMA/WRFchem_HMA/chem/KPP/util/write_decomp'
Makefile:50: warning: overriding recipe for target '.F.o'
../../../../configure.wrf:375: warning: ignoring old recipe for target '.F.o'
Makefile:58: warning: overriding recipe for target '.c.o'
../../../../configure.wrf:406: warning: ignoring old recipe for target '.c.o'
rm -f integr_edit.o
icc -c -w -O3 -ip  -DDM_PARALLEL -DMAX_HISTORY=25 -DNMM_CORE=0 integr_edit.c
icc -o integr_edit.exe integr_edit.o
make[1]: Leaving directory '/glade/work/rkumar/NASA_HMA/WRFchem_HMA/chem/KPP/util/write_decomp'
./integr_edit.exe cb05_sorg_vbs_aq
   integr_edit: replacing     CALL cb05_sorg_vbs_aq_KppDecomp ( A, ising )
 
  END MODULE cb05_sorg_vbs_aq_Integrator
 make -i -r clean 
make[1]: Entering directory '/glade/work/rkumar/NASA_HMA/WRFchem_HMA/chem/KPP/util/write_decomp'
Makefile:50: warning: overriding recipe for target '.F.o'
../../../../configure.wrf:375: warning: ignoring old recipe for target '.F.o'
Makefile:58: warning: overriding recipe for target '.c.o'
../../../../configure.wrf:406: warning: ignoring old recipe for target '.c.o'
rm -f *.o *.tmp *.mod module_kpp_* *~ *.inc *.exe *.f90
make[1]: Leaving directory '/glade/work/rkumar/NASA_HMA/WRFchem_HMA/chem/KPP/util/write_decomp'
=========================================================
mechanisms/cbm4
ln -s ../../util/Makefile_kpp mechanisms/cbm4/Makefile
ln -s ../chem/KPP/inc/cbm4/extra_args_to_update_rconst_cbm4.inc /glade/work/rkumar/NASA_HMA/WRFchem_HMA/inc
ln -s ../chem/KPP/inc/cbm4/extra_args_update_rconst_cbm4.inc /glade/work/rkumar/NASA_HMA/WRFchem_HMA/inc
ln -s ../chem/KPP/inc/cbm4/extra_decls_update_rconst_cbm4.inc /glade/work/rkumar/NASA_HMA/WRFchem_HMA/inc
ln -s ../chem/KPP/inc/cbm4/kpp_mechd_a_cbm4.inc /glade/work/rkumar/NASA_HMA/WRFchem_HMA/inc
ln -s ../chem/KPP/inc/cbm4/kpp_mechd_b_cbm4.inc /glade/work/rkumar/NASA_HMA/WRFchem_HMA/inc
ln -s ../chem/KPP/inc/cbm4/kpp_mechd_e_cbm4.inc /glade/work/rkumar/NASA_HMA/WRFchem_HMA/inc
ln -s ../chem/KPP/inc/cbm4/kpp_mechd_ia_cbm4.inc /glade/work/rkumar/NASA_HMA/WRFchem_HMA/inc
ln -s ../chem/KPP/inc/cbm4/kpp_mechd_ib_cbm4.inc /glade/work/rkumar/NASA_HMA/WRFchem_HMA/inc
ln -s ../chem/KPP/inc/cbm4/kpp_mechd_ibu_cbm4.inc /glade/work/rkumar/NASA_HMA/WRFchem_HMA/inc
ln -s ../chem/KPP/inc/cbm4/kpp_mechd_l_cbm4.inc /glade/work/rkumar/NASA_HMA/WRFchem_HMA/inc
ln -s ../chem/KPP/inc/cbm4/kpp_mechd_u_cbm4.inc /glade/work/rkumar/NASA_HMA/WRFchem_HMA/inc
model cbm4
/glade/work/rkumar/NASA_HMA/WRFchem_HMA/chem/KPP/kpp/kpp-2.1/bin/kpp cbm4.kpp

This is KPP-2.1.

KPP is parsing the equation file.
KPP was told to generate WRF conform code
KPP is computing Jacobian sparsity structure.
KPP is starting the code generation.
KPP is initializing the code generation.
 
 KPP is using the WRF conform integrator routine: 
 /glade/work/rkumar/NASA_HMA/WRFchem_HMA/chem/KPP/kpp/kpp-2.1/int/WRF_conform/rosenbrock 

KPP is generating the monitor data:
    - cbm4_Monitor
KPP is generating the utility data:
    - cbm4_Util
KPP is generating the global declarations:
    - cbm4_Main
KPP is generating the ODE function:
    - cbm4_Function
KPP is generating the ODE Jacobian:
    - cbm4_Jacobian
    - cbm4_JacobianSP
KPP is generating the linear algebra routines:
    - cbm4_LinearAlgebra
KPP is generating the utility functions:
    - cbm4_Util
KPP is generating the rate laws:
    - cbm4_Rates
KPP is generating UpdateRconstWRF (WRF conform): 
    - cbm4_UpdateRconst
KPP is generating the parameters:
    - cbm4_Parameters
KPP is generating the global data:
    - cbm4_Global
KPP is generating the driver from general.f90:
    - cbm4_Main
KPP is starting the code post-processing.

KPP has succesfully created the model "cbm4".

cp -f cbm4_Integrator.f90 ../../../module_kpp_cbm4_Integr.F
cp -f cbm4_Parameters.f90 ../../../module_kpp_cbm4_Parameters.F
cp -f cbm4_Precision.f90 ../../../module_kpp_cbm4_Precision.F
cp -f cbm4_JacobianSP.f90 ../../../module_kpp_cbm4_JacobianSP.F
cp -f cbm4_Jacobian.f90 ../../../module_kpp_cbm4_Jacobian.F
cp -f cbm4_Update_Rconst.f90 ../../../module_kpp_cbm4_Update_Rconst.F
touch ../../util/run_wkc
Makefile:50: warning: overriding recipe for target '.F.o'
../../../../configure.wrf:375: warning: ignoring old recipe for target '.F.o'
Makefile:58: warning: overriding recipe for target '.c.o'
../../../../configure.wrf:406: warning: ignoring old recipe for target '.c.o'
rm -f decomp_uses.inc
echo USE cbm4_Parameters > decomp_uses.inc
echo USE cbm4_JacobianSP >> decomp_uses.inc
ln -sf  ../../../module_kpp_cbm4_Precision.F
ln -sf  ../../../module_kpp_cbm4_Parameters.F
ln -sf  ../../../module_kpp_cbm4_JacobianSP.F
ln -sf  ../../../module_kpp_cbm4_Integr.F
make -i -r comp
make[1]: Entering directory '/glade/work/rkumar/NASA_HMA/WRFchem_HMA/chem/KPP/util/write_decomp'
Makefile:50: warning: overriding recipe for target '.F.o'
../../../../configure.wrf:375: warning: ignoring old recipe for target '.F.o'
Makefile:58: warning: overriding recipe for target '.c.o'
../../../../configure.wrf:406: warning: ignoring old recipe for target '.c.o'
rm -f module_kpp_cbm4_Precision.o
sed -f ../../../../arch/standard.sed module_kpp_cbm4_Precision.F > module_kpp_cbm4_Precision.b 
/lib/cpp -P -nostdinc -I../../../../inc -DEM_CORE=1 -DNMM_CORE=0 -DNMM_MAX_DIM=2600 -DCOAMPS_CORE= -DDA_CORE=0 -DEXP_CORE= -DIWORDSIZE=4 -DDWORDSIZE=8 -DRWORDSIZE=4 -DLWORDSIZE=4 -DNONSTANDARD_SYSTEM_FUNC  -DWRF_USE_CLM  -DSNICAR_FRC    -DDM_PARALLEL -DNETCDF -DUSE_ALLOCATABLES -DGRIB1 -DINTIO -DKEEP_INT_AROUND -DLIMIT_ARGS -DCONFIG_BUF_LEN=65536 -DMAX_DOMAINS_F=21 -DMAX_HISTORY=25 -DNMM_NEST= -DWRF_CHEM -DBUILD_CHEM=1 -DWRF_KPP -I. -traditional-cpp  module_kpp_cbm4_Precision.b  > module_kpp_cbm4_Precision.f90
rm -f module_kpp_cbm4_Precision.b
ifort -c -O3 -ip -fp-model precise -w -ftz -align all -fno-alias -FR -convert big_endian    -real-size `expr 8 \* 4` -i4  module_kpp_cbm4_Precision.f90
rm -f module_kpp_cbm4_Parameters.o
sed -f ../../../../arch/standard.sed module_kpp_cbm4_Parameters.F > module_kpp_cbm4_Parameters.b 
/lib/cpp -P -nostdinc -I../../../../inc -DEM_CORE=1 -DNMM_CORE=0 -DNMM_MAX_DIM=2600 -DCOAMPS_CORE= -DDA_CORE=0 -DEXP_CORE= -DIWORDSIZE=4 -DDWORDSIZE=8 -DRWORDSIZE=4 -DLWORDSIZE=4 -DNONSTANDARD_SYSTEM_FUNC  -DWRF_USE_CLM  -DSNICAR_FRC    -DDM_PARALLEL -DNETCDF -DUSE_ALLOCATABLES -DGRIB1 -DINTIO -DKEEP_INT_AROUND -DLIMIT_ARGS -DCONFIG_BUF_LEN=65536 -DMAX_DOMAINS_F=21 -DMAX_HISTORY=25 -DNMM_NEST= -DWRF_CHEM -DBUILD_CHEM=1 -DWRF_KPP -I. -traditional-cpp  module_kpp_cbm4_Parameters.b  > module_kpp_cbm4_Parameters.f90
rm -f module_kpp_cbm4_Parameters.b
ifort -c -O3 -ip -fp-model precise -w -ftz -align all -fno-alias -FR -convert big_endian    -real-size `expr 8 \* 4` -i4  module_kpp_cbm4_Parameters.f90
rm -f module_kpp_cbm4_JacobianSP.o
sed -f ../../../../arch/standard.sed module_kpp_cbm4_JacobianSP.F > module_kpp_cbm4_JacobianSP.b 
/lib/cpp -P -nostdinc -I../../../../inc -DEM_CORE=1 -DNMM_CORE=0 -DNMM_MAX_DIM=2600 -DCOAMPS_CORE= -DDA_CORE=0 -DEXP_CORE= -DIWORDSIZE=4 -DDWORDSIZE=8 -DRWORDSIZE=4 -DLWORDSIZE=4 -DNONSTANDARD_SYSTEM_FUNC  -DWRF_USE_CLM  -DSNICAR_FRC    -DDM_PARALLEL -DNETCDF -DUSE_ALLOCATABLES -DGRIB1 -DINTIO -DKEEP_INT_AROUND -DLIMIT_ARGS -DCONFIG_BUF_LEN=65536 -DMAX_DOMAINS_F=21 -DMAX_HISTORY=25 -DNMM_NEST= -DWRF_CHEM -DBUILD_CHEM=1 -DWRF_KPP -I. -traditional-cpp  module_kpp_cbm4_JacobianSP.b  > module_kpp_cbm4_JacobianSP.f90
rm -f module_kpp_cbm4_JacobianSP.b
ifort -c -O3 -ip -fp-model precise -w -ftz -align all -fno-alias -FR -convert big_endian    -real-size `expr 8 \* 4` -i4  module_kpp_cbm4_JacobianSP.f90
rm -f write_decomp.o
sed -f ../../../../arch/standard.sed write_decomp.F > write_decomp.b 
/lib/cpp -P -nostdinc -I../../../../inc -DEM_CORE=1 -DNMM_CORE=0 -DNMM_MAX_DIM=2600 -DCOAMPS_CORE= -DDA_CORE=0 -DEXP_CORE= -DIWORDSIZE=4 -DDWORDSIZE=8 -DRWORDSIZE=4 -DLWORDSIZE=4 -DNONSTANDARD_SYSTEM_FUNC  -DWRF_USE_CLM  -DSNICAR_FRC    -DDM_PARALLEL -DNETCDF -DUSE_ALLOCATABLES -DGRIB1 -DINTIO -DKEEP_INT_AROUND -DLIMIT_ARGS -DCONFIG_BUF_LEN=65536 -DMAX_DOMAINS_F=21 -DMAX_HISTORY=25 -DNMM_NEST= -DWRF_CHEM -DBUILD_CHEM=1 -DWRF_KPP -I. -traditional-cpp  write_decomp.b  > write_decomp.f90
rm -f write_decomp.b
ifort -c -O3 -ip -fp-model precise -w -ftz -align all -fno-alias -FR -convert big_endian    -real-size `expr 8 \* 4` -i4  write_decomp.f90
ifort -o write_decomp.exe module_kpp_cbm4_Precision.o module_kpp_cbm4_Parameters.o module_kpp_cbm4_JacobianSP.o      write_decomp.o  
echo cbm4 > mech.tmp
make[1]: Leaving directory '/glade/work/rkumar/NASA_HMA/WRFchem_HMA/chem/KPP/util/write_decomp'
./write_decomp.exe
   -- in write_decomp
     for kpp mechanism: cbm4
 fname:<decomp_cbm4.inc>
make -i -r integr_edit
make[1]: Entering directory '/glade/work/rkumar/NASA_HMA/WRFchem_HMA/chem/KPP/util/write_decomp'
Makefile:50: warning: overriding recipe for target '.F.o'
../../../../configure.wrf:375: warning: ignoring old recipe for target '.F.o'
Makefile:58: warning: overriding recipe for target '.c.o'
../../../../configure.wrf:406: warning: ignoring old recipe for target '.c.o'
rm -f integr_edit.o
icc -c -w -O3 -ip  -DDM_PARALLEL -DMAX_HISTORY=25 -DNMM_CORE=0 integr_edit.c
icc -o integr_edit.exe integr_edit.o
make[1]: Leaving directory '/glade/work/rkumar/NASA_HMA/WRFchem_HMA/chem/KPP/util/write_decomp'
./integr_edit.exe cbm4
   integr_edit: replacing     CALL cbm4_KppDecomp ( A, ising )
 
  END MODULE cbm4_Integrator
 make -i -r clean 
make[1]: Entering directory '/glade/work/rkumar/NASA_HMA/WRFchem_HMA/chem/KPP/util/write_decomp'
Makefile:50: warning: overriding recipe for target '.F.o'
../../../../configure.wrf:375: warning: ignoring old recipe for target '.F.o'
Makefile:58: warning: overriding recipe for target '.c.o'
../../../../configure.wrf:406: warning: ignoring old recipe for target '.c.o'
rm -f *.o *.tmp *.mod module_kpp_* *~ *.inc *.exe *.f90
make[1]: Leaving directory '/glade/work/rkumar/NASA_HMA/WRFchem_HMA/chem/KPP/util/write_decomp'
=========================================================
mechanisms/cbmz_bb
ln -s ../../util/Makefile_kpp mechanisms/cbmz_bb/Makefile
ln -s ../chem/KPP/inc/cbmz_bb/extra_args_to_update_rconst_cbmz_bb.inc /glade/work/rkumar/NASA_HMA/WRFchem_HMA/inc
ln -s ../chem/KPP/inc/cbmz_bb/extra_args_update_rconst_cbmz_bb.inc /glade/work/rkumar/NASA_HMA/WRFchem_HMA/inc
ln -s ../chem/KPP/inc/cbmz_bb/extra_decls_update_rconst_cbmz_bb.inc /glade/work/rkumar/NASA_HMA/WRFchem_HMA/inc
ln -s ../chem/KPP/inc/cbmz_bb/kpp_mechd_a_cbmz_bb.inc /glade/work/rkumar/NASA_HMA/WRFchem_HMA/inc
ln -s ../chem/KPP/inc/cbmz_bb/kpp_mechd_b_cbmz_bb.inc /glade/work/rkumar/NASA_HMA/WRFchem_HMA/inc
ln -s ../chem/KPP/inc/cbmz_bb/kpp_mechd_e_cbmz_bb.inc /glade/work/rkumar/NASA_HMA/WRFchem_HMA/inc
ln -s ../chem/KPP/inc/cbmz_bb/kpp_mechd_ia_cbmz_bb.inc /glade/work/rkumar/NASA_HMA/WRFchem_HMA/inc
ln -s ../chem/KPP/inc/cbmz_bb/kpp_mechd_ib_cbmz_bb.inc /glade/work/rkumar/NASA_HMA/WRFchem_HMA/inc
ln -s ../chem/KPP/inc/cbmz_bb/kpp_mechd_ibu_cbmz_bb.inc /glade/work/rkumar/NASA_HMA/WRFchem_HMA/inc
ln -s ../chem/KPP/inc/cbmz_bb/kpp_mechd_l_cbmz_bb.inc /glade/work/rkumar/NASA_HMA/WRFchem_HMA/inc
ln -s ../chem/KPP/inc/cbmz_bb/kpp_mechd_u_cbmz_bb.inc /glade/work/rkumar/NASA_HMA/WRFchem_HMA/inc
model cbmz_bb
/glade/work/rkumar/NASA_HMA/WRFchem_HMA/chem/KPP/kpp/kpp-2.1/bin/kpp cbmz_bb.kpp

This is KPP-2.1.

KPP is parsing the equation file.
KPP was told to generate WRF conform code
KPP is computing Jacobian sparsity structure.
KPP is starting the code generation.
KPP is initializing the code generation.
 
 KPP is using the WRF conform integrator routine: 
 /glade/work/rkumar/NASA_HMA/WRFchem_HMA/chem/KPP/kpp/kpp-2.1/int/WRF_conform/rosenbrock 

KPP is generating the monitor data:
    - cbmz_bb_Monitor
KPP is generating the utility data:
    - cbmz_bb_Util
KPP is generating the global declarations:
    - cbmz_bb_Main
KPP is generating the ODE function:
    - cbmz_bb_Function
KPP is generating the ODE Jacobian:
    - cbmz_bb_Jacobian
    - cbmz_bb_JacobianSP
KPP is generating the linear algebra routines:
    - cbmz_bb_LinearAlgebra
KPP is generating the utility functions:
    - cbmz_bb_Util
KPP is generating the rate laws:
    - cbmz_bb_Rates
KPP is generating UpdateRconstWRF (WRF conform): 
    - cbmz_bb_UpdateRconst
KPP is generating the parameters:
    - cbmz_bb_Parameters
KPP is generating the global data:
    - cbmz_bb_Global
KPP is generating the driver from general.f90:
    - cbmz_bb_Main
KPP is starting the code post-processing.

KPP has succesfully created the model "cbmz_bb".

cp -f cbmz_bb_Integrator.f90 ../../../module_kpp_cbmz_bb_Integr.F
cp -f cbmz_bb_Parameters.f90 ../../../module_kpp_cbmz_bb_Parameters.F
cp -f cbmz_bb_Precision.f90 ../../../module_kpp_cbmz_bb_Precision.F
cp -f cbmz_bb_JacobianSP.f90 ../../../module_kpp_cbmz_bb_JacobianSP.F
cp -f cbmz_bb_Jacobian.f90 ../../../module_kpp_cbmz_bb_Jacobian.F
cp -f cbmz_bb_Update_Rconst.f90 ../../../module_kpp_cbmz_bb_Update_Rconst.F
touch ../../util/run_wkc
Makefile:50: warning: overriding recipe for target '.F.o'
../../../../configure.wrf:375: warning: ignoring old recipe for target '.F.o'
Makefile:58: warning: overriding recipe for target '.c.o'
../../../../configure.wrf:406: warning: ignoring old recipe for target '.c.o'
rm -f decomp_uses.inc
echo USE cbmz_bb_Parameters > decomp_uses.inc
echo USE cbmz_bb_JacobianSP >> decomp_uses.inc
ln -sf  ../../../module_kpp_cbmz_bb_Precision.F
ln -sf  ../../../module_kpp_cbmz_bb_Parameters.F
ln -sf  ../../../module_kpp_cbmz_bb_JacobianSP.F
ln -sf  ../../../module_kpp_cbmz_bb_Integr.F
make -i -r comp
make[1]: Entering directory '/glade/work/rkumar/NASA_HMA/WRFchem_HMA/chem/KPP/util/write_decomp'
Makefile:50: warning: overriding recipe for target '.F.o'
../../../../configure.wrf:375: warning: ignoring old recipe for target '.F.o'
Makefile:58: warning: overriding recipe for target '.c.o'
../../../../configure.wrf:406: warning: ignoring old recipe for target '.c.o'
rm -f module_kpp_cbmz_bb_Precision.o
sed -f ../../../../arch/standard.sed module_kpp_cbmz_bb_Precision.F > module_kpp_cbmz_bb_Precision.b 
/lib/cpp -P -nostdinc -I../../../../inc -DEM_CORE=1 -DNMM_CORE=0 -DNMM_MAX_DIM=2600 -DCOAMPS_CORE= -DDA_CORE=0 -DEXP_CORE= -DIWORDSIZE=4 -DDWORDSIZE=8 -DRWORDSIZE=4 -DLWORDSIZE=4 -DNONSTANDARD_SYSTEM_FUNC  -DWRF_USE_CLM  -DSNICAR_FRC    -DDM_PARALLEL -DNETCDF -DUSE_ALLOCATABLES -DGRIB1 -DINTIO -DKEEP_INT_AROUND -DLIMIT_ARGS -DCONFIG_BUF_LEN=65536 -DMAX_DOMAINS_F=21 -DMAX_HISTORY=25 -DNMM_NEST= -DWRF_CHEM -DBUILD_CHEM=1 -DWRF_KPP -I. -traditional-cpp  module_kpp_cbmz_bb_Precision.b  > module_kpp_cbmz_bb_Precision.f90
rm -f module_kpp_cbmz_bb_Precision.b
ifort -c -O3 -ip -fp-model precise -w -ftz -align all -fno-alias -FR -convert big_endian    -real-size `expr 8 \* 4` -i4  module_kpp_cbmz_bb_Precision.f90
rm -f module_kpp_cbmz_bb_Parameters.o
sed -f ../../../../arch/standard.sed module_kpp_cbmz_bb_Parameters.F > module_kpp_cbmz_bb_Parameters.b 
/lib/cpp -P -nostdinc -I../../../../inc -DEM_CORE=1 -DNMM_CORE=0 -DNMM_MAX_DIM=2600 -DCOAMPS_CORE= -DDA_CORE=0 -DEXP_CORE= -DIWORDSIZE=4 -DDWORDSIZE=8 -DRWORDSIZE=4 -DLWORDSIZE=4 -DNONSTANDARD_SYSTEM_FUNC  -DWRF_USE_CLM  -DSNICAR_FRC    -DDM_PARALLEL -DNETCDF -DUSE_ALLOCATABLES -DGRIB1 -DINTIO -DKEEP_INT_AROUND -DLIMIT_ARGS -DCONFIG_BUF_LEN=65536 -DMAX_DOMAINS_F=21 -DMAX_HISTORY=25 -DNMM_NEST= -DWRF_CHEM -DBUILD_CHEM=1 -DWRF_KPP -I. -traditional-cpp  module_kpp_cbmz_bb_Parameters.b  > module_kpp_cbmz_bb_Parameters.f90
rm -f module_kpp_cbmz_bb_Parameters.b
ifort -c -O3 -ip -fp-model precise -w -ftz -align all -fno-alias -FR -convert big_endian    -real-size `expr 8 \* 4` -i4  module_kpp_cbmz_bb_Parameters.f90
rm -f module_kpp_cbmz_bb_JacobianSP.o
sed -f ../../../../arch/standard.sed module_kpp_cbmz_bb_JacobianSP.F > module_kpp_cbmz_bb_JacobianSP.b 
/lib/cpp -P -nostdinc -I../../../../inc -DEM_CORE=1 -DNMM_CORE=0 -DNMM_MAX_DIM=2600 -DCOAMPS_CORE= -DDA_CORE=0 -DEXP_CORE= -DIWORDSIZE=4 -DDWORDSIZE=8 -DRWORDSIZE=4 -DLWORDSIZE=4 -DNONSTANDARD_SYSTEM_FUNC  -DWRF_USE_CLM  -DSNICAR_FRC    -DDM_PARALLEL -DNETCDF -DUSE_ALLOCATABLES -DGRIB1 -DINTIO -DKEEP_INT_AROUND -DLIMIT_ARGS -DCONFIG_BUF_LEN=65536 -DMAX_DOMAINS_F=21 -DMAX_HISTORY=25 -DNMM_NEST= -DWRF_CHEM -DBUILD_CHEM=1 -DWRF_KPP -I. -traditional-cpp  module_kpp_cbmz_bb_JacobianSP.b  > module_kpp_cbmz_bb_JacobianSP.f90
rm -f module_kpp_cbmz_bb_JacobianSP.b
ifort -c -O3 -ip -fp-model precise -w -ftz -align all -fno-alias -FR -convert big_endian    -real-size `expr 8 \* 4` -i4  module_kpp_cbmz_bb_JacobianSP.f90
rm -f write_decomp.o
sed -f ../../../../arch/standard.sed write_decomp.F > write_decomp.b 
/lib/cpp -P -nostdinc -I../../../../inc -DEM_CORE=1 -DNMM_CORE=0 -DNMM_MAX_DIM=2600 -DCOAMPS_CORE= -DDA_CORE=0 -DEXP_CORE= -DIWORDSIZE=4 -DDWORDSIZE=8 -DRWORDSIZE=4 -DLWORDSIZE=4 -DNONSTANDARD_SYSTEM_FUNC  -DWRF_USE_CLM  -DSNICAR_FRC    -DDM_PARALLEL -DNETCDF -DUSE_ALLOCATABLES -DGRIB1 -DINTIO -DKEEP_INT_AROUND -DLIMIT_ARGS -DCONFIG_BUF_LEN=65536 -DMAX_DOMAINS_F=21 -DMAX_HISTORY=25 -DNMM_NEST= -DWRF_CHEM -DBUILD_CHEM=1 -DWRF_KPP -I. -traditional-cpp  write_decomp.b  > write_decomp.f90
rm -f write_decomp.b
ifort -c -O3 -ip -fp-model precise -w -ftz -align all -fno-alias -FR -convert big_endian    -real-size `expr 8 \* 4` -i4  write_decomp.f90
ifort -o write_decomp.exe module_kpp_cbmz_bb_Precision.o module_kpp_cbmz_bb_Parameters.o module_kpp_cbmz_bb_JacobianSP.o      write_decomp.o  
echo cbmz_bb > mech.tmp
make[1]: Leaving directory '/glade/work/rkumar/NASA_HMA/WRFchem_HMA/chem/KPP/util/write_decomp'
./write_decomp.exe
   -- in write_decomp
     for kpp mechanism: cbmz_bb
 fname:<decomp_cbmz_bb.inc>
make -i -r integr_edit
make[1]: Entering directory '/glade/work/rkumar/NASA_HMA/WRFchem_HMA/chem/KPP/util/write_decomp'
Makefile:50: warning: overriding recipe for target '.F.o'
../../../../configure.wrf:375: warning: ignoring old recipe for target '.F.o'
Makefile:58: warning: overriding recipe for target '.c.o'
../../../../configure.wrf:406: warning: ignoring old recipe for target '.c.o'
rm -f integr_edit.o
icc -c -w -O3 -ip  -DDM_PARALLEL -DMAX_HISTORY=25 -DNMM_CORE=0 integr_edit.c
icc -o integr_edit.exe integr_edit.o
make[1]: Leaving directory '/glade/work/rkumar/NASA_HMA/WRFchem_HMA/chem/KPP/util/write_decomp'
./integr_edit.exe cbmz_bb
   integr_edit: replacing     CALL cbmz_bb_KppDecomp ( A, ising )
 
  END MODULE cbmz_bb_Integrator
 make -i -r clean 
make[1]: Entering directory '/glade/work/rkumar/NASA_HMA/WRFchem_HMA/chem/KPP/util/write_decomp'
Makefile:50: warning: overriding recipe for target '.F.o'
../../../../configure.wrf:375: warning: ignoring old recipe for target '.F.o'
Makefile:58: warning: overriding recipe for target '.c.o'
../../../../configure.wrf:406: warning: ignoring old recipe for target '.c.o'
rm -f *.o *.tmp *.mod module_kpp_* *~ *.inc *.exe *.f90
make[1]: Leaving directory '/glade/work/rkumar/NASA_HMA/WRFchem_HMA/chem/KPP/util/write_decomp'
=========================================================
mechanisms/cbmz_mosaic
ln -s ../../util/Makefile_kpp mechanisms/cbmz_mosaic/Makefile
ln -s ../chem/KPP/inc/cbmz_mosaic/extra_args_to_update_rconst_cbmz_mosaic.inc /glade/work/rkumar/NASA_HMA/WRFchem_HMA/inc
ln -s ../chem/KPP/inc/cbmz_mosaic/extra_args_update_rconst_cbmz_mosaic.inc /glade/work/rkumar/NASA_HMA/WRFchem_HMA/inc
ln -s ../chem/KPP/inc/cbmz_mosaic/extra_decls_update_rconst_cbmz_mosaic.inc /glade/work/rkumar/NASA_HMA/WRFchem_HMA/inc
ln -s ../chem/KPP/inc/cbmz_mosaic/kpp_mechd_a_cbmz_mosaic.inc /glade/work/rkumar/NASA_HMA/WRFchem_HMA/inc
ln -s ../chem/KPP/inc/cbmz_mosaic/kpp_mechd_b_cbmz_mosaic.inc /glade/work/rkumar/NASA_HMA/WRFchem_HMA/inc
ln -s ../chem/KPP/inc/cbmz_mosaic/kpp_mechd_e_cbmz_mosaic.inc /glade/work/rkumar/NASA_HMA/WRFchem_HMA/inc
ln -s ../chem/KPP/inc/cbmz_mosaic/kpp_mechd_ia_cbmz_mosaic.inc /glade/work/rkumar/NASA_HMA/WRFchem_HMA/inc
ln -s ../chem/KPP/inc/cbmz_mosaic/kpp_mechd_ib_cbmz_mosaic.inc /glade/work/rkumar/NASA_HMA/WRFchem_HMA/inc
ln -s ../chem/KPP/inc/cbmz_mosaic/kpp_mechd_ibu_cbmz_mosaic.inc /glade/work/rkumar/NASA_HMA/WRFchem_HMA/inc
ln -s ../chem/KPP/inc/cbmz_mosaic/kpp_mechd_l_cbmz_mosaic.inc /glade/work/rkumar/NASA_HMA/WRFchem_HMA/inc
ln -s ../chem/KPP/inc/cbmz_mosaic/kpp_mechd_u_cbmz_mosaic.inc /glade/work/rkumar/NASA_HMA/WRFchem_HMA/inc
model cbmz_mosaic
/glade/work/rkumar/NASA_HMA/WRFchem_HMA/chem/KPP/kpp/kpp-2.1/bin/kpp cbmz_mosaic.kpp

This is KPP-2.1.

KPP is parsing the equation file.
KPP was told to generate WRF conform code
KPP is computing Jacobian sparsity structure.
KPP is starting the code generation.
KPP is initializing the code generation.
 
 KPP is using the WRF conform integrator routine: 
 /glade/work/rkumar/NASA_HMA/WRFchem_HMA/chem/KPP/kpp/kpp-2.1/int/WRF_conform/rosenbrock 

KPP is generating the monitor data:
    - cbmz_mosaic_Monitor
KPP is generating the utility data:
    - cbmz_mosaic_Util
KPP is generating the global declarations:
    - cbmz_mosaic_Main
KPP is generating the ODE function:
    - cbmz_mosaic_Function
KPP is generating the ODE Jacobian:
    - cbmz_mosaic_Jacobian
    - cbmz_mosaic_JacobianSP
KPP is generating the linear algebra routines:
    - cbmz_mosaic_LinearAlgebra
KPP is generating the utility functions:
    - cbmz_mosaic_Util
KPP is generating the rate laws:
    - cbmz_mosaic_Rates
KPP is generating UpdateRconstWRF (WRF conform): 
    - cbmz_mosaic_UpdateRconst
KPP is generating the parameters:
    - cbmz_mosaic_Parameters
KPP is generating the global data:
    - cbmz_mosaic_Global
KPP is generating the driver from general.f90:
    - cbmz_mosaic_Main
KPP is starting the code post-processing.

KPP has succesfully created the model "cbmz_mosaic".

cp -f cbmz_mosaic_Integrator.f90 ../../../module_kpp_cbmz_mosaic_Integr.F
cp -f cbmz_mosaic_Parameters.f90 ../../../module_kpp_cbmz_mosaic_Parameters.F
cp -f cbmz_mosaic_Precision.f90 ../../../module_kpp_cbmz_mosaic_Precision.F
cp -f cbmz_mosaic_JacobianSP.f90 ../../../module_kpp_cbmz_mosaic_JacobianSP.F
cp -f cbmz_mosaic_Jacobian.f90 ../../../module_kpp_cbmz_mosaic_Jacobian.F
cp -f cbmz_mosaic_Update_Rconst.f90 ../../../module_kpp_cbmz_mosaic_Update_Rconst.F
touch ../../util/run_wkc
Makefile:50: warning: overriding recipe for target '.F.o'
../../../../configure.wrf:375: warning: ignoring old recipe for target '.F.o'
Makefile:58: warning: overriding recipe for target '.c.o'
../../../../configure.wrf:406: warning: ignoring old recipe for target '.c.o'
rm -f decomp_uses.inc
echo USE cbmz_mosaic_Parameters > decomp_uses.inc
echo USE cbmz_mosaic_JacobianSP >> decomp_uses.inc
ln -sf  ../../../module_kpp_cbmz_mosaic_Precision.F
ln -sf  ../../../module_kpp_cbmz_mosaic_Parameters.F
ln -sf  ../../../module_kpp_cbmz_mosaic_JacobianSP.F
ln -sf  ../../../module_kpp_cbmz_mosaic_Integr.F
make -i -r comp
make[1]: Entering directory '/glade/work/rkumar/NASA_HMA/WRFchem_HMA/chem/KPP/util/write_decomp'
Makefile:50: warning: overriding recipe for target '.F.o'
../../../../configure.wrf:375: warning: ignoring old recipe for target '.F.o'
Makefile:58: warning: overriding recipe for target '.c.o'
../../../../configure.wrf:406: warning: ignoring old recipe for target '.c.o'
rm -f module_kpp_cbmz_mosaic_Precision.o
sed -f ../../../../arch/standard.sed module_kpp_cbmz_mosaic_Precision.F > module_kpp_cbmz_mosaic_Precision.b 
/lib/cpp -P -nostdinc -I../../../../inc -DEM_CORE=1 -DNMM_CORE=0 -DNMM_MAX_DIM=2600 -DCOAMPS_CORE= -DDA_CORE=0 -DEXP_CORE= -DIWORDSIZE=4 -DDWORDSIZE=8 -DRWORDSIZE=4 -DLWORDSIZE=4 -DNONSTANDARD_SYSTEM_FUNC  -DWRF_USE_CLM  -DSNICAR_FRC    -DDM_PARALLEL -DNETCDF -DUSE_ALLOCATABLES -DGRIB1 -DINTIO -DKEEP_INT_AROUND -DLIMIT_ARGS -DCONFIG_BUF_LEN=65536 -DMAX_DOMAINS_F=21 -DMAX_HISTORY=25 -DNMM_NEST= -DWRF_CHEM -DBUILD_CHEM=1 -DWRF_KPP -I. -traditional-cpp  module_kpp_cbmz_mosaic_Precision.b  > module_kpp_cbmz_mosaic_Precision.f90
rm -f module_kpp_cbmz_mosaic_Precision.b
ifort -c -O3 -ip -fp-model precise -w -ftz -align all -fno-alias -FR -convert big_endian    -real-size `expr 8 \* 4` -i4  module_kpp_cbmz_mosaic_Precision.f90
rm -f module_kpp_cbmz_mosaic_Parameters.o
sed -f ../../../../arch/standard.sed module_kpp_cbmz_mosaic_Parameters.F > module_kpp_cbmz_mosaic_Parameters.b 
/lib/cpp -P -nostdinc -I../../../../inc -DEM_CORE=1 -DNMM_CORE=0 -DNMM_MAX_DIM=2600 -DCOAMPS_CORE= -DDA_CORE=0 -DEXP_CORE= -DIWORDSIZE=4 -DDWORDSIZE=8 -DRWORDSIZE=4 -DLWORDSIZE=4 -DNONSTANDARD_SYSTEM_FUNC  -DWRF_USE_CLM  -DSNICAR_FRC    -DDM_PARALLEL -DNETCDF -DUSE_ALLOCATABLES -DGRIB1 -DINTIO -DKEEP_INT_AROUND -DLIMIT_ARGS -DCONFIG_BUF_LEN=65536 -DMAX_DOMAINS_F=21 -DMAX_HISTORY=25 -DNMM_NEST= -DWRF_CHEM -DBUILD_CHEM=1 -DWRF_KPP -I. -traditional-cpp  module_kpp_cbmz_mosaic_Parameters.b  > module_kpp_cbmz_mosaic_Parameters.f90
rm -f module_kpp_cbmz_mosaic_Parameters.b
ifort -c -O3 -ip -fp-model precise -w -ftz -align all -fno-alias -FR -convert big_endian    -real-size `expr 8 \* 4` -i4  module_kpp_cbmz_mosaic_Parameters.f90
rm -f module_kpp_cbmz_mosaic_JacobianSP.o
sed -f ../../../../arch/standard.sed module_kpp_cbmz_mosaic_JacobianSP.F > module_kpp_cbmz_mosaic_JacobianSP.b 
/lib/cpp -P -nostdinc -I../../../../inc -DEM_CORE=1 -DNMM_CORE=0 -DNMM_MAX_DIM=2600 -DCOAMPS_CORE= -DDA_CORE=0 -DEXP_CORE= -DIWORDSIZE=4 -DDWORDSIZE=8 -DRWORDSIZE=4 -DLWORDSIZE=4 -DNONSTANDARD_SYSTEM_FUNC  -DWRF_USE_CLM  -DSNICAR_FRC    -DDM_PARALLEL -DNETCDF -DUSE_ALLOCATABLES -DGRIB1 -DINTIO -DKEEP_INT_AROUND -DLIMIT_ARGS -DCONFIG_BUF_LEN=65536 -DMAX_DOMAINS_F=21 -DMAX_HISTORY=25 -DNMM_NEST= -DWRF_CHEM -DBUILD_CHEM=1 -DWRF_KPP -I. -traditional-cpp  module_kpp_cbmz_mosaic_JacobianSP.b  > module_kpp_cbmz_mosaic_JacobianSP.f90
rm -f module_kpp_cbmz_mosaic_JacobianSP.b
ifort -c -O3 -ip -fp-model precise -w -ftz -align all -fno-alias -FR -convert big_endian    -real-size `expr 8 \* 4` -i4  module_kpp_cbmz_mosaic_JacobianSP.f90
rm -f write_decomp.o
sed -f ../../../../arch/standard.sed write_decomp.F > write_decomp.b 
/lib/cpp -P -nostdinc -I../../../../inc -DEM_CORE=1 -DNMM_CORE=0 -DNMM_MAX_DIM=2600 -DCOAMPS_CORE= -DDA_CORE=0 -DEXP_CORE= -DIWORDSIZE=4 -DDWORDSIZE=8 -DRWORDSIZE=4 -DLWORDSIZE=4 -DNONSTANDARD_SYSTEM_FUNC  -DWRF_USE_CLM  -DSNICAR_FRC    -DDM_PARALLEL -DNETCDF -DUSE_ALLOCATABLES -DGRIB1 -DINTIO -DKEEP_INT_AROUND -DLIMIT_ARGS -DCONFIG_BUF_LEN=65536 -DMAX_DOMAINS_F=21 -DMAX_HISTORY=25 -DNMM_NEST= -DWRF_CHEM -DBUILD_CHEM=1 -DWRF_KPP -I. -traditional-cpp  write_decomp.b  > write_decomp.f90
rm -f write_decomp.b
ifort -c -O3 -ip -fp-model precise -w -ftz -align all -fno-alias -FR -convert big_endian    -real-size `expr 8 \* 4` -i4  write_decomp.f90
ifort -o write_decomp.exe module_kpp_cbmz_mosaic_Precision.o module_kpp_cbmz_mosaic_Parameters.o module_kpp_cbmz_mosaic_JacobianSP.o      write_decomp.o  
echo cbmz_mosaic > mech.tmp
make[1]: Leaving directory '/glade/work/rkumar/NASA_HMA/WRFchem_HMA/chem/KPP/util/write_decomp'
./write_decomp.exe
   -- in write_decomp
     for kpp mechanism: cbmz_mosaic
 fname:<decomp_cbmz_mosaic.inc>
make -i -r integr_edit
make[1]: Entering directory '/glade/work/rkumar/NASA_HMA/WRFchem_HMA/chem/KPP/util/write_decomp'
Makefile:50: warning: overriding recipe for target '.F.o'
../../../../configure.wrf:375: warning: ignoring old recipe for target '.F.o'
Makefile:58: warning: overriding recipe for target '.c.o'
../../../../configure.wrf:406: warning: ignoring old recipe for target '.c.o'
rm -f integr_edit.o
icc -c -w -O3 -ip  -DDM_PARALLEL -DMAX_HISTORY=25 -DNMM_CORE=0 integr_edit.c
icc -o integr_edit.exe integr_edit.o
make[1]: Leaving directory '/glade/work/rkumar/NASA_HMA/WRFchem_HMA/chem/KPP/util/write_decomp'
./integr_edit.exe cbmz_mosaic
   integr_edit: replacing     CALL cbmz_mosaic_KppDecomp ( A, ising )
 
  END MODULE cbmz_mosaic_Integrator
 make -i -r clean 
make[1]: Entering directory '/glade/work/rkumar/NASA_HMA/WRFchem_HMA/chem/KPP/util/write_decomp'
Makefile:50: warning: overriding recipe for target '.F.o'
../../../../configure.wrf:375: warning: ignoring old recipe for target '.F.o'
Makefile:58: warning: overriding recipe for target '.c.o'
../../../../configure.wrf:406: warning: ignoring old recipe for target '.c.o'
rm -f *.o *.tmp *.mod module_kpp_* *~ *.inc *.exe *.f90
make[1]: Leaving directory '/glade/work/rkumar/NASA_HMA/WRFchem_HMA/chem/KPP/util/write_decomp'
=========================================================
mechanisms/crimech
ln -s ../../util/Makefile_kpp mechanisms/crimech/Makefile
ln -s ../chem/KPP/inc/crimech/extra_args_to_update_rconst_crimech.inc /glade/work/rkumar/NASA_HMA/WRFchem_HMA/inc
ln -s ../chem/KPP/inc/crimech/extra_args_update_rconst_crimech.inc /glade/work/rkumar/NASA_HMA/WRFchem_HMA/inc
ln -s ../chem/KPP/inc/crimech/extra_decls_update_rconst_crimech.inc /glade/work/rkumar/NASA_HMA/WRFchem_HMA/inc
ln -s ../chem/KPP/inc/crimech/kpp_mechd_a_crimech.inc /glade/work/rkumar/NASA_HMA/WRFchem_HMA/inc
ln -s ../chem/KPP/inc/crimech/kpp_mechd_b_crimech.inc /glade/work/rkumar/NASA_HMA/WRFchem_HMA/inc
ln -s ../chem/KPP/inc/crimech/kpp_mechd_e_crimech.inc /glade/work/rkumar/NASA_HMA/WRFchem_HMA/inc
ln -s ../chem/KPP/inc/crimech/kpp_mechd_ia_crimech.inc /glade/work/rkumar/NASA_HMA/WRFchem_HMA/inc
ln -s ../chem/KPP/inc/crimech/kpp_mechd_ib_crimech.inc /glade/work/rkumar/NASA_HMA/WRFchem_HMA/inc
ln -s ../chem/KPP/inc/crimech/kpp_mechd_ibu_crimech.inc /glade/work/rkumar/NASA_HMA/WRFchem_HMA/inc
ln -s ../chem/KPP/inc/crimech/kpp_mechd_l_crimech.inc /glade/work/rkumar/NASA_HMA/WRFchem_HMA/inc
ln -s ../chem/KPP/inc/crimech/kpp_mechd_u_crimech.inc /glade/work/rkumar/NASA_HMA/WRFchem_HMA/inc
model crimech
/glade/work/rkumar/NASA_HMA/WRFchem_HMA/chem/KPP/kpp/kpp-2.1/bin/kpp crimech.kpp
Next token is token INCODE ()
Shifting token INCODE ()
Entering state 195
Reducing stack by rule 109 (line 376):
   $1 = nterm inlinecode ()
   $2 = token INCODE ()
-> $$ = nterm inlinecode ()
Stack now 0 46 46 46 46 44 122
Entering state 169
Reading a token: Next token is token INCODE ()
Shifting token INCODE ()
Entering state 195
Reducing stack by rule 109 (line 376):
   $1 = nterm inlinecode ()
   $2 = token INCODE ()
-> $$ = nterm inlinecode ()
Stack now 0 46 46 46 46 44 122
Entering state 169
Reading a token: Next token is token INCODE ()
Shifting token INCODE ()
Entering state 195
Reducing stack by rule 109 (line 376):
   $1 = nterm inlinecode ()
   $2 = token INCODE ()
-> $$ = nterm inlinecode ()
Stack now 0 46 46 46 46 44 122
Entering state 169
Reading a token: Next token is token INCODE ()
Shifting token INCODE ()
Entering state 195
Reducing stack by rule 109 (line 376):
   $1 = nterm inlinecode ()
   $2 = token INCODE ()
-> $$ = nterm inlinecode ()
Stack now 0 46 46 46 46 44 122
Entering state 169
Reading a token: Next token is token INCODE ()
Shifting token INCODE ()
Entering state 195
Reducing stack by rule 109 (line 376):
   $1 = nterm inlinecode ()
   $2 = token INCODE ()
-> $$ = nterm inlinecode ()
Stack now 0 46 46 46 46 44 122
Entering state 169
Reading a token: Next token is token INCODE ()
Shifting token INCODE ()
Entering state 195
Reducing stack by rule 109 (line 376):
   $1 = nterm inlinecode ()
   $2 = token INCODE ()
-> $$ = nterm inlinecode ()
Stack now 0 46 46 46 46 44 122
Entering state 169
Reading a token: Next token is token INCODE ()
Shifting token INCODE ()
Entering state 195
Reducing stack by rule 109 (line 376):
   $1 = nterm inlinecode ()
   $2 = token INCODE ()
-> $$ = nterm inlinecode ()
Stack now 0 46 46 46 46 44 122
Entering state 169
Reading a token: Next token is token INCODE ()
Shifting token INCODE ()
Entering state 195
Reducing stack by rule 109 (line 376):
   $1 = nterm inlinecode ()
   $2 = token INCODE ()
-> $$ = nterm inlinecode ()
Stack now 0 46 46 46 46 44 122
Entering state 169
Reading a token: Next token is token INCODE ()
Shifting token INCODE ()
Entering state 195
Reducing stack by rule 109 (line 376):
   $1 = nterm inlinecode ()
   $2 = token INCODE ()
-> $$ = nterm inlinecode ()
Stack now 0 46 46 46 46 44 122
Entering state 169
Reading a token: Next token is token INCODE ()
Shifting token INCODE ()
Entering state 195
Reducing stack by rule 109 (line 376):
   $1 = nterm inlinecode ()
   $2 = token INCODE ()
-> $$ = nterm inlinecode ()
Stack now 0 46 46 46 46 44 122
Entering state 169
Reading a token: Next token is token INCODE ()
Shifting token INCODE ()
Entering state 195
Reducing stack by rule 109 (line 376):
   $1 = nterm inlinecode ()
   $2 = token INCODE ()
-> $$ = nterm inlinecode ()
Stack now 0 46 46 46 46 44 122
Entering state 169
Reading a token: Next token is token INCODE ()
Shifting token INCODE ()
Entering state 195
Reducing stack by rule 109 (line 376):
   $1 = nterm inlinecode ()
   $2 = token INCODE ()
-> $$ = nterm inlinecode ()
Stack now 0 46 46 46 46 44 122
Entering state 169
Reading a token: Next token is token INCODE ()
Shifting token INCODE ()
Entering state 195
Reducing stack by rule 109 (line 376):
   $1 = nterm inlinecode ()
   $2 = token INCODE ()
-> $$ = nterm inlinecode ()
Stack now 0 46 46 46 46 44 122
Entering state 169
Reading a token: Next token is token INCODE ()
Shifting token INCODE ()
Entering state 195
Reducing stack by rule 109 (line 376):
   $1 = nterm inlinecode ()
   $2 = token INCODE ()
-> $$ = nterm inlinecode ()
Stack now 0 46 46 46 46 44 122
Entering state 169
Reading a token: Next token is token INCODE ()
Shifting token INCODE ()
Entering state 195
Reducing stack by rule 109 (line 376):
   $1 = nterm inlinecode ()
   $2 = token INCODE ()
-> $$ = nterm inlinecode ()
Stack now 0 46 46 46 46 44 122
Entering state 169
Reading a token: Next token is token INCODE ()
Shifting token INCODE ()
Entering state 195
Reducing stack by rule 109 (line 376):
   $1 = nterm inlinecode ()
   $2 = token INCODE ()
-> $$ = nterm inlinecode ()
Stack now 0 46 46 46 46 44 122
Entering state 169
Reading a token: Next token is token INCODE ()
Shifting token INCODE ()
Entering state 195
Reducing stack by rule 109 (line 376):
   $1 = nterm inlinecode ()
   $2 = token INCODE ()
-> $$ = nterm inlinecode ()
Stack now 0 46 46 46 46 44 122
Entering state 169
Reading a token: Next token is token INCODE ()
Shifting token INCODE ()
Entering state 195
Reducing stack by rule 109 (line 376):
   $1 = nterm inlinecode ()
   $2 = token INCODE ()
-> $$ = nterm inlinecode ()
Stack now 0 46 46 46 46 44 122
Entering state 169
Reading a token: Next token is token INCODE ()
Shifting token INCODE ()
Entering state 195
Reducing stack by rule 109 (line 376):
   $1 = nterm inlinecode ()
   $2 = token INCODE ()
-> $$ = nterm inlinecode ()
Stack now 0 46 46 46 46 44 122
Entering state 169
Reading a token: Next token is token INCODE ()
Shifting token INCODE ()
Entering state 195
Reducing stack by rule 109 (line 376):
   $1 = nterm inlinecode ()
   $2 = token INCODE ()
-> $$ = nterm inlinecode ()
Stack now 0 46 46 46 46 44 122
Entering state 169
Reading a token: Next token is token INCODE ()
Shifting token INCODE ()
Entering state 195
Reducing stack by rule 109 (line 376):
   $1 = nterm inlinecode ()
   $2 = token INCODE ()
-> $$ = nterm inlinecode ()
Stack now 0 46 46 46 46 44 122
Entering state 169
Reading a token: Next token is token INCODE ()
Shifting token INCODE ()
Entering state 195
Reducing stack by rule 109 (line 376):
   $1 = nterm inlinecode ()
   $2 = token INCODE ()
-> $$ = nterm inlinecode ()
Stack now 0 46 46 46 46 44 122
Entering state 169
Reading a token: Next token is token INCODE ()
Shifting token INCODE ()
Entering state 195
Reducing stack by rule 109 (line 376):
   $1 = nterm inlinecode ()
   $2 = token INCODE ()
-> $$ = nterm inlinecode ()
Stack now 0 46 46 46 46 44 122
Entering state 169
Reading a token: Next token is token INCODE ()
Shifting token INCODE ()
Entering state 195
Reducing stack by rule 109 (line 376):
   $1 = nterm inlinecode ()
   $2 = token INCODE ()
-> $$ = nterm inlinecode ()
Stack now 0 46 46 46 46 44 122
Entering state 169
Reading a token: Next token is token INCODE ()
Shifting token INCODE ()
Entering state 195
Reducing stack by rule 109 (line 376):
   $1 = nterm inlinecode ()
   $2 = token INCODE ()
-> $$ = nterm inlinecode ()
Stack now 0 46 46 46 46 44 122
Entering state 169
Reading a token: Next token is token INCODE ()
Shifting token INCODE ()
Entering state 195
Reducing stack by rule 109 (line 376):
   $1 = nterm inlinecode ()
   $2 = token INCODE ()
-> $$ = nterm inlinecode ()
Stack now 0 46 46 46 46 44 122
Entering state 169
Reading a token: Next token is token INCODE ()
Shifting token INCODE ()
Entering state 195
Reducing stack by rule 109 (line 376):
   $1 = nterm inlinecode ()
   $2 = token INCODE ()
-> $$ = nterm inlinecode ()
Stack now 0 46 46 46 46 44 122
Entering state 169
Reading a token: Next token is token INCODE ()
Shifting token INCODE ()
Entering state 195
Reducing stack by rule 109 (line 376):
   $1 = nterm inlinecode ()
   $2 = token INCODE ()
-> $$ = nterm inlinecode ()
Stack now 0 46 46 46 46 44 122
Entering state 169
Reading a token: Next token is token INCODE ()
Shifting token INCODE ()
Entering state 195
Reducing stack by rule 109 (line 376):
   $1 = nterm inlinecode ()
   $2 = token INCODE ()
-> $$ = nterm inlinecode ()
Stack now 0 46 46 46 46 44 122
Entering state 169
Reading a token: Next token is token INCODE ()
Shifting token INCODE ()
Entering state 195
Reducing stack by rule 109 (line 376):
   $1 = nterm inlinecode ()
   $2 = token INCODE ()
-> $$ = nterm inlinecode ()
Stack now 0 46 46 46 46 44 122
Entering state 169
Reading a token: Next token is token INCODE ()
Shifting token INCODE ()
Entering state 195
Reducing stack by rule 109 (line 376):
   $1 = nterm inlinecode ()
   $2 = token INCODE ()
-> $$ = nterm inlinecode ()
Stack now 0 46 46 46 46 44 122
Entering state 169
Reading a token: Next token is token INCODE ()
Shifting token INCODE ()
Entering state 195
Reducing stack by rule 109 (line 376):
   $1 = nterm inlinecode ()
   $2 = token INCODE ()
-> $$ = nterm inlinecode ()
Stack now 0 46 46 46 46 44 122
Entering state 169
Reading a token: Next token is token INCODE ()
Shifting token INCODE ()
Entering state 195
Reducing stack by rule 109 (line 376):
   $1 = nterm inlinecode ()
   $2 = token INCODE ()
-> $$ = nterm inlinecode ()
Stack now 0 46 46 46 46 44 122
Entering state 169
Reading a token: Next token is token INCODE ()
Shifting token INCODE ()
Entering state 195
Reducing stack by rule 109 (line 376):
   $1 = nterm inlinecode ()
   $2 = token INCODE ()
-> $$ = nterm inlinecode ()
Stack now 0 46 46 46 46 44 122
Entering state 169
Reading a token: Next token is token INCODE ()
Shifting token INCODE ()
Entering state 195
Reducing stack by rule 109 (line 376):
   $1 = nterm inlinecode ()
   $2 = token INCODE ()
-> $$ = nterm inlinecode ()
Stack now 0 46 46 46 46 44 122
Entering state 169
Reading a token: Next token is token INCODE ()
Shifting token INCODE ()
Entering state 195
Reducing stack by rule 109 (line 376):
   $1 = nterm inlinecode ()
   $2 = token INCODE ()
-> $$ = nterm inlinecode ()
Stack now 0 46 46 46 46 44 122
Entering state 169
Reading a token: Next token is token INCODE ()
Shifting token INCODE ()
Entering state 195
Reducing stack by rule 109 (line 376):
   $1 = nterm inlinecode ()
   $2 = token INCODE ()
-> $$ = nterm inlinecode ()
Stack now 0 46 46 46 46 44 122
Entering state 169
Reading a token: Next token is token INCODE ()
Shifting token INCODE ()
Entering state 195
Reducing stack by rule 109 (line 376):
   $1 = nterm inlinecode ()
   $2 = token INCODE ()
-> $$ = nterm inlinecode ()
Stack now 0 46 46 46 46 44 122
Entering state 169
Reading a token: Next token is token INCODE ()
Shifting token INCODE ()
Entering state 195
Reducing stack by rule 109 (line 376):
   $1 = nterm inlinecode ()
   $2 = token INCODE ()
-> $$ = nterm inlinecode ()
Stack now 0 46 46 46 46 44 122
Entering state 169
Reading a token: Next token is token INCODE ()
Shifting token INCODE ()
Entering state 195
Reducing stack by rule 109 (line 376):
   $1 = nterm inlinecode ()
   $2 = token INCODE ()
-> $$ = nterm inlinecode ()
Stack now 0 46 46 46 46 44 122
Entering state 169
Reading a token: Next token is token INCODE ()
Shifting token INCODE ()
Entering state 195
Reducing stack by rule 109 (line 376):
   $1 = nterm inlinecode ()
   $2 = token INCODE ()
-> $$ = nterm inlinecode ()
Stack now 0 46 46 46 46 44 122
Entering state 169
Reading a token: Next token is token INCODE ()
Shifting token INCODE ()
Entering state 195
Reducing stack by rule 109 (line 376):
   $1 = nterm inlinecode ()
   $2 = token INCODE ()
-> $$ = nterm inlinecode ()
Stack now 0 46 46 46 46 44 122
Entering state 169
Reading a token: Next token is token INCODE ()
Shifting token INCODE ()
Entering state 195
Reducing stack by rule 109 (line 376):
   $1 = nterm inlinecode ()
   $2 = token INCODE ()
-> $$ = nterm inlinecode ()
Stack now 0 46 46 46 46 44 122
Entering state 169
Reading a token: Next token is token INCODE ()
Shifting token INCODE ()
Entering state 195
Reducing stack by rule 109 (line 376):
   $1 = nterm inlinecode ()
   $2 = token INCODE ()
-> $$ = nterm inlinecode ()
Stack now 0 46 46 46 46 44 122
Entering state 169
Reading a token: Next token is token INCODE ()
Shifting token INCODE ()
Entering state 195
Reducing stack by rule 109 (line 376):
   $1 = nterm inlinecode ()
   $2 = token INCODE ()
-> $$ = nterm inlinecode ()
Stack now 0 46 46 46 46 44 122
Entering state 169
Reading a token: Next token is token INCODE ()
Shifting token INCODE ()
Entering state 195
Reducing stack by rule 109 (line 376):
   $1 = nterm inlinecode ()
   $2 = token INCODE ()
-> $$ = nterm inlinecode ()
Stack now 0 46 46 46 46 44 122
Entering state 169
Reading a token: Next token is token INCODE ()
Shifting token INCODE ()
Entering state 195
Reducing stack by rule 109 (line 376):
   $1 = nterm inlinecode ()
   $2 = token INCODE ()
-> $$ = nterm inlinecode ()
Stack now 0 46 46 46 46 44 122
Entering state 169
Reading a token: Next token is token INCODE ()
Shifting token INCODE ()
Entering state 195
Reducing stack by rule 109 (line 376):
   $1 = nterm inlinecode ()
   $2 = token INCODE ()
-> $$ = nterm inlinecode ()
Stack now 0 46 46 46 46 44 122
Entering state 169
Reading a token: Next token is token INCODE ()
Shifting token INCODE ()
Entering state 195
Reducing stack by rule 109 (line 376):
   $1 = nterm inlinecode ()
   $2 = token INCODE ()
-> $$ = nterm inlinecode ()
Stack now 0 46 46 46 46 44 122
Entering state 169
Reading a token: Next token is token INCODE ()
Shifting token INCODE ()
Entering state 195
Reducing stack by rule 109 (line 376):
   $1 = nterm inlinecode ()
   $2 = token INCODE ()
-> $$ = nterm inlinecode ()
Stack now 0 46 46 46 46 44 122
Entering state 169
Reading a token: Next token is token INCODE ()
Shifting token INCODE ()
Entering state 195
Reducing stack by rule 109 (line 376):
   $1 = nterm inlinecode ()
   $2 = token INCODE ()
-> $$ = nterm inlinecode ()
Stack now 0 46 46 46 46 44 122
Entering state 169
Reading a token: Next token is token INCODE ()
Shifting token INCODE ()
Entering state 195
Reducing stack by rule 109 (line 376):
   $1 = nterm inlinecode ()
   $2 = token INCODE ()
-> $$ = nterm inlinecode ()
Stack now 0 46 46 46 46 44 122
Entering state 169
Reading a token: Next token is token INCODE ()
Shifting token INCODE ()
Entering state 195
Reducing stack by rule 109 (line 376):
   $1 = nterm inlinecode ()
   $2 = token INCODE ()
-> $$ = nterm inlinecode ()
Stack now 0 46 46 46 46 44 122
Entering state 169
Reading a token: Next token is token INCODE ()
Shifting token INCODE ()
Entering state 195
Reducing stack by rule 109 (line 376):
   $1 = nterm inlinecode ()
   $2 = token INCODE ()
-> $$ = nterm inlinecode ()
Stack now 0 46 46 46 46 44 122
Entering state 169
Reading a token: Next token is token INCODE ()
Shifting token INCODE ()
Entering state 195
Reducing stack by rule 109 (line 376):
   $1 = nterm inlinecode ()
   $2 = token INCODE ()
-> $$ = nterm inlinecode ()
Stack now 0 46 46 46 46 44 122
Entering state 169
Reading a token: Next token is token INCODE ()
Shifting token INCODE ()
Entering state 195
Reducing stack by rule 109 (line 376):
   $1 = nterm inlinecode ()
   $2 = token INCODE ()
-> $$ = nterm inlinecode ()
Stack now 0 46 46 46 46 44 122
Entering state 169
Reading a token: Next token is token INCODE ()
Shifting token INCODE ()
Entering state 195
Reducing stack by rule 109 (line 376):
   $1 = nterm inlinecode ()
   $2 = token INCODE ()
-> $$ = nterm inlinecode ()
Stack now 0 46 46 46 46 44 122
Entering state 169
Reading a token: Next token is token INCODE ()
Shifting token INCODE ()
Entering state 195
Reducing stack by rule 109 (line 376):
   $1 = nterm inlinecode ()
   $2 = token INCODE ()
-> $$ = nterm inlinecode ()
Stack now 0 46 46 46 46 44 122
Entering state 169
Reading a token: Next token is token INCODE ()
Shifting token INCODE ()
Entering state 195
Reducing stack by rule 109 (line 376):
   $1 = nterm inlinecode ()
   $2 = token INCODE ()
-> $$ = nterm inlinecode ()
Stack now 0 46 46 46 46 44 122
Entering state 169
Reading a token: Next token is token INCODE ()
Shifting token INCODE ()
Entering state 195
Reducing stack by rule 109 (line 376):
   $1 = nterm inlinecode ()
   $2 = token INCODE ()
-> $$ = nterm inlinecode ()
Stack now 0 46 46 46 46 44 122
Entering state 169
Reading a token: Next token is token INCODE ()
Shifting token INCODE ()
Entering state 195
Reducing stack by rule 109 (line 376):
   $1 = nterm inlinecode ()
   $2 = token INCODE ()
-> $$ = nterm inlinecode ()
Stack now 0 46 46 46 46 44 122
Entering state 169
Reading a token: Next token is token INCODE ()
Shifting token INCODE ()
Entering state 195
Reducing stack by rule 109 (line 376):
   $1 = nterm inlinecode ()
   $2 = token INCODE ()
-> $$ = nterm inlinecode ()
Stack now 0 46 46 46 46 44 122
Entering state 169
Reading a token: Next token is token INCODE ()
Shifting token INCODE ()
Entering state 195
Reducing stack by rule 109 (line 376):
   $1 = nterm inlinecode ()
   $2 = token INCODE ()
-> $$ = nterm inlinecode ()
Stack now 0 46 46 46 46 44 122
Entering state 169
Reading a token: Next token is token INCODE ()
Shifting token INCODE ()
Entering state 195
Reducing stack by rule 109 (line 376):
   $1 = nterm inlinecode ()
   $2 = token INCODE ()
-> $$ = nterm inlinecode ()
Stack now 0 46 46 46 46 44 122
Entering state 169
Reading a token: Next token is token INCODE ()
Shifting token INCODE ()
Entering state 195
Reducing stack by rule 109 (line 376):
   $1 = nterm inlinecode ()
   $2 = token INCODE ()
-> $$ = nterm inlinecode ()
Stack now 0 46 46 46 46 44 122
Entering state 169
Reading a token: Next token is token INCODE ()
Shifting token INCODE ()
Entering state 195
Reducing stack by rule 109 (line 376):
   $1 = nterm inlinecode ()
   $2 = token INCODE ()
-> $$ = nterm inlinecode ()
Stack now 0 46 46 46 46 44 122
Entering state 169
Reading a token: Next token is token INCODE ()
Shifting token INCODE ()
Entering state 195
Reducing stack by rule 109 (line 376):
   $1 = nterm inlinecode ()
   $2 = token INCODE ()
-> $$ = nterm inlinecode ()
Stack now 0 46 46 46 46 44 122
Entering state 169
Reading a token: Next token is token INCODE ()
Shifting token INCODE ()
Entering state 195
Reducing stack by rule 109 (line 376):
   $1 = nterm inlinecode ()
   $2 = token INCODE ()
-> $$ = nterm inlinecode ()
Stack now 0 46 46 46 46 44 122
Entering state 169
Reading a token: Next token is token INCODE ()
Shifting token INCODE ()
Entering state 195
Reducing stack by rule 109 (line 376):
   $1 = nterm inlinecode ()
   $2 = token INCODE ()
-> $$ = nterm inlinecode ()
Stack now 0 46 46 46 46 44 122
Entering state 169
Reading a token: Next token is token INCODE ()
Shifting token INCODE ()
Entering state 195
Reducing stack by rule 109 (line 376):
   $1 = nterm inlinecode ()
   $2 = token INCODE ()
-> $$ = nterm inlinecode ()
Stack now 0 46 46 46 46 44 122
Entering state 169
Reading a token: Next token is token INCODE ()
Shifting token INCODE ()
Entering state 195
Reducing stack by rule 109 (line 376):
   $1 = nterm inlinecode ()
   $2 = token INCODE ()
-> $$ = nterm inlinecode ()
Stack now 0 46 46 46 46 44 122
Entering state 169
Reading a token: Next token is token INCODE ()
Shifting token INCODE ()
Entering state 195
Reducing stack by rule 109 (line 376):
   $1 = nterm inlinecode ()
   $2 = token INCODE ()
-> $$ = nterm inlinecode ()
Stack now 0 46 46 46 46 44 122
Entering state 169
Reading a token: Next token is token INCODE ()
Shifting token INCODE ()
Entering state 195
Reducing stack by rule 109 (line 376):
   $1 = nterm inlinecode ()
   $2 = token INCODE ()
-> $$ = nterm inlinecode ()
Stack now 0 46 46 46 46 44 122
Entering state 169
Reading a token: Next token is token INCODE ()
Shifting token INCODE ()
Entering state 195
Reducing stack by rule 109 (line 376):
   $1 = nterm inlinecode ()
   $2 = token INCODE ()
-> $$ = nterm inlinecode ()
Stack now 0 46 46 46 46 44 122
Entering state 169
Reading a token: Next token is token INCODE ()
Shifting token INCODE ()
Entering state 195
Reducing stack by rule 109 (line 376):
   $1 = nterm inlinecode ()
   $2 = token INCODE ()
-> $$ = nterm inlinecode ()
Stack now 0 46 46 46 46 44 122
Entering state 169
Reading a token: Next token is token INCODE ()
Shifting token INCODE ()
Entering state 195
Reducing stack by rule 109 (line 376):
   $1 = nterm inlinecode ()
   $2 = token INCODE ()
-> $$ = nterm inlinecode ()
Stack now 0 46 46 46 46 44 122
Entering state 169
Reading a token: Next token is token INCODE ()
Shifting token INCODE ()
Entering state 195
Reducing stack by rule 109 (line 376):
   $1 = nterm inlinecode ()
   $2 = token INCODE ()
-> $$ = nterm inlinecode ()
Stack now 0 46 46 46 46 44 122
Entering state 169
Reading a token: Next token is token INCODE ()
Shifting token INCODE ()
Entering state 195
Reducing stack by rule 109 (line 376):
   $1 = nterm inlinecode ()
   $2 = token INCODE ()
-> $$ = nterm inlinecode ()
Stack now 0 46 46 46 46 44 122
Entering state 169
Reading a token: Next token is token INCODE ()
Shifting token INCODE ()
Entering state 195
Reducing stack by rule 109 (line 376):
   $1 = nterm inlinecode ()
   $2 = token INCODE ()
-> $$ = nterm inlinecode ()
Stack now 0 46 46 46 46 44 122
Entering state 169
Reading a token: Next token is token INCODE ()
Shifting token INCODE ()
Entering state 195
Reducing stack by rule 109 (line 376):
   $1 = nterm inlinecode ()
   $2 = token INCODE ()
-> $$ = nterm inlinecode ()
Stack now 0 46 46 46 46 44 122
Entering state 169
Reading a token: Next token is token INCODE ()
Shifting token INCODE ()
Entering state 195
Reducing stack by rule 109 (line 376):
   $1 = nterm inlinecode ()
   $2 = token INCODE ()
-> $$ = nterm inlinecode ()
Stack now 0 46 46 46 46 44 122
Entering state 169
Reading a token: Next token is token INCODE ()
Shifting token INCODE ()
Entering state 195
Reducing stack by rule 109 (line 376):
   $1 = nterm inlinecode ()
   $2 = token INCODE ()
-> $$ = nterm inlinecode ()
Stack now 0 46 46 46 46 44 122
Entering state 169
Reading a token: Next token is token INCODE ()
Shifting token INCODE ()
Entering state 195
Reducing stack by rule 109 (line 376):
   $1 = nterm inlinecode ()
   $2 = token INCODE ()
-> $$ = nterm inlinecode ()
Stack now 0 46 46 46 46 44 122
Entering state 169
Reading a token: Next token is token INCODE ()
Shifting token INCODE ()
Entering state 195
Reducing stack by rule 109 (line 376):
   $1 = nterm inlinecode ()
   $2 = token INCODE ()
-> $$ = nterm inlinecode ()
Stack now 0 46 46 46 46 44 122
Entering state 169
Reading a token: Next token is token INCODE ()
Shifting token INCODE ()
Entering state 195
Reducing stack by rule 109 (line 376):
   $1 = nterm inlinecode ()
   $2 = token INCODE ()
-> $$ = nterm inlinecode ()
Stack now 0 46 46 46 46 44 122
Entering state 169
Reading a token: Next token is token INCODE ()
Shifting token INCODE ()
Entering state 195
Reducing stack by rule 109 (line 376):
   $1 = nterm inlinecode ()
   $2 = token INCODE ()
-> $$ = nterm inlinecode ()
Stack now 0 46 46 46 46 44 122
Entering state 169
Reading a token: Next token is token INCODE ()
Shifting token INCODE ()
Entering state 195
Reducing stack by rule 109 (line 376):
   $1 = nterm inlinecode ()
   $2 = token INCODE ()
-> $$ = nterm inlinecode ()
Stack now 0 46 46 46 46 44 122
Entering state 169
Reading a token: Next token is token INCODE ()
Shifting token INCODE ()
Entering state 195
Reducing stack by rule 109 (line 376):
   $1 = nterm inlinecode ()
   $2 = token INCODE ()
-> $$ = nterm inlinecode ()
Stack now 0 46 46 46 46 44 122
Entering state 169
Reading a token: Next token is token INCODE ()
Shifting token INCODE ()
Entering state 195
Reducing stack by rule 109 (line 376):
   $1 = nterm inlinecode ()
   $2 = token INCODE ()
-> $$ = nterm inlinecode ()
Stack now 0 46 46 46 46 44 122
Entering state 169
Reading a token: Next token is token INCODE ()
Shifting token INCODE ()
Entering state 195
Reducing stack by rule 109 (line 376):
   $1 = nterm inlinecode ()
   $2 = token INCODE ()
-> $$ = nterm inlinecode ()
Stack now 0 46 46 46 46 44 122
Entering state 169
Reading a token: Next token is token INCODE ()
Shifting token INCODE ()
Entering state 195
Reducing stack by rule 109 (line 376):
   $1 = nterm inlinecode ()
   $2 = token INCODE ()
-> $$ = nterm inlinecode ()
Stack now 0 46 46 46 46 44 122
Entering state 169
Reading a token: Next token is token INCODE ()
Shifting token INCODE ()
Entering state 195
Reducing stack by rule 109 (line 376):
   $1 = nterm inlinecode ()
   $2 = token INCODE ()
-> $$ = nterm inlinecode ()
Stack now 0 46 46 46 46 44 122
Entering state 169
Reading a token: Next token is token INCODE ()
Shifting token INCODE ()
Entering state 195
Reducing stack by rule 109 (line 376):
   $1 = nterm inlinecode ()
   $2 = token INCODE ()
-> $$ = nterm inlinecode ()
Stack now 0 46 46 46 46 44 122
Entering state 169
Reading a token: Next token is token INCODE ()
Shifting token INCODE ()
Entering state 195
Reducing stack by rule 109 (line 376):
   $1 = nterm inlinecode ()
   $2 = token INCODE ()
-> $$ = nterm inlinecode ()
Stack now 0 46 46 46 46 44 122
Entering state 169
Reading a token: Next token is token INCODE ()
Shifting token INCODE ()
Entering state 195
Reducing stack by rule 109 (line 376):
   $1 = nterm inlinecode ()
   $2 = token INCODE ()
-> $$ = nterm inlinecode ()
Stack now 0 46 46 46 46 44 122
Entering state 169
Reading a token: Next token is token INCODE ()
Shifting token INCODE ()
Entering state 195
Reducing stack by rule 109 (line 376):
   $1 = nterm inlinecode ()
   $2 = token INCODE ()
-> $$ = nterm inlinecode ()
Stack now 0 46 46 46 46 44 122
Entering state 169
Reading a token: Next token is token INCODE ()
Shifting token INCODE ()
Entering state 195
Reducing stack by rule 109 (line 376):
   $1 = nterm inlinecode ()
   $2 = token INCODE ()
-> $$ = nterm inlinecode ()
Stack now 0 46 46 46 46 44 122
Entering state 169
Reading a token: Next token is token INCODE ()
Shifting token INCODE ()
Entering state 195
Reducing stack by rule 109 (line 376):
   $1 = nterm inlinecode ()
   $2 = token INCODE ()
-> $$ = nterm inlinecode ()
Stack now 0 46 46 46 46 44 122
Entering state 169
Reading a token: Next token is token INCODE ()
Shifting token INCODE ()
Entering state 195
Reducing stack by rule 109 (line 376):
   $1 = nterm inlinecode ()
   $2 = token INCODE ()
-> $$ = nterm inlinecode ()
Stack now 0 46 46 46 46 44 122
Entering state 169
Reading a token: Next token is token INCODE ()
Shifting token INCODE ()
Entering state 195
Reducing stack by rule 109 (line 376):
   $1 = nterm inlinecode ()
   $2 = token INCODE ()
-> $$ = nterm inlinecode ()
Stack now 0 46 46 46 46 44 122
Entering state 169
Reading a token: Next token is token INCODE ()
Shifting token INCODE ()
Entering state 195
Reducing stack by rule 109 (line 376):
   $1 = nterm inlinecode ()
   $2 = token INCODE ()
-> $$ = nterm inlinecode ()
Stack now 0 46 46 46 46 44 122
Entering state 169
Reading a token: Next token is token INCODE ()
Shifting token INCODE ()
Entering state 195
Reducing stack by rule 109 (line 376):
   $1 = nterm inlinecode ()
   $2 = token INCODE ()
-> $$ = nterm inlinecode ()
Stack now 0 46 46 46 46 44 122
Entering state 169
Reading a token: Next token is token INCODE ()
Shifting token INCODE ()
Entering state 195
Reducing stack by rule 109 (line 376):
   $1 = nterm inlinecode ()
   $2 = token INCODE ()
-> $$ = nterm inlinecode ()
Stack now 0 46 46 46 46 44 122
Entering state 169
Reading a token: Next token is token INCODE ()
Shifting token INCODE ()
Entering state 195
Reducing stack by rule 109 (line 376):
   $1 = nterm inlinecode ()
   $2 = token INCODE ()
-> $$ = nterm inlinecode ()
Stack now 0 46 46 46 46 44 122
Entering state 169
Reading a token: Next token is token INCODE ()
Shifting token INCODE ()
Entering state 195
Reducing stack by rule 109 (line 376):
   $1 = nterm inlinecode ()
   $2 = token INCODE ()
-> $$ = nterm inlinecode ()
Stack now 0 46 46 46 46 44 122
Entering state 169
Reading a token: Next token is token INCODE ()
Shifting token INCODE ()
Entering state 195
Reducing stack by rule 109 (line 376):
   $1 = nterm inlinecode ()
   $2 = token INCODE ()
-> $$ = nterm inlinecode ()
Stack now 0 46 46 46 46 44 122
Entering state 169
Reading a token: Next token is token INCODE ()
Shifting token INCODE ()
Entering state 195
Reducing stack by rule 109 (line 376):
   $1 = nterm inlinecode ()
   $2 = token INCODE ()
-> $$ = nterm inlinecode ()
Stack now 0 46 46 46 46 44 122
Entering state 169
Reading a token: Next token is token INCODE ()
Shifting token INCODE ()
Entering state 195
Reducing stack by rule 109 (line 376):
   $1 = nterm inlinecode ()
   $2 = token INCODE ()
-> $$ = nterm inlinecode ()
Stack now 0 46 46 46 46 44 122
Entering state 169
Reading a token: Next token is token INCODE ()
Shifting token INCODE ()
Entering state 195
Reducing stack by rule 109 (line 376):
   $1 = nterm inlinecode ()
   $2 = token INCODE ()
-> $$ = nterm inlinecode ()
Stack now 0 46 46 46 46 44 122
Entering state 169
Reading a token: Next token is token INCODE ()
Shifting token INCODE ()
Entering state 195
Reducing stack by rule 109 (line 376):
   $1 = nterm inlinecode ()
   $2 = token INCODE ()
-> $$ = nterm inlinecode ()
Stack now 0 46 46 46 46 44 122
Entering state 169
Reading a token: Next token is token INCODE ()
Shifting token INCODE ()
Entering state 195
Reducing stack by rule 109 (line 376):
   $1 = nterm inlinecode ()
   $2 = token INCODE ()
-> $$ = nterm inlinecode ()
Stack now 0 46 46 46 46 44 122
Entering state 169
Reading a token: Next token is token INCODE ()
Shifting token INCODE ()
Entering state 195
Reducing stack by rule 109 (line 376):
   $1 = nterm inlinecode ()
   $2 = token INCODE ()
-> $$ = nterm inlinecode ()
Stack now 0 46 46 46 46 44 122
Entering state 169
Reading a token: Next token is token INCODE ()
Shifting token INCODE ()
Entering state 195
Reducing stack by rule 109 (line 376):
   $1 = nterm inlinecode ()
   $2 = token INCODE ()
-> $$ = nterm inlinecode ()
Stack now 0 46 46 46 46 44 122
Entering state 169
Reading a token: Next token is token INCODE ()
Shifting token INCODE ()
Entering state 195
Reducing stack by rule 109 (line 376):
   $1 = nterm inlinecode ()
   $2 = token INCODE ()
-> $$ = nterm inlinecode ()
Stack now 0 46 46 46 46 44 122
Entering state 169
Reading a token: Next token is token INCODE ()
Shifting token INCODE ()
Entering state 195
Reducing stack by rule 109 (line 376):
   $1 = nterm inlinecode ()
   $2 = token INCODE ()
-> $$ = nterm inlinecode ()
Stack now 0 46 46 46 46 44 122
Entering state 169
Reading a token: Next token is token INCODE ()
Shifting token INCODE ()
Entering state 195
Reducing stack by rule 109 (line 376):
   $1 = nterm inlinecode ()
   $2 = token INCODE ()
-> $$ = nterm inlinecode ()
Stack now 0 46 46 46 46 44 122
Entering state 169
Reading a token: Next token is token INCODE ()
Shifting token INCODE ()
Entering state 195
Reducing stack by rule 109 (line 376):
   $1 = nterm inlinecode ()
   $2 = token INCODE ()
-> $$ = nterm inlinecode ()
Stack now 0 46 46 46 46 44 122
Entering state 169
Reading a token: Next token is token INCODE ()
Shifting token INCODE ()
Entering state 195
Reducing stack by rule 109 (line 376):
   $1 = nterm inlinecode ()
   $2 = token INCODE ()
-> $$ = nterm inlinecode ()
Stack now 0 46 46 46 46 44 122
Entering state 169
Reading a token: Next token is token INCODE ()
Shifting token INCODE ()
Entering state 195
Reducing stack by rule 109 (line 376):
   $1 = nterm inlinecode ()
   $2 = token INCODE ()
-> $$ = nterm inlinecode ()
Stack now 0 46 46 46 46 44 122
Entering state 169
Reading a token: Next token is token INCODE ()
Shifting token INCODE ()
Entering state 195
Reducing stack by rule 109 (line 376):
   $1 = nterm inlinecode ()
   $2 = token INCODE ()
-> $$ = nterm inlinecode ()
Stack now 0 46 46 46 46 44 122
Entering state 169
Reading a token: Next token is token INCODE ()
Shifting token INCODE ()
Entering state 195
Reducing stack by rule 109 (line 376):
   $1 = nterm inlinecode ()
   $2 = token INCODE ()
-> $$ = nterm inlinecode ()
Stack now 0 46 46 46 46 44 122
Entering state 169
Reading a token: Next token is token INCODE ()
Shifting token INCODE ()
Entering state 195
Reducing stack by rule 109 (line 376):
   $1 = nterm inlinecode ()
   $2 = token INCODE ()
-> $$ = nterm inlinecode ()
Stack now 0 46 46 46 46 44 122
Entering state 169
Reading a token: Next token is token INCODE ()
Shifting token INCODE ()
Entering state 195
Reducing stack by rule 109 (line 376):
   $1 = nterm inlinecode ()
   $2 = token INCODE ()
-> $$ = nterm inlinecode ()
Stack now 0 46 46 46 46 44 122
Entering state 169
Reading a token: Next token is token INCODE ()
Shifting token INCODE ()
Entering state 195
Reducing stack by rule 109 (line 376):
   $1 = nterm inlinecode ()
   $2 = token INCODE ()
-> $$ = nterm inlinecode ()
Stack now 0 46 46 46 46 44 122
Entering state 169
Reading a token: Next token is token INCODE ()
Shifting token INCODE ()
Entering state 195
Reducing stack by rule 109 (line 376):
   $1 = nterm inlinecode ()
   $2 = token INCODE ()
-> $$ = nterm inlinecode ()
Stack now 0 46 46 46 46 44 122
Entering state 169
Reading a token: Next token is token INCODE ()
Shifting token INCODE ()
Entering state 195
Reducing stack by rule 109 (line 376):
   $1 = nterm inlinecode ()
   $2 = token INCODE ()
-> $$ = nterm inlinecode ()
Stack now 0 46 46 46 46 44 122
Entering state 169
Reading a token: Next token is token ENDINLINE ()
Shifting token ENDINLINE ()
Entering state 194
Reducing stack by rule 40 (line 179):
   $1 = token INLINE ()
   $2 = token INLCTX ()
   $3 = nterm inlinecode ()
   $4 = token ENDINLINE ()
-> $$ = nterm section ()
Stack now 0 46 46 46 46
Entering state 46
Reading a token: Next token is token LANGUAGE ()
Shifting token LANGUAGE ()
Entering state 40
Reading a token: Next token is token PARAMETER ()
Shifting token PARAMETER ()
Entering state 117
Reducing stack by rule 35 (line 169):
   $1 = token LANGUAGE ()
   $2 = token PARAMETER ()
-> $$ = nterm section ()
Stack now 0 46 46 46 46 46
Entering state 46
Reading a token: Next token is token DOUBLE ()
Shifting token DOUBLE ()
Entering state 2
Reading a token: Next token is token PARAMETER ()
Shifting token PARAMETER ()
Entering state 48
Reducing stack by rule 6 (line 104):
   $1 = token DOUBLE ()
   $2 = token PARAMETER ()
-> $$ = nterm section ()
Stack now 0 46 46 46 46 46 46
Entering state 46
Reading a token: Next token is token FUNCTION ()
Shifting token FUNCTION ()
Entering state 3
Reading a token: Next token is token PARAMETER ()
Shifting token PARAMETER ()
Entering state 49
Reducing stack by rule 11 (line 119):
   $1 = token FUNCTION ()
   $2 = token PARAMETER ()
-> $$ = nterm section ()
Stack now 0 46 46 46 46 46 46 46
Entering state 46
Reading a token: Next token is token JACOBIAN ()
Shifting token JACOBIAN ()
Entering state 1
Reading a token: Next token is token PARAMETER ()
Shifting token PARAMETER ()
Entering state 47
Reducing stack by rule 3 (line 95):
   $1 = token JACOBIAN ()
   $2 = token PARAMETER ()
-> $$ = nterm section ()
Stack now 0 46 46 46 46 46 46 46 46
Entering state 46
Reading a token: Next token is token DOUBLE ()
Shifting token DOUBLE ()
Entering state 2
Reading a token: Next token is token PARAMETER ()
Shifting token PARAMETER ()
Entering state 48
Reducing stack by rule 6 (line 104):
   $1 = token DOUBLE ()
   $2 = token PARAMETER ()
-> $$ = nterm section ()
Stack now 0 46 46 46 46 46 46 46 46 46
Entering state 46
Reading a token: Next token is token INTFILE ()
Shifting token INTFILE ()
Entering state 41
Reading a token: Next token is token PARAMETER ()
Shifting token PARAMETER ()
Entering state 118
Reducing stack by rule 42 (line 186):
   $1 = token INTFILE ()
   $2 = token PARAMETER ()
-> $$ = nterm section ()
Stack now 0 46 46 46 46 46 46 46 46 46 46
Entering state 46
Reading a token: Next token is token INLINE ()
Shifting token INLINE ()
Entering state 44
Reading a token: Next token is token INLCTX ()
Shifting token INLCTX ()
Entering state 122
Reading a token: Next token is token INCODE ()
Shifting token INCODE ()
Entering state 168
Reducing stack by rule 110 (line 380):
   $1 = token INCODE ()
-> $$ = nterm inlinecode ()
Stack now 0 46 46 46 46 46 46 46 46 46 46 46 44 122
Entering state 169
Reading a token: Next token is token INCODE ()
Shifting token INCODE ()
Entering state 195
Reducing stack by rule 109 (line 376):
   $1 = nterm inlinecode ()
   $2 = token INCODE ()
-> $$ = nterm inlinecode ()
Stack now 0 46 46 46 46 46 46 46 46 46 46 46 44 122
Entering state 169
Reading a token: Next token is token INCODE ()
Shifting token INCODE ()
Entering state 195
Reducing stack by rule 109 (line 376):
   $1 = nterm inlinecode ()
   $2 = token INCODE ()
-> $$ = nterm inlinecode ()
Stack now 0 46 46 46 46 46 46 46 46 46 46 46 44 122
Entering state 169
Reading a token: Next token is token INCODE ()
Shifting token INCODE ()
Entering state 195
Reducing stack by rule 109 (line 376):
   $1 = nterm inlinecode ()
   $2 = token INCODE ()
-> $$ = nterm inlinecode ()
Stack now 0 46 46 46 46 46 46 46 46 46 46 46 44 122
Entering state 169
Reading a token: Next token is token INCODE ()
Shifting token INCODE ()
Entering state 195
Reducing stack by rule 109 (line 376):
   $1 = nterm inlinecode ()
   $2 = token INCODE ()
-> $$ = nterm inlinecode ()
Stack now 0 46 46 46 46 46 46 46 46 46 46 46 44 122
Entering state 169
Reading a token: Next token is token INCODE ()
Shifting token INCODE ()
Entering state 195
Reducing stack by rule 109 (line 376):
   $1 = nterm inlinecode ()
   $2 = token INCODE ()
-> $$ = nterm inlinecode ()
Stack now 0 46 46 46 46 46 46 46 46 46 46 46 44 122
Entering state 169
Reading a token: Next token is token INCODE ()
Shifting token INCODE ()
Entering state 195
Reducing stack by rule 109 (line 376):
   $1 = nterm inlinecode ()
   $2 = token INCODE ()
-> $$ = nterm inlinecode ()
Stack now 0 46 46 46 46 46 46 46 46 46 46 46 44 122
Entering state 169
Reading a token: Next token is token INCODE ()
Shifting token INCODE ()
Entering state 195
Reducing stack by rule 109 (line 376):
   $1 = nterm inlinecode ()
   $2 = token INCODE ()
-> $$ = nterm inlinecode ()
Stack now 0 46 46 46 46 46 46 46 46 46 46 46 44 122
Entering state 169
Reading a token: Next token is token INCODE ()
Shifting token INCODE ()
Entering state 195
Reducing stack by rule 109 (line 376):
   $1 = nterm inlinecode ()
   $2 = token INCODE ()
-> $$ = nterm inlinecode ()
Stack now 0 46 46 46 46 46 46 46 46 46 46 46 44 122
Entering state 169
Reading a token: Next token is token ENDINLINE ()
Shifting token ENDINLINE ()
Entering state 194
Reducing stack by rule 40 (line 179):
   $1 = token INLINE ()
   $2 = token INLCTX ()
   $3 = nterm inlinecode ()
   $4 = token ENDINLINE ()
-> $$ = nterm section ()
Stack now 0 46 46 46 46 46 46 46 46 46 46 46
Entering state 46
Reading a token: Next token is token INLINE ()
Shifting token INLINE ()
Entering state 44
Reading a token: Next token is token INLCTX ()
Shifting token INLCTX ()
Entering state 122
Reading a token: Next token is token INCODE ()
Shifting token INCODE ()
Entering state 168
Reducing stack by rule 110 (line 380):
   $1 = token INCODE ()
-> $$ = nterm inlinecode ()
Stack now 0 46 46 46 46 46 46 46 46 46 46 46 46 44 122
Entering state 169
Reading a token: Next token is token INCODE ()
Shifting token INCODE ()
Entering state 195
Reducing stack by rule 109 (line 376):
   $1 = nterm inlinecode ()
   $2 = token INCODE ()
-> $$ = nterm inlinecode ()
Stack now 0 46 46 46 46 46 46 46 46 46 46 46 46 44 122
Entering state 169
Reading a token: Next token is token INCODE ()
Shifting token INCODE ()
Entering state 195
Reducing stack by rule 109 (line 376):
   $1 = nterm inlinecode ()
   $2 = token INCODE ()
-> $$ = nterm inlinecode ()
Stack now 0 46 46 46 46 46 46 46 46 46 46 46 46 44 122
Entering state 169
Reading a token: Next token is token INCODE ()
Shifting token INCODE ()
Entering state 195
Reducing stack by rule 109 (line 376):
   $1 = nterm inlinecode ()
   $2 = token INCODE ()
-> $$ = nterm inlinecode ()
Stack now 0 46 46 46 46 46 46 46 46 46 46 46 46 44 122
Entering state 169
Reading a token: Next token is token INCODE ()
Shifting token INCODE ()
Entering state 195
Reducing stack by rule 109 (line 376):
   $1 = nterm inlinecode ()
   $2 = token INCODE ()
-> $$ = nterm inlinecode ()
Stack now 0 46 46 46 46 46 46 46 46 46 46 46 46 44 122
Entering state 169
Reading a token: Next token is token INCODE ()
Shifting token INCODE ()
Entering state 195
Reducing stack by rule 109 (line 376):
   $1 = nterm inlinecode ()
   $2 = token INCODE ()
-> $$ = nterm inlinecode ()
Stack now 0 46 46 46 46 46 46 46 46 46 46 46 46 44 122
Entering state 169
Reading a token: Next token is token INCODE ()
Shifting token INCODE ()
Entering state 195
Reducing stack by rule 109 (line 376):
   $1 = nterm inlinecode ()
   $2 = token INCODE ()
-> $$ = nterm inlinecode ()
Stack now 0 46 46 46 46 46 46 46 46 46 46 46 46 44 122
Entering state 169
Reading a token: Next token is token INCODE ()
Shifting token INCODE ()
Entering state 195
Reducing stack by rule 109 (line 376):
   $1 = nterm inlinecode ()
   $2 = token INCODE ()
-> $$ = nterm inlinecode ()
Stack now 0 46 46 46 46 46 46 46 46 46 46 46 46 44 122
Entering state 169
Reading a token: Next token is token INCODE ()
Shifting token INCODE ()
Entering state 195
Reducing stack by rule 109 (line 376):
   $1 = nterm inlinecode ()
   $2 = token INCODE ()
-> $$ = nterm inlinecode ()
Stack now 0 46 46 46 46 46 46 46 46 46 46 46 46 44 122
Entering state 169
Reading a token: Next token is token ENDINLINE ()
Shifting token ENDINLINE ()
Entering state 194
Reducing stack by rule 40 (line 179):
   $1 = token INLINE ()
   $2 = token INLCTX ()
   $3 = nterm inlinecode ()
   $4 = token ENDINLINE ()
-> $$ = nterm section ()
Stack now 0 46 46 46 46 46 46 46 46 46 46 46 46
Entering state 46
Reading a token: Next token is token DRIVER ()
Shifting token DRIVER ()
Entering state 42
Reading a token: Next token is token PARAMETER ()
Shifting token PARAMETER ()
Entering state 119
Reducing stack by rule 43 (line 188):
   $1 = token DRIVER ()
   $2 = token PARAMETER ()
-> $$ = nterm section ()
Stack now 0 46 46 46 46 46 46 46 46 46 46 46 46 46
Entering state 46
Reading a token: Next token is token JACOBIAN ()
Shifting token JACOBIAN ()
Entering state 1
Reading a token: Next token is token PARAMETER ()
Shifting token PARAMETER ()
Entering state 47
Reducing stack by rule 3 (line 95):
   $1 = token JACOBIAN ()
   $2 = token PARAMETER ()
-> $$ = nterm section ()
Stack now 0 46 46 46 46 46 46 46 46 46 46 46 46 46 46
Entering state 46
Reading a token: Next token is token HESSIAN ()
Shifting token HESSIAN ()
Entering state 10
Reading a token: Next token is token PARAMETER ()
Shifting token PARAMETER ()
Entering state 64
Reducing stack by rule 4 (line 98):
   $1 = token HESSIAN ()
   $2 = token PARAMETER ()
-> $$ = nterm section ()
Stack now 0 46 46 46 46 46 46 46 46 46 46 46 46 46 46 46
Entering state 46
Reading a token: Next token is token STOICMAT ()
Shifting token STOICMAT ()
Entering state 11
Reading a token: Next token is token PARAMETER ()
Shifting token PARAMETER ()
Entering state 65
Reducing stack by rule 5 (line 101):
   $1 = token STOICMAT ()
   $2 = token PARAMETER ()
-> $$ = nterm section ()
Stack now 0 46 46 46 46 46 46 46 46 46 46 46 46 46 46 46 46
Entering state 46
Reading a token: Next token is token WRFCONFORM ()
Shifting token WRFCONFORM ()
Entering state 30
Reducing stack by rule 47 (line 197):
   $1 = token WRFCONFORM ()
-> $$ = nterm section ()
Stack now 0 46 46 46 46 46 46 46 46 46 46 46 46 46 46 46 46 46
Entering state 46
Reading a token: Now at end of input.
Reducing stack by rule 1 (line 92):
   $1 = nterm section ()
-> $$ = nterm program ()
Stack now 0 46 46 46 46 46 46 46 46 46 46 46 46 46 46 46 46 46
Entering state 124
Reducing stack by rule 2 (line 93):
   $1 = nterm section ()
   $2 = nterm program ()
-> $$ = nterm program ()
Stack now 0 46 46 46 46 46 46 46 46 46 46 46 46 46 46 46 46
Entering state 124
Reducing stack by rule 2 (line 93):
   $1 = nterm section ()
   $2 = nterm program ()
-> $$ = nterm program ()
Stack now 0 46 46 46 46 46 46 46 46 46 46 46 46 46 46 46
Entering state 124
Reducing stack by rule 2 (line 93):
   $1 = nterm section ()
   $2 = nterm program ()
-> $$ = nterm program ()
Stack now 0 46 46 46 46 46 46 46 46 46 46 46 46 46 46
Entering state 124
Reducing stack by rule 2 (line 93):
   $1 = nterm section ()
   $2 = nterm program ()
-> $$ = nterm program ()
Stack now 0 46 46 46 46 46 46 46 46 46 46 46 46 46
Entering state 124
Reducing stack by rule 2 (line 93):
   $1 = nterm section ()
   $2 = nterm program ()
-> $$ = nterm program ()
Stack now 0 46 46 46 46 46 46 46 46 46 46 46 46
Entering state 124
Reducing stack by rule 2 (line 93):
   $1 = nterm section ()
   $2 = nterm program ()
-> $$ = nterm program ()
Stack now 0 46 46 46 46 46 46 46 46 46 46 46
Entering state 124
Reducing stack by rule 2 (line 93):
   $1 = nterm section ()
   $2 = nterm program ()
-> $$ = nterm program ()
Stack now 0 46 46 46 46 46 46 46 46 46 46
Entering state 124
Reducing stack by rule 2 (line 93):
   $1 = nterm section ()
   $2 = nterm program ()
-> $$ = nterm program ()
Stack now 0 46 46 46 46 46 46 46 46 46
Entering state 124
Reducing stack by rule 2 (line 93):
   $1 = nterm section ()
   $2 = nterm program ()
-> $$ = nterm program ()
Stack now 0 46 46 46 46 46 46 46 46
Entering state 124
Reducing stack by rule 2 (line 93):
   $1 = nterm section ()
   $2 = nterm program ()
-> $$ = nterm program ()
Stack now 0 46 46 46 46 46 46 46
Entering state 124
Reducing stack by rule 2 (line 93):
   $1 = nterm section ()
   $2 = nterm program ()
-> $$ = nterm program ()
Stack now 0 46 46 46 46 46 46
Entering state 124
Reducing stack by rule 2 (line 93):
   $1 = nterm section ()
   $2 = nterm program ()
-> $$ = nterm program ()
Stack now 0 46 46 46 46 46
Entering state 124
Reducing stack by rule 2 (line 93):
   $1 = nterm section ()
   $2 = nterm program ()
-> $$ = nterm program ()
Stack now 0 46 46 46 46
Entering state 124
Reducing stack by rule 2 (line 93):
   $1 = nterm section ()
   $2 = nterm program ()
-> $$ = nterm program ()
Stack now 0 46 46 46
Entering state 124
Reducing stack by rule 2 (line 93):
   $1 = nterm section ()
   $2 = nterm program ()
-> $$ = nterm program ()
Stack now 0 46 46
Entering state 124
Reducing stack by rule 2 (line 93):
   $1 = nterm section ()
   $2 = nterm program ()
-> $$ = nterm program ()
Stack now 0 46
Entering state 124
Reducing stack by rule 2 (line 93):
   $1 = nterm section ()
   $2 = nterm program ()
-> $$ = nterm program ()
Stack now 0
Entering state 45
Now at end of input.
Shifting token $end ()
Entering state 123
Stack now 0 45 123
Cleanup: popping token $end ()
Cleanup: popping nterm program ()

This is KPP-2.1.

KPP is parsing the equation file.
KPP was told to generate WRF conform code
KPP is computing Jacobian sparsity structure.
KPP is starting the code generation.
KPP is initializing the code generation.
 
 KPP is using the WRF conform integrator routine: 
 /glade/work/rkumar/NASA_HMA/WRFchem_HMA/chem/KPP/kpp/kpp-2.1/int/WRF_conform/rosenbrock 

KPP is generating the monitor data:
    - crimech_Monitor
KPP is generating the utility data:
    - crimech_Util
KPP is generating the global declarations:
    - crimech_Main
KPP is generating the ODE function:
    - crimech_Function
KPP is generating the ODE Jacobian:
    - crimech_Jacobian
    - crimech_JacobianSP
KPP is generating the linear algebra routines:
    - crimech_LinearAlgebra
KPP is generating the utility functions:
    - crimech_Util
KPP is generating the rate laws:
    - crimech_Rates
KPP is generating UpdateRconstWRF (WRF conform): 
    - crimech_UpdateRconst
KPP is generating the parameters:
    - crimech_Parameters
KPP is generating the global data:
    - crimech_Global
KPP is generating the driver from general.f90:
    - crimech_Main
KPP is starting the code post-processing.

KPP has succesfully created the model "crimech".

cp -f crimech_Integrator.f90 ../../../module_kpp_crimech_Integr.F
cp -f crimech_Parameters.f90 ../../../module_kpp_crimech_Parameters.F
cp -f crimech_Precision.f90 ../../../module_kpp_crimech_Precision.F
cp -f crimech_JacobianSP.f90 ../../../module_kpp_crimech_JacobianSP.F
cp -f crimech_Jacobian.f90 ../../../module_kpp_crimech_Jacobian.F
cp -f crimech_Update_Rconst.f90 ../../../module_kpp_crimech_Update_Rconst.F
touch ../../util/run_wkc
Makefile:50: warning: overriding recipe for target '.F.o'
../../../../configure.wrf:375: warning: ignoring old recipe for target '.F.o'
Makefile:58: warning: overriding recipe for target '.c.o'
../../../../configure.wrf:406: warning: ignoring old recipe for target '.c.o'
rm -f decomp_uses.inc
echo USE crimech_Parameters > decomp_uses.inc
echo USE crimech_JacobianSP >> decomp_uses.inc
ln -sf  ../../../module_kpp_crimech_Precision.F
ln -sf  ../../../module_kpp_crimech_Parameters.F
ln -sf  ../../../module_kpp_crimech_JacobianSP.F
ln -sf  ../../../module_kpp_crimech_Integr.F
make -i -r comp
make[1]: Entering directory '/glade/work/rkumar/NASA_HMA/WRFchem_HMA/chem/KPP/util/write_decomp'
Makefile:50: warning: overriding recipe for target '.F.o'
../../../../configure.wrf:375: warning: ignoring old recipe for target '.F.o'
Makefile:58: warning: overriding recipe for target '.c.o'
../../../../configure.wrf:406: warning: ignoring old recipe for target '.c.o'
rm -f module_kpp_crimech_Precision.o
sed -f ../../../../arch/standard.sed module_kpp_crimech_Precision.F > module_kpp_crimech_Precision.b 
/lib/cpp -P -nostdinc -I../../../../inc -DEM_CORE=1 -DNMM_CORE=0 -DNMM_MAX_DIM=2600 -DCOAMPS_CORE= -DDA_CORE=0 -DEXP_CORE= -DIWORDSIZE=4 -DDWORDSIZE=8 -DRWORDSIZE=4 -DLWORDSIZE=4 -DNONSTANDARD_SYSTEM_FUNC  -DWRF_USE_CLM  -DSNICAR_FRC    -DDM_PARALLEL -DNETCDF -DUSE_ALLOCATABLES -DGRIB1 -DINTIO -DKEEP_INT_AROUND -DLIMIT_ARGS -DCONFIG_BUF_LEN=65536 -DMAX_DOMAINS_F=21 -DMAX_HISTORY=25 -DNMM_NEST= -DWRF_CHEM -DBUILD_CHEM=1 -DWRF_KPP -I. -traditional-cpp  module_kpp_crimech_Precision.b  > module_kpp_crimech_Precision.f90
rm -f module_kpp_crimech_Precision.b
ifort -c -O3 -ip -fp-model precise -w -ftz -align all -fno-alias -FR -convert big_endian    -real-size `expr 8 \* 4` -i4  module_kpp_crimech_Precision.f90
rm -f module_kpp_crimech_Parameters.o
sed -f ../../../../arch/standard.sed module_kpp_crimech_Parameters.F > module_kpp_crimech_Parameters.b 
/lib/cpp -P -nostdinc -I../../../../inc -DEM_CORE=1 -DNMM_CORE=0 -DNMM_MAX_DIM=2600 -DCOAMPS_CORE= -DDA_CORE=0 -DEXP_CORE= -DIWORDSIZE=4 -DDWORDSIZE=8 -DRWORDSIZE=4 -DLWORDSIZE=4 -DNONSTANDARD_SYSTEM_FUNC  -DWRF_USE_CLM  -DSNICAR_FRC    -DDM_PARALLEL -DNETCDF -DUSE_ALLOCATABLES -DGRIB1 -DINTIO -DKEEP_INT_AROUND -DLIMIT_ARGS -DCONFIG_BUF_LEN=65536 -DMAX_DOMAINS_F=21 -DMAX_HISTORY=25 -DNMM_NEST= -DWRF_CHEM -DBUILD_CHEM=1 -DWRF_KPP -I. -traditional-cpp  module_kpp_crimech_Parameters.b  > module_kpp_crimech_Parameters.f90
rm -f module_kpp_crimech_Parameters.b
ifort -c -O3 -ip -fp-model precise -w -ftz -align all -fno-alias -FR -convert big_endian    -real-size `expr 8 \* 4` -i4  module_kpp_crimech_Parameters.f90
rm -f module_kpp_crimech_JacobianSP.o
sed -f ../../../../arch/standard.sed module_kpp_crimech_JacobianSP.F > module_kpp_crimech_JacobianSP.b 
/lib/cpp -P -nostdinc -I../../../../inc -DEM_CORE=1 -DNMM_CORE=0 -DNMM_MAX_DIM=2600 -DCOAMPS_CORE= -DDA_CORE=0 -DEXP_CORE= -DIWORDSIZE=4 -DDWORDSIZE=8 -DRWORDSIZE=4 -DLWORDSIZE=4 -DNONSTANDARD_SYSTEM_FUNC  -DWRF_USE_CLM  -DSNICAR_FRC    -DDM_PARALLEL -DNETCDF -DUSE_ALLOCATABLES -DGRIB1 -DINTIO -DKEEP_INT_AROUND -DLIMIT_ARGS -DCONFIG_BUF_LEN=65536 -DMAX_DOMAINS_F=21 -DMAX_HISTORY=25 -DNMM_NEST= -DWRF_CHEM -DBUILD_CHEM=1 -DWRF_KPP -I. -traditional-cpp  module_kpp_crimech_JacobianSP.b  > module_kpp_crimech_JacobianSP.f90
rm -f module_kpp_crimech_JacobianSP.b
ifort -c -O3 -ip -fp-model precise -w -ftz -align all -fno-alias -FR -convert big_endian    -real-size `expr 8 \* 4` -i4  module_kpp_crimech_JacobianSP.f90
rm -f write_decomp.o
sed -f ../../../../arch/standard.sed write_decomp.F > write_decomp.b 
/lib/cpp -P -nostdinc -I../../../../inc -DEM_CORE=1 -DNMM_CORE=0 -DNMM_MAX_DIM=2600 -DCOAMPS_CORE= -DDA_CORE=0 -DEXP_CORE= -DIWORDSIZE=4 -DDWORDSIZE=8 -DRWORDSIZE=4 -DLWORDSIZE=4 -DNONSTANDARD_SYSTEM_FUNC  -DWRF_USE_CLM  -DSNICAR_FRC    -DDM_PARALLEL -DNETCDF -DUSE_ALLOCATABLES -DGRIB1 -DINTIO -DKEEP_INT_AROUND -DLIMIT_ARGS -DCONFIG_BUF_LEN=65536 -DMAX_DOMAINS_F=21 -DMAX_HISTORY=25 -DNMM_NEST= -DWRF_CHEM -DBUILD_CHEM=1 -DWRF_KPP -I. -traditional-cpp  write_decomp.b  > write_decomp.f90
rm -f write_decomp.b
ifort -c -O3 -ip -fp-model precise -w -ftz -align all -fno-alias -FR -convert big_endian    -real-size `expr 8 \* 4` -i4  write_decomp.f90
ifort -o write_decomp.exe module_kpp_crimech_Precision.o module_kpp_crimech_Parameters.o module_kpp_crimech_JacobianSP.o      write_decomp.o  
echo crimech > mech.tmp
make[1]: Leaving directory '/glade/work/rkumar/NASA_HMA/WRFchem_HMA/chem/KPP/util/write_decomp'
./write_decomp.exe
   -- in write_decomp
     for kpp mechanism: crimech
 fname:<decomp_crimech.inc>
make -i -r integr_edit
make[1]: Entering directory '/glade/work/rkumar/NASA_HMA/WRFchem_HMA/chem/KPP/util/write_decomp'
Makefile:50: warning: overriding recipe for target '.F.o'
../../../../configure.wrf:375: warning: ignoring old recipe for target '.F.o'
Makefile:58: warning: overriding recipe for target '.c.o'
../../../../configure.wrf:406: warning: ignoring old recipe for target '.c.o'
rm -f integr_edit.o
icc -c -w -O3 -ip  -DDM_PARALLEL -DMAX_HISTORY=25 -DNMM_CORE=0 integr_edit.c
icc -o integr_edit.exe integr_edit.o
make[1]: Leaving directory '/glade/work/rkumar/NASA_HMA/WRFchem_HMA/chem/KPP/util/write_decomp'
./integr_edit.exe crimech
   integr_edit: replacing     CALL crimech_KppDecomp ( A, ising )
 
  END MODULE crimech_Integrator
 make -i -r clean 
make[1]: Entering directory '/glade/work/rkumar/NASA_HMA/WRFchem_HMA/chem/KPP/util/write_decomp'
Makefile:50: warning: overriding recipe for target '.F.o'
../../../../configure.wrf:375: warning: ignoring old recipe for target '.F.o'
Makefile:58: warning: overriding recipe for target '.c.o'
../../../../configure.wrf:406: warning: ignoring old recipe for target '.c.o'
rm -f *.o *.tmp *.mod module_kpp_* *~ *.inc *.exe *.f90
make[1]: Leaving directory '/glade/work/rkumar/NASA_HMA/WRFchem_HMA/chem/KPP/util/write_decomp'
=========================================================
mechanisms/cri_mosaic_4bin_aq
ln -s ../../util/Makefile_kpp mechanisms/cri_mosaic_4bin_aq/Makefile
ln -s ../chem/KPP/inc/cri_mosaic_4bin_aq/extra_args_to_update_rconst_cri_mosaic_4bin_aq.inc /glade/work/rkumar/NASA_HMA/WRFchem_HMA/inc
ln -s ../chem/KPP/inc/cri_mosaic_4bin_aq/extra_args_update_rconst_cri_mosaic_4bin_aq.inc /glade/work/rkumar/NASA_HMA/WRFchem_HMA/inc
ln -s ../chem/KPP/inc/cri_mosaic_4bin_aq/extra_decls_update_rconst_cri_mosaic_4bin_aq.inc /glade/work/rkumar/NASA_HMA/WRFchem_HMA/inc
ln -s ../chem/KPP/inc/cri_mosaic_4bin_aq/kpp_mechd_a_cri_mosaic_4bin_aq.inc /glade/work/rkumar/NASA_HMA/WRFchem_HMA/inc
ln -s ../chem/KPP/inc/cri_mosaic_4bin_aq/kpp_mechd_b_cri_mosaic_4bin_aq.inc /glade/work/rkumar/NASA_HMA/WRFchem_HMA/inc
ln -s ../chem/KPP/inc/cri_mosaic_4bin_aq/kpp_mechd_e_cri_mosaic_4bin_aq.inc /glade/work/rkumar/NASA_HMA/WRFchem_HMA/inc
ln -s ../chem/KPP/inc/cri_mosaic_4bin_aq/kpp_mechd_ia_cri_mosaic_4bin_aq.inc /glade/work/rkumar/NASA_HMA/WRFchem_HMA/inc
ln -s ../chem/KPP/inc/cri_mosaic_4bin_aq/kpp_mechd_ib_cri_mosaic_4bin_aq.inc /glade/work/rkumar/NASA_HMA/WRFchem_HMA/inc
ln -s ../chem/KPP/inc/cri_mosaic_4bin_aq/kpp_mechd_ibu_cri_mosaic_4bin_aq.inc /glade/work/rkumar/NASA_HMA/WRFchem_HMA/inc
ln -s ../chem/KPP/inc/cri_mosaic_4bin_aq/kpp_mechd_l_cri_mosaic_4bin_aq.inc /glade/work/rkumar/NASA_HMA/WRFchem_HMA/inc
ln -s ../chem/KPP/inc/cri_mosaic_4bin_aq/kpp_mechd_u_cri_mosaic_4bin_aq.inc /glade/work/rkumar/NASA_HMA/WRFchem_HMA/inc
model cri_mosaic_4bin_aq
/glade/work/rkumar/NASA_HMA/WRFchem_HMA/chem/KPP/kpp/kpp-2.1/bin/kpp cri_mosaic_4bin_aq.kpp
Next token is token INCODE ()
Shifting token INCODE ()
Entering state 195
Reducing stack by rule 109 (line 376):
   $1 = nterm inlinecode ()
   $2 = token INCODE ()
-> $$ = nterm inlinecode ()
Stack now 0 46 46 46 46 44 122
Entering state 169
Reading a token: Next token is token INCODE ()
Shifting token INCODE ()
Entering state 195
Reducing stack by rule 109 (line 376):
   $1 = nterm inlinecode ()
   $2 = token INCODE ()
-> $$ = nterm inlinecode ()
Stack now 0 46 46 46 46 44 122
Entering state 169
Reading a token: Next token is token INCODE ()
Shifting token INCODE ()
Entering state 195
Reducing stack by rule 109 (line 376):
   $1 = nterm inlinecode ()
   $2 = token INCODE ()
-> $$ = nterm inlinecode ()
Stack now 0 46 46 46 46 44 122
Entering state 169
Reading a token: Next token is token INCODE ()
Shifting token INCODE ()
Entering state 195
Reducing stack by rule 109 (line 376):
   $1 = nterm inlinecode ()
   $2 = token INCODE ()
-> $$ = nterm inlinecode ()
Stack now 0 46 46 46 46 44 122
Entering state 169
Reading a token: Next token is token INCODE ()
Shifting token INCODE ()
Entering state 195
Reducing stack by rule 109 (line 376):
   $1 = nterm inlinecode ()
   $2 = token INCODE ()
-> $$ = nterm inlinecode ()
Stack now 0 46 46 46 46 44 122
Entering state 169
Reading a token: Next token is token INCODE ()
Shifting token INCODE ()
Entering state 195
Reducing stack by rule 109 (line 376):
   $1 = nterm inlinecode ()
   $2 = token INCODE ()
-> $$ = nterm inlinecode ()
Stack now 0 46 46 46 46 44 122
Entering state 169
Reading a token: Next token is token INCODE ()
Shifting token INCODE ()
Entering state 195
Reducing stack by rule 109 (line 376):
   $1 = nterm inlinecode ()
   $2 = token INCODE ()
-> $$ = nterm inlinecode ()
Stack now 0 46 46 46 46 44 122
Entering state 169
Reading a token: Next token is token INCODE ()
Shifting token INCODE ()
Entering state 195
Reducing stack by rule 109 (line 376):
   $1 = nterm inlinecode ()
   $2 = token INCODE ()
-> $$ = nterm inlinecode ()
Stack now 0 46 46 46 46 44 122
Entering state 169
Reading a token: Next token is token INCODE ()
Shifting token INCODE ()
Entering state 195
Reducing stack by rule 109 (line 376):
   $1 = nterm inlinecode ()
   $2 = token INCODE ()
-> $$ = nterm inlinecode ()
Stack now 0 46 46 46 46 44 122
Entering state 169
Reading a token: Next token is token INCODE ()
Shifting token INCODE ()
Entering state 195
Reducing stack by rule 109 (line 376):
   $1 = nterm inlinecode ()
   $2 = token INCODE ()
-> $$ = nterm inlinecode ()
Stack now 0 46 46 46 46 44 122
Entering state 169
Reading a token: Next token is token INCODE ()
Shifting token INCODE ()
Entering state 195
Reducing stack by rule 109 (line 376):
   $1 = nterm inlinecode ()
   $2 = token INCODE ()
-> $$ = nterm inlinecode ()
Stack now 0 46 46 46 46 44 122
Entering state 169
Reading a token: Next token is token INCODE ()
Shifting token INCODE ()
Entering state 195
Reducing stack by rule 109 (line 376):
   $1 = nterm inlinecode ()
   $2 = token INCODE ()
-> $$ = nterm inlinecode ()
Stack now 0 46 46 46 46 44 122
Entering state 169
Reading a token: Next token is token INCODE ()
Shifting token INCODE ()
Entering state 195
Reducing stack by rule 109 (line 376):
   $1 = nterm inlinecode ()
   $2 = token INCODE ()
-> $$ = nterm inlinecode ()
Stack now 0 46 46 46 46 44 122
Entering state 169
Reading a token: Next token is token INCODE ()
Shifting token INCODE ()
Entering state 195
Reducing stack by rule 109 (line 376):
   $1 = nterm inlinecode ()
   $2 = token INCODE ()
-> $$ = nterm inlinecode ()
Stack now 0 46 46 46 46 44 122
Entering state 169
Reading a token: Next token is token INCODE ()
Shifting token INCODE ()
Entering state 195
Reducing stack by rule 109 (line 376):
   $1 = nterm inlinecode ()
   $2 = token INCODE ()
-> $$ = nterm inlinecode ()
Stack now 0 46 46 46 46 44 122
Entering state 169
Reading a token: Next token is token INCODE ()
Shifting token INCODE ()
Entering state 195
Reducing stack by rule 109 (line 376):
   $1 = nterm inlinecode ()
   $2 = token INCODE ()
-> $$ = nterm inlinecode ()
Stack now 0 46 46 46 46 44 122
Entering state 169
Reading a token: Next token is token INCODE ()
Shifting token INCODE ()
Entering state 195
Reducing stack by rule 109 (line 376):
   $1 = nterm inlinecode ()
   $2 = token INCODE ()
-> $$ = nterm inlinecode ()
Stack now 0 46 46 46 46 44 122
Entering state 169
Reading a token: Next token is token INCODE ()
Shifting token INCODE ()
Entering state 195
Reducing stack by rule 109 (line 376):
   $1 = nterm inlinecode ()
   $2 = token INCODE ()
-> $$ = nterm inlinecode ()
Stack now 0 46 46 46 46 44 122
Entering state 169
Reading a token: Next token is token INCODE ()
Shifting token INCODE ()
Entering state 195
Reducing stack by rule 109 (line 376):
   $1 = nterm inlinecode ()
   $2 = token INCODE ()
-> $$ = nterm inlinecode ()
Stack now 0 46 46 46 46 44 122
Entering state 169
Reading a token: Next token is token INCODE ()
Shifting token INCODE ()
Entering state 195
Reducing stack by rule 109 (line 376):
   $1 = nterm inlinecode ()
   $2 = token INCODE ()
-> $$ = nterm inlinecode ()
Stack now 0 46 46 46 46 44 122
Entering state 169
Reading a token: Next token is token INCODE ()
Shifting token INCODE ()
Entering state 195
Reducing stack by rule 109 (line 376):
   $1 = nterm inlinecode ()
   $2 = token INCODE ()
-> $$ = nterm inlinecode ()
Stack now 0 46 46 46 46 44 122
Entering state 169
Reading a token: Next token is token INCODE ()
Shifting token INCODE ()
Entering state 195
Reducing stack by rule 109 (line 376):
   $1 = nterm inlinecode ()
   $2 = token INCODE ()
-> $$ = nterm inlinecode ()
Stack now 0 46 46 46 46 44 122
Entering state 169
Reading a token: Next token is token INCODE ()
Shifting token INCODE ()
Entering state 195
Reducing stack by rule 109 (line 376):
   $1 = nterm inlinecode ()
   $2 = token INCODE ()
-> $$ = nterm inlinecode ()
Stack now 0 46 46 46 46 44 122
Entering state 169
Reading a token: Next token is token INCODE ()
Shifting token INCODE ()
Entering state 195
Reducing stack by rule 109 (line 376):
   $1 = nterm inlinecode ()
   $2 = token INCODE ()
-> $$ = nterm inlinecode ()
Stack now 0 46 46 46 46 44 122
Entering state 169
Reading a token: Next token is token INCODE ()
Shifting token INCODE ()
Entering state 195
Reducing stack by rule 109 (line 376):
   $1 = nterm inlinecode ()
   $2 = token INCODE ()
-> $$ = nterm inlinecode ()
Stack now 0 46 46 46 46 44 122
Entering state 169
Reading a token: Next token is token INCODE ()
Shifting token INCODE ()
Entering state 195
Reducing stack by rule 109 (line 376):
   $1 = nterm inlinecode ()
   $2 = token INCODE ()
-> $$ = nterm inlinecode ()
Stack now 0 46 46 46 46 44 122
Entering state 169
Reading a token: Next token is token INCODE ()
Shifting token INCODE ()
Entering state 195
Reducing stack by rule 109 (line 376):
   $1 = nterm inlinecode ()
   $2 = token INCODE ()
-> $$ = nterm inlinecode ()
Stack now 0 46 46 46 46 44 122
Entering state 169
Reading a token: Next token is token INCODE ()
Shifting token INCODE ()
Entering state 195
Reducing stack by rule 109 (line 376):
   $1 = nterm inlinecode ()
   $2 = token INCODE ()
-> $$ = nterm inlinecode ()
Stack now 0 46 46 46 46 44 122
Entering state 169
Reading a token: Next token is token INCODE ()
Shifting token INCODE ()
Entering state 195
Reducing stack by rule 109 (line 376):
   $1 = nterm inlinecode ()
   $2 = token INCODE ()
-> $$ = nterm inlinecode ()
Stack now 0 46 46 46 46 44 122
Entering state 169
Reading a token: Next token is token INCODE ()
Shifting token INCODE ()
Entering state 195
Reducing stack by rule 109 (line 376):
   $1 = nterm inlinecode ()
   $2 = token INCODE ()
-> $$ = nterm inlinecode ()
Stack now 0 46 46 46 46 44 122
Entering state 169
Reading a token: Next token is token INCODE ()
Shifting token INCODE ()
Entering state 195
Reducing stack by rule 109 (line 376):
   $1 = nterm inlinecode ()
   $2 = token INCODE ()
-> $$ = nterm inlinecode ()
Stack now 0 46 46 46 46 44 122
Entering state 169
Reading a token: Next token is token INCODE ()
Shifting token INCODE ()
Entering state 195
Reducing stack by rule 109 (line 376):
   $1 = nterm inlinecode ()
   $2 = token INCODE ()
-> $$ = nterm inlinecode ()
Stack now 0 46 46 46 46 44 122
Entering state 169
Reading a token: Next token is token INCODE ()
Shifting token INCODE ()
Entering state 195
Reducing stack by rule 109 (line 376):
   $1 = nterm inlinecode ()
   $2 = token INCODE ()
-> $$ = nterm inlinecode ()
Stack now 0 46 46 46 46 44 122
Entering state 169
Reading a token: Next token is token INCODE ()
Shifting token INCODE ()
Entering state 195
Reducing stack by rule 109 (line 376):
   $1 = nterm inlinecode ()
   $2 = token INCODE ()
-> $$ = nterm inlinecode ()
Stack now 0 46 46 46 46 44 122
Entering state 169
Reading a token: Next token is token INCODE ()
Shifting token INCODE ()
Entering state 195
Reducing stack by rule 109 (line 376):
   $1 = nterm inlinecode ()
   $2 = token INCODE ()
-> $$ = nterm inlinecode ()
Stack now 0 46 46 46 46 44 122
Entering state 169
Reading a token: Next token is token INCODE ()
Shifting token INCODE ()
Entering state 195
Reducing stack by rule 109 (line 376):
   $1 = nterm inlinecode ()
   $2 = token INCODE ()
-> $$ = nterm inlinecode ()
Stack now 0 46 46 46 46 44 122
Entering state 169
Reading a token: Next token is token INCODE ()
Shifting token INCODE ()
Entering state 195
Reducing stack by rule 109 (line 376):
   $1 = nterm inlinecode ()
   $2 = token INCODE ()
-> $$ = nterm inlinecode ()
Stack now 0 46 46 46 46 44 122
Entering state 169
Reading a token: Next token is token INCODE ()
Shifting token INCODE ()
Entering state 195
Reducing stack by rule 109 (line 376):
   $1 = nterm inlinecode ()
   $2 = token INCODE ()
-> $$ = nterm inlinecode ()
Stack now 0 46 46 46 46 44 122
Entering state 169
Reading a token: Next token is token INCODE ()
Shifting token INCODE ()
Entering state 195
Reducing stack by rule 109 (line 376):
   $1 = nterm inlinecode ()
   $2 = token INCODE ()
-> $$ = nterm inlinecode ()
Stack now 0 46 46 46 46 44 122
Entering state 169
Reading a token: Next token is token INCODE ()
Shifting token INCODE ()
Entering state 195
Reducing stack by rule 109 (line 376):
   $1 = nterm inlinecode ()
   $2 = token INCODE ()
-> $$ = nterm inlinecode ()
Stack now 0 46 46 46 46 44 122
Entering state 169
Reading a token: Next token is token INCODE ()
Shifting token INCODE ()
Entering state 195
Reducing stack by rule 109 (line 376):
   $1 = nterm inlinecode ()
   $2 = token INCODE ()
-> $$ = nterm inlinecode ()
Stack now 0 46 46 46 46 44 122
Entering state 169
Reading a token: Next token is token INCODE ()
Shifting token INCODE ()
Entering state 195
Reducing stack by rule 109 (line 376):
   $1 = nterm inlinecode ()
   $2 = token INCODE ()
-> $$ = nterm inlinecode ()
Stack now 0 46 46 46 46 44 122
Entering state 169
Reading a token: Next token is token INCODE ()
Shifting token INCODE ()
Entering state 195
Reducing stack by rule 109 (line 376):
   $1 = nterm inlinecode ()
   $2 = token INCODE ()
-> $$ = nterm inlinecode ()
Stack now 0 46 46 46 46 44 122
Entering state 169
Reading a token: Next token is token INCODE ()
Shifting token INCODE ()
Entering state 195
Reducing stack by rule 109 (line 376):
   $1 = nterm inlinecode ()
   $2 = token INCODE ()
-> $$ = nterm inlinecode ()
Stack now 0 46 46 46 46 44 122
Entering state 169
Reading a token: Next token is token INCODE ()
Shifting token INCODE ()
Entering state 195
Reducing stack by rule 109 (line 376):
   $1 = nterm inlinecode ()
   $2 = token INCODE ()
-> $$ = nterm inlinecode ()
Stack now 0 46 46 46 46 44 122
Entering state 169
Reading a token: Next token is token INCODE ()
Shifting token INCODE ()
Entering state 195
Reducing stack by rule 109 (line 376):
   $1 = nterm inlinecode ()
   $2 = token INCODE ()
-> $$ = nterm inlinecode ()
Stack now 0 46 46 46 46 44 122
Entering state 169
Reading a token: Next token is token INCODE ()
Shifting token INCODE ()
Entering state 195
Reducing stack by rule 109 (line 376):
   $1 = nterm inlinecode ()
   $2 = token INCODE ()
-> $$ = nterm inlinecode ()
Stack now 0 46 46 46 46 44 122
Entering state 169
Reading a token: Next token is token INCODE ()
Shifting token INCODE ()
Entering state 195
Reducing stack by rule 109 (line 376):
   $1 = nterm inlinecode ()
   $2 = token INCODE ()
-> $$ = nterm inlinecode ()
Stack now 0 46 46 46 46 44 122
Entering state 169
Reading a token: Next token is token INCODE ()
Shifting token INCODE ()
Entering state 195
Reducing stack by rule 109 (line 376):
   $1 = nterm inlinecode ()
   $2 = token INCODE ()
-> $$ = nterm inlinecode ()
Stack now 0 46 46 46 46 44 122
Entering state 169
Reading a token: Next token is token INCODE ()
Shifting token INCODE ()
Entering state 195
Reducing stack by rule 109 (line 376):
   $1 = nterm inlinecode ()
   $2 = token INCODE ()
-> $$ = nterm inlinecode ()
Stack now 0 46 46 46 46 44 122
Entering state 169
Reading a token: Next token is token INCODE ()
Shifting token INCODE ()
Entering state 195
Reducing stack by rule 109 (line 376):
   $1 = nterm inlinecode ()
   $2 = token INCODE ()
-> $$ = nterm inlinecode ()
Stack now 0 46 46 46 46 44 122
Entering state 169
Reading a token: Next token is token INCODE ()
Shifting token INCODE ()
Entering state 195
Reducing stack by rule 109 (line 376):
   $1 = nterm inlinecode ()
   $2 = token INCODE ()
-> $$ = nterm inlinecode ()
Stack now 0 46 46 46 46 44 122
Entering state 169
Reading a token: Next token is token INCODE ()
Shifting token INCODE ()
Entering state 195
Reducing stack by rule 109 (line 376):
   $1 = nterm inlinecode ()
   $2 = token INCODE ()
-> $$ = nterm inlinecode ()
Stack now 0 46 46 46 46 44 122
Entering state 169
Reading a token: Next token is token INCODE ()
Shifting token INCODE ()
Entering state 195
Reducing stack by rule 109 (line 376):
   $1 = nterm inlinecode ()
   $2 = token INCODE ()
-> $$ = nterm inlinecode ()
Stack now 0 46 46 46 46 44 122
Entering state 169
Reading a token: Next token is token INCODE ()
Shifting token INCODE ()
Entering state 195
Reducing stack by rule 109 (line 376):
   $1 = nterm inlinecode ()
   $2 = token INCODE ()
-> $$ = nterm inlinecode ()
Stack now 0 46 46 46 46 44 122
Entering state 169
Reading a token: Next token is token INCODE ()
Shifting token INCODE ()
Entering state 195
Reducing stack by rule 109 (line 376):
   $1 = nterm inlinecode ()
   $2 = token INCODE ()
-> $$ = nterm inlinecode ()
Stack now 0 46 46 46 46 44 122
Entering state 169
Reading a token: Next token is token INCODE ()
Shifting token INCODE ()
Entering state 195
Reducing stack by rule 109 (line 376):
   $1 = nterm inlinecode ()
   $2 = token INCODE ()
-> $$ = nterm inlinecode ()
Stack now 0 46 46 46 46 44 122
Entering state 169
Reading a token: Next token is token INCODE ()
Shifting token INCODE ()
Entering state 195
Reducing stack by rule 109 (line 376):
   $1 = nterm inlinecode ()
   $2 = token INCODE ()
-> $$ = nterm inlinecode ()
Stack now 0 46 46 46 46 44 122
Entering state 169
Reading a token: Next token is token INCODE ()
Shifting token INCODE ()
Entering state 195
Reducing stack by rule 109 (line 376):
   $1 = nterm inlinecode ()
   $2 = token INCODE ()
-> $$ = nterm inlinecode ()
Stack now 0 46 46 46 46 44 122
Entering state 169
Reading a token: Next token is token INCODE ()
Shifting token INCODE ()
Entering state 195
Reducing stack by rule 109 (line 376):
   $1 = nterm inlinecode ()
   $2 = token INCODE ()
-> $$ = nterm inlinecode ()
Stack now 0 46 46 46 46 44 122
Entering state 169
Reading a token: Next token is token INCODE ()
Shifting token INCODE ()
Entering state 195
Reducing stack by rule 109 (line 376):
   $1 = nterm inlinecode ()
   $2 = token INCODE ()
-> $$ = nterm inlinecode ()
Stack now 0 46 46 46 46 44 122
Entering state 169
Reading a token: Next token is token INCODE ()
Shifting token INCODE ()
Entering state 195
Reducing stack by rule 109 (line 376):
   $1 = nterm inlinecode ()
   $2 = token INCODE ()
-> $$ = nterm inlinecode ()
Stack now 0 46 46 46 46 44 122
Entering state 169
Reading a token: Next token is token INCODE ()
Shifting token INCODE ()
Entering state 195
Reducing stack by rule 109 (line 376):
   $1 = nterm inlinecode ()
   $2 = token INCODE ()
-> $$ = nterm inlinecode ()
Stack now 0 46 46 46 46 44 122
Entering state 169
Reading a token: Next token is token INCODE ()
Shifting token INCODE ()
Entering state 195
Reducing stack by rule 109 (line 376):
   $1 = nterm inlinecode ()
   $2 = token INCODE ()
-> $$ = nterm inlinecode ()
Stack now 0 46 46 46 46 44 122
Entering state 169
Reading a token: Next token is token INCODE ()
Shifting token INCODE ()
Entering state 195
Reducing stack by rule 109 (line 376):
   $1 = nterm inlinecode ()
   $2 = token INCODE ()
-> $$ = nterm inlinecode ()
Stack now 0 46 46 46 46 44 122
Entering state 169
Reading a token: Next token is token INCODE ()
Shifting token INCODE ()
Entering state 195
Reducing stack by rule 109 (line 376):
   $1 = nterm inlinecode ()
   $2 = token INCODE ()
-> $$ = nterm inlinecode ()
Stack now 0 46 46 46 46 44 122
Entering state 169
Reading a token: Next token is token INCODE ()
Shifting token INCODE ()
Entering state 195
Reducing stack by rule 109 (line 376):
   $1 = nterm inlinecode ()
   $2 = token INCODE ()
-> $$ = nterm inlinecode ()
Stack now 0 46 46 46 46 44 122
Entering state 169
Reading a token: Next token is token INCODE ()
Shifting token INCODE ()
Entering state 195
Reducing stack by rule 109 (line 376):
   $1 = nterm inlinecode ()
   $2 = token INCODE ()
-> $$ = nterm inlinecode ()
Stack now 0 46 46 46 46 44 122
Entering state 169
Reading a token: Next token is token INCODE ()
Shifting token INCODE ()
Entering state 195
Reducing stack by rule 109 (line 376):
   $1 = nterm inlinecode ()
   $2 = token INCODE ()
-> $$ = nterm inlinecode ()
Stack now 0 46 46 46 46 44 122
Entering state 169
Reading a token: Next token is token INCODE ()
Shifting token INCODE ()
Entering state 195
Reducing stack by rule 109 (line 376):
   $1 = nterm inlinecode ()
   $2 = token INCODE ()
-> $$ = nterm inlinecode ()
Stack now 0 46 46 46 46 44 122
Entering state 169
Reading a token: Next token is token INCODE ()
Shifting token INCODE ()
Entering state 195
Reducing stack by rule 109 (line 376):
   $1 = nterm inlinecode ()
   $2 = token INCODE ()
-> $$ = nterm inlinecode ()
Stack now 0 46 46 46 46 44 122
Entering state 169
Reading a token: Next token is token INCODE ()
Shifting token INCODE ()
Entering state 195
Reducing stack by rule 109 (line 376):
   $1 = nterm inlinecode ()
   $2 = token INCODE ()
-> $$ = nterm inlinecode ()
Stack now 0 46 46 46 46 44 122
Entering state 169
Reading a token: Next token is token INCODE ()
Shifting token INCODE ()
Entering state 195
Reducing stack by rule 109 (line 376):
   $1 = nterm inlinecode ()
   $2 = token INCODE ()
-> $$ = nterm inlinecode ()
Stack now 0 46 46 46 46 44 122
Entering state 169
Reading a token: Next token is token INCODE ()
Shifting token INCODE ()
Entering state 195
Reducing stack by rule 109 (line 376):
   $1 = nterm inlinecode ()
   $2 = token INCODE ()
-> $$ = nterm inlinecode ()
Stack now 0 46 46 46 46 44 122
Entering state 169
Reading a token: Next token is token INCODE ()
Shifting token INCODE ()
Entering state 195
Reducing stack by rule 109 (line 376):
   $1 = nterm inlinecode ()
   $2 = token INCODE ()
-> $$ = nterm inlinecode ()
Stack now 0 46 46 46 46 44 122
Entering state 169
Reading a token: Next token is token INCODE ()
Shifting token INCODE ()
Entering state 195
Reducing stack by rule 109 (line 376):
   $1 = nterm inlinecode ()
   $2 = token INCODE ()
-> $$ = nterm inlinecode ()
Stack now 0 46 46 46 46 44 122
Entering state 169
Reading a token: Next token is token INCODE ()
Shifting token INCODE ()
Entering state 195
Reducing stack by rule 109 (line 376):
   $1 = nterm inlinecode ()
   $2 = token INCODE ()
-> $$ = nterm inlinecode ()
Stack now 0 46 46 46 46 44 122
Entering state 169
Reading a token: Next token is token INCODE ()
Shifting token INCODE ()
Entering state 195
Reducing stack by rule 109 (line 376):
   $1 = nterm inlinecode ()
   $2 = token INCODE ()
-> $$ = nterm inlinecode ()
Stack now 0 46 46 46 46 44 122
Entering state 169
Reading a token: Next token is token INCODE ()
Shifting token INCODE ()
Entering state 195
Reducing stack by rule 109 (line 376):
   $1 = nterm inlinecode ()
   $2 = token INCODE ()
-> $$ = nterm inlinecode ()
Stack now 0 46 46 46 46 44 122
Entering state 169
Reading a token: Next token is token INCODE ()
Shifting token INCODE ()
Entering state 195
Reducing stack by rule 109 (line 376):
   $1 = nterm inlinecode ()
   $2 = token INCODE ()
-> $$ = nterm inlinecode ()
Stack now 0 46 46 46 46 44 122
Entering state 169
Reading a token: Next token is token INCODE ()
Shifting token INCODE ()
Entering state 195
Reducing stack by rule 109 (line 376):
   $1 = nterm inlinecode ()
   $2 = token INCODE ()
-> $$ = nterm inlinecode ()
Stack now 0 46 46 46 46 44 122
Entering state 169
Reading a token: Next token is token INCODE ()
Shifting token INCODE ()
Entering state 195
Reducing stack by rule 109 (line 376):
   $1 = nterm inlinecode ()
   $2 = token INCODE ()
-> $$ = nterm inlinecode ()
Stack now 0 46 46 46 46 44 122
Entering state 169
Reading a token: Next token is token INCODE ()
Shifting token INCODE ()
Entering state 195
Reducing stack by rule 109 (line 376):
   $1 = nterm inlinecode ()
   $2 = token INCODE ()
-> $$ = nterm inlinecode ()
Stack now 0 46 46 46 46 44 122
Entering state 169
Reading a token: Next token is token INCODE ()
Shifting token INCODE ()
Entering state 195
Reducing stack by rule 109 (line 376):
   $1 = nterm inlinecode ()
   $2 = token INCODE ()
-> $$ = nterm inlinecode ()
Stack now 0 46 46 46 46 44 122
Entering state 169
Reading a token: Next token is token INCODE ()
Shifting token INCODE ()
Entering state 195
Reducing stack by rule 109 (line 376):
   $1 = nterm inlinecode ()
   $2 = token INCODE ()
-> $$ = nterm inlinecode ()
Stack now 0 46 46 46 46 44 122
Entering state 169
Reading a token: Next token is token INCODE ()
Shifting token INCODE ()
Entering state 195
Reducing stack by rule 109 (line 376):
   $1 = nterm inlinecode ()
   $2 = token INCODE ()
-> $$ = nterm inlinecode ()
Stack now 0 46 46 46 46 44 122
Entering state 169
Reading a token: Next token is token INCODE ()
Shifting token INCODE ()
Entering state 195
Reducing stack by rule 109 (line 376):
   $1 = nterm inlinecode ()
   $2 = token INCODE ()
-> $$ = nterm inlinecode ()
Stack now 0 46 46 46 46 44 122
Entering state 169
Reading a token: Next token is token INCODE ()
Shifting token INCODE ()
Entering state 195
Reducing stack by rule 109 (line 376):
   $1 = nterm inlinecode ()
   $2 = token INCODE ()
-> $$ = nterm inlinecode ()
Stack now 0 46 46 46 46 44 122
Entering state 169
Reading a token: Next token is token INCODE ()
Shifting token INCODE ()
Entering state 195
Reducing stack by rule 109 (line 376):
   $1 = nterm inlinecode ()
   $2 = token INCODE ()
-> $$ = nterm inlinecode ()
Stack now 0 46 46 46 46 44 122
Entering state 169
Reading a token: Next token is token INCODE ()
Shifting token INCODE ()
Entering state 195
Reducing stack by rule 109 (line 376):
   $1 = nterm inlinecode ()
   $2 = token INCODE ()
-> $$ = nterm inlinecode ()
Stack now 0 46 46 46 46 44 122
Entering state 169
Reading a token: Next token is token INCODE ()
Shifting token INCODE ()
Entering state 195
Reducing stack by rule 109 (line 376):
   $1 = nterm inlinecode ()
   $2 = token INCODE ()
-> $$ = nterm inlinecode ()
Stack now 0 46 46 46 46 44 122
Entering state 169
Reading a token: Next token is token INCODE ()
Shifting token INCODE ()
Entering state 195
Reducing stack by rule 109 (line 376):
   $1 = nterm inlinecode ()
   $2 = token INCODE ()
-> $$ = nterm inlinecode ()
Stack now 0 46 46 46 46 44 122
Entering state 169
Reading a token: Next token is token INCODE ()
Shifting token INCODE ()
Entering state 195
Reducing stack by rule 109 (line 376):
   $1 = nterm inlinecode ()
   $2 = token INCODE ()
-> $$ = nterm inlinecode ()
Stack now 0 46 46 46 46 44 122
Entering state 169
Reading a token: Next token is token INCODE ()
Shifting token INCODE ()
Entering state 195
Reducing stack by rule 109 (line 376):
   $1 = nterm inlinecode ()
   $2 = token INCODE ()
-> $$ = nterm inlinecode ()
Stack now 0 46 46 46 46 44 122
Entering state 169
Reading a token: Next token is token INCODE ()
Shifting token INCODE ()
Entering state 195
Reducing stack by rule 109 (line 376):
   $1 = nterm inlinecode ()
   $2 = token INCODE ()
-> $$ = nterm inlinecode ()
Stack now 0 46 46 46 46 44 122
Entering state 169
Reading a token: Next token is token INCODE ()
Shifting token INCODE ()
Entering state 195
Reducing stack by rule 109 (line 376):
   $1 = nterm inlinecode ()
   $2 = token INCODE ()
-> $$ = nterm inlinecode ()
Stack now 0 46 46 46 46 44 122
Entering state 169
Reading a token: Next token is token INCODE ()
Shifting token INCODE ()
Entering state 195
Reducing stack by rule 109 (line 376):
   $1 = nterm inlinecode ()
   $2 = token INCODE ()
-> $$ = nterm inlinecode ()
Stack now 0 46 46 46 46 44 122
Entering state 169
Reading a token: Next token is token INCODE ()
Shifting token INCODE ()
Entering state 195
Reducing stack by rule 109 (line 376):
   $1 = nterm inlinecode ()
   $2 = token INCODE ()
-> $$ = nterm inlinecode ()
Stack now 0 46 46 46 46 44 122
Entering state 169
Reading a token: Next token is token INCODE ()
Shifting token INCODE ()
Entering state 195
Reducing stack by rule 109 (line 376):
   $1 = nterm inlinecode ()
   $2 = token INCODE ()
-> $$ = nterm inlinecode ()
Stack now 0 46 46 46 46 44 122
Entering state 169
Reading a token: Next token is token INCODE ()
Shifting token INCODE ()
Entering state 195
Reducing stack by rule 109 (line 376):
   $1 = nterm inlinecode ()
   $2 = token INCODE ()
-> $$ = nterm inlinecode ()
Stack now 0 46 46 46 46 44 122
Entering state 169
Reading a token: Next token is token INCODE ()
Shifting token INCODE ()
Entering state 195
Reducing stack by rule 109 (line 376):
   $1 = nterm inlinecode ()
   $2 = token INCODE ()
-> $$ = nterm inlinecode ()
Stack now 0 46 46 46 46 44 122
Entering state 169
Reading a token: Next token is token INCODE ()
Shifting token INCODE ()
Entering state 195
Reducing stack by rule 109 (line 376):
   $1 = nterm inlinecode ()
   $2 = token INCODE ()
-> $$ = nterm inlinecode ()
Stack now 0 46 46 46 46 44 122
Entering state 169
Reading a token: Next token is token INCODE ()
Shifting token INCODE ()
Entering state 195
Reducing stack by rule 109 (line 376):
   $1 = nterm inlinecode ()
   $2 = token INCODE ()
-> $$ = nterm inlinecode ()
Stack now 0 46 46 46 46 44 122
Entering state 169
Reading a token: Next token is token INCODE ()
Shifting token INCODE ()
Entering state 195
Reducing stack by rule 109 (line 376):
   $1 = nterm inlinecode ()
   $2 = token INCODE ()
-> $$ = nterm inlinecode ()
Stack now 0 46 46 46 46 44 122
Entering state 169
Reading a token: Next token is token INCODE ()
Shifting token INCODE ()
Entering state 195
Reducing stack by rule 109 (line 376):
   $1 = nterm inlinecode ()
   $2 = token INCODE ()
-> $$ = nterm inlinecode ()
Stack now 0 46 46 46 46 44 122
Entering state 169
Reading a token: Next token is token INCODE ()
Shifting token INCODE ()
Entering state 195
Reducing stack by rule 109 (line 376):
   $1 = nterm inlinecode ()
   $2 = token INCODE ()
-> $$ = nterm inlinecode ()
Stack now 0 46 46 46 46 44 122
Entering state 169
Reading a token: Next token is token INCODE ()
Shifting token INCODE ()
Entering state 195
Reducing stack by rule 109 (line 376):
   $1 = nterm inlinecode ()
   $2 = token INCODE ()
-> $$ = nterm inlinecode ()
Stack now 0 46 46 46 46 44 122
Entering state 169
Reading a token: Next token is token INCODE ()
Shifting token INCODE ()
Entering state 195
Reducing stack by rule 109 (line 376):
   $1 = nterm inlinecode ()
   $2 = token INCODE ()
-> $$ = nterm inlinecode ()
Stack now 0 46 46 46 46 44 122
Entering state 169
Reading a token: Next token is token INCODE ()
Shifting token INCODE ()
Entering state 195
Reducing stack by rule 109 (line 376):
   $1 = nterm inlinecode ()
   $2 = token INCODE ()
-> $$ = nterm inlinecode ()
Stack now 0 46 46 46 46 44 122
Entering state 169
Reading a token: Next token is token INCODE ()
Shifting token INCODE ()
Entering state 195
Reducing stack by rule 109 (line 376):
   $1 = nterm inlinecode ()
   $2 = token INCODE ()
-> $$ = nterm inlinecode ()
Stack now 0 46 46 46 46 44 122
Entering state 169
Reading a token: Next token is token INCODE ()
Shifting token INCODE ()
Entering state 195
Reducing stack by rule 109 (line 376):
   $1 = nterm inlinecode ()
   $2 = token INCODE ()
-> $$ = nterm inlinecode ()
Stack now 0 46 46 46 46 44 122
Entering state 169
Reading a token: Next token is token INCODE ()
Shifting token INCODE ()
Entering state 195
Reducing stack by rule 109 (line 376):
   $1 = nterm inlinecode ()
   $2 = token INCODE ()
-> $$ = nterm inlinecode ()
Stack now 0 46 46 46 46 44 122
Entering state 169
Reading a token: Next token is token INCODE ()
Shifting token INCODE ()
Entering state 195
Reducing stack by rule 109 (line 376):
   $1 = nterm inlinecode ()
   $2 = token INCODE ()
-> $$ = nterm inlinecode ()
Stack now 0 46 46 46 46 44 122
Entering state 169
Reading a token: Next token is token INCODE ()
Shifting token INCODE ()
Entering state 195
Reducing stack by rule 109 (line 376):
   $1 = nterm inlinecode ()
   $2 = token INCODE ()
-> $$ = nterm inlinecode ()
Stack now 0 46 46 46 46 44 122
Entering state 169
Reading a token: Next token is token INCODE ()
Shifting token INCODE ()
Entering state 195
Reducing stack by rule 109 (line 376):
   $1 = nterm inlinecode ()
   $2 = token INCODE ()
-> $$ = nterm inlinecode ()
Stack now 0 46 46 46 46 44 122
Entering state 169
Reading a token: Next token is token INCODE ()
Shifting token INCODE ()
Entering state 195
Reducing stack by rule 109 (line 376):
   $1 = nterm inlinecode ()
   $2 = token INCODE ()
-> $$ = nterm inlinecode ()
Stack now 0 46 46 46 46 44 122
Entering state 169
Reading a token: Next token is token INCODE ()
Shifting token INCODE ()
Entering state 195
Reducing stack by rule 109 (line 376):
   $1 = nterm inlinecode ()
   $2 = token INCODE ()
-> $$ = nterm inlinecode ()
Stack now 0 46 46 46 46 44 122
Entering state 169
Reading a token: Next token is token INCODE ()
Shifting token INCODE ()
Entering state 195
Reducing stack by rule 109 (line 376):
   $1 = nterm inlinecode ()
   $2 = token INCODE ()
-> $$ = nterm inlinecode ()
Stack now 0 46 46 46 46 44 122
Entering state 169
Reading a token: Next token is token INCODE ()
Shifting token INCODE ()
Entering state 195
Reducing stack by rule 109 (line 376):
   $1 = nterm inlinecode ()
   $2 = token INCODE ()
-> $$ = nterm inlinecode ()
Stack now 0 46 46 46 46 44 122
Entering state 169
Reading a token: Next token is token INCODE ()
Shifting token INCODE ()
Entering state 195
Reducing stack by rule 109 (line 376):
   $1 = nterm inlinecode ()
   $2 = token INCODE ()
-> $$ = nterm inlinecode ()
Stack now 0 46 46 46 46 44 122
Entering state 169
Reading a token: Next token is token INCODE ()
Shifting token INCODE ()
Entering state 195
Reducing stack by rule 109 (line 376):
   $1 = nterm inlinecode ()
   $2 = token INCODE ()
-> $$ = nterm inlinecode ()
Stack now 0 46 46 46 46 44 122
Entering state 169
Reading a token: Next token is token INCODE ()
Shifting token INCODE ()
Entering state 195
Reducing stack by rule 109 (line 376):
   $1 = nterm inlinecode ()
   $2 = token INCODE ()
-> $$ = nterm inlinecode ()
Stack now 0 46 46 46 46 44 122
Entering state 169
Reading a token: Next token is token INCODE ()
Shifting token INCODE ()
Entering state 195
Reducing stack by rule 109 (line 376):
   $1 = nterm inlinecode ()
   $2 = token INCODE ()
-> $$ = nterm inlinecode ()
Stack now 0 46 46 46 46 44 122
Entering state 169
Reading a token: Next token is token INCODE ()
Shifting token INCODE ()
Entering state 195
Reducing stack by rule 109 (line 376):
   $1 = nterm inlinecode ()
   $2 = token INCODE ()
-> $$ = nterm inlinecode ()
Stack now 0 46 46 46 46 44 122
Entering state 169
Reading a token: Next token is token INCODE ()
Shifting token INCODE ()
Entering state 195
Reducing stack by rule 109 (line 376):
   $1 = nterm inlinecode ()
   $2 = token INCODE ()
-> $$ = nterm inlinecode ()
Stack now 0 46 46 46 46 44 122
Entering state 169
Reading a token: Next token is token INCODE ()
Shifting token INCODE ()
Entering state 195
Reducing stack by rule 109 (line 376):
   $1 = nterm inlinecode ()
   $2 = token INCODE ()
-> $$ = nterm inlinecode ()
Stack now 0 46 46 46 46 44 122
Entering state 169
Reading a token: Next token is token ENDINLINE ()
Shifting token ENDINLINE ()
Entering state 194
Reducing stack by rule 40 (line 179):
   $1 = token INLINE ()
   $2 = token INLCTX ()
   $3 = nterm inlinecode ()
   $4 = token ENDINLINE ()
-> $$ = nterm section ()
Stack now 0 46 46 46 46
Entering state 46
Reading a token: Next token is token LANGUAGE ()
Shifting token LANGUAGE ()
Entering state 40
Reading a token: Next token is token PARAMETER ()
Shifting token PARAMETER ()
Entering state 117
Reducing stack by rule 35 (line 169):
   $1 = token LANGUAGE ()
   $2 = token PARAMETER ()
-> $$ = nterm section ()
Stack now 0 46 46 46 46 46
Entering state 46
Reading a token: Next token is token DOUBLE ()
Shifting token DOUBLE ()
Entering state 2
Reading a token: Next token is token PARAMETER ()
Shifting token PARAMETER ()
Entering state 48
Reducing stack by rule 6 (line 104):
   $1 = token DOUBLE ()
   $2 = token PARAMETER ()
-> $$ = nterm section ()
Stack now 0 46 46 46 46 46 46
Entering state 46
Reading a token: Next token is token FUNCTION ()
Shifting token FUNCTION ()
Entering state 3
Reading a token: Next token is token PARAMETER ()
Shifting token PARAMETER ()
Entering state 49
Reducing stack by rule 11 (line 119):
   $1 = token FUNCTION ()
   $2 = token PARAMETER ()
-> $$ = nterm section ()
Stack now 0 46 46 46 46 46 46 46
Entering state 46
Reading a token: Next token is token JACOBIAN ()
Shifting token JACOBIAN ()
Entering state 1
Reading a token: Next token is token PARAMETER ()
Shifting token PARAMETER ()
Entering state 47
Reducing stack by rule 3 (line 95):
   $1 = token JACOBIAN ()
   $2 = token PARAMETER ()
-> $$ = nterm section ()
Stack now 0 46 46 46 46 46 46 46 46
Entering state 46
Reading a token: Next token is token DOUBLE ()
Shifting token DOUBLE ()
Entering state 2
Reading a token: Next token is token PARAMETER ()
Shifting token PARAMETER ()
Entering state 48
Reducing stack by rule 6 (line 104):
   $1 = token DOUBLE ()
   $2 = token PARAMETER ()
-> $$ = nterm section ()
Stack now 0 46 46 46 46 46 46 46 46 46
Entering state 46
Reading a token: Next token is token INTFILE ()
Shifting token INTFILE ()
Entering state 41
Reading a token: Next token is token PARAMETER ()
Shifting token PARAMETER ()
Entering state 118
Reducing stack by rule 42 (line 186):
   $1 = token INTFILE ()
   $2 = token PARAMETER ()
-> $$ = nterm section ()
Stack now 0 46 46 46 46 46 46 46 46 46 46
Entering state 46
Reading a token: Next token is token INLINE ()
Shifting token INLINE ()
Entering state 44
Reading a token: Next token is token INLCTX ()
Shifting token INLCTX ()
Entering state 122
Reading a token: Next token is token INCODE ()
Shifting token INCODE ()
Entering state 168
Reducing stack by rule 110 (line 380):
   $1 = token INCODE ()
-> $$ = nterm inlinecode ()
Stack now 0 46 46 46 46 46 46 46 46 46 46 46 44 122
Entering state 169
Reading a token: Next token is token INCODE ()
Shifting token INCODE ()
Entering state 195
Reducing stack by rule 109 (line 376):
   $1 = nterm inlinecode ()
   $2 = token INCODE ()
-> $$ = nterm inlinecode ()
Stack now 0 46 46 46 46 46 46 46 46 46 46 46 44 122
Entering state 169
Reading a token: Next token is token INCODE ()
Shifting token INCODE ()
Entering state 195
Reducing stack by rule 109 (line 376):
   $1 = nterm inlinecode ()
   $2 = token INCODE ()
-> $$ = nterm inlinecode ()
Stack now 0 46 46 46 46 46 46 46 46 46 46 46 44 122
Entering state 169
Reading a token: Next token is token INCODE ()
Shifting token INCODE ()
Entering state 195
Reducing stack by rule 109 (line 376):
   $1 = nterm inlinecode ()
   $2 = token INCODE ()
-> $$ = nterm inlinecode ()
Stack now 0 46 46 46 46 46 46 46 46 46 46 46 44 122
Entering state 169
Reading a token: Next token is token INCODE ()
Shifting token INCODE ()
Entering state 195
Reducing stack by rule 109 (line 376):
   $1 = nterm inlinecode ()
   $2 = token INCODE ()
-> $$ = nterm inlinecode ()
Stack now 0 46 46 46 46 46 46 46 46 46 46 46 44 122
Entering state 169
Reading a token: Next token is token INCODE ()
Shifting token INCODE ()
Entering state 195
Reducing stack by rule 109 (line 376):
   $1 = nterm inlinecode ()
   $2 = token INCODE ()
-> $$ = nterm inlinecode ()
Stack now 0 46 46 46 46 46 46 46 46 46 46 46 44 122
Entering state 169
Reading a token: Next token is token INCODE ()
Shifting token INCODE ()
Entering state 195
Reducing stack by rule 109 (line 376):
   $1 = nterm inlinecode ()
   $2 = token INCODE ()
-> $$ = nterm inlinecode ()
Stack now 0 46 46 46 46 46 46 46 46 46 46 46 44 122
Entering state 169
Reading a token: Next token is token INCODE ()
Shifting token INCODE ()
Entering state 195
Reducing stack by rule 109 (line 376):
   $1 = nterm inlinecode ()
   $2 = token INCODE ()
-> $$ = nterm inlinecode ()
Stack now 0 46 46 46 46 46 46 46 46 46 46 46 44 122
Entering state 169
Reading a token: Next token is token INCODE ()
Shifting token INCODE ()
Entering state 195
Reducing stack by rule 109 (line 376):
   $1 = nterm inlinecode ()
   $2 = token INCODE ()
-> $$ = nterm inlinecode ()
Stack now 0 46 46 46 46 46 46 46 46 46 46 46 44 122
Entering state 169
Reading a token: Next token is token ENDINLINE ()
Shifting token ENDINLINE ()
Entering state 194
Reducing stack by rule 40 (line 179):
   $1 = token INLINE ()
   $2 = token INLCTX ()
   $3 = nterm inlinecode ()
   $4 = token ENDINLINE ()
-> $$ = nterm section ()
Stack now 0 46 46 46 46 46 46 46 46 46 46 46
Entering state 46
Reading a token: Next token is token INLINE ()
Shifting token INLINE ()
Entering state 44
Reading a token: Next token is token INLCTX ()
Shifting token INLCTX ()
Entering state 122
Reading a token: Next token is token INCODE ()
Shifting token INCODE ()
Entering state 168
Reducing stack by rule 110 (line 380):
   $1 = token INCODE ()
-> $$ = nterm inlinecode ()
Stack now 0 46 46 46 46 46 46 46 46 46 46 46 46 44 122
Entering state 169
Reading a token: Next token is token INCODE ()
Shifting token INCODE ()
Entering state 195
Reducing stack by rule 109 (line 376):
   $1 = nterm inlinecode ()
   $2 = token INCODE ()
-> $$ = nterm inlinecode ()
Stack now 0 46 46 46 46 46 46 46 46 46 46 46 46 44 122
Entering state 169
Reading a token: Next token is token INCODE ()
Shifting token INCODE ()
Entering state 195
Reducing stack by rule 109 (line 376):
   $1 = nterm inlinecode ()
   $2 = token INCODE ()
-> $$ = nterm inlinecode ()
Stack now 0 46 46 46 46 46 46 46 46 46 46 46 46 44 122
Entering state 169
Reading a token: Next token is token INCODE ()
Shifting token INCODE ()
Entering state 195
Reducing stack by rule 109 (line 376):
   $1 = nterm inlinecode ()
   $2 = token INCODE ()
-> $$ = nterm inlinecode ()
Stack now 0 46 46 46 46 46 46 46 46 46 46 46 46 44 122
Entering state 169
Reading a token: Next token is token INCODE ()
Shifting token INCODE ()
Entering state 195
Reducing stack by rule 109 (line 376):
   $1 = nterm inlinecode ()
   $2 = token INCODE ()
-> $$ = nterm inlinecode ()
Stack now 0 46 46 46 46 46 46 46 46 46 46 46 46 44 122
Entering state 169
Reading a token: Next token is token INCODE ()
Shifting token INCODE ()
Entering state 195
Reducing stack by rule 109 (line 376):
   $1 = nterm inlinecode ()
   $2 = token INCODE ()
-> $$ = nterm inlinecode ()
Stack now 0 46 46 46 46 46 46 46 46 46 46 46 46 44 122
Entering state 169
Reading a token: Next token is token INCODE ()
Shifting token INCODE ()
Entering state 195
Reducing stack by rule 109 (line 376):
   $1 = nterm inlinecode ()
   $2 = token INCODE ()
-> $$ = nterm inlinecode ()
Stack now 0 46 46 46 46 46 46 46 46 46 46 46 46 44 122
Entering state 169
Reading a token: Next token is token INCODE ()
Shifting token INCODE ()
Entering state 195
Reducing stack by rule 109 (line 376):
   $1 = nterm inlinecode ()
   $2 = token INCODE ()
-> $$ = nterm inlinecode ()
Stack now 0 46 46 46 46 46 46 46 46 46 46 46 46 44 122
Entering state 169
Reading a token: Next token is token INCODE ()
Shifting token INCODE ()
Entering state 195
Reducing stack by rule 109 (line 376):
   $1 = nterm inlinecode ()
   $2 = token INCODE ()
-> $$ = nterm inlinecode ()
Stack now 0 46 46 46 46 46 46 46 46 46 46 46 46 44 122
Entering state 169
Reading a token: Next token is token ENDINLINE ()
Shifting token ENDINLINE ()
Entering state 194
Reducing stack by rule 40 (line 179):
   $1 = token INLINE ()
   $2 = token INLCTX ()
   $3 = nterm inlinecode ()
   $4 = token ENDINLINE ()
-> $$ = nterm section ()
Stack now 0 46 46 46 46 46 46 46 46 46 46 46 46
Entering state 46
Reading a token: Next token is token DRIVER ()
Shifting token DRIVER ()
Entering state 42
Reading a token: Next token is token PARAMETER ()
Shifting token PARAMETER ()
Entering state 119
Reducing stack by rule 43 (line 188):
   $1 = token DRIVER ()
   $2 = token PARAMETER ()
-> $$ = nterm section ()
Stack now 0 46 46 46 46 46 46 46 46 46 46 46 46 46
Entering state 46
Reading a token: Next token is token JACOBIAN ()
Shifting token JACOBIAN ()
Entering state 1
Reading a token: Next token is token PARAMETER ()
Shifting token PARAMETER ()
Entering state 47
Reducing stack by rule 3 (line 95):
   $1 = token JACOBIAN ()
   $2 = token PARAMETER ()
-> $$ = nterm section ()
Stack now 0 46 46 46 46 46 46 46 46 46 46 46 46 46 46
Entering state 46
Reading a token: Next token is token HESSIAN ()
Shifting token HESSIAN ()
Entering state 10
Reading a token: Next token is token PARAMETER ()
Shifting token PARAMETER ()
Entering state 64
Reducing stack by rule 4 (line 98):
   $1 = token HESSIAN ()
   $2 = token PARAMETER ()
-> $$ = nterm section ()
Stack now 0 46 46 46 46 46 46 46 46 46 46 46 46 46 46 46
Entering state 46
Reading a token: Next token is token STOICMAT ()
Shifting token STOICMAT ()
Entering state 11
Reading a token: Next token is token PARAMETER ()
Shifting token PARAMETER ()
Entering state 65
Reducing stack by rule 5 (line 101):
   $1 = token STOICMAT ()
   $2 = token PARAMETER ()
-> $$ = nterm section ()
Stack now 0 46 46 46 46 46 46 46 46 46 46 46 46 46 46 46 46
Entering state 46
Reading a token: Next token is token WRFCONFORM ()
Shifting token WRFCONFORM ()
Entering state 30
Reducing stack by rule 47 (line 197):
   $1 = token WRFCONFORM ()
-> $$ = nterm section ()
Stack now 0 46 46 46 46 46 46 46 46 46 46 46 46 46 46 46 46 46
Entering state 46
Reading a token: Now at end of input.
Reducing stack by rule 1 (line 92):
   $1 = nterm section ()
-> $$ = nterm program ()
Stack now 0 46 46 46 46 46 46 46 46 46 46 46 46 46 46 46 46 46
Entering state 124
Reducing stack by rule 2 (line 93):
   $1 = nterm section ()
   $2 = nterm program ()
-> $$ = nterm program ()
Stack now 0 46 46 46 46 46 46 46 46 46 46 46 46 46 46 46 46
Entering state 124
Reducing stack by rule 2 (line 93):
   $1 = nterm section ()
   $2 = nterm program ()
-> $$ = nterm program ()
Stack now 0 46 46 46 46 46 46 46 46 46 46 46 46 46 46 46
Entering state 124
Reducing stack by rule 2 (line 93):
   $1 = nterm section ()
   $2 = nterm program ()
-> $$ = nterm program ()
Stack now 0 46 46 46 46 46 46 46 46 46 46 46 46 46 46
Entering state 124
Reducing stack by rule 2 (line 93):
   $1 = nterm section ()
   $2 = nterm program ()
-> $$ = nterm program ()
Stack now 0 46 46 46 46 46 46 46 46 46 46 46 46 46
Entering state 124
Reducing stack by rule 2 (line 93):
   $1 = nterm section ()
   $2 = nterm program ()
-> $$ = nterm program ()
Stack now 0 46 46 46 46 46 46 46 46 46 46 46 46
Entering state 124
Reducing stack by rule 2 (line 93):
   $1 = nterm section ()
   $2 = nterm program ()
-> $$ = nterm program ()
Stack now 0 46 46 46 46 46 46 46 46 46 46 46
Entering state 124
Reducing stack by rule 2 (line 93):
   $1 = nterm section ()
   $2 = nterm program ()
-> $$ = nterm program ()
Stack now 0 46 46 46 46 46 46 46 46 46 46
Entering state 124
Reducing stack by rule 2 (line 93):
   $1 = nterm section ()
   $2 = nterm program ()
-> $$ = nterm program ()
Stack now 0 46 46 46 46 46 46 46 46 46
Entering state 124
Reducing stack by rule 2 (line 93):
   $1 = nterm section ()
   $2 = nterm program ()
-> $$ = nterm program ()
Stack now 0 46 46 46 46 46 46 46 46
Entering state 124
Reducing stack by rule 2 (line 93):
   $1 = nterm section ()
   $2 = nterm program ()
-> $$ = nterm program ()
Stack now 0 46 46 46 46 46 46 46
Entering state 124
Reducing stack by rule 2 (line 93):
   $1 = nterm section ()
   $2 = nterm program ()
-> $$ = nterm program ()
Stack now 0 46 46 46 46 46 46
Entering state 124
Reducing stack by rule 2 (line 93):
   $1 = nterm section ()
   $2 = nterm program ()
-> $$ = nterm program ()
Stack now 0 46 46 46 46 46
Entering state 124
Reducing stack by rule 2 (line 93):
   $1 = nterm section ()
   $2 = nterm program ()
-> $$ = nterm program ()
Stack now 0 46 46 46 46
Entering state 124
Reducing stack by rule 2 (line 93):
   $1 = nterm section ()
   $2 = nterm program ()
-> $$ = nterm program ()
Stack now 0 46 46 46
Entering state 124
Reducing stack by rule 2 (line 93):
   $1 = nterm section ()
   $2 = nterm program ()
-> $$ = nterm program ()
Stack now 0 46 46
Entering state 124
Reducing stack by rule 2 (line 93):
   $1 = nterm section ()
   $2 = nterm program ()
-> $$ = nterm program ()
Stack now 0 46
Entering state 124
Reducing stack by rule 2 (line 93):
   $1 = nterm section ()
   $2 = nterm program ()
-> $$ = nterm program ()
Stack now 0
Entering state 45
Now at end of input.
Shifting token $end ()
Entering state 123
Stack now 0 45 123
Cleanup: popping token $end ()
Cleanup: popping nterm program ()

This is KPP-2.1.

KPP is parsing the equation file.
KPP was told to generate WRF conform code
KPP is computing Jacobian sparsity structure.
KPP is starting the code generation.
KPP is initializing the code generation.
 
 KPP is using the WRF conform integrator routine: 
 /glade/work/rkumar/NASA_HMA/WRFchem_HMA/chem/KPP/kpp/kpp-2.1/int/WRF_conform/rosenbrock 

KPP is generating the monitor data:
    - cri_mosaic_4bin_aq_Monitor
KPP is generating the utility data:
    - cri_mosaic_4bin_aq_Util
KPP is generating the global declarations:
    - cri_mosaic_4bin_aq_Main
KPP is generating the ODE function:
    - cri_mosaic_4bin_aq_Function
KPP is generating the ODE Jacobian:
    - cri_mosaic_4bin_aq_Jacobian
    - cri_mosaic_4bin_aq_JacobianSP
KPP is generating the linear algebra routines:
    - cri_mosaic_4bin_aq_LinearAlgebra
KPP is generating the utility functions:
    - cri_mosaic_4bin_aq_Util
KPP is generating the rate laws:
    - cri_mosaic_4bin_aq_Rates
KPP is generating UpdateRconstWRF (WRF conform): 
    - cri_mosaic_4bin_aq_UpdateRconst
KPP is generating the parameters:
    - cri_mosaic_4bin_aq_Parameters
KPP is generating the global data:
    - cri_mosaic_4bin_aq_Global
KPP is generating the driver from general.f90:
    - cri_mosaic_4bin_aq_Main
KPP is starting the code post-processing.

KPP has succesfully created the model "cri_mosaic_4bin_aq".

cp -f cri_mosaic_4bin_aq_Integrator.f90 ../../../module_kpp_cri_mosaic_4bin_aq_Integr.F
cp -f cri_mosaic_4bin_aq_Parameters.f90 ../../../module_kpp_cri_mosaic_4bin_aq_Parameters.F
cp -f cri_mosaic_4bin_aq_Precision.f90 ../../../module_kpp_cri_mosaic_4bin_aq_Precision.F
cp -f cri_mosaic_4bin_aq_JacobianSP.f90 ../../../module_kpp_cri_mosaic_4bin_aq_JacobianSP.F
cp -f cri_mosaic_4bin_aq_Jacobian.f90 ../../../module_kpp_cri_mosaic_4bin_aq_Jacobian.F
cp -f cri_mosaic_4bin_aq_Update_Rconst.f90 ../../../module_kpp_cri_mosaic_4bin_aq_Update_Rconst.F
touch ../../util/run_wkc
Makefile:50: warning: overriding recipe for target '.F.o'
../../../../configure.wrf:375: warning: ignoring old recipe for target '.F.o'
Makefile:58: warning: overriding recipe for target '.c.o'
../../../../configure.wrf:406: warning: ignoring old recipe for target '.c.o'
rm -f decomp_uses.inc
echo USE cri_mosaic_4bin_aq_Parameters > decomp_uses.inc
echo USE cri_mosaic_4bin_aq_JacobianSP >> decomp_uses.inc
ln -sf  ../../../module_kpp_cri_mosaic_4bin_aq_Precision.F
ln -sf  ../../../module_kpp_cri_mosaic_4bin_aq_Parameters.F
ln -sf  ../../../module_kpp_cri_mosaic_4bin_aq_JacobianSP.F
ln -sf  ../../../module_kpp_cri_mosaic_4bin_aq_Integr.F
make -i -r comp
make[1]: Entering directory '/glade/work/rkumar/NASA_HMA/WRFchem_HMA/chem/KPP/util/write_decomp'
Makefile:50: warning: overriding recipe for target '.F.o'
../../../../configure.wrf:375: warning: ignoring old recipe for target '.F.o'
Makefile:58: warning: overriding recipe for target '.c.o'
../../../../configure.wrf:406: warning: ignoring old recipe for target '.c.o'
rm -f module_kpp_cri_mosaic_4bin_aq_Precision.o
sed -f ../../../../arch/standard.sed module_kpp_cri_mosaic_4bin_aq_Precision.F > module_kpp_cri_mosaic_4bin_aq_Precision.b 
/lib/cpp -P -nostdinc -I../../../../inc -DEM_CORE=1 -DNMM_CORE=0 -DNMM_MAX_DIM=2600 -DCOAMPS_CORE= -DDA_CORE=0 -DEXP_CORE= -DIWORDSIZE=4 -DDWORDSIZE=8 -DRWORDSIZE=4 -DLWORDSIZE=4 -DNONSTANDARD_SYSTEM_FUNC  -DWRF_USE_CLM  -DSNICAR_FRC    -DDM_PARALLEL -DNETCDF -DUSE_ALLOCATABLES -DGRIB1 -DINTIO -DKEEP_INT_AROUND -DLIMIT_ARGS -DCONFIG_BUF_LEN=65536 -DMAX_DOMAINS_F=21 -DMAX_HISTORY=25 -DNMM_NEST= -DWRF_CHEM -DBUILD_CHEM=1 -DWRF_KPP -I. -traditional-cpp  module_kpp_cri_mosaic_4bin_aq_Precision.b  > module_kpp_cri_mosaic_4bin_aq_Precision.f90
rm -f module_kpp_cri_mosaic_4bin_aq_Precision.b
ifort -c -O3 -ip -fp-model precise -w -ftz -align all -fno-alias -FR -convert big_endian    -real-size `expr 8 \* 4` -i4  module_kpp_cri_mosaic_4bin_aq_Precision.f90
rm -f module_kpp_cri_mosaic_4bin_aq_Parameters.o
sed -f ../../../../arch/standard.sed module_kpp_cri_mosaic_4bin_aq_Parameters.F > module_kpp_cri_mosaic_4bin_aq_Parameters.b 
/lib/cpp -P -nostdinc -I../../../../inc -DEM_CORE=1 -DNMM_CORE=0 -DNMM_MAX_DIM=2600 -DCOAMPS_CORE= -DDA_CORE=0 -DEXP_CORE= -DIWORDSIZE=4 -DDWORDSIZE=8 -DRWORDSIZE=4 -DLWORDSIZE=4 -DNONSTANDARD_SYSTEM_FUNC  -DWRF_USE_CLM  -DSNICAR_FRC    -DDM_PARALLEL -DNETCDF -DUSE_ALLOCATABLES -DGRIB1 -DINTIO -DKEEP_INT_AROUND -DLIMIT_ARGS -DCONFIG_BUF_LEN=65536 -DMAX_DOMAINS_F=21 -DMAX_HISTORY=25 -DNMM_NEST= -DWRF_CHEM -DBUILD_CHEM=1 -DWRF_KPP -I. -traditional-cpp  module_kpp_cri_mosaic_4bin_aq_Parameters.b  > module_kpp_cri_mosaic_4bin_aq_Parameters.f90
rm -f module_kpp_cri_mosaic_4bin_aq_Parameters.b
ifort -c -O3 -ip -fp-model precise -w -ftz -align all -fno-alias -FR -convert big_endian    -real-size `expr 8 \* 4` -i4  module_kpp_cri_mosaic_4bin_aq_Parameters.f90
rm -f module_kpp_cri_mosaic_4bin_aq_JacobianSP.o
sed -f ../../../../arch/standard.sed module_kpp_cri_mosaic_4bin_aq_JacobianSP.F > module_kpp_cri_mosaic_4bin_aq_JacobianSP.b 
/lib/cpp -P -nostdinc -I../../../../inc -DEM_CORE=1 -DNMM_CORE=0 -DNMM_MAX_DIM=2600 -DCOAMPS_CORE= -DDA_CORE=0 -DEXP_CORE= -DIWORDSIZE=4 -DDWORDSIZE=8 -DRWORDSIZE=4 -DLWORDSIZE=4 -DNONSTANDARD_SYSTEM_FUNC  -DWRF_USE_CLM  -DSNICAR_FRC    -DDM_PARALLEL -DNETCDF -DUSE_ALLOCATABLES -DGRIB1 -DINTIO -DKEEP_INT_AROUND -DLIMIT_ARGS -DCONFIG_BUF_LEN=65536 -DMAX_DOMAINS_F=21 -DMAX_HISTORY=25 -DNMM_NEST= -DWRF_CHEM -DBUILD_CHEM=1 -DWRF_KPP -I. -traditional-cpp  module_kpp_cri_mosaic_4bin_aq_JacobianSP.b  > module_kpp_cri_mosaic_4bin_aq_JacobianSP.f90
rm -f module_kpp_cri_mosaic_4bin_aq_JacobianSP.b
ifort -c -O3 -ip -fp-model precise -w -ftz -align all -fno-alias -FR -convert big_endian    -real-size `expr 8 \* 4` -i4  module_kpp_cri_mosaic_4bin_aq_JacobianSP.f90
rm -f write_decomp.o
sed -f ../../../../arch/standard.sed write_decomp.F > write_decomp.b 
/lib/cpp -P -nostdinc -I../../../../inc -DEM_CORE=1 -DNMM_CORE=0 -DNMM_MAX_DIM=2600 -DCOAMPS_CORE= -DDA_CORE=0 -DEXP_CORE= -DIWORDSIZE=4 -DDWORDSIZE=8 -DRWORDSIZE=4 -DLWORDSIZE=4 -DNONSTANDARD_SYSTEM_FUNC  -DWRF_USE_CLM  -DSNICAR_FRC    -DDM_PARALLEL -DNETCDF -DUSE_ALLOCATABLES -DGRIB1 -DINTIO -DKEEP_INT_AROUND -DLIMIT_ARGS -DCONFIG_BUF_LEN=65536 -DMAX_DOMAINS_F=21 -DMAX_HISTORY=25 -DNMM_NEST= -DWRF_CHEM -DBUILD_CHEM=1 -DWRF_KPP -I. -traditional-cpp  write_decomp.b  > write_decomp.f90
rm -f write_decomp.b
ifort -c -O3 -ip -fp-model precise -w -ftz -align all -fno-alias -FR -convert big_endian    -real-size `expr 8 \* 4` -i4  write_decomp.f90
ifort -o write_decomp.exe module_kpp_cri_mosaic_4bin_aq_Precision.o module_kpp_cri_mosaic_4bin_aq_Parameters.o module_kpp_cri_mosaic_4bin_aq_JacobianSP.o      write_decomp.o  
echo cri_mosaic_4bin_aq > mech.tmp
make[1]: Leaving directory '/glade/work/rkumar/NASA_HMA/WRFchem_HMA/chem/KPP/util/write_decomp'
./write_decomp.exe
   -- in write_decomp
     for kpp mechanism: cri_mosaic_4bin_aq
 fname:<decomp_cri_mosaic_4bin_aq.inc>
make -i -r integr_edit
make[1]: Entering directory '/glade/work/rkumar/NASA_HMA/WRFchem_HMA/chem/KPP/util/write_decomp'
Makefile:50: warning: overriding recipe for target '.F.o'
../../../../configure.wrf:375: warning: ignoring old recipe for target '.F.o'
Makefile:58: warning: overriding recipe for target '.c.o'
../../../../configure.wrf:406: warning: ignoring old recipe for target '.c.o'
rm -f integr_edit.o
icc -c -w -O3 -ip  -DDM_PARALLEL -DMAX_HISTORY=25 -DNMM_CORE=0 integr_edit.c
icc -o integr_edit.exe integr_edit.o
make[1]: Leaving directory '/glade/work/rkumar/NASA_HMA/WRFchem_HMA/chem/KPP/util/write_decomp'
./integr_edit.exe cri_mosaic_4bin_aq
   integr_edit: replacing     CALL cri_mosaic_4bin_aq_KppDecomp ( A, ising )
 
  END MODULE cri_mosaic_4bin_aq_Integrator
 make -i -r clean 
make[1]: Entering directory '/glade/work/rkumar/NASA_HMA/WRFchem_HMA/chem/KPP/util/write_decomp'
Makefile:50: warning: overriding recipe for target '.F.o'
../../../../configure.wrf:375: warning: ignoring old recipe for target '.F.o'
Makefile:58: warning: overriding recipe for target '.c.o'
../../../../configure.wrf:406: warning: ignoring old recipe for target '.c.o'
rm -f *.o *.tmp *.mod module_kpp_* *~ *.inc *.exe *.f90
make[1]: Leaving directory '/glade/work/rkumar/NASA_HMA/WRFchem_HMA/chem/KPP/util/write_decomp'
=========================================================
mechanisms/cri_mosaic_8bin_aq
ln -s ../../util/Makefile_kpp mechanisms/cri_mosaic_8bin_aq/Makefile
ln -s ../chem/KPP/inc/cri_mosaic_8bin_aq/extra_args_to_update_rconst_cri_mosaic_8bin_aq.inc /glade/work/rkumar/NASA_HMA/WRFchem_HMA/inc
ln -s ../chem/KPP/inc/cri_mosaic_8bin_aq/extra_args_update_rconst_cri_mosaic_8bin_aq.inc /glade/work/rkumar/NASA_HMA/WRFchem_HMA/inc
ln -s ../chem/KPP/inc/cri_mosaic_8bin_aq/extra_decls_update_rconst_cri_mosaic_8bin_aq.inc /glade/work/rkumar/NASA_HMA/WRFchem_HMA/inc
ln -s ../chem/KPP/inc/cri_mosaic_8bin_aq/kpp_mechd_a_cri_mosaic_8bin_aq.inc /glade/work/rkumar/NASA_HMA/WRFchem_HMA/inc
ln -s ../chem/KPP/inc/cri_mosaic_8bin_aq/kpp_mechd_b_cri_mosaic_8bin_aq.inc /glade/work/rkumar/NASA_HMA/WRFchem_HMA/inc
ln -s ../chem/KPP/inc/cri_mosaic_8bin_aq/kpp_mechd_e_cri_mosaic_8bin_aq.inc /glade/work/rkumar/NASA_HMA/WRFchem_HMA/inc
ln -s ../chem/KPP/inc/cri_mosaic_8bin_aq/kpp_mechd_ia_cri_mosaic_8bin_aq.inc /glade/work/rkumar/NASA_HMA/WRFchem_HMA/inc
ln -s ../chem/KPP/inc/cri_mosaic_8bin_aq/kpp_mechd_ib_cri_mosaic_8bin_aq.inc /glade/work/rkumar/NASA_HMA/WRFchem_HMA/inc
ln -s ../chem/KPP/inc/cri_mosaic_8bin_aq/kpp_mechd_ibu_cri_mosaic_8bin_aq.inc /glade/work/rkumar/NASA_HMA/WRFchem_HMA/inc
ln -s ../chem/KPP/inc/cri_mosaic_8bin_aq/kpp_mechd_l_cri_mosaic_8bin_aq.inc /glade/work/rkumar/NASA_HMA/WRFchem_HMA/inc
ln -s ../chem/KPP/inc/cri_mosaic_8bin_aq/kpp_mechd_u_cri_mosaic_8bin_aq.inc /glade/work/rkumar/NASA_HMA/WRFchem_HMA/inc
model cri_mosaic_8bin_aq
/glade/work/rkumar/NASA_HMA/WRFchem_HMA/chem/KPP/kpp/kpp-2.1/bin/kpp cri_mosaic_8bin_aq.kpp
Next token is token INCODE ()
Shifting token INCODE ()
Entering state 195
Reducing stack by rule 109 (line 376):
   $1 = nterm inlinecode ()
   $2 = token INCODE ()
-> $$ = nterm inlinecode ()
Stack now 0 46 46 46 46 44 122
Entering state 169
Reading a token: Next token is token INCODE ()
Shifting token INCODE ()
Entering state 195
Reducing stack by rule 109 (line 376):
   $1 = nterm inlinecode ()
   $2 = token INCODE ()
-> $$ = nterm inlinecode ()
Stack now 0 46 46 46 46 44 122
Entering state 169
Reading a token: Next token is token INCODE ()
Shifting token INCODE ()
Entering state 195
Reducing stack by rule 109 (line 376):
   $1 = nterm inlinecode ()
   $2 = token INCODE ()
-> $$ = nterm inlinecode ()
Stack now 0 46 46 46 46 44 122
Entering state 169
Reading a token: Next token is token INCODE ()
Shifting token INCODE ()
Entering state 195
Reducing stack by rule 109 (line 376):
   $1 = nterm inlinecode ()
   $2 = token INCODE ()
-> $$ = nterm inlinecode ()
Stack now 0 46 46 46 46 44 122
Entering state 169
Reading a token: Next token is token INCODE ()
Shifting token INCODE ()
Entering state 195
Reducing stack by rule 109 (line 376):
   $1 = nterm inlinecode ()
   $2 = token INCODE ()
-> $$ = nterm inlinecode ()
Stack now 0 46 46 46 46 44 122
Entering state 169
Reading a token: Next token is token INCODE ()
Shifting token INCODE ()
Entering state 195
Reducing stack by rule 109 (line 376):
   $1 = nterm inlinecode ()
   $2 = token INCODE ()
-> $$ = nterm inlinecode ()
Stack now 0 46 46 46 46 44 122
Entering state 169
Reading a token: Next token is token INCODE ()
Shifting token INCODE ()
Entering state 195
Reducing stack by rule 109 (line 376):
   $1 = nterm inlinecode ()
   $2 = token INCODE ()
-> $$ = nterm inlinecode ()
Stack now 0 46 46 46 46 44 122
Entering state 169
Reading a token: Next token is token INCODE ()
Shifting token INCODE ()
Entering state 195
Reducing stack by rule 109 (line 376):
   $1 = nterm inlinecode ()
   $2 = token INCODE ()
-> $$ = nterm inlinecode ()
Stack now 0 46 46 46 46 44 122
Entering state 169
Reading a token: Next token is token INCODE ()
Shifting token INCODE ()
Entering state 195
Reducing stack by rule 109 (line 376):
   $1 = nterm inlinecode ()
   $2 = token INCODE ()
-> $$ = nterm inlinecode ()
Stack now 0 46 46 46 46 44 122
Entering state 169
Reading a token: Next token is token INCODE ()
Shifting token INCODE ()
Entering state 195
Reducing stack by rule 109 (line 376):
   $1 = nterm inlinecode ()
   $2 = token INCODE ()
-> $$ = nterm inlinecode ()
Stack now 0 46 46 46 46 44 122
Entering state 169
Reading a token: Next token is token INCODE ()
Shifting token INCODE ()
Entering state 195
Reducing stack by rule 109 (line 376):
   $1 = nterm inlinecode ()
   $2 = token INCODE ()
-> $$ = nterm inlinecode ()
Stack now 0 46 46 46 46 44 122
Entering state 169
Reading a token: Next token is token INCODE ()
Shifting token INCODE ()
Entering state 195
Reducing stack by rule 109 (line 376):
   $1 = nterm inlinecode ()
   $2 = token INCODE ()
-> $$ = nterm inlinecode ()
Stack now 0 46 46 46 46 44 122
Entering state 169
Reading a token: Next token is token INCODE ()
Shifting token INCODE ()
Entering state 195
Reducing stack by rule 109 (line 376):
   $1 = nterm inlinecode ()
   $2 = token INCODE ()
-> $$ = nterm inlinecode ()
Stack now 0 46 46 46 46 44 122
Entering state 169
Reading a token: Next token is token INCODE ()
Shifting token INCODE ()
Entering state 195
Reducing stack by rule 109 (line 376):
   $1 = nterm inlinecode ()
   $2 = token INCODE ()
-> $$ = nterm inlinecode ()
Stack now 0 46 46 46 46 44 122
Entering state 169
Reading a token: Next token is token INCODE ()
Shifting token INCODE ()
Entering state 195
Reducing stack by rule 109 (line 376):
   $1 = nterm inlinecode ()
   $2 = token INCODE ()
-> $$ = nterm inlinecode ()
Stack now 0 46 46 46 46 44 122
Entering state 169
Reading a token: Next token is token INCODE ()
Shifting token INCODE ()
Entering state 195
Reducing stack by rule 109 (line 376):
   $1 = nterm inlinecode ()
   $2 = token INCODE ()
-> $$ = nterm inlinecode ()
Stack now 0 46 46 46 46 44 122
Entering state 169
Reading a token: Next token is token INCODE ()
Shifting token INCODE ()
Entering state 195
Reducing stack by rule 109 (line 376):
   $1 = nterm inlinecode ()
   $2 = token INCODE ()
-> $$ = nterm inlinecode ()
Stack now 0 46 46 46 46 44 122
Entering state 169
Reading a token: Next token is token INCODE ()
Shifting token INCODE ()
Entering state 195
Reducing stack by rule 109 (line 376):
   $1 = nterm inlinecode ()
   $2 = token INCODE ()
-> $$ = nterm inlinecode ()
Stack now 0 46 46 46 46 44 122
Entering state 169
Reading a token: Next token is token INCODE ()
Shifting token INCODE ()
Entering state 195
Reducing stack by rule 109 (line 376):
   $1 = nterm inlinecode ()
   $2 = token INCODE ()
-> $$ = nterm inlinecode ()
Stack now 0 46 46 46 46 44 122
Entering state 169
Reading a token: Next token is token INCODE ()
Shifting token INCODE ()
Entering state 195
Reducing stack by rule 109 (line 376):
   $1 = nterm inlinecode ()
   $2 = token INCODE ()
-> $$ = nterm inlinecode ()
Stack now 0 46 46 46 46 44 122
Entering state 169
Reading a token: Next token is token INCODE ()
Shifting token INCODE ()
Entering state 195
Reducing stack by rule 109 (line 376):
   $1 = nterm inlinecode ()
   $2 = token INCODE ()
-> $$ = nterm inlinecode ()
Stack now 0 46 46 46 46 44 122
Entering state 169
Reading a token: Next token is token INCODE ()
Shifting token INCODE ()
Entering state 195
Reducing stack by rule 109 (line 376):
   $1 = nterm inlinecode ()
   $2 = token INCODE ()
-> $$ = nterm inlinecode ()
Stack now 0 46 46 46 46 44 122
Entering state 169
Reading a token: Next token is token INCODE ()
Shifting token INCODE ()
Entering state 195
Reducing stack by rule 109 (line 376):
   $1 = nterm inlinecode ()
   $2 = token INCODE ()
-> $$ = nterm inlinecode ()
Stack now 0 46 46 46 46 44 122
Entering state 169
Reading a token: Next token is token INCODE ()
Shifting token INCODE ()
Entering state 195
Reducing stack by rule 109 (line 376):
   $1 = nterm inlinecode ()
   $2 = token INCODE ()
-> $$ = nterm inlinecode ()
Stack now 0 46 46 46 46 44 122
Entering state 169
Reading a token: Next token is token INCODE ()
Shifting token INCODE ()
Entering state 195
Reducing stack by rule 109 (line 376):
   $1 = nterm inlinecode ()
   $2 = token INCODE ()
-> $$ = nterm inlinecode ()
Stack now 0 46 46 46 46 44 122
Entering state 169
Reading a token: Next token is token INCODE ()
Shifting token INCODE ()
Entering state 195
Reducing stack by rule 109 (line 376):
   $1 = nterm inlinecode ()
   $2 = token INCODE ()
-> $$ = nterm inlinecode ()
Stack now 0 46 46 46 46 44 122
Entering state 169
Reading a token: Next token is token INCODE ()
Shifting token INCODE ()
Entering state 195
Reducing stack by rule 109 (line 376):
   $1 = nterm inlinecode ()
   $2 = token INCODE ()
-> $$ = nterm inlinecode ()
Stack now 0 46 46 46 46 44 122
Entering state 169
Reading a token: Next token is token INCODE ()
Shifting token INCODE ()
Entering state 195
Reducing stack by rule 109 (line 376):
   $1 = nterm inlinecode ()
   $2 = token INCODE ()
-> $$ = nterm inlinecode ()
Stack now 0 46 46 46 46 44 122
Entering state 169
Reading a token: Next token is token INCODE ()
Shifting token INCODE ()
Entering state 195
Reducing stack by rule 109 (line 376):
   $1 = nterm inlinecode ()
   $2 = token INCODE ()
-> $$ = nterm inlinecode ()
Stack now 0 46 46 46 46 44 122
Entering state 169
Reading a token: Next token is token INCODE ()
Shifting token INCODE ()
Entering state 195
Reducing stack by rule 109 (line 376):
   $1 = nterm inlinecode ()
   $2 = token INCODE ()
-> $$ = nterm inlinecode ()
Stack now 0 46 46 46 46 44 122
Entering state 169
Reading a token: Next token is token INCODE ()
Shifting token INCODE ()
Entering state 195
Reducing stack by rule 109 (line 376):
   $1 = nterm inlinecode ()
   $2 = token INCODE ()
-> $$ = nterm inlinecode ()
Stack now 0 46 46 46 46 44 122
Entering state 169
Reading a token: Next token is token INCODE ()
Shifting token INCODE ()
Entering state 195
Reducing stack by rule 109 (line 376):
   $1 = nterm inlinecode ()
   $2 = token INCODE ()
-> $$ = nterm inlinecode ()
Stack now 0 46 46 46 46 44 122
Entering state 169
Reading a token: Next token is token INCODE ()
Shifting token INCODE ()
Entering state 195
Reducing stack by rule 109 (line 376):
   $1 = nterm inlinecode ()
   $2 = token INCODE ()
-> $$ = nterm inlinecode ()
Stack now 0 46 46 46 46 44 122
Entering state 169
Reading a token: Next token is token INCODE ()
Shifting token INCODE ()
Entering state 195
Reducing stack by rule 109 (line 376):
   $1 = nterm inlinecode ()
   $2 = token INCODE ()
-> $$ = nterm inlinecode ()
Stack now 0 46 46 46 46 44 122
Entering state 169
Reading a token: Next token is token INCODE ()
Shifting token INCODE ()
Entering state 195
Reducing stack by rule 109 (line 376):
   $1 = nterm inlinecode ()
   $2 = token INCODE ()
-> $$ = nterm inlinecode ()
Stack now 0 46 46 46 46 44 122
Entering state 169
Reading a token: Next token is token INCODE ()
Shifting token INCODE ()
Entering state 195
Reducing stack by rule 109 (line 376):
   $1 = nterm inlinecode ()
   $2 = token INCODE ()
-> $$ = nterm inlinecode ()
Stack now 0 46 46 46 46 44 122
Entering state 169
Reading a token: Next token is token INCODE ()
Shifting token INCODE ()
Entering state 195
Reducing stack by rule 109 (line 376):
   $1 = nterm inlinecode ()
   $2 = token INCODE ()
-> $$ = nterm inlinecode ()
Stack now 0 46 46 46 46 44 122
Entering state 169
Reading a token: Next token is token INCODE ()
Shifting token INCODE ()
Entering state 195
Reducing stack by rule 109 (line 376):
   $1 = nterm inlinecode ()
   $2 = token INCODE ()
-> $$ = nterm inlinecode ()
Stack now 0 46 46 46 46 44 122
Entering state 169
Reading a token: Next token is token INCODE ()
Shifting token INCODE ()
Entering state 195
Reducing stack by rule 109 (line 376):
   $1 = nterm inlinecode ()
   $2 = token INCODE ()
-> $$ = nterm inlinecode ()
Stack now 0 46 46 46 46 44 122
Entering state 169
Reading a token: Next token is token INCODE ()
Shifting token INCODE ()
Entering state 195
Reducing stack by rule 109 (line 376):
   $1 = nterm inlinecode ()
   $2 = token INCODE ()
-> $$ = nterm inlinecode ()
Stack now 0 46 46 46 46 44 122
Entering state 169
Reading a token: Next token is token INCODE ()
Shifting token INCODE ()
Entering state 195
Reducing stack by rule 109 (line 376):
   $1 = nterm inlinecode ()
   $2 = token INCODE ()
-> $$ = nterm inlinecode ()
Stack now 0 46 46 46 46 44 122
Entering state 169
Reading a token: Next token is token INCODE ()
Shifting token INCODE ()
Entering state 195
Reducing stack by rule 109 (line 376):
   $1 = nterm inlinecode ()
   $2 = token INCODE ()
-> $$ = nterm inlinecode ()
Stack now 0 46 46 46 46 44 122
Entering state 169
Reading a token: Next token is token INCODE ()
Shifting token INCODE ()
Entering state 195
Reducing stack by rule 109 (line 376):
   $1 = nterm inlinecode ()
   $2 = token INCODE ()
-> $$ = nterm inlinecode ()
Stack now 0 46 46 46 46 44 122
Entering state 169
Reading a token: Next token is token INCODE ()
Shifting token INCODE ()
Entering state 195
Reducing stack by rule 109 (line 376):
   $1 = nterm inlinecode ()
   $2 = token INCODE ()
-> $$ = nterm inlinecode ()
Stack now 0 46 46 46 46 44 122
Entering state 169
Reading a token: Next token is token INCODE ()
Shifting token INCODE ()
Entering state 195
Reducing stack by rule 109 (line 376):
   $1 = nterm inlinecode ()
   $2 = token INCODE ()
-> $$ = nterm inlinecode ()
Stack now 0 46 46 46 46 44 122
Entering state 169
Reading a token: Next token is token INCODE ()
Shifting token INCODE ()
Entering state 195
Reducing stack by rule 109 (line 376):
   $1 = nterm inlinecode ()
   $2 = token INCODE ()
-> $$ = nterm inlinecode ()
Stack now 0 46 46 46 46 44 122
Entering state 169
Reading a token: Next token is token INCODE ()
Shifting token INCODE ()
Entering state 195
Reducing stack by rule 109 (line 376):
   $1 = nterm inlinecode ()
   $2 = token INCODE ()
-> $$ = nterm inlinecode ()
Stack now 0 46 46 46 46 44 122
Entering state 169
Reading a token: Next token is token INCODE ()
Shifting token INCODE ()
Entering state 195
Reducing stack by rule 109 (line 376):
   $1 = nterm inlinecode ()
   $2 = token INCODE ()
-> $$ = nterm inlinecode ()
Stack now 0 46 46 46 46 44 122
Entering state 169
Reading a token: Next token is token INCODE ()
Shifting token INCODE ()
Entering state 195
Reducing stack by rule 109 (line 376):
   $1 = nterm inlinecode ()
   $2 = token INCODE ()
-> $$ = nterm inlinecode ()
Stack now 0 46 46 46 46 44 122
Entering state 169
Reading a token: Next token is token INCODE ()
Shifting token INCODE ()
Entering state 195
Reducing stack by rule 109 (line 376):
   $1 = nterm inlinecode ()
   $2 = token INCODE ()
-> $$ = nterm inlinecode ()
Stack now 0 46 46 46 46 44 122
Entering state 169
Reading a token: Next token is token INCODE ()
Shifting token INCODE ()
Entering state 195
Reducing stack by rule 109 (line 376):
   $1 = nterm inlinecode ()
   $2 = token INCODE ()
-> $$ = nterm inlinecode ()
Stack now 0 46 46 46 46 44 122
Entering state 169
Reading a token: Next token is token INCODE ()
Shifting token INCODE ()
Entering state 195
Reducing stack by rule 109 (line 376):
   $1 = nterm inlinecode ()
   $2 = token INCODE ()
-> $$ = nterm inlinecode ()
Stack now 0 46 46 46 46 44 122
Entering state 169
Reading a token: Next token is token INCODE ()
Shifting token INCODE ()
Entering state 195
Reducing stack by rule 109 (line 376):
   $1 = nterm inlinecode ()
   $2 = token INCODE ()
-> $$ = nterm inlinecode ()
Stack now 0 46 46 46 46 44 122
Entering state 169
Reading a token: Next token is token INCODE ()
Shifting token INCODE ()
Entering state 195
Reducing stack by rule 109 (line 376):
   $1 = nterm inlinecode ()
   $2 = token INCODE ()
-> $$ = nterm inlinecode ()
Stack now 0 46 46 46 46 44 122
Entering state 169
Reading a token: Next token is token INCODE ()
Shifting token INCODE ()
Entering state 195
Reducing stack by rule 109 (line 376):
   $1 = nterm inlinecode ()
   $2 = token INCODE ()
-> $$ = nterm inlinecode ()
Stack now 0 46 46 46 46 44 122
Entering state 169
Reading a token: Next token is token INCODE ()
Shifting token INCODE ()
Entering state 195
Reducing stack by rule 109 (line 376):
   $1 = nterm inlinecode ()
   $2 = token INCODE ()
-> $$ = nterm inlinecode ()
Stack now 0 46 46 46 46 44 122
Entering state 169
Reading a token: Next token is token INCODE ()
Shifting token INCODE ()
Entering state 195
Reducing stack by rule 109 (line 376):
   $1 = nterm inlinecode ()
   $2 = token INCODE ()
-> $$ = nterm inlinecode ()
Stack now 0 46 46 46 46 44 122
Entering state 169
Reading a token: Next token is token INCODE ()
Shifting token INCODE ()
Entering state 195
Reducing stack by rule 109 (line 376):
   $1 = nterm inlinecode ()
   $2 = token INCODE ()
-> $$ = nterm inlinecode ()
Stack now 0 46 46 46 46 44 122
Entering state 169
Reading a token: Next token is token INCODE ()
Shifting token INCODE ()
Entering state 195
Reducing stack by rule 109 (line 376):
   $1 = nterm inlinecode ()
   $2 = token INCODE ()
-> $$ = nterm inlinecode ()
Stack now 0 46 46 46 46 44 122
Entering state 169
Reading a token: Next token is token INCODE ()
Shifting token INCODE ()
Entering state 195
Reducing stack by rule 109 (line 376):
   $1 = nterm inlinecode ()
   $2 = token INCODE ()
-> $$ = nterm inlinecode ()
Stack now 0 46 46 46 46 44 122
Entering state 169
Reading a token: Next token is token INCODE ()
Shifting token INCODE ()
Entering state 195
Reducing stack by rule 109 (line 376):
   $1 = nterm inlinecode ()
   $2 = token INCODE ()
-> $$ = nterm inlinecode ()
Stack now 0 46 46 46 46 44 122
Entering state 169
Reading a token: Next token is token INCODE ()
Shifting token INCODE ()
Entering state 195
Reducing stack by rule 109 (line 376):
   $1 = nterm inlinecode ()
   $2 = token INCODE ()
-> $$ = nterm inlinecode ()
Stack now 0 46 46 46 46 44 122
Entering state 169
Reading a token: Next token is token INCODE ()
Shifting token INCODE ()
Entering state 195
Reducing stack by rule 109 (line 376):
   $1 = nterm inlinecode ()
   $2 = token INCODE ()
-> $$ = nterm inlinecode ()
Stack now 0 46 46 46 46 44 122
Entering state 169
Reading a token: Next token is token INCODE ()
Shifting token INCODE ()
Entering state 195
Reducing stack by rule 109 (line 376):
   $1 = nterm inlinecode ()
   $2 = token INCODE ()
-> $$ = nterm inlinecode ()
Stack now 0 46 46 46 46 44 122
Entering state 169
Reading a token: Next token is token INCODE ()
Shifting token INCODE ()
Entering state 195
Reducing stack by rule 109 (line 376):
   $1 = nterm inlinecode ()
   $2 = token INCODE ()
-> $$ = nterm inlinecode ()
Stack now 0 46 46 46 46 44 122
Entering state 169
Reading a token: Next token is token INCODE ()
Shifting token INCODE ()
Entering state 195
Reducing stack by rule 109 (line 376):
   $1 = nterm inlinecode ()
   $2 = token INCODE ()
-> $$ = nterm inlinecode ()
Stack now 0 46 46 46 46 44 122
Entering state 169
Reading a token: Next token is token INCODE ()
Shifting token INCODE ()
Entering state 195
Reducing stack by rule 109 (line 376):
   $1 = nterm inlinecode ()
   $2 = token INCODE ()
-> $$ = nterm inlinecode ()
Stack now 0 46 46 46 46 44 122
Entering state 169
Reading a token: Next token is token INCODE ()
Shifting token INCODE ()
Entering state 195
Reducing stack by rule 109 (line 376):
   $1 = nterm inlinecode ()
   $2 = token INCODE ()
-> $$ = nterm inlinecode ()
Stack now 0 46 46 46 46 44 122
Entering state 169
Reading a token: Next token is token INCODE ()
Shifting token INCODE ()
Entering state 195
Reducing stack by rule 109 (line 376):
   $1 = nterm inlinecode ()
   $2 = token INCODE ()
-> $$ = nterm inlinecode ()
Stack now 0 46 46 46 46 44 122
Entering state 169
Reading a token: Next token is token INCODE ()
Shifting token INCODE ()
Entering state 195
Reducing stack by rule 109 (line 376):
   $1 = nterm inlinecode ()
   $2 = token INCODE ()
-> $$ = nterm inlinecode ()
Stack now 0 46 46 46 46 44 122
Entering state 169
Reading a token: Next token is token INCODE ()
Shifting token INCODE ()
Entering state 195
Reducing stack by rule 109 (line 376):
   $1 = nterm inlinecode ()
   $2 = token INCODE ()
-> $$ = nterm inlinecode ()
Stack now 0 46 46 46 46 44 122
Entering state 169
Reading a token: Next token is token INCODE ()
Shifting token INCODE ()
Entering state 195
Reducing stack by rule 109 (line 376):
   $1 = nterm inlinecode ()
   $2 = token INCODE ()
-> $$ = nterm inlinecode ()
Stack now 0 46 46 46 46 44 122
Entering state 169
Reading a token: Next token is token INCODE ()
Shifting token INCODE ()
Entering state 195
Reducing stack by rule 109 (line 376):
   $1 = nterm inlinecode ()
   $2 = token INCODE ()
-> $$ = nterm inlinecode ()
Stack now 0 46 46 46 46 44 122
Entering state 169
Reading a token: Next token is token INCODE ()
Shifting token INCODE ()
Entering state 195
Reducing stack by rule 109 (line 376):
   $1 = nterm inlinecode ()
   $2 = token INCODE ()
-> $$ = nterm inlinecode ()
Stack now 0 46 46 46 46 44 122
Entering state 169
Reading a token: Next token is token INCODE ()
Shifting token INCODE ()
Entering state 195
Reducing stack by rule 109 (line 376):
   $1 = nterm inlinecode ()
   $2 = token INCODE ()
-> $$ = nterm inlinecode ()
Stack now 0 46 46 46 46 44 122
Entering state 169
Reading a token: Next token is token INCODE ()
Shifting token INCODE ()
Entering state 195
Reducing stack by rule 109 (line 376):
   $1 = nterm inlinecode ()
   $2 = token INCODE ()
-> $$ = nterm inlinecode ()
Stack now 0 46 46 46 46 44 122
Entering state 169
Reading a token: Next token is token INCODE ()
Shifting token INCODE ()
Entering state 195
Reducing stack by rule 109 (line 376):
   $1 = nterm inlinecode ()
   $2 = token INCODE ()
-> $$ = nterm inlinecode ()
Stack now 0 46 46 46 46 44 122
Entering state 169
Reading a token: Next token is token INCODE ()
Shifting token INCODE ()
Entering state 195
Reducing stack by rule 109 (line 376):
   $1 = nterm inlinecode ()
   $2 = token INCODE ()
-> $$ = nterm inlinecode ()
Stack now 0 46 46 46 46 44 122
Entering state 169
Reading a token: Next token is token INCODE ()
Shifting token INCODE ()
Entering state 195
Reducing stack by rule 109 (line 376):
   $1 = nterm inlinecode ()
   $2 = token INCODE ()
-> $$ = nterm inlinecode ()
Stack now 0 46 46 46 46 44 122
Entering state 169
Reading a token: Next token is token INCODE ()
Shifting token INCODE ()
Entering state 195
Reducing stack by rule 109 (line 376):
   $1 = nterm inlinecode ()
   $2 = token INCODE ()
-> $$ = nterm inlinecode ()
Stack now 0 46 46 46 46 44 122
Entering state 169
Reading a token: Next token is token INCODE ()
Shifting token INCODE ()
Entering state 195
Reducing stack by rule 109 (line 376):
   $1 = nterm inlinecode ()
   $2 = token INCODE ()
-> $$ = nterm inlinecode ()
Stack now 0 46 46 46 46 44 122
Entering state 169
Reading a token: Next token is token INCODE ()
Shifting token INCODE ()
Entering state 195
Reducing stack by rule 109 (line 376):
   $1 = nterm inlinecode ()
   $2 = token INCODE ()
-> $$ = nterm inlinecode ()
Stack now 0 46 46 46 46 44 122
Entering state 169
Reading a token: Next token is token INCODE ()
Shifting token INCODE ()
Entering state 195
Reducing stack by rule 109 (line 376):
   $1 = nterm inlinecode ()
   $2 = token INCODE ()
-> $$ = nterm inlinecode ()
Stack now 0 46 46 46 46 44 122
Entering state 169
Reading a token: Next token is token INCODE ()
Shifting token INCODE ()
Entering state 195
Reducing stack by rule 109 (line 376):
   $1 = nterm inlinecode ()
   $2 = token INCODE ()
-> $$ = nterm inlinecode ()
Stack now 0 46 46 46 46 44 122
Entering state 169
Reading a token: Next token is token INCODE ()
Shifting token INCODE ()
Entering state 195
Reducing stack by rule 109 (line 376):
   $1 = nterm inlinecode ()
   $2 = token INCODE ()
-> $$ = nterm inlinecode ()
Stack now 0 46 46 46 46 44 122
Entering state 169
Reading a token: Next token is token INCODE ()
Shifting token INCODE ()
Entering state 195
Reducing stack by rule 109 (line 376):
   $1 = nterm inlinecode ()
   $2 = token INCODE ()
-> $$ = nterm inlinecode ()
Stack now 0 46 46 46 46 44 122
Entering state 169
Reading a token: Next token is token INCODE ()
Shifting token INCODE ()
Entering state 195
Reducing stack by rule 109 (line 376):
   $1 = nterm inlinecode ()
   $2 = token INCODE ()
-> $$ = nterm inlinecode ()
Stack now 0 46 46 46 46 44 122
Entering state 169
Reading a token: Next token is token INCODE ()
Shifting token INCODE ()
Entering state 195
Reducing stack by rule 109 (line 376):
   $1 = nterm inlinecode ()
   $2 = token INCODE ()
-> $$ = nterm inlinecode ()
Stack now 0 46 46 46 46 44 122
Entering state 169
Reading a token: Next token is token INCODE ()
Shifting token INCODE ()
Entering state 195
Reducing stack by rule 109 (line 376):
   $1 = nterm inlinecode ()
   $2 = token INCODE ()
-> $$ = nterm inlinecode ()
Stack now 0 46 46 46 46 44 122
Entering state 169
Reading a token: Next token is token INCODE ()
Shifting token INCODE ()
Entering state 195
Reducing stack by rule 109 (line 376):
   $1 = nterm inlinecode ()
   $2 = token INCODE ()
-> $$ = nterm inlinecode ()
Stack now 0 46 46 46 46 44 122
Entering state 169
Reading a token: Next token is token INCODE ()
Shifting token INCODE ()
Entering state 195
Reducing stack by rule 109 (line 376):
   $1 = nterm inlinecode ()
   $2 = token INCODE ()
-> $$ = nterm inlinecode ()
Stack now 0 46 46 46 46 44 122
Entering state 169
Reading a token: Next token is token INCODE ()
Shifting token INCODE ()
Entering state 195
Reducing stack by rule 109 (line 376):
   $1 = nterm inlinecode ()
   $2 = token INCODE ()
-> $$ = nterm inlinecode ()
Stack now 0 46 46 46 46 44 122
Entering state 169
Reading a token: Next token is token INCODE ()
Shifting token INCODE ()
Entering state 195
Reducing stack by rule 109 (line 376):
   $1 = nterm inlinecode ()
   $2 = token INCODE ()
-> $$ = nterm inlinecode ()
Stack now 0 46 46 46 46 44 122
Entering state 169
Reading a token: Next token is token INCODE ()
Shifting token INCODE ()
Entering state 195
Reducing stack by rule 109 (line 376):
   $1 = nterm inlinecode ()
   $2 = token INCODE ()
-> $$ = nterm inlinecode ()
Stack now 0 46 46 46 46 44 122
Entering state 169
Reading a token: Next token is token INCODE ()
Shifting token INCODE ()
Entering state 195
Reducing stack by rule 109 (line 376):
   $1 = nterm inlinecode ()
   $2 = token INCODE ()
-> $$ = nterm inlinecode ()
Stack now 0 46 46 46 46 44 122
Entering state 169
Reading a token: Next token is token INCODE ()
Shifting token INCODE ()
Entering state 195
Reducing stack by rule 109 (line 376):
   $1 = nterm inlinecode ()
   $2 = token INCODE ()
-> $$ = nterm inlinecode ()
Stack now 0 46 46 46 46 44 122
Entering state 169
Reading a token: Next token is token INCODE ()
Shifting token INCODE ()
Entering state 195
Reducing stack by rule 109 (line 376):
   $1 = nterm inlinecode ()
   $2 = token INCODE ()
-> $$ = nterm inlinecode ()
Stack now 0 46 46 46 46 44 122
Entering state 169
Reading a token: Next token is token INCODE ()
Shifting token INCODE ()
Entering state 195
Reducing stack by rule 109 (line 376):
   $1 = nterm inlinecode ()
   $2 = token INCODE ()
-> $$ = nterm inlinecode ()
Stack now 0 46 46 46 46 44 122
Entering state 169
Reading a token: Next token is token INCODE ()
Shifting token INCODE ()
Entering state 195
Reducing stack by rule 109 (line 376):
   $1 = nterm inlinecode ()
   $2 = token INCODE ()
-> $$ = nterm inlinecode ()
Stack now 0 46 46 46 46 44 122
Entering state 169
Reading a token: Next token is token INCODE ()
Shifting token INCODE ()
Entering state 195
Reducing stack by rule 109 (line 376):
   $1 = nterm inlinecode ()
   $2 = token INCODE ()
-> $$ = nterm inlinecode ()
Stack now 0 46 46 46 46 44 122
Entering state 169
Reading a token: Next token is token INCODE ()
Shifting token INCODE ()
Entering state 195
Reducing stack by rule 109 (line 376):
   $1 = nterm inlinecode ()
   $2 = token INCODE ()
-> $$ = nterm inlinecode ()
Stack now 0 46 46 46 46 44 122
Entering state 169
Reading a token: Next token is token INCODE ()
Shifting token INCODE ()
Entering state 195
Reducing stack by rule 109 (line 376):
   $1 = nterm inlinecode ()
   $2 = token INCODE ()
-> $$ = nterm inlinecode ()
Stack now 0 46 46 46 46 44 122
Entering state 169
Reading a token: Next token is token INCODE ()
Shifting token INCODE ()
Entering state 195
Reducing stack by rule 109 (line 376):
   $1 = nterm inlinecode ()
   $2 = token INCODE ()
-> $$ = nterm inlinecode ()
Stack now 0 46 46 46 46 44 122
Entering state 169
Reading a token: Next token is token INCODE ()
Shifting token INCODE ()
Entering state 195
Reducing stack by rule 109 (line 376):
   $1 = nterm inlinecode ()
   $2 = token INCODE ()
-> $$ = nterm inlinecode ()
Stack now 0 46 46 46 46 44 122
Entering state 169
Reading a token: Next token is token INCODE ()
Shifting token INCODE ()
Entering state 195
Reducing stack by rule 109 (line 376):
   $1 = nterm inlinecode ()
   $2 = token INCODE ()
-> $$ = nterm inlinecode ()
Stack now 0 46 46 46 46 44 122
Entering state 169
Reading a token: Next token is token INCODE ()
Shifting token INCODE ()
Entering state 195
Reducing stack by rule 109 (line 376):
   $1 = nterm inlinecode ()
   $2 = token INCODE ()
-> $$ = nterm inlinecode ()
Stack now 0 46 46 46 46 44 122
Entering state 169
Reading a token: Next token is token INCODE ()
Shifting token INCODE ()
Entering state 195
Reducing stack by rule 109 (line 376):
   $1 = nterm inlinecode ()
   $2 = token INCODE ()
-> $$ = nterm inlinecode ()
Stack now 0 46 46 46 46 44 122
Entering state 169
Reading a token: Next token is token INCODE ()
Shifting token INCODE ()
Entering state 195
Reducing stack by rule 109 (line 376):
   $1 = nterm inlinecode ()
   $2 = token INCODE ()
-> $$ = nterm inlinecode ()
Stack now 0 46 46 46 46 44 122
Entering state 169
Reading a token: Next token is token INCODE ()
Shifting token INCODE ()
Entering state 195
Reducing stack by rule 109 (line 376):
   $1 = nterm inlinecode ()
   $2 = token INCODE ()
-> $$ = nterm inlinecode ()
Stack now 0 46 46 46 46 44 122
Entering state 169
Reading a token: Next token is token INCODE ()
Shifting token INCODE ()
Entering state 195
Reducing stack by rule 109 (line 376):
   $1 = nterm inlinecode ()
   $2 = token INCODE ()
-> $$ = nterm inlinecode ()
Stack now 0 46 46 46 46 44 122
Entering state 169
Reading a token: Next token is token INCODE ()
Shifting token INCODE ()
Entering state 195
Reducing stack by rule 109 (line 376):
   $1 = nterm inlinecode ()
   $2 = token INCODE ()
-> $$ = nterm inlinecode ()
Stack now 0 46 46 46 46 44 122
Entering state 169
Reading a token: Next token is token INCODE ()
Shifting token INCODE ()
Entering state 195
Reducing stack by rule 109 (line 376):
   $1 = nterm inlinecode ()
   $2 = token INCODE ()
-> $$ = nterm inlinecode ()
Stack now 0 46 46 46 46 44 122
Entering state 169
Reading a token: Next token is token INCODE ()
Shifting token INCODE ()
Entering state 195
Reducing stack by rule 109 (line 376):
   $1 = nterm inlinecode ()
   $2 = token INCODE ()
-> $$ = nterm inlinecode ()
Stack now 0 46 46 46 46 44 122
Entering state 169
Reading a token: Next token is token INCODE ()
Shifting token INCODE ()
Entering state 195
Reducing stack by rule 109 (line 376):
   $1 = nterm inlinecode ()
   $2 = token INCODE ()
-> $$ = nterm inlinecode ()
Stack now 0 46 46 46 46 44 122
Entering state 169
Reading a token: Next token is token INCODE ()
Shifting token INCODE ()
Entering state 195
Reducing stack by rule 109 (line 376):
   $1 = nterm inlinecode ()
   $2 = token INCODE ()
-> $$ = nterm inlinecode ()
Stack now 0 46 46 46 46 44 122
Entering state 169
Reading a token: Next token is token INCODE ()
Shifting token INCODE ()
Entering state 195
Reducing stack by rule 109 (line 376):
   $1 = nterm inlinecode ()
   $2 = token INCODE ()
-> $$ = nterm inlinecode ()
Stack now 0 46 46 46 46 44 122
Entering state 169
Reading a token: Next token is token INCODE ()
Shifting token INCODE ()
Entering state 195
Reducing stack by rule 109 (line 376):
   $1 = nterm inlinecode ()
   $2 = token INCODE ()
-> $$ = nterm inlinecode ()
Stack now 0 46 46 46 46 44 122
Entering state 169
Reading a token: Next token is token INCODE ()
Shifting token INCODE ()
Entering state 195
Reducing stack by rule 109 (line 376):
   $1 = nterm inlinecode ()
   $2 = token INCODE ()
-> $$ = nterm inlinecode ()
Stack now 0 46 46 46 46 44 122
Entering state 169
Reading a token: Next token is token INCODE ()
Shifting token INCODE ()
Entering state 195
Reducing stack by rule 109 (line 376):
   $1 = nterm inlinecode ()
   $2 = token INCODE ()
-> $$ = nterm inlinecode ()
Stack now 0 46 46 46 46 44 122
Entering state 169
Reading a token: Next token is token INCODE ()
Shifting token INCODE ()
Entering state 195
Reducing stack by rule 109 (line 376):
   $1 = nterm inlinecode ()
   $2 = token INCODE ()
-> $$ = nterm inlinecode ()
Stack now 0 46 46 46 46 44 122
Entering state 169
Reading a token: Next token is token INCODE ()
Shifting token INCODE ()
Entering state 195
Reducing stack by rule 109 (line 376):
   $1 = nterm inlinecode ()
   $2 = token INCODE ()
-> $$ = nterm inlinecode ()
Stack now 0 46 46 46 46 44 122
Entering state 169
Reading a token: Next token is token INCODE ()
Shifting token INCODE ()
Entering state 195
Reducing stack by rule 109 (line 376):
   $1 = nterm inlinecode ()
   $2 = token INCODE ()
-> $$ = nterm inlinecode ()
Stack now 0 46 46 46 46 44 122
Entering state 169
Reading a token: Next token is token INCODE ()
Shifting token INCODE ()
Entering state 195
Reducing stack by rule 109 (line 376):
   $1 = nterm inlinecode ()
   $2 = token INCODE ()
-> $$ = nterm inlinecode ()
Stack now 0 46 46 46 46 44 122
Entering state 169
Reading a token: Next token is token INCODE ()
Shifting token INCODE ()
Entering state 195
Reducing stack by rule 109 (line 376):
   $1 = nterm inlinecode ()
   $2 = token INCODE ()
-> $$ = nterm inlinecode ()
Stack now 0 46 46 46 46 44 122
Entering state 169
Reading a token: Next token is token INCODE ()
Shifting token INCODE ()
Entering state 195
Reducing stack by rule 109 (line 376):
   $1 = nterm inlinecode ()
   $2 = token INCODE ()
-> $$ = nterm inlinecode ()
Stack now 0 46 46 46 46 44 122
Entering state 169
Reading a token: Next token is token INCODE ()
Shifting token INCODE ()
Entering state 195
Reducing stack by rule 109 (line 376):
   $1 = nterm inlinecode ()
   $2 = token INCODE ()
-> $$ = nterm inlinecode ()
Stack now 0 46 46 46 46 44 122
Entering state 169
Reading a token: Next token is token ENDINLINE ()
Shifting token ENDINLINE ()
Entering state 194
Reducing stack by rule 40 (line 179):
   $1 = token INLINE ()
   $2 = token INLCTX ()
   $3 = nterm inlinecode ()
   $4 = token ENDINLINE ()
-> $$ = nterm section ()
Stack now 0 46 46 46 46
Entering state 46
Reading a token: Next token is token LANGUAGE ()
Shifting token LANGUAGE ()
Entering state 40
Reading a token: Next token is token PARAMETER ()
Shifting token PARAMETER ()
Entering state 117
Reducing stack by rule 35 (line 169):
   $1 = token LANGUAGE ()
   $2 = token PARAMETER ()
-> $$ = nterm section ()
Stack now 0 46 46 46 46 46
Entering state 46
Reading a token: Next token is token DOUBLE ()
Shifting token DOUBLE ()
Entering state 2
Reading a token: Next token is token PARAMETER ()
Shifting token PARAMETER ()
Entering state 48
Reducing stack by rule 6 (line 104):
   $1 = token DOUBLE ()
   $2 = token PARAMETER ()
-> $$ = nterm section ()
Stack now 0 46 46 46 46 46 46
Entering state 46
Reading a token: Next token is token FUNCTION ()
Shifting token FUNCTION ()
Entering state 3
Reading a token: Next token is token PARAMETER ()
Shifting token PARAMETER ()
Entering state 49
Reducing stack by rule 11 (line 119):
   $1 = token FUNCTION ()
   $2 = token PARAMETER ()
-> $$ = nterm section ()
Stack now 0 46 46 46 46 46 46 46
Entering state 46
Reading a token: Next token is token JACOBIAN ()
Shifting token JACOBIAN ()
Entering state 1
Reading a token: Next token is token PARAMETER ()
Shifting token PARAMETER ()
Entering state 47
Reducing stack by rule 3 (line 95):
   $1 = token JACOBIAN ()
   $2 = token PARAMETER ()
-> $$ = nterm section ()
Stack now 0 46 46 46 46 46 46 46 46
Entering state 46
Reading a token: Next token is token DOUBLE ()
Shifting token DOUBLE ()
Entering state 2
Reading a token: Next token is token PARAMETER ()
Shifting token PARAMETER ()
Entering state 48
Reducing stack by rule 6 (line 104):
   $1 = token DOUBLE ()
   $2 = token PARAMETER ()
-> $$ = nterm section ()
Stack now 0 46 46 46 46 46 46 46 46 46
Entering state 46
Reading a token: Next token is token INTFILE ()
Shifting token INTFILE ()
Entering state 41
Reading a token: Next token is token PARAMETER ()
Shifting token PARAMETER ()
Entering state 118
Reducing stack by rule 42 (line 186):
   $1 = token INTFILE ()
   $2 = token PARAMETER ()
-> $$ = nterm section ()
Stack now 0 46 46 46 46 46 46 46 46 46 46
Entering state 46
Reading a token: Next token is token INLINE ()
Shifting token INLINE ()
Entering state 44
Reading a token: Next token is token INLCTX ()
Shifting token INLCTX ()
Entering state 122
Reading a token: Next token is token INCODE ()
Shifting token INCODE ()
Entering state 168
Reducing stack by rule 110 (line 380):
   $1 = token INCODE ()
-> $$ = nterm inlinecode ()
Stack now 0 46 46 46 46 46 46 46 46 46 46 46 44 122
Entering state 169
Reading a token: Next token is token INCODE ()
Shifting token INCODE ()
Entering state 195
Reducing stack by rule 109 (line 376):
   $1 = nterm inlinecode ()
   $2 = token INCODE ()
-> $$ = nterm inlinecode ()
Stack now 0 46 46 46 46 46 46 46 46 46 46 46 44 122
Entering state 169
Reading a token: Next token is token INCODE ()
Shifting token INCODE ()
Entering state 195
Reducing stack by rule 109 (line 376):
   $1 = nterm inlinecode ()
   $2 = token INCODE ()
-> $$ = nterm inlinecode ()
Stack now 0 46 46 46 46 46 46 46 46 46 46 46 44 122
Entering state 169
Reading a token: Next token is token INCODE ()
Shifting token INCODE ()
Entering state 195
Reducing stack by rule 109 (line 376):
   $1 = nterm inlinecode ()
   $2 = token INCODE ()
-> $$ = nterm inlinecode ()
Stack now 0 46 46 46 46 46 46 46 46 46 46 46 44 122
Entering state 169
Reading a token: Next token is token INCODE ()
Shifting token INCODE ()
Entering state 195
Reducing stack by rule 109 (line 376):
   $1 = nterm inlinecode ()
   $2 = token INCODE ()
-> $$ = nterm inlinecode ()
Stack now 0 46 46 46 46 46 46 46 46 46 46 46 44 122
Entering state 169
Reading a token: Next token is token INCODE ()
Shifting token INCODE ()
Entering state 195
Reducing stack by rule 109 (line 376):
   $1 = nterm inlinecode ()
   $2 = token INCODE ()
-> $$ = nterm inlinecode ()
Stack now 0 46 46 46 46 46 46 46 46 46 46 46 44 122
Entering state 169
Reading a token: Next token is token INCODE ()
Shifting token INCODE ()
Entering state 195
Reducing stack by rule 109 (line 376):
   $1 = nterm inlinecode ()
   $2 = token INCODE ()
-> $$ = nterm inlinecode ()
Stack now 0 46 46 46 46 46 46 46 46 46 46 46 44 122
Entering state 169
Reading a token: Next token is token INCODE ()
Shifting token INCODE ()
Entering state 195
Reducing stack by rule 109 (line 376):
   $1 = nterm inlinecode ()
   $2 = token INCODE ()
-> $$ = nterm inlinecode ()
Stack now 0 46 46 46 46 46 46 46 46 46 46 46 44 122
Entering state 169
Reading a token: Next token is token INCODE ()
Shifting token INCODE ()
Entering state 195
Reducing stack by rule 109 (line 376):
   $1 = nterm inlinecode ()
   $2 = token INCODE ()
-> $$ = nterm inlinecode ()
Stack now 0 46 46 46 46 46 46 46 46 46 46 46 44 122
Entering state 169
Reading a token: Next token is token ENDINLINE ()
Shifting token ENDINLINE ()
Entering state 194
Reducing stack by rule 40 (line 179):
   $1 = token INLINE ()
   $2 = token INLCTX ()
   $3 = nterm inlinecode ()
   $4 = token ENDINLINE ()
-> $$ = nterm section ()
Stack now 0 46 46 46 46 46 46 46 46 46 46 46
Entering state 46
Reading a token: Next token is token INLINE ()
Shifting token INLINE ()
Entering state 44
Reading a token: Next token is token INLCTX ()
Shifting token INLCTX ()
Entering state 122
Reading a token: Next token is token INCODE ()
Shifting token INCODE ()
Entering state 168
Reducing stack by rule 110 (line 380):
   $1 = token INCODE ()
-> $$ = nterm inlinecode ()
Stack now 0 46 46 46 46 46 46 46 46 46 46 46 46 44 122
Entering state 169
Reading a token: Next token is token INCODE ()
Shifting token INCODE ()
Entering state 195
Reducing stack by rule 109 (line 376):
   $1 = nterm inlinecode ()
   $2 = token INCODE ()
-> $$ = nterm inlinecode ()
Stack now 0 46 46 46 46 46 46 46 46 46 46 46 46 44 122
Entering state 169
Reading a token: Next token is token INCODE ()
Shifting token INCODE ()
Entering state 195
Reducing stack by rule 109 (line 376):
   $1 = nterm inlinecode ()
   $2 = token INCODE ()
-> $$ = nterm inlinecode ()
Stack now 0 46 46 46 46 46 46 46 46 46 46 46 46 44 122
Entering state 169
Reading a token: Next token is token INCODE ()
Shifting token INCODE ()
Entering state 195
Reducing stack by rule 109 (line 376):
   $1 = nterm inlinecode ()
   $2 = token INCODE ()
-> $$ = nterm inlinecode ()
Stack now 0 46 46 46 46 46 46 46 46 46 46 46 46 44 122
Entering state 169
Reading a token: Next token is token INCODE ()
Shifting token INCODE ()
Entering state 195
Reducing stack by rule 109 (line 376):
   $1 = nterm inlinecode ()
   $2 = token INCODE ()
-> $$ = nterm inlinecode ()
Stack now 0 46 46 46 46 46 46 46 46 46 46 46 46 44 122
Entering state 169
Reading a token: Next token is token INCODE ()
Shifting token INCODE ()
Entering state 195
Reducing stack by rule 109 (line 376):
   $1 = nterm inlinecode ()
   $2 = token INCODE ()
-> $$ = nterm inlinecode ()
Stack now 0 46 46 46 46 46 46 46 46 46 46 46 46 44 122
Entering state 169
Reading a token: Next token is token INCODE ()
Shifting token INCODE ()
Entering state 195
Reducing stack by rule 109 (line 376):
   $1 = nterm inlinecode ()
   $2 = token INCODE ()
-> $$ = nterm inlinecode ()
Stack now 0 46 46 46 46 46 46 46 46 46 46 46 46 44 122
Entering state 169
Reading a token: Next token is token INCODE ()
Shifting token INCODE ()
Entering state 195
Reducing stack by rule 109 (line 376):
   $1 = nterm inlinecode ()
   $2 = token INCODE ()
-> $$ = nterm inlinecode ()
Stack now 0 46 46 46 46 46 46 46 46 46 46 46 46 44 122
Entering state 169
Reading a token: Next token is token INCODE ()
Shifting token INCODE ()
Entering state 195
Reducing stack by rule 109 (line 376):
   $1 = nterm inlinecode ()
   $2 = token INCODE ()
-> $$ = nterm inlinecode ()
Stack now 0 46 46 46 46 46 46 46 46 46 46 46 46 44 122
Entering state 169
Reading a token: Next token is token ENDINLINE ()
Shifting token ENDINLINE ()
Entering state 194
Reducing stack by rule 40 (line 179):
   $1 = token INLINE ()
   $2 = token INLCTX ()
   $3 = nterm inlinecode ()
   $4 = token ENDINLINE ()
-> $$ = nterm section ()
Stack now 0 46 46 46 46 46 46 46 46 46 46 46 46
Entering state 46
Reading a token: Next token is token DRIVER ()
Shifting token DRIVER ()
Entering state 42
Reading a token: Next token is token PARAMETER ()
Shifting token PARAMETER ()
Entering state 119
Reducing stack by rule 43 (line 188):
   $1 = token DRIVER ()
   $2 = token PARAMETER ()
-> $$ = nterm section ()
Stack now 0 46 46 46 46 46 46 46 46 46 46 46 46 46
Entering state 46
Reading a token: Next token is token JACOBIAN ()
Shifting token JACOBIAN ()
Entering state 1
Reading a token: Next token is token PARAMETER ()
Shifting token PARAMETER ()
Entering state 47
Reducing stack by rule 3 (line 95):
   $1 = token JACOBIAN ()
   $2 = token PARAMETER ()
-> $$ = nterm section ()
Stack now 0 46 46 46 46 46 46 46 46 46 46 46 46 46 46
Entering state 46
Reading a token: Next token is token HESSIAN ()
Shifting token HESSIAN ()
Entering state 10
Reading a token: Next token is token PARAMETER ()
Shifting token PARAMETER ()
Entering state 64
Reducing stack by rule 4 (line 98):
   $1 = token HESSIAN ()
   $2 = token PARAMETER ()
-> $$ = nterm section ()
Stack now 0 46 46 46 46 46 46 46 46 46 46 46 46 46 46 46
Entering state 46
Reading a token: Next token is token STOICMAT ()
Shifting token STOICMAT ()
Entering state 11
Reading a token: Next token is token PARAMETER ()
Shifting token PARAMETER ()
Entering state 65
Reducing stack by rule 5 (line 101):
   $1 = token STOICMAT ()
   $2 = token PARAMETER ()
-> $$ = nterm section ()
Stack now 0 46 46 46 46 46 46 46 46 46 46 46 46 46 46 46 46
Entering state 46
Reading a token: Next token is token WRFCONFORM ()
Shifting token WRFCONFORM ()
Entering state 30
Reducing stack by rule 47 (line 197):
   $1 = token WRFCONFORM ()
-> $$ = nterm section ()
Stack now 0 46 46 46 46 46 46 46 46 46 46 46 46 46 46 46 46 46
Entering state 46
Reading a token: Now at end of input.
Reducing stack by rule 1 (line 92):
   $1 = nterm section ()
-> $$ = nterm program ()
Stack now 0 46 46 46 46 46 46 46 46 46 46 46 46 46 46 46 46 46
Entering state 124
Reducing stack by rule 2 (line 93):
   $1 = nterm section ()
   $2 = nterm program ()
-> $$ = nterm program ()
Stack now 0 46 46 46 46 46 46 46 46 46 46 46 46 46 46 46 46
Entering state 124
Reducing stack by rule 2 (line 93):
   $1 = nterm section ()
   $2 = nterm program ()
-> $$ = nterm program ()
Stack now 0 46 46 46 46 46 46 46 46 46 46 46 46 46 46 46
Entering state 124
Reducing stack by rule 2 (line 93):
   $1 = nterm section ()
   $2 = nterm program ()
-> $$ = nterm program ()
Stack now 0 46 46 46 46 46 46 46 46 46 46 46 46 46 46
Entering state 124
Reducing stack by rule 2 (line 93):
   $1 = nterm section ()
   $2 = nterm program ()
-> $$ = nterm program ()
Stack now 0 46 46 46 46 46 46 46 46 46 46 46 46 46
Entering state 124
Reducing stack by rule 2 (line 93):
   $1 = nterm section ()
   $2 = nterm program ()
-> $$ = nterm program ()
Stack now 0 46 46 46 46 46 46 46 46 46 46 46 46
Entering state 124
Reducing stack by rule 2 (line 93):
   $1 = nterm section ()
   $2 = nterm program ()
-> $$ = nterm program ()
Stack now 0 46 46 46 46 46 46 46 46 46 46 46
Entering state 124
Reducing stack by rule 2 (line 93):
   $1 = nterm section ()
   $2 = nterm program ()
-> $$ = nterm program ()
Stack now 0 46 46 46 46 46 46 46 46 46 46
Entering state 124
Reducing stack by rule 2 (line 93):
   $1 = nterm section ()
   $2 = nterm program ()
-> $$ = nterm program ()
Stack now 0 46 46 46 46 46 46 46 46 46
Entering state 124
Reducing stack by rule 2 (line 93):
   $1 = nterm section ()
   $2 = nterm program ()
-> $$ = nterm program ()
Stack now 0 46 46 46 46 46 46 46 46
Entering state 124
Reducing stack by rule 2 (line 93):
   $1 = nterm section ()
   $2 = nterm program ()
-> $$ = nterm program ()
Stack now 0 46 46 46 46 46 46 46
Entering state 124
Reducing stack by rule 2 (line 93):
   $1 = nterm section ()
   $2 = nterm program ()
-> $$ = nterm program ()
Stack now 0 46 46 46 46 46 46
Entering state 124
Reducing stack by rule 2 (line 93):
   $1 = nterm section ()
   $2 = nterm program ()
-> $$ = nterm program ()
Stack now 0 46 46 46 46 46
Entering state 124
Reducing stack by rule 2 (line 93):
   $1 = nterm section ()
   $2 = nterm program ()
-> $$ = nterm program ()
Stack now 0 46 46 46 46
Entering state 124
Reducing stack by rule 2 (line 93):
   $1 = nterm section ()
   $2 = nterm program ()
-> $$ = nterm program ()
Stack now 0 46 46 46
Entering state 124
Reducing stack by rule 2 (line 93):
   $1 = nterm section ()
   $2 = nterm program ()
-> $$ = nterm program ()
Stack now 0 46 46
Entering state 124
Reducing stack by rule 2 (line 93):
   $1 = nterm section ()
   $2 = nterm program ()
-> $$ = nterm program ()
Stack now 0 46
Entering state 124
Reducing stack by rule 2 (line 93):
   $1 = nterm section ()
   $2 = nterm program ()
-> $$ = nterm program ()
Stack now 0
Entering state 45
Now at end of input.
Shifting token $end ()
Entering state 123
Stack now 0 45 123
Cleanup: popping token $end ()
Cleanup: popping nterm program ()

This is KPP-2.1.

KPP is parsing the equation file.
KPP was told to generate WRF conform code
KPP is computing Jacobian sparsity structure.
KPP is starting the code generation.
KPP is initializing the code generation.
 
 KPP is using the WRF conform integrator routine: 
 /glade/work/rkumar/NASA_HMA/WRFchem_HMA/chem/KPP/kpp/kpp-2.1/int/WRF_conform/rosenbrock 

KPP is generating the monitor data:
    - cri_mosaic_8bin_aq_Monitor
KPP is generating the utility data:
    - cri_mosaic_8bin_aq_Util
KPP is generating the global declarations:
    - cri_mosaic_8bin_aq_Main
KPP is generating the ODE function:
    - cri_mosaic_8bin_aq_Function
KPP is generating the ODE Jacobian:
    - cri_mosaic_8bin_aq_Jacobian
    - cri_mosaic_8bin_aq_JacobianSP
KPP is generating the linear algebra routines:
    - cri_mosaic_8bin_aq_LinearAlgebra
KPP is generating the utility functions:
    - cri_mosaic_8bin_aq_Util
KPP is generating the rate laws:
    - cri_mosaic_8bin_aq_Rates
KPP is generating UpdateRconstWRF (WRF conform): 
    - cri_mosaic_8bin_aq_UpdateRconst
KPP is generating the parameters:
    - cri_mosaic_8bin_aq_Parameters
KPP is generating the global data:
    - cri_mosaic_8bin_aq_Global
KPP is generating the driver from general.f90:
    - cri_mosaic_8bin_aq_Main
KPP is starting the code post-processing.

KPP has succesfully created the model "cri_mosaic_8bin_aq".

cp -f cri_mosaic_8bin_aq_Integrator.f90 ../../../module_kpp_cri_mosaic_8bin_aq_Integr.F
cp -f cri_mosaic_8bin_aq_Parameters.f90 ../../../module_kpp_cri_mosaic_8bin_aq_Parameters.F
cp -f cri_mosaic_8bin_aq_Precision.f90 ../../../module_kpp_cri_mosaic_8bin_aq_Precision.F
cp -f cri_mosaic_8bin_aq_JacobianSP.f90 ../../../module_kpp_cri_mosaic_8bin_aq_JacobianSP.F
cp -f cri_mosaic_8bin_aq_Jacobian.f90 ../../../module_kpp_cri_mosaic_8bin_aq_Jacobian.F
cp -f cri_mosaic_8bin_aq_Update_Rconst.f90 ../../../module_kpp_cri_mosaic_8bin_aq_Update_Rconst.F
touch ../../util/run_wkc
Makefile:50: warning: overriding recipe for target '.F.o'
../../../../configure.wrf:375: warning: ignoring old recipe for target '.F.o'
Makefile:58: warning: overriding recipe for target '.c.o'
../../../../configure.wrf:406: warning: ignoring old recipe for target '.c.o'
rm -f decomp_uses.inc
echo USE cri_mosaic_8bin_aq_Parameters > decomp_uses.inc
echo USE cri_mosaic_8bin_aq_JacobianSP >> decomp_uses.inc
ln -sf  ../../../module_kpp_cri_mosaic_8bin_aq_Precision.F
ln -sf  ../../../module_kpp_cri_mosaic_8bin_aq_Parameters.F
ln -sf  ../../../module_kpp_cri_mosaic_8bin_aq_JacobianSP.F
ln -sf  ../../../module_kpp_cri_mosaic_8bin_aq_Integr.F
make -i -r comp
make[1]: Entering directory '/glade/work/rkumar/NASA_HMA/WRFchem_HMA/chem/KPP/util/write_decomp'
Makefile:50: warning: overriding recipe for target '.F.o'
../../../../configure.wrf:375: warning: ignoring old recipe for target '.F.o'
Makefile:58: warning: overriding recipe for target '.c.o'
../../../../configure.wrf:406: warning: ignoring old recipe for target '.c.o'
rm -f module_kpp_cri_mosaic_8bin_aq_Precision.o
sed -f ../../../../arch/standard.sed module_kpp_cri_mosaic_8bin_aq_Precision.F > module_kpp_cri_mosaic_8bin_aq_Precision.b 
/lib/cpp -P -nostdinc -I../../../../inc -DEM_CORE=1 -DNMM_CORE=0 -DNMM_MAX_DIM=2600 -DCOAMPS_CORE= -DDA_CORE=0 -DEXP_CORE= -DIWORDSIZE=4 -DDWORDSIZE=8 -DRWORDSIZE=4 -DLWORDSIZE=4 -DNONSTANDARD_SYSTEM_FUNC  -DWRF_USE_CLM  -DSNICAR_FRC    -DDM_PARALLEL -DNETCDF -DUSE_ALLOCATABLES -DGRIB1 -DINTIO -DKEEP_INT_AROUND -DLIMIT_ARGS -DCONFIG_BUF_LEN=65536 -DMAX_DOMAINS_F=21 -DMAX_HISTORY=25 -DNMM_NEST= -DWRF_CHEM -DBUILD_CHEM=1 -DWRF_KPP -I. -traditional-cpp  module_kpp_cri_mosaic_8bin_aq_Precision.b  > module_kpp_cri_mosaic_8bin_aq_Precision.f90
rm -f module_kpp_cri_mosaic_8bin_aq_Precision.b
ifort -c -O3 -ip -fp-model precise -w -ftz -align all -fno-alias -FR -convert big_endian    -real-size `expr 8 \* 4` -i4  module_kpp_cri_mosaic_8bin_aq_Precision.f90
rm -f module_kpp_cri_mosaic_8bin_aq_Parameters.o
sed -f ../../../../arch/standard.sed module_kpp_cri_mosaic_8bin_aq_Parameters.F > module_kpp_cri_mosaic_8bin_aq_Parameters.b 
/lib/cpp -P -nostdinc -I../../../../inc -DEM_CORE=1 -DNMM_CORE=0 -DNMM_MAX_DIM=2600 -DCOAMPS_CORE= -DDA_CORE=0 -DEXP_CORE= -DIWORDSIZE=4 -DDWORDSIZE=8 -DRWORDSIZE=4 -DLWORDSIZE=4 -DNONSTANDARD_SYSTEM_FUNC  -DWRF_USE_CLM  -DSNICAR_FRC    -DDM_PARALLEL -DNETCDF -DUSE_ALLOCATABLES -DGRIB1 -DINTIO -DKEEP_INT_AROUND -DLIMIT_ARGS -DCONFIG_BUF_LEN=65536 -DMAX_DOMAINS_F=21 -DMAX_HISTORY=25 -DNMM_NEST= -DWRF_CHEM -DBUILD_CHEM=1 -DWRF_KPP -I. -traditional-cpp  module_kpp_cri_mosaic_8bin_aq_Parameters.b  > module_kpp_cri_mosaic_8bin_aq_Parameters.f90
rm -f module_kpp_cri_mosaic_8bin_aq_Parameters.b
ifort -c -O3 -ip -fp-model precise -w -ftz -align all -fno-alias -FR -convert big_endian    -real-size `expr 8 \* 4` -i4  module_kpp_cri_mosaic_8bin_aq_Parameters.f90
rm -f module_kpp_cri_mosaic_8bin_aq_JacobianSP.o
sed -f ../../../../arch/standard.sed module_kpp_cri_mosaic_8bin_aq_JacobianSP.F > module_kpp_cri_mosaic_8bin_aq_JacobianSP.b 
/lib/cpp -P -nostdinc -I../../../../inc -DEM_CORE=1 -DNMM_CORE=0 -DNMM_MAX_DIM=2600 -DCOAMPS_CORE= -DDA_CORE=0 -DEXP_CORE= -DIWORDSIZE=4 -DDWORDSIZE=8 -DRWORDSIZE=4 -DLWORDSIZE=4 -DNONSTANDARD_SYSTEM_FUNC  -DWRF_USE_CLM  -DSNICAR_FRC    -DDM_PARALLEL -DNETCDF -DUSE_ALLOCATABLES -DGRIB1 -DINTIO -DKEEP_INT_AROUND -DLIMIT_ARGS -DCONFIG_BUF_LEN=65536 -DMAX_DOMAINS_F=21 -DMAX_HISTORY=25 -DNMM_NEST= -DWRF_CHEM -DBUILD_CHEM=1 -DWRF_KPP -I. -traditional-cpp  module_kpp_cri_mosaic_8bin_aq_JacobianSP.b  > module_kpp_cri_mosaic_8bin_aq_JacobianSP.f90
rm -f module_kpp_cri_mosaic_8bin_aq_JacobianSP.b
ifort -c -O3 -ip -fp-model precise -w -ftz -align all -fno-alias -FR -convert big_endian    -real-size `expr 8 \* 4` -i4  module_kpp_cri_mosaic_8bin_aq_JacobianSP.f90
rm -f write_decomp.o
sed -f ../../../../arch/standard.sed write_decomp.F > write_decomp.b 
/lib/cpp -P -nostdinc -I../../../../inc -DEM_CORE=1 -DNMM_CORE=0 -DNMM_MAX_DIM=2600 -DCOAMPS_CORE= -DDA_CORE=0 -DEXP_CORE= -DIWORDSIZE=4 -DDWORDSIZE=8 -DRWORDSIZE=4 -DLWORDSIZE=4 -DNONSTANDARD_SYSTEM_FUNC  -DWRF_USE_CLM  -DSNICAR_FRC    -DDM_PARALLEL -DNETCDF -DUSE_ALLOCATABLES -DGRIB1 -DINTIO -DKEEP_INT_AROUND -DLIMIT_ARGS -DCONFIG_BUF_LEN=65536 -DMAX_DOMAINS_F=21 -DMAX_HISTORY=25 -DNMM_NEST= -DWRF_CHEM -DBUILD_CHEM=1 -DWRF_KPP -I. -traditional-cpp  write_decomp.b  > write_decomp.f90
rm -f write_decomp.b
ifort -c -O3 -ip -fp-model precise -w -ftz -align all -fno-alias -FR -convert big_endian    -real-size `expr 8 \* 4` -i4  write_decomp.f90
ifort -o write_decomp.exe module_kpp_cri_mosaic_8bin_aq_Precision.o module_kpp_cri_mosaic_8bin_aq_Parameters.o module_kpp_cri_mosaic_8bin_aq_JacobianSP.o      write_decomp.o  
echo cri_mosaic_8bin_aq > mech.tmp
make[1]: Leaving directory '/glade/work/rkumar/NASA_HMA/WRFchem_HMA/chem/KPP/util/write_decomp'
./write_decomp.exe
   -- in write_decomp
     for kpp mechanism: cri_mosaic_8bin_aq
 fname:<decomp_cri_mosaic_8bin_aq.inc>
make -i -r integr_edit
make[1]: Entering directory '/glade/work/rkumar/NASA_HMA/WRFchem_HMA/chem/KPP/util/write_decomp'
Makefile:50: warning: overriding recipe for target '.F.o'
../../../../configure.wrf:375: warning: ignoring old recipe for target '.F.o'
Makefile:58: warning: overriding recipe for target '.c.o'
../../../../configure.wrf:406: warning: ignoring old recipe for target '.c.o'
rm -f integr_edit.o
icc -c -w -O3 -ip  -DDM_PARALLEL -DMAX_HISTORY=25 -DNMM_CORE=0 integr_edit.c
icc -o integr_edit.exe integr_edit.o
make[1]: Leaving directory '/glade/work/rkumar/NASA_HMA/WRFchem_HMA/chem/KPP/util/write_decomp'
./integr_edit.exe cri_mosaic_8bin_aq
   integr_edit: replacing     CALL cri_mosaic_8bin_aq_KppDecomp ( A, ising )
 
  END MODULE cri_mosaic_8bin_aq_Integrator
 make -i -r clean 
make[1]: Entering directory '/glade/work/rkumar/NASA_HMA/WRFchem_HMA/chem/KPP/util/write_decomp'
Makefile:50: warning: overriding recipe for target '.F.o'
../../../../configure.wrf:375: warning: ignoring old recipe for target '.F.o'
Makefile:58: warning: overriding recipe for target '.c.o'
../../../../configure.wrf:406: warning: ignoring old recipe for target '.c.o'
rm -f *.o *.tmp *.mod module_kpp_* *~ *.inc *.exe *.f90
make[1]: Leaving directory '/glade/work/rkumar/NASA_HMA/WRFchem_HMA/chem/KPP/util/write_decomp'
=========================================================
mechanisms/gocartracm
ln -s ../../util/Makefile_kpp mechanisms/gocartracm/Makefile
ln -s ../chem/KPP/inc/gocartracm/extra_args_to_update_rconst_gocartracm.inc /glade/work/rkumar/NASA_HMA/WRFchem_HMA/inc
ln -s ../chem/KPP/inc/gocartracm/extra_args_update_rconst_gocartracm.inc /glade/work/rkumar/NASA_HMA/WRFchem_HMA/inc
ln -s ../chem/KPP/inc/gocartracm/extra_decls_update_rconst_gocartracm.inc /glade/work/rkumar/NASA_HMA/WRFchem_HMA/inc
ln -s ../chem/KPP/inc/gocartracm/kpp_mechd_a_gocartracm.inc /glade/work/rkumar/NASA_HMA/WRFchem_HMA/inc
ln -s ../chem/KPP/inc/gocartracm/kpp_mechd_b_gocartracm.inc /glade/work/rkumar/NASA_HMA/WRFchem_HMA/inc
ln -s ../chem/KPP/inc/gocartracm/kpp_mechd_e_gocartracm.inc /glade/work/rkumar/NASA_HMA/WRFchem_HMA/inc
ln -s ../chem/KPP/inc/gocartracm/kpp_mechd_ia_gocartracm.inc /glade/work/rkumar/NASA_HMA/WRFchem_HMA/inc
ln -s ../chem/KPP/inc/gocartracm/kpp_mechd_ib_gocartracm.inc /glade/work/rkumar/NASA_HMA/WRFchem_HMA/inc
ln -s ../chem/KPP/inc/gocartracm/kpp_mechd_ibu_gocartracm.inc /glade/work/rkumar/NASA_HMA/WRFchem_HMA/inc
ln -s ../chem/KPP/inc/gocartracm/kpp_mechd_l_gocartracm.inc /glade/work/rkumar/NASA_HMA/WRFchem_HMA/inc
ln -s ../chem/KPP/inc/gocartracm/kpp_mechd_u_gocartracm.inc /glade/work/rkumar/NASA_HMA/WRFchem_HMA/inc
model gocartracm
/glade/work/rkumar/NASA_HMA/WRFchem_HMA/chem/KPP/kpp/kpp-2.1/bin/kpp gocartracm.kpp

This is KPP-2.1.

KPP is parsing the equation file.
KPP was told to generate WRF conform code
KPP is computing Jacobian sparsity structure.
KPP is starting the code generation.
KPP is initializing the code generation.
 
 KPP is using the WRF conform integrator routine: 
 /glade/work/rkumar/NASA_HMA/WRFchem_HMA/chem/KPP/kpp/kpp-2.1/int/WRF_conform/rosenbrock 

KPP is generating the monitor data:
    - gocartracm_Monitor
KPP is generating the utility data:
    - gocartracm_Util
KPP is generating the global declarations:
    - gocartracm_Main
KPP is generating the ODE function:
    - gocartracm_Function
KPP is generating the ODE Jacobian:
    - gocartracm_Jacobian
    - gocartracm_JacobianSP
KPP is generating the linear algebra routines:
    - gocartracm_LinearAlgebra
KPP is generating the utility functions:
    - gocartracm_Util
KPP is generating the rate laws:
    - gocartracm_Rates
KPP is generating UpdateRconstWRF (WRF conform): 
    - gocartracm_UpdateRconst
KPP is generating the parameters:
    - gocartracm_Parameters
KPP is generating the global data:
    - gocartracm_Global
KPP is generating the driver from general.f90:
    - gocartracm_Main
KPP is starting the code post-processing.

KPP has succesfully created the model "gocartracm".

cp -f gocartracm_Integrator.f90 ../../../module_kpp_gocartracm_Integr.F
cp -f gocartracm_Parameters.f90 ../../../module_kpp_gocartracm_Parameters.F
cp -f gocartracm_Precision.f90 ../../../module_kpp_gocartracm_Precision.F
cp -f gocartracm_JacobianSP.f90 ../../../module_kpp_gocartracm_JacobianSP.F
cp -f gocartracm_Jacobian.f90 ../../../module_kpp_gocartracm_Jacobian.F
cp -f gocartracm_Update_Rconst.f90 ../../../module_kpp_gocartracm_Update_Rconst.F
touch ../../util/run_wkc
Makefile:50: warning: overriding recipe for target '.F.o'
../../../../configure.wrf:375: warning: ignoring old recipe for target '.F.o'
Makefile:58: warning: overriding recipe for target '.c.o'
../../../../configure.wrf:406: warning: ignoring old recipe for target '.c.o'
rm -f decomp_uses.inc
echo USE gocartracm_Parameters > decomp_uses.inc
echo USE gocartracm_JacobianSP >> decomp_uses.inc
ln -sf  ../../../module_kpp_gocartracm_Precision.F
ln -sf  ../../../module_kpp_gocartracm_Parameters.F
ln -sf  ../../../module_kpp_gocartracm_JacobianSP.F
ln -sf  ../../../module_kpp_gocartracm_Integr.F
make -i -r comp
make[1]: Entering directory '/glade/work/rkumar/NASA_HMA/WRFchem_HMA/chem/KPP/util/write_decomp'
Makefile:50: warning: overriding recipe for target '.F.o'
../../../../configure.wrf:375: warning: ignoring old recipe for target '.F.o'
Makefile:58: warning: overriding recipe for target '.c.o'
../../../../configure.wrf:406: warning: ignoring old recipe for target '.c.o'
rm -f module_kpp_gocartracm_Precision.o
sed -f ../../../../arch/standard.sed module_kpp_gocartracm_Precision.F > module_kpp_gocartracm_Precision.b 
/lib/cpp -P -nostdinc -I../../../../inc -DEM_CORE=1 -DNMM_CORE=0 -DNMM_MAX_DIM=2600 -DCOAMPS_CORE= -DDA_CORE=0 -DEXP_CORE= -DIWORDSIZE=4 -DDWORDSIZE=8 -DRWORDSIZE=4 -DLWORDSIZE=4 -DNONSTANDARD_SYSTEM_FUNC  -DWRF_USE_CLM  -DSNICAR_FRC    -DDM_PARALLEL -DNETCDF -DUSE_ALLOCATABLES -DGRIB1 -DINTIO -DKEEP_INT_AROUND -DLIMIT_ARGS -DCONFIG_BUF_LEN=65536 -DMAX_DOMAINS_F=21 -DMAX_HISTORY=25 -DNMM_NEST= -DWRF_CHEM -DBUILD_CHEM=1 -DWRF_KPP -I. -traditional-cpp  module_kpp_gocartracm_Precision.b  > module_kpp_gocartracm_Precision.f90
rm -f module_kpp_gocartracm_Precision.b
ifort -c -O3 -ip -fp-model precise -w -ftz -align all -fno-alias -FR -convert big_endian    -real-size `expr 8 \* 4` -i4  module_kpp_gocartracm_Precision.f90
rm -f module_kpp_gocartracm_Parameters.o
sed -f ../../../../arch/standard.sed module_kpp_gocartracm_Parameters.F > module_kpp_gocartracm_Parameters.b 
/lib/cpp -P -nostdinc -I../../../../inc -DEM_CORE=1 -DNMM_CORE=0 -DNMM_MAX_DIM=2600 -DCOAMPS_CORE= -DDA_CORE=0 -DEXP_CORE= -DIWORDSIZE=4 -DDWORDSIZE=8 -DRWORDSIZE=4 -DLWORDSIZE=4 -DNONSTANDARD_SYSTEM_FUNC  -DWRF_USE_CLM  -DSNICAR_FRC    -DDM_PARALLEL -DNETCDF -DUSE_ALLOCATABLES -DGRIB1 -DINTIO -DKEEP_INT_AROUND -DLIMIT_ARGS -DCONFIG_BUF_LEN=65536 -DMAX_DOMAINS_F=21 -DMAX_HISTORY=25 -DNMM_NEST= -DWRF_CHEM -DBUILD_CHEM=1 -DWRF_KPP -I. -traditional-cpp  module_kpp_gocartracm_Parameters.b  > module_kpp_gocartracm_Parameters.f90
rm -f module_kpp_gocartracm_Parameters.b
ifort -c -O3 -ip -fp-model precise -w -ftz -align all -fno-alias -FR -convert big_endian    -real-size `expr 8 \* 4` -i4  module_kpp_gocartracm_Parameters.f90
rm -f module_kpp_gocartracm_JacobianSP.o
sed -f ../../../../arch/standard.sed module_kpp_gocartracm_JacobianSP.F > module_kpp_gocartracm_JacobianSP.b 
/lib/cpp -P -nostdinc -I../../../../inc -DEM_CORE=1 -DNMM_CORE=0 -DNMM_MAX_DIM=2600 -DCOAMPS_CORE= -DDA_CORE=0 -DEXP_CORE= -DIWORDSIZE=4 -DDWORDSIZE=8 -DRWORDSIZE=4 -DLWORDSIZE=4 -DNONSTANDARD_SYSTEM_FUNC  -DWRF_USE_CLM  -DSNICAR_FRC    -DDM_PARALLEL -DNETCDF -DUSE_ALLOCATABLES -DGRIB1 -DINTIO -DKEEP_INT_AROUND -DLIMIT_ARGS -DCONFIG_BUF_LEN=65536 -DMAX_DOMAINS_F=21 -DMAX_HISTORY=25 -DNMM_NEST= -DWRF_CHEM -DBUILD_CHEM=1 -DWRF_KPP -I. -traditional-cpp  module_kpp_gocartracm_JacobianSP.b  > module_kpp_gocartracm_JacobianSP.f90
rm -f module_kpp_gocartracm_JacobianSP.b
ifort -c -O3 -ip -fp-model precise -w -ftz -align all -fno-alias -FR -convert big_endian    -real-size `expr 8 \* 4` -i4  module_kpp_gocartracm_JacobianSP.f90
rm -f write_decomp.o
sed -f ../../../../arch/standard.sed write_decomp.F > write_decomp.b 
/lib/cpp -P -nostdinc -I../../../../inc -DEM_CORE=1 -DNMM_CORE=0 -DNMM_MAX_DIM=2600 -DCOAMPS_CORE= -DDA_CORE=0 -DEXP_CORE= -DIWORDSIZE=4 -DDWORDSIZE=8 -DRWORDSIZE=4 -DLWORDSIZE=4 -DNONSTANDARD_SYSTEM_FUNC  -DWRF_USE_CLM  -DSNICAR_FRC    -DDM_PARALLEL -DNETCDF -DUSE_ALLOCATABLES -DGRIB1 -DINTIO -DKEEP_INT_AROUND -DLIMIT_ARGS -DCONFIG_BUF_LEN=65536 -DMAX_DOMAINS_F=21 -DMAX_HISTORY=25 -DNMM_NEST= -DWRF_CHEM -DBUILD_CHEM=1 -DWRF_KPP -I. -traditional-cpp  write_decomp.b  > write_decomp.f90
rm -f write_decomp.b
ifort -c -O3 -ip -fp-model precise -w -ftz -align all -fno-alias -FR -convert big_endian    -real-size `expr 8 \* 4` -i4  write_decomp.f90
ifort -o write_decomp.exe module_kpp_gocartracm_Precision.o module_kpp_gocartracm_Parameters.o module_kpp_gocartracm_JacobianSP.o      write_decomp.o  
echo gocartracm > mech.tmp
make[1]: Leaving directory '/glade/work/rkumar/NASA_HMA/WRFchem_HMA/chem/KPP/util/write_decomp'
./write_decomp.exe
   -- in write_decomp
     for kpp mechanism: gocartracm
 fname:<decomp_gocartracm.inc>
make -i -r integr_edit
make[1]: Entering directory '/glade/work/rkumar/NASA_HMA/WRFchem_HMA/chem/KPP/util/write_decomp'
Makefile:50: warning: overriding recipe for target '.F.o'
../../../../configure.wrf:375: warning: ignoring old recipe for target '.F.o'
Makefile:58: warning: overriding recipe for target '.c.o'
../../../../configure.wrf:406: warning: ignoring old recipe for target '.c.o'
rm -f integr_edit.o
icc -c -w -O3 -ip  -DDM_PARALLEL -DMAX_HISTORY=25 -DNMM_CORE=0 integr_edit.c
icc -o integr_edit.exe integr_edit.o
make[1]: Leaving directory '/glade/work/rkumar/NASA_HMA/WRFchem_HMA/chem/KPP/util/write_decomp'
./integr_edit.exe gocartracm
   integr_edit: replacing     CALL gocartracm_KppDecomp ( A, ising )
 
  END MODULE gocartracm_Integrator
 make -i -r clean 
make[1]: Entering directory '/glade/work/rkumar/NASA_HMA/WRFchem_HMA/chem/KPP/util/write_decomp'
Makefile:50: warning: overriding recipe for target '.F.o'
../../../../configure.wrf:375: warning: ignoring old recipe for target '.F.o'
Makefile:58: warning: overriding recipe for target '.c.o'
../../../../configure.wrf:406: warning: ignoring old recipe for target '.c.o'
rm -f *.o *.tmp *.mod module_kpp_* *~ *.inc *.exe *.f90
make[1]: Leaving directory '/glade/work/rkumar/NASA_HMA/WRFchem_HMA/chem/KPP/util/write_decomp'
=========================================================
mechanisms/mozart_mosaic_4bin_aq
ln -s ../../util/Makefile_kpp mechanisms/mozart_mosaic_4bin_aq/Makefile
ln -s ../chem/KPP/inc/mozart_mosaic_4bin_aq/extra_args_to_update_rconst_mozart_mosaic_4bin_aq.inc /glade/work/rkumar/NASA_HMA/WRFchem_HMA/inc
ln -s ../chem/KPP/inc/mozart_mosaic_4bin_aq/extra_args_update_rconst_mozart_mosaic_4bin_aq.inc /glade/work/rkumar/NASA_HMA/WRFchem_HMA/inc
ln -s ../chem/KPP/inc/mozart_mosaic_4bin_aq/extra_decls_update_rconst_mozart_mosaic_4bin_aq.inc /glade/work/rkumar/NASA_HMA/WRFchem_HMA/inc
ln -s ../chem/KPP/inc/mozart_mosaic_4bin_aq/kpp_mechd_a_mozart_mosaic_4bin_aq.inc /glade/work/rkumar/NASA_HMA/WRFchem_HMA/inc
ln -s ../chem/KPP/inc/mozart_mosaic_4bin_aq/kpp_mechd_b_mozart_mosaic_4bin_aq.inc /glade/work/rkumar/NASA_HMA/WRFchem_HMA/inc
ln -s ../chem/KPP/inc/mozart_mosaic_4bin_aq/kpp_mechd_e_mozart_mosaic_4bin_aq.inc /glade/work/rkumar/NASA_HMA/WRFchem_HMA/inc
ln -s ../chem/KPP/inc/mozart_mosaic_4bin_aq/kpp_mechd_ia_mozart_mosaic_4bin_aq.inc /glade/work/rkumar/NASA_HMA/WRFchem_HMA/inc
ln -s ../chem/KPP/inc/mozart_mosaic_4bin_aq/kpp_mechd_ib_mozart_mosaic_4bin_aq.inc /glade/work/rkumar/NASA_HMA/WRFchem_HMA/inc
ln -s ../chem/KPP/inc/mozart_mosaic_4bin_aq/kpp_mechd_ibu_mozart_mosaic_4bin_aq.inc /glade/work/rkumar/NASA_HMA/WRFchem_HMA/inc
ln -s ../chem/KPP/inc/mozart_mosaic_4bin_aq/kpp_mechd_l_mozart_mosaic_4bin_aq.inc /glade/work/rkumar/NASA_HMA/WRFchem_HMA/inc
ln -s ../chem/KPP/inc/mozart_mosaic_4bin_aq/kpp_mechd_u_mozart_mosaic_4bin_aq.inc /glade/work/rkumar/NASA_HMA/WRFchem_HMA/inc
model mozart_mosaic_4bin_aq
/glade/work/rkumar/NASA_HMA/WRFchem_HMA/chem/KPP/kpp/kpp-2.1/bin/kpp mozart_mosaic_4bin_aq.kpp

This is KPP-2.1.

KPP is parsing the equation file.******
KPP was told to generate WRF conform code
KPP is computing Jacobian sparsity structure.
KPP is starting the code generation.
KPP is initializing the code generation.
 
 KPP is using the WRF conform integrator routine: 
 /glade/work/rkumar/NASA_HMA/WRFchem_HMA/chem/KPP/kpp/kpp-2.1/int/WRF_conform/rosenbrock 

KPP is generating the monitor data:
    - mozart_mosaic_4bin_aq_Monitor
KPP is generating the utility data:
    - mozart_mosaic_4bin_aq_Util
KPP is generating the global declarations:
    - mozart_mosaic_4bin_aq_Main
KPP is generating the ODE function:
    - mozart_mosaic_4bin_aq_Function
KPP is generating the ODE Jacobian:
    - mozart_mosaic_4bin_aq_Jacobian
    - mozart_mosaic_4bin_aq_JacobianSP
KPP is generating the linear algebra routines:
    - mozart_mosaic_4bin_aq_LinearAlgebra
KPP is generating the utility functions:
    - mozart_mosaic_4bin_aq_Util
KPP is generating the rate laws:
    - mozart_mosaic_4bin_aq_Rates
KPP is generating UpdateRconstWRF (WRF conform): 
    - mozart_mosaic_4bin_aq_UpdateRconst
KPP is generating the parameters:
    - mozart_mosaic_4bin_aq_Parameters
KPP is generating the global data:
    - mozart_mosaic_4bin_aq_Global
KPP is generating the driver from general.f90:
    - mozart_mosaic_4bin_aq_Main
KPP is starting the code post-processing.

KPP has succesfully created the model "mozart_mosaic_4bin_aq".

cp -f mozart_mosaic_4bin_aq_Integrator.f90 ../../../module_kpp_mozart_mosaic_4bin_aq_Integr.F
cp -f mozart_mosaic_4bin_aq_Parameters.f90 ../../../module_kpp_mozart_mosaic_4bin_aq_Parameters.F
cp -f mozart_mosaic_4bin_aq_Precision.f90 ../../../module_kpp_mozart_mosaic_4bin_aq_Precision.F
cp -f mozart_mosaic_4bin_aq_JacobianSP.f90 ../../../module_kpp_mozart_mosaic_4bin_aq_JacobianSP.F
cp -f mozart_mosaic_4bin_aq_Jacobian.f90 ../../../module_kpp_mozart_mosaic_4bin_aq_Jacobian.F
cp -f mozart_mosaic_4bin_aq_Update_Rconst.f90 ../../../module_kpp_mozart_mosaic_4bin_aq_Update_Rconst.F
touch ../../util/run_wkc
tuv_kpp: Argument = FIRST
tuv_kpp: Argument = mozart_mosaic_4bin_aq
tuv_kpp: Mechanism = mozart_mosaic_4bin_aq
Makefile:50: warning: overriding recipe for target '.F.o'
../../../../configure.wrf:375: warning: ignoring old recipe for target '.F.o'
Makefile:58: warning: overriding recipe for target '.c.o'
../../../../configure.wrf:406: warning: ignoring old recipe for target '.c.o'
rm -f decomp_uses.inc
echo USE mozart_mosaic_4bin_aq_Parameters > decomp_uses.inc
echo USE mozart_mosaic_4bin_aq_JacobianSP >> decomp_uses.inc
ln -sf  ../../../module_kpp_mozart_mosaic_4bin_aq_Precision.F
ln -sf  ../../../module_kpp_mozart_mosaic_4bin_aq_Parameters.F
ln -sf  ../../../module_kpp_mozart_mosaic_4bin_aq_JacobianSP.F
ln -sf  ../../../module_kpp_mozart_mosaic_4bin_aq_Integr.F
make -i -r comp
make[1]: Entering directory '/glade/work/rkumar/NASA_HMA/WRFchem_HMA/chem/KPP/util/write_decomp'
Makefile:50: warning: overriding recipe for target '.F.o'
../../../../configure.wrf:375: warning: ignoring old recipe for target '.F.o'
Makefile:58: warning: overriding recipe for target '.c.o'
../../../../configure.wrf:406: warning: ignoring old recipe for target '.c.o'
rm -f module_kpp_mozart_mosaic_4bin_aq_Precision.o
sed -f ../../../../arch/standard.sed module_kpp_mozart_mosaic_4bin_aq_Precision.F > module_kpp_mozart_mosaic_4bin_aq_Precision.b 
/lib/cpp -P -nostdinc -I../../../../inc -DEM_CORE=1 -DNMM_CORE=0 -DNMM_MAX_DIM=2600 -DCOAMPS_CORE= -DDA_CORE=0 -DEXP_CORE= -DIWORDSIZE=4 -DDWORDSIZE=8 -DRWORDSIZE=4 -DLWORDSIZE=4 -DNONSTANDARD_SYSTEM_FUNC  -DWRF_USE_CLM  -DSNICAR_FRC    -DDM_PARALLEL -DNETCDF -DUSE_ALLOCATABLES -DGRIB1 -DINTIO -DKEEP_INT_AROUND -DLIMIT_ARGS -DCONFIG_BUF_LEN=65536 -DMAX_DOMAINS_F=21 -DMAX_HISTORY=25 -DNMM_NEST= -DWRF_CHEM -DBUILD_CHEM=1 -DWRF_KPP -I. -traditional-cpp  module_kpp_mozart_mosaic_4bin_aq_Precision.b  > module_kpp_mozart_mosaic_4bin_aq_Precision.f90
rm -f module_kpp_mozart_mosaic_4bin_aq_Precision.b
ifort -c -O3 -ip -fp-model precise -w -ftz -align all -fno-alias -FR -convert big_endian    -real-size `expr 8 \* 4` -i4  module_kpp_mozart_mosaic_4bin_aq_Precision.f90
rm -f module_kpp_mozart_mosaic_4bin_aq_Parameters.o
sed -f ../../../../arch/standard.sed module_kpp_mozart_mosaic_4bin_aq_Parameters.F > module_kpp_mozart_mosaic_4bin_aq_Parameters.b 
/lib/cpp -P -nostdinc -I../../../../inc -DEM_CORE=1 -DNMM_CORE=0 -DNMM_MAX_DIM=2600 -DCOAMPS_CORE= -DDA_CORE=0 -DEXP_CORE= -DIWORDSIZE=4 -DDWORDSIZE=8 -DRWORDSIZE=4 -DLWORDSIZE=4 -DNONSTANDARD_SYSTEM_FUNC  -DWRF_USE_CLM  -DSNICAR_FRC    -DDM_PARALLEL -DNETCDF -DUSE_ALLOCATABLES -DGRIB1 -DINTIO -DKEEP_INT_AROUND -DLIMIT_ARGS -DCONFIG_BUF_LEN=65536 -DMAX_DOMAINS_F=21 -DMAX_HISTORY=25 -DNMM_NEST= -DWRF_CHEM -DBUILD_CHEM=1 -DWRF_KPP -I. -traditional-cpp  module_kpp_mozart_mosaic_4bin_aq_Parameters.b  > module_kpp_mozart_mosaic_4bin_aq_Parameters.f90
rm -f module_kpp_mozart_mosaic_4bin_aq_Parameters.b
ifort -c -O3 -ip -fp-model precise -w -ftz -align all -fno-alias -FR -convert big_endian    -real-size `expr 8 \* 4` -i4  module_kpp_mozart_mosaic_4bin_aq_Parameters.f90
rm -f module_kpp_mozart_mosaic_4bin_aq_JacobianSP.o
sed -f ../../../../arch/standard.sed module_kpp_mozart_mosaic_4bin_aq_JacobianSP.F > module_kpp_mozart_mosaic_4bin_aq_JacobianSP.b 
/lib/cpp -P -nostdinc -I../../../../inc -DEM_CORE=1 -DNMM_CORE=0 -DNMM_MAX_DIM=2600 -DCOAMPS_CORE= -DDA_CORE=0 -DEXP_CORE= -DIWORDSIZE=4 -DDWORDSIZE=8 -DRWORDSIZE=4 -DLWORDSIZE=4 -DNONSTANDARD_SYSTEM_FUNC  -DWRF_USE_CLM  -DSNICAR_FRC    -DDM_PARALLEL -DNETCDF -DUSE_ALLOCATABLES -DGRIB1 -DINTIO -DKEEP_INT_AROUND -DLIMIT_ARGS -DCONFIG_BUF_LEN=65536 -DMAX_DOMAINS_F=21 -DMAX_HISTORY=25 -DNMM_NEST= -DWRF_CHEM -DBUILD_CHEM=1 -DWRF_KPP -I. -traditional-cpp  module_kpp_mozart_mosaic_4bin_aq_JacobianSP.b  > module_kpp_mozart_mosaic_4bin_aq_JacobianSP.f90
rm -f module_kpp_mozart_mosaic_4bin_aq_JacobianSP.b
ifort -c -O3 -ip -fp-model precise -w -ftz -align all -fno-alias -FR -convert big_endian    -real-size `expr 8 \* 4` -i4  module_kpp_mozart_mosaic_4bin_aq_JacobianSP.f90
rm -f write_decomp.o
sed -f ../../../../arch/standard.sed write_decomp.F > write_decomp.b 
/lib/cpp -P -nostdinc -I../../../../inc -DEM_CORE=1 -DNMM_CORE=0 -DNMM_MAX_DIM=2600 -DCOAMPS_CORE= -DDA_CORE=0 -DEXP_CORE= -DIWORDSIZE=4 -DDWORDSIZE=8 -DRWORDSIZE=4 -DLWORDSIZE=4 -DNONSTANDARD_SYSTEM_FUNC  -DWRF_USE_CLM  -DSNICAR_FRC    -DDM_PARALLEL -DNETCDF -DUSE_ALLOCATABLES -DGRIB1 -DINTIO -DKEEP_INT_AROUND -DLIMIT_ARGS -DCONFIG_BUF_LEN=65536 -DMAX_DOMAINS_F=21 -DMAX_HISTORY=25 -DNMM_NEST= -DWRF_CHEM -DBUILD_CHEM=1 -DWRF_KPP -I. -traditional-cpp  write_decomp.b  > write_decomp.f90
rm -f write_decomp.b
ifort -c -O3 -ip -fp-model precise -w -ftz -align all -fno-alias -FR -convert big_endian    -real-size `expr 8 \* 4` -i4  write_decomp.f90
ifort -o write_decomp.exe module_kpp_mozart_mosaic_4bin_aq_Precision.o module_kpp_mozart_mosaic_4bin_aq_Parameters.o module_kpp_mozart_mosaic_4bin_aq_JacobianSP.o      write_decomp.o  
echo mozart_mosaic_4bin_aq > mech.tmp
make[1]: Leaving directory '/glade/work/rkumar/NASA_HMA/WRFchem_HMA/chem/KPP/util/write_decomp'
./write_decomp.exe
   -- in write_decomp
     for kpp mechanism: mozart_mosaic_4bin_aq
 fname:<decomp_mozart_mosaic_4bin_aq.inc>
make -i -r integr_edit
make[1]: Entering directory '/glade/work/rkumar/NASA_HMA/WRFchem_HMA/chem/KPP/util/write_decomp'
Makefile:50: warning: overriding recipe for target '.F.o'
../../../../configure.wrf:375: warning: ignoring old recipe for target '.F.o'
Makefile:58: warning: overriding recipe for target '.c.o'
../../../../configure.wrf:406: warning: ignoring old recipe for target '.c.o'
rm -f integr_edit.o
icc -c -w -O3 -ip  -DDM_PARALLEL -DMAX_HISTORY=25 -DNMM_CORE=0 integr_edit.c
icc -o integr_edit.exe integr_edit.o
make[1]: Leaving directory '/glade/work/rkumar/NASA_HMA/WRFchem_HMA/chem/KPP/util/write_decomp'
./integr_edit.exe mozart_mosaic_4bin_aq
   integr_edit: replacing     CALL mozart_mosaic_4bin_aq_KppDecomp ( A, ising )
 
  END MODULE mozart_mosaic_4bin_aq_Integrator
 make -i -r clean 
make[1]: Entering directory '/glade/work/rkumar/NASA_HMA/WRFchem_HMA/chem/KPP/util/write_decomp'
Makefile:50: warning: overriding recipe for target '.F.o'
../../../../configure.wrf:375: warning: ignoring old recipe for target '.F.o'
Makefile:58: warning: overriding recipe for target '.c.o'
../../../../configure.wrf:406: warning: ignoring old recipe for target '.c.o'
rm -f *.o *.tmp *.mod module_kpp_* *~ *.inc *.exe *.f90
make[1]: Leaving directory '/glade/work/rkumar/NASA_HMA/WRFchem_HMA/chem/KPP/util/write_decomp'
=========================================================
mechanisms/mozart_mosaic_4bin
ln -s ../../util/Makefile_kpp mechanisms/mozart_mosaic_4bin/Makefile
ln -s ../chem/KPP/inc/mozart_mosaic_4bin/extra_args_to_update_rconst_mozart_mosaic_4bin.inc /glade/work/rkumar/NASA_HMA/WRFchem_HMA/inc
ln -s ../chem/KPP/inc/mozart_mosaic_4bin/extra_args_update_rconst_mozart_mosaic_4bin.inc /glade/work/rkumar/NASA_HMA/WRFchem_HMA/inc
ln -s ../chem/KPP/inc/mozart_mosaic_4bin/extra_decls_update_rconst_mozart_mosaic_4bin.inc /glade/work/rkumar/NASA_HMA/WRFchem_HMA/inc
ln -s ../chem/KPP/inc/mozart_mosaic_4bin/kpp_mechd_a_mozart_mosaic_4bin.inc /glade/work/rkumar/NASA_HMA/WRFchem_HMA/inc
ln -s ../chem/KPP/inc/mozart_mosaic_4bin/kpp_mechd_b_mozart_mosaic_4bin.inc /glade/work/rkumar/NASA_HMA/WRFchem_HMA/inc
ln -s ../chem/KPP/inc/mozart_mosaic_4bin/kpp_mechd_e_mozart_mosaic_4bin.inc /glade/work/rkumar/NASA_HMA/WRFchem_HMA/inc
ln -s ../chem/KPP/inc/mozart_mosaic_4bin/kpp_mechd_ia_mozart_mosaic_4bin.inc /glade/work/rkumar/NASA_HMA/WRFchem_HMA/inc
ln -s ../chem/KPP/inc/mozart_mosaic_4bin/kpp_mechd_ib_mozart_mosaic_4bin.inc /glade/work/rkumar/NASA_HMA/WRFchem_HMA/inc
ln -s ../chem/KPP/inc/mozart_mosaic_4bin/kpp_mechd_ibu_mozart_mosaic_4bin.inc /glade/work/rkumar/NASA_HMA/WRFchem_HMA/inc
ln -s ../chem/KPP/inc/mozart_mosaic_4bin/kpp_mechd_l_mozart_mosaic_4bin.inc /glade/work/rkumar/NASA_HMA/WRFchem_HMA/inc
ln -s ../chem/KPP/inc/mozart_mosaic_4bin/kpp_mechd_u_mozart_mosaic_4bin.inc /glade/work/rkumar/NASA_HMA/WRFchem_HMA/inc
model mozart_mosaic_4bin
/glade/work/rkumar/NASA_HMA/WRFchem_HMA/chem/KPP/kpp/kpp-2.1/bin/kpp mozart_mosaic_4bin.kpp

This is KPP-2.1.

KPP is parsing the equation file.******
KPP was told to generate WRF conform code
KPP is computing Jacobian sparsity structure.
KPP is starting the code generation.
KPP is initializing the code generation.
 
 KPP is using the WRF conform integrator routine: 
 /glade/work/rkumar/NASA_HMA/WRFchem_HMA/chem/KPP/kpp/kpp-2.1/int/WRF_conform/rosenbrock 

KPP is generating the monitor data:
    - mozart_mosaic_4bin_Monitor
KPP is generating the utility data:
    - mozart_mosaic_4bin_Util
KPP is generating the global declarations:
    - mozart_mosaic_4bin_Main
KPP is generating the ODE function:
    - mozart_mosaic_4bin_Function
KPP is generating the ODE Jacobian:
    - mozart_mosaic_4bin_Jacobian
    - mozart_mosaic_4bin_JacobianSP
KPP is generating the linear algebra routines:
    - mozart_mosaic_4bin_LinearAlgebra
KPP is generating the utility functions:
    - mozart_mosaic_4bin_Util
KPP is generating the rate laws:
    - mozart_mosaic_4bin_Rates
KPP is generating UpdateRconstWRF (WRF conform): 
    - mozart_mosaic_4bin_UpdateRconst
KPP is generating the parameters:
    - mozart_mosaic_4bin_Parameters
KPP is generating the global data:
    - mozart_mosaic_4bin_Global
KPP is generating the driver from general.f90:
    - mozart_mosaic_4bin_Main
KPP is starting the code post-processing.

KPP has succesfully created the model "mozart_mosaic_4bin".

cp -f mozart_mosaic_4bin_Integrator.f90 ../../../module_kpp_mozart_mosaic_4bin_Integr.F
cp -f mozart_mosaic_4bin_Parameters.f90 ../../../module_kpp_mozart_mosaic_4bin_Parameters.F
cp -f mozart_mosaic_4bin_Precision.f90 ../../../module_kpp_mozart_mosaic_4bin_Precision.F
cp -f mozart_mosaic_4bin_JacobianSP.f90 ../../../module_kpp_mozart_mosaic_4bin_JacobianSP.F
cp -f mozart_mosaic_4bin_Jacobian.f90 ../../../module_kpp_mozart_mosaic_4bin_Jacobian.F
cp -f mozart_mosaic_4bin_Update_Rconst.f90 ../../../module_kpp_mozart_mosaic_4bin_Update_Rconst.F
touch ../../util/run_wkc
tuv_kpp: Argument = mozart_mosaic_4bin
tuv_kpp: Mechanism = mozart_mosaic_4bin
Makefile:50: warning: overriding recipe for target '.F.o'
../../../../configure.wrf:375: warning: ignoring old recipe for target '.F.o'
Makefile:58: warning: overriding recipe for target '.c.o'
../../../../configure.wrf:406: warning: ignoring old recipe for target '.c.o'
rm -f decomp_uses.inc
echo USE mozart_mosaic_4bin_Parameters > decomp_uses.inc
echo USE mozart_mosaic_4bin_JacobianSP >> decomp_uses.inc
ln -sf  ../../../module_kpp_mozart_mosaic_4bin_Precision.F
ln -sf  ../../../module_kpp_mozart_mosaic_4bin_Parameters.F
ln -sf  ../../../module_kpp_mozart_mosaic_4bin_JacobianSP.F
ln -sf  ../../../module_kpp_mozart_mosaic_4bin_Integr.F
make -i -r comp
make[1]: Entering directory '/glade/work/rkumar/NASA_HMA/WRFchem_HMA/chem/KPP/util/write_decomp'
Makefile:50: warning: overriding recipe for target '.F.o'
../../../../configure.wrf:375: warning: ignoring old recipe for target '.F.o'
Makefile:58: warning: overriding recipe for target '.c.o'
../../../../configure.wrf:406: warning: ignoring old recipe for target '.c.o'
rm -f module_kpp_mozart_mosaic_4bin_Precision.o
sed -f ../../../../arch/standard.sed module_kpp_mozart_mosaic_4bin_Precision.F > module_kpp_mozart_mosaic_4bin_Precision.b 
/lib/cpp -P -nostdinc -I../../../../inc -DEM_CORE=1 -DNMM_CORE=0 -DNMM_MAX_DIM=2600 -DCOAMPS_CORE= -DDA_CORE=0 -DEXP_CORE= -DIWORDSIZE=4 -DDWORDSIZE=8 -DRWORDSIZE=4 -DLWORDSIZE=4 -DNONSTANDARD_SYSTEM_FUNC  -DWRF_USE_CLM  -DSNICAR_FRC    -DDM_PARALLEL -DNETCDF -DUSE_ALLOCATABLES -DGRIB1 -DINTIO -DKEEP_INT_AROUND -DLIMIT_ARGS -DCONFIG_BUF_LEN=65536 -DMAX_DOMAINS_F=21 -DMAX_HISTORY=25 -DNMM_NEST= -DWRF_CHEM -DBUILD_CHEM=1 -DWRF_KPP -I. -traditional-cpp  module_kpp_mozart_mosaic_4bin_Precision.b  > module_kpp_mozart_mosaic_4bin_Precision.f90
rm -f module_kpp_mozart_mosaic_4bin_Precision.b
ifort -c -O3 -ip -fp-model precise -w -ftz -align all -fno-alias -FR -convert big_endian    -real-size `expr 8 \* 4` -i4  module_kpp_mozart_mosaic_4bin_Precision.f90
rm -f module_kpp_mozart_mosaic_4bin_Parameters.o
sed -f ../../../../arch/standard.sed module_kpp_mozart_mosaic_4bin_Parameters.F > module_kpp_mozart_mosaic_4bin_Parameters.b 
/lib/cpp -P -nostdinc -I../../../../inc -DEM_CORE=1 -DNMM_CORE=0 -DNMM_MAX_DIM=2600 -DCOAMPS_CORE= -DDA_CORE=0 -DEXP_CORE= -DIWORDSIZE=4 -DDWORDSIZE=8 -DRWORDSIZE=4 -DLWORDSIZE=4 -DNONSTANDARD_SYSTEM_FUNC  -DWRF_USE_CLM  -DSNICAR_FRC    -DDM_PARALLEL -DNETCDF -DUSE_ALLOCATABLES -DGRIB1 -DINTIO -DKEEP_INT_AROUND -DLIMIT_ARGS -DCONFIG_BUF_LEN=65536 -DMAX_DOMAINS_F=21 -DMAX_HISTORY=25 -DNMM_NEST= -DWRF_CHEM -DBUILD_CHEM=1 -DWRF_KPP -I. -traditional-cpp  module_kpp_mozart_mosaic_4bin_Parameters.b  > module_kpp_mozart_mosaic_4bin_Parameters.f90
rm -f module_kpp_mozart_mosaic_4bin_Parameters.b
ifort -c -O3 -ip -fp-model precise -w -ftz -align all -fno-alias -FR -convert big_endian    -real-size `expr 8 \* 4` -i4  module_kpp_mozart_mosaic_4bin_Parameters.f90
rm -f module_kpp_mozart_mosaic_4bin_JacobianSP.o
sed -f ../../../../arch/standard.sed module_kpp_mozart_mosaic_4bin_JacobianSP.F > module_kpp_mozart_mosaic_4bin_JacobianSP.b 
/lib/cpp -P -nostdinc -I../../../../inc -DEM_CORE=1 -DNMM_CORE=0 -DNMM_MAX_DIM=2600 -DCOAMPS_CORE= -DDA_CORE=0 -DEXP_CORE= -DIWORDSIZE=4 -DDWORDSIZE=8 -DRWORDSIZE=4 -DLWORDSIZE=4 -DNONSTANDARD_SYSTEM_FUNC  -DWRF_USE_CLM  -DSNICAR_FRC    -DDM_PARALLEL -DNETCDF -DUSE_ALLOCATABLES -DGRIB1 -DINTIO -DKEEP_INT_AROUND -DLIMIT_ARGS -DCONFIG_BUF_LEN=65536 -DMAX_DOMAINS_F=21 -DMAX_HISTORY=25 -DNMM_NEST= -DWRF_CHEM -DBUILD_CHEM=1 -DWRF_KPP -I. -traditional-cpp  module_kpp_mozart_mosaic_4bin_JacobianSP.b  > module_kpp_mozart_mosaic_4bin_JacobianSP.f90
rm -f module_kpp_mozart_mosaic_4bin_JacobianSP.b
ifort -c -O3 -ip -fp-model precise -w -ftz -align all -fno-alias -FR -convert big_endian    -real-size `expr 8 \* 4` -i4  module_kpp_mozart_mosaic_4bin_JacobianSP.f90
rm -f write_decomp.o
sed -f ../../../../arch/standard.sed write_decomp.F > write_decomp.b 
/lib/cpp -P -nostdinc -I../../../../inc -DEM_CORE=1 -DNMM_CORE=0 -DNMM_MAX_DIM=2600 -DCOAMPS_CORE= -DDA_CORE=0 -DEXP_CORE= -DIWORDSIZE=4 -DDWORDSIZE=8 -DRWORDSIZE=4 -DLWORDSIZE=4 -DNONSTANDARD_SYSTEM_FUNC  -DWRF_USE_CLM  -DSNICAR_FRC    -DDM_PARALLEL -DNETCDF -DUSE_ALLOCATABLES -DGRIB1 -DINTIO -DKEEP_INT_AROUND -DLIMIT_ARGS -DCONFIG_BUF_LEN=65536 -DMAX_DOMAINS_F=21 -DMAX_HISTORY=25 -DNMM_NEST= -DWRF_CHEM -DBUILD_CHEM=1 -DWRF_KPP -I. -traditional-cpp  write_decomp.b  > write_decomp.f90
rm -f write_decomp.b
ifort -c -O3 -ip -fp-model precise -w -ftz -align all -fno-alias -FR -convert big_endian    -real-size `expr 8 \* 4` -i4  write_decomp.f90
ifort -o write_decomp.exe module_kpp_mozart_mosaic_4bin_Precision.o module_kpp_mozart_mosaic_4bin_Parameters.o module_kpp_mozart_mosaic_4bin_JacobianSP.o      write_decomp.o  
echo mozart_mosaic_4bin > mech.tmp
make[1]: Leaving directory '/glade/work/rkumar/NASA_HMA/WRFchem_HMA/chem/KPP/util/write_decomp'
./write_decomp.exe
   -- in write_decomp
     for kpp mechanism: mozart_mosaic_4bin
 fname:<decomp_mozart_mosaic_4bin.inc>
make -i -r integr_edit
make[1]: Entering directory '/glade/work/rkumar/NASA_HMA/WRFchem_HMA/chem/KPP/util/write_decomp'
Makefile:50: warning: overriding recipe for target '.F.o'
../../../../configure.wrf:375: warning: ignoring old recipe for target '.F.o'
Makefile:58: warning: overriding recipe for target '.c.o'
../../../../configure.wrf:406: warning: ignoring old recipe for target '.c.o'
rm -f integr_edit.o
icc -c -w -O3 -ip  -DDM_PARALLEL -DMAX_HISTORY=25 -DNMM_CORE=0 integr_edit.c
icc -o integr_edit.exe integr_edit.o
make[1]: Leaving directory '/glade/work/rkumar/NASA_HMA/WRFchem_HMA/chem/KPP/util/write_decomp'
./integr_edit.exe mozart_mosaic_4bin
   integr_edit: replacing     CALL mozart_mosaic_4bin_KppDecomp ( A, ising )
 
  END MODULE mozart_mosaic_4bin_Integrator
 make -i -r clean 
make[1]: Entering directory '/glade/work/rkumar/NASA_HMA/WRFchem_HMA/chem/KPP/util/write_decomp'
Makefile:50: warning: overriding recipe for target '.F.o'
../../../../configure.wrf:375: warning: ignoring old recipe for target '.F.o'
Makefile:58: warning: overriding recipe for target '.c.o'
../../../../configure.wrf:406: warning: ignoring old recipe for target '.c.o'
rm -f *.o *.tmp *.mod module_kpp_* *~ *.inc *.exe *.f90
make[1]: Leaving directory '/glade/work/rkumar/NASA_HMA/WRFchem_HMA/chem/KPP/util/write_decomp'
=========================================================
mechanisms/mozart
ln -s ../../util/Makefile_kpp mechanisms/mozart/Makefile
ln -s ../chem/KPP/inc/mozart/extra_args_to_update_rconst_mozart.inc /glade/work/rkumar/NASA_HMA/WRFchem_HMA/inc
ln -s ../chem/KPP/inc/mozart/extra_args_update_rconst_mozart.inc /glade/work/rkumar/NASA_HMA/WRFchem_HMA/inc
ln -s ../chem/KPP/inc/mozart/extra_decls_update_rconst_mozart.inc /glade/work/rkumar/NASA_HMA/WRFchem_HMA/inc
ln -s ../chem/KPP/inc/mozart/kpp_mechd_a_mozart.inc /glade/work/rkumar/NASA_HMA/WRFchem_HMA/inc
ln -s ../chem/KPP/inc/mozart/kpp_mechd_b_mozart.inc /glade/work/rkumar/NASA_HMA/WRFchem_HMA/inc
ln -s ../chem/KPP/inc/mozart/kpp_mechd_e_mozart.inc /glade/work/rkumar/NASA_HMA/WRFchem_HMA/inc
ln -s ../chem/KPP/inc/mozart/kpp_mechd_ia_mozart.inc /glade/work/rkumar/NASA_HMA/WRFchem_HMA/inc
ln -s ../chem/KPP/inc/mozart/kpp_mechd_ib_mozart.inc /glade/work/rkumar/NASA_HMA/WRFchem_HMA/inc
ln -s ../chem/KPP/inc/mozart/kpp_mechd_ibu_mozart.inc /glade/work/rkumar/NASA_HMA/WRFchem_HMA/inc
ln -s ../chem/KPP/inc/mozart/kpp_mechd_l_mozart.inc /glade/work/rkumar/NASA_HMA/WRFchem_HMA/inc
ln -s ../chem/KPP/inc/mozart/kpp_mechd_u_mozart.inc /glade/work/rkumar/NASA_HMA/WRFchem_HMA/inc
model mozart
/glade/work/rkumar/NASA_HMA/WRFchem_HMA/chem/KPP/kpp/kpp-2.1/bin/kpp mozart.kpp

This is KPP-2.1.

KPP is parsing the equation file.
KPP was told to generate WRF conform code
KPP is computing Jacobian sparsity structure.
KPP is starting the code generation.
KPP is initializing the code generation.
 
 KPP is using the WRF conform integrator routine: 
 /glade/work/rkumar/NASA_HMA/WRFchem_HMA/chem/KPP/kpp/kpp-2.1/int/WRF_conform/rosenbrock 

KPP is generating the monitor data:
    - mozart_Monitor
KPP is generating the utility data:
    - mozart_Util
KPP is generating the global declarations:
    - mozart_Main
KPP is generating the ODE function:
    - mozart_Function
KPP is generating the ODE Jacobian:
    - mozart_Jacobian
    - mozart_JacobianSP
KPP is generating the linear algebra routines:
    - mozart_LinearAlgebra
KPP is generating the utility functions:
    - mozart_Util
KPP is generating the rate laws:
    - mozart_Rates
KPP is generating UpdateRconstWRF (WRF conform): 
    - mozart_UpdateRconst
KPP is generating the parameters:
    - mozart_Parameters
KPP is generating the global data:
    - mozart_Global
KPP is generating the driver from general.f90:
    - mozart_Main
KPP is starting the code post-processing.

KPP has succesfully created the model "mozart".

cp -f mozart_Integrator.f90 ../../../module_kpp_mozart_Integr.F
cp -f mozart_Parameters.f90 ../../../module_kpp_mozart_Parameters.F
cp -f mozart_Precision.f90 ../../../module_kpp_mozart_Precision.F
cp -f mozart_JacobianSP.f90 ../../../module_kpp_mozart_JacobianSP.F
cp -f mozart_Jacobian.f90 ../../../module_kpp_mozart_Jacobian.F
cp -f mozart_Update_Rconst.f90 ../../../module_kpp_mozart_Update_Rconst.F
touch ../../util/run_wkc
Makefile:50: warning: overriding recipe for target '.F.o'
../../../../configure.wrf:375: warning: ignoring old recipe for target '.F.o'
Makefile:58: warning: overriding recipe for target '.c.o'
../../../../configure.wrf:406: warning: ignoring old recipe for target '.c.o'
rm -f decomp_uses.inc
echo USE mozart_Parameters > decomp_uses.inc
echo USE mozart_JacobianSP >> decomp_uses.inc
ln -sf  ../../../module_kpp_mozart_Precision.F
ln -sf  ../../../module_kpp_mozart_Parameters.F
ln -sf  ../../../module_kpp_mozart_JacobianSP.F
ln -sf  ../../../module_kpp_mozart_Integr.F
make -i -r comp
make[1]: Entering directory '/glade/work/rkumar/NASA_HMA/WRFchem_HMA/chem/KPP/util/write_decomp'
Makefile:50: warning: overriding recipe for target '.F.o'
../../../../configure.wrf:375: warning: ignoring old recipe for target '.F.o'
Makefile:58: warning: overriding recipe for target '.c.o'
../../../../configure.wrf:406: warning: ignoring old recipe for target '.c.o'
rm -f module_kpp_mozart_Precision.o
sed -f ../../../../arch/standard.sed module_kpp_mozart_Precision.F > module_kpp_mozart_Precision.b 
/lib/cpp -P -nostdinc -I../../../../inc -DEM_CORE=1 -DNMM_CORE=0 -DNMM_MAX_DIM=2600 -DCOAMPS_CORE= -DDA_CORE=0 -DEXP_CORE= -DIWORDSIZE=4 -DDWORDSIZE=8 -DRWORDSIZE=4 -DLWORDSIZE=4 -DNONSTANDARD_SYSTEM_FUNC  -DWRF_USE_CLM  -DSNICAR_FRC    -DDM_PARALLEL -DNETCDF -DUSE_ALLOCATABLES -DGRIB1 -DINTIO -DKEEP_INT_AROUND -DLIMIT_ARGS -DCONFIG_BUF_LEN=65536 -DMAX_DOMAINS_F=21 -DMAX_HISTORY=25 -DNMM_NEST= -DWRF_CHEM -DBUILD_CHEM=1 -DWRF_KPP -I. -traditional-cpp  module_kpp_mozart_Precision.b  > module_kpp_mozart_Precision.f90
rm -f module_kpp_mozart_Precision.b
ifort -c -O3 -ip -fp-model precise -w -ftz -align all -fno-alias -FR -convert big_endian    -real-size `expr 8 \* 4` -i4  module_kpp_mozart_Precision.f90
rm -f module_kpp_mozart_Parameters.o
sed -f ../../../../arch/standard.sed module_kpp_mozart_Parameters.F > module_kpp_mozart_Parameters.b 
/lib/cpp -P -nostdinc -I../../../../inc -DEM_CORE=1 -DNMM_CORE=0 -DNMM_MAX_DIM=2600 -DCOAMPS_CORE= -DDA_CORE=0 -DEXP_CORE= -DIWORDSIZE=4 -DDWORDSIZE=8 -DRWORDSIZE=4 -DLWORDSIZE=4 -DNONSTANDARD_SYSTEM_FUNC  -DWRF_USE_CLM  -DSNICAR_FRC    -DDM_PARALLEL -DNETCDF -DUSE_ALLOCATABLES -DGRIB1 -DINTIO -DKEEP_INT_AROUND -DLIMIT_ARGS -DCONFIG_BUF_LEN=65536 -DMAX_DOMAINS_F=21 -DMAX_HISTORY=25 -DNMM_NEST= -DWRF_CHEM -DBUILD_CHEM=1 -DWRF_KPP -I. -traditional-cpp  module_kpp_mozart_Parameters.b  > module_kpp_mozart_Parameters.f90
rm -f module_kpp_mozart_Parameters.b
ifort -c -O3 -ip -fp-model precise -w -ftz -align all -fno-alias -FR -convert big_endian    -real-size `expr 8 \* 4` -i4  module_kpp_mozart_Parameters.f90
rm -f module_kpp_mozart_JacobianSP.o
sed -f ../../../../arch/standard.sed module_kpp_mozart_JacobianSP.F > module_kpp_mozart_JacobianSP.b 
/lib/cpp -P -nostdinc -I../../../../inc -DEM_CORE=1 -DNMM_CORE=0 -DNMM_MAX_DIM=2600 -DCOAMPS_CORE= -DDA_CORE=0 -DEXP_CORE= -DIWORDSIZE=4 -DDWORDSIZE=8 -DRWORDSIZE=4 -DLWORDSIZE=4 -DNONSTANDARD_SYSTEM_FUNC  -DWRF_USE_CLM  -DSNICAR_FRC    -DDM_PARALLEL -DNETCDF -DUSE_ALLOCATABLES -DGRIB1 -DINTIO -DKEEP_INT_AROUND -DLIMIT_ARGS -DCONFIG_BUF_LEN=65536 -DMAX_DOMAINS_F=21 -DMAX_HISTORY=25 -DNMM_NEST= -DWRF_CHEM -DBUILD_CHEM=1 -DWRF_KPP -I. -traditional-cpp  module_kpp_mozart_JacobianSP.b  > module_kpp_mozart_JacobianSP.f90
rm -f module_kpp_mozart_JacobianSP.b
ifort -c -O3 -ip -fp-model precise -w -ftz -align all -fno-alias -FR -convert big_endian    -real-size `expr 8 \* 4` -i4  module_kpp_mozart_JacobianSP.f90
rm -f write_decomp.o
sed -f ../../../../arch/standard.sed write_decomp.F > write_decomp.b 
/lib/cpp -P -nostdinc -I../../../../inc -DEM_CORE=1 -DNMM_CORE=0 -DNMM_MAX_DIM=2600 -DCOAMPS_CORE= -DDA_CORE=0 -DEXP_CORE= -DIWORDSIZE=4 -DDWORDSIZE=8 -DRWORDSIZE=4 -DLWORDSIZE=4 -DNONSTANDARD_SYSTEM_FUNC  -DWRF_USE_CLM  -DSNICAR_FRC    -DDM_PARALLEL -DNETCDF -DUSE_ALLOCATABLES -DGRIB1 -DINTIO -DKEEP_INT_AROUND -DLIMIT_ARGS -DCONFIG_BUF_LEN=65536 -DMAX_DOMAINS_F=21 -DMAX_HISTORY=25 -DNMM_NEST= -DWRF_CHEM -DBUILD_CHEM=1 -DWRF_KPP -I. -traditional-cpp  write_decomp.b  > write_decomp.f90
rm -f write_decomp.b
ifort -c -O3 -ip -fp-model precise -w -ftz -align all -fno-alias -FR -convert big_endian    -real-size `expr 8 \* 4` -i4  write_decomp.f90
ifort -o write_decomp.exe module_kpp_mozart_Precision.o module_kpp_mozart_Parameters.o module_kpp_mozart_JacobianSP.o      write_decomp.o  
echo mozart > mech.tmp
make[1]: Leaving directory '/glade/work/rkumar/NASA_HMA/WRFchem_HMA/chem/KPP/util/write_decomp'
./write_decomp.exe
   -- in write_decomp
     for kpp mechanism: mozart
 fname:<decomp_mozart.inc>
make -i -r integr_edit
make[1]: Entering directory '/glade/work/rkumar/NASA_HMA/WRFchem_HMA/chem/KPP/util/write_decomp'
Makefile:50: warning: overriding recipe for target '.F.o'
../../../../configure.wrf:375: warning: ignoring old recipe for target '.F.o'
Makefile:58: warning: overriding recipe for target '.c.o'
../../../../configure.wrf:406: warning: ignoring old recipe for target '.c.o'
rm -f integr_edit.o
icc -c -w -O3 -ip  -DDM_PARALLEL -DMAX_HISTORY=25 -DNMM_CORE=0 integr_edit.c
icc -o integr_edit.exe integr_edit.o
make[1]: Leaving directory '/glade/work/rkumar/NASA_HMA/WRFchem_HMA/chem/KPP/util/write_decomp'
./integr_edit.exe mozart
   integr_edit: replacing     CALL mozart_KppDecomp ( A, ising )
 
  END MODULE mozart_Integrator
 make -i -r clean 
make[1]: Entering directory '/glade/work/rkumar/NASA_HMA/WRFchem_HMA/chem/KPP/util/write_decomp'
Makefile:50: warning: overriding recipe for target '.F.o'
../../../../configure.wrf:375: warning: ignoring old recipe for target '.F.o'
Makefile:58: warning: overriding recipe for target '.c.o'
../../../../configure.wrf:406: warning: ignoring old recipe for target '.c.o'
rm -f *.o *.tmp *.mod module_kpp_* *~ *.inc *.exe *.f90
make[1]: Leaving directory '/glade/work/rkumar/NASA_HMA/WRFchem_HMA/chem/KPP/util/write_decomp'
=========================================================
mechanisms/mozcart
ln -s ../../util/Makefile_kpp mechanisms/mozcart/Makefile
ln -s ../chem/KPP/inc/mozcart/extra_args_to_update_rconst_mozcart.inc /glade/work/rkumar/NASA_HMA/WRFchem_HMA/inc
ln -s ../chem/KPP/inc/mozcart/extra_args_update_rconst_mozcart.inc /glade/work/rkumar/NASA_HMA/WRFchem_HMA/inc
ln -s ../chem/KPP/inc/mozcart/extra_decls_update_rconst_mozcart.inc /glade/work/rkumar/NASA_HMA/WRFchem_HMA/inc
ln -s ../chem/KPP/inc/mozcart/kpp_mechd_a_mozcart.inc /glade/work/rkumar/NASA_HMA/WRFchem_HMA/inc
ln -s ../chem/KPP/inc/mozcart/kpp_mechd_b_mozcart.inc /glade/work/rkumar/NASA_HMA/WRFchem_HMA/inc
ln -s ../chem/KPP/inc/mozcart/kpp_mechd_e_mozcart.inc /glade/work/rkumar/NASA_HMA/WRFchem_HMA/inc
ln -s ../chem/KPP/inc/mozcart/kpp_mechd_ia_mozcart.inc /glade/work/rkumar/NASA_HMA/WRFchem_HMA/inc
ln -s ../chem/KPP/inc/mozcart/kpp_mechd_ib_mozcart.inc /glade/work/rkumar/NASA_HMA/WRFchem_HMA/inc
ln -s ../chem/KPP/inc/mozcart/kpp_mechd_ibu_mozcart.inc /glade/work/rkumar/NASA_HMA/WRFchem_HMA/inc
ln -s ../chem/KPP/inc/mozcart/kpp_mechd_l_mozcart.inc /glade/work/rkumar/NASA_HMA/WRFchem_HMA/inc
ln -s ../chem/KPP/inc/mozcart/kpp_mechd_u_mozcart.inc /glade/work/rkumar/NASA_HMA/WRFchem_HMA/inc
model mozcart
/glade/work/rkumar/NASA_HMA/WRFchem_HMA/chem/KPP/kpp/kpp-2.1/bin/kpp mozcart.kpp

This is KPP-2.1.

KPP is parsing the equation file.
KPP was told to generate WRF conform code
KPP is computing Jacobian sparsity structure.
KPP is starting the code generation.
KPP is initializing the code generation.
 
 KPP is using the WRF conform integrator routine: 
 /glade/work/rkumar/NASA_HMA/WRFchem_HMA/chem/KPP/kpp/kpp-2.1/int/WRF_conform/rosenbrock 

KPP is generating the monitor data:
    - mozcart_Monitor
KPP is generating the utility data:
    - mozcart_Util
KPP is generating the global declarations:
    - mozcart_Main
KPP is generating the ODE function:
    - mozcart_Function
KPP is generating the ODE Jacobian:
    - mozcart_Jacobian
    - mozcart_JacobianSP
KPP is generating the linear algebra routines:
    - mozcart_LinearAlgebra
KPP is generating the utility functions:
    - mozcart_Util
KPP is generating the rate laws:
    - mozcart_Rates
KPP is generating UpdateRconstWRF (WRF conform): 
    - mozcart_UpdateRconst
KPP is generating the parameters:
    - mozcart_Parameters
KPP is generating the global data:
    - mozcart_Global
KPP is generating the driver from general.f90:
    - mozcart_Main
KPP is starting the code post-processing.

KPP has succesfully created the model "mozcart".

cp -f mozcart_Integrator.f90 ../../../module_kpp_mozcart_Integr.F
cp -f mozcart_Parameters.f90 ../../../module_kpp_mozcart_Parameters.F
cp -f mozcart_Precision.f90 ../../../module_kpp_mozcart_Precision.F
cp -f mozcart_JacobianSP.f90 ../../../module_kpp_mozcart_JacobianSP.F
cp -f mozcart_Jacobian.f90 ../../../module_kpp_mozcart_Jacobian.F
cp -f mozcart_Update_Rconst.f90 ../../../module_kpp_mozcart_Update_Rconst.F
touch ../../util/run_wkc
tuv_kpp: Argument = mozcart
tuv_kpp: Mechanism = mozcart
Makefile:50: warning: overriding recipe for target '.F.o'
../../../../configure.wrf:375: warning: ignoring old recipe for target '.F.o'
Makefile:58: warning: overriding recipe for target '.c.o'
../../../../configure.wrf:406: warning: ignoring old recipe for target '.c.o'
rm -f decomp_uses.inc
echo USE mozcart_Parameters > decomp_uses.inc
echo USE mozcart_JacobianSP >> decomp_uses.inc
ln -sf  ../../../module_kpp_mozcart_Precision.F
ln -sf  ../../../module_kpp_mozcart_Parameters.F
ln -sf  ../../../module_kpp_mozcart_JacobianSP.F
ln -sf  ../../../module_kpp_mozcart_Integr.F
make -i -r comp
make[1]: Entering directory '/glade/work/rkumar/NASA_HMA/WRFchem_HMA/chem/KPP/util/write_decomp'
Makefile:50: warning: overriding recipe for target '.F.o'
../../../../configure.wrf:375: warning: ignoring old recipe for target '.F.o'
Makefile:58: warning: overriding recipe for target '.c.o'
../../../../configure.wrf:406: warning: ignoring old recipe for target '.c.o'
rm -f module_kpp_mozcart_Precision.o
sed -f ../../../../arch/standard.sed module_kpp_mozcart_Precision.F > module_kpp_mozcart_Precision.b 
/lib/cpp -P -nostdinc -I../../../../inc -DEM_CORE=1 -DNMM_CORE=0 -DNMM_MAX_DIM=2600 -DCOAMPS_CORE= -DDA_CORE=0 -DEXP_CORE= -DIWORDSIZE=4 -DDWORDSIZE=8 -DRWORDSIZE=4 -DLWORDSIZE=4 -DNONSTANDARD_SYSTEM_FUNC  -DWRF_USE_CLM  -DSNICAR_FRC    -DDM_PARALLEL -DNETCDF -DUSE_ALLOCATABLES -DGRIB1 -DINTIO -DKEEP_INT_AROUND -DLIMIT_ARGS -DCONFIG_BUF_LEN=65536 -DMAX_DOMAINS_F=21 -DMAX_HISTORY=25 -DNMM_NEST= -DWRF_CHEM -DBUILD_CHEM=1 -DWRF_KPP -I. -traditional-cpp  module_kpp_mozcart_Precision.b  > module_kpp_mozcart_Precision.f90
rm -f module_kpp_mozcart_Precision.b
ifort -c -O3 -ip -fp-model precise -w -ftz -align all -fno-alias -FR -convert big_endian    -real-size `expr 8 \* 4` -i4  module_kpp_mozcart_Precision.f90
rm -f module_kpp_mozcart_Parameters.o
sed -f ../../../../arch/standard.sed module_kpp_mozcart_Parameters.F > module_kpp_mozcart_Parameters.b 
/lib/cpp -P -nostdinc -I../../../../inc -DEM_CORE=1 -DNMM_CORE=0 -DNMM_MAX_DIM=2600 -DCOAMPS_CORE= -DDA_CORE=0 -DEXP_CORE= -DIWORDSIZE=4 -DDWORDSIZE=8 -DRWORDSIZE=4 -DLWORDSIZE=4 -DNONSTANDARD_SYSTEM_FUNC  -DWRF_USE_CLM  -DSNICAR_FRC    -DDM_PARALLEL -DNETCDF -DUSE_ALLOCATABLES -DGRIB1 -DINTIO -DKEEP_INT_AROUND -DLIMIT_ARGS -DCONFIG_BUF_LEN=65536 -DMAX_DOMAINS_F=21 -DMAX_HISTORY=25 -DNMM_NEST= -DWRF_CHEM -DBUILD_CHEM=1 -DWRF_KPP -I. -traditional-cpp  module_kpp_mozcart_Parameters.b  > module_kpp_mozcart_Parameters.f90
rm -f module_kpp_mozcart_Parameters.b
ifort -c -O3 -ip -fp-model precise -w -ftz -align all -fno-alias -FR -convert big_endian    -real-size `expr 8 \* 4` -i4  module_kpp_mozcart_Parameters.f90
rm -f module_kpp_mozcart_JacobianSP.o
sed -f ../../../../arch/standard.sed module_kpp_mozcart_JacobianSP.F > module_kpp_mozcart_JacobianSP.b 
/lib/cpp -P -nostdinc -I../../../../inc -DEM_CORE=1 -DNMM_CORE=0 -DNMM_MAX_DIM=2600 -DCOAMPS_CORE= -DDA_CORE=0 -DEXP_CORE= -DIWORDSIZE=4 -DDWORDSIZE=8 -DRWORDSIZE=4 -DLWORDSIZE=4 -DNONSTANDARD_SYSTEM_FUNC  -DWRF_USE_CLM  -DSNICAR_FRC    -DDM_PARALLEL -DNETCDF -DUSE_ALLOCATABLES -DGRIB1 -DINTIO -DKEEP_INT_AROUND -DLIMIT_ARGS -DCONFIG_BUF_LEN=65536 -DMAX_DOMAINS_F=21 -DMAX_HISTORY=25 -DNMM_NEST= -DWRF_CHEM -DBUILD_CHEM=1 -DWRF_KPP -I. -traditional-cpp  module_kpp_mozcart_JacobianSP.b  > module_kpp_mozcart_JacobianSP.f90
rm -f module_kpp_mozcart_JacobianSP.b
ifort -c -O3 -ip -fp-model precise -w -ftz -align all -fno-alias -FR -convert big_endian    -real-size `expr 8 \* 4` -i4  module_kpp_mozcart_JacobianSP.f90
rm -f write_decomp.o
sed -f ../../../../arch/standard.sed write_decomp.F > write_decomp.b 
/lib/cpp -P -nostdinc -I../../../../inc -DEM_CORE=1 -DNMM_CORE=0 -DNMM_MAX_DIM=2600 -DCOAMPS_CORE= -DDA_CORE=0 -DEXP_CORE= -DIWORDSIZE=4 -DDWORDSIZE=8 -DRWORDSIZE=4 -DLWORDSIZE=4 -DNONSTANDARD_SYSTEM_FUNC  -DWRF_USE_CLM  -DSNICAR_FRC    -DDM_PARALLEL -DNETCDF -DUSE_ALLOCATABLES -DGRIB1 -DINTIO -DKEEP_INT_AROUND -DLIMIT_ARGS -DCONFIG_BUF_LEN=65536 -DMAX_DOMAINS_F=21 -DMAX_HISTORY=25 -DNMM_NEST= -DWRF_CHEM -DBUILD_CHEM=1 -DWRF_KPP -I. -traditional-cpp  write_decomp.b  > write_decomp.f90
rm -f write_decomp.b
ifort -c -O3 -ip -fp-model precise -w -ftz -align all -fno-alias -FR -convert big_endian    -real-size `expr 8 \* 4` -i4  write_decomp.f90
ifort -o write_decomp.exe module_kpp_mozcart_Precision.o module_kpp_mozcart_Parameters.o module_kpp_mozcart_JacobianSP.o      write_decomp.o  
echo mozcart > mech.tmp
make[1]: Leaving directory '/glade/work/rkumar/NASA_HMA/WRFchem_HMA/chem/KPP/util/write_decomp'
./write_decomp.exe
   -- in write_decomp
     for kpp mechanism: mozcart
 fname:<decomp_mozcart.inc>
make -i -r integr_edit
make[1]: Entering directory '/glade/work/rkumar/NASA_HMA/WRFchem_HMA/chem/KPP/util/write_decomp'
Makefile:50: warning: overriding recipe for target '.F.o'
../../../../configure.wrf:375: warning: ignoring old recipe for target '.F.o'
Makefile:58: warning: overriding recipe for target '.c.o'
../../../../configure.wrf:406: warning: ignoring old recipe for target '.c.o'
rm -f integr_edit.o
icc -c -w -O3 -ip  -DDM_PARALLEL -DMAX_HISTORY=25 -DNMM_CORE=0 integr_edit.c
icc -o integr_edit.exe integr_edit.o
make[1]: Leaving directory '/glade/work/rkumar/NASA_HMA/WRFchem_HMA/chem/KPP/util/write_decomp'
./integr_edit.exe mozcart
   integr_edit: replacing     CALL mozcart_KppDecomp ( A, ising )
 
  END MODULE mozcart_Integrator
 make -i -r clean 
make[1]: Entering directory '/glade/work/rkumar/NASA_HMA/WRFchem_HMA/chem/KPP/util/write_decomp'
Makefile:50: warning: overriding recipe for target '.F.o'
../../../../configure.wrf:375: warning: ignoring old recipe for target '.F.o'
Makefile:58: warning: overriding recipe for target '.c.o'
../../../../configure.wrf:406: warning: ignoring old recipe for target '.c.o'
rm -f *.o *.tmp *.mod module_kpp_* *~ *.inc *.exe *.f90
make[1]: Leaving directory '/glade/work/rkumar/NASA_HMA/WRFchem_HMA/chem/KPP/util/write_decomp'
=========================================================
mechanisms/nmhc9
ln -s ../../util/Makefile_kpp mechanisms/nmhc9/Makefile
ln -s ../chem/KPP/inc/nmhc9/extra_args_to_update_rconst_nmhc9.inc /glade/work/rkumar/NASA_HMA/WRFchem_HMA/inc
ln -s ../chem/KPP/inc/nmhc9/extra_args_update_rconst_nmhc9.inc /glade/work/rkumar/NASA_HMA/WRFchem_HMA/inc
ln -s ../chem/KPP/inc/nmhc9/extra_decls_update_rconst_nmhc9.inc /glade/work/rkumar/NASA_HMA/WRFchem_HMA/inc
ln -s ../chem/KPP/inc/nmhc9/kpp_mechd_a_nmhc9.inc /glade/work/rkumar/NASA_HMA/WRFchem_HMA/inc
ln -s ../chem/KPP/inc/nmhc9/kpp_mechd_b_nmhc9.inc /glade/work/rkumar/NASA_HMA/WRFchem_HMA/inc
ln -s ../chem/KPP/inc/nmhc9/kpp_mechd_e_nmhc9.inc /glade/work/rkumar/NASA_HMA/WRFchem_HMA/inc
ln -s ../chem/KPP/inc/nmhc9/kpp_mechd_ia_nmhc9.inc /glade/work/rkumar/NASA_HMA/WRFchem_HMA/inc
ln -s ../chem/KPP/inc/nmhc9/kpp_mechd_ib_nmhc9.inc /glade/work/rkumar/NASA_HMA/WRFchem_HMA/inc
ln -s ../chem/KPP/inc/nmhc9/kpp_mechd_ibu_nmhc9.inc /glade/work/rkumar/NASA_HMA/WRFchem_HMA/inc
ln -s ../chem/KPP/inc/nmhc9/kpp_mechd_l_nmhc9.inc /glade/work/rkumar/NASA_HMA/WRFchem_HMA/inc
ln -s ../chem/KPP/inc/nmhc9/kpp_mechd_u_nmhc9.inc /glade/work/rkumar/NASA_HMA/WRFchem_HMA/inc
model nmhc9
/glade/work/rkumar/NASA_HMA/WRFchem_HMA/chem/KPP/kpp/kpp-2.1/bin/kpp nmhc9.kpp
Next token is token INCODE ()
Shifting token INCODE ()
Entering state 195
Reducing stack by rule 109 (line 376):
   $1 = nterm inlinecode ()
   $2 = token INCODE ()
-> $$ = nterm inlinecode ()
Stack now 0 46 46 46 46 44 122
Entering state 169
Reading a token: Next token is token INCODE ()
Shifting token INCODE ()
Entering state 195
Reducing stack by rule 109 (line 376):
   $1 = nterm inlinecode ()
   $2 = token INCODE ()
-> $$ = nterm inlinecode ()
Stack now 0 46 46 46 46 44 122
Entering state 169
Reading a token: Next token is token INCODE ()
Shifting token INCODE ()
Entering state 195
Reducing stack by rule 109 (line 376):
   $1 = nterm inlinecode ()
   $2 = token INCODE ()
-> $$ = nterm inlinecode ()
Stack now 0 46 46 46 46 44 122
Entering state 169
Reading a token: Next token is token INCODE ()
Shifting token INCODE ()
Entering state 195
Reducing stack by rule 109 (line 376):
   $1 = nterm inlinecode ()
   $2 = token INCODE ()
-> $$ = nterm inlinecode ()
Stack now 0 46 46 46 46 44 122
Entering state 169
Reading a token: Next token is token INCODE ()
Shifting token INCODE ()
Entering state 195
Reducing stack by rule 109 (line 376):
   $1 = nterm inlinecode ()
   $2 = token INCODE ()
-> $$ = nterm inlinecode ()
Stack now 0 46 46 46 46 44 122
Entering state 169
Reading a token: Next token is token INCODE ()
Shifting token INCODE ()
Entering state 195
Reducing stack by rule 109 (line 376):
   $1 = nterm inlinecode ()
   $2 = token INCODE ()
-> $$ = nterm inlinecode ()
Stack now 0 46 46 46 46 44 122
Entering state 169
Reading a token: Next token is token INCODE ()
Shifting token INCODE ()
Entering state 195
Reducing stack by rule 109 (line 376):
   $1 = nterm inlinecode ()
   $2 = token INCODE ()
-> $$ = nterm inlinecode ()
Stack now 0 46 46 46 46 44 122
Entering state 169
Reading a token: Next token is token INCODE ()
Shifting token INCODE ()
Entering state 195
Reducing stack by rule 109 (line 376):
   $1 = nterm inlinecode ()
   $2 = token INCODE ()
-> $$ = nterm inlinecode ()
Stack now 0 46 46 46 46 44 122
Entering state 169
Reading a token: Next token is token INCODE ()
Shifting token INCODE ()
Entering state 195
Reducing stack by rule 109 (line 376):
   $1 = nterm inlinecode ()
   $2 = token INCODE ()
-> $$ = nterm inlinecode ()
Stack now 0 46 46 46 46 44 122
Entering state 169
Reading a token: Next token is token INCODE ()
Shifting token INCODE ()
Entering state 195
Reducing stack by rule 109 (line 376):
   $1 = nterm inlinecode ()
   $2 = token INCODE ()
-> $$ = nterm inlinecode ()
Stack now 0 46 46 46 46 44 122
Entering state 169
Reading a token: Next token is token INCODE ()
Shifting token INCODE ()
Entering state 195
Reducing stack by rule 109 (line 376):
   $1 = nterm inlinecode ()
   $2 = token INCODE ()
-> $$ = nterm inlinecode ()
Stack now 0 46 46 46 46 44 122
Entering state 169
Reading a token: Next token is token INCODE ()
Shifting token INCODE ()
Entering state 195
Reducing stack by rule 109 (line 376):
   $1 = nterm inlinecode ()
   $2 = token INCODE ()
-> $$ = nterm inlinecode ()
Stack now 0 46 46 46 46 44 122
Entering state 169
Reading a token: Next token is token INCODE ()
Shifting token INCODE ()
Entering state 195
Reducing stack by rule 109 (line 376):
   $1 = nterm inlinecode ()
   $2 = token INCODE ()
-> $$ = nterm inlinecode ()
Stack now 0 46 46 46 46 44 122
Entering state 169
Reading a token: Next token is token INCODE ()
Shifting token INCODE ()
Entering state 195
Reducing stack by rule 109 (line 376):
   $1 = nterm inlinecode ()
   $2 = token INCODE ()
-> $$ = nterm inlinecode ()
Stack now 0 46 46 46 46 44 122
Entering state 169
Reading a token: Next token is token INCODE ()
Shifting token INCODE ()
Entering state 195
Reducing stack by rule 109 (line 376):
   $1 = nterm inlinecode ()
   $2 = token INCODE ()
-> $$ = nterm inlinecode ()
Stack now 0 46 46 46 46 44 122
Entering state 169
Reading a token: Next token is token INCODE ()
Shifting token INCODE ()
Entering state 195
Reducing stack by rule 109 (line 376):
   $1 = nterm inlinecode ()
   $2 = token INCODE ()
-> $$ = nterm inlinecode ()
Stack now 0 46 46 46 46 44 122
Entering state 169
Reading a token: Next token is token INCODE ()
Shifting token INCODE ()
Entering state 195
Reducing stack by rule 109 (line 376):
   $1 = nterm inlinecode ()
   $2 = token INCODE ()
-> $$ = nterm inlinecode ()
Stack now 0 46 46 46 46 44 122
Entering state 169
Reading a token: Next token is token INCODE ()
Shifting token INCODE ()
Entering state 195
Reducing stack by rule 109 (line 376):
   $1 = nterm inlinecode ()
   $2 = token INCODE ()
-> $$ = nterm inlinecode ()
Stack now 0 46 46 46 46 44 122
Entering state 169
Reading a token: Next token is token INCODE ()
Shifting token INCODE ()
Entering state 195
Reducing stack by rule 109 (line 376):
   $1 = nterm inlinecode ()
   $2 = token INCODE ()
-> $$ = nterm inlinecode ()
Stack now 0 46 46 46 46 44 122
Entering state 169
Reading a token: Next token is token INCODE ()
Shifting token INCODE ()
Entering state 195
Reducing stack by rule 109 (line 376):
   $1 = nterm inlinecode ()
   $2 = token INCODE ()
-> $$ = nterm inlinecode ()
Stack now 0 46 46 46 46 44 122
Entering state 169
Reading a token: Next token is token INCODE ()
Shifting token INCODE ()
Entering state 195
Reducing stack by rule 109 (line 376):
   $1 = nterm inlinecode ()
   $2 = token INCODE ()
-> $$ = nterm inlinecode ()
Stack now 0 46 46 46 46 44 122
Entering state 169
Reading a token: Next token is token INCODE ()
Shifting token INCODE ()
Entering state 195
Reducing stack by rule 109 (line 376):
   $1 = nterm inlinecode ()
   $2 = token INCODE ()
-> $$ = nterm inlinecode ()
Stack now 0 46 46 46 46 44 122
Entering state 169
Reading a token: Next token is token INCODE ()
Shifting token INCODE ()
Entering state 195
Reducing stack by rule 109 (line 376):
   $1 = nterm inlinecode ()
   $2 = token INCODE ()
-> $$ = nterm inlinecode ()
Stack now 0 46 46 46 46 44 122
Entering state 169
Reading a token: Next token is token INCODE ()
Shifting token INCODE ()
Entering state 195
Reducing stack by rule 109 (line 376):
   $1 = nterm inlinecode ()
   $2 = token INCODE ()
-> $$ = nterm inlinecode ()
Stack now 0 46 46 46 46 44 122
Entering state 169
Reading a token: Next token is token INCODE ()
Shifting token INCODE ()
Entering state 195
Reducing stack by rule 109 (line 376):
   $1 = nterm inlinecode ()
   $2 = token INCODE ()
-> $$ = nterm inlinecode ()
Stack now 0 46 46 46 46 44 122
Entering state 169
Reading a token: Next token is token INCODE ()
Shifting token INCODE ()
Entering state 195
Reducing stack by rule 109 (line 376):
   $1 = nterm inlinecode ()
   $2 = token INCODE ()
-> $$ = nterm inlinecode ()
Stack now 0 46 46 46 46 44 122
Entering state 169
Reading a token: Next token is token INCODE ()
Shifting token INCODE ()
Entering state 195
Reducing stack by rule 109 (line 376):
   $1 = nterm inlinecode ()
   $2 = token INCODE ()
-> $$ = nterm inlinecode ()
Stack now 0 46 46 46 46 44 122
Entering state 169
Reading a token: Next token is token INCODE ()
Shifting token INCODE ()
Entering state 195
Reducing stack by rule 109 (line 376):
   $1 = nterm inlinecode ()
   $2 = token INCODE ()
-> $$ = nterm inlinecode ()
Stack now 0 46 46 46 46 44 122
Entering state 169
Reading a token: Next token is token INCODE ()
Shifting token INCODE ()
Entering state 195
Reducing stack by rule 109 (line 376):
   $1 = nterm inlinecode ()
   $2 = token INCODE ()
-> $$ = nterm inlinecode ()
Stack now 0 46 46 46 46 44 122
Entering state 169
Reading a token: Next token is token INCODE ()
Shifting token INCODE ()
Entering state 195
Reducing stack by rule 109 (line 376):
   $1 = nterm inlinecode ()
   $2 = token INCODE ()
-> $$ = nterm inlinecode ()
Stack now 0 46 46 46 46 44 122
Entering state 169
Reading a token: Next token is token INCODE ()
Shifting token INCODE ()
Entering state 195
Reducing stack by rule 109 (line 376):
   $1 = nterm inlinecode ()
   $2 = token INCODE ()
-> $$ = nterm inlinecode ()
Stack now 0 46 46 46 46 44 122
Entering state 169
Reading a token: Next token is token INCODE ()
Shifting token INCODE ()
Entering state 195
Reducing stack by rule 109 (line 376):
   $1 = nterm inlinecode ()
   $2 = token INCODE ()
-> $$ = nterm inlinecode ()
Stack now 0 46 46 46 46 44 122
Entering state 169
Reading a token: Next token is token INCODE ()
Shifting token INCODE ()
Entering state 195
Reducing stack by rule 109 (line 376):
   $1 = nterm inlinecode ()
   $2 = token INCODE ()
-> $$ = nterm inlinecode ()
Stack now 0 46 46 46 46 44 122
Entering state 169
Reading a token: Next token is token INCODE ()
Shifting token INCODE ()
Entering state 195
Reducing stack by rule 109 (line 376):
   $1 = nterm inlinecode ()
   $2 = token INCODE ()
-> $$ = nterm inlinecode ()
Stack now 0 46 46 46 46 44 122
Entering state 169
Reading a token: Next token is token INCODE ()
Shifting token INCODE ()
Entering state 195
Reducing stack by rule 109 (line 376):
   $1 = nterm inlinecode ()
   $2 = token INCODE ()
-> $$ = nterm inlinecode ()
Stack now 0 46 46 46 46 44 122
Entering state 169
Reading a token: Next token is token INCODE ()
Shifting token INCODE ()
Entering state 195
Reducing stack by rule 109 (line 376):
   $1 = nterm inlinecode ()
   $2 = token INCODE ()
-> $$ = nterm inlinecode ()
Stack now 0 46 46 46 46 44 122
Entering state 169
Reading a token: Next token is token INCODE ()
Shifting token INCODE ()
Entering state 195
Reducing stack by rule 109 (line 376):
   $1 = nterm inlinecode ()
   $2 = token INCODE ()
-> $$ = nterm inlinecode ()
Stack now 0 46 46 46 46 44 122
Entering state 169
Reading a token: Next token is token INCODE ()
Shifting token INCODE ()
Entering state 195
Reducing stack by rule 109 (line 376):
   $1 = nterm inlinecode ()
   $2 = token INCODE ()
-> $$ = nterm inlinecode ()
Stack now 0 46 46 46 46 44 122
Entering state 169
Reading a token: Next token is token INCODE ()
Shifting token INCODE ()
Entering state 195
Reducing stack by rule 109 (line 376):
   $1 = nterm inlinecode ()
   $2 = token INCODE ()
-> $$ = nterm inlinecode ()
Stack now 0 46 46 46 46 44 122
Entering state 169
Reading a token: Next token is token INCODE ()
Shifting token INCODE ()
Entering state 195
Reducing stack by rule 109 (line 376):
   $1 = nterm inlinecode ()
   $2 = token INCODE ()
-> $$ = nterm inlinecode ()
Stack now 0 46 46 46 46 44 122
Entering state 169
Reading a token: Next token is token INCODE ()
Shifting token INCODE ()
Entering state 195
Reducing stack by rule 109 (line 376):
   $1 = nterm inlinecode ()
   $2 = token INCODE ()
-> $$ = nterm inlinecode ()
Stack now 0 46 46 46 46 44 122
Entering state 169
Reading a token: Next token is token INCODE ()
Shifting token INCODE ()
Entering state 195
Reducing stack by rule 109 (line 376):
   $1 = nterm inlinecode ()
   $2 = token INCODE ()
-> $$ = nterm inlinecode ()
Stack now 0 46 46 46 46 44 122
Entering state 169
Reading a token: Next token is token INCODE ()
Shifting token INCODE ()
Entering state 195
Reducing stack by rule 109 (line 376):
   $1 = nterm inlinecode ()
   $2 = token INCODE ()
-> $$ = nterm inlinecode ()
Stack now 0 46 46 46 46 44 122
Entering state 169
Reading a token: Next token is token INCODE ()
Shifting token INCODE ()
Entering state 195
Reducing stack by rule 109 (line 376):
   $1 = nterm inlinecode ()
   $2 = token INCODE ()
-> $$ = nterm inlinecode ()
Stack now 0 46 46 46 46 44 122
Entering state 169
Reading a token: Next token is token INCODE ()
Shifting token INCODE ()
Entering state 195
Reducing stack by rule 109 (line 376):
   $1 = nterm inlinecode ()
   $2 = token INCODE ()
-> $$ = nterm inlinecode ()
Stack now 0 46 46 46 46 44 122
Entering state 169
Reading a token: Next token is token INCODE ()
Shifting token INCODE ()
Entering state 195
Reducing stack by rule 109 (line 376):
   $1 = nterm inlinecode ()
   $2 = token INCODE ()
-> $$ = nterm inlinecode ()
Stack now 0 46 46 46 46 44 122
Entering state 169
Reading a token: Next token is token INCODE ()
Shifting token INCODE ()
Entering state 195
Reducing stack by rule 109 (line 376):
   $1 = nterm inlinecode ()
   $2 = token INCODE ()
-> $$ = nterm inlinecode ()
Stack now 0 46 46 46 46 44 122
Entering state 169
Reading a token: Next token is token INCODE ()
Shifting token INCODE ()
Entering state 195
Reducing stack by rule 109 (line 376):
   $1 = nterm inlinecode ()
   $2 = token INCODE ()
-> $$ = nterm inlinecode ()
Stack now 0 46 46 46 46 44 122
Entering state 169
Reading a token: Next token is token INCODE ()
Shifting token INCODE ()
Entering state 195
Reducing stack by rule 109 (line 376):
   $1 = nterm inlinecode ()
   $2 = token INCODE ()
-> $$ = nterm inlinecode ()
Stack now 0 46 46 46 46 44 122
Entering state 169
Reading a token: Next token is token INCODE ()
Shifting token INCODE ()
Entering state 195
Reducing stack by rule 109 (line 376):
   $1 = nterm inlinecode ()
   $2 = token INCODE ()
-> $$ = nterm inlinecode ()
Stack now 0 46 46 46 46 44 122
Entering state 169
Reading a token: Next token is token INCODE ()
Shifting token INCODE ()
Entering state 195
Reducing stack by rule 109 (line 376):
   $1 = nterm inlinecode ()
   $2 = token INCODE ()
-> $$ = nterm inlinecode ()
Stack now 0 46 46 46 46 44 122
Entering state 169
Reading a token: Next token is token INCODE ()
Shifting token INCODE ()
Entering state 195
Reducing stack by rule 109 (line 376):
   $1 = nterm inlinecode ()
   $2 = token INCODE ()
-> $$ = nterm inlinecode ()
Stack now 0 46 46 46 46 44 122
Entering state 169
Reading a token: Next token is token INCODE ()
Shifting token INCODE ()
Entering state 195
Reducing stack by rule 109 (line 376):
   $1 = nterm inlinecode ()
   $2 = token INCODE ()
-> $$ = nterm inlinecode ()
Stack now 0 46 46 46 46 44 122
Entering state 169
Reading a token: Next token is token INCODE ()
Shifting token INCODE ()
Entering state 195
Reducing stack by rule 109 (line 376):
   $1 = nterm inlinecode ()
   $2 = token INCODE ()
-> $$ = nterm inlinecode ()
Stack now 0 46 46 46 46 44 122
Entering state 169
Reading a token: Next token is token INCODE ()
Shifting token INCODE ()
Entering state 195
Reducing stack by rule 109 (line 376):
   $1 = nterm inlinecode ()
   $2 = token INCODE ()
-> $$ = nterm inlinecode ()
Stack now 0 46 46 46 46 44 122
Entering state 169
Reading a token: Next token is token INCODE ()
Shifting token INCODE ()
Entering state 195
Reducing stack by rule 109 (line 376):
   $1 = nterm inlinecode ()
   $2 = token INCODE ()
-> $$ = nterm inlinecode ()
Stack now 0 46 46 46 46 44 122
Entering state 169
Reading a token: Next token is token INCODE ()
Shifting token INCODE ()
Entering state 195
Reducing stack by rule 109 (line 376):
   $1 = nterm inlinecode ()
   $2 = token INCODE ()
-> $$ = nterm inlinecode ()
Stack now 0 46 46 46 46 44 122
Entering state 169
Reading a token: Next token is token INCODE ()
Shifting token INCODE ()
Entering state 195
Reducing stack by rule 109 (line 376):
   $1 = nterm inlinecode ()
   $2 = token INCODE ()
-> $$ = nterm inlinecode ()
Stack now 0 46 46 46 46 44 122
Entering state 169
Reading a token: Next token is token INCODE ()
Shifting token INCODE ()
Entering state 195
Reducing stack by rule 109 (line 376):
   $1 = nterm inlinecode ()
   $2 = token INCODE ()
-> $$ = nterm inlinecode ()
Stack now 0 46 46 46 46 44 122
Entering state 169
Reading a token: Next token is token INCODE ()
Shifting token INCODE ()
Entering state 195
Reducing stack by rule 109 (line 376):
   $1 = nterm inlinecode ()
   $2 = token INCODE ()
-> $$ = nterm inlinecode ()
Stack now 0 46 46 46 46 44 122
Entering state 169
Reading a token: Next token is token INCODE ()
Shifting token INCODE ()
Entering state 195
Reducing stack by rule 109 (line 376):
   $1 = nterm inlinecode ()
   $2 = token INCODE ()
-> $$ = nterm inlinecode ()
Stack now 0 46 46 46 46 44 122
Entering state 169
Reading a token: Next token is token INCODE ()
Shifting token INCODE ()
Entering state 195
Reducing stack by rule 109 (line 376):
   $1 = nterm inlinecode ()
   $2 = token INCODE ()
-> $$ = nterm inlinecode ()
Stack now 0 46 46 46 46 44 122
Entering state 169
Reading a token: Next token is token INCODE ()
Shifting token INCODE ()
Entering state 195
Reducing stack by rule 109 (line 376):
   $1 = nterm inlinecode ()
   $2 = token INCODE ()
-> $$ = nterm inlinecode ()
Stack now 0 46 46 46 46 44 122
Entering state 169
Reading a token: Next token is token INCODE ()
Shifting token INCODE ()
Entering state 195
Reducing stack by rule 109 (line 376):
   $1 = nterm inlinecode ()
   $2 = token INCODE ()
-> $$ = nterm inlinecode ()
Stack now 0 46 46 46 46 44 122
Entering state 169
Reading a token: Next token is token INCODE ()
Shifting token INCODE ()
Entering state 195
Reducing stack by rule 109 (line 376):
   $1 = nterm inlinecode ()
   $2 = token INCODE ()
-> $$ = nterm inlinecode ()
Stack now 0 46 46 46 46 44 122
Entering state 169
Reading a token: Next token is token INCODE ()
Shifting token INCODE ()
Entering state 195
Reducing stack by rule 109 (line 376):
   $1 = nterm inlinecode ()
   $2 = token INCODE ()
-> $$ = nterm inlinecode ()
Stack now 0 46 46 46 46 44 122
Entering state 169
Reading a token: Next token is token INCODE ()
Shifting token INCODE ()
Entering state 195
Reducing stack by rule 109 (line 376):
   $1 = nterm inlinecode ()
   $2 = token INCODE ()
-> $$ = nterm inlinecode ()
Stack now 0 46 46 46 46 44 122
Entering state 169
Reading a token: Next token is token ENDINLINE ()
Shifting token ENDINLINE ()
Entering state 194
Reducing stack by rule 40 (line 179):
   $1 = token INLINE ()
   $2 = token INLCTX ()
   $3 = nterm inlinecode ()
   $4 = token ENDINLINE ()
-> $$ = nterm section ()
Stack now 0 46 46 46 46
Entering state 46
Reading a token: Next token is token LANGUAGE ()
Shifting token LANGUAGE ()
Entering state 40
Reading a token: Next token is token PARAMETER ()
Shifting token PARAMETER ()
Entering state 117
Reducing stack by rule 35 (line 169):
   $1 = token LANGUAGE ()
   $2 = token PARAMETER ()
-> $$ = nterm section ()
Stack now 0 46 46 46 46 46
Entering state 46
Reading a token: Next token is token DOUBLE ()
Shifting token DOUBLE ()
Entering state 2
Reading a token: Next token is token PARAMETER ()
Shifting token PARAMETER ()
Entering state 48
Reducing stack by rule 6 (line 104):
   $1 = token DOUBLE ()
   $2 = token PARAMETER ()
-> $$ = nterm section ()
Stack now 0 46 46 46 46 46 46
Entering state 46
Reading a token: Next token is token FUNCTION ()
Shifting token FUNCTION ()
Entering state 3
Reading a token: Next token is token PARAMETER ()
Shifting token PARAMETER ()
Entering state 49
Reducing stack by rule 11 (line 119):
   $1 = token FUNCTION ()
   $2 = token PARAMETER ()
-> $$ = nterm section ()
Stack now 0 46 46 46 46 46 46 46
Entering state 46
Reading a token: Next token is token JACOBIAN ()
Shifting token JACOBIAN ()
Entering state 1
Reading a token: Next token is token PARAMETER ()
Shifting token PARAMETER ()
Entering state 47
Reducing stack by rule 3 (line 95):
   $1 = token JACOBIAN ()
   $2 = token PARAMETER ()
-> $$ = nterm section ()
Stack now 0 46 46 46 46 46 46 46 46
Entering state 46
Reading a token: Next token is token DOUBLE ()
Shifting token DOUBLE ()
Entering state 2
Reading a token: Next token is token PARAMETER ()
Shifting token PARAMETER ()
Entering state 48
Reducing stack by rule 6 (line 104):
   $1 = token DOUBLE ()
   $2 = token PARAMETER ()
-> $$ = nterm section ()
Stack now 0 46 46 46 46 46 46 46 46 46
Entering state 46
Reading a token: Next token is token INTFILE ()
Shifting token INTFILE ()
Entering state 41
Reading a token: Next token is token PARAMETER ()
Shifting token PARAMETER ()
Entering state 118
Reducing stack by rule 42 (line 186):
   $1 = token INTFILE ()
   $2 = token PARAMETER ()
-> $$ = nterm section ()
Stack now 0 46 46 46 46 46 46 46 46 46 46
Entering state 46
Reading a token: Next token is token INLINE ()
Shifting token INLINE ()
Entering state 44
Reading a token: Next token is token INLCTX ()
Shifting token INLCTX ()
Entering state 122
Reading a token: Next token is token INCODE ()
Shifting token INCODE ()
Entering state 168
Reducing stack by rule 110 (line 380):
   $1 = token INCODE ()
-> $$ = nterm inlinecode ()
Stack now 0 46 46 46 46 46 46 46 46 46 46 46 44 122
Entering state 169
Reading a token: Next token is token INCODE ()
Shifting token INCODE ()
Entering state 195
Reducing stack by rule 109 (line 376):
   $1 = nterm inlinecode ()
   $2 = token INCODE ()
-> $$ = nterm inlinecode ()
Stack now 0 46 46 46 46 46 46 46 46 46 46 46 44 122
Entering state 169
Reading a token: Next token is token INCODE ()
Shifting token INCODE ()
Entering state 195
Reducing stack by rule 109 (line 376):
   $1 = nterm inlinecode ()
   $2 = token INCODE ()
-> $$ = nterm inlinecode ()
Stack now 0 46 46 46 46 46 46 46 46 46 46 46 44 122
Entering state 169
Reading a token: Next token is token INCODE ()
Shifting token INCODE ()
Entering state 195
Reducing stack by rule 109 (line 376):
   $1 = nterm inlinecode ()
   $2 = token INCODE ()
-> $$ = nterm inlinecode ()
Stack now 0 46 46 46 46 46 46 46 46 46 46 46 44 122
Entering state 169
Reading a token: Next token is token INCODE ()
Shifting token INCODE ()
Entering state 195
Reducing stack by rule 109 (line 376):
   $1 = nterm inlinecode ()
   $2 = token INCODE ()
-> $$ = nterm inlinecode ()
Stack now 0 46 46 46 46 46 46 46 46 46 46 46 44 122
Entering state 169
Reading a token: Next token is token INCODE ()
Shifting token INCODE ()
Entering state 195
Reducing stack by rule 109 (line 376):
   $1 = nterm inlinecode ()
   $2 = token INCODE ()
-> $$ = nterm inlinecode ()
Stack now 0 46 46 46 46 46 46 46 46 46 46 46 44 122
Entering state 169
Reading a token: Next token is token INCODE ()
Shifting token INCODE ()
Entering state 195
Reducing stack by rule 109 (line 376):
   $1 = nterm inlinecode ()
   $2 = token INCODE ()
-> $$ = nterm inlinecode ()
Stack now 0 46 46 46 46 46 46 46 46 46 46 46 44 122
Entering state 169
Reading a token: Next token is token INCODE ()
Shifting token INCODE ()
Entering state 195
Reducing stack by rule 109 (line 376):
   $1 = nterm inlinecode ()
   $2 = token INCODE ()
-> $$ = nterm inlinecode ()
Stack now 0 46 46 46 46 46 46 46 46 46 46 46 44 122
Entering state 169
Reading a token: Next token is token INCODE ()
Shifting token INCODE ()
Entering state 195
Reducing stack by rule 109 (line 376):
   $1 = nterm inlinecode ()
   $2 = token INCODE ()
-> $$ = nterm inlinecode ()
Stack now 0 46 46 46 46 46 46 46 46 46 46 46 44 122
Entering state 169
Reading a token: Next token is token ENDINLINE ()
Shifting token ENDINLINE ()
Entering state 194
Reducing stack by rule 40 (line 179):
   $1 = token INLINE ()
   $2 = token INLCTX ()
   $3 = nterm inlinecode ()
   $4 = token ENDINLINE ()
-> $$ = nterm section ()
Stack now 0 46 46 46 46 46 46 46 46 46 46 46
Entering state 46
Reading a token: Next token is token INLINE ()
Shifting token INLINE ()
Entering state 44
Reading a token: Next token is token INLCTX ()
Shifting token INLCTX ()
Entering state 122
Reading a token: Next token is token INCODE ()
Shifting token INCODE ()
Entering state 168
Reducing stack by rule 110 (line 380):
   $1 = token INCODE ()
-> $$ = nterm inlinecode ()
Stack now 0 46 46 46 46 46 46 46 46 46 46 46 46 44 122
Entering state 169
Reading a token: Next token is token INCODE ()
Shifting token INCODE ()
Entering state 195
Reducing stack by rule 109 (line 376):
   $1 = nterm inlinecode ()
   $2 = token INCODE ()
-> $$ = nterm inlinecode ()
Stack now 0 46 46 46 46 46 46 46 46 46 46 46 46 44 122
Entering state 169
Reading a token: Next token is token INCODE ()
Shifting token INCODE ()
Entering state 195
Reducing stack by rule 109 (line 376):
   $1 = nterm inlinecode ()
   $2 = token INCODE ()
-> $$ = nterm inlinecode ()
Stack now 0 46 46 46 46 46 46 46 46 46 46 46 46 44 122
Entering state 169
Reading a token: Next token is token INCODE ()
Shifting token INCODE ()
Entering state 195
Reducing stack by rule 109 (line 376):
   $1 = nterm inlinecode ()
   $2 = token INCODE ()
-> $$ = nterm inlinecode ()
Stack now 0 46 46 46 46 46 46 46 46 46 46 46 46 44 122
Entering state 169
Reading a token: Next token is token INCODE ()
Shifting token INCODE ()
Entering state 195
Reducing stack by rule 109 (line 376):
   $1 = nterm inlinecode ()
   $2 = token INCODE ()
-> $$ = nterm inlinecode ()
Stack now 0 46 46 46 46 46 46 46 46 46 46 46 46 44 122
Entering state 169
Reading a token: Next token is token INCODE ()
Shifting token INCODE ()
Entering state 195
Reducing stack by rule 109 (line 376):
   $1 = nterm inlinecode ()
   $2 = token INCODE ()
-> $$ = nterm inlinecode ()
Stack now 0 46 46 46 46 46 46 46 46 46 46 46 46 44 122
Entering state 169
Reading a token: Next token is token INCODE ()
Shifting token INCODE ()
Entering state 195
Reducing stack by rule 109 (line 376):
   $1 = nterm inlinecode ()
   $2 = token INCODE ()
-> $$ = nterm inlinecode ()
Stack now 0 46 46 46 46 46 46 46 46 46 46 46 46 44 122
Entering state 169
Reading a token: Next token is token INCODE ()
Shifting token INCODE ()
Entering state 195
Reducing stack by rule 109 (line 376):
   $1 = nterm inlinecode ()
   $2 = token INCODE ()
-> $$ = nterm inlinecode ()
Stack now 0 46 46 46 46 46 46 46 46 46 46 46 46 44 122
Entering state 169
Reading a token: Next token is token INCODE ()
Shifting token INCODE ()
Entering state 195
Reducing stack by rule 109 (line 376):
   $1 = nterm inlinecode ()
   $2 = token INCODE ()
-> $$ = nterm inlinecode ()
Stack now 0 46 46 46 46 46 46 46 46 46 46 46 46 44 122
Entering state 169
Reading a token: Next token is token ENDINLINE ()
Shifting token ENDINLINE ()
Entering state 194
Reducing stack by rule 40 (line 179):
   $1 = token INLINE ()
   $2 = token INLCTX ()
   $3 = nterm inlinecode ()
   $4 = token ENDINLINE ()
-> $$ = nterm section ()
Stack now 0 46 46 46 46 46 46 46 46 46 46 46 46
Entering state 46
Reading a token: Next token is token DRIVER ()
Shifting token DRIVER ()
Entering state 42
Reading a token: Next token is token PARAMETER ()
Shifting token PARAMETER ()
Entering state 119
Reducing stack by rule 43 (line 188):
   $1 = token DRIVER ()
   $2 = token PARAMETER ()
-> $$ = nterm section ()
Stack now 0 46 46 46 46 46 46 46 46 46 46 46 46 46
Entering state 46
Reading a token: Next token is token JACOBIAN ()
Shifting token JACOBIAN ()
Entering state 1
Reading a token: Next token is token PARAMETER ()
Shifting token PARAMETER ()
Entering state 47
Reducing stack by rule 3 (line 95):
   $1 = token JACOBIAN ()
   $2 = token PARAMETER ()
-> $$ = nterm section ()
Stack now 0 46 46 46 46 46 46 46 46 46 46 46 46 46 46
Entering state 46
Reading a token: Next token is token HESSIAN ()
Shifting token HESSIAN ()
Entering state 10
Reading a token: Next token is token PARAMETER ()
Shifting token PARAMETER ()
Entering state 64
Reducing stack by rule 4 (line 98):
   $1 = token HESSIAN ()
   $2 = token PARAMETER ()
-> $$ = nterm section ()
Stack now 0 46 46 46 46 46 46 46 46 46 46 46 46 46 46 46
Entering state 46
Reading a token: Next token is token STOICMAT ()
Shifting token STOICMAT ()
Entering state 11
Reading a token: Next token is token PARAMETER ()
Shifting token PARAMETER ()
Entering state 65
Reducing stack by rule 5 (line 101):
   $1 = token STOICMAT ()
   $2 = token PARAMETER ()
-> $$ = nterm section ()
Stack now 0 46 46 46 46 46 46 46 46 46 46 46 46 46 46 46 46
Entering state 46
Reading a token: Next token is token WRFCONFORM ()
Shifting token WRFCONFORM ()
Entering state 30
Reducing stack by rule 47 (line 197):
   $1 = token WRFCONFORM ()
-> $$ = nterm section ()
Stack now 0 46 46 46 46 46 46 46 46 46 46 46 46 46 46 46 46 46
Entering state 46
Reading a token: Now at end of input.
Reducing stack by rule 1 (line 92):
   $1 = nterm section ()
-> $$ = nterm program ()
Stack now 0 46 46 46 46 46 46 46 46 46 46 46 46 46 46 46 46 46
Entering state 124
Reducing stack by rule 2 (line 93):
   $1 = nterm section ()
   $2 = nterm program ()
-> $$ = nterm program ()
Stack now 0 46 46 46 46 46 46 46 46 46 46 46 46 46 46 46 46
Entering state 124
Reducing stack by rule 2 (line 93):
   $1 = nterm section ()
   $2 = nterm program ()
-> $$ = nterm program ()
Stack now 0 46 46 46 46 46 46 46 46 46 46 46 46 46 46 46
Entering state 124
Reducing stack by rule 2 (line 93):
   $1 = nterm section ()
   $2 = nterm program ()
-> $$ = nterm program ()
Stack now 0 46 46 46 46 46 46 46 46 46 46 46 46 46 46
Entering state 124
Reducing stack by rule 2 (line 93):
   $1 = nterm section ()
   $2 = nterm program ()
-> $$ = nterm program ()
Stack now 0 46 46 46 46 46 46 46 46 46 46 46 46 46
Entering state 124
Reducing stack by rule 2 (line 93):
   $1 = nterm section ()
   $2 = nterm program ()
-> $$ = nterm program ()
Stack now 0 46 46 46 46 46 46 46 46 46 46 46 46
Entering state 124
Reducing stack by rule 2 (line 93):
   $1 = nterm section ()
   $2 = nterm program ()
-> $$ = nterm program ()
Stack now 0 46 46 46 46 46 46 46 46 46 46 46
Entering state 124
Reducing stack by rule 2 (line 93):
   $1 = nterm section ()
   $2 = nterm program ()
-> $$ = nterm program ()
Stack now 0 46 46 46 46 46 46 46 46 46 46
Entering state 124
Reducing stack by rule 2 (line 93):
   $1 = nterm section ()
   $2 = nterm program ()
-> $$ = nterm program ()
Stack now 0 46 46 46 46 46 46 46 46 46
Entering state 124
Reducing stack by rule 2 (line 93):
   $1 = nterm section ()
   $2 = nterm program ()
-> $$ = nterm program ()
Stack now 0 46 46 46 46 46 46 46 46
Entering state 124
Reducing stack by rule 2 (line 93):
   $1 = nterm section ()
   $2 = nterm program ()
-> $$ = nterm program ()
Stack now 0 46 46 46 46 46 46 46
Entering state 124
Reducing stack by rule 2 (line 93):
   $1 = nterm section ()
   $2 = nterm program ()
-> $$ = nterm program ()
Stack now 0 46 46 46 46 46 46
Entering state 124
Reducing stack by rule 2 (line 93):
   $1 = nterm section ()
   $2 = nterm program ()
-> $$ = nterm program ()
Stack now 0 46 46 46 46 46
Entering state 124
Reducing stack by rule 2 (line 93):
   $1 = nterm section ()
   $2 = nterm program ()
-> $$ = nterm program ()
Stack now 0 46 46 46 46
Entering state 124
Reducing stack by rule 2 (line 93):
   $1 = nterm section ()
   $2 = nterm program ()
-> $$ = nterm program ()
Stack now 0 46 46 46
Entering state 124
Reducing stack by rule 2 (line 93):
   $1 = nterm section ()
   $2 = nterm program ()
-> $$ = nterm program ()
Stack now 0 46 46
Entering state 124
Reducing stack by rule 2 (line 93):
   $1 = nterm section ()
   $2 = nterm program ()
-> $$ = nterm program ()
Stack now 0 46
Entering state 124
Reducing stack by rule 2 (line 93):
   $1 = nterm section ()
   $2 = nterm program ()
-> $$ = nterm program ()
Stack now 0
Entering state 45
Now at end of input.
Shifting token $end ()
Entering state 123
Stack now 0 45 123
Cleanup: popping token $end ()
Cleanup: popping nterm program ()

This is KPP-2.1.

KPP is parsing the equation file.
KPP was told to generate WRF conform code
KPP is computing Jacobian sparsity structure.
KPP is starting the code generation.
KPP is initializing the code generation.
 
 KPP is using the WRF conform integrator routine: 
 /glade/work/rkumar/NASA_HMA/WRFchem_HMA/chem/KPP/kpp/kpp-2.1/int/WRF_conform/rosenbrock 

KPP is generating the monitor data:
    - nmhc9_Monitor
KPP is generating the utility data:
    - nmhc9_Util
KPP is generating the global declarations:
    - nmhc9_Main
KPP is generating the ODE function:
    - nmhc9_Function
KPP is generating the ODE Jacobian:
    - nmhc9_Jacobian
    - nmhc9_JacobianSP
KPP is generating the linear algebra routines:
    - nmhc9_LinearAlgebra
KPP is generating the utility functions:
    - nmhc9_Util
KPP is generating the rate laws:
    - nmhc9_Rates
KPP is generating UpdateRconstWRF (WRF conform): 
    - nmhc9_UpdateRconst
KPP is generating the parameters:
    - nmhc9_Parameters
KPP is generating the global data:
    - nmhc9_Global
KPP is generating the driver from general.f90:
    - nmhc9_Main
KPP is starting the code post-processing.

KPP has succesfully created the model "nmhc9".

cp -f nmhc9_Integrator.f90 ../../../module_kpp_nmhc9_Integr.F
cp -f nmhc9_Parameters.f90 ../../../module_kpp_nmhc9_Parameters.F
cp -f nmhc9_Precision.f90 ../../../module_kpp_nmhc9_Precision.F
cp -f nmhc9_JacobianSP.f90 ../../../module_kpp_nmhc9_JacobianSP.F
cp -f nmhc9_Jacobian.f90 ../../../module_kpp_nmhc9_Jacobian.F
cp -f nmhc9_Update_Rconst.f90 ../../../module_kpp_nmhc9_Update_Rconst.F
touch ../../util/run_wkc
Makefile:50: warning: overriding recipe for target '.F.o'
../../../../configure.wrf:375: warning: ignoring old recipe for target '.F.o'
Makefile:58: warning: overriding recipe for target '.c.o'
../../../../configure.wrf:406: warning: ignoring old recipe for target '.c.o'
rm -f decomp_uses.inc
echo USE nmhc9_Parameters > decomp_uses.inc
echo USE nmhc9_JacobianSP >> decomp_uses.inc
ln -sf  ../../../module_kpp_nmhc9_Precision.F
ln -sf  ../../../module_kpp_nmhc9_Parameters.F
ln -sf  ../../../module_kpp_nmhc9_JacobianSP.F
ln -sf  ../../../module_kpp_nmhc9_Integr.F
make -i -r comp
make[1]: Entering directory '/glade/work/rkumar/NASA_HMA/WRFchem_HMA/chem/KPP/util/write_decomp'
Makefile:50: warning: overriding recipe for target '.F.o'
../../../../configure.wrf:375: warning: ignoring old recipe for target '.F.o'
Makefile:58: warning: overriding recipe for target '.c.o'
../../../../configure.wrf:406: warning: ignoring old recipe for target '.c.o'
rm -f module_kpp_nmhc9_Precision.o
sed -f ../../../../arch/standard.sed module_kpp_nmhc9_Precision.F > module_kpp_nmhc9_Precision.b 
/lib/cpp -P -nostdinc -I../../../../inc -DEM_CORE=1 -DNMM_CORE=0 -DNMM_MAX_DIM=2600 -DCOAMPS_CORE= -DDA_CORE=0 -DEXP_CORE= -DIWORDSIZE=4 -DDWORDSIZE=8 -DRWORDSIZE=4 -DLWORDSIZE=4 -DNONSTANDARD_SYSTEM_FUNC  -DWRF_USE_CLM  -DSNICAR_FRC    -DDM_PARALLEL -DNETCDF -DUSE_ALLOCATABLES -DGRIB1 -DINTIO -DKEEP_INT_AROUND -DLIMIT_ARGS -DCONFIG_BUF_LEN=65536 -DMAX_DOMAINS_F=21 -DMAX_HISTORY=25 -DNMM_NEST= -DWRF_CHEM -DBUILD_CHEM=1 -DWRF_KPP -I. -traditional-cpp  module_kpp_nmhc9_Precision.b  > module_kpp_nmhc9_Precision.f90
rm -f module_kpp_nmhc9_Precision.b
ifort -c -O3 -ip -fp-model precise -w -ftz -align all -fno-alias -FR -convert big_endian    -real-size `expr 8 \* 4` -i4  module_kpp_nmhc9_Precision.f90
rm -f module_kpp_nmhc9_Parameters.o
sed -f ../../../../arch/standard.sed module_kpp_nmhc9_Parameters.F > module_kpp_nmhc9_Parameters.b 
/lib/cpp -P -nostdinc -I../../../../inc -DEM_CORE=1 -DNMM_CORE=0 -DNMM_MAX_DIM=2600 -DCOAMPS_CORE= -DDA_CORE=0 -DEXP_CORE= -DIWORDSIZE=4 -DDWORDSIZE=8 -DRWORDSIZE=4 -DLWORDSIZE=4 -DNONSTANDARD_SYSTEM_FUNC  -DWRF_USE_CLM  -DSNICAR_FRC    -DDM_PARALLEL -DNETCDF -DUSE_ALLOCATABLES -DGRIB1 -DINTIO -DKEEP_INT_AROUND -DLIMIT_ARGS -DCONFIG_BUF_LEN=65536 -DMAX_DOMAINS_F=21 -DMAX_HISTORY=25 -DNMM_NEST= -DWRF_CHEM -DBUILD_CHEM=1 -DWRF_KPP -I. -traditional-cpp  module_kpp_nmhc9_Parameters.b  > module_kpp_nmhc9_Parameters.f90
rm -f module_kpp_nmhc9_Parameters.b
ifort -c -O3 -ip -fp-model precise -w -ftz -align all -fno-alias -FR -convert big_endian    -real-size `expr 8 \* 4` -i4  module_kpp_nmhc9_Parameters.f90
rm -f module_kpp_nmhc9_JacobianSP.o
sed -f ../../../../arch/standard.sed module_kpp_nmhc9_JacobianSP.F > module_kpp_nmhc9_JacobianSP.b 
/lib/cpp -P -nostdinc -I../../../../inc -DEM_CORE=1 -DNMM_CORE=0 -DNMM_MAX_DIM=2600 -DCOAMPS_CORE= -DDA_CORE=0 -DEXP_CORE= -DIWORDSIZE=4 -DDWORDSIZE=8 -DRWORDSIZE=4 -DLWORDSIZE=4 -DNONSTANDARD_SYSTEM_FUNC  -DWRF_USE_CLM  -DSNICAR_FRC    -DDM_PARALLEL -DNETCDF -DUSE_ALLOCATABLES -DGRIB1 -DINTIO -DKEEP_INT_AROUND -DLIMIT_ARGS -DCONFIG_BUF_LEN=65536 -DMAX_DOMAINS_F=21 -DMAX_HISTORY=25 -DNMM_NEST= -DWRF_CHEM -DBUILD_CHEM=1 -DWRF_KPP -I. -traditional-cpp  module_kpp_nmhc9_JacobianSP.b  > module_kpp_nmhc9_JacobianSP.f90
rm -f module_kpp_nmhc9_JacobianSP.b
ifort -c -O3 -ip -fp-model precise -w -ftz -align all -fno-alias -FR -convert big_endian    -real-size `expr 8 \* 4` -i4  module_kpp_nmhc9_JacobianSP.f90
rm -f write_decomp.o
sed -f ../../../../arch/standard.sed write_decomp.F > write_decomp.b 
/lib/cpp -P -nostdinc -I../../../../inc -DEM_CORE=1 -DNMM_CORE=0 -DNMM_MAX_DIM=2600 -DCOAMPS_CORE= -DDA_CORE=0 -DEXP_CORE= -DIWORDSIZE=4 -DDWORDSIZE=8 -DRWORDSIZE=4 -DLWORDSIZE=4 -DNONSTANDARD_SYSTEM_FUNC  -DWRF_USE_CLM  -DSNICAR_FRC    -DDM_PARALLEL -DNETCDF -DUSE_ALLOCATABLES -DGRIB1 -DINTIO -DKEEP_INT_AROUND -DLIMIT_ARGS -DCONFIG_BUF_LEN=65536 -DMAX_DOMAINS_F=21 -DMAX_HISTORY=25 -DNMM_NEST= -DWRF_CHEM -DBUILD_CHEM=1 -DWRF_KPP -I. -traditional-cpp  write_decomp.b  > write_decomp.f90
rm -f write_decomp.b
ifort -c -O3 -ip -fp-model precise -w -ftz -align all -fno-alias -FR -convert big_endian    -real-size `expr 8 \* 4` -i4  write_decomp.f90
ifort -o write_decomp.exe module_kpp_nmhc9_Precision.o module_kpp_nmhc9_Parameters.o module_kpp_nmhc9_JacobianSP.o      write_decomp.o  
echo nmhc9 > mech.tmp
make[1]: Leaving directory '/glade/work/rkumar/NASA_HMA/WRFchem_HMA/chem/KPP/util/write_decomp'
./write_decomp.exe
   -- in write_decomp
     for kpp mechanism: nmhc9
 fname:<decomp_nmhc9.inc>
make -i -r integr_edit
make[1]: Entering directory '/glade/work/rkumar/NASA_HMA/WRFchem_HMA/chem/KPP/util/write_decomp'
Makefile:50: warning: overriding recipe for target '.F.o'
../../../../configure.wrf:375: warning: ignoring old recipe for target '.F.o'
Makefile:58: warning: overriding recipe for target '.c.o'
../../../../configure.wrf:406: warning: ignoring old recipe for target '.c.o'
rm -f integr_edit.o
icc -c -w -O3 -ip  -DDM_PARALLEL -DMAX_HISTORY=25 -DNMM_CORE=0 integr_edit.c
icc -o integr_edit.exe integr_edit.o
make[1]: Leaving directory '/glade/work/rkumar/NASA_HMA/WRFchem_HMA/chem/KPP/util/write_decomp'
./integr_edit.exe nmhc9
   integr_edit: replacing     CALL nmhc9_KppDecomp ( A, ising )
 
  END MODULE nmhc9_Integrator
 make -i -r clean 
make[1]: Entering directory '/glade/work/rkumar/NASA_HMA/WRFchem_HMA/chem/KPP/util/write_decomp'
Makefile:50: warning: overriding recipe for target '.F.o'
../../../../configure.wrf:375: warning: ignoring old recipe for target '.F.o'
Makefile:58: warning: overriding recipe for target '.c.o'
../../../../configure.wrf:406: warning: ignoring old recipe for target '.c.o'
rm -f *.o *.tmp *.mod module_kpp_* *~ *.inc *.exe *.f90
make[1]: Leaving directory '/glade/work/rkumar/NASA_HMA/WRFchem_HMA/chem/KPP/util/write_decomp'
=========================================================
mechanisms/racm_esrlsorg_aqchem
ln -s ../../util/Makefile_kpp mechanisms/racm_esrlsorg_aqchem/Makefile
ln -s ../chem/KPP/inc/racm_esrlsorg_aqchem/extra_args_to_update_rconst_racm_esrlsorg_aqchem.inc /glade/work/rkumar/NASA_HMA/WRFchem_HMA/inc
ln -s ../chem/KPP/inc/racm_esrlsorg_aqchem/extra_args_update_rconst_racm_esrlsorg_aqchem.inc /glade/work/rkumar/NASA_HMA/WRFchem_HMA/inc
ln -s ../chem/KPP/inc/racm_esrlsorg_aqchem/extra_decls_update_rconst_racm_esrlsorg_aqchem.inc /glade/work/rkumar/NASA_HMA/WRFchem_HMA/inc
ln -s ../chem/KPP/inc/racm_esrlsorg_aqchem/kpp_mechd_a_racm_esrlsorg_aqchem.inc /glade/work/rkumar/NASA_HMA/WRFchem_HMA/inc
ln -s ../chem/KPP/inc/racm_esrlsorg_aqchem/kpp_mechd_b_racm_esrlsorg_aqchem.inc /glade/work/rkumar/NASA_HMA/WRFchem_HMA/inc
ln -s ../chem/KPP/inc/racm_esrlsorg_aqchem/kpp_mechd_e_racm_esrlsorg_aqchem.inc /glade/work/rkumar/NASA_HMA/WRFchem_HMA/inc
ln -s ../chem/KPP/inc/racm_esrlsorg_aqchem/kpp_mechd_ia_racm_esrlsorg_aqchem.inc /glade/work/rkumar/NASA_HMA/WRFchem_HMA/inc
ln -s ../chem/KPP/inc/racm_esrlsorg_aqchem/kpp_mechd_ib_racm_esrlsorg_aqchem.inc /glade/work/rkumar/NASA_HMA/WRFchem_HMA/inc
ln -s ../chem/KPP/inc/racm_esrlsorg_aqchem/kpp_mechd_ibu_racm_esrlsorg_aqchem.inc /glade/work/rkumar/NASA_HMA/WRFchem_HMA/inc
ln -s ../chem/KPP/inc/racm_esrlsorg_aqchem/kpp_mechd_l_racm_esrlsorg_aqchem.inc /glade/work/rkumar/NASA_HMA/WRFchem_HMA/inc
ln -s ../chem/KPP/inc/racm_esrlsorg_aqchem/kpp_mechd_u_racm_esrlsorg_aqchem.inc /glade/work/rkumar/NASA_HMA/WRFchem_HMA/inc
model racm_esrlsorg_aqchem
/glade/work/rkumar/NASA_HMA/WRFchem_HMA/chem/KPP/kpp/kpp-2.1/bin/kpp racm_esrlsorg_aqchem.kpp

This is KPP-2.1.

KPP is parsing the equation file.
KPP was told to generate WRF conform code
KPP is computing Jacobian sparsity structure.
KPP is starting the code generation.
KPP is initializing the code generation.
 
 KPP is using the WRF conform integrator routine: 
 /glade/work/rkumar/NASA_HMA/WRFchem_HMA/chem/KPP/kpp/kpp-2.1/int/WRF_conform/rosenbrock 

KPP is generating the monitor data:
    - racm_esrlsorg_aqchem_Monitor
KPP is generating the utility data:
    - racm_esrlsorg_aqchem_Util
KPP is generating the global declarations:
    - racm_esrlsorg_aqchem_Main
KPP is generating the ODE function:
    - racm_esrlsorg_aqchem_Function
KPP is generating the ODE Jacobian:
    - racm_esrlsorg_aqchem_Jacobian
    - racm_esrlsorg_aqchem_JacobianSP
KPP is generating the linear algebra routines:
    - racm_esrlsorg_aqchem_LinearAlgebra
KPP is generating the utility functions:
    - racm_esrlsorg_aqchem_Util
KPP is generating the rate laws:
    - racm_esrlsorg_aqchem_Rates
KPP is generating UpdateRconstWRF (WRF conform): 
    - racm_esrlsorg_aqchem_UpdateRconst
KPP is generating the parameters:
    - racm_esrlsorg_aqchem_Parameters
KPP is generating the global data:
    - racm_esrlsorg_aqchem_Global
KPP is generating the driver from general.f90:
    - racm_esrlsorg_aqchem_Main
KPP is starting the code post-processing.

KPP has succesfully created the model "racm_esrlsorg_aqchem".

cp -f racm_esrlsorg_aqchem_Integrator.f90 ../../../module_kpp_racm_esrlsorg_aqchem_Integr.F
cp -f racm_esrlsorg_aqchem_Parameters.f90 ../../../module_kpp_racm_esrlsorg_aqchem_Parameters.F
cp -f racm_esrlsorg_aqchem_Precision.f90 ../../../module_kpp_racm_esrlsorg_aqchem_Precision.F
cp -f racm_esrlsorg_aqchem_JacobianSP.f90 ../../../module_kpp_racm_esrlsorg_aqchem_JacobianSP.F
cp -f racm_esrlsorg_aqchem_Jacobian.f90 ../../../module_kpp_racm_esrlsorg_aqchem_Jacobian.F
cp -f racm_esrlsorg_aqchem_Update_Rconst.f90 ../../../module_kpp_racm_esrlsorg_aqchem_Update_Rconst.F
touch ../../util/run_wkc
Makefile:50: warning: overriding recipe for target '.F.o'
../../../../configure.wrf:375: warning: ignoring old recipe for target '.F.o'
Makefile:58: warning: overriding recipe for target '.c.o'
../../../../configure.wrf:406: warning: ignoring old recipe for target '.c.o'
rm -f decomp_uses.inc
echo USE racm_esrlsorg_aqchem_Parameters > decomp_uses.inc
echo USE racm_esrlsorg_aqchem_JacobianSP >> decomp_uses.inc
ln -sf  ../../../module_kpp_racm_esrlsorg_aqchem_Precision.F
ln -sf  ../../../module_kpp_racm_esrlsorg_aqchem_Parameters.F
ln -sf  ../../../module_kpp_racm_esrlsorg_aqchem_JacobianSP.F
ln -sf  ../../../module_kpp_racm_esrlsorg_aqchem_Integr.F
make -i -r comp
make[1]: Entering directory '/glade/work/rkumar/NASA_HMA/WRFchem_HMA/chem/KPP/util/write_decomp'
Makefile:50: warning: overriding recipe for target '.F.o'
../../../../configure.wrf:375: warning: ignoring old recipe for target '.F.o'
Makefile:58: warning: overriding recipe for target '.c.o'
../../../../configure.wrf:406: warning: ignoring old recipe for target '.c.o'
rm -f module_kpp_racm_esrlsorg_aqchem_Precision.o
sed -f ../../../../arch/standard.sed module_kpp_racm_esrlsorg_aqchem_Precision.F > module_kpp_racm_esrlsorg_aqchem_Precision.b 
/lib/cpp -P -nostdinc -I../../../../inc -DEM_CORE=1 -DNMM_CORE=0 -DNMM_MAX_DIM=2600 -DCOAMPS_CORE= -DDA_CORE=0 -DEXP_CORE= -DIWORDSIZE=4 -DDWORDSIZE=8 -DRWORDSIZE=4 -DLWORDSIZE=4 -DNONSTANDARD_SYSTEM_FUNC  -DWRF_USE_CLM  -DSNICAR_FRC    -DDM_PARALLEL -DNETCDF -DUSE_ALLOCATABLES -DGRIB1 -DINTIO -DKEEP_INT_AROUND -DLIMIT_ARGS -DCONFIG_BUF_LEN=65536 -DMAX_DOMAINS_F=21 -DMAX_HISTORY=25 -DNMM_NEST= -DWRF_CHEM -DBUILD_CHEM=1 -DWRF_KPP -I. -traditional-cpp  module_kpp_racm_esrlsorg_aqchem_Precision.b  > module_kpp_racm_esrlsorg_aqchem_Precision.f90
rm -f module_kpp_racm_esrlsorg_aqchem_Precision.b
ifort -c -O3 -ip -fp-model precise -w -ftz -align all -fno-alias -FR -convert big_endian    -real-size `expr 8 \* 4` -i4  module_kpp_racm_esrlsorg_aqchem_Precision.f90
rm -f module_kpp_racm_esrlsorg_aqchem_Parameters.o
sed -f ../../../../arch/standard.sed module_kpp_racm_esrlsorg_aqchem_Parameters.F > module_kpp_racm_esrlsorg_aqchem_Parameters.b 
/lib/cpp -P -nostdinc -I../../../../inc -DEM_CORE=1 -DNMM_CORE=0 -DNMM_MAX_DIM=2600 -DCOAMPS_CORE= -DDA_CORE=0 -DEXP_CORE= -DIWORDSIZE=4 -DDWORDSIZE=8 -DRWORDSIZE=4 -DLWORDSIZE=4 -DNONSTANDARD_SYSTEM_FUNC  -DWRF_USE_CLM  -DSNICAR_FRC    -DDM_PARALLEL -DNETCDF -DUSE_ALLOCATABLES -DGRIB1 -DINTIO -DKEEP_INT_AROUND -DLIMIT_ARGS -DCONFIG_BUF_LEN=65536 -DMAX_DOMAINS_F=21 -DMAX_HISTORY=25 -DNMM_NEST= -DWRF_CHEM -DBUILD_CHEM=1 -DWRF_KPP -I. -traditional-cpp  module_kpp_racm_esrlsorg_aqchem_Parameters.b  > module_kpp_racm_esrlsorg_aqchem_Parameters.f90
rm -f module_kpp_racm_esrlsorg_aqchem_Parameters.b
ifort -c -O3 -ip -fp-model precise -w -ftz -align all -fno-alias -FR -convert big_endian    -real-size `expr 8 \* 4` -i4  module_kpp_racm_esrlsorg_aqchem_Parameters.f90
rm -f module_kpp_racm_esrlsorg_aqchem_JacobianSP.o
sed -f ../../../../arch/standard.sed module_kpp_racm_esrlsorg_aqchem_JacobianSP.F > module_kpp_racm_esrlsorg_aqchem_JacobianSP.b 
/lib/cpp -P -nostdinc -I../../../../inc -DEM_CORE=1 -DNMM_CORE=0 -DNMM_MAX_DIM=2600 -DCOAMPS_CORE= -DDA_CORE=0 -DEXP_CORE= -DIWORDSIZE=4 -DDWORDSIZE=8 -DRWORDSIZE=4 -DLWORDSIZE=4 -DNONSTANDARD_SYSTEM_FUNC  -DWRF_USE_CLM  -DSNICAR_FRC    -DDM_PARALLEL -DNETCDF -DUSE_ALLOCATABLES -DGRIB1 -DINTIO -DKEEP_INT_AROUND -DLIMIT_ARGS -DCONFIG_BUF_LEN=65536 -DMAX_DOMAINS_F=21 -DMAX_HISTORY=25 -DNMM_NEST= -DWRF_CHEM -DBUILD_CHEM=1 -DWRF_KPP -I. -traditional-cpp  module_kpp_racm_esrlsorg_aqchem_JacobianSP.b  > module_kpp_racm_esrlsorg_aqchem_JacobianSP.f90
rm -f module_kpp_racm_esrlsorg_aqchem_JacobianSP.b
ifort -c -O3 -ip -fp-model precise -w -ftz -align all -fno-alias -FR -convert big_endian    -real-size `expr 8 \* 4` -i4  module_kpp_racm_esrlsorg_aqchem_JacobianSP.f90
rm -f write_decomp.o
sed -f ../../../../arch/standard.sed write_decomp.F > write_decomp.b 
/lib/cpp -P -nostdinc -I../../../../inc -DEM_CORE=1 -DNMM_CORE=0 -DNMM_MAX_DIM=2600 -DCOAMPS_CORE= -DDA_CORE=0 -DEXP_CORE= -DIWORDSIZE=4 -DDWORDSIZE=8 -DRWORDSIZE=4 -DLWORDSIZE=4 -DNONSTANDARD_SYSTEM_FUNC  -DWRF_USE_CLM  -DSNICAR_FRC    -DDM_PARALLEL -DNETCDF -DUSE_ALLOCATABLES -DGRIB1 -DINTIO -DKEEP_INT_AROUND -DLIMIT_ARGS -DCONFIG_BUF_LEN=65536 -DMAX_DOMAINS_F=21 -DMAX_HISTORY=25 -DNMM_NEST= -DWRF_CHEM -DBUILD_CHEM=1 -DWRF_KPP -I. -traditional-cpp  write_decomp.b  > write_decomp.f90
rm -f write_decomp.b
ifort -c -O3 -ip -fp-model precise -w -ftz -align all -fno-alias -FR -convert big_endian    -real-size `expr 8 \* 4` -i4  write_decomp.f90
ifort -o write_decomp.exe module_kpp_racm_esrlsorg_aqchem_Precision.o module_kpp_racm_esrlsorg_aqchem_Parameters.o module_kpp_racm_esrlsorg_aqchem_JacobianSP.o      write_decomp.o  
echo racm_esrlsorg_aqchem > mech.tmp
make[1]: Leaving directory '/glade/work/rkumar/NASA_HMA/WRFchem_HMA/chem/KPP/util/write_decomp'
./write_decomp.exe
   -- in write_decomp
     for kpp mechanism: racm_esrlsorg_aqchem
 fname:<decomp_racm_esrlsorg_aqchem.inc>
make -i -r integr_edit
make[1]: Entering directory '/glade/work/rkumar/NASA_HMA/WRFchem_HMA/chem/KPP/util/write_decomp'
Makefile:50: warning: overriding recipe for target '.F.o'
../../../../configure.wrf:375: warning: ignoring old recipe for target '.F.o'
Makefile:58: warning: overriding recipe for target '.c.o'
../../../../configure.wrf:406: warning: ignoring old recipe for target '.c.o'
rm -f integr_edit.o
icc -c -w -O3 -ip  -DDM_PARALLEL -DMAX_HISTORY=25 -DNMM_CORE=0 integr_edit.c
icc -o integr_edit.exe integr_edit.o
make[1]: Leaving directory '/glade/work/rkumar/NASA_HMA/WRFchem_HMA/chem/KPP/util/write_decomp'
./integr_edit.exe racm_esrlsorg_aqchem
   integr_edit: replacing     CALL racm_esrlsorg_aqchem_KppDecomp ( A, ising )
 
  END MODULE racm_esrlsorg_aqchem_Integrator
 make -i -r clean 
make[1]: Entering directory '/glade/work/rkumar/NASA_HMA/WRFchem_HMA/chem/KPP/util/write_decomp'
Makefile:50: warning: overriding recipe for target '.F.o'
../../../../configure.wrf:375: warning: ignoring old recipe for target '.F.o'
Makefile:58: warning: overriding recipe for target '.c.o'
../../../../configure.wrf:406: warning: ignoring old recipe for target '.c.o'
rm -f *.o *.tmp *.mod module_kpp_* *~ *.inc *.exe *.f90
make[1]: Leaving directory '/glade/work/rkumar/NASA_HMA/WRFchem_HMA/chem/KPP/util/write_decomp'
=========================================================
mechanisms/racm_esrlsorg
ln -s ../../util/Makefile_kpp mechanisms/racm_esrlsorg/Makefile
ln -s ../chem/KPP/inc/racm_esrlsorg/extra_args_to_update_rconst_racm_esrlsorg.inc /glade/work/rkumar/NASA_HMA/WRFchem_HMA/inc
ln -s ../chem/KPP/inc/racm_esrlsorg/extra_args_update_rconst_racm_esrlsorg.inc /glade/work/rkumar/NASA_HMA/WRFchem_HMA/inc
ln -s ../chem/KPP/inc/racm_esrlsorg/extra_decls_update_rconst_racm_esrlsorg.inc /glade/work/rkumar/NASA_HMA/WRFchem_HMA/inc
ln -s ../chem/KPP/inc/racm_esrlsorg/kpp_mechd_a_racm_esrlsorg.inc /glade/work/rkumar/NASA_HMA/WRFchem_HMA/inc
ln -s ../chem/KPP/inc/racm_esrlsorg/kpp_mechd_b_racm_esrlsorg.inc /glade/work/rkumar/NASA_HMA/WRFchem_HMA/inc
ln -s ../chem/KPP/inc/racm_esrlsorg/kpp_mechd_e_racm_esrlsorg.inc /glade/work/rkumar/NASA_HMA/WRFchem_HMA/inc
ln -s ../chem/KPP/inc/racm_esrlsorg/kpp_mechd_ia_racm_esrlsorg.inc /glade/work/rkumar/NASA_HMA/WRFchem_HMA/inc
ln -s ../chem/KPP/inc/racm_esrlsorg/kpp_mechd_ib_racm_esrlsorg.inc /glade/work/rkumar/NASA_HMA/WRFchem_HMA/inc
ln -s ../chem/KPP/inc/racm_esrlsorg/kpp_mechd_ibu_racm_esrlsorg.inc /glade/work/rkumar/NASA_HMA/WRFchem_HMA/inc
ln -s ../chem/KPP/inc/racm_esrlsorg/kpp_mechd_l_racm_esrlsorg.inc /glade/work/rkumar/NASA_HMA/WRFchem_HMA/inc
ln -s ../chem/KPP/inc/racm_esrlsorg/kpp_mechd_u_racm_esrlsorg.inc /glade/work/rkumar/NASA_HMA/WRFchem_HMA/inc
model racm_esrlsorg
/glade/work/rkumar/NASA_HMA/WRFchem_HMA/chem/KPP/kpp/kpp-2.1/bin/kpp racm_esrlsorg.kpp

This is KPP-2.1.

KPP is parsing the equation file.
KPP was told to generate WRF conform code
KPP is computing Jacobian sparsity structure.
KPP is starting the code generation.
KPP is initializing the code generation.
 
 KPP is using the WRF conform integrator routine: 
 /glade/work/rkumar/NASA_HMA/WRFchem_HMA/chem/KPP/kpp/kpp-2.1/int/WRF_conform/rosenbrock 

KPP is generating the monitor data:
    - racm_esrlsorg_Monitor
KPP is generating the utility data:
    - racm_esrlsorg_Util
KPP is generating the global declarations:
    - racm_esrlsorg_Main
KPP is generating the ODE function:
    - racm_esrlsorg_Function
KPP is generating the ODE Jacobian:
    - racm_esrlsorg_Jacobian
    - racm_esrlsorg_JacobianSP
KPP is generating the linear algebra routines:
    - racm_esrlsorg_LinearAlgebra
KPP is generating the utility functions:
    - racm_esrlsorg_Util
KPP is generating the rate laws:
    - racm_esrlsorg_Rates
KPP is generating UpdateRconstWRF (WRF conform): 
    - racm_esrlsorg_UpdateRconst
KPP is generating the parameters:
    - racm_esrlsorg_Parameters
KPP is generating the global data:
    - racm_esrlsorg_Global
KPP is generating the driver from general.f90:
    - racm_esrlsorg_Main
KPP is starting the code post-processing.

KPP has succesfully created the model "racm_esrlsorg".

cp -f racm_esrlsorg_Integrator.f90 ../../../module_kpp_racm_esrlsorg_Integr.F
cp -f racm_esrlsorg_Parameters.f90 ../../../module_kpp_racm_esrlsorg_Parameters.F
cp -f racm_esrlsorg_Precision.f90 ../../../module_kpp_racm_esrlsorg_Precision.F
cp -f racm_esrlsorg_JacobianSP.f90 ../../../module_kpp_racm_esrlsorg_JacobianSP.F
cp -f racm_esrlsorg_Jacobian.f90 ../../../module_kpp_racm_esrlsorg_Jacobian.F
cp -f racm_esrlsorg_Update_Rconst.f90 ../../../module_kpp_racm_esrlsorg_Update_Rconst.F
touch ../../util/run_wkc
Makefile:50: warning: overriding recipe for target '.F.o'
../../../../configure.wrf:375: warning: ignoring old recipe for target '.F.o'
Makefile:58: warning: overriding recipe for target '.c.o'
../../../../configure.wrf:406: warning: ignoring old recipe for target '.c.o'
rm -f decomp_uses.inc
echo USE racm_esrlsorg_Parameters > decomp_uses.inc
echo USE racm_esrlsorg_JacobianSP >> decomp_uses.inc
ln -sf  ../../../module_kpp_racm_esrlsorg_Precision.F
ln -sf  ../../../module_kpp_racm_esrlsorg_Parameters.F
ln -sf  ../../../module_kpp_racm_esrlsorg_JacobianSP.F
ln -sf  ../../../module_kpp_racm_esrlsorg_Integr.F
make -i -r comp
make[1]: Entering directory '/glade/work/rkumar/NASA_HMA/WRFchem_HMA/chem/KPP/util/write_decomp'
Makefile:50: warning: overriding recipe for target '.F.o'
../../../../configure.wrf:375: warning: ignoring old recipe for target '.F.o'
Makefile:58: warning: overriding recipe for target '.c.o'
../../../../configure.wrf:406: warning: ignoring old recipe for target '.c.o'
rm -f module_kpp_racm_esrlsorg_Precision.o
sed -f ../../../../arch/standard.sed module_kpp_racm_esrlsorg_Precision.F > module_kpp_racm_esrlsorg_Precision.b 
/lib/cpp -P -nostdinc -I../../../../inc -DEM_CORE=1 -DNMM_CORE=0 -DNMM_MAX_DIM=2600 -DCOAMPS_CORE= -DDA_CORE=0 -DEXP_CORE= -DIWORDSIZE=4 -DDWORDSIZE=8 -DRWORDSIZE=4 -DLWORDSIZE=4 -DNONSTANDARD_SYSTEM_FUNC  -DWRF_USE_CLM  -DSNICAR_FRC    -DDM_PARALLEL -DNETCDF -DUSE_ALLOCATABLES -DGRIB1 -DINTIO -DKEEP_INT_AROUND -DLIMIT_ARGS -DCONFIG_BUF_LEN=65536 -DMAX_DOMAINS_F=21 -DMAX_HISTORY=25 -DNMM_NEST= -DWRF_CHEM -DBUILD_CHEM=1 -DWRF_KPP -I. -traditional-cpp  module_kpp_racm_esrlsorg_Precision.b  > module_kpp_racm_esrlsorg_Precision.f90
rm -f module_kpp_racm_esrlsorg_Precision.b
ifort -c -O3 -ip -fp-model precise -w -ftz -align all -fno-alias -FR -convert big_endian    -real-size `expr 8 \* 4` -i4  module_kpp_racm_esrlsorg_Precision.f90
rm -f module_kpp_racm_esrlsorg_Parameters.o
sed -f ../../../../arch/standard.sed module_kpp_racm_esrlsorg_Parameters.F > module_kpp_racm_esrlsorg_Parameters.b 
/lib/cpp -P -nostdinc -I../../../../inc -DEM_CORE=1 -DNMM_CORE=0 -DNMM_MAX_DIM=2600 -DCOAMPS_CORE= -DDA_CORE=0 -DEXP_CORE= -DIWORDSIZE=4 -DDWORDSIZE=8 -DRWORDSIZE=4 -DLWORDSIZE=4 -DNONSTANDARD_SYSTEM_FUNC  -DWRF_USE_CLM  -DSNICAR_FRC    -DDM_PARALLEL -DNETCDF -DUSE_ALLOCATABLES -DGRIB1 -DINTIO -DKEEP_INT_AROUND -DLIMIT_ARGS -DCONFIG_BUF_LEN=65536 -DMAX_DOMAINS_F=21 -DMAX_HISTORY=25 -DNMM_NEST= -DWRF_CHEM -DBUILD_CHEM=1 -DWRF_KPP -I. -traditional-cpp  module_kpp_racm_esrlsorg_Parameters.b  > module_kpp_racm_esrlsorg_Parameters.f90
rm -f module_kpp_racm_esrlsorg_Parameters.b
ifort -c -O3 -ip -fp-model precise -w -ftz -align all -fno-alias -FR -convert big_endian    -real-size `expr 8 \* 4` -i4  module_kpp_racm_esrlsorg_Parameters.f90
rm -f module_kpp_racm_esrlsorg_JacobianSP.o
sed -f ../../../../arch/standard.sed module_kpp_racm_esrlsorg_JacobianSP.F > module_kpp_racm_esrlsorg_JacobianSP.b 
/lib/cpp -P -nostdinc -I../../../../inc -DEM_CORE=1 -DNMM_CORE=0 -DNMM_MAX_DIM=2600 -DCOAMPS_CORE= -DDA_CORE=0 -DEXP_CORE= -DIWORDSIZE=4 -DDWORDSIZE=8 -DRWORDSIZE=4 -DLWORDSIZE=4 -DNONSTANDARD_SYSTEM_FUNC  -DWRF_USE_CLM  -DSNICAR_FRC    -DDM_PARALLEL -DNETCDF -DUSE_ALLOCATABLES -DGRIB1 -DINTIO -DKEEP_INT_AROUND -DLIMIT_ARGS -DCONFIG_BUF_LEN=65536 -DMAX_DOMAINS_F=21 -DMAX_HISTORY=25 -DNMM_NEST= -DWRF_CHEM -DBUILD_CHEM=1 -DWRF_KPP -I. -traditional-cpp  module_kpp_racm_esrlsorg_JacobianSP.b  > module_kpp_racm_esrlsorg_JacobianSP.f90
rm -f module_kpp_racm_esrlsorg_JacobianSP.b
ifort -c -O3 -ip -fp-model precise -w -ftz -align all -fno-alias -FR -convert big_endian    -real-size `expr 8 \* 4` -i4  module_kpp_racm_esrlsorg_JacobianSP.f90
rm -f write_decomp.o
sed -f ../../../../arch/standard.sed write_decomp.F > write_decomp.b 
/lib/cpp -P -nostdinc -I../../../../inc -DEM_CORE=1 -DNMM_CORE=0 -DNMM_MAX_DIM=2600 -DCOAMPS_CORE= -DDA_CORE=0 -DEXP_CORE= -DIWORDSIZE=4 -DDWORDSIZE=8 -DRWORDSIZE=4 -DLWORDSIZE=4 -DNONSTANDARD_SYSTEM_FUNC  -DWRF_USE_CLM  -DSNICAR_FRC    -DDM_PARALLEL -DNETCDF -DUSE_ALLOCATABLES -DGRIB1 -DINTIO -DKEEP_INT_AROUND -DLIMIT_ARGS -DCONFIG_BUF_LEN=65536 -DMAX_DOMAINS_F=21 -DMAX_HISTORY=25 -DNMM_NEST= -DWRF_CHEM -DBUILD_CHEM=1 -DWRF_KPP -I. -traditional-cpp  write_decomp.b  > write_decomp.f90
rm -f write_decomp.b
ifort -c -O3 -ip -fp-model precise -w -ftz -align all -fno-alias -FR -convert big_endian    -real-size `expr 8 \* 4` -i4  write_decomp.f90
ifort -o write_decomp.exe module_kpp_racm_esrlsorg_Precision.o module_kpp_racm_esrlsorg_Parameters.o module_kpp_racm_esrlsorg_JacobianSP.o      write_decomp.o  
echo racm_esrlsorg > mech.tmp
make[1]: Leaving directory '/glade/work/rkumar/NASA_HMA/WRFchem_HMA/chem/KPP/util/write_decomp'
./write_decomp.exe
   -- in write_decomp
     for kpp mechanism: racm_esrlsorg
 fname:<decomp_racm_esrlsorg.inc>
make -i -r integr_edit
make[1]: Entering directory '/glade/work/rkumar/NASA_HMA/WRFchem_HMA/chem/KPP/util/write_decomp'
Makefile:50: warning: overriding recipe for target '.F.o'
../../../../configure.wrf:375: warning: ignoring old recipe for target '.F.o'
Makefile:58: warning: overriding recipe for target '.c.o'
../../../../configure.wrf:406: warning: ignoring old recipe for target '.c.o'
rm -f integr_edit.o
icc -c -w -O3 -ip  -DDM_PARALLEL -DMAX_HISTORY=25 -DNMM_CORE=0 integr_edit.c
icc -o integr_edit.exe integr_edit.o
make[1]: Leaving directory '/glade/work/rkumar/NASA_HMA/WRFchem_HMA/chem/KPP/util/write_decomp'
./integr_edit.exe racm_esrlsorg
   integr_edit: replacing     CALL racm_esrlsorg_KppDecomp ( A, ising )
 
  END MODULE racm_esrlsorg_Integrator
 make -i -r clean 
make[1]: Entering directory '/glade/work/rkumar/NASA_HMA/WRFchem_HMA/chem/KPP/util/write_decomp'
Makefile:50: warning: overriding recipe for target '.F.o'
../../../../configure.wrf:375: warning: ignoring old recipe for target '.F.o'
Makefile:58: warning: overriding recipe for target '.c.o'
../../../../configure.wrf:406: warning: ignoring old recipe for target '.c.o'
rm -f *.o *.tmp *.mod module_kpp_* *~ *.inc *.exe *.f90
make[1]: Leaving directory '/glade/work/rkumar/NASA_HMA/WRFchem_HMA/chem/KPP/util/write_decomp'
=========================================================
mechanisms/racm_mim
ln -s ../../util/Makefile_kpp mechanisms/racm_mim/Makefile
ln -s ../chem/KPP/inc/racm_mim/extra_args_to_update_rconst_racm_mim.inc /glade/work/rkumar/NASA_HMA/WRFchem_HMA/inc
ln -s ../chem/KPP/inc/racm_mim/extra_args_update_rconst_racm_mim.inc /glade/work/rkumar/NASA_HMA/WRFchem_HMA/inc
ln -s ../chem/KPP/inc/racm_mim/extra_decls_update_rconst_racm_mim.inc /glade/work/rkumar/NASA_HMA/WRFchem_HMA/inc
ln -s ../chem/KPP/inc/racm_mim/kpp_mechd_a_racm_mim.inc /glade/work/rkumar/NASA_HMA/WRFchem_HMA/inc
ln -s ../chem/KPP/inc/racm_mim/kpp_mechd_b_racm_mim.inc /glade/work/rkumar/NASA_HMA/WRFchem_HMA/inc
ln -s ../chem/KPP/inc/racm_mim/kpp_mechd_e_racm_mim.inc /glade/work/rkumar/NASA_HMA/WRFchem_HMA/inc
ln -s ../chem/KPP/inc/racm_mim/kpp_mechd_ia_racm_mim.inc /glade/work/rkumar/NASA_HMA/WRFchem_HMA/inc
ln -s ../chem/KPP/inc/racm_mim/kpp_mechd_ib_racm_mim.inc /glade/work/rkumar/NASA_HMA/WRFchem_HMA/inc
ln -s ../chem/KPP/inc/racm_mim/kpp_mechd_ibu_racm_mim.inc /glade/work/rkumar/NASA_HMA/WRFchem_HMA/inc
ln -s ../chem/KPP/inc/racm_mim/kpp_mechd_l_racm_mim.inc /glade/work/rkumar/NASA_HMA/WRFchem_HMA/inc
ln -s ../chem/KPP/inc/racm_mim/kpp_mechd_u_racm_mim.inc /glade/work/rkumar/NASA_HMA/WRFchem_HMA/inc
model racm_mim
/glade/work/rkumar/NASA_HMA/WRFchem_HMA/chem/KPP/kpp/kpp-2.1/bin/kpp racm_mim.kpp

This is KPP-2.1.

KPP is parsing the equation file.
KPP was told to generate WRF conform code
KPP is computing Jacobian sparsity structure.
KPP is starting the code generation.
KPP is initializing the code generation.
 
 KPP is using the WRF conform integrator routine: 
 /glade/work/rkumar/NASA_HMA/WRFchem_HMA/chem/KPP/kpp/kpp-2.1/int/WRF_conform/rosenbrock 

KPP is generating the monitor data:
    - racm_mim_Monitor
KPP is generating the utility data:
    - racm_mim_Util
KPP is generating the global declarations:
    - racm_mim_Main
KPP is generating the ODE function:
    - racm_mim_Function
KPP is generating the ODE Jacobian:
    - racm_mim_Jacobian
    - racm_mim_JacobianSP
KPP is generating the linear algebra routines:
    - racm_mim_LinearAlgebra
KPP is generating the utility functions:
    - racm_mim_Util
KPP is generating the rate laws:
    - racm_mim_Rates
KPP is generating UpdateRconstWRF (WRF conform): 
    - racm_mim_UpdateRconst
KPP is generating the parameters:
    - racm_mim_Parameters
KPP is generating the global data:
    - racm_mim_Global
KPP is generating the driver from general.f90:
    - racm_mim_Main
KPP is starting the code post-processing.

KPP has succesfully created the model "racm_mim".

cp -f racm_mim_Integrator.f90 ../../../module_kpp_racm_mim_Integr.F
cp -f racm_mim_Parameters.f90 ../../../module_kpp_racm_mim_Parameters.F
cp -f racm_mim_Precision.f90 ../../../module_kpp_racm_mim_Precision.F
cp -f racm_mim_JacobianSP.f90 ../../../module_kpp_racm_mim_JacobianSP.F
cp -f racm_mim_Jacobian.f90 ../../../module_kpp_racm_mim_Jacobian.F
cp -f racm_mim_Update_Rconst.f90 ../../../module_kpp_racm_mim_Update_Rconst.F
touch ../../util/run_wkc
Makefile:50: warning: overriding recipe for target '.F.o'
../../../../configure.wrf:375: warning: ignoring old recipe for target '.F.o'
Makefile:58: warning: overriding recipe for target '.c.o'
../../../../configure.wrf:406: warning: ignoring old recipe for target '.c.o'
rm -f decomp_uses.inc
echo USE racm_mim_Parameters > decomp_uses.inc
echo USE racm_mim_JacobianSP >> decomp_uses.inc
ln -sf  ../../../module_kpp_racm_mim_Precision.F
ln -sf  ../../../module_kpp_racm_mim_Parameters.F
ln -sf  ../../../module_kpp_racm_mim_JacobianSP.F
ln -sf  ../../../module_kpp_racm_mim_Integr.F
make -i -r comp
make[1]: Entering directory '/glade/work/rkumar/NASA_HMA/WRFchem_HMA/chem/KPP/util/write_decomp'
Makefile:50: warning: overriding recipe for target '.F.o'
../../../../configure.wrf:375: warning: ignoring old recipe for target '.F.o'
Makefile:58: warning: overriding recipe for target '.c.o'
../../../../configure.wrf:406: warning: ignoring old recipe for target '.c.o'
rm -f module_kpp_racm_mim_Precision.o
sed -f ../../../../arch/standard.sed module_kpp_racm_mim_Precision.F > module_kpp_racm_mim_Precision.b 
/lib/cpp -P -nostdinc -I../../../../inc -DEM_CORE=1 -DNMM_CORE=0 -DNMM_MAX_DIM=2600 -DCOAMPS_CORE= -DDA_CORE=0 -DEXP_CORE= -DIWORDSIZE=4 -DDWORDSIZE=8 -DRWORDSIZE=4 -DLWORDSIZE=4 -DNONSTANDARD_SYSTEM_FUNC  -DWRF_USE_CLM  -DSNICAR_FRC    -DDM_PARALLEL -DNETCDF -DUSE_ALLOCATABLES -DGRIB1 -DINTIO -DKEEP_INT_AROUND -DLIMIT_ARGS -DCONFIG_BUF_LEN=65536 -DMAX_DOMAINS_F=21 -DMAX_HISTORY=25 -DNMM_NEST= -DWRF_CHEM -DBUILD_CHEM=1 -DWRF_KPP -I. -traditional-cpp  module_kpp_racm_mim_Precision.b  > module_kpp_racm_mim_Precision.f90
rm -f module_kpp_racm_mim_Precision.b
ifort -c -O3 -ip -fp-model precise -w -ftz -align all -fno-alias -FR -convert big_endian    -real-size `expr 8 \* 4` -i4  module_kpp_racm_mim_Precision.f90
rm -f module_kpp_racm_mim_Parameters.o
sed -f ../../../../arch/standard.sed module_kpp_racm_mim_Parameters.F > module_kpp_racm_mim_Parameters.b 
/lib/cpp -P -nostdinc -I../../../../inc -DEM_CORE=1 -DNMM_CORE=0 -DNMM_MAX_DIM=2600 -DCOAMPS_CORE= -DDA_CORE=0 -DEXP_CORE= -DIWORDSIZE=4 -DDWORDSIZE=8 -DRWORDSIZE=4 -DLWORDSIZE=4 -DNONSTANDARD_SYSTEM_FUNC  -DWRF_USE_CLM  -DSNICAR_FRC    -DDM_PARALLEL -DNETCDF -DUSE_ALLOCATABLES -DGRIB1 -DINTIO -DKEEP_INT_AROUND -DLIMIT_ARGS -DCONFIG_BUF_LEN=65536 -DMAX_DOMAINS_F=21 -DMAX_HISTORY=25 -DNMM_NEST= -DWRF_CHEM -DBUILD_CHEM=1 -DWRF_KPP -I. -traditional-cpp  module_kpp_racm_mim_Parameters.b  > module_kpp_racm_mim_Parameters.f90
rm -f module_kpp_racm_mim_Parameters.b
ifort -c -O3 -ip -fp-model precise -w -ftz -align all -fno-alias -FR -convert big_endian    -real-size `expr 8 \* 4` -i4  module_kpp_racm_mim_Parameters.f90
rm -f module_kpp_racm_mim_JacobianSP.o
sed -f ../../../../arch/standard.sed module_kpp_racm_mim_JacobianSP.F > module_kpp_racm_mim_JacobianSP.b 
/lib/cpp -P -nostdinc -I../../../../inc -DEM_CORE=1 -DNMM_CORE=0 -DNMM_MAX_DIM=2600 -DCOAMPS_CORE= -DDA_CORE=0 -DEXP_CORE= -DIWORDSIZE=4 -DDWORDSIZE=8 -DRWORDSIZE=4 -DLWORDSIZE=4 -DNONSTANDARD_SYSTEM_FUNC  -DWRF_USE_CLM  -DSNICAR_FRC    -DDM_PARALLEL -DNETCDF -DUSE_ALLOCATABLES -DGRIB1 -DINTIO -DKEEP_INT_AROUND -DLIMIT_ARGS -DCONFIG_BUF_LEN=65536 -DMAX_DOMAINS_F=21 -DMAX_HISTORY=25 -DNMM_NEST= -DWRF_CHEM -DBUILD_CHEM=1 -DWRF_KPP -I. -traditional-cpp  module_kpp_racm_mim_JacobianSP.b  > module_kpp_racm_mim_JacobianSP.f90
rm -f module_kpp_racm_mim_JacobianSP.b
ifort -c -O3 -ip -fp-model precise -w -ftz -align all -fno-alias -FR -convert big_endian    -real-size `expr 8 \* 4` -i4  module_kpp_racm_mim_JacobianSP.f90
rm -f write_decomp.o
sed -f ../../../../arch/standard.sed write_decomp.F > write_decomp.b 
/lib/cpp -P -nostdinc -I../../../../inc -DEM_CORE=1 -DNMM_CORE=0 -DNMM_MAX_DIM=2600 -DCOAMPS_CORE= -DDA_CORE=0 -DEXP_CORE= -DIWORDSIZE=4 -DDWORDSIZE=8 -DRWORDSIZE=4 -DLWORDSIZE=4 -DNONSTANDARD_SYSTEM_FUNC  -DWRF_USE_CLM  -DSNICAR_FRC    -DDM_PARALLEL -DNETCDF -DUSE_ALLOCATABLES -DGRIB1 -DINTIO -DKEEP_INT_AROUND -DLIMIT_ARGS -DCONFIG_BUF_LEN=65536 -DMAX_DOMAINS_F=21 -DMAX_HISTORY=25 -DNMM_NEST= -DWRF_CHEM -DBUILD_CHEM=1 -DWRF_KPP -I. -traditional-cpp  write_decomp.b  > write_decomp.f90
rm -f write_decomp.b
ifort -c -O3 -ip -fp-model precise -w -ftz -align all -fno-alias -FR -convert big_endian    -real-size `expr 8 \* 4` -i4  write_decomp.f90
ifort -o write_decomp.exe module_kpp_racm_mim_Precision.o module_kpp_racm_mim_Parameters.o module_kpp_racm_mim_JacobianSP.o      write_decomp.o  
echo racm_mim > mech.tmp
make[1]: Leaving directory '/glade/work/rkumar/NASA_HMA/WRFchem_HMA/chem/KPP/util/write_decomp'
./write_decomp.exe
   -- in write_decomp
     for kpp mechanism: racm_mim
 fname:<decomp_racm_mim.inc>
make -i -r integr_edit
make[1]: Entering directory '/glade/work/rkumar/NASA_HMA/WRFchem_HMA/chem/KPP/util/write_decomp'
Makefile:50: warning: overriding recipe for target '.F.o'
../../../../configure.wrf:375: warning: ignoring old recipe for target '.F.o'
Makefile:58: warning: overriding recipe for target '.c.o'
../../../../configure.wrf:406: warning: ignoring old recipe for target '.c.o'
rm -f integr_edit.o
icc -c -w -O3 -ip  -DDM_PARALLEL -DMAX_HISTORY=25 -DNMM_CORE=0 integr_edit.c
icc -o integr_edit.exe integr_edit.o
make[1]: Leaving directory '/glade/work/rkumar/NASA_HMA/WRFchem_HMA/chem/KPP/util/write_decomp'
./integr_edit.exe racm_mim
   integr_edit: replacing     CALL racm_mim_KppDecomp ( A, ising )
 
  END MODULE racm_mim_Integrator
 make -i -r clean 
make[1]: Entering directory '/glade/work/rkumar/NASA_HMA/WRFchem_HMA/chem/KPP/util/write_decomp'
Makefile:50: warning: overriding recipe for target '.F.o'
../../../../configure.wrf:375: warning: ignoring old recipe for target '.F.o'
Makefile:58: warning: overriding recipe for target '.c.o'
../../../../configure.wrf:406: warning: ignoring old recipe for target '.c.o'
rm -f *.o *.tmp *.mod module_kpp_* *~ *.inc *.exe *.f90
make[1]: Leaving directory '/glade/work/rkumar/NASA_HMA/WRFchem_HMA/chem/KPP/util/write_decomp'
=========================================================
mechanisms/racmpm
ln -s ../../util/Makefile_kpp mechanisms/racmpm/Makefile
ln -s ../chem/KPP/inc/racmpm/extra_args_to_update_rconst_racmpm.inc /glade/work/rkumar/NASA_HMA/WRFchem_HMA/inc
ln -s ../chem/KPP/inc/racmpm/extra_args_update_rconst_racmpm.inc /glade/work/rkumar/NASA_HMA/WRFchem_HMA/inc
ln -s ../chem/KPP/inc/racmpm/extra_decls_update_rconst_racmpm.inc /glade/work/rkumar/NASA_HMA/WRFchem_HMA/inc
ln -s ../chem/KPP/inc/racmpm/kpp_mechd_a_racmpm.inc /glade/work/rkumar/NASA_HMA/WRFchem_HMA/inc
ln -s ../chem/KPP/inc/racmpm/kpp_mechd_b_racmpm.inc /glade/work/rkumar/NASA_HMA/WRFchem_HMA/inc
ln -s ../chem/KPP/inc/racmpm/kpp_mechd_e_racmpm.inc /glade/work/rkumar/NASA_HMA/WRFchem_HMA/inc
ln -s ../chem/KPP/inc/racmpm/kpp_mechd_ia_racmpm.inc /glade/work/rkumar/NASA_HMA/WRFchem_HMA/inc
ln -s ../chem/KPP/inc/racmpm/kpp_mechd_ib_racmpm.inc /glade/work/rkumar/NASA_HMA/WRFchem_HMA/inc
ln -s ../chem/KPP/inc/racmpm/kpp_mechd_ibu_racmpm.inc /glade/work/rkumar/NASA_HMA/WRFchem_HMA/inc
ln -s ../chem/KPP/inc/racmpm/kpp_mechd_l_racmpm.inc /glade/work/rkumar/NASA_HMA/WRFchem_HMA/inc
ln -s ../chem/KPP/inc/racmpm/kpp_mechd_u_racmpm.inc /glade/work/rkumar/NASA_HMA/WRFchem_HMA/inc
model racmpm
/glade/work/rkumar/NASA_HMA/WRFchem_HMA/chem/KPP/kpp/kpp-2.1/bin/kpp racmpm.kpp

This is KPP-2.1.

KPP is parsing the equation file.
KPP was told to generate WRF conform code
KPP is computing Jacobian sparsity structure.
KPP is starting the code generation.
KPP is initializing the code generation.
 
 KPP is using the WRF conform integrator routine: 
 /glade/work/rkumar/NASA_HMA/WRFchem_HMA/chem/KPP/kpp/kpp-2.1/int/WRF_conform/rosenbrock 

KPP is generating the monitor data:
    - racmpm_Monitor
KPP is generating the utility data:
    - racmpm_Util
KPP is generating the global declarations:
    - racmpm_Main
KPP is generating the ODE function:
    - racmpm_Function
KPP is generating the ODE Jacobian:
    - racmpm_Jacobian
    - racmpm_JacobianSP
KPP is generating the linear algebra routines:
    - racmpm_LinearAlgebra
KPP is generating the utility functions:
    - racmpm_Util
KPP is generating the rate laws:
    - racmpm_Rates
KPP is generating UpdateRconstWRF (WRF conform): 
    - racmpm_UpdateRconst
KPP is generating the parameters:
    - racmpm_Parameters
KPP is generating the global data:
    - racmpm_Global
KPP is generating the driver from general.f90:
    - racmpm_Main
KPP is starting the code post-processing.

KPP has succesfully created the model "racmpm".

cp -f racmpm_Integrator.f90 ../../../module_kpp_racmpm_Integr.F
cp -f racmpm_Parameters.f90 ../../../module_kpp_racmpm_Parameters.F
cp -f racmpm_Precision.f90 ../../../module_kpp_racmpm_Precision.F
cp -f racmpm_JacobianSP.f90 ../../../module_kpp_racmpm_JacobianSP.F
cp -f racmpm_Jacobian.f90 ../../../module_kpp_racmpm_Jacobian.F
cp -f racmpm_Update_Rconst.f90 ../../../module_kpp_racmpm_Update_Rconst.F
touch ../../util/run_wkc
Makefile:50: warning: overriding recipe for target '.F.o'
../../../../configure.wrf:375: warning: ignoring old recipe for target '.F.o'
Makefile:58: warning: overriding recipe for target '.c.o'
../../../../configure.wrf:406: warning: ignoring old recipe for target '.c.o'
rm -f decomp_uses.inc
echo USE racmpm_Parameters > decomp_uses.inc
echo USE racmpm_JacobianSP >> decomp_uses.inc
ln -sf  ../../../module_kpp_racmpm_Precision.F
ln -sf  ../../../module_kpp_racmpm_Parameters.F
ln -sf  ../../../module_kpp_racmpm_JacobianSP.F
ln -sf  ../../../module_kpp_racmpm_Integr.F
make -i -r comp
make[1]: Entering directory '/glade/work/rkumar/NASA_HMA/WRFchem_HMA/chem/KPP/util/write_decomp'
Makefile:50: warning: overriding recipe for target '.F.o'
../../../../configure.wrf:375: warning: ignoring old recipe for target '.F.o'
Makefile:58: warning: overriding recipe for target '.c.o'
../../../../configure.wrf:406: warning: ignoring old recipe for target '.c.o'
rm -f module_kpp_racmpm_Precision.o
sed -f ../../../../arch/standard.sed module_kpp_racmpm_Precision.F > module_kpp_racmpm_Precision.b 
/lib/cpp -P -nostdinc -I../../../../inc -DEM_CORE=1 -DNMM_CORE=0 -DNMM_MAX_DIM=2600 -DCOAMPS_CORE= -DDA_CORE=0 -DEXP_CORE= -DIWORDSIZE=4 -DDWORDSIZE=8 -DRWORDSIZE=4 -DLWORDSIZE=4 -DNONSTANDARD_SYSTEM_FUNC  -DWRF_USE_CLM  -DSNICAR_FRC    -DDM_PARALLEL -DNETCDF -DUSE_ALLOCATABLES -DGRIB1 -DINTIO -DKEEP_INT_AROUND -DLIMIT_ARGS -DCONFIG_BUF_LEN=65536 -DMAX_DOMAINS_F=21 -DMAX_HISTORY=25 -DNMM_NEST= -DWRF_CHEM -DBUILD_CHEM=1 -DWRF_KPP -I. -traditional-cpp  module_kpp_racmpm_Precision.b  > module_kpp_racmpm_Precision.f90
rm -f module_kpp_racmpm_Precision.b
ifort -c -O3 -ip -fp-model precise -w -ftz -align all -fno-alias -FR -convert big_endian    -real-size `expr 8 \* 4` -i4  module_kpp_racmpm_Precision.f90
rm -f module_kpp_racmpm_Parameters.o
sed -f ../../../../arch/standard.sed module_kpp_racmpm_Parameters.F > module_kpp_racmpm_Parameters.b 
/lib/cpp -P -nostdinc -I../../../../inc -DEM_CORE=1 -DNMM_CORE=0 -DNMM_MAX_DIM=2600 -DCOAMPS_CORE= -DDA_CORE=0 -DEXP_CORE= -DIWORDSIZE=4 -DDWORDSIZE=8 -DRWORDSIZE=4 -DLWORDSIZE=4 -DNONSTANDARD_SYSTEM_FUNC  -DWRF_USE_CLM  -DSNICAR_FRC    -DDM_PARALLEL -DNETCDF -DUSE_ALLOCATABLES -DGRIB1 -DINTIO -DKEEP_INT_AROUND -DLIMIT_ARGS -DCONFIG_BUF_LEN=65536 -DMAX_DOMAINS_F=21 -DMAX_HISTORY=25 -DNMM_NEST= -DWRF_CHEM -DBUILD_CHEM=1 -DWRF_KPP -I. -traditional-cpp  module_kpp_racmpm_Parameters.b  > module_kpp_racmpm_Parameters.f90
rm -f module_kpp_racmpm_Parameters.b
ifort -c -O3 -ip -fp-model precise -w -ftz -align all -fno-alias -FR -convert big_endian    -real-size `expr 8 \* 4` -i4  module_kpp_racmpm_Parameters.f90
rm -f module_kpp_racmpm_JacobianSP.o
sed -f ../../../../arch/standard.sed module_kpp_racmpm_JacobianSP.F > module_kpp_racmpm_JacobianSP.b 
/lib/cpp -P -nostdinc -I../../../../inc -DEM_CORE=1 -DNMM_CORE=0 -DNMM_MAX_DIM=2600 -DCOAMPS_CORE= -DDA_CORE=0 -DEXP_CORE= -DIWORDSIZE=4 -DDWORDSIZE=8 -DRWORDSIZE=4 -DLWORDSIZE=4 -DNONSTANDARD_SYSTEM_FUNC  -DWRF_USE_CLM  -DSNICAR_FRC    -DDM_PARALLEL -DNETCDF -DUSE_ALLOCATABLES -DGRIB1 -DINTIO -DKEEP_INT_AROUND -DLIMIT_ARGS -DCONFIG_BUF_LEN=65536 -DMAX_DOMAINS_F=21 -DMAX_HISTORY=25 -DNMM_NEST= -DWRF_CHEM -DBUILD_CHEM=1 -DWRF_KPP -I. -traditional-cpp  module_kpp_racmpm_JacobianSP.b  > module_kpp_racmpm_JacobianSP.f90
rm -f module_kpp_racmpm_JacobianSP.b
ifort -c -O3 -ip -fp-model precise -w -ftz -align all -fno-alias -FR -convert big_endian    -real-size `expr 8 \* 4` -i4  module_kpp_racmpm_JacobianSP.f90
rm -f write_decomp.o
sed -f ../../../../arch/standard.sed write_decomp.F > write_decomp.b 
/lib/cpp -P -nostdinc -I../../../../inc -DEM_CORE=1 -DNMM_CORE=0 -DNMM_MAX_DIM=2600 -DCOAMPS_CORE= -DDA_CORE=0 -DEXP_CORE= -DIWORDSIZE=4 -DDWORDSIZE=8 -DRWORDSIZE=4 -DLWORDSIZE=4 -DNONSTANDARD_SYSTEM_FUNC  -DWRF_USE_CLM  -DSNICAR_FRC    -DDM_PARALLEL -DNETCDF -DUSE_ALLOCATABLES -DGRIB1 -DINTIO -DKEEP_INT_AROUND -DLIMIT_ARGS -DCONFIG_BUF_LEN=65536 -DMAX_DOMAINS_F=21 -DMAX_HISTORY=25 -DNMM_NEST= -DWRF_CHEM -DBUILD_CHEM=1 -DWRF_KPP -I. -traditional-cpp  write_decomp.b  > write_decomp.f90
rm -f write_decomp.b
ifort -c -O3 -ip -fp-model precise -w -ftz -align all -fno-alias -FR -convert big_endian    -real-size `expr 8 \* 4` -i4  write_decomp.f90
ifort -o write_decomp.exe module_kpp_racmpm_Precision.o module_kpp_racmpm_Parameters.o module_kpp_racmpm_JacobianSP.o      write_decomp.o  
echo racmpm > mech.tmp
make[1]: Leaving directory '/glade/work/rkumar/NASA_HMA/WRFchem_HMA/chem/KPP/util/write_decomp'
./write_decomp.exe
   -- in write_decomp
     for kpp mechanism: racmpm
 fname:<decomp_racmpm.inc>
make -i -r integr_edit
make[1]: Entering directory '/glade/work/rkumar/NASA_HMA/WRFchem_HMA/chem/KPP/util/write_decomp'
Makefile:50: warning: overriding recipe for target '.F.o'
../../../../configure.wrf:375: warning: ignoring old recipe for target '.F.o'
Makefile:58: warning: overriding recipe for target '.c.o'
../../../../configure.wrf:406: warning: ignoring old recipe for target '.c.o'
rm -f integr_edit.o
icc -c -w -O3 -ip  -DDM_PARALLEL -DMAX_HISTORY=25 -DNMM_CORE=0 integr_edit.c
icc -o integr_edit.exe integr_edit.o
make[1]: Leaving directory '/glade/work/rkumar/NASA_HMA/WRFchem_HMA/chem/KPP/util/write_decomp'
./integr_edit.exe racmpm
   integr_edit: replacing     CALL racmpm_KppDecomp ( A, ising )
 
  END MODULE racmpm_Integrator
 make -i -r clean 
make[1]: Entering directory '/glade/work/rkumar/NASA_HMA/WRFchem_HMA/chem/KPP/util/write_decomp'
Makefile:50: warning: overriding recipe for target '.F.o'
../../../../configure.wrf:375: warning: ignoring old recipe for target '.F.o'
Makefile:58: warning: overriding recipe for target '.c.o'
../../../../configure.wrf:406: warning: ignoring old recipe for target '.c.o'
rm -f *.o *.tmp *.mod module_kpp_* *~ *.inc *.exe *.f90
make[1]: Leaving directory '/glade/work/rkumar/NASA_HMA/WRFchem_HMA/chem/KPP/util/write_decomp'
=========================================================
mechanisms/racm
ln -s ../../util/Makefile_kpp mechanisms/racm/Makefile
ln -s ../chem/KPP/inc/racm/extra_args_to_update_rconst_racm.inc /glade/work/rkumar/NASA_HMA/WRFchem_HMA/inc
ln -s ../chem/KPP/inc/racm/extra_args_update_rconst_racm.inc /glade/work/rkumar/NASA_HMA/WRFchem_HMA/inc
ln -s ../chem/KPP/inc/racm/extra_decls_update_rconst_racm.inc /glade/work/rkumar/NASA_HMA/WRFchem_HMA/inc
ln -s ../chem/KPP/inc/racm/kpp_mechd_a_racm.inc /glade/work/rkumar/NASA_HMA/WRFchem_HMA/inc
ln -s ../chem/KPP/inc/racm/kpp_mechd_b_racm.inc /glade/work/rkumar/NASA_HMA/WRFchem_HMA/inc
ln -s ../chem/KPP/inc/racm/kpp_mechd_e_racm.inc /glade/work/rkumar/NASA_HMA/WRFchem_HMA/inc
ln -s ../chem/KPP/inc/racm/kpp_mechd_ia_racm.inc /glade/work/rkumar/NASA_HMA/WRFchem_HMA/inc
ln -s ../chem/KPP/inc/racm/kpp_mechd_ib_racm.inc /glade/work/rkumar/NASA_HMA/WRFchem_HMA/inc
ln -s ../chem/KPP/inc/racm/kpp_mechd_ibu_racm.inc /glade/work/rkumar/NASA_HMA/WRFchem_HMA/inc
ln -s ../chem/KPP/inc/racm/kpp_mechd_l_racm.inc /glade/work/rkumar/NASA_HMA/WRFchem_HMA/inc
ln -s ../chem/KPP/inc/racm/kpp_mechd_u_racm.inc /glade/work/rkumar/NASA_HMA/WRFchem_HMA/inc
model racm
/glade/work/rkumar/NASA_HMA/WRFchem_HMA/chem/KPP/kpp/kpp-2.1/bin/kpp racm.kpp

This is KPP-2.1.

KPP is parsing the equation file.
KPP was told to generate WRF conform code
KPP is computing Jacobian sparsity structure.
KPP is starting the code generation.
KPP is initializing the code generation.
 
 KPP is using the WRF conform integrator routine: 
 /glade/work/rkumar/NASA_HMA/WRFchem_HMA/chem/KPP/kpp/kpp-2.1/int/WRF_conform/rosenbrock 

KPP is generating the monitor data:
    - racm_Monitor
KPP is generating the utility data:
    - racm_Util
KPP is generating the global declarations:
    - racm_Main
KPP is generating the ODE function:
    - racm_Function
KPP is generating the ODE Jacobian:
    - racm_Jacobian
    - racm_JacobianSP
KPP is generating the linear algebra routines:
    - racm_LinearAlgebra
KPP is generating the utility functions:
    - racm_Util
KPP is generating the rate laws:
    - racm_Rates
KPP is generating UpdateRconstWRF (WRF conform): 
    - racm_UpdateRconst
KPP is generating the parameters:
    - racm_Parameters
KPP is generating the global data:
    - racm_Global
KPP is generating the driver from general.f90:
    - racm_Main
KPP is starting the code post-processing.

KPP has succesfully created the model "racm".

cp -f racm_Integrator.f90 ../../../module_kpp_racm_Integr.F
cp -f racm_Parameters.f90 ../../../module_kpp_racm_Parameters.F
cp -f racm_Precision.f90 ../../../module_kpp_racm_Precision.F
cp -f racm_JacobianSP.f90 ../../../module_kpp_racm_JacobianSP.F
cp -f racm_Jacobian.f90 ../../../module_kpp_racm_Jacobian.F
cp -f racm_Update_Rconst.f90 ../../../module_kpp_racm_Update_Rconst.F
touch ../../util/run_wkc
Makefile:50: warning: overriding recipe for target '.F.o'
../../../../configure.wrf:375: warning: ignoring old recipe for target '.F.o'
Makefile:58: warning: overriding recipe for target '.c.o'
../../../../configure.wrf:406: warning: ignoring old recipe for target '.c.o'
rm -f decomp_uses.inc
echo USE racm_Parameters > decomp_uses.inc
echo USE racm_JacobianSP >> decomp_uses.inc
ln -sf  ../../../module_kpp_racm_Precision.F
ln -sf  ../../../module_kpp_racm_Parameters.F
ln -sf  ../../../module_kpp_racm_JacobianSP.F
ln -sf  ../../../module_kpp_racm_Integr.F
make -i -r comp
make[1]: Entering directory '/glade/work/rkumar/NASA_HMA/WRFchem_HMA/chem/KPP/util/write_decomp'
Makefile:50: warning: overriding recipe for target '.F.o'
../../../../configure.wrf:375: warning: ignoring old recipe for target '.F.o'
Makefile:58: warning: overriding recipe for target '.c.o'
../../../../configure.wrf:406: warning: ignoring old recipe for target '.c.o'
rm -f module_kpp_racm_Precision.o
sed -f ../../../../arch/standard.sed module_kpp_racm_Precision.F > module_kpp_racm_Precision.b 
/lib/cpp -P -nostdinc -I../../../../inc -DEM_CORE=1 -DNMM_CORE=0 -DNMM_MAX_DIM=2600 -DCOAMPS_CORE= -DDA_CORE=0 -DEXP_CORE= -DIWORDSIZE=4 -DDWORDSIZE=8 -DRWORDSIZE=4 -DLWORDSIZE=4 -DNONSTANDARD_SYSTEM_FUNC  -DWRF_USE_CLM  -DSNICAR_FRC    -DDM_PARALLEL -DNETCDF -DUSE_ALLOCATABLES -DGRIB1 -DINTIO -DKEEP_INT_AROUND -DLIMIT_ARGS -DCONFIG_BUF_LEN=65536 -DMAX_DOMAINS_F=21 -DMAX_HISTORY=25 -DNMM_NEST= -DWRF_CHEM -DBUILD_CHEM=1 -DWRF_KPP -I. -traditional-cpp  module_kpp_racm_Precision.b  > module_kpp_racm_Precision.f90
rm -f module_kpp_racm_Precision.b
ifort -c -O3 -ip -fp-model precise -w -ftz -align all -fno-alias -FR -convert big_endian    -real-size `expr 8 \* 4` -i4  module_kpp_racm_Precision.f90
rm -f module_kpp_racm_Parameters.o
sed -f ../../../../arch/standard.sed module_kpp_racm_Parameters.F > module_kpp_racm_Parameters.b 
/lib/cpp -P -nostdinc -I../../../../inc -DEM_CORE=1 -DNMM_CORE=0 -DNMM_MAX_DIM=2600 -DCOAMPS_CORE= -DDA_CORE=0 -DEXP_CORE= -DIWORDSIZE=4 -DDWORDSIZE=8 -DRWORDSIZE=4 -DLWORDSIZE=4 -DNONSTANDARD_SYSTEM_FUNC  -DWRF_USE_CLM  -DSNICAR_FRC    -DDM_PARALLEL -DNETCDF -DUSE_ALLOCATABLES -DGRIB1 -DINTIO -DKEEP_INT_AROUND -DLIMIT_ARGS -DCONFIG_BUF_LEN=65536 -DMAX_DOMAINS_F=21 -DMAX_HISTORY=25 -DNMM_NEST= -DWRF_CHEM -DBUILD_CHEM=1 -DWRF_KPP -I. -traditional-cpp  module_kpp_racm_Parameters.b  > module_kpp_racm_Parameters.f90
rm -f module_kpp_racm_Parameters.b
ifort -c -O3 -ip -fp-model precise -w -ftz -align all -fno-alias -FR -convert big_endian    -real-size `expr 8 \* 4` -i4  module_kpp_racm_Parameters.f90
rm -f module_kpp_racm_JacobianSP.o
sed -f ../../../../arch/standard.sed module_kpp_racm_JacobianSP.F > module_kpp_racm_JacobianSP.b 
/lib/cpp -P -nostdinc -I../../../../inc -DEM_CORE=1 -DNMM_CORE=0 -DNMM_MAX_DIM=2600 -DCOAMPS_CORE= -DDA_CORE=0 -DEXP_CORE= -DIWORDSIZE=4 -DDWORDSIZE=8 -DRWORDSIZE=4 -DLWORDSIZE=4 -DNONSTANDARD_SYSTEM_FUNC  -DWRF_USE_CLM  -DSNICAR_FRC    -DDM_PARALLEL -DNETCDF -DUSE_ALLOCATABLES -DGRIB1 -DINTIO -DKEEP_INT_AROUND -DLIMIT_ARGS -DCONFIG_BUF_LEN=65536 -DMAX_DOMAINS_F=21 -DMAX_HISTORY=25 -DNMM_NEST= -DWRF_CHEM -DBUILD_CHEM=1 -DWRF_KPP -I. -traditional-cpp  module_kpp_racm_JacobianSP.b  > module_kpp_racm_JacobianSP.f90
rm -f module_kpp_racm_JacobianSP.b
ifort -c -O3 -ip -fp-model precise -w -ftz -align all -fno-alias -FR -convert big_endian    -real-size `expr 8 \* 4` -i4  module_kpp_racm_JacobianSP.f90
rm -f write_decomp.o
sed -f ../../../../arch/standard.sed write_decomp.F > write_decomp.b 
/lib/cpp -P -nostdinc -I../../../../inc -DEM_CORE=1 -DNMM_CORE=0 -DNMM_MAX_DIM=2600 -DCOAMPS_CORE= -DDA_CORE=0 -DEXP_CORE= -DIWORDSIZE=4 -DDWORDSIZE=8 -DRWORDSIZE=4 -DLWORDSIZE=4 -DNONSTANDARD_SYSTEM_FUNC  -DWRF_USE_CLM  -DSNICAR_FRC    -DDM_PARALLEL -DNETCDF -DUSE_ALLOCATABLES -DGRIB1 -DINTIO -DKEEP_INT_AROUND -DLIMIT_ARGS -DCONFIG_BUF_LEN=65536 -DMAX_DOMAINS_F=21 -DMAX_HISTORY=25 -DNMM_NEST= -DWRF_CHEM -DBUILD_CHEM=1 -DWRF_KPP -I. -traditional-cpp  write_decomp.b  > write_decomp.f90
rm -f write_decomp.b
ifort -c -O3 -ip -fp-model precise -w -ftz -align all -fno-alias -FR -convert big_endian    -real-size `expr 8 \* 4` -i4  write_decomp.f90
ifort -o write_decomp.exe module_kpp_racm_Precision.o module_kpp_racm_Parameters.o module_kpp_racm_JacobianSP.o      write_decomp.o  
echo racm > mech.tmp
make[1]: Leaving directory '/glade/work/rkumar/NASA_HMA/WRFchem_HMA/chem/KPP/util/write_decomp'
./write_decomp.exe
   -- in write_decomp
     for kpp mechanism: racm
 fname:<decomp_racm.inc>
make -i -r integr_edit
make[1]: Entering directory '/glade/work/rkumar/NASA_HMA/WRFchem_HMA/chem/KPP/util/write_decomp'
Makefile:50: warning: overriding recipe for target '.F.o'
../../../../configure.wrf:375: warning: ignoring old recipe for target '.F.o'
Makefile:58: warning: overriding recipe for target '.c.o'
../../../../configure.wrf:406: warning: ignoring old recipe for target '.c.o'
rm -f integr_edit.o
icc -c -w -O3 -ip  -DDM_PARALLEL -DMAX_HISTORY=25 -DNMM_CORE=0 integr_edit.c
icc -o integr_edit.exe integr_edit.o
make[1]: Leaving directory '/glade/work/rkumar/NASA_HMA/WRFchem_HMA/chem/KPP/util/write_decomp'
./integr_edit.exe racm
   integr_edit: replacing     CALL racm_KppDecomp ( A, ising )
 
  END MODULE racm_Integrator
 make -i -r clean 
make[1]: Entering directory '/glade/work/rkumar/NASA_HMA/WRFchem_HMA/chem/KPP/util/write_decomp'
Makefile:50: warning: overriding recipe for target '.F.o'
../../../../configure.wrf:375: warning: ignoring old recipe for target '.F.o'
Makefile:58: warning: overriding recipe for target '.c.o'
../../../../configure.wrf:406: warning: ignoring old recipe for target '.c.o'
rm -f *.o *.tmp *.mod module_kpp_* *~ *.inc *.exe *.f90
make[1]: Leaving directory '/glade/work/rkumar/NASA_HMA/WRFchem_HMA/chem/KPP/util/write_decomp'
=========================================================
mechanisms/racm_soa_vbs_aqchem
ln -s ../../util/Makefile_kpp mechanisms/racm_soa_vbs_aqchem/Makefile
ln -s ../chem/KPP/inc/racm_soa_vbs_aqchem/extra_args_to_update_rconst_racm_soa_vbs_aqchem.inc /glade/work/rkumar/NASA_HMA/WRFchem_HMA/inc
ln -s ../chem/KPP/inc/racm_soa_vbs_aqchem/extra_args_update_rconst_racm_soa_vbs_aqchem.inc /glade/work/rkumar/NASA_HMA/WRFchem_HMA/inc
ln -s ../chem/KPP/inc/racm_soa_vbs_aqchem/extra_decls_update_rconst_racm_soa_vbs_aqchem.inc /glade/work/rkumar/NASA_HMA/WRFchem_HMA/inc
ln -s ../chem/KPP/inc/racm_soa_vbs_aqchem/kpp_mechd_a_racm_soa_vbs_aqchem.inc /glade/work/rkumar/NASA_HMA/WRFchem_HMA/inc
ln -s ../chem/KPP/inc/racm_soa_vbs_aqchem/kpp_mechd_b_racm_soa_vbs_aqchem.inc /glade/work/rkumar/NASA_HMA/WRFchem_HMA/inc
ln -s ../chem/KPP/inc/racm_soa_vbs_aqchem/kpp_mechd_e_racm_soa_vbs_aqchem.inc /glade/work/rkumar/NASA_HMA/WRFchem_HMA/inc
ln -s ../chem/KPP/inc/racm_soa_vbs_aqchem/kpp_mechd_ia_racm_soa_vbs_aqchem.inc /glade/work/rkumar/NASA_HMA/WRFchem_HMA/inc
ln -s ../chem/KPP/inc/racm_soa_vbs_aqchem/kpp_mechd_ib_racm_soa_vbs_aqchem.inc /glade/work/rkumar/NASA_HMA/WRFchem_HMA/inc
ln -s ../chem/KPP/inc/racm_soa_vbs_aqchem/kpp_mechd_ibu_racm_soa_vbs_aqchem.inc /glade/work/rkumar/NASA_HMA/WRFchem_HMA/inc
ln -s ../chem/KPP/inc/racm_soa_vbs_aqchem/kpp_mechd_l_racm_soa_vbs_aqchem.inc /glade/work/rkumar/NASA_HMA/WRFchem_HMA/inc
ln -s ../chem/KPP/inc/racm_soa_vbs_aqchem/kpp_mechd_u_racm_soa_vbs_aqchem.inc /glade/work/rkumar/NASA_HMA/WRFchem_HMA/inc
model racm_soa_vbs_aqchem
/glade/work/rkumar/NASA_HMA/WRFchem_HMA/chem/KPP/kpp/kpp-2.1/bin/kpp racm_soa_vbs_aqchem.kpp

This is KPP-2.1.

KPP is parsing the equation file.
KPP was told to generate WRF conform code
KPP is computing Jacobian sparsity structure.
KPP is starting the code generation.
KPP is initializing the code generation.
 
 KPP is using the WRF conform integrator routine: 
 /glade/work/rkumar/NASA_HMA/WRFchem_HMA/chem/KPP/kpp/kpp-2.1/int/WRF_conform/rosenbrock 

KPP is generating the monitor data:
    - racm_soa_vbs_aqchem_Monitor
KPP is generating the utility data:
    - racm_soa_vbs_aqchem_Util
KPP is generating the global declarations:
    - racm_soa_vbs_aqchem_Main
KPP is generating the ODE function:
    - racm_soa_vbs_aqchem_Function
KPP is generating the ODE Jacobian:
    - racm_soa_vbs_aqchem_Jacobian
    - racm_soa_vbs_aqchem_JacobianSP
KPP is generating the linear algebra routines:
    - racm_soa_vbs_aqchem_LinearAlgebra
KPP is generating the utility functions:
    - racm_soa_vbs_aqchem_Util
KPP is generating the rate laws:
    - racm_soa_vbs_aqchem_Rates
KPP is generating UpdateRconstWRF (WRF conform): 
    - racm_soa_vbs_aqchem_UpdateRconst
KPP is generating the parameters:
    - racm_soa_vbs_aqchem_Parameters
KPP is generating the global data:
    - racm_soa_vbs_aqchem_Global
KPP is generating the driver from general.f90:
    - racm_soa_vbs_aqchem_Main
KPP is starting the code post-processing.

KPP has succesfully created the model "racm_soa_vbs_aqchem".

cp -f racm_soa_vbs_aqchem_Integrator.f90 ../../../module_kpp_racm_soa_vbs_aqchem_Integr.F
cp -f racm_soa_vbs_aqchem_Parameters.f90 ../../../module_kpp_racm_soa_vbs_aqchem_Parameters.F
cp -f racm_soa_vbs_aqchem_Precision.f90 ../../../module_kpp_racm_soa_vbs_aqchem_Precision.F
cp -f racm_soa_vbs_aqchem_JacobianSP.f90 ../../../module_kpp_racm_soa_vbs_aqchem_JacobianSP.F
cp -f racm_soa_vbs_aqchem_Jacobian.f90 ../../../module_kpp_racm_soa_vbs_aqchem_Jacobian.F
cp -f racm_soa_vbs_aqchem_Update_Rconst.f90 ../../../module_kpp_racm_soa_vbs_aqchem_Update_Rconst.F
touch ../../util/run_wkc
Makefile:50: warning: overriding recipe for target '.F.o'
../../../../configure.wrf:375: warning: ignoring old recipe for target '.F.o'
Makefile:58: warning: overriding recipe for target '.c.o'
../../../../configure.wrf:406: warning: ignoring old recipe for target '.c.o'
rm -f decomp_uses.inc
echo USE racm_soa_vbs_aqchem_Parameters > decomp_uses.inc
echo USE racm_soa_vbs_aqchem_JacobianSP >> decomp_uses.inc
ln -sf  ../../../module_kpp_racm_soa_vbs_aqchem_Precision.F
ln -sf  ../../../module_kpp_racm_soa_vbs_aqchem_Parameters.F
ln -sf  ../../../module_kpp_racm_soa_vbs_aqchem_JacobianSP.F
ln -sf  ../../../module_kpp_racm_soa_vbs_aqchem_Integr.F
make -i -r comp
make[1]: Entering directory '/glade/work/rkumar/NASA_HMA/WRFchem_HMA/chem/KPP/util/write_decomp'
Makefile:50: warning: overriding recipe for target '.F.o'
../../../../configure.wrf:375: warning: ignoring old recipe for target '.F.o'
Makefile:58: warning: overriding recipe for target '.c.o'
../../../../configure.wrf:406: warning: ignoring old recipe for target '.c.o'
rm -f module_kpp_racm_soa_vbs_aqchem_Precision.o
sed -f ../../../../arch/standard.sed module_kpp_racm_soa_vbs_aqchem_Precision.F > module_kpp_racm_soa_vbs_aqchem_Precision.b 
/lib/cpp -P -nostdinc -I../../../../inc -DEM_CORE=1 -DNMM_CORE=0 -DNMM_MAX_DIM=2600 -DCOAMPS_CORE= -DDA_CORE=0 -DEXP_CORE= -DIWORDSIZE=4 -DDWORDSIZE=8 -DRWORDSIZE=4 -DLWORDSIZE=4 -DNONSTANDARD_SYSTEM_FUNC  -DWRF_USE_CLM  -DSNICAR_FRC    -DDM_PARALLEL -DNETCDF -DUSE_ALLOCATABLES -DGRIB1 -DINTIO -DKEEP_INT_AROUND -DLIMIT_ARGS -DCONFIG_BUF_LEN=65536 -DMAX_DOMAINS_F=21 -DMAX_HISTORY=25 -DNMM_NEST= -DWRF_CHEM -DBUILD_CHEM=1 -DWRF_KPP -I. -traditional-cpp  module_kpp_racm_soa_vbs_aqchem_Precision.b  > module_kpp_racm_soa_vbs_aqchem_Precision.f90
rm -f module_kpp_racm_soa_vbs_aqchem_Precision.b
ifort -c -O3 -ip -fp-model precise -w -ftz -align all -fno-alias -FR -convert big_endian    -real-size `expr 8 \* 4` -i4  module_kpp_racm_soa_vbs_aqchem_Precision.f90
rm -f module_kpp_racm_soa_vbs_aqchem_Parameters.o
sed -f ../../../../arch/standard.sed module_kpp_racm_soa_vbs_aqchem_Parameters.F > module_kpp_racm_soa_vbs_aqchem_Parameters.b 
/lib/cpp -P -nostdinc -I../../../../inc -DEM_CORE=1 -DNMM_CORE=0 -DNMM_MAX_DIM=2600 -DCOAMPS_CORE= -DDA_CORE=0 -DEXP_CORE= -DIWORDSIZE=4 -DDWORDSIZE=8 -DRWORDSIZE=4 -DLWORDSIZE=4 -DNONSTANDARD_SYSTEM_FUNC  -DWRF_USE_CLM  -DSNICAR_FRC    -DDM_PARALLEL -DNETCDF -DUSE_ALLOCATABLES -DGRIB1 -DINTIO -DKEEP_INT_AROUND -DLIMIT_ARGS -DCONFIG_BUF_LEN=65536 -DMAX_DOMAINS_F=21 -DMAX_HISTORY=25 -DNMM_NEST= -DWRF_CHEM -DBUILD_CHEM=1 -DWRF_KPP -I. -traditional-cpp  module_kpp_racm_soa_vbs_aqchem_Parameters.b  > module_kpp_racm_soa_vbs_aqchem_Parameters.f90
rm -f module_kpp_racm_soa_vbs_aqchem_Parameters.b
ifort -c -O3 -ip -fp-model precise -w -ftz -align all -fno-alias -FR -convert big_endian    -real-size `expr 8 \* 4` -i4  module_kpp_racm_soa_vbs_aqchem_Parameters.f90
rm -f module_kpp_racm_soa_vbs_aqchem_JacobianSP.o
sed -f ../../../../arch/standard.sed module_kpp_racm_soa_vbs_aqchem_JacobianSP.F > module_kpp_racm_soa_vbs_aqchem_JacobianSP.b 
/lib/cpp -P -nostdinc -I../../../../inc -DEM_CORE=1 -DNMM_CORE=0 -DNMM_MAX_DIM=2600 -DCOAMPS_CORE= -DDA_CORE=0 -DEXP_CORE= -DIWORDSIZE=4 -DDWORDSIZE=8 -DRWORDSIZE=4 -DLWORDSIZE=4 -DNONSTANDARD_SYSTEM_FUNC  -DWRF_USE_CLM  -DSNICAR_FRC    -DDM_PARALLEL -DNETCDF -DUSE_ALLOCATABLES -DGRIB1 -DINTIO -DKEEP_INT_AROUND -DLIMIT_ARGS -DCONFIG_BUF_LEN=65536 -DMAX_DOMAINS_F=21 -DMAX_HISTORY=25 -DNMM_NEST= -DWRF_CHEM -DBUILD_CHEM=1 -DWRF_KPP -I. -traditional-cpp  module_kpp_racm_soa_vbs_aqchem_JacobianSP.b  > module_kpp_racm_soa_vbs_aqchem_JacobianSP.f90
rm -f module_kpp_racm_soa_vbs_aqchem_JacobianSP.b
ifort -c -O3 -ip -fp-model precise -w -ftz -align all -fno-alias -FR -convert big_endian    -real-size `expr 8 \* 4` -i4  module_kpp_racm_soa_vbs_aqchem_JacobianSP.f90
rm -f write_decomp.o
sed -f ../../../../arch/standard.sed write_decomp.F > write_decomp.b 
/lib/cpp -P -nostdinc -I../../../../inc -DEM_CORE=1 -DNMM_CORE=0 -DNMM_MAX_DIM=2600 -DCOAMPS_CORE= -DDA_CORE=0 -DEXP_CORE= -DIWORDSIZE=4 -DDWORDSIZE=8 -DRWORDSIZE=4 -DLWORDSIZE=4 -DNONSTANDARD_SYSTEM_FUNC  -DWRF_USE_CLM  -DSNICAR_FRC    -DDM_PARALLEL -DNETCDF -DUSE_ALLOCATABLES -DGRIB1 -DINTIO -DKEEP_INT_AROUND -DLIMIT_ARGS -DCONFIG_BUF_LEN=65536 -DMAX_DOMAINS_F=21 -DMAX_HISTORY=25 -DNMM_NEST= -DWRF_CHEM -DBUILD_CHEM=1 -DWRF_KPP -I. -traditional-cpp  write_decomp.b  > write_decomp.f90
rm -f write_decomp.b
ifort -c -O3 -ip -fp-model precise -w -ftz -align all -fno-alias -FR -convert big_endian    -real-size `expr 8 \* 4` -i4  write_decomp.f90
ifort -o write_decomp.exe module_kpp_racm_soa_vbs_aqchem_Precision.o module_kpp_racm_soa_vbs_aqchem_Parameters.o module_kpp_racm_soa_vbs_aqchem_JacobianSP.o      write_decomp.o  
echo racm_soa_vbs_aqchem > mech.tmp
make[1]: Leaving directory '/glade/work/rkumar/NASA_HMA/WRFchem_HMA/chem/KPP/util/write_decomp'
./write_decomp.exe
   -- in write_decomp
     for kpp mechanism: racm_soa_vbs_aqchem
 fname:<decomp_racm_soa_vbs_aqchem.inc>
make -i -r integr_edit
make[1]: Entering directory '/glade/work/rkumar/NASA_HMA/WRFchem_HMA/chem/KPP/util/write_decomp'
Makefile:50: warning: overriding recipe for target '.F.o'
../../../../configure.wrf:375: warning: ignoring old recipe for target '.F.o'
Makefile:58: warning: overriding recipe for target '.c.o'
../../../../configure.wrf:406: warning: ignoring old recipe for target '.c.o'
rm -f integr_edit.o
icc -c -w -O3 -ip  -DDM_PARALLEL -DMAX_HISTORY=25 -DNMM_CORE=0 integr_edit.c
icc -o integr_edit.exe integr_edit.o
make[1]: Leaving directory '/glade/work/rkumar/NASA_HMA/WRFchem_HMA/chem/KPP/util/write_decomp'
./integr_edit.exe racm_soa_vbs_aqchem
   integr_edit: replacing     CALL racm_soa_vbs_aqchem_KppDecomp ( A, ising )
 
  END MODULE racm_soa_vbs_aqchem_Integrator
 make -i -r clean 
make[1]: Entering directory '/glade/work/rkumar/NASA_HMA/WRFchem_HMA/chem/KPP/util/write_decomp'
Makefile:50: warning: overriding recipe for target '.F.o'
../../../../configure.wrf:375: warning: ignoring old recipe for target '.F.o'
Makefile:58: warning: overriding recipe for target '.c.o'
../../../../configure.wrf:406: warning: ignoring old recipe for target '.c.o'
rm -f *.o *.tmp *.mod module_kpp_* *~ *.inc *.exe *.f90
make[1]: Leaving directory '/glade/work/rkumar/NASA_HMA/WRFchem_HMA/chem/KPP/util/write_decomp'
=========================================================
mechanisms/racm_soa_vbs
ln -s ../../util/Makefile_kpp mechanisms/racm_soa_vbs/Makefile
ln -s ../chem/KPP/inc/racm_soa_vbs/extra_args_to_update_rconst_racm_soa_vbs.inc /glade/work/rkumar/NASA_HMA/WRFchem_HMA/inc
ln -s ../chem/KPP/inc/racm_soa_vbs/extra_args_update_rconst_racm_soa_vbs.inc /glade/work/rkumar/NASA_HMA/WRFchem_HMA/inc
ln -s ../chem/KPP/inc/racm_soa_vbs/extra_decls_update_rconst_racm_soa_vbs.inc /glade/work/rkumar/NASA_HMA/WRFchem_HMA/inc
ln -s ../chem/KPP/inc/racm_soa_vbs/kpp_mechd_a_racm_soa_vbs.inc /glade/work/rkumar/NASA_HMA/WRFchem_HMA/inc
ln -s ../chem/KPP/inc/racm_soa_vbs/kpp_mechd_b_racm_soa_vbs.inc /glade/work/rkumar/NASA_HMA/WRFchem_HMA/inc
ln -s ../chem/KPP/inc/racm_soa_vbs/kpp_mechd_e_racm_soa_vbs.inc /glade/work/rkumar/NASA_HMA/WRFchem_HMA/inc
ln -s ../chem/KPP/inc/racm_soa_vbs/kpp_mechd_ia_racm_soa_vbs.inc /glade/work/rkumar/NASA_HMA/WRFchem_HMA/inc
ln -s ../chem/KPP/inc/racm_soa_vbs/kpp_mechd_ib_racm_soa_vbs.inc /glade/work/rkumar/NASA_HMA/WRFchem_HMA/inc
ln -s ../chem/KPP/inc/racm_soa_vbs/kpp_mechd_ibu_racm_soa_vbs.inc /glade/work/rkumar/NASA_HMA/WRFchem_HMA/inc
ln -s ../chem/KPP/inc/racm_soa_vbs/kpp_mechd_l_racm_soa_vbs.inc /glade/work/rkumar/NASA_HMA/WRFchem_HMA/inc
ln -s ../chem/KPP/inc/racm_soa_vbs/kpp_mechd_u_racm_soa_vbs.inc /glade/work/rkumar/NASA_HMA/WRFchem_HMA/inc
model racm_soa_vbs
/glade/work/rkumar/NASA_HMA/WRFchem_HMA/chem/KPP/kpp/kpp-2.1/bin/kpp racm_soa_vbs.kpp

This is KPP-2.1.

KPP is parsing the equation file.
KPP was told to generate WRF conform code
KPP is computing Jacobian sparsity structure.
KPP is starting the code generation.
KPP is initializing the code generation.
 
 KPP is using the WRF conform integrator routine: 
 /glade/work/rkumar/NASA_HMA/WRFchem_HMA/chem/KPP/kpp/kpp-2.1/int/WRF_conform/rosenbrock 

KPP is generating the monitor data:
    - racm_soa_vbs_Monitor
KPP is generating the utility data:
    - racm_soa_vbs_Util
KPP is generating the global declarations:
    - racm_soa_vbs_Main
KPP is generating the ODE function:
    - racm_soa_vbs_Function
KPP is generating the ODE Jacobian:
    - racm_soa_vbs_Jacobian
    - racm_soa_vbs_JacobianSP
KPP is generating the linear algebra routines:
    - racm_soa_vbs_LinearAlgebra
KPP is generating the utility functions:
    - racm_soa_vbs_Util
KPP is generating the rate laws:
    - racm_soa_vbs_Rates
KPP is generating UpdateRconstWRF (WRF conform): 
    - racm_soa_vbs_UpdateRconst
KPP is generating the parameters:
    - racm_soa_vbs_Parameters
KPP is generating the global data:
    - racm_soa_vbs_Global
KPP is generating the driver from general.f90:
    - racm_soa_vbs_Main
KPP is starting the code post-processing.

KPP has succesfully created the model "racm_soa_vbs".

cp -f racm_soa_vbs_Integrator.f90 ../../../module_kpp_racm_soa_vbs_Integr.F
cp -f racm_soa_vbs_Parameters.f90 ../../../module_kpp_racm_soa_vbs_Parameters.F
cp -f racm_soa_vbs_Precision.f90 ../../../module_kpp_racm_soa_vbs_Precision.F
cp -f racm_soa_vbs_JacobianSP.f90 ../../../module_kpp_racm_soa_vbs_JacobianSP.F
cp -f racm_soa_vbs_Jacobian.f90 ../../../module_kpp_racm_soa_vbs_Jacobian.F
cp -f racm_soa_vbs_Update_Rconst.f90 ../../../module_kpp_racm_soa_vbs_Update_Rconst.F
touch ../../util/run_wkc
Makefile:50: warning: overriding recipe for target '.F.o'
../../../../configure.wrf:375: warning: ignoring old recipe for target '.F.o'
Makefile:58: warning: overriding recipe for target '.c.o'
../../../../configure.wrf:406: warning: ignoring old recipe for target '.c.o'
rm -f decomp_uses.inc
echo USE racm_soa_vbs_Parameters > decomp_uses.inc
echo USE racm_soa_vbs_JacobianSP >> decomp_uses.inc
ln -sf  ../../../module_kpp_racm_soa_vbs_Precision.F
ln -sf  ../../../module_kpp_racm_soa_vbs_Parameters.F
ln -sf  ../../../module_kpp_racm_soa_vbs_JacobianSP.F
ln -sf  ../../../module_kpp_racm_soa_vbs_Integr.F
make -i -r comp
make[1]: Entering directory '/glade/work/rkumar/NASA_HMA/WRFchem_HMA/chem/KPP/util/write_decomp'
Makefile:50: warning: overriding recipe for target '.F.o'
../../../../configure.wrf:375: warning: ignoring old recipe for target '.F.o'
Makefile:58: warning: overriding recipe for target '.c.o'
../../../../configure.wrf:406: warning: ignoring old recipe for target '.c.o'
rm -f module_kpp_racm_soa_vbs_Precision.o
sed -f ../../../../arch/standard.sed module_kpp_racm_soa_vbs_Precision.F > module_kpp_racm_soa_vbs_Precision.b 
/lib/cpp -P -nostdinc -I../../../../inc -DEM_CORE=1 -DNMM_CORE=0 -DNMM_MAX_DIM=2600 -DCOAMPS_CORE= -DDA_CORE=0 -DEXP_CORE= -DIWORDSIZE=4 -DDWORDSIZE=8 -DRWORDSIZE=4 -DLWORDSIZE=4 -DNONSTANDARD_SYSTEM_FUNC  -DWRF_USE_CLM  -DSNICAR_FRC    -DDM_PARALLEL -DNETCDF -DUSE_ALLOCATABLES -DGRIB1 -DINTIO -DKEEP_INT_AROUND -DLIMIT_ARGS -DCONFIG_BUF_LEN=65536 -DMAX_DOMAINS_F=21 -DMAX_HISTORY=25 -DNMM_NEST= -DWRF_CHEM -DBUILD_CHEM=1 -DWRF_KPP -I. -traditional-cpp  module_kpp_racm_soa_vbs_Precision.b  > module_kpp_racm_soa_vbs_Precision.f90
rm -f module_kpp_racm_soa_vbs_Precision.b
ifort -c -O3 -ip -fp-model precise -w -ftz -align all -fno-alias -FR -convert big_endian    -real-size `expr 8 \* 4` -i4  module_kpp_racm_soa_vbs_Precision.f90
rm -f module_kpp_racm_soa_vbs_Parameters.o
sed -f ../../../../arch/standard.sed module_kpp_racm_soa_vbs_Parameters.F > module_kpp_racm_soa_vbs_Parameters.b 
/lib/cpp -P -nostdinc -I../../../../inc -DEM_CORE=1 -DNMM_CORE=0 -DNMM_MAX_DIM=2600 -DCOAMPS_CORE= -DDA_CORE=0 -DEXP_CORE= -DIWORDSIZE=4 -DDWORDSIZE=8 -DRWORDSIZE=4 -DLWORDSIZE=4 -DNONSTANDARD_SYSTEM_FUNC  -DWRF_USE_CLM  -DSNICAR_FRC    -DDM_PARALLEL -DNETCDF -DUSE_ALLOCATABLES -DGRIB1 -DINTIO -DKEEP_INT_AROUND -DLIMIT_ARGS -DCONFIG_BUF_LEN=65536 -DMAX_DOMAINS_F=21 -DMAX_HISTORY=25 -DNMM_NEST= -DWRF_CHEM -DBUILD_CHEM=1 -DWRF_KPP -I. -traditional-cpp  module_kpp_racm_soa_vbs_Parameters.b  > module_kpp_racm_soa_vbs_Parameters.f90
rm -f module_kpp_racm_soa_vbs_Parameters.b
ifort -c -O3 -ip -fp-model precise -w -ftz -align all -fno-alias -FR -convert big_endian    -real-size `expr 8 \* 4` -i4  module_kpp_racm_soa_vbs_Parameters.f90
rm -f module_kpp_racm_soa_vbs_JacobianSP.o
sed -f ../../../../arch/standard.sed module_kpp_racm_soa_vbs_JacobianSP.F > module_kpp_racm_soa_vbs_JacobianSP.b 
/lib/cpp -P -nostdinc -I../../../../inc -DEM_CORE=1 -DNMM_CORE=0 -DNMM_MAX_DIM=2600 -DCOAMPS_CORE= -DDA_CORE=0 -DEXP_CORE= -DIWORDSIZE=4 -DDWORDSIZE=8 -DRWORDSIZE=4 -DLWORDSIZE=4 -DNONSTANDARD_SYSTEM_FUNC  -DWRF_USE_CLM  -DSNICAR_FRC    -DDM_PARALLEL -DNETCDF -DUSE_ALLOCATABLES -DGRIB1 -DINTIO -DKEEP_INT_AROUND -DLIMIT_ARGS -DCONFIG_BUF_LEN=65536 -DMAX_DOMAINS_F=21 -DMAX_HISTORY=25 -DNMM_NEST= -DWRF_CHEM -DBUILD_CHEM=1 -DWRF_KPP -I. -traditional-cpp  module_kpp_racm_soa_vbs_JacobianSP.b  > module_kpp_racm_soa_vbs_JacobianSP.f90
rm -f module_kpp_racm_soa_vbs_JacobianSP.b
ifort -c -O3 -ip -fp-model precise -w -ftz -align all -fno-alias -FR -convert big_endian    -real-size `expr 8 \* 4` -i4  module_kpp_racm_soa_vbs_JacobianSP.f90
rm -f write_decomp.o
sed -f ../../../../arch/standard.sed write_decomp.F > write_decomp.b 
/lib/cpp -P -nostdinc -I../../../../inc -DEM_CORE=1 -DNMM_CORE=0 -DNMM_MAX_DIM=2600 -DCOAMPS_CORE= -DDA_CORE=0 -DEXP_CORE= -DIWORDSIZE=4 -DDWORDSIZE=8 -DRWORDSIZE=4 -DLWORDSIZE=4 -DNONSTANDARD_SYSTEM_FUNC  -DWRF_USE_CLM  -DSNICAR_FRC    -DDM_PARALLEL -DNETCDF -DUSE_ALLOCATABLES -DGRIB1 -DINTIO -DKEEP_INT_AROUND -DLIMIT_ARGS -DCONFIG_BUF_LEN=65536 -DMAX_DOMAINS_F=21 -DMAX_HISTORY=25 -DNMM_NEST= -DWRF_CHEM -DBUILD_CHEM=1 -DWRF_KPP -I. -traditional-cpp  write_decomp.b  > write_decomp.f90
rm -f write_decomp.b
ifort -c -O3 -ip -fp-model precise -w -ftz -align all -fno-alias -FR -convert big_endian    -real-size `expr 8 \* 4` -i4  write_decomp.f90
ifort -o write_decomp.exe module_kpp_racm_soa_vbs_Precision.o module_kpp_racm_soa_vbs_Parameters.o module_kpp_racm_soa_vbs_JacobianSP.o      write_decomp.o  
echo racm_soa_vbs > mech.tmp
make[1]: Leaving directory '/glade/work/rkumar/NASA_HMA/WRFchem_HMA/chem/KPP/util/write_decomp'
./write_decomp.exe
   -- in write_decomp
     for kpp mechanism: racm_soa_vbs
 fname:<decomp_racm_soa_vbs.inc>
make -i -r integr_edit
make[1]: Entering directory '/glade/work/rkumar/NASA_HMA/WRFchem_HMA/chem/KPP/util/write_decomp'
Makefile:50: warning: overriding recipe for target '.F.o'
../../../../configure.wrf:375: warning: ignoring old recipe for target '.F.o'
Makefile:58: warning: overriding recipe for target '.c.o'
../../../../configure.wrf:406: warning: ignoring old recipe for target '.c.o'
rm -f integr_edit.o
icc -c -w -O3 -ip  -DDM_PARALLEL -DMAX_HISTORY=25 -DNMM_CORE=0 integr_edit.c
icc -o integr_edit.exe integr_edit.o
make[1]: Leaving directory '/glade/work/rkumar/NASA_HMA/WRFchem_HMA/chem/KPP/util/write_decomp'
./integr_edit.exe racm_soa_vbs
   integr_edit: replacing     CALL racm_soa_vbs_KppDecomp ( A, ising )
 
  END MODULE racm_soa_vbs_Integrator
 make -i -r clean 
make[1]: Entering directory '/glade/work/rkumar/NASA_HMA/WRFchem_HMA/chem/KPP/util/write_decomp'
Makefile:50: warning: overriding recipe for target '.F.o'
../../../../configure.wrf:375: warning: ignoring old recipe for target '.F.o'
Makefile:58: warning: overriding recipe for target '.c.o'
../../../../configure.wrf:406: warning: ignoring old recipe for target '.c.o'
rm -f *.o *.tmp *.mod module_kpp_* *~ *.inc *.exe *.f90
make[1]: Leaving directory '/glade/work/rkumar/NASA_HMA/WRFchem_HMA/chem/KPP/util/write_decomp'
=========================================================
mechanisms/racmsorg_aqchem
ln -s ../../util/Makefile_kpp mechanisms/racmsorg_aqchem/Makefile
ln -s ../chem/KPP/inc/racmsorg_aqchem/extra_args_to_update_rconst_racmsorg_aqchem.inc /glade/work/rkumar/NASA_HMA/WRFchem_HMA/inc
ln -s ../chem/KPP/inc/racmsorg_aqchem/extra_args_update_rconst_racmsorg_aqchem.inc /glade/work/rkumar/NASA_HMA/WRFchem_HMA/inc
ln -s ../chem/KPP/inc/racmsorg_aqchem/extra_decls_update_rconst_racmsorg_aqchem.inc /glade/work/rkumar/NASA_HMA/WRFchem_HMA/inc
ln -s ../chem/KPP/inc/racmsorg_aqchem/kpp_mechd_a_racmsorg_aqchem.inc /glade/work/rkumar/NASA_HMA/WRFchem_HMA/inc
ln -s ../chem/KPP/inc/racmsorg_aqchem/kpp_mechd_b_racmsorg_aqchem.inc /glade/work/rkumar/NASA_HMA/WRFchem_HMA/inc
ln -s ../chem/KPP/inc/racmsorg_aqchem/kpp_mechd_e_racmsorg_aqchem.inc /glade/work/rkumar/NASA_HMA/WRFchem_HMA/inc
ln -s ../chem/KPP/inc/racmsorg_aqchem/kpp_mechd_ia_racmsorg_aqchem.inc /glade/work/rkumar/NASA_HMA/WRFchem_HMA/inc
ln -s ../chem/KPP/inc/racmsorg_aqchem/kpp_mechd_ib_racmsorg_aqchem.inc /glade/work/rkumar/NASA_HMA/WRFchem_HMA/inc
ln -s ../chem/KPP/inc/racmsorg_aqchem/kpp_mechd_ibu_racmsorg_aqchem.inc /glade/work/rkumar/NASA_HMA/WRFchem_HMA/inc
ln -s ../chem/KPP/inc/racmsorg_aqchem/kpp_mechd_l_racmsorg_aqchem.inc /glade/work/rkumar/NASA_HMA/WRFchem_HMA/inc
ln -s ../chem/KPP/inc/racmsorg_aqchem/kpp_mechd_u_racmsorg_aqchem.inc /glade/work/rkumar/NASA_HMA/WRFchem_HMA/inc
model racmsorg_aqchem
/glade/work/rkumar/NASA_HMA/WRFchem_HMA/chem/KPP/kpp/kpp-2.1/bin/kpp racmsorg_aqchem.kpp

This is KPP-2.1.

KPP is parsing the equation file.
KPP was told to generate WRF conform code
KPP is computing Jacobian sparsity structure.
KPP is starting the code generation.
KPP is initializing the code generation.
 
 KPP is using the WRF conform integrator routine: 
 /glade/work/rkumar/NASA_HMA/WRFchem_HMA/chem/KPP/kpp/kpp-2.1/int/WRF_conform/rosenbrock 

KPP is generating the monitor data:
    - racmsorg_aqchem_Monitor
KPP is generating the utility data:
    - racmsorg_aqchem_Util
KPP is generating the global declarations:
    - racmsorg_aqchem_Main
KPP is generating the ODE function:
    - racmsorg_aqchem_Function
KPP is generating the ODE Jacobian:
    - racmsorg_aqchem_Jacobian
    - racmsorg_aqchem_JacobianSP
KPP is generating the linear algebra routines:
    - racmsorg_aqchem_LinearAlgebra
KPP is generating the utility functions:
    - racmsorg_aqchem_Util
KPP is generating the rate laws:
    - racmsorg_aqchem_Rates
KPP is generating UpdateRconstWRF (WRF conform): 
    - racmsorg_aqchem_UpdateRconst
KPP is generating the parameters:
    - racmsorg_aqchem_Parameters
KPP is generating the global data:
    - racmsorg_aqchem_Global
KPP is generating the driver from general.f90:
    - racmsorg_aqchem_Main
KPP is starting the code post-processing.

KPP has succesfully created the model "racmsorg_aqchem".

cp -f racmsorg_aqchem_Integrator.f90 ../../../module_kpp_racmsorg_aqchem_Integr.F
cp -f racmsorg_aqchem_Parameters.f90 ../../../module_kpp_racmsorg_aqchem_Parameters.F
cp -f racmsorg_aqchem_Precision.f90 ../../../module_kpp_racmsorg_aqchem_Precision.F
cp -f racmsorg_aqchem_JacobianSP.f90 ../../../module_kpp_racmsorg_aqchem_JacobianSP.F
cp -f racmsorg_aqchem_Jacobian.f90 ../../../module_kpp_racmsorg_aqchem_Jacobian.F
cp -f racmsorg_aqchem_Update_Rconst.f90 ../../../module_kpp_racmsorg_aqchem_Update_Rconst.F
touch ../../util/run_wkc
Makefile:50: warning: overriding recipe for target '.F.o'
../../../../configure.wrf:375: warning: ignoring old recipe for target '.F.o'
Makefile:58: warning: overriding recipe for target '.c.o'
../../../../configure.wrf:406: warning: ignoring old recipe for target '.c.o'
rm -f decomp_uses.inc
echo USE racmsorg_aqchem_Parameters > decomp_uses.inc
echo USE racmsorg_aqchem_JacobianSP >> decomp_uses.inc
ln -sf  ../../../module_kpp_racmsorg_aqchem_Precision.F
ln -sf  ../../../module_kpp_racmsorg_aqchem_Parameters.F
ln -sf  ../../../module_kpp_racmsorg_aqchem_JacobianSP.F
ln -sf  ../../../module_kpp_racmsorg_aqchem_Integr.F
make -i -r comp
make[1]: Entering directory '/glade/work/rkumar/NASA_HMA/WRFchem_HMA/chem/KPP/util/write_decomp'
Makefile:50: warning: overriding recipe for target '.F.o'
../../../../configure.wrf:375: warning: ignoring old recipe for target '.F.o'
Makefile:58: warning: overriding recipe for target '.c.o'
../../../../configure.wrf:406: warning: ignoring old recipe for target '.c.o'
rm -f module_kpp_racmsorg_aqchem_Precision.o
sed -f ../../../../arch/standard.sed module_kpp_racmsorg_aqchem_Precision.F > module_kpp_racmsorg_aqchem_Precision.b 
/lib/cpp -P -nostdinc -I../../../../inc -DEM_CORE=1 -DNMM_CORE=0 -DNMM_MAX_DIM=2600 -DCOAMPS_CORE= -DDA_CORE=0 -DEXP_CORE= -DIWORDSIZE=4 -DDWORDSIZE=8 -DRWORDSIZE=4 -DLWORDSIZE=4 -DNONSTANDARD_SYSTEM_FUNC  -DWRF_USE_CLM  -DSNICAR_FRC    -DDM_PARALLEL -DNETCDF -DUSE_ALLOCATABLES -DGRIB1 -DINTIO -DKEEP_INT_AROUND -DLIMIT_ARGS -DCONFIG_BUF_LEN=65536 -DMAX_DOMAINS_F=21 -DMAX_HISTORY=25 -DNMM_NEST= -DWRF_CHEM -DBUILD_CHEM=1 -DWRF_KPP -I. -traditional-cpp  module_kpp_racmsorg_aqchem_Precision.b  > module_kpp_racmsorg_aqchem_Precision.f90
rm -f module_kpp_racmsorg_aqchem_Precision.b
ifort -c -O3 -ip -fp-model precise -w -ftz -align all -fno-alias -FR -convert big_endian    -real-size `expr 8 \* 4` -i4  module_kpp_racmsorg_aqchem_Precision.f90
rm -f module_kpp_racmsorg_aqchem_Parameters.o
sed -f ../../../../arch/standard.sed module_kpp_racmsorg_aqchem_Parameters.F > module_kpp_racmsorg_aqchem_Parameters.b 
/lib/cpp -P -nostdinc -I../../../../inc -DEM_CORE=1 -DNMM_CORE=0 -DNMM_MAX_DIM=2600 -DCOAMPS_CORE= -DDA_CORE=0 -DEXP_CORE= -DIWORDSIZE=4 -DDWORDSIZE=8 -DRWORDSIZE=4 -DLWORDSIZE=4 -DNONSTANDARD_SYSTEM_FUNC  -DWRF_USE_CLM  -DSNICAR_FRC    -DDM_PARALLEL -DNETCDF -DUSE_ALLOCATABLES -DGRIB1 -DINTIO -DKEEP_INT_AROUND -DLIMIT_ARGS -DCONFIG_BUF_LEN=65536 -DMAX_DOMAINS_F=21 -DMAX_HISTORY=25 -DNMM_NEST= -DWRF_CHEM -DBUILD_CHEM=1 -DWRF_KPP -I. -traditional-cpp  module_kpp_racmsorg_aqchem_Parameters.b  > module_kpp_racmsorg_aqchem_Parameters.f90
rm -f module_kpp_racmsorg_aqchem_Parameters.b
ifort -c -O3 -ip -fp-model precise -w -ftz -align all -fno-alias -FR -convert big_endian    -real-size `expr 8 \* 4` -i4  module_kpp_racmsorg_aqchem_Parameters.f90
rm -f module_kpp_racmsorg_aqchem_JacobianSP.o
sed -f ../../../../arch/standard.sed module_kpp_racmsorg_aqchem_JacobianSP.F > module_kpp_racmsorg_aqchem_JacobianSP.b 
/lib/cpp -P -nostdinc -I../../../../inc -DEM_CORE=1 -DNMM_CORE=0 -DNMM_MAX_DIM=2600 -DCOAMPS_CORE= -DDA_CORE=0 -DEXP_CORE= -DIWORDSIZE=4 -DDWORDSIZE=8 -DRWORDSIZE=4 -DLWORDSIZE=4 -DNONSTANDARD_SYSTEM_FUNC  -DWRF_USE_CLM  -DSNICAR_FRC    -DDM_PARALLEL -DNETCDF -DUSE_ALLOCATABLES -DGRIB1 -DINTIO -DKEEP_INT_AROUND -DLIMIT_ARGS -DCONFIG_BUF_LEN=65536 -DMAX_DOMAINS_F=21 -DMAX_HISTORY=25 -DNMM_NEST= -DWRF_CHEM -DBUILD_CHEM=1 -DWRF_KPP -I. -traditional-cpp  module_kpp_racmsorg_aqchem_JacobianSP.b  > module_kpp_racmsorg_aqchem_JacobianSP.f90
rm -f module_kpp_racmsorg_aqchem_JacobianSP.b
ifort -c -O3 -ip -fp-model precise -w -ftz -align all -fno-alias -FR -convert big_endian    -real-size `expr 8 \* 4` -i4  module_kpp_racmsorg_aqchem_JacobianSP.f90
rm -f write_decomp.o
sed -f ../../../../arch/standard.sed write_decomp.F > write_decomp.b 
/lib/cpp -P -nostdinc -I../../../../inc -DEM_CORE=1 -DNMM_CORE=0 -DNMM_MAX_DIM=2600 -DCOAMPS_CORE= -DDA_CORE=0 -DEXP_CORE= -DIWORDSIZE=4 -DDWORDSIZE=8 -DRWORDSIZE=4 -DLWORDSIZE=4 -DNONSTANDARD_SYSTEM_FUNC  -DWRF_USE_CLM  -DSNICAR_FRC    -DDM_PARALLEL -DNETCDF -DUSE_ALLOCATABLES -DGRIB1 -DINTIO -DKEEP_INT_AROUND -DLIMIT_ARGS -DCONFIG_BUF_LEN=65536 -DMAX_DOMAINS_F=21 -DMAX_HISTORY=25 -DNMM_NEST= -DWRF_CHEM -DBUILD_CHEM=1 -DWRF_KPP -I. -traditional-cpp  write_decomp.b  > write_decomp.f90
rm -f write_decomp.b
ifort -c -O3 -ip -fp-model precise -w -ftz -align all -fno-alias -FR -convert big_endian    -real-size `expr 8 \* 4` -i4  write_decomp.f90
ifort -o write_decomp.exe module_kpp_racmsorg_aqchem_Precision.o module_kpp_racmsorg_aqchem_Parameters.o module_kpp_racmsorg_aqchem_JacobianSP.o      write_decomp.o  
echo racmsorg_aqchem > mech.tmp
make[1]: Leaving directory '/glade/work/rkumar/NASA_HMA/WRFchem_HMA/chem/KPP/util/write_decomp'
./write_decomp.exe
   -- in write_decomp
     for kpp mechanism: racmsorg_aqchem
 fname:<decomp_racmsorg_aqchem.inc>
make -i -r integr_edit
make[1]: Entering directory '/glade/work/rkumar/NASA_HMA/WRFchem_HMA/chem/KPP/util/write_decomp'
Makefile:50: warning: overriding recipe for target '.F.o'
../../../../configure.wrf:375: warning: ignoring old recipe for target '.F.o'
Makefile:58: warning: overriding recipe for target '.c.o'
../../../../configure.wrf:406: warning: ignoring old recipe for target '.c.o'
rm -f integr_edit.o
icc -c -w -O3 -ip  -DDM_PARALLEL -DMAX_HISTORY=25 -DNMM_CORE=0 integr_edit.c
icc -o integr_edit.exe integr_edit.o
make[1]: Leaving directory '/glade/work/rkumar/NASA_HMA/WRFchem_HMA/chem/KPP/util/write_decomp'
./integr_edit.exe racmsorg_aqchem
   integr_edit: replacing     CALL racmsorg_aqchem_KppDecomp ( A, ising )
 
  END MODULE racmsorg_aqchem_Integrator
 make -i -r clean 
make[1]: Entering directory '/glade/work/rkumar/NASA_HMA/WRFchem_HMA/chem/KPP/util/write_decomp'
Makefile:50: warning: overriding recipe for target '.F.o'
../../../../configure.wrf:375: warning: ignoring old recipe for target '.F.o'
Makefile:58: warning: overriding recipe for target '.c.o'
../../../../configure.wrf:406: warning: ignoring old recipe for target '.c.o'
rm -f *.o *.tmp *.mod module_kpp_* *~ *.inc *.exe *.f90
make[1]: Leaving directory '/glade/work/rkumar/NASA_HMA/WRFchem_HMA/chem/KPP/util/write_decomp'
=========================================================
mechanisms/racmsorg
ln -s ../../util/Makefile_kpp mechanisms/racmsorg/Makefile
ln -s ../chem/KPP/inc/racmsorg/extra_args_to_update_rconst_racmsorg.inc /glade/work/rkumar/NASA_HMA/WRFchem_HMA/inc
ln -s ../chem/KPP/inc/racmsorg/extra_args_update_rconst_racmsorg.inc /glade/work/rkumar/NASA_HMA/WRFchem_HMA/inc
ln -s ../chem/KPP/inc/racmsorg/extra_decls_update_rconst_racmsorg.inc /glade/work/rkumar/NASA_HMA/WRFchem_HMA/inc
ln -s ../chem/KPP/inc/racmsorg/kpp_mechd_a_racmsorg.inc /glade/work/rkumar/NASA_HMA/WRFchem_HMA/inc
ln -s ../chem/KPP/inc/racmsorg/kpp_mechd_b_racmsorg.inc /glade/work/rkumar/NASA_HMA/WRFchem_HMA/inc
ln -s ../chem/KPP/inc/racmsorg/kpp_mechd_e_racmsorg.inc /glade/work/rkumar/NASA_HMA/WRFchem_HMA/inc
ln -s ../chem/KPP/inc/racmsorg/kpp_mechd_ia_racmsorg.inc /glade/work/rkumar/NASA_HMA/WRFchem_HMA/inc
ln -s ../chem/KPP/inc/racmsorg/kpp_mechd_ib_racmsorg.inc /glade/work/rkumar/NASA_HMA/WRFchem_HMA/inc
ln -s ../chem/KPP/inc/racmsorg/kpp_mechd_ibu_racmsorg.inc /glade/work/rkumar/NASA_HMA/WRFchem_HMA/inc
ln -s ../chem/KPP/inc/racmsorg/kpp_mechd_l_racmsorg.inc /glade/work/rkumar/NASA_HMA/WRFchem_HMA/inc
ln -s ../chem/KPP/inc/racmsorg/kpp_mechd_u_racmsorg.inc /glade/work/rkumar/NASA_HMA/WRFchem_HMA/inc
model racmsorg
/glade/work/rkumar/NASA_HMA/WRFchem_HMA/chem/KPP/kpp/kpp-2.1/bin/kpp racmsorg.kpp

This is KPP-2.1.

KPP is parsing the equation file.
KPP was told to generate WRF conform code
KPP is computing Jacobian sparsity structure.
KPP is starting the code generation.
KPP is initializing the code generation.
 
 KPP is using the WRF conform integrator routine: 
 /glade/work/rkumar/NASA_HMA/WRFchem_HMA/chem/KPP/kpp/kpp-2.1/int/WRF_conform/rosenbrock 

KPP is generating the monitor data:
    - racmsorg_Monitor
KPP is generating the utility data:
    - racmsorg_Util
KPP is generating the global declarations:
    - racmsorg_Main
KPP is generating the ODE function:
    - racmsorg_Function
KPP is generating the ODE Jacobian:
    - racmsorg_Jacobian
    - racmsorg_JacobianSP
KPP is generating the linear algebra routines:
    - racmsorg_LinearAlgebra
KPP is generating the utility functions:
    - racmsorg_Util
KPP is generating the rate laws:
    - racmsorg_Rates
KPP is generating UpdateRconstWRF (WRF conform): 
    - racmsorg_UpdateRconst
KPP is generating the parameters:
    - racmsorg_Parameters
KPP is generating the global data:
    - racmsorg_Global
KPP is generating the driver from general.f90:
    - racmsorg_Main
KPP is starting the code post-processing.

KPP has succesfully created the model "racmsorg".

cp -f racmsorg_Integrator.f90 ../../../module_kpp_racmsorg_Integr.F
cp -f racmsorg_Parameters.f90 ../../../module_kpp_racmsorg_Parameters.F
cp -f racmsorg_Precision.f90 ../../../module_kpp_racmsorg_Precision.F
cp -f racmsorg_JacobianSP.f90 ../../../module_kpp_racmsorg_JacobianSP.F
cp -f racmsorg_Jacobian.f90 ../../../module_kpp_racmsorg_Jacobian.F
cp -f racmsorg_Update_Rconst.f90 ../../../module_kpp_racmsorg_Update_Rconst.F
touch ../../util/run_wkc
Makefile:50: warning: overriding recipe for target '.F.o'
../../../../configure.wrf:375: warning: ignoring old recipe for target '.F.o'
Makefile:58: warning: overriding recipe for target '.c.o'
../../../../configure.wrf:406: warning: ignoring old recipe for target '.c.o'
rm -f decomp_uses.inc
echo USE racmsorg_Parameters > decomp_uses.inc
echo USE racmsorg_JacobianSP >> decomp_uses.inc
ln -sf  ../../../module_kpp_racmsorg_Precision.F
ln -sf  ../../../module_kpp_racmsorg_Parameters.F
ln -sf  ../../../module_kpp_racmsorg_JacobianSP.F
ln -sf  ../../../module_kpp_racmsorg_Integr.F
make -i -r comp
make[1]: Entering directory '/glade/work/rkumar/NASA_HMA/WRFchem_HMA/chem/KPP/util/write_decomp'
Makefile:50: warning: overriding recipe for target '.F.o'
../../../../configure.wrf:375: warning: ignoring old recipe for target '.F.o'
Makefile:58: warning: overriding recipe for target '.c.o'
../../../../configure.wrf:406: warning: ignoring old recipe for target '.c.o'
rm -f module_kpp_racmsorg_Precision.o
sed -f ../../../../arch/standard.sed module_kpp_racmsorg_Precision.F > module_kpp_racmsorg_Precision.b 
/lib/cpp -P -nostdinc -I../../../../inc -DEM_CORE=1 -DNMM_CORE=0 -DNMM_MAX_DIM=2600 -DCOAMPS_CORE= -DDA_CORE=0 -DEXP_CORE= -DIWORDSIZE=4 -DDWORDSIZE=8 -DRWORDSIZE=4 -DLWORDSIZE=4 -DNONSTANDARD_SYSTEM_FUNC  -DWRF_USE_CLM  -DSNICAR_FRC    -DDM_PARALLEL -DNETCDF -DUSE_ALLOCATABLES -DGRIB1 -DINTIO -DKEEP_INT_AROUND -DLIMIT_ARGS -DCONFIG_BUF_LEN=65536 -DMAX_DOMAINS_F=21 -DMAX_HISTORY=25 -DNMM_NEST= -DWRF_CHEM -DBUILD_CHEM=1 -DWRF_KPP -I. -traditional-cpp  module_kpp_racmsorg_Precision.b  > module_kpp_racmsorg_Precision.f90
rm -f module_kpp_racmsorg_Precision.b
ifort -c -O3 -ip -fp-model precise -w -ftz -align all -fno-alias -FR -convert big_endian    -real-size `expr 8 \* 4` -i4  module_kpp_racmsorg_Precision.f90
rm -f module_kpp_racmsorg_Parameters.o
sed -f ../../../../arch/standard.sed module_kpp_racmsorg_Parameters.F > module_kpp_racmsorg_Parameters.b 
/lib/cpp -P -nostdinc -I../../../../inc -DEM_CORE=1 -DNMM_CORE=0 -DNMM_MAX_DIM=2600 -DCOAMPS_CORE= -DDA_CORE=0 -DEXP_CORE= -DIWORDSIZE=4 -DDWORDSIZE=8 -DRWORDSIZE=4 -DLWORDSIZE=4 -DNONSTANDARD_SYSTEM_FUNC  -DWRF_USE_CLM  -DSNICAR_FRC    -DDM_PARALLEL -DNETCDF -DUSE_ALLOCATABLES -DGRIB1 -DINTIO -DKEEP_INT_AROUND -DLIMIT_ARGS -DCONFIG_BUF_LEN=65536 -DMAX_DOMAINS_F=21 -DMAX_HISTORY=25 -DNMM_NEST= -DWRF_CHEM -DBUILD_CHEM=1 -DWRF_KPP -I. -traditional-cpp  module_kpp_racmsorg_Parameters.b  > module_kpp_racmsorg_Parameters.f90
rm -f module_kpp_racmsorg_Parameters.b
ifort -c -O3 -ip -fp-model precise -w -ftz -align all -fno-alias -FR -convert big_endian    -real-size `expr 8 \* 4` -i4  module_kpp_racmsorg_Parameters.f90
rm -f module_kpp_racmsorg_JacobianSP.o
sed -f ../../../../arch/standard.sed module_kpp_racmsorg_JacobianSP.F > module_kpp_racmsorg_JacobianSP.b 
/lib/cpp -P -nostdinc -I../../../../inc -DEM_CORE=1 -DNMM_CORE=0 -DNMM_MAX_DIM=2600 -DCOAMPS_CORE= -DDA_CORE=0 -DEXP_CORE= -DIWORDSIZE=4 -DDWORDSIZE=8 -DRWORDSIZE=4 -DLWORDSIZE=4 -DNONSTANDARD_SYSTEM_FUNC  -DWRF_USE_CLM  -DSNICAR_FRC    -DDM_PARALLEL -DNETCDF -DUSE_ALLOCATABLES -DGRIB1 -DINTIO -DKEEP_INT_AROUND -DLIMIT_ARGS -DCONFIG_BUF_LEN=65536 -DMAX_DOMAINS_F=21 -DMAX_HISTORY=25 -DNMM_NEST= -DWRF_CHEM -DBUILD_CHEM=1 -DWRF_KPP -I. -traditional-cpp  module_kpp_racmsorg_JacobianSP.b  > module_kpp_racmsorg_JacobianSP.f90
rm -f module_kpp_racmsorg_JacobianSP.b
ifort -c -O3 -ip -fp-model precise -w -ftz -align all -fno-alias -FR -convert big_endian    -real-size `expr 8 \* 4` -i4  module_kpp_racmsorg_JacobianSP.f90
rm -f write_decomp.o
sed -f ../../../../arch/standard.sed write_decomp.F > write_decomp.b 
/lib/cpp -P -nostdinc -I../../../../inc -DEM_CORE=1 -DNMM_CORE=0 -DNMM_MAX_DIM=2600 -DCOAMPS_CORE= -DDA_CORE=0 -DEXP_CORE= -DIWORDSIZE=4 -DDWORDSIZE=8 -DRWORDSIZE=4 -DLWORDSIZE=4 -DNONSTANDARD_SYSTEM_FUNC  -DWRF_USE_CLM  -DSNICAR_FRC    -DDM_PARALLEL -DNETCDF -DUSE_ALLOCATABLES -DGRIB1 -DINTIO -DKEEP_INT_AROUND -DLIMIT_ARGS -DCONFIG_BUF_LEN=65536 -DMAX_DOMAINS_F=21 -DMAX_HISTORY=25 -DNMM_NEST= -DWRF_CHEM -DBUILD_CHEM=1 -DWRF_KPP -I. -traditional-cpp  write_decomp.b  > write_decomp.f90
rm -f write_decomp.b
ifort -c -O3 -ip -fp-model precise -w -ftz -align all -fno-alias -FR -convert big_endian    -real-size `expr 8 \* 4` -i4  write_decomp.f90
ifort -o write_decomp.exe module_kpp_racmsorg_Precision.o module_kpp_racmsorg_Parameters.o module_kpp_racmsorg_JacobianSP.o      write_decomp.o  
echo racmsorg > mech.tmp
make[1]: Leaving directory '/glade/work/rkumar/NASA_HMA/WRFchem_HMA/chem/KPP/util/write_decomp'
./write_decomp.exe
   -- in write_decomp
     for kpp mechanism: racmsorg
 fname:<decomp_racmsorg.inc>
make -i -r integr_edit
make[1]: Entering directory '/glade/work/rkumar/NASA_HMA/WRFchem_HMA/chem/KPP/util/write_decomp'
Makefile:50: warning: overriding recipe for target '.F.o'
../../../../configure.wrf:375: warning: ignoring old recipe for target '.F.o'
Makefile:58: warning: overriding recipe for target '.c.o'
../../../../configure.wrf:406: warning: ignoring old recipe for target '.c.o'
rm -f integr_edit.o
icc -c -w -O3 -ip  -DDM_PARALLEL -DMAX_HISTORY=25 -DNMM_CORE=0 integr_edit.c
icc -o integr_edit.exe integr_edit.o
make[1]: Leaving directory '/glade/work/rkumar/NASA_HMA/WRFchem_HMA/chem/KPP/util/write_decomp'
./integr_edit.exe racmsorg
   integr_edit: replacing     CALL racmsorg_KppDecomp ( A, ising )
 
  END MODULE racmsorg_Integrator
 make -i -r clean 
make[1]: Entering directory '/glade/work/rkumar/NASA_HMA/WRFchem_HMA/chem/KPP/util/write_decomp'
Makefile:50: warning: overriding recipe for target '.F.o'
../../../../configure.wrf:375: warning: ignoring old recipe for target '.F.o'
Makefile:58: warning: overriding recipe for target '.c.o'
../../../../configure.wrf:406: warning: ignoring old recipe for target '.c.o'
rm -f *.o *.tmp *.mod module_kpp_* *~ *.inc *.exe *.f90
make[1]: Leaving directory '/glade/work/rkumar/NASA_HMA/WRFchem_HMA/chem/KPP/util/write_decomp'
=========================================================
mechanisms/radm2
ln -s ../../util/Makefile_kpp mechanisms/radm2/Makefile
ln -s ../chem/KPP/inc/radm2/extra_args_to_update_rconst_radm2.inc /glade/work/rkumar/NASA_HMA/WRFchem_HMA/inc
ln -s ../chem/KPP/inc/radm2/extra_args_update_rconst_radm2.inc /glade/work/rkumar/NASA_HMA/WRFchem_HMA/inc
ln -s ../chem/KPP/inc/radm2/extra_decls_update_rconst_radm2.inc /glade/work/rkumar/NASA_HMA/WRFchem_HMA/inc
ln -s ../chem/KPP/inc/radm2/kpp_mechd_a_radm2.inc /glade/work/rkumar/NASA_HMA/WRFchem_HMA/inc
ln -s ../chem/KPP/inc/radm2/kpp_mechd_b_radm2.inc /glade/work/rkumar/NASA_HMA/WRFchem_HMA/inc
ln -s ../chem/KPP/inc/radm2/kpp_mechd_e_radm2.inc /glade/work/rkumar/NASA_HMA/WRFchem_HMA/inc
ln -s ../chem/KPP/inc/radm2/kpp_mechd_ia_radm2.inc /glade/work/rkumar/NASA_HMA/WRFchem_HMA/inc
ln -s ../chem/KPP/inc/radm2/kpp_mechd_ib_radm2.inc /glade/work/rkumar/NASA_HMA/WRFchem_HMA/inc
ln -s ../chem/KPP/inc/radm2/kpp_mechd_ibu_radm2.inc /glade/work/rkumar/NASA_HMA/WRFchem_HMA/inc
ln -s ../chem/KPP/inc/radm2/kpp_mechd_l_radm2.inc /glade/work/rkumar/NASA_HMA/WRFchem_HMA/inc
ln -s ../chem/KPP/inc/radm2/kpp_mechd_u_radm2.inc /glade/work/rkumar/NASA_HMA/WRFchem_HMA/inc
model radm2
/glade/work/rkumar/NASA_HMA/WRFchem_HMA/chem/KPP/kpp/kpp-2.1/bin/kpp radm2.kpp

This is KPP-2.1.

KPP is parsing the equation file.
KPP was told to generate WRF conform code
KPP is computing Jacobian sparsity structure.
KPP is starting the code generation.
KPP is initializing the code generation.
 
 KPP is using the WRF conform integrator routine: 
 /glade/work/rkumar/NASA_HMA/WRFchem_HMA/chem/KPP/kpp/kpp-2.1/int/WRF_conform/rosenbrock 

KPP is generating the monitor data:
    - radm2_Monitor
KPP is generating the utility data:
    - radm2_Util
KPP is generating the global declarations:
    - radm2_Main
KPP is generating the ODE function:
    - radm2_Function
KPP is generating the ODE Jacobian:
    - radm2_Jacobian
    - radm2_JacobianSP
KPP is generating the linear algebra routines:
    - radm2_LinearAlgebra
KPP is generating the utility functions:
    - radm2_Util
KPP is generating the rate laws:
    - radm2_Rates
KPP is generating UpdateRconstWRF (WRF conform): 
    - radm2_UpdateRconst
KPP is generating the parameters:
    - radm2_Parameters
KPP is generating the global data:
    - radm2_Global
KPP is generating the driver from general.f90:
    - radm2_Main
KPP is starting the code post-processing.

KPP has succesfully created the model "radm2".

cp -f radm2_Integrator.f90 ../../../module_kpp_radm2_Integr.F
cp -f radm2_Parameters.f90 ../../../module_kpp_radm2_Parameters.F
cp -f radm2_Precision.f90 ../../../module_kpp_radm2_Precision.F
cp -f radm2_JacobianSP.f90 ../../../module_kpp_radm2_JacobianSP.F
cp -f radm2_Jacobian.f90 ../../../module_kpp_radm2_Jacobian.F
cp -f radm2_Update_Rconst.f90 ../../../module_kpp_radm2_Update_Rconst.F
touch ../../util/run_wkc
Makefile:50: warning: overriding recipe for target '.F.o'
../../../../configure.wrf:375: warning: ignoring old recipe for target '.F.o'
Makefile:58: warning: overriding recipe for target '.c.o'
../../../../configure.wrf:406: warning: ignoring old recipe for target '.c.o'
rm -f decomp_uses.inc
echo USE radm2_Parameters > decomp_uses.inc
echo USE radm2_JacobianSP >> decomp_uses.inc
ln -sf  ../../../module_kpp_radm2_Precision.F
ln -sf  ../../../module_kpp_radm2_Parameters.F
ln -sf  ../../../module_kpp_radm2_JacobianSP.F
ln -sf  ../../../module_kpp_radm2_Integr.F
make -i -r comp
make[1]: Entering directory '/glade/work/rkumar/NASA_HMA/WRFchem_HMA/chem/KPP/util/write_decomp'
Makefile:50: warning: overriding recipe for target '.F.o'
../../../../configure.wrf:375: warning: ignoring old recipe for target '.F.o'
Makefile:58: warning: overriding recipe for target '.c.o'
../../../../configure.wrf:406: warning: ignoring old recipe for target '.c.o'
rm -f module_kpp_radm2_Precision.o
sed -f ../../../../arch/standard.sed module_kpp_radm2_Precision.F > module_kpp_radm2_Precision.b 
/lib/cpp -P -nostdinc -I../../../../inc -DEM_CORE=1 -DNMM_CORE=0 -DNMM_MAX_DIM=2600 -DCOAMPS_CORE= -DDA_CORE=0 -DEXP_CORE= -DIWORDSIZE=4 -DDWORDSIZE=8 -DRWORDSIZE=4 -DLWORDSIZE=4 -DNONSTANDARD_SYSTEM_FUNC  -DWRF_USE_CLM  -DSNICAR_FRC    -DDM_PARALLEL -DNETCDF -DUSE_ALLOCATABLES -DGRIB1 -DINTIO -DKEEP_INT_AROUND -DLIMIT_ARGS -DCONFIG_BUF_LEN=65536 -DMAX_DOMAINS_F=21 -DMAX_HISTORY=25 -DNMM_NEST= -DWRF_CHEM -DBUILD_CHEM=1 -DWRF_KPP -I. -traditional-cpp  module_kpp_radm2_Precision.b  > module_kpp_radm2_Precision.f90
rm -f module_kpp_radm2_Precision.b
ifort -c -O3 -ip -fp-model precise -w -ftz -align all -fno-alias -FR -convert big_endian    -real-size `expr 8 \* 4` -i4  module_kpp_radm2_Precision.f90
rm -f module_kpp_radm2_Parameters.o
sed -f ../../../../arch/standard.sed module_kpp_radm2_Parameters.F > module_kpp_radm2_Parameters.b 
/lib/cpp -P -nostdinc -I../../../../inc -DEM_CORE=1 -DNMM_CORE=0 -DNMM_MAX_DIM=2600 -DCOAMPS_CORE= -DDA_CORE=0 -DEXP_CORE= -DIWORDSIZE=4 -DDWORDSIZE=8 -DRWORDSIZE=4 -DLWORDSIZE=4 -DNONSTANDARD_SYSTEM_FUNC  -DWRF_USE_CLM  -DSNICAR_FRC    -DDM_PARALLEL -DNETCDF -DUSE_ALLOCATABLES -DGRIB1 -DINTIO -DKEEP_INT_AROUND -DLIMIT_ARGS -DCONFIG_BUF_LEN=65536 -DMAX_DOMAINS_F=21 -DMAX_HISTORY=25 -DNMM_NEST= -DWRF_CHEM -DBUILD_CHEM=1 -DWRF_KPP -I. -traditional-cpp  module_kpp_radm2_Parameters.b  > module_kpp_radm2_Parameters.f90
rm -f module_kpp_radm2_Parameters.b
ifort -c -O3 -ip -fp-model precise -w -ftz -align all -fno-alias -FR -convert big_endian    -real-size `expr 8 \* 4` -i4  module_kpp_radm2_Parameters.f90
rm -f module_kpp_radm2_JacobianSP.o
sed -f ../../../../arch/standard.sed module_kpp_radm2_JacobianSP.F > module_kpp_radm2_JacobianSP.b 
/lib/cpp -P -nostdinc -I../../../../inc -DEM_CORE=1 -DNMM_CORE=0 -DNMM_MAX_DIM=2600 -DCOAMPS_CORE= -DDA_CORE=0 -DEXP_CORE= -DIWORDSIZE=4 -DDWORDSIZE=8 -DRWORDSIZE=4 -DLWORDSIZE=4 -DNONSTANDARD_SYSTEM_FUNC  -DWRF_USE_CLM  -DSNICAR_FRC    -DDM_PARALLEL -DNETCDF -DUSE_ALLOCATABLES -DGRIB1 -DINTIO -DKEEP_INT_AROUND -DLIMIT_ARGS -DCONFIG_BUF_LEN=65536 -DMAX_DOMAINS_F=21 -DMAX_HISTORY=25 -DNMM_NEST= -DWRF_CHEM -DBUILD_CHEM=1 -DWRF_KPP -I. -traditional-cpp  module_kpp_radm2_JacobianSP.b  > module_kpp_radm2_JacobianSP.f90
rm -f module_kpp_radm2_JacobianSP.b
ifort -c -O3 -ip -fp-model precise -w -ftz -align all -fno-alias -FR -convert big_endian    -real-size `expr 8 \* 4` -i4  module_kpp_radm2_JacobianSP.f90
rm -f write_decomp.o
sed -f ../../../../arch/standard.sed write_decomp.F > write_decomp.b 
/lib/cpp -P -nostdinc -I../../../../inc -DEM_CORE=1 -DNMM_CORE=0 -DNMM_MAX_DIM=2600 -DCOAMPS_CORE= -DDA_CORE=0 -DEXP_CORE= -DIWORDSIZE=4 -DDWORDSIZE=8 -DRWORDSIZE=4 -DLWORDSIZE=4 -DNONSTANDARD_SYSTEM_FUNC  -DWRF_USE_CLM  -DSNICAR_FRC    -DDM_PARALLEL -DNETCDF -DUSE_ALLOCATABLES -DGRIB1 -DINTIO -DKEEP_INT_AROUND -DLIMIT_ARGS -DCONFIG_BUF_LEN=65536 -DMAX_DOMAINS_F=21 -DMAX_HISTORY=25 -DNMM_NEST= -DWRF_CHEM -DBUILD_CHEM=1 -DWRF_KPP -I. -traditional-cpp  write_decomp.b  > write_decomp.f90
rm -f write_decomp.b
ifort -c -O3 -ip -fp-model precise -w -ftz -align all -fno-alias -FR -convert big_endian    -real-size `expr 8 \* 4` -i4  write_decomp.f90
ifort -o write_decomp.exe module_kpp_radm2_Precision.o module_kpp_radm2_Parameters.o module_kpp_radm2_JacobianSP.o      write_decomp.o  
echo radm2 > mech.tmp
make[1]: Leaving directory '/glade/work/rkumar/NASA_HMA/WRFchem_HMA/chem/KPP/util/write_decomp'
./write_decomp.exe
   -- in write_decomp
     for kpp mechanism: radm2
 fname:<decomp_radm2.inc>
make -i -r integr_edit
make[1]: Entering directory '/glade/work/rkumar/NASA_HMA/WRFchem_HMA/chem/KPP/util/write_decomp'
Makefile:50: warning: overriding recipe for target '.F.o'
../../../../configure.wrf:375: warning: ignoring old recipe for target '.F.o'
Makefile:58: warning: overriding recipe for target '.c.o'
../../../../configure.wrf:406: warning: ignoring old recipe for target '.c.o'
rm -f integr_edit.o
icc -c -w -O3 -ip  -DDM_PARALLEL -DMAX_HISTORY=25 -DNMM_CORE=0 integr_edit.c
icc -o integr_edit.exe integr_edit.o
make[1]: Leaving directory '/glade/work/rkumar/NASA_HMA/WRFchem_HMA/chem/KPP/util/write_decomp'
./integr_edit.exe radm2
   integr_edit: replacing     CALL radm2_KppDecomp ( A, ising )
 
  END MODULE radm2_Integrator
 make -i -r clean 
make[1]: Entering directory '/glade/work/rkumar/NASA_HMA/WRFchem_HMA/chem/KPP/util/write_decomp'
Makefile:50: warning: overriding recipe for target '.F.o'
../../../../configure.wrf:375: warning: ignoring old recipe for target '.F.o'
Makefile:58: warning: overriding recipe for target '.c.o'
../../../../configure.wrf:406: warning: ignoring old recipe for target '.c.o'
rm -f *.o *.tmp *.mod module_kpp_* *~ *.inc *.exe *.f90
make[1]: Leaving directory '/glade/work/rkumar/NASA_HMA/WRFchem_HMA/chem/KPP/util/write_decomp'
=========================================================
mechanisms/radm2sorg
ln -s ../../util/Makefile_kpp mechanisms/radm2sorg/Makefile
ln -s ../chem/KPP/inc/radm2sorg/extra_args_to_update_rconst_radm2sorg.inc /glade/work/rkumar/NASA_HMA/WRFchem_HMA/inc
ln -s ../chem/KPP/inc/radm2sorg/extra_args_update_rconst_radm2sorg.inc /glade/work/rkumar/NASA_HMA/WRFchem_HMA/inc
ln -s ../chem/KPP/inc/radm2sorg/extra_decls_update_rconst_radm2sorg.inc /glade/work/rkumar/NASA_HMA/WRFchem_HMA/inc
ln -s ../chem/KPP/inc/radm2sorg/kpp_mechd_a_radm2sorg.inc /glade/work/rkumar/NASA_HMA/WRFchem_HMA/inc
ln -s ../chem/KPP/inc/radm2sorg/kpp_mechd_b_radm2sorg.inc /glade/work/rkumar/NASA_HMA/WRFchem_HMA/inc
ln -s ../chem/KPP/inc/radm2sorg/kpp_mechd_e_radm2sorg.inc /glade/work/rkumar/NASA_HMA/WRFchem_HMA/inc
ln -s ../chem/KPP/inc/radm2sorg/kpp_mechd_ia_radm2sorg.inc /glade/work/rkumar/NASA_HMA/WRFchem_HMA/inc
ln -s ../chem/KPP/inc/radm2sorg/kpp_mechd_ib_radm2sorg.inc /glade/work/rkumar/NASA_HMA/WRFchem_HMA/inc
ln -s ../chem/KPP/inc/radm2sorg/kpp_mechd_ibu_radm2sorg.inc /glade/work/rkumar/NASA_HMA/WRFchem_HMA/inc
ln -s ../chem/KPP/inc/radm2sorg/kpp_mechd_l_radm2sorg.inc /glade/work/rkumar/NASA_HMA/WRFchem_HMA/inc
ln -s ../chem/KPP/inc/radm2sorg/kpp_mechd_u_radm2sorg.inc /glade/work/rkumar/NASA_HMA/WRFchem_HMA/inc
model radm2sorg
/glade/work/rkumar/NASA_HMA/WRFchem_HMA/chem/KPP/kpp/kpp-2.1/bin/kpp radm2sorg.kpp

This is KPP-2.1.

KPP is parsing the equation file.
KPP was told to generate WRF conform code
KPP is computing Jacobian sparsity structure.
KPP is starting the code generation.
KPP is initializing the code generation.
 
 KPP is using the WRF conform integrator routine: 
 /glade/work/rkumar/NASA_HMA/WRFchem_HMA/chem/KPP/kpp/kpp-2.1/int/WRF_conform/rosenbrock 

KPP is generating the monitor data:
    - radm2sorg_Monitor
KPP is generating the utility data:
    - radm2sorg_Util
KPP is generating the global declarations:
    - radm2sorg_Main
KPP is generating the ODE function:
    - radm2sorg_Function
KPP is generating the ODE Jacobian:
    - radm2sorg_Jacobian
    - radm2sorg_JacobianSP
KPP is generating the linear algebra routines:
    - radm2sorg_LinearAlgebra
KPP is generating the utility functions:
    - radm2sorg_Util
KPP is generating the rate laws:
    - radm2sorg_Rates
KPP is generating UpdateRconstWRF (WRF conform): 
    - radm2sorg_UpdateRconst
KPP is generating the parameters:
    - radm2sorg_Parameters
KPP is generating the global data:
    - radm2sorg_Global
KPP is generating the driver from general.f90:
    - radm2sorg_Main
KPP is starting the code post-processing.

KPP has succesfully created the model "radm2sorg".

cp -f radm2sorg_Integrator.f90 ../../../module_kpp_radm2sorg_Integr.F
cp -f radm2sorg_Parameters.f90 ../../../module_kpp_radm2sorg_Parameters.F
cp -f radm2sorg_Precision.f90 ../../../module_kpp_radm2sorg_Precision.F
cp -f radm2sorg_JacobianSP.f90 ../../../module_kpp_radm2sorg_JacobianSP.F
cp -f radm2sorg_Jacobian.f90 ../../../module_kpp_radm2sorg_Jacobian.F
cp -f radm2sorg_Update_Rconst.f90 ../../../module_kpp_radm2sorg_Update_Rconst.F
touch ../../util/run_wkc
Makefile:50: warning: overriding recipe for target '.F.o'
../../../../configure.wrf:375: warning: ignoring old recipe for target '.F.o'
Makefile:58: warning: overriding recipe for target '.c.o'
../../../../configure.wrf:406: warning: ignoring old recipe for target '.c.o'
rm -f decomp_uses.inc
echo USE radm2sorg_Parameters > decomp_uses.inc
echo USE radm2sorg_JacobianSP >> decomp_uses.inc
ln -sf  ../../../module_kpp_radm2sorg_Precision.F
ln -sf  ../../../module_kpp_radm2sorg_Parameters.F
ln -sf  ../../../module_kpp_radm2sorg_JacobianSP.F
ln -sf  ../../../module_kpp_radm2sorg_Integr.F
make -i -r comp
make[1]: Entering directory '/glade/work/rkumar/NASA_HMA/WRFchem_HMA/chem/KPP/util/write_decomp'
Makefile:50: warning: overriding recipe for target '.F.o'
../../../../configure.wrf:375: warning: ignoring old recipe for target '.F.o'
Makefile:58: warning: overriding recipe for target '.c.o'
../../../../configure.wrf:406: warning: ignoring old recipe for target '.c.o'
rm -f module_kpp_radm2sorg_Precision.o
sed -f ../../../../arch/standard.sed module_kpp_radm2sorg_Precision.F > module_kpp_radm2sorg_Precision.b 
/lib/cpp -P -nostdinc -I../../../../inc -DEM_CORE=1 -DNMM_CORE=0 -DNMM_MAX_DIM=2600 -DCOAMPS_CORE= -DDA_CORE=0 -DEXP_CORE= -DIWORDSIZE=4 -DDWORDSIZE=8 -DRWORDSIZE=4 -DLWORDSIZE=4 -DNONSTANDARD_SYSTEM_FUNC  -DWRF_USE_CLM  -DSNICAR_FRC    -DDM_PARALLEL -DNETCDF -DUSE_ALLOCATABLES -DGRIB1 -DINTIO -DKEEP_INT_AROUND -DLIMIT_ARGS -DCONFIG_BUF_LEN=65536 -DMAX_DOMAINS_F=21 -DMAX_HISTORY=25 -DNMM_NEST= -DWRF_CHEM -DBUILD_CHEM=1 -DWRF_KPP -I. -traditional-cpp  module_kpp_radm2sorg_Precision.b  > module_kpp_radm2sorg_Precision.f90
rm -f module_kpp_radm2sorg_Precision.b
ifort -c -O3 -ip -fp-model precise -w -ftz -align all -fno-alias -FR -convert big_endian    -real-size `expr 8 \* 4` -i4  module_kpp_radm2sorg_Precision.f90
rm -f module_kpp_radm2sorg_Parameters.o
sed -f ../../../../arch/standard.sed module_kpp_radm2sorg_Parameters.F > module_kpp_radm2sorg_Parameters.b 
/lib/cpp -P -nostdinc -I../../../../inc -DEM_CORE=1 -DNMM_CORE=0 -DNMM_MAX_DIM=2600 -DCOAMPS_CORE= -DDA_CORE=0 -DEXP_CORE= -DIWORDSIZE=4 -DDWORDSIZE=8 -DRWORDSIZE=4 -DLWORDSIZE=4 -DNONSTANDARD_SYSTEM_FUNC  -DWRF_USE_CLM  -DSNICAR_FRC    -DDM_PARALLEL -DNETCDF -DUSE_ALLOCATABLES -DGRIB1 -DINTIO -DKEEP_INT_AROUND -DLIMIT_ARGS -DCONFIG_BUF_LEN=65536 -DMAX_DOMAINS_F=21 -DMAX_HISTORY=25 -DNMM_NEST= -DWRF_CHEM -DBUILD_CHEM=1 -DWRF_KPP -I. -traditional-cpp  module_kpp_radm2sorg_Parameters.b  > module_kpp_radm2sorg_Parameters.f90
rm -f module_kpp_radm2sorg_Parameters.b
ifort -c -O3 -ip -fp-model precise -w -ftz -align all -fno-alias -FR -convert big_endian    -real-size `expr 8 \* 4` -i4  module_kpp_radm2sorg_Parameters.f90
rm -f module_kpp_radm2sorg_JacobianSP.o
sed -f ../../../../arch/standard.sed module_kpp_radm2sorg_JacobianSP.F > module_kpp_radm2sorg_JacobianSP.b 
/lib/cpp -P -nostdinc -I../../../../inc -DEM_CORE=1 -DNMM_CORE=0 -DNMM_MAX_DIM=2600 -DCOAMPS_CORE= -DDA_CORE=0 -DEXP_CORE= -DIWORDSIZE=4 -DDWORDSIZE=8 -DRWORDSIZE=4 -DLWORDSIZE=4 -DNONSTANDARD_SYSTEM_FUNC  -DWRF_USE_CLM  -DSNICAR_FRC    -DDM_PARALLEL -DNETCDF -DUSE_ALLOCATABLES -DGRIB1 -DINTIO -DKEEP_INT_AROUND -DLIMIT_ARGS -DCONFIG_BUF_LEN=65536 -DMAX_DOMAINS_F=21 -DMAX_HISTORY=25 -DNMM_NEST= -DWRF_CHEM -DBUILD_CHEM=1 -DWRF_KPP -I. -traditional-cpp  module_kpp_radm2sorg_JacobianSP.b  > module_kpp_radm2sorg_JacobianSP.f90
rm -f module_kpp_radm2sorg_JacobianSP.b
ifort -c -O3 -ip -fp-model precise -w -ftz -align all -fno-alias -FR -convert big_endian    -real-size `expr 8 \* 4` -i4  module_kpp_radm2sorg_JacobianSP.f90
rm -f write_decomp.o
sed -f ../../../../arch/standard.sed write_decomp.F > write_decomp.b 
/lib/cpp -P -nostdinc -I../../../../inc -DEM_CORE=1 -DNMM_CORE=0 -DNMM_MAX_DIM=2600 -DCOAMPS_CORE= -DDA_CORE=0 -DEXP_CORE= -DIWORDSIZE=4 -DDWORDSIZE=8 -DRWORDSIZE=4 -DLWORDSIZE=4 -DNONSTANDARD_SYSTEM_FUNC  -DWRF_USE_CLM  -DSNICAR_FRC    -DDM_PARALLEL -DNETCDF -DUSE_ALLOCATABLES -DGRIB1 -DINTIO -DKEEP_INT_AROUND -DLIMIT_ARGS -DCONFIG_BUF_LEN=65536 -DMAX_DOMAINS_F=21 -DMAX_HISTORY=25 -DNMM_NEST= -DWRF_CHEM -DBUILD_CHEM=1 -DWRF_KPP -I. -traditional-cpp  write_decomp.b  > write_decomp.f90
rm -f write_decomp.b
ifort -c -O3 -ip -fp-model precise -w -ftz -align all -fno-alias -FR -convert big_endian    -real-size `expr 8 \* 4` -i4  write_decomp.f90
ifort -o write_decomp.exe module_kpp_radm2sorg_Precision.o module_kpp_radm2sorg_Parameters.o module_kpp_radm2sorg_JacobianSP.o      write_decomp.o  
echo radm2sorg > mech.tmp
make[1]: Leaving directory '/glade/work/rkumar/NASA_HMA/WRFchem_HMA/chem/KPP/util/write_decomp'
./write_decomp.exe
   -- in write_decomp
     for kpp mechanism: radm2sorg
 fname:<decomp_radm2sorg.inc>
make -i -r integr_edit
make[1]: Entering directory '/glade/work/rkumar/NASA_HMA/WRFchem_HMA/chem/KPP/util/write_decomp'
Makefile:50: warning: overriding recipe for target '.F.o'
../../../../configure.wrf:375: warning: ignoring old recipe for target '.F.o'
Makefile:58: warning: overriding recipe for target '.c.o'
../../../../configure.wrf:406: warning: ignoring old recipe for target '.c.o'
rm -f integr_edit.o
icc -c -w -O3 -ip  -DDM_PARALLEL -DMAX_HISTORY=25 -DNMM_CORE=0 integr_edit.c
icc -o integr_edit.exe integr_edit.o
make[1]: Leaving directory '/glade/work/rkumar/NASA_HMA/WRFchem_HMA/chem/KPP/util/write_decomp'
./integr_edit.exe radm2sorg
   integr_edit: replacing     CALL radm2sorg_KppDecomp ( A, ising )
 
  END MODULE radm2sorg_Integrator
 make -i -r clean 
make[1]: Entering directory '/glade/work/rkumar/NASA_HMA/WRFchem_HMA/chem/KPP/util/write_decomp'
Makefile:50: warning: overriding recipe for target '.F.o'
../../../../configure.wrf:375: warning: ignoring old recipe for target '.F.o'
Makefile:58: warning: overriding recipe for target '.c.o'
../../../../configure.wrf:406: warning: ignoring old recipe for target '.c.o'
rm -f *.o *.tmp *.mod module_kpp_* *~ *.inc *.exe *.f90
make[1]: Leaving directory '/glade/work/rkumar/NASA_HMA/WRFchem_HMA/chem/KPP/util/write_decomp'
=========================================================
mechanisms/saprc99_mosaic_4bin_vbs2
ln -s ../../util/Makefile_kpp mechanisms/saprc99_mosaic_4bin_vbs2/Makefile
ln -s ../chem/KPP/inc/saprc99_mosaic_4bin_vbs2/extra_args_to_update_rconst_saprc99_mosaic_4bin_vbs2.inc /glade/work/rkumar/NASA_HMA/WRFchem_HMA/inc
ln -s ../chem/KPP/inc/saprc99_mosaic_4bin_vbs2/extra_args_update_rconst_saprc99_mosaic_4bin_vbs2.inc /glade/work/rkumar/NASA_HMA/WRFchem_HMA/inc
ln -s ../chem/KPP/inc/saprc99_mosaic_4bin_vbs2/extra_decls_update_rconst_saprc99_mosaic_4bin_vbs2.inc /glade/work/rkumar/NASA_HMA/WRFchem_HMA/inc
ln -s ../chem/KPP/inc/saprc99_mosaic_4bin_vbs2/kpp_mechd_a_saprc99_mosaic_4bin_vbs2.inc /glade/work/rkumar/NASA_HMA/WRFchem_HMA/inc
ln -s ../chem/KPP/inc/saprc99_mosaic_4bin_vbs2/kpp_mechd_b_saprc99_mosaic_4bin_vbs2.inc /glade/work/rkumar/NASA_HMA/WRFchem_HMA/inc
ln -s ../chem/KPP/inc/saprc99_mosaic_4bin_vbs2/kpp_mechd_e_saprc99_mosaic_4bin_vbs2.inc /glade/work/rkumar/NASA_HMA/WRFchem_HMA/inc
ln -s ../chem/KPP/inc/saprc99_mosaic_4bin_vbs2/kpp_mechd_ia_saprc99_mosaic_4bin_vbs2.inc /glade/work/rkumar/NASA_HMA/WRFchem_HMA/inc
ln -s ../chem/KPP/inc/saprc99_mosaic_4bin_vbs2/kpp_mechd_ib_saprc99_mosaic_4bin_vbs2.inc /glade/work/rkumar/NASA_HMA/WRFchem_HMA/inc
ln -s ../chem/KPP/inc/saprc99_mosaic_4bin_vbs2/kpp_mechd_ibu_saprc99_mosaic_4bin_vbs2.inc /glade/work/rkumar/NASA_HMA/WRFchem_HMA/inc
ln -s ../chem/KPP/inc/saprc99_mosaic_4bin_vbs2/kpp_mechd_l_saprc99_mosaic_4bin_vbs2.inc /glade/work/rkumar/NASA_HMA/WRFchem_HMA/inc
ln -s ../chem/KPP/inc/saprc99_mosaic_4bin_vbs2/kpp_mechd_u_saprc99_mosaic_4bin_vbs2.inc /glade/work/rkumar/NASA_HMA/WRFchem_HMA/inc
model saprc99_mosaic_4bin_vbs2
/glade/work/rkumar/NASA_HMA/WRFchem_HMA/chem/KPP/kpp/kpp-2.1/bin/kpp saprc99_mosaic_4bin_vbs2.kpp

This is KPP-2.1.

KPP is parsing the equation file.
KPP was told to generate WRF conform code
KPP is computing Jacobian sparsity structure.
KPP is starting the code generation.
KPP is initializing the code generation.
 
 KPP is using the WRF conform integrator routine: 
 /glade/work/rkumar/NASA_HMA/WRFchem_HMA/chem/KPP/kpp/kpp-2.1/int/WRF_conform/rosenbrock 

KPP is generating the monitor data:
    - saprc99_mosaic_4bin_vbs2_Monitor
KPP is generating the utility data:
    - saprc99_mosaic_4bin_vbs2_Util
KPP is generating the global declarations:
    - saprc99_mosaic_4bin_vbs2_Main
KPP is generating the ODE function:
    - saprc99_mosaic_4bin_vbs2_Function
KPP is generating the ODE Jacobian:
    - saprc99_mosaic_4bin_vbs2_Jacobian
    - saprc99_mosaic_4bin_vbs2_JacobianSP
KPP is generating the linear algebra routines:
    - saprc99_mosaic_4bin_vbs2_LinearAlgebra
KPP is generating the utility functions:
    - saprc99_mosaic_4bin_vbs2_Util
KPP is generating the rate laws:
    - saprc99_mosaic_4bin_vbs2_Rates
KPP is generating UpdateRconstWRF (WRF conform): 
    - saprc99_mosaic_4bin_vbs2_UpdateRconst
KPP is generating the parameters:
    - saprc99_mosaic_4bin_vbs2_Parameters
KPP is generating the global data:
    - saprc99_mosaic_4bin_vbs2_Global
KPP is generating the driver from general.f90:
    - saprc99_mosaic_4bin_vbs2_Main
KPP is starting the code post-processing.

KPP has succesfully created the model "saprc99_mosaic_4bin_vbs2".

cp -f saprc99_mosaic_4bin_vbs2_Integrator.f90 ../../../module_kpp_saprc99_mosaic_4bin_vbs2_Integr.F
cp -f saprc99_mosaic_4bin_vbs2_Parameters.f90 ../../../module_kpp_saprc99_mosaic_4bin_vbs2_Parameters.F
cp -f saprc99_mosaic_4bin_vbs2_Precision.f90 ../../../module_kpp_saprc99_mosaic_4bin_vbs2_Precision.F
cp -f saprc99_mosaic_4bin_vbs2_JacobianSP.f90 ../../../module_kpp_saprc99_mosaic_4bin_vbs2_JacobianSP.F
cp -f saprc99_mosaic_4bin_vbs2_Jacobian.f90 ../../../module_kpp_saprc99_mosaic_4bin_vbs2_Jacobian.F
cp -f saprc99_mosaic_4bin_vbs2_Update_Rconst.f90 ../../../module_kpp_saprc99_mosaic_4bin_vbs2_Update_Rconst.F
touch ../../util/run_wkc
Makefile:50: warning: overriding recipe for target '.F.o'
../../../../configure.wrf:375: warning: ignoring old recipe for target '.F.o'
Makefile:58: warning: overriding recipe for target '.c.o'
../../../../configure.wrf:406: warning: ignoring old recipe for target '.c.o'
rm -f decomp_uses.inc
echo USE saprc99_mosaic_4bin_vbs2_Parameters > decomp_uses.inc
echo USE saprc99_mosaic_4bin_vbs2_JacobianSP >> decomp_uses.inc
ln -sf  ../../../module_kpp_saprc99_mosaic_4bin_vbs2_Precision.F
ln -sf  ../../../module_kpp_saprc99_mosaic_4bin_vbs2_Parameters.F
ln -sf  ../../../module_kpp_saprc99_mosaic_4bin_vbs2_JacobianSP.F
ln -sf  ../../../module_kpp_saprc99_mosaic_4bin_vbs2_Integr.F
make -i -r comp
make[1]: Entering directory '/glade/work/rkumar/NASA_HMA/WRFchem_HMA/chem/KPP/util/write_decomp'
Makefile:50: warning: overriding recipe for target '.F.o'
../../../../configure.wrf:375: warning: ignoring old recipe for target '.F.o'
Makefile:58: warning: overriding recipe for target '.c.o'
../../../../configure.wrf:406: warning: ignoring old recipe for target '.c.o'
rm -f module_kpp_saprc99_mosaic_4bin_vbs2_Precision.o
sed -f ../../../../arch/standard.sed module_kpp_saprc99_mosaic_4bin_vbs2_Precision.F > module_kpp_saprc99_mosaic_4bin_vbs2_Precision.b 
/lib/cpp -P -nostdinc -I../../../../inc -DEM_CORE=1 -DNMM_CORE=0 -DNMM_MAX_DIM=2600 -DCOAMPS_CORE= -DDA_CORE=0 -DEXP_CORE= -DIWORDSIZE=4 -DDWORDSIZE=8 -DRWORDSIZE=4 -DLWORDSIZE=4 -DNONSTANDARD_SYSTEM_FUNC  -DWRF_USE_CLM  -DSNICAR_FRC    -DDM_PARALLEL -DNETCDF -DUSE_ALLOCATABLES -DGRIB1 -DINTIO -DKEEP_INT_AROUND -DLIMIT_ARGS -DCONFIG_BUF_LEN=65536 -DMAX_DOMAINS_F=21 -DMAX_HISTORY=25 -DNMM_NEST= -DWRF_CHEM -DBUILD_CHEM=1 -DWRF_KPP -I. -traditional-cpp  module_kpp_saprc99_mosaic_4bin_vbs2_Precision.b  > module_kpp_saprc99_mosaic_4bin_vbs2_Precision.f90
rm -f module_kpp_saprc99_mosaic_4bin_vbs2_Precision.b
ifort -c -O3 -ip -fp-model precise -w -ftz -align all -fno-alias -FR -convert big_endian    -real-size `expr 8 \* 4` -i4  module_kpp_saprc99_mosaic_4bin_vbs2_Precision.f90
rm -f module_kpp_saprc99_mosaic_4bin_vbs2_Parameters.o
sed -f ../../../../arch/standard.sed module_kpp_saprc99_mosaic_4bin_vbs2_Parameters.F > module_kpp_saprc99_mosaic_4bin_vbs2_Parameters.b 
/lib/cpp -P -nostdinc -I../../../../inc -DEM_CORE=1 -DNMM_CORE=0 -DNMM_MAX_DIM=2600 -DCOAMPS_CORE= -DDA_CORE=0 -DEXP_CORE= -DIWORDSIZE=4 -DDWORDSIZE=8 -DRWORDSIZE=4 -DLWORDSIZE=4 -DNONSTANDARD_SYSTEM_FUNC  -DWRF_USE_CLM  -DSNICAR_FRC    -DDM_PARALLEL -DNETCDF -DUSE_ALLOCATABLES -DGRIB1 -DINTIO -DKEEP_INT_AROUND -DLIMIT_ARGS -DCONFIG_BUF_LEN=65536 -DMAX_DOMAINS_F=21 -DMAX_HISTORY=25 -DNMM_NEST= -DWRF_CHEM -DBUILD_CHEM=1 -DWRF_KPP -I. -traditional-cpp  module_kpp_saprc99_mosaic_4bin_vbs2_Parameters.b  > module_kpp_saprc99_mosaic_4bin_vbs2_Parameters.f90
rm -f module_kpp_saprc99_mosaic_4bin_vbs2_Parameters.b
ifort -c -O3 -ip -fp-model precise -w -ftz -align all -fno-alias -FR -convert big_endian    -real-size `expr 8 \* 4` -i4  module_kpp_saprc99_mosaic_4bin_vbs2_Parameters.f90
rm -f module_kpp_saprc99_mosaic_4bin_vbs2_JacobianSP.o
sed -f ../../../../arch/standard.sed module_kpp_saprc99_mosaic_4bin_vbs2_JacobianSP.F > module_kpp_saprc99_mosaic_4bin_vbs2_JacobianSP.b 
/lib/cpp -P -nostdinc -I../../../../inc -DEM_CORE=1 -DNMM_CORE=0 -DNMM_MAX_DIM=2600 -DCOAMPS_CORE= -DDA_CORE=0 -DEXP_CORE= -DIWORDSIZE=4 -DDWORDSIZE=8 -DRWORDSIZE=4 -DLWORDSIZE=4 -DNONSTANDARD_SYSTEM_FUNC  -DWRF_USE_CLM  -DSNICAR_FRC    -DDM_PARALLEL -DNETCDF -DUSE_ALLOCATABLES -DGRIB1 -DINTIO -DKEEP_INT_AROUND -DLIMIT_ARGS -DCONFIG_BUF_LEN=65536 -DMAX_DOMAINS_F=21 -DMAX_HISTORY=25 -DNMM_NEST= -DWRF_CHEM -DBUILD_CHEM=1 -DWRF_KPP -I. -traditional-cpp  module_kpp_saprc99_mosaic_4bin_vbs2_JacobianSP.b  > module_kpp_saprc99_mosaic_4bin_vbs2_JacobianSP.f90
rm -f module_kpp_saprc99_mosaic_4bin_vbs2_JacobianSP.b
ifort -c -O3 -ip -fp-model precise -w -ftz -align all -fno-alias -FR -convert big_endian    -real-size `expr 8 \* 4` -i4  module_kpp_saprc99_mosaic_4bin_vbs2_JacobianSP.f90
rm -f write_decomp.o
sed -f ../../../../arch/standard.sed write_decomp.F > write_decomp.b 
/lib/cpp -P -nostdinc -I../../../../inc -DEM_CORE=1 -DNMM_CORE=0 -DNMM_MAX_DIM=2600 -DCOAMPS_CORE= -DDA_CORE=0 -DEXP_CORE= -DIWORDSIZE=4 -DDWORDSIZE=8 -DRWORDSIZE=4 -DLWORDSIZE=4 -DNONSTANDARD_SYSTEM_FUNC  -DWRF_USE_CLM  -DSNICAR_FRC    -DDM_PARALLEL -DNETCDF -DUSE_ALLOCATABLES -DGRIB1 -DINTIO -DKEEP_INT_AROUND -DLIMIT_ARGS -DCONFIG_BUF_LEN=65536 -DMAX_DOMAINS_F=21 -DMAX_HISTORY=25 -DNMM_NEST= -DWRF_CHEM -DBUILD_CHEM=1 -DWRF_KPP -I. -traditional-cpp  write_decomp.b  > write_decomp.f90
rm -f write_decomp.b
ifort -c -O3 -ip -fp-model precise -w -ftz -align all -fno-alias -FR -convert big_endian    -real-size `expr 8 \* 4` -i4  write_decomp.f90
ifort -o write_decomp.exe module_kpp_saprc99_mosaic_4bin_vbs2_Precision.o module_kpp_saprc99_mosaic_4bin_vbs2_Parameters.o module_kpp_saprc99_mosaic_4bin_vbs2_JacobianSP.o      write_decomp.o  
echo saprc99_mosaic_4bin_vbs2 > mech.tmp
make[1]: Leaving directory '/glade/work/rkumar/NASA_HMA/WRFchem_HMA/chem/KPP/util/write_decomp'
./write_decomp.exe
   -- in write_decomp
     for kpp mechanism: saprc99_mosaic_4bin_vbs2
 fname:<decomp_saprc99_mosaic_4bin_vbs2.inc>
make -i -r integr_edit
make[1]: Entering directory '/glade/work/rkumar/NASA_HMA/WRFchem_HMA/chem/KPP/util/write_decomp'
Makefile:50: warning: overriding recipe for target '.F.o'
../../../../configure.wrf:375: warning: ignoring old recipe for target '.F.o'
Makefile:58: warning: overriding recipe for target '.c.o'
../../../../configure.wrf:406: warning: ignoring old recipe for target '.c.o'
rm -f integr_edit.o
icc -c -w -O3 -ip  -DDM_PARALLEL -DMAX_HISTORY=25 -DNMM_CORE=0 integr_edit.c
icc -o integr_edit.exe integr_edit.o
make[1]: Leaving directory '/glade/work/rkumar/NASA_HMA/WRFchem_HMA/chem/KPP/util/write_decomp'
./integr_edit.exe saprc99_mosaic_4bin_vbs2
   integr_edit: replacing     CALL saprc99_mosaic_4bin_vbs2_KppDecomp ( A, ising )
 
  END MODULE saprc99_mosaic_4bin_vbs2_Integrator
 make -i -r clean 
make[1]: Entering directory '/glade/work/rkumar/NASA_HMA/WRFchem_HMA/chem/KPP/util/write_decomp'
Makefile:50: warning: overriding recipe for target '.F.o'
../../../../configure.wrf:375: warning: ignoring old recipe for target '.F.o'
Makefile:58: warning: overriding recipe for target '.c.o'
../../../../configure.wrf:406: warning: ignoring old recipe for target '.c.o'
rm -f *.o *.tmp *.mod module_kpp_* *~ *.inc *.exe *.f90
make[1]: Leaving directory '/glade/work/rkumar/NASA_HMA/WRFchem_HMA/chem/KPP/util/write_decomp'
=========================================================
mechanisms/saprc99_mosaic_8bin_vbs2_aq
ln -s ../../util/Makefile_kpp mechanisms/saprc99_mosaic_8bin_vbs2_aq/Makefile
ln -s ../chem/KPP/inc/saprc99_mosaic_8bin_vbs2_aq/extra_args_to_update_rconst_saprc99_mosaic_8bin_vbs2_aq.inc /glade/work/rkumar/NASA_HMA/WRFchem_HMA/inc
ln -s ../chem/KPP/inc/saprc99_mosaic_8bin_vbs2_aq/extra_args_update_rconst_saprc99_mosaic_8bin_vbs2_aq.inc /glade/work/rkumar/NASA_HMA/WRFchem_HMA/inc
ln -s ../chem/KPP/inc/saprc99_mosaic_8bin_vbs2_aq/extra_decls_update_rconst_saprc99_mosaic_8bin_vbs2_aq.inc /glade/work/rkumar/NASA_HMA/WRFchem_HMA/inc
ln -s ../chem/KPP/inc/saprc99_mosaic_8bin_vbs2_aq/kpp_mechd_a_saprc99_mosaic_8bin_vbs2_aq.inc /glade/work/rkumar/NASA_HMA/WRFchem_HMA/inc
ln -s ../chem/KPP/inc/saprc99_mosaic_8bin_vbs2_aq/kpp_mechd_b_saprc99_mosaic_8bin_vbs2_aq.inc /glade/work/rkumar/NASA_HMA/WRFchem_HMA/inc
ln -s ../chem/KPP/inc/saprc99_mosaic_8bin_vbs2_aq/kpp_mechd_e_saprc99_mosaic_8bin_vbs2_aq.inc /glade/work/rkumar/NASA_HMA/WRFchem_HMA/inc
ln -s ../chem/KPP/inc/saprc99_mosaic_8bin_vbs2_aq/kpp_mechd_ia_saprc99_mosaic_8bin_vbs2_aq.inc /glade/work/rkumar/NASA_HMA/WRFchem_HMA/inc
ln -s ../chem/KPP/inc/saprc99_mosaic_8bin_vbs2_aq/kpp_mechd_ib_saprc99_mosaic_8bin_vbs2_aq.inc /glade/work/rkumar/NASA_HMA/WRFchem_HMA/inc
ln -s ../chem/KPP/inc/saprc99_mosaic_8bin_vbs2_aq/kpp_mechd_ibu_saprc99_mosaic_8bin_vbs2_aq.inc /glade/work/rkumar/NASA_HMA/WRFchem_HMA/inc
ln -s ../chem/KPP/inc/saprc99_mosaic_8bin_vbs2_aq/kpp_mechd_l_saprc99_mosaic_8bin_vbs2_aq.inc /glade/work/rkumar/NASA_HMA/WRFchem_HMA/inc
ln -s ../chem/KPP/inc/saprc99_mosaic_8bin_vbs2_aq/kpp_mechd_u_saprc99_mosaic_8bin_vbs2_aq.inc /glade/work/rkumar/NASA_HMA/WRFchem_HMA/inc
model saprc99_mosaic_8bin_vbs2_aq
/glade/work/rkumar/NASA_HMA/WRFchem_HMA/chem/KPP/kpp/kpp-2.1/bin/kpp saprc99_mosaic_8bin_vbs2_aq.kpp

This is KPP-2.1.

KPP is parsing the equation file.);
KPP was told to generate WRF conform code
KPP is computing Jacobian sparsity structure.
KPP is starting the code generation.
KPP is initializing the code generation.
 
 KPP is using the WRF conform integrator routine: 
 /glade/work/rkumar/NASA_HMA/WRFchem_HMA/chem/KPP/kpp/kpp-2.1/int/WRF_conform/rosenbrock 

KPP is generating the monitor data:
    - saprc99_mosaic_8bin_vbs2_aq_Monitor
KPP is generating the utility data:
    - saprc99_mosaic_8bin_vbs2_aq_Util
KPP is generating the global declarations:
    - saprc99_mosaic_8bin_vbs2_aq_Main
KPP is generating the ODE function:
    - saprc99_mosaic_8bin_vbs2_aq_Function
KPP is generating the ODE Jacobian:
    - saprc99_mosaic_8bin_vbs2_aq_Jacobian
    - saprc99_mosaic_8bin_vbs2_aq_JacobianSP
KPP is generating the linear algebra routines:
    - saprc99_mosaic_8bin_vbs2_aq_LinearAlgebra
KPP is generating the utility functions:
    - saprc99_mosaic_8bin_vbs2_aq_Util
KPP is generating the rate laws:
    - saprc99_mosaic_8bin_vbs2_aq_Rates
KPP is generating UpdateRconstWRF (WRF conform): 
    - saprc99_mosaic_8bin_vbs2_aq_UpdateRconst
KPP is generating the parameters:
    - saprc99_mosaic_8bin_vbs2_aq_Parameters
KPP is generating the global data:
    - saprc99_mosaic_8bin_vbs2_aq_Global
KPP is generating the driver from general.f90:
    - saprc99_mosaic_8bin_vbs2_aq_Main
KPP is starting the code post-processing.

KPP has succesfully created the model "saprc99_mosaic_8bin_vbs2_aq".

cp -f saprc99_mosaic_8bin_vbs2_aq_Integrator.f90 ../../../module_kpp_saprc99_mosaic_8bin_vbs2_aq_Integr.F
cp -f saprc99_mosaic_8bin_vbs2_aq_Parameters.f90 ../../../module_kpp_saprc99_mosaic_8bin_vbs2_aq_Parameters.F
cp -f saprc99_mosaic_8bin_vbs2_aq_Precision.f90 ../../../module_kpp_saprc99_mosaic_8bin_vbs2_aq_Precision.F
cp -f saprc99_mosaic_8bin_vbs2_aq_JacobianSP.f90 ../../../module_kpp_saprc99_mosaic_8bin_vbs2_aq_JacobianSP.F
cp -f saprc99_mosaic_8bin_vbs2_aq_Jacobian.f90 ../../../module_kpp_saprc99_mosaic_8bin_vbs2_aq_Jacobian.F
cp -f saprc99_mosaic_8bin_vbs2_aq_Update_Rconst.f90 ../../../module_kpp_saprc99_mosaic_8bin_vbs2_aq_Update_Rconst.F
touch ../../util/run_wkc
Makefile:50: warning: overriding recipe for target '.F.o'
../../../../configure.wrf:375: warning: ignoring old recipe for target '.F.o'
Makefile:58: warning: overriding recipe for target '.c.o'
../../../../configure.wrf:406: warning: ignoring old recipe for target '.c.o'
rm -f decomp_uses.inc
echo USE saprc99_mosaic_8bin_vbs2_aq_Parameters > decomp_uses.inc
echo USE saprc99_mosaic_8bin_vbs2_aq_JacobianSP >> decomp_uses.inc
ln -sf  ../../../module_kpp_saprc99_mosaic_8bin_vbs2_aq_Precision.F
ln -sf  ../../../module_kpp_saprc99_mosaic_8bin_vbs2_aq_Parameters.F
ln -sf  ../../../module_kpp_saprc99_mosaic_8bin_vbs2_aq_JacobianSP.F
ln -sf  ../../../module_kpp_saprc99_mosaic_8bin_vbs2_aq_Integr.F
make -i -r comp
make[1]: Entering directory '/glade/work/rkumar/NASA_HMA/WRFchem_HMA/chem/KPP/util/write_decomp'
Makefile:50: warning: overriding recipe for target '.F.o'
../../../../configure.wrf:375: warning: ignoring old recipe for target '.F.o'
Makefile:58: warning: overriding recipe for target '.c.o'
../../../../configure.wrf:406: warning: ignoring old recipe for target '.c.o'
rm -f module_kpp_saprc99_mosaic_8bin_vbs2_aq_Precision.o
sed -f ../../../../arch/standard.sed module_kpp_saprc99_mosaic_8bin_vbs2_aq_Precision.F > module_kpp_saprc99_mosaic_8bin_vbs2_aq_Precision.b 
/lib/cpp -P -nostdinc -I../../../../inc -DEM_CORE=1 -DNMM_CORE=0 -DNMM_MAX_DIM=2600 -DCOAMPS_CORE= -DDA_CORE=0 -DEXP_CORE= -DIWORDSIZE=4 -DDWORDSIZE=8 -DRWORDSIZE=4 -DLWORDSIZE=4 -DNONSTANDARD_SYSTEM_FUNC  -DWRF_USE_CLM  -DSNICAR_FRC    -DDM_PARALLEL -DNETCDF -DUSE_ALLOCATABLES -DGRIB1 -DINTIO -DKEEP_INT_AROUND -DLIMIT_ARGS -DCONFIG_BUF_LEN=65536 -DMAX_DOMAINS_F=21 -DMAX_HISTORY=25 -DNMM_NEST= -DWRF_CHEM -DBUILD_CHEM=1 -DWRF_KPP -I. -traditional-cpp  module_kpp_saprc99_mosaic_8bin_vbs2_aq_Precision.b  > module_kpp_saprc99_mosaic_8bin_vbs2_aq_Precision.f90
rm -f module_kpp_saprc99_mosaic_8bin_vbs2_aq_Precision.b
ifort -c -O3 -ip -fp-model precise -w -ftz -align all -fno-alias -FR -convert big_endian    -real-size `expr 8 \* 4` -i4  module_kpp_saprc99_mosaic_8bin_vbs2_aq_Precision.f90
rm -f module_kpp_saprc99_mosaic_8bin_vbs2_aq_Parameters.o
sed -f ../../../../arch/standard.sed module_kpp_saprc99_mosaic_8bin_vbs2_aq_Parameters.F > module_kpp_saprc99_mosaic_8bin_vbs2_aq_Parameters.b 
/lib/cpp -P -nostdinc -I../../../../inc -DEM_CORE=1 -DNMM_CORE=0 -DNMM_MAX_DIM=2600 -DCOAMPS_CORE= -DDA_CORE=0 -DEXP_CORE= -DIWORDSIZE=4 -DDWORDSIZE=8 -DRWORDSIZE=4 -DLWORDSIZE=4 -DNONSTANDARD_SYSTEM_FUNC  -DWRF_USE_CLM  -DSNICAR_FRC    -DDM_PARALLEL -DNETCDF -DUSE_ALLOCATABLES -DGRIB1 -DINTIO -DKEEP_INT_AROUND -DLIMIT_ARGS -DCONFIG_BUF_LEN=65536 -DMAX_DOMAINS_F=21 -DMAX_HISTORY=25 -DNMM_NEST= -DWRF_CHEM -DBUILD_CHEM=1 -DWRF_KPP -I. -traditional-cpp  module_kpp_saprc99_mosaic_8bin_vbs2_aq_Parameters.b  > module_kpp_saprc99_mosaic_8bin_vbs2_aq_Parameters.f90
rm -f module_kpp_saprc99_mosaic_8bin_vbs2_aq_Parameters.b
ifort -c -O3 -ip -fp-model precise -w -ftz -align all -fno-alias -FR -convert big_endian    -real-size `expr 8 \* 4` -i4  module_kpp_saprc99_mosaic_8bin_vbs2_aq_Parameters.f90
rm -f module_kpp_saprc99_mosaic_8bin_vbs2_aq_JacobianSP.o
sed -f ../../../../arch/standard.sed module_kpp_saprc99_mosaic_8bin_vbs2_aq_JacobianSP.F > module_kpp_saprc99_mosaic_8bin_vbs2_aq_JacobianSP.b 
/lib/cpp -P -nostdinc -I../../../../inc -DEM_CORE=1 -DNMM_CORE=0 -DNMM_MAX_DIM=2600 -DCOAMPS_CORE= -DDA_CORE=0 -DEXP_CORE= -DIWORDSIZE=4 -DDWORDSIZE=8 -DRWORDSIZE=4 -DLWORDSIZE=4 -DNONSTANDARD_SYSTEM_FUNC  -DWRF_USE_CLM  -DSNICAR_FRC    -DDM_PARALLEL -DNETCDF -DUSE_ALLOCATABLES -DGRIB1 -DINTIO -DKEEP_INT_AROUND -DLIMIT_ARGS -DCONFIG_BUF_LEN=65536 -DMAX_DOMAINS_F=21 -DMAX_HISTORY=25 -DNMM_NEST= -DWRF_CHEM -DBUILD_CHEM=1 -DWRF_KPP -I. -traditional-cpp  module_kpp_saprc99_mosaic_8bin_vbs2_aq_JacobianSP.b  > module_kpp_saprc99_mosaic_8bin_vbs2_aq_JacobianSP.f90
rm -f module_kpp_saprc99_mosaic_8bin_vbs2_aq_JacobianSP.b
ifort -c -O3 -ip -fp-model precise -w -ftz -align all -fno-alias -FR -convert big_endian    -real-size `expr 8 \* 4` -i4  module_kpp_saprc99_mosaic_8bin_vbs2_aq_JacobianSP.f90
rm -f write_decomp.o
sed -f ../../../../arch/standard.sed write_decomp.F > write_decomp.b 
/lib/cpp -P -nostdinc -I../../../../inc -DEM_CORE=1 -DNMM_CORE=0 -DNMM_MAX_DIM=2600 -DCOAMPS_CORE= -DDA_CORE=0 -DEXP_CORE= -DIWORDSIZE=4 -DDWORDSIZE=8 -DRWORDSIZE=4 -DLWORDSIZE=4 -DNONSTANDARD_SYSTEM_FUNC  -DWRF_USE_CLM  -DSNICAR_FRC    -DDM_PARALLEL -DNETCDF -DUSE_ALLOCATABLES -DGRIB1 -DINTIO -DKEEP_INT_AROUND -DLIMIT_ARGS -DCONFIG_BUF_LEN=65536 -DMAX_DOMAINS_F=21 -DMAX_HISTORY=25 -DNMM_NEST= -DWRF_CHEM -DBUILD_CHEM=1 -DWRF_KPP -I. -traditional-cpp  write_decomp.b  > write_decomp.f90
rm -f write_decomp.b
ifort -c -O3 -ip -fp-model precise -w -ftz -align all -fno-alias -FR -convert big_endian    -real-size `expr 8 \* 4` -i4  write_decomp.f90
ifort -o write_decomp.exe module_kpp_saprc99_mosaic_8bin_vbs2_aq_Precision.o module_kpp_saprc99_mosaic_8bin_vbs2_aq_Parameters.o module_kpp_saprc99_mosaic_8bin_vbs2_aq_JacobianSP.o      write_decomp.o  
echo saprc99_mosaic_8bin_vbs2_aq > mech.tmp
make[1]: Leaving directory '/glade/work/rkumar/NASA_HMA/WRFchem_HMA/chem/KPP/util/write_decomp'
./write_decomp.exe
   -- in write_decomp
     for kpp mechanism: saprc99_mosaic_8bin_vbs2_aq
 fname:<decomp_saprc99_mosaic_8bin_vbs2_aq.inc>
make -i -r integr_edit
make[1]: Entering directory '/glade/work/rkumar/NASA_HMA/WRFchem_HMA/chem/KPP/util/write_decomp'
Makefile:50: warning: overriding recipe for target '.F.o'
../../../../configure.wrf:375: warning: ignoring old recipe for target '.F.o'
Makefile:58: warning: overriding recipe for target '.c.o'
../../../../configure.wrf:406: warning: ignoring old recipe for target '.c.o'
rm -f integr_edit.o
icc -c -w -O3 -ip  -DDM_PARALLEL -DMAX_HISTORY=25 -DNMM_CORE=0 integr_edit.c
icc -o integr_edit.exe integr_edit.o
make[1]: Leaving directory '/glade/work/rkumar/NASA_HMA/WRFchem_HMA/chem/KPP/util/write_decomp'
./integr_edit.exe saprc99_mosaic_8bin_vbs2_aq
   integr_edit: replacing     CALL saprc99_mosaic_8bin_vbs2_aq_KppDecomp ( A, ising )
 
  END MODULE saprc99_mosaic_8bin_vbs2_aq_Integrator
 make -i -r clean 
make[1]: Entering directory '/glade/work/rkumar/NASA_HMA/WRFchem_HMA/chem/KPP/util/write_decomp'
Makefile:50: warning: overriding recipe for target '.F.o'
../../../../configure.wrf:375: warning: ignoring old recipe for target '.F.o'
Makefile:58: warning: overriding recipe for target '.c.o'
../../../../configure.wrf:406: warning: ignoring old recipe for target '.c.o'
rm -f *.o *.tmp *.mod module_kpp_* *~ *.inc *.exe *.f90
make[1]: Leaving directory '/glade/work/rkumar/NASA_HMA/WRFchem_HMA/chem/KPP/util/write_decomp'
=========================================================
mechanisms/saprc99
ln -s ../../util/Makefile_kpp mechanisms/saprc99/Makefile
ln -s ../chem/KPP/inc/saprc99/extra_args_to_update_rconst_saprc99.inc /glade/work/rkumar/NASA_HMA/WRFchem_HMA/inc
ln -s ../chem/KPP/inc/saprc99/extra_args_update_rconst_saprc99.inc /glade/work/rkumar/NASA_HMA/WRFchem_HMA/inc
ln -s ../chem/KPP/inc/saprc99/extra_decls_update_rconst_saprc99.inc /glade/work/rkumar/NASA_HMA/WRFchem_HMA/inc
ln -s ../chem/KPP/inc/saprc99/kpp_mechd_a_saprc99.inc /glade/work/rkumar/NASA_HMA/WRFchem_HMA/inc
ln -s ../chem/KPP/inc/saprc99/kpp_mechd_b_saprc99.inc /glade/work/rkumar/NASA_HMA/WRFchem_HMA/inc
ln -s ../chem/KPP/inc/saprc99/kpp_mechd_e_saprc99.inc /glade/work/rkumar/NASA_HMA/WRFchem_HMA/inc
ln -s ../chem/KPP/inc/saprc99/kpp_mechd_ia_saprc99.inc /glade/work/rkumar/NASA_HMA/WRFchem_HMA/inc
ln -s ../chem/KPP/inc/saprc99/kpp_mechd_ib_saprc99.inc /glade/work/rkumar/NASA_HMA/WRFchem_HMA/inc
ln -s ../chem/KPP/inc/saprc99/kpp_mechd_ibu_saprc99.inc /glade/work/rkumar/NASA_HMA/WRFchem_HMA/inc
ln -s ../chem/KPP/inc/saprc99/kpp_mechd_l_saprc99.inc /glade/work/rkumar/NASA_HMA/WRFchem_HMA/inc
ln -s ../chem/KPP/inc/saprc99/kpp_mechd_u_saprc99.inc /glade/work/rkumar/NASA_HMA/WRFchem_HMA/inc
model saprc99
/glade/work/rkumar/NASA_HMA/WRFchem_HMA/chem/KPP/kpp/kpp-2.1/bin/kpp saprc99.kpp

This is KPP-2.1.

KPP is parsing the equation file.
KPP was told to generate WRF conform code
KPP is computing Jacobian sparsity structure.
KPP is starting the code generation.
KPP is initializing the code generation.
 
 KPP is using the WRF conform integrator routine: 
 /glade/work/rkumar/NASA_HMA/WRFchem_HMA/chem/KPP/kpp/kpp-2.1/int/WRF_conform/rosenbrock 

KPP is generating the monitor data:
    - saprc99_Monitor
KPP is generating the utility data:
    - saprc99_Util
KPP is generating the global declarations:
    - saprc99_Main
KPP is generating the ODE function:
    - saprc99_Function
KPP is generating the ODE Jacobian:
    - saprc99_Jacobian
    - saprc99_JacobianSP
KPP is generating the linear algebra routines:
    - saprc99_LinearAlgebra
KPP is generating the utility functions:
    - saprc99_Util
KPP is generating the rate laws:
    - saprc99_Rates
KPP is generating UpdateRconstWRF (WRF conform): 
    - saprc99_UpdateRconst
KPP is generating the parameters:
    - saprc99_Parameters
KPP is generating the global data:
    - saprc99_Global
KPP is generating the driver from general.f90:
    - saprc99_Main
KPP is starting the code post-processing.

KPP has succesfully created the model "saprc99".

cp -f saprc99_Integrator.f90 ../../../module_kpp_saprc99_Integr.F
cp -f saprc99_Parameters.f90 ../../../module_kpp_saprc99_Parameters.F
cp -f saprc99_Precision.f90 ../../../module_kpp_saprc99_Precision.F
cp -f saprc99_JacobianSP.f90 ../../../module_kpp_saprc99_JacobianSP.F
cp -f saprc99_Jacobian.f90 ../../../module_kpp_saprc99_Jacobian.F
cp -f saprc99_Update_Rconst.f90 ../../../module_kpp_saprc99_Update_Rconst.F
touch ../../util/run_wkc
Makefile:50: warning: overriding recipe for target '.F.o'
../../../../configure.wrf:375: warning: ignoring old recipe for target '.F.o'
Makefile:58: warning: overriding recipe for target '.c.o'
../../../../configure.wrf:406: warning: ignoring old recipe for target '.c.o'
rm -f decomp_uses.inc
echo USE saprc99_Parameters > decomp_uses.inc
echo USE saprc99_JacobianSP >> decomp_uses.inc
ln -sf  ../../../module_kpp_saprc99_Precision.F
ln -sf  ../../../module_kpp_saprc99_Parameters.F
ln -sf  ../../../module_kpp_saprc99_JacobianSP.F
ln -sf  ../../../module_kpp_saprc99_Integr.F
make -i -r comp
make[1]: Entering directory '/glade/work/rkumar/NASA_HMA/WRFchem_HMA/chem/KPP/util/write_decomp'
Makefile:50: warning: overriding recipe for target '.F.o'
../../../../configure.wrf:375: warning: ignoring old recipe for target '.F.o'
Makefile:58: warning: overriding recipe for target '.c.o'
../../../../configure.wrf:406: warning: ignoring old recipe for target '.c.o'
rm -f module_kpp_saprc99_Precision.o
sed -f ../../../../arch/standard.sed module_kpp_saprc99_Precision.F > module_kpp_saprc99_Precision.b 
/lib/cpp -P -nostdinc -I../../../../inc -DEM_CORE=1 -DNMM_CORE=0 -DNMM_MAX_DIM=2600 -DCOAMPS_CORE= -DDA_CORE=0 -DEXP_CORE= -DIWORDSIZE=4 -DDWORDSIZE=8 -DRWORDSIZE=4 -DLWORDSIZE=4 -DNONSTANDARD_SYSTEM_FUNC  -DWRF_USE_CLM  -DSNICAR_FRC    -DDM_PARALLEL -DNETCDF -DUSE_ALLOCATABLES -DGRIB1 -DINTIO -DKEEP_INT_AROUND -DLIMIT_ARGS -DCONFIG_BUF_LEN=65536 -DMAX_DOMAINS_F=21 -DMAX_HISTORY=25 -DNMM_NEST= -DWRF_CHEM -DBUILD_CHEM=1 -DWRF_KPP -I. -traditional-cpp  module_kpp_saprc99_Precision.b  > module_kpp_saprc99_Precision.f90
rm -f module_kpp_saprc99_Precision.b
ifort -c -O3 -ip -fp-model precise -w -ftz -align all -fno-alias -FR -convert big_endian    -real-size `expr 8 \* 4` -i4  module_kpp_saprc99_Precision.f90
rm -f module_kpp_saprc99_Parameters.o
sed -f ../../../../arch/standard.sed module_kpp_saprc99_Parameters.F > module_kpp_saprc99_Parameters.b 
/lib/cpp -P -nostdinc -I../../../../inc -DEM_CORE=1 -DNMM_CORE=0 -DNMM_MAX_DIM=2600 -DCOAMPS_CORE= -DDA_CORE=0 -DEXP_CORE= -DIWORDSIZE=4 -DDWORDSIZE=8 -DRWORDSIZE=4 -DLWORDSIZE=4 -DNONSTANDARD_SYSTEM_FUNC  -DWRF_USE_CLM  -DSNICAR_FRC    -DDM_PARALLEL -DNETCDF -DUSE_ALLOCATABLES -DGRIB1 -DINTIO -DKEEP_INT_AROUND -DLIMIT_ARGS -DCONFIG_BUF_LEN=65536 -DMAX_DOMAINS_F=21 -DMAX_HISTORY=25 -DNMM_NEST= -DWRF_CHEM -DBUILD_CHEM=1 -DWRF_KPP -I. -traditional-cpp  module_kpp_saprc99_Parameters.b  > module_kpp_saprc99_Parameters.f90
rm -f module_kpp_saprc99_Parameters.b
ifort -c -O3 -ip -fp-model precise -w -ftz -align all -fno-alias -FR -convert big_endian    -real-size `expr 8 \* 4` -i4  module_kpp_saprc99_Parameters.f90
rm -f module_kpp_saprc99_JacobianSP.o
sed -f ../../../../arch/standard.sed module_kpp_saprc99_JacobianSP.F > module_kpp_saprc99_JacobianSP.b 
/lib/cpp -P -nostdinc -I../../../../inc -DEM_CORE=1 -DNMM_CORE=0 -DNMM_MAX_DIM=2600 -DCOAMPS_CORE= -DDA_CORE=0 -DEXP_CORE= -DIWORDSIZE=4 -DDWORDSIZE=8 -DRWORDSIZE=4 -DLWORDSIZE=4 -DNONSTANDARD_SYSTEM_FUNC  -DWRF_USE_CLM  -DSNICAR_FRC    -DDM_PARALLEL -DNETCDF -DUSE_ALLOCATABLES -DGRIB1 -DINTIO -DKEEP_INT_AROUND -DLIMIT_ARGS -DCONFIG_BUF_LEN=65536 -DMAX_DOMAINS_F=21 -DMAX_HISTORY=25 -DNMM_NEST= -DWRF_CHEM -DBUILD_CHEM=1 -DWRF_KPP -I. -traditional-cpp  module_kpp_saprc99_JacobianSP.b  > module_kpp_saprc99_JacobianSP.f90
rm -f module_kpp_saprc99_JacobianSP.b
ifort -c -O3 -ip -fp-model precise -w -ftz -align all -fno-alias -FR -convert big_endian    -real-size `expr 8 \* 4` -i4  module_kpp_saprc99_JacobianSP.f90
rm -f write_decomp.o
sed -f ../../../../arch/standard.sed write_decomp.F > write_decomp.b 
/lib/cpp -P -nostdinc -I../../../../inc -DEM_CORE=1 -DNMM_CORE=0 -DNMM_MAX_DIM=2600 -DCOAMPS_CORE= -DDA_CORE=0 -DEXP_CORE= -DIWORDSIZE=4 -DDWORDSIZE=8 -DRWORDSIZE=4 -DLWORDSIZE=4 -DNONSTANDARD_SYSTEM_FUNC  -DWRF_USE_CLM  -DSNICAR_FRC    -DDM_PARALLEL -DNETCDF -DUSE_ALLOCATABLES -DGRIB1 -DINTIO -DKEEP_INT_AROUND -DLIMIT_ARGS -DCONFIG_BUF_LEN=65536 -DMAX_DOMAINS_F=21 -DMAX_HISTORY=25 -DNMM_NEST= -DWRF_CHEM -DBUILD_CHEM=1 -DWRF_KPP -I. -traditional-cpp  write_decomp.b  > write_decomp.f90
rm -f write_decomp.b
ifort -c -O3 -ip -fp-model precise -w -ftz -align all -fno-alias -FR -convert big_endian    -real-size `expr 8 \* 4` -i4  write_decomp.f90
ifort -o write_decomp.exe module_kpp_saprc99_Precision.o module_kpp_saprc99_Parameters.o module_kpp_saprc99_JacobianSP.o      write_decomp.o  
echo saprc99 > mech.tmp
make[1]: Leaving directory '/glade/work/rkumar/NASA_HMA/WRFchem_HMA/chem/KPP/util/write_decomp'
./write_decomp.exe
   -- in write_decomp
     for kpp mechanism: saprc99
 fname:<decomp_saprc99.inc>
make -i -r integr_edit
make[1]: Entering directory '/glade/work/rkumar/NASA_HMA/WRFchem_HMA/chem/KPP/util/write_decomp'
Makefile:50: warning: overriding recipe for target '.F.o'
../../../../configure.wrf:375: warning: ignoring old recipe for target '.F.o'
Makefile:58: warning: overriding recipe for target '.c.o'
../../../../configure.wrf:406: warning: ignoring old recipe for target '.c.o'
rm -f integr_edit.o
icc -c -w -O3 -ip  -DDM_PARALLEL -DMAX_HISTORY=25 -DNMM_CORE=0 integr_edit.c
icc -o integr_edit.exe integr_edit.o
make[1]: Leaving directory '/glade/work/rkumar/NASA_HMA/WRFchem_HMA/chem/KPP/util/write_decomp'
./integr_edit.exe saprc99
   integr_edit: replacing     CALL saprc99_KppDecomp ( A, ising )
 
  END MODULE saprc99_Integrator
 make -i -r clean 
make[1]: Entering directory '/glade/work/rkumar/NASA_HMA/WRFchem_HMA/chem/KPP/util/write_decomp'
Makefile:50: warning: overriding recipe for target '.F.o'
../../../../configure.wrf:375: warning: ignoring old recipe for target '.F.o'
Makefile:58: warning: overriding recipe for target '.c.o'
../../../../configure.wrf:406: warning: ignoring old recipe for target '.c.o'
rm -f *.o *.tmp *.mod module_kpp_* *~ *.inc *.exe *.f90
make[1]: Leaving directory '/glade/work/rkumar/NASA_HMA/WRFchem_HMA/chem/KPP/util/write_decomp'
tuv_kpp: Argument = LAST
=========================================================
ln -s ../chem/KPP/inc/fixed_args_kpp_interf.inc /glade/work/rkumar/NASA_HMA/WRFchem_HMA/inc
ln -s ../chem/KPP/inc/fixed_decl_kpp_interf.inc /glade/work/rkumar/NASA_HMA/WRFchem_HMA/inc
ln -s ../chem/KPP/inc/kpp_ctrl_default.inc /glade/work/rkumar/NASA_HMA/WRFchem_HMA/inc
 
RUN WRF-Chem KPP coupler ---------------------------
opening Registry/registry.dimspec
including Registry/registry.dimspec
opening Registry/Registry.EM_COMMON
including Registry/Registry.EM_COMMON
opening Registry/registry.io_boilerplate
including Registry/registry.io_boilerplate
opening Registry/io_boilerplate_temporary.inc
Registry warning: cannot open Registry/io_boilerplate_temporary.inc. Ignoring.
opening Registry/registry.chem
including Registry/registry.chem
opening Registry/registry.fire
including Registry/registry.fire
opening Registry/registry.avgflx
including Registry/registry.avgflx
opening Registry/registry.stoch
including Registry/registry.stoch
opening Registry/registry.les
including Registry/registry.les
opening Registry/registry.cam
including Registry/registry.cam
opening Registry/registry.clm
including Registry/registry.clm
opening Registry/registry.lake
including Registry/registry.lake
opening Registry/registry.ssib
including Registry/registry.ssib
opening Registry/registry.sbm
including Registry/registry.sbm
opening Registry/registry.diags
including Registry/registry.diags
opening Registry/registry.afwa
including Registry/registry.afwa
opening Registry/registry.rasm_diag
including Registry/registry.rasm_diag
opening Registry/registry.elec
including Registry/registry.elec
opening Registry/registry.bdy_perturb
including Registry/registry.bdy_perturb
opening Registry/registry.new3d_gca
including Registry/registry.new3d_gca
opening Registry/registry.hyb_coord
including Registry/registry.hyb_coord
opening Registry/registry.new3d_wif
including Registry/registry.new3d_wif
 spcfilename: chem/KPP/mechanisms/saprc99_mosaic_8bin_vbs2_aq/saprc99_mosaic_8bin_vbs2_aq.spc 
 spcfilename: chem/KPP/mechanisms/radm2sorg/radm2sorg.spc 
 spcfilename: chem/KPP/mechanisms/racm_soa_vbs_aqchem/racm_soa_vbs_aqchem.spc 
 spcfilename: chem/KPP/mechanisms/cb05_sorg_vbs_aq/cb05_sorg_vbs_aq.spc 
 spcfilename: chem/KPP/mechanisms/racm/racm.spc 
 spcfilename: chem/KPP/mechanisms/mozart_mosaic_4bin/mozart_mosaic_4bin.spc 
 spcfilename: chem/KPP/mechanisms/cbm4/cbm4.spc 
 spcfilename: chem/KPP/mechanisms/nmhc9/nmhc9.spc 
 spcfilename: chem/KPP/mechanisms/cri_mosaic_8bin_aq/cri_mosaic_8bin_aq.spc 
 spcfilename: chem/KPP/mechanisms/racmpm/racmpm.spc 
 spcfilename: chem/KPP/mechanisms/racm_esrlsorg/racm_esrlsorg.spc 
 spcfilename: chem/KPP/mechanisms/saprc99/saprc99.spc 
 spcfilename: chem/KPP/mechanisms/mozart_mosaic_4bin_aq/mozart_mosaic_4bin_aq.spc 
 spcfilename: chem/KPP/mechanisms/crimech/crimech.spc 
 spcfilename: chem/KPP/mechanisms/cbmz_mosaic/cbmz_mosaic.spc 
 spcfilename: chem/KPP/mechanisms/cri_mosaic_4bin_aq/cri_mosaic_4bin_aq.spc 
 spcfilename: chem/KPP/mechanisms/racmsorg_aqchem/racmsorg_aqchem.spc 
 spcfilename: chem/KPP/mechanisms/radm2/radm2.spc 
 spcfilename: chem/KPP/mechanisms/racm_soa_vbs/racm_soa_vbs.spc 
 spcfilename: chem/KPP/mechanisms/mozart/mozart.spc 
 spcfilename: chem/KPP/mechanisms/racmsorg/racmsorg.spc 
 spcfilename: chem/KPP/mechanisms/cbmz_bb/cbmz_bb.spc 
 spcfilename: chem/KPP/mechanisms/cb05_sorg_aq/cb05_sorg_aq.spc 
 spcfilename: chem/KPP/mechanisms/mozcart/mozcart.spc 
 spcfilename: chem/KPP/mechanisms/gocartracm/gocartracm.spc 
 spcfilename: chem/KPP/mechanisms/racm_mim/racm_mim.spc 
 spcfilename: chem/KPP/mechanisms/saprc99_mosaic_4bin_vbs2/saprc99_mosaic_4bin_vbs2.spc 
 spcfilename: chem/KPP/mechanisms/racm_esrlsorg_aqchem/racm_esrlsorg_aqchem.spc 

 
 FOUND match between WRF-Chem/KPP for mechanism:  saprc99_mosaic_8bin_vbs2_aq 
 Found file chem/KPP/mechanisms/saprc99_mosaic_8bin_vbs2_aq/saprc99_mosaic_8bin_vbs2_aq_wrfkpp.equiv

 
 FOUND match between WRF-Chem/KPP for mechanism:  radm2sorg 
 Found file chem/KPP/mechanisms/radm2sorg/radm2sorg_wrfkpp.equiv

 
 FOUND match between WRF-Chem/KPP for mechanism:  racm_soa_vbs_aqchem 
 Found file chem/KPP/mechanisms/racm_soa_vbs_aqchem/racm_soa_vbs_aqchem_wrfkpp.equiv

 
 FOUND match between WRF-Chem/KPP for mechanism:  cb05_sorg_vbs_aq 
 Found file chem/KPP/mechanisms/cb05_sorg_vbs_aq/cb05_sorg_vbs_aq_wrfkpp.equiv

 
 FOUND match between WRF-Chem/KPP for mechanism:  racm 
 Found file chem/KPP/mechanisms/racm/racm_wrfkpp.equiv

 
 FOUND match between WRF-Chem/KPP for mechanism:  mozart_mosaic_4bin 
 Found file chem/KPP/mechanisms/mozart_mosaic_4bin/mozart_mosaic_4bin_wrfkpp.equiv

 
 FOUND match between WRF-Chem/KPP for mechanism:  cbm4 
 Found file chem/KPP/mechanisms/cbm4/cbm4_wrfkpp.equiv
ERROR: variable name for third body in KPP species file is expected to be  M, but was not found in cbm4 species file 

 
 FOUND match between WRF-Chem/KPP for mechanism:  nmhc9 
 Found file chem/KPP/mechanisms/nmhc9/nmhc9_wrfkpp.equiv

 
 FOUND match between WRF-Chem/KPP for mechanism:  cri_mosaic_8bin_aq 
 Found file chem/KPP/mechanisms/cri_mosaic_8bin_aq/cri_mosaic_8bin_aq_wrfkpp.equiv

 
 FOUND match between WRF-Chem/KPP for mechanism:  racmpm 
 Found file chem/KPP/mechanisms/racmpm/racmpm_wrfkpp.equiv

 
 FOUND match between WRF-Chem/KPP for mechanism:  racm_esrlsorg 
 Found file chem/KPP/mechanisms/racm_esrlsorg/racm_esrlsorg_wrfkpp.equiv

 
 FOUND match between WRF-Chem/KPP for mechanism:  saprc99 
 Found file chem/KPP/mechanisms/saprc99/saprc99_wrfkpp.equiv

 
 FOUND match between WRF-Chem/KPP for mechanism:  mozart_mosaic_4bin_aq 
 Found file chem/KPP/mechanisms/mozart_mosaic_4bin_aq/mozart_mosaic_4bin_aq_wrfkpp.equiv

 
 FOUND match between WRF-Chem/KPP for mechanism:  crimech 
 Found file chem/KPP/mechanisms/crimech/crimech_wrfkpp.equiv

 
 FOUND match between WRF-Chem/KPP for mechanism:  cbmz_mosaic 
 Found file chem/KPP/mechanisms/cbmz_mosaic/cbmz_mosaic_wrfkpp.equiv

 
 FOUND match between WRF-Chem/KPP for mechanism:  cri_mosaic_4bin_aq 
 Found file chem/KPP/mechanisms/cri_mosaic_4bin_aq/cri_mosaic_4bin_aq_wrfkpp.equiv

 
 FOUND match between WRF-Chem/KPP for mechanism:  racmsorg_aqchem 
 Found file chem/KPP/mechanisms/racmsorg_aqchem/racmsorg_aqchem_wrfkpp.equiv

 
 FOUND match between WRF-Chem/KPP for mechanism:  radm2 
 Found file chem/KPP/mechanisms/radm2/radm2_wrfkpp.equiv

 
 FOUND match between WRF-Chem/KPP for mechanism:  racm_soa_vbs 
 Found file chem/KPP/mechanisms/racm_soa_vbs/racm_soa_vbs_wrfkpp.equiv

 
 FOUND match between WRF-Chem/KPP for mechanism:  mozart 
 Found file chem/KPP/mechanisms/mozart/mozart_wrfkpp.equiv

 
 FOUND match between WRF-Chem/KPP for mechanism:  racmsorg 
 Found file chem/KPP/mechanisms/racmsorg/racmsorg_wrfkpp.equiv

 
 FOUND match between WRF-Chem/KPP for mechanism:  cbmz_bb 
 Found file chem/KPP/mechanisms/cbmz_bb/cbmz_bb_wrfkpp.equiv

 
 FOUND match between WRF-Chem/KPP for mechanism:  cb05_sorg_aq 
 Found file chem/KPP/mechanisms/cb05_sorg_aq/cb05_sorg_aq_wrfkpp.equiv

 
 FOUND match between WRF-Chem/KPP for mechanism:  mozcart 
 Found file chem/KPP/mechanisms/mozcart/mozcart_wrfkpp.equiv

 
 FOUND match between WRF-Chem/KPP for mechanism:  gocartracm 
 Found file chem/KPP/mechanisms/gocartracm/gocartracm_wrfkpp.equiv

 
 FOUND match between WRF-Chem/KPP for mechanism:  racm_mim 
 Found file chem/KPP/mechanisms/racm_mim/racm_mim_wrfkpp.equiv

 
 FOUND match between WRF-Chem/KPP for mechanism:  saprc99_mosaic_4bin_vbs2 
 Found file chem/KPP/mechanisms/saprc99_mosaic_4bin_vbs2/saprc99_mosaic_4bin_vbs2_wrfkpp.equiv

 
 FOUND match between WRF-Chem/KPP for mechanism:  racm_esrlsorg_aqchem 
 Found file chem/KPP/mechanisms/racm_esrlsorg_aqchem/racm_esrlsorg_aqchem_wrfkpp.equiv
MATCHING PACK:  saprc99_mosaic_8bin_vbs2_aq_kpp 
 1 found (special) H2O WATER VAPOR  
 1 found (special) M THIRD BODY  
MATCHING PACK:  radm2sorg_kpp 
 1 found (special) H2O WATER VAPOR  
 1 found (special) M THIRD BODY  
MATCHING PACK:  racm_soa_vbs_aqchem_kpp 
 1 found (special) H2O WATER VAPOR  
 1 found (special) M THIRD BODY  
MATCHING PACK:  cb05_sorg_vbs_aq_kpp 
 1 found (special) H2O WATER VAPOR  
 1 found (special) M THIRD BODY  
MATCHING PACK:  racm_kpp 
 1 found (special) H2O WATER VAPOR  
 1 found (special) M THIRD BODY  
MATCHING PACK:  mozart_mosaic_4bin_kpp 
 1 found (special) H2O WATER VAPOR  
 1 found (special) M THIRD BODY  
MATCHING PACK:  cbm4_kpp 
 1 found (special) H2O WATER VAPOR  
MATCHING PACK:  nmhc9_kpp 
 1 found (special) H2O WATER VAPOR  
 1 found (special) M THIRD BODY  
MATCHING PACK:  cri_mosaic_8bin_aq_kpp 
 1 found (special) H2O WATER VAPOR  
 1 found (special) M THIRD BODY  
MATCHING PACK:  racmpm_kpp 
 1 found (special) H2O WATER VAPOR  
 1 found (special) M THIRD BODY  
MATCHING PACK:  racm_esrlsorg_kpp 
 1 found (special) H2O WATER VAPOR  
 1 found (special) M THIRD BODY  
MATCHING PACK:  saprc99_kpp 
 1 found (special) H2O WATER VAPOR  
 1 found (special) M THIRD BODY  
MATCHING PACK:  mozart_mosaic_4bin_aq_kpp 
 1 found (special) H2O WATER VAPOR  
 1 found (special) M THIRD BODY  
MATCHING PACK:  crimech_kpp 
 1 found (special) H2O WATER VAPOR  
 1 found (special) M THIRD BODY  
MATCHING PACK:  cbmz_mosaic_kpp 
 1 found (special) H2O WATER VAPOR  
 1 found (special) M THIRD BODY  
MATCHING PACK:  cri_mosaic_4bin_aq_kpp 
 1 found (special) H2O WATER VAPOR  
 1 found (special) M THIRD BODY  
MATCHING PACK:  racmsorg_aqchem_kpp 
 1 found (special) H2O WATER VAPOR  
 1 found (special) M THIRD BODY  
MATCHING PACK:  radm2_kpp 
 1 found (special) H2O WATER VAPOR  
 1 found (special) M THIRD BODY  
MATCHING PACK:  racm_soa_vbs_kpp 
 1 found (special) H2O WATER VAPOR  
 1 found (special) M THIRD BODY  
MATCHING PACK:  mozart_kpp 
 1 found (special) H2O WATER VAPOR  
 1 found (special) M THIRD BODY  
MATCHING PACK:  racmsorg_kpp 
 1 found (special) H2O WATER VAPOR  
 1 found (special) M THIRD BODY  
MATCHING PACK:  cbmz_bb_kpp 
 1 found (special) H2O WATER VAPOR  
 1 found (special) M THIRD BODY  
MATCHING PACK:  cb05_sorg_aq_kpp 
 1 found (special) H2O WATER VAPOR  
 1 found (special) M THIRD BODY  
MATCHING PACK:  mozcart_kpp 
 1 found (special) H2O WATER VAPOR  
 1 found (special) M THIRD BODY  
MATCHING PACK:  gocartracm_kpp 
 1 found (special) H2O WATER VAPOR  
 1 found (special) M THIRD BODY  
MATCHING PACK:  racm_mim_kpp 
 1 found (special) H2O WATER VAPOR  
 1 found (special) M THIRD BODY  
MATCHING PACK:  saprc99_mosaic_4bin_vbs2_kpp 
 1 found (special) H2O WATER VAPOR  
 1 found (special) M THIRD BODY  
MATCHING PACK:  racm_esrlsorg_aqchem_kpp 
 1 found (special) H2O WATER VAPOR  
 1 found (special) M THIRD BODY  
next: get_wrf_chem_specs 
next: get_wrf_radicals 
next: get_wrf_jvals 
next: get_kpp_chem_specs 
chem/KPP/mechanisms/saprc99_mosaic_8bin_vbs2_aq 
 Found chem/KPP/mechanisms/saprc99_mosaic_8bin_vbs2_aq/saprc99_mosaic_8bin_vbs2_aq.spc 
chem/KPP/mechanisms/radm2sorg 
 Found chem/KPP/mechanisms/radm2sorg/radm2sorg.spc 
chem/KPP/mechanisms/racm_soa_vbs_aqchem 
 Found chem/KPP/mechanisms/racm_soa_vbs_aqchem/racm_soa_vbs_aqchem.spc 
chem/KPP/mechanisms/cb05_sorg_vbs_aq 
 Found chem/KPP/mechanisms/cb05_sorg_vbs_aq/cb05_sorg_vbs_aq.spc 
chem/KPP/mechanisms/racm 
 Found chem/KPP/mechanisms/racm/racm.spc 
chem/KPP/mechanisms/mozart_mosaic_4bin 
 Found chem/KPP/mechanisms/mozart_mosaic_4bin/mozart_mosaic_4bin.spc 
chem/KPP/mechanisms/cbm4 
 Found chem/KPP/mechanisms/cbm4/cbm4.spc 
chem/KPP/mechanisms/nmhc9 
 Found chem/KPP/mechanisms/nmhc9/nmhc9.spc 
chem/KPP/mechanisms/cri_mosaic_8bin_aq 
 Found chem/KPP/mechanisms/cri_mosaic_8bin_aq/cri_mosaic_8bin_aq.spc 
chem/KPP/mechanisms/racmpm 
 Found chem/KPP/mechanisms/racmpm/racmpm.spc 
chem/KPP/mechanisms/racm_esrlsorg 
 Found chem/KPP/mechanisms/racm_esrlsorg/racm_esrlsorg.spc 
chem/KPP/mechanisms/saprc99 
 Found chem/KPP/mechanisms/saprc99/saprc99.spc 
chem/KPP/mechanisms/mozart_mosaic_4bin_aq 
 Found chem/KPP/mechanisms/mozart_mosaic_4bin_aq/mozart_mosaic_4bin_aq.spc 
chem/KPP/mechanisms/crimech 
 Found chem/KPP/mechanisms/crimech/crimech.spc 
chem/KPP/mechanisms/cbmz_mosaic 
 Found chem/KPP/mechanisms/cbmz_mosaic/cbmz_mosaic.spc 
chem/KPP/mechanisms/cri_mosaic_4bin_aq 
 Found chem/KPP/mechanisms/cri_mosaic_4bin_aq/cri_mosaic_4bin_aq.spc 
chem/KPP/mechanisms/racmsorg_aqchem 
 Found chem/KPP/mechanisms/racmsorg_aqchem/racmsorg_aqchem.spc 
chem/KPP/mechanisms/radm2 
 Found chem/KPP/mechanisms/radm2/radm2.spc 
chem/KPP/mechanisms/racm_soa_vbs 
 Found chem/KPP/mechanisms/racm_soa_vbs/racm_soa_vbs.spc 
chem/KPP/mechanisms/mozart 
 Found chem/KPP/mechanisms/mozart/mozart.spc 
chem/KPP/mechanisms/racmsorg 
 Found chem/KPP/mechanisms/racmsorg/racmsorg.spc 
chem/KPP/mechanisms/cbmz_bb 
 Found chem/KPP/mechanisms/cbmz_bb/cbmz_bb.spc 
chem/KPP/mechanisms/cb05_sorg_aq 
 Found chem/KPP/mechanisms/cb05_sorg_aq/cb05_sorg_aq.spc 
chem/KPP/mechanisms/mozcart 
 Found chem/KPP/mechanisms/mozcart/mozcart.spc 
chem/KPP/mechanisms/gocartracm 
 Found chem/KPP/mechanisms/gocartracm/gocartracm.spc 
chem/KPP/mechanisms/racm_mim 
 Found chem/KPP/mechanisms/racm_mim/racm_mim.spc 
chem/KPP/mechanisms/saprc99_mosaic_4bin_vbs2 
 Found chem/KPP/mechanisms/saprc99_mosaic_4bin_vbs2/saprc99_mosaic_4bin_vbs2.spc 
chem/KPP/mechanisms/racm_esrlsorg_aqchem 
 Found chem/KPP/mechanisms/racm_esrlsorg_aqchem/racm_esrlsorg_aqchem.spc 
next: compare_kpp_to_species 
 ... testing  saprc99_mosaic_8bin_vbs2_aq saprc99_mosaic_8bin_vbs2_aq
 kpp_name,  wrf_name   OH HO 
  ... testing  radm2sorg radm2sorg
 kpp_name,  wrf_name   OH HO 
  ... testing  racm_soa_vbs_aqchem racm_soa_vbs_aqchem
 kpp_name,  wrf_name   PHO RPHO 
  ... testing  cb05_sorg_vbs_aq cb05_sorg_vbs_aq
 ... testing  racm racm
 kpp_name,  wrf_name   PHO RPHO 
  ... testing  mozart_mosaic_4bin mozart_mosaic_4bin
 kpp_name,  wrf_name   OH HO 
  kpp_name,  wrf_name   HO2NO2 HNO4 
  kpp_name,  wrf_name   CH2O HCHO 
  kpp_name,  wrf_name   CH3COCH3 ACET 
  kpp_name,  wrf_name   ROOH ACETP 
  kpp_name,  wrf_name   HYAC ACETOL 
  kpp_name,  wrf_name   RO2 ACETO2 
  kpp_name,  wrf_name   CH3COCHO MGLY 
  kpp_name,  wrf_name   CH3CO3 ACO3 
  kpp_name,  wrf_name   CH3COOOH PAA 
  kpp_name,  wrf_name   GLYOXAL GLY 
  kpp_name,  wrf_name   POOH C3H6OOH 
  kpp_name,  wrf_name   C2H5OOH ETOOH 
  kpp_name,  wrf_name   C2H5O2 ETO2 
  kpp_name,  wrf_name   CH3CHO ALD 
  kpp_name,  wrf_name   MACRO2 MVKO2 
  kpp_name,  wrf_name   MACROOH MVKOOH 
  kpp_name,  wrf_name   C3H7OOH PROOH 
  kpp_name,  wrf_name   C3H7O2 PRO2 
  kpp_name,  wrf_name   ISOP ISOPR 
  kpp_name,  wrf_name   ISOPO2 ISO2 
  kpp_name,  wrf_name   ISOPOOH ISOOH 
  kpp_name,  wrf_name   ISOPNO3 ISOPN 
  kpp_name,  wrf_name   BIGALD OPEN 
  kpp_name,  wrf_name   CRESOL CRES 
  kpp_name,  wrf_name   TOLUENE TOL 
  kpp_name,  wrf_name   TOLO2 TO2 
  kpp_name,  wrf_name   SO4 SULF 
  kpp_name,  wrf_name   PHENOL PHEN 
  kpp_name,  wrf_name   XYLENES XYL 
  kpp_name,  wrf_name   BZALD BALD 
  ... testing  cbm4 cbm4
 ... testing  nmhc9 nmhc9
 kpp_name,  wrf_name   MEOOH OP1 
  kpp_name,  wrf_name   ISOP ISOPR 
  kpp_name,  wrf_name   OH HO 
  ... testing  cri_mosaic_8bin_aq cri_mosaic_8bin_aq
 kpp_name,  wrf_name   OH HO 
  kpp_name,  wrf_name   CH3COCH3 KET 
  kpp_name,  wrf_name   CH3CO3 ACO3 
  kpp_name,  wrf_name   CH3CO3H PAA 
  kpp_name,  wrf_name   IC3H7OOH PROOH 
  kpp_name,  wrf_name   H2SO4 SULF 
  ... testing  racmpm racmpm
 kpp_name,  wrf_name   PHO RPHO 
  ... testing  racm_esrlsorg racm_esrlsorg
 kpp_name,  wrf_name   PHO RPHO 
  ... testing  saprc99 saprc99
 kpp_name,  wrf_name   OH HO 
  ... testing  mozart_mosaic_4bin_aq mozart_mosaic_4bin_aq
 kpp_name,  wrf_name   OH HO 
  kpp_name,  wrf_name   HO2NO2 HNO4 
  kpp_name,  wrf_name   CH2O HCHO 
  kpp_name,  wrf_name   CH3COCH3 ACET 
  kpp_name,  wrf_name   ROOH ACETP 
  kpp_name,  wrf_name   HYAC ACETOL 
  kpp_name,  wrf_name   RO2 ACETO2 
  kpp_name,  wrf_name   CH3COCHO MGLY 
  kpp_name,  wrf_name   CH3CO3 ACO3 
  kpp_name,  wrf_name   CH3COOOH PAA 
  kpp_name,  wrf_name   GLYOXAL GLY 
  kpp_name,  wrf_name   POOH C3H6OOH 
  kpp_name,  wrf_name   C2H5OOH ETOOH 
  kpp_name,  wrf_name   C2H5O2 ETO2 
  kpp_name,  wrf_name   CH3CHO ALD 
  kpp_name,  wrf_name   MACRO2 MVKO2 
  kpp_name,  wrf_name   MACROOH MVKOOH 
  kpp_name,  wrf_name   C3H7OOH PROOH 
  kpp_name,  wrf_name   C3H7O2 PRO2 
  kpp_name,  wrf_name   ISOP ISOPR 
  kpp_name,  wrf_name   ISOPO2 ISO2 
  kpp_name,  wrf_name   ISOPOOH ISOOH 
  kpp_name,  wrf_name   ISOPNO3 ISOPN 
  kpp_name,  wrf_name   BIGALD OPEN 
  kpp_name,  wrf_name   CRESOL CRES 
  kpp_name,  wrf_name   TOLUENE TOL 
  kpp_name,  wrf_name   TOLO2 TO2 
  kpp_name,  wrf_name   SO4 SULF 
  kpp_name,  wrf_name   PHENOL PHEN 
  kpp_name,  wrf_name   XYLENES XYL 
  kpp_name,  wrf_name   BZALD BALD 
  ... testing  crimech crimech
 kpp_name,  wrf_name   OH HO 
  kpp_name,  wrf_name   CH3COCH3 KET 
  kpp_name,  wrf_name   CH3CO3 ACO3 
  kpp_name,  wrf_name   CH3CO3H PAA 
  kpp_name,  wrf_name   IC3H7OOH PROOH 
  kpp_name,  wrf_name   H2SO4 SULF 
  ... testing  cbmz_mosaic cbmz_mosaic
 kpp_name,  wrf_name   OH HO 
  kpp_name,  wrf_name   H2SO4 SULF 
  kpp_name,  wrf_name   C2H6 ETH 
  kpp_name,  wrf_name   ALD2 ALD 
  kpp_name,  wrf_name   AONE KET 
  kpp_name,  wrf_name   C2H4 OL2 
  kpp_name,  wrf_name   OLET OLT 
  kpp_name,  wrf_name   OLEI OLI 
  kpp_name,  wrf_name   CRES CSL 
  kpp_name,  wrf_name   ISOP ISO 
  kpp_name,  wrf_name   CH3OOH OP1 
  kpp_name,  wrf_name   ETHOOH OP2 
  kpp_name,  wrf_name   HCOOH ORA1 
  kpp_name,  wrf_name   RCOOH ORA2 
  kpp_name,  wrf_name   ANOL C2H5OH 
  kpp_name,  wrf_name   ROOH OP3 
  ... testing  cri_mosaic_4bin_aq cri_mosaic_4bin_aq
 kpp_name,  wrf_name   OH HO 
  kpp_name,  wrf_name   CH3COCH3 KET 
  kpp_name,  wrf_name   CH3CO3 ACO3 
  kpp_name,  wrf_name   CH3CO3H PAA 
  kpp_name,  wrf_name   IC3H7OOH PROOH 
  kpp_name,  wrf_name   H2SO4 SULF 
  ... testing  racmsorg_aqchem racmsorg_aqchem
 kpp_name,  wrf_name   PHO RPHO 
  ... testing  radm2 radm2
 kpp_name,  wrf_name   OH HO 
  ... testing  racm_soa_vbs racm_soa_vbs
 kpp_name,  wrf_name   PHO RPHO 
  ... testing  mozart mozart
 kpp_name,  wrf_name   OH HO 
  kpp_name,  wrf_name   HO2NO2 HNO4 
  kpp_name,  wrf_name   CH2O HCHO 
  kpp_name,  wrf_name   CH3COCH3 ACET 
  kpp_name,  wrf_name   ROOH ACETP 
  kpp_name,  wrf_name   HYAC ACETOL 
  kpp_name,  wrf_name   RO2 ACETO2 
  kpp_name,  wrf_name   CH3COCHO MGLY 
  kpp_name,  wrf_name   CH3CO3 ACO3 
  kpp_name,  wrf_name   CH3COOOH PAA 
  kpp_name,  wrf_name   GLYOXAL GLY 
  kpp_name,  wrf_name   POOH C3H6OOH 
  kpp_name,  wrf_name   C2H5OOH ETOOH 
  kpp_name,  wrf_name   C2H5O2 ETO2 
  kpp_name,  wrf_name   CH3CHO ALD 
  kpp_name,  wrf_name   MACRO2 MVKO2 
  kpp_name,  wrf_name   MACROOH MVKOOH 
  kpp_name,  wrf_name   C3H7OOH PROOH 
  kpp_name,  wrf_name   C3H7O2 PRO2 
  kpp_name,  wrf_name   ISOP ISOPR 
  kpp_name,  wrf_name   ISOPO2 ISO2 
  kpp_name,  wrf_name   ISOPOOH ISOOH 
  kpp_name,  wrf_name   ISOPNO3 ISOPN 
  kpp_name,  wrf_name   BIGALD OPEN 
  kpp_name,  wrf_name   CRESOL CRES 
  kpp_name,  wrf_name   TOLUENE TOL 
  kpp_name,  wrf_name   TOLO2 TO2 
  kpp_name,  wrf_name   SO4 SULF 
  ... testing  racmsorg racmsorg
 kpp_name,  wrf_name   PHO RPHO 
  ... testing  cbmz_bb cbmz_bb
 kpp_name,  wrf_name   OH HO 
  kpp_name,  wrf_name   H2SO4 SULF 
  kpp_name,  wrf_name   C2H6 ETH 
  kpp_name,  wrf_name   ALD2 ALD 
  kpp_name,  wrf_name   AONE KET 
  kpp_name,  wrf_name   C2H4 OL2 
  kpp_name,  wrf_name   OLET OLT 
  kpp_name,  wrf_name   OLEI OLI 
  kpp_name,  wrf_name   CRES CSL 
  kpp_name,  wrf_name   ISOP ISO 
  kpp_name,  wrf_name   CH3OOH OP1 
  kpp_name,  wrf_name   ETHOOH OP2 
  kpp_name,  wrf_name   HCOOH ORA1 
  kpp_name,  wrf_name   RCOOH ORA2 
  kpp_name,  wrf_name   ANOL C2H5OH 
  kpp_name,  wrf_name   ROOH OP3 
  ... testing  cb05_sorg_aq cb05_sorg_aq
 ... testing  mozcart mozcart
 kpp_name,  wrf_name   OH HO 
  kpp_name,  wrf_name   HO2NO2 HNO4 
  kpp_name,  wrf_name   CH2O HCHO 
  kpp_name,  wrf_name   CH3COCH3 ACET 
  kpp_name,  wrf_name   ROOH ACETP 
  kpp_name,  wrf_name   HYAC ACETOL 
  kpp_name,  wrf_name   RO2 ACETO2 
  kpp_name,  wrf_name   CH3COCHO MGLY 
  kpp_name,  wrf_name   CH3CO3 ACO3 
  kpp_name,  wrf_name   CH3COOOH PAA 
  kpp_name,  wrf_name   GLYOXAL GLY 
  kpp_name,  wrf_name   POOH C3H6OOH 
  kpp_name,  wrf_name   C2H5OOH ETOOH 
  kpp_name,  wrf_name   C2H5O2 ETO2 
  kpp_name,  wrf_name   CH3CHO ALD 
  kpp_name,  wrf_name   MACRO2 MVKO2 
  kpp_name,  wrf_name   MACROOH MVKOOH 
  kpp_name,  wrf_name   C3H7OOH PROOH 
  kpp_name,  wrf_name   C3H7O2 PRO2 
  kpp_name,  wrf_name   ISOP ISOPR 
  kpp_name,  wrf_name   ISOPO2 ISO2 
  kpp_name,  wrf_name   ISOPOOH ISOOH 
  kpp_name,  wrf_name   ISOPNO3 ISOPN 
  kpp_name,  wrf_name   BIGALD OPEN 
  kpp_name,  wrf_name   CRESOL CRES 
  kpp_name,  wrf_name   TOLUENE TOL 
  kpp_name,  wrf_name   TOLO2 TO2 
  kpp_name,  wrf_name   SO4 SULF 
  ... testing  gocartracm gocartracm
 kpp_name,  wrf_name   PHO RPHO 
  ... testing  racm_mim racm_mim
 kpp_name,  wrf_name   PHO RPHO 
  ... testing  saprc99_mosaic_4bin_vbs2 saprc99_mosaic_4bin_vbs2
 kpp_name,  wrf_name   OH HO 
  ... testing  racm_esrlsorg_aqchem racm_esrlsorg_aqchem
 kpp_name,  wrf_name   PHO RPHO 
 next: screen_out 
next: check_all 
next: change_chem_Makefile  
next: gen_kpp_mechanism_driver (writing chem/kpp_mechanism_driver.F) 
next: gen_call_to_kpp_mechanism_driver (writing inc/call_to_kpp_mech_drive.inc) 
next: gen_kpp_args_to_Update_Rconst (writing inc/args_to_update_rconst.inc and inc/<decls_update_rconst.inc) 
next: gen_kpp_interface (writing several module_kpp_* for each mechanism)
DONE gen_kpp 
 back from KPP coupler: check generated code in chem directory
end of compile_wkc
=========================================================
copying Registry/Registry.EM_CHEM to Registry/Registry
 
============================================================================================== 
 
V3.9.1    
 
Compiling: WRF_EM_CORE  
WRFIO_NCD_LARGE_FILE_SUPPORT=1
 
Linux cheyenne5 4.12.14-95.51-default #1 SMP Fri Apr 17 08:14:12 UTC 2020 (c6bab98) x86_64 x86_64 x86_64 GNU/Linux
 
Intel(R) Fortran Intel(R) 64 Compiler for applications running on Intel(R) 64, Version 19.1.1.217 Build 20200306
Copyright (C) 1985-2020 Intel Corporation.  All rights reserved.
ifort: warning #10315: specifying -lm before files may supersede the Intel(R) math library and affect performance
ifort: warning #10315: specifying -lm before files may supersede the Intel(R) math library and affect performance

GNU ld (GNU Binutils; SUSE Linux Enterprise 12) 2.31.1.20180828-9.26
/usr/lib64/gcc/x86_64-suse-linux/4.8/../../../../x86_64-suse-linux/bin/ld: /glade/u/apps/opt/intel/2020u1/compilers_and_libraries_2020.1.217/linux/compiler/lib/intel64_lin/for_main.o: in function `main':
for_main.c:(.text+0x2e): undefined reference to `MAIN__'
 
============================================================================================== 
 
setting parallel make -j 2
 
============================================================================================== 
 
The following indicate the compilers selected to build the WRF system
 
Serial Fortran compiler (mostly for tool generation):
which SFC
/glade/u/apps/ch/opt/ncarcompilers/0.5.0/intel/19.1.1/ifort
 
Serial C compiler (mostly for tool generation):
which SCC
/glade/u/apps/ch/opt/ncarcompilers/0.5.0/intel/19.1.1/icc
 
Fortran compiler for the model source code:
which FC
/glade/u/apps/ch/opt/ncarcompilers/0.5.0/intel/19.1.1/mpi/mpif90
Will use 'time' to report timing information
 
C compiler for the model source code:
which CC
/glade/u/apps/ch/opt/ncarcompilers/0.5.0/intel/19.1.1/mpi/mpicc
 
============================================================================================== 
 
make -i -r MODULE_DIRS="-I../dyn_em -I../dyn_nmm   -I/glade/work/rkumar/NASA_HMA/WRFchem_HMA/external/esmf_time_f90  -I/glade/work/rkumar/NASA_HMA/WRFchem_HMA/main -I/glade/work/rkumar/NASA_HMA/WRFchem_HMA/external/io_netcdf -I/glade/work/rkumar/NASA_HMA/WRFchem_HMA/external/io_int -I/glade/work/rkumar/NASA_HMA/WRFchem_HMA/frame -I/glade/work/rkumar/NASA_HMA/WRFchem_HMA/share -I/glade/work/rkumar/NASA_HMA/WRFchem_HMA/phys -I/glade/work/rkumar/NASA_HMA/WRFchem_HMA/chem -I/glade/work/rkumar/NASA_HMA/WRFchem_HMA/inc -I/glade/u/apps/ch/opt/netcdf/4.8.1/intel/19.1.1//include " ext
make[1]: Entering directory '/glade/work/rkumar/NASA_HMA/WRFchem_HMA'
--------------------------------------
( cd frame ; make -i -r externals )
make[2]: Entering directory '/glade/work/rkumar/NASA_HMA/WRFchem_HMA/frame'
( cd /glade/work/rkumar/NASA_HMA/WRFchem_HMA/external/esmf_time_f90 ; \
          make -j 2 FC="ifort -real-size `expr 8 \* 4` -i4  -ip -fp-model precise -w -ftz -align all -fno-alias -FR -convert big_endian  " RANLIB="ranlib" \
          CPP="/lib/cpp -P -nostdinc -I/glade/work/rkumar/NASA_HMA/WRFchem_HMA/inc -I. -DEM_CORE=1 -DNMM_CORE=0 -DNMM_MAX_DIM=2600 -DCOAMPS_CORE=0 -DDA_CORE=0 -DEXP_CORE=0 -DIWORDSIZE=4 -DDWORDSIZE=8 -DRWORDSIZE=4 -DLWORDSIZE=4 -DNONSTANDARD_SYSTEM_FUNC  -DWRF_USE_CLM  -DSNICAR_FRC    -DDM_PARALLEL -DNETCDF -DUSE_ALLOCATABLES -DGRIB1 -DINTIO -DKEEP_INT_AROUND -DLIMIT_ARGS -DCONFIG_BUF_LEN=65536 -DMAX_DOMAINS_F=21 -DMAX_HISTORY=25 -DNMM_NEST=0 -traditional-cpp" AR="ar" ARFLAGS="ru" )
make[3]: Entering directory '/glade/work/rkumar/NASA_HMA/WRFchem_HMA/external/esmf_time_f90'
/bin/rm -f ESMF_Base.o
/bin/rm -f ESMF_Fraction.o
sed -e "/\!.*'/s/'//g" ESMF_Base.F90 > ESMF_Base.b
sed -e "/\!.*'/s/'//g" ESMF_Fraction.F90 > ESMF_Fraction.b
/lib/cpp -P -nostdinc -I/glade/work/rkumar/NASA_HMA/WRFchem_HMA/inc -I. -DEM_CORE=1 -DNMM_CORE=0 -DNMM_MAX_DIM=2600 -DCOAMPS_CORE=0 -DDA_CORE=0 -DEXP_CORE=0 -DIWORDSIZE=4 -DDWORDSIZE=8 -DRWORDSIZE=4 -DLWORDSIZE=4 -DNONSTANDARD_SYSTEM_FUNC  -DWRF_USE_CLM  -DSNICAR_FRC    -DDM_PARALLEL -DNETCDF -DUSE_ALLOCATABLES -DGRIB1 -DINTIO -DKEEP_INT_AROUND -DLIMIT_ARGS -DCONFIG_BUF_LEN=65536 -DMAX_DOMAINS_F=21 -DMAX_HISTORY=25 -DNMM_NEST=0 -traditional-cpp -I. ESMF_Fraction.b > ESMF_Fraction.f
/lib/cpp -P -nostdinc -I/glade/work/rkumar/NASA_HMA/WRFchem_HMA/inc -I. -DEM_CORE=1 -DNMM_CORE=0 -DNMM_MAX_DIM=2600 -DCOAMPS_CORE=0 -DDA_CORE=0 -DEXP_CORE=0 -DIWORDSIZE=4 -DDWORDSIZE=8 -DRWORDSIZE=4 -DLWORDSIZE=4 -DNONSTANDARD_SYSTEM_FUNC  -DWRF_USE_CLM  -DSNICAR_FRC    -DDM_PARALLEL -DNETCDF -DUSE_ALLOCATABLES -DGRIB1 -DINTIO -DKEEP_INT_AROUND -DLIMIT_ARGS -DCONFIG_BUF_LEN=65536 -DMAX_DOMAINS_F=21 -DMAX_HISTORY=25 -DNMM_NEST=0 -traditional-cpp -I. ESMF_Base.b > ESMF_Base.f
/bin/rm -f ESMF_Fraction.b
/bin/rm -f ESMF_Base.b
ifort -real-size 32 -i4  -ip -fp-model precise -w -ftz -align all -fno-alias -FR -convert big_endian   -o ESMF_Fraction.o -c ESMF_Fraction.f
ifort -real-size 32 -i4  -ip -fp-model precise -w -ftz -align all -fno-alias -FR -convert big_endian   -o ESMF_Base.o -c ESMF_Base.f
/bin/rm -f ESMF_BaseTime.o
sed -e "/\!.*'/s/'//g" ESMF_BaseTime.F90 > ESMF_BaseTime.b
/lib/cpp -P -nostdinc -I/glade/work/rkumar/NASA_HMA/WRFchem_HMA/inc -I. -DEM_CORE=1 -DNMM_CORE=0 -DNMM_MAX_DIM=2600 -DCOAMPS_CORE=0 -DDA_CORE=0 -DEXP_CORE=0 -DIWORDSIZE=4 -DDWORDSIZE=8 -DRWORDSIZE=4 -DLWORDSIZE=4 -DNONSTANDARD_SYSTEM_FUNC  -DWRF_USE_CLM  -DSNICAR_FRC    -DDM_PARALLEL -DNETCDF -DUSE_ALLOCATABLES -DGRIB1 -DINTIO -DKEEP_INT_AROUND -DLIMIT_ARGS -DCONFIG_BUF_LEN=65536 -DMAX_DOMAINS_F=21 -DMAX_HISTORY=25 -DNMM_NEST=0 -traditional-cpp -I. ESMF_BaseTime.b > ESMF_BaseTime.f
/bin/rm -f ESMF_BaseTime.b
ifort -real-size 32 -i4  -ip -fp-model precise -w -ftz -align all -fno-alias -FR -convert big_endian   -o ESMF_BaseTime.o -c ESMF_BaseTime.f
/bin/rm -f ESMF_Calendar.o
sed -e "/\!.*'/s/'//g" ESMF_Calendar.F90 > ESMF_Calendar.b
/lib/cpp -P -nostdinc -I/glade/work/rkumar/NASA_HMA/WRFchem_HMA/inc -I. -DEM_CORE=1 -DNMM_CORE=0 -DNMM_MAX_DIM=2600 -DCOAMPS_CORE=0 -DDA_CORE=0 -DEXP_CORE=0 -DIWORDSIZE=4 -DDWORDSIZE=8 -DRWORDSIZE=4 -DLWORDSIZE=4 -DNONSTANDARD_SYSTEM_FUNC  -DWRF_USE_CLM  -DSNICAR_FRC    -DDM_PARALLEL -DNETCDF -DUSE_ALLOCATABLES -DGRIB1 -DINTIO -DKEEP_INT_AROUND -DLIMIT_ARGS -DCONFIG_BUF_LEN=65536 -DMAX_DOMAINS_F=21 -DMAX_HISTORY=25 -DNMM_NEST=0 -traditional-cpp -I. ESMF_Calendar.b > ESMF_Calendar.f
/bin/rm -f ESMF_Calendar.b
ifort -real-size 32 -i4  -ip -fp-model precise -w -ftz -align all -fno-alias -FR -convert big_endian   -o ESMF_Calendar.o -c ESMF_Calendar.f
/bin/rm -f ESMF_TimeInterval.o
/bin/rm -f ESMF_Stubs.o
sed -e "/\!.*'/s/'//g" ESMF_Stubs.F90 > ESMF_Stubs.b
sed -e "/\!.*'/s/'//g" ESMF_TimeInterval.F90 > ESMF_TimeInterval.b
/lib/cpp -P -nostdinc -I/glade/work/rkumar/NASA_HMA/WRFchem_HMA/inc -I. -DEM_CORE=1 -DNMM_CORE=0 -DNMM_MAX_DIM=2600 -DCOAMPS_CORE=0 -DDA_CORE=0 -DEXP_CORE=0 -DIWORDSIZE=4 -DDWORDSIZE=8 -DRWORDSIZE=4 -DLWORDSIZE=4 -DNONSTANDARD_SYSTEM_FUNC  -DWRF_USE_CLM  -DSNICAR_FRC    -DDM_PARALLEL -DNETCDF -DUSE_ALLOCATABLES -DGRIB1 -DINTIO -DKEEP_INT_AROUND -DLIMIT_ARGS -DCONFIG_BUF_LEN=65536 -DMAX_DOMAINS_F=21 -DMAX_HISTORY=25 -DNMM_NEST=0 -traditional-cpp -I. ESMF_Stubs.b > ESMF_Stubs.f
/lib/cpp -P -nostdinc -I/glade/work/rkumar/NASA_HMA/WRFchem_HMA/inc -I. -DEM_CORE=1 -DNMM_CORE=0 -DNMM_MAX_DIM=2600 -DCOAMPS_CORE=0 -DDA_CORE=0 -DEXP_CORE=0 -DIWORDSIZE=4 -DDWORDSIZE=8 -DRWORDSIZE=4 -DLWORDSIZE=4 -DNONSTANDARD_SYSTEM_FUNC  -DWRF_USE_CLM  -DSNICAR_FRC    -DDM_PARALLEL -DNETCDF -DUSE_ALLOCATABLES -DGRIB1 -DINTIO -DKEEP_INT_AROUND -DLIMIT_ARGS -DCONFIG_BUF_LEN=65536 -DMAX_DOMAINS_F=21 -DMAX_HISTORY=25 -DNMM_NEST=0 -traditional-cpp -I. ESMF_TimeInterval.b > ESMF_TimeInterval.f
/bin/rm -f ESMF_Stubs.b
/bin/rm -f ESMF_TimeInterval.b
ifort -real-size 32 -i4  -ip -fp-model precise -w -ftz -align all -fno-alias -FR -convert big_endian   -o ESMF_Stubs.o -c ESMF_Stubs.f
ifort -real-size 32 -i4  -ip -fp-model precise -w -ftz -align all -fno-alias -FR -convert big_endian   -o ESMF_TimeInterval.o -c ESMF_TimeInterval.f
/bin/rm -f ESMF_Time.o
sed -e "/\!.*'/s/'//g" ESMF_Time.F90 > ESMF_Time.b
/lib/cpp -P -nostdinc -I/glade/work/rkumar/NASA_HMA/WRFchem_HMA/inc -I. -DEM_CORE=1 -DNMM_CORE=0 -DNMM_MAX_DIM=2600 -DCOAMPS_CORE=0 -DDA_CORE=0 -DEXP_CORE=0 -DIWORDSIZE=4 -DDWORDSIZE=8 -DRWORDSIZE=4 -DLWORDSIZE=4 -DNONSTANDARD_SYSTEM_FUNC  -DWRF_USE_CLM  -DSNICAR_FRC    -DDM_PARALLEL -DNETCDF -DUSE_ALLOCATABLES -DGRIB1 -DINTIO -DKEEP_INT_AROUND -DLIMIT_ARGS -DCONFIG_BUF_LEN=65536 -DMAX_DOMAINS_F=21 -DMAX_HISTORY=25 -DNMM_NEST=0 -traditional-cpp -I. ESMF_Time.b > ESMF_Time.f
/bin/rm -f ESMF_Time.b
ifort -real-size 32 -i4  -ip -fp-model precise -w -ftz -align all -fno-alias -FR -convert big_endian   -o ESMF_Time.o -c ESMF_Time.f
/bin/rm -f ESMF_Alarm.o
sed -e "/\!.*'/s/'//g" ESMF_Alarm.F90 > ESMF_Alarm.b
/lib/cpp -P -nostdinc -I/glade/work/rkumar/NASA_HMA/WRFchem_HMA/inc -I. -DEM_CORE=1 -DNMM_CORE=0 -DNMM_MAX_DIM=2600 -DCOAMPS_CORE=0 -DDA_CORE=0 -DEXP_CORE=0 -DIWORDSIZE=4 -DDWORDSIZE=8 -DRWORDSIZE=4 -DLWORDSIZE=4 -DNONSTANDARD_SYSTEM_FUNC  -DWRF_USE_CLM  -DSNICAR_FRC    -DDM_PARALLEL -DNETCDF -DUSE_ALLOCATABLES -DGRIB1 -DINTIO -DKEEP_INT_AROUND -DLIMIT_ARGS -DCONFIG_BUF_LEN=65536 -DMAX_DOMAINS_F=21 -DMAX_HISTORY=25 -DNMM_NEST=0 -traditional-cpp -I. ESMF_Alarm.b > ESMF_Alarm.f
/bin/rm -f ESMF_Alarm.b
ifort -real-size 32 -i4  -ip -fp-model precise -w -ftz -align all -fno-alias -FR -convert big_endian   -o ESMF_Alarm.o -c ESMF_Alarm.f
/bin/rm -f ESMF_Clock.o
sed -e "/\!.*'/s/'//g" ESMF_Clock.F90 > ESMF_Clock.b
/lib/cpp -P -nostdinc -I/glade/work/rkumar/NASA_HMA/WRFchem_HMA/inc -I. -DEM_CORE=1 -DNMM_CORE=0 -DNMM_MAX_DIM=2600 -DCOAMPS_CORE=0 -DDA_CORE=0 -DEXP_CORE=0 -DIWORDSIZE=4 -DDWORDSIZE=8 -DRWORDSIZE=4 -DLWORDSIZE=4 -DNONSTANDARD_SYSTEM_FUNC  -DWRF_USE_CLM  -DSNICAR_FRC    -DDM_PARALLEL -DNETCDF -DUSE_ALLOCATABLES -DGRIB1 -DINTIO -DKEEP_INT_AROUND -DLIMIT_ARGS -DCONFIG_BUF_LEN=65536 -DMAX_DOMAINS_F=21 -DMAX_HISTORY=25 -DNMM_NEST=0 -traditional-cpp -I. ESMF_Clock.b > ESMF_Clock.f
/bin/rm -f ESMF_Clock.b
ifort -real-size 32 -i4  -ip -fp-model precise -w -ftz -align all -fno-alias -FR -convert big_endian   -o ESMF_Clock.o -c ESMF_Clock.f
/bin/rm -f Meat.o
/bin/rm -f ESMF_AlarmClock.o
sed -e "/\!.*'/s/'//g" Meat.F90 > Meat.b
sed -e "/\!.*'/s/'//g" ESMF_AlarmClock.F90 > ESMF_AlarmClock.b
/lib/cpp -P -nostdinc -I/glade/work/rkumar/NASA_HMA/WRFchem_HMA/inc -I. -DEM_CORE=1 -DNMM_CORE=0 -DNMM_MAX_DIM=2600 -DCOAMPS_CORE=0 -DDA_CORE=0 -DEXP_CORE=0 -DIWORDSIZE=4 -DDWORDSIZE=8 -DRWORDSIZE=4 -DLWORDSIZE=4 -DNONSTANDARD_SYSTEM_FUNC  -DWRF_USE_CLM  -DSNICAR_FRC    -DDM_PARALLEL -DNETCDF -DUSE_ALLOCATABLES -DGRIB1 -DINTIO -DKEEP_INT_AROUND -DLIMIT_ARGS -DCONFIG_BUF_LEN=65536 -DMAX_DOMAINS_F=21 -DMAX_HISTORY=25 -DNMM_NEST=0 -traditional-cpp -I. ESMF_AlarmClock.b > ESMF_AlarmClock.f
/lib/cpp -P -nostdinc -I/glade/work/rkumar/NASA_HMA/WRFchem_HMA/inc -I. -DEM_CORE=1 -DNMM_CORE=0 -DNMM_MAX_DIM=2600 -DCOAMPS_CORE=0 -DDA_CORE=0 -DEXP_CORE=0 -DIWORDSIZE=4 -DDWORDSIZE=8 -DRWORDSIZE=4 -DLWORDSIZE=4 -DNONSTANDARD_SYSTEM_FUNC  -DWRF_USE_CLM  -DSNICAR_FRC    -DDM_PARALLEL -DNETCDF -DUSE_ALLOCATABLES -DGRIB1 -DINTIO -DKEEP_INT_AROUND -DLIMIT_ARGS -DCONFIG_BUF_LEN=65536 -DMAX_DOMAINS_F=21 -DMAX_HISTORY=25 -DNMM_NEST=0 -traditional-cpp -I. Meat.b > Meat.f
/bin/rm -f ESMF_AlarmClock.b
/bin/rm -f Meat.b
ifort -real-size 32 -i4  -ip -fp-model precise -w -ftz -align all -fno-alias -FR -convert big_endian   -o ESMF_AlarmClock.o -c ESMF_AlarmClock.f
ifort -real-size 32 -i4  -ip -fp-model precise -w -ftz -align all -fno-alias -FR -convert big_endian   -o Meat.o -c Meat.f
/bin/rm -f ESMF_Mod.o
sed -e "/\!.*'/s/'//g" ESMF_Mod.F90 > ESMF_Mod.b
/lib/cpp -P -nostdinc -I/glade/work/rkumar/NASA_HMA/WRFchem_HMA/inc -I. -DEM_CORE=1 -DNMM_CORE=0 -DNMM_MAX_DIM=2600 -DCOAMPS_CORE=0 -DDA_CORE=0 -DEXP_CORE=0 -DIWORDSIZE=4 -DDWORDSIZE=8 -DRWORDSIZE=4 -DLWORDSIZE=4 -DNONSTANDARD_SYSTEM_FUNC  -DWRF_USE_CLM  -DSNICAR_FRC    -DDM_PARALLEL -DNETCDF -DUSE_ALLOCATABLES -DGRIB1 -DINTIO -DKEEP_INT_AROUND -DLIMIT_ARGS -DCONFIG_BUF_LEN=65536 -DMAX_DOMAINS_F=21 -DMAX_HISTORY=25 -DNMM_NEST=0 -traditional-cpp -I. ESMF_Mod.b > ESMF_Mod.f
/bin/rm -f ESMF_Mod.b
ifort -real-size 32 -i4  -ip -fp-model precise -w -ftz -align all -fno-alias -FR -convert big_endian   -o ESMF_Mod.o -c ESMF_Mod.f
/bin/rm -f module_symbols_util.o
sed -e "/\!.*'/s/'//g" module_symbols_util.F90 > module_symbols_util.b
/lib/cpp -P -nostdinc -I/glade/work/rkumar/NASA_HMA/WRFchem_HMA/inc -I. -DEM_CORE=1 -DNMM_CORE=0 -DNMM_MAX_DIM=2600 -DCOAMPS_CORE=0 -DDA_CORE=0 -DEXP_CORE=0 -DIWORDSIZE=4 -DDWORDSIZE=8 -DRWORDSIZE=4 -DLWORDSIZE=4 -DNONSTANDARD_SYSTEM_FUNC  -DWRF_USE_CLM  -DSNICAR_FRC    -DDM_PARALLEL -DNETCDF -DUSE_ALLOCATABLES -DGRIB1 -DINTIO -DKEEP_INT_AROUND -DLIMIT_ARGS -DCONFIG_BUF_LEN=65536 -DMAX_DOMAINS_F=21 -DMAX_HISTORY=25 -DNMM_NEST=0 -traditional-cpp -I. module_symbols_util.b > module_symbols_util.f
/bin/rm -f module_symbols_util.b
ifort -real-size 32 -i4  -ip -fp-model precise -w -ftz -align all -fno-alias -FR -convert big_endian   -o module_symbols_util.o -c module_symbols_util.f
/bin/rm -f module_utility.o
sed -e "/\!.*'/s/'//g" module_utility.F90 > module_utility.b
/lib/cpp -P -nostdinc -I/glade/work/rkumar/NASA_HMA/WRFchem_HMA/inc -I. -DEM_CORE=1 -DNMM_CORE=0 -DNMM_MAX_DIM=2600 -DCOAMPS_CORE=0 -DDA_CORE=0 -DEXP_CORE=0 -DIWORDSIZE=4 -DDWORDSIZE=8 -DRWORDSIZE=4 -DLWORDSIZE=4 -DNONSTANDARD_SYSTEM_FUNC  -DWRF_USE_CLM  -DSNICAR_FRC    -DDM_PARALLEL -DNETCDF -DUSE_ALLOCATABLES -DGRIB1 -DINTIO -DKEEP_INT_AROUND -DLIMIT_ARGS -DCONFIG_BUF_LEN=65536 -DMAX_DOMAINS_F=21 -DMAX_HISTORY=25 -DNMM_NEST=0 -traditional-cpp -I. module_utility.b > module_utility.f
/bin/rm -f module_utility.b
ifort -real-size 32 -i4  -ip -fp-model precise -w -ftz -align all -fno-alias -FR -convert big_endian   -o module_utility.o -c module_utility.f
/bin/rm -f libesmf_time.a
if [ "ar" != "lib.exe" ] ; then \
          ar ru libesmf_time.a ESMF_Alarm.o ESMF_BaseTime.o ESMF_Clock.o ESMF_Time.o Meat.o ESMF_Base.o ESMF_Calendar.o ESMF_Fraction.o ESMF_TimeInterval.o ESMF_Stubs.o ESMF_Mod.o module_symbols_util.o module_utility.o ESMF_AlarmClock.o ; \
        else \
          ar /out:libesmf_time.a ESMF_Alarm.o ESMF_BaseTime.o ESMF_Clock.o ESMF_Time.o Meat.o ESMF_Base.o ESMF_Calendar.o ESMF_Fraction.o ESMF_TimeInterval.o ESMF_Stubs.o ESMF_Mod.o module_symbols_util.o module_utility.o ESMF_AlarmClock.o ; \
        fi
ar: creating libesmf_time.a
ranlib libesmf_time.a
make[3]: Leaving directory '/glade/work/rkumar/NASA_HMA/WRFchem_HMA/external/esmf_time_f90'
( cd /glade/work/rkumar/NASA_HMA/WRFchem_HMA/external/io_netcdf ; \
          make -j 2 NETCDFPATH="/glade/u/apps/ch/opt/netcdf/4.8.1/intel/19.1.1/" RANLIB="ranlib" CPP="/lib/cpp -P -nostdinc" \
          CC="icc" CFLAGS="-w -O3 -ip  -DDM_PARALLEL -DMAX_HISTORY=25 -DNMM_CORE=0" \
          FC="ifort -real-size `expr 8 \* 4` -i4  -O3 -ip -fp-model precise -w -ftz -align all -fno-alias -FR -convert big_endian  " TRADFLAG="-traditional-cpp" AR="ar" ARFLAGS="ru" )
make[3]: Entering directory '/glade/work/rkumar/NASA_HMA/WRFchem_HMA/external/io_netcdf'
grep nf_format_64bit /glade/u/apps/ch/opt/netcdf/4.8.1/intel/19.1.1//include/netcdf.inc ;\
                        a=$? ; export a ; \
		if [ $a -a "$WRFIO_NCD_LARGE_FILE_SUPPORT" = "1" ] ; then \
                          /lib/cpp -P -nostdinc -P -traditional-cpp -DWRFIO_NCD_LARGE_FILE_SUPPORT -I../ioapi_share wrf_io.F90 | m4 -Uinclude -Uindex -Ulen - > wrf_io.f ; \
                        else \
                          /lib/cpp -P -nostdinc -P -traditional-cpp -I../ioapi_share wrf_io.F90 | m4 -Uinclude -Uindex -Ulen - > wrf_io.f ; \
                        fi
/lib/cpp -P -nostdinc -P -traditional-cpp -I../ioapi_share module_wrfsi_static.F90 > module_wrfsi_static.f
      integer nf_format_64bit
      integer nf_format_64bit_offset
      integer nf_format_64bit_data
      parameter (nf_format_64bit = 2)
      parameter (nf_format_64bit_offset = nf_format_64bit)
      parameter (nf_format_64bit_data = 5)
      parameter (nf_format_cdf5 = nf_format_64bit_data)
ifort -real-size 32 -i4  -O3 -ip -fp-model precise -w -ftz -align all -fno-alias -FR -convert big_endian   -o module_wrfsi_static.o  -I/glade/u/apps/ch/opt/netcdf/4.8.1/intel/19.1.1//include -I../ioapi_share -c module_wrfsi_static.f
ifort -real-size 32 -i4  -O3 -ip -fp-model precise -w -ftz -align all -fno-alias -FR -convert big_endian   -o wrf_io.o  -I/glade/u/apps/ch/opt/netcdf/4.8.1/intel/19.1.1//include -I../ioapi_share -c wrf_io.f
/lib/cpp -P -nostdinc -P -traditional-cpp -I../ioapi_share field_routines.F90 > field_routines.f
ifort -real-size 32 -i4  -O3 -ip -fp-model precise -w -ftz -align all -fno-alias -FR -convert big_endian   -o field_routines.o  -I/glade/u/apps/ch/opt/netcdf/4.8.1/intel/19.1.1//include -I../ioapi_share -c field_routines.f
/bin/rm -f libwrfio_nf.a
if [ "ar" != "lib.exe" ] ; then \
                          ar cr libwrfio_nf.a wrf_io.o field_routines.o module_wrfsi_static.o ; \
                        else \
                          ar /out:libwrfio_nf.a wrf_io.o field_routines.o module_wrfsi_static.o ; \
                        fi
ranlib libwrfio_nf.a
make[3]: Leaving directory '/glade/work/rkumar/NASA_HMA/WRFchem_HMA/external/io_netcdf'
( cd /glade/work/rkumar/NASA_HMA/WRFchem_HMA/external/ioapi_share ; \
          make -i -r NATIVE_RWORDSIZE="4" RWORDSIZE="4" AR="ar" ARFLAGS="ru" )
make[3]: Entering directory '/glade/work/rkumar/NASA_HMA/WRFchem_HMA/external/ioapi_share'
( /bin/rm -f ../../inc/wrf_io_flags.h foo_io_flags.h; \
/bin/cp wrf_io_flags.h foo_io_flags.h; \
if [ 4 -ne 4 ] ; then \
  /bin/rm -f foo_io_flags.h; \
  sed -e 's/104/105/' wrf_io_flags.h > foo_io_flags.h ;\
fi ; \
/bin/mv foo_io_flags.h ../../inc/wrf_io_flags.h )
/bin/rm -f ../../inc/wrf_status_codes.h
/bin/cp wrf_status_codes.h ../../inc
make[3]: Leaving directory '/glade/work/rkumar/NASA_HMA/WRFchem_HMA/external/ioapi_share'
( cd /glade/work/rkumar/NASA_HMA/WRFchem_HMA/external/io_grib_share ; \
          make -j 2 CC="icc" CFLAGS="-w -O3 -ip  -DDM_PARALLEL -DMAX_HISTORY=25 -DNMM_CORE=0" RM="rm -f" RANLIB="ranlib" CPP="/lib/cpp -P -nostdinc" \
          FC="ifort -real-size `expr 8 \* 4` -i4 -I.  -ip -fp-model precise -w -ftz -align all -fno-alias -FR -convert big_endian   " TRADFLAG="-traditional-cpp" AR="ar" ARFLAGS="ru" archive) 
make[3]: Entering directory '/glade/work/rkumar/NASA_HMA/WRFchem_HMA/external/io_grib_share'
make[4]: Entering directory '/glade/work/rkumar/NASA_HMA/WRFchem_HMA/external/io_grib_share'
rm -f io_grib_share.o
icc  -I. -w -O3 -ip  -DDM_PARALLEL -DMAX_HISTORY=25 -DNMM_CORE=0   -c get_region_center.c
/lib/cpp -P -nostdinc  -traditional-cpp  -I. io_grib_share.F > io_grib_share.f90
ifort -real-size 32 -i4 -I.  -ip -fp-model precise -w -ftz -align all -fno-alias -FR -convert big_endian      -I.     -c io_grib_share.f90
icc  -I. -w -O3 -ip  -DDM_PARALLEL -DMAX_HISTORY=25 -DNMM_CORE=0   -c gridnav.c
icc  -I. -w -O3 -ip  -DDM_PARALLEL -DMAX_HISTORY=25 -DNMM_CORE=0   -c open_file.c
ar ru ./libio_grib_share.a io_grib_share.o get_region_center.o gridnav.o open_file.o
ar: creating ./libio_grib_share.a
ranlib ./libio_grib_share.a
make[4]: Leaving directory '/glade/work/rkumar/NASA_HMA/WRFchem_HMA/external/io_grib_share'
make[3]: Leaving directory '/glade/work/rkumar/NASA_HMA/WRFchem_HMA/external/io_grib_share'
( cd /glade/work/rkumar/NASA_HMA/WRFchem_HMA/external/io_grib1 ; \
          make -j 2 CC="icc" CFLAGS="-w -O3 -ip  -DDM_PARALLEL -DMAX_HISTORY=25 -DNMM_CORE=0" RM="rm -f" RANLIB="ranlib" CPP="/lib/cpp -P -nostdinc" \
          FC="ifort -real-size `expr 8 \* 4` -i4 -I.  -ip -fp-model precise -w -ftz -align all -fno-alias -FR -convert big_endian   " TRADFLAG="-traditional-cpp" AR="ar" ARFLAGS="ru" archive)
make[3]: Entering directory '/glade/work/rkumar/NASA_HMA/WRFchem_HMA/external/io_grib1'
        Doing make archive on library subdirectory MEL_grib1
make[4]: Entering directory '/glade/work/rkumar/NASA_HMA/WRFchem_HMA/external/io_grib1/MEL_grib1'
make[5]: Entering directory '/glade/work/rkumar/NASA_HMA/WRFchem_HMA/external/io_grib1/MEL_grib1'
icc  -I. -w -O3 -ip  -DDM_PARALLEL -DMAX_HISTORY=25 -DNMM_CORE=0   -c FTP_getfile.c
icc  -I. -w -O3 -ip  -DDM_PARALLEL -DMAX_HISTORY=25 -DNMM_CORE=0   -c apply_bitmap.c
icc  -I. -w -O3 -ip  -DDM_PARALLEL -DMAX_HISTORY=25 -DNMM_CORE=0   -c display_gribhdr.c
icc  -I. -w -O3 -ip  -DDM_PARALLEL -DMAX_HISTORY=25 -DNMM_CORE=0   -c gbyte.c
icc  -I. -w -O3 -ip  -DDM_PARALLEL -DMAX_HISTORY=25 -DNMM_CORE=0   -c grib_dec.c
icc  -I. -w -O3 -ip  -DDM_PARALLEL -DMAX_HISTORY=25 -DNMM_CORE=0   -c grib_enc.c
icc  -I. -w -O3 -ip  -DDM_PARALLEL -DMAX_HISTORY=25 -DNMM_CORE=0   -c grib_seek.c
icc  -I. -w -O3 -ip  -DDM_PARALLEL -DMAX_HISTORY=25 -DNMM_CORE=0   -c gribgetbds.c
icc  -I. -w -O3 -ip  -DDM_PARALLEL -DMAX_HISTORY=25 -DNMM_CORE=0   -c gribgetbms.c
icc  -I. -w -O3 -ip  -DDM_PARALLEL -DMAX_HISTORY=25 -DNMM_CORE=0   -c gribgetgds.c
icc  -I. -w -O3 -ip  -DDM_PARALLEL -DMAX_HISTORY=25 -DNMM_CORE=0   -c gribgetpds.c
icc  -I. -w -O3 -ip  -DDM_PARALLEL -DMAX_HISTORY=25 -DNMM_CORE=0   -c gribhdr2file.c
icc  -I. -w -O3 -ip  -DDM_PARALLEL -DMAX_HISTORY=25 -DNMM_CORE=0   -c gribputbds.c
icc  -I. -w -O3 -ip  -DDM_PARALLEL -DMAX_HISTORY=25 -DNMM_CORE=0   -c gribputgds.c
icc  -I. -w -O3 -ip  -DDM_PARALLEL -DMAX_HISTORY=25 -DNMM_CORE=0   -c gribputpds.c
icc  -I. -w -O3 -ip  -DDM_PARALLEL -DMAX_HISTORY=25 -DNMM_CORE=0   -c hdr_print.c
icc  -I. -w -O3 -ip  -DDM_PARALLEL -DMAX_HISTORY=25 -DNMM_CORE=0   -c init_dec_struct.c
icc  -I. -w -O3 -ip  -DDM_PARALLEL -DMAX_HISTORY=25 -DNMM_CORE=0   -c init_enc_struct.c
icc  -I. -w -O3 -ip  -DDM_PARALLEL -DMAX_HISTORY=25 -DNMM_CORE=0   -c init_gribhdr.c
icc  -I. -w -O3 -ip  -DDM_PARALLEL -DMAX_HISTORY=25 -DNMM_CORE=0   -c init_struct.c
icc  -I. -w -O3 -ip  -DDM_PARALLEL -DMAX_HISTORY=25 -DNMM_CORE=0   -c ld_dec_lookup.c
icc  -I. -w -O3 -ip  -DDM_PARALLEL -DMAX_HISTORY=25 -DNMM_CORE=0   -c ld_enc_input.c
icc  -I. -w -O3 -ip  -DDM_PARALLEL -DMAX_HISTORY=25 -DNMM_CORE=0   -c ld_enc_lookup.c
icc  -I. -w -O3 -ip  -DDM_PARALLEL -DMAX_HISTORY=25 -DNMM_CORE=0   -c ld_grib_origctrs.c
icc  -I. -w -O3 -ip  -DDM_PARALLEL -DMAX_HISTORY=25 -DNMM_CORE=0   -c make_default_grbfn.c
icc  -I. -w -O3 -ip  -DDM_PARALLEL -DMAX_HISTORY=25 -DNMM_CORE=0   -c make_grib_log.c
icc  -I. -w -O3 -ip  -DDM_PARALLEL -DMAX_HISTORY=25 -DNMM_CORE=0   -c map_lvl.c
icc  -I. -w -O3 -ip  -DDM_PARALLEL -DMAX_HISTORY=25 -DNMM_CORE=0   -c map_parm.c
icc  -I. -w -O3 -ip  -DDM_PARALLEL -DMAX_HISTORY=25 -DNMM_CORE=0   -c pack_spatial.c
icc  -I. -w -O3 -ip  -DDM_PARALLEL -DMAX_HISTORY=25 -DNMM_CORE=0   -c prt_inp_struct.c
icc  -I. -w -O3 -ip  -DDM_PARALLEL -DMAX_HISTORY=25 -DNMM_CORE=0   -c upd_child_errmsg.c
icc  -I. -w -O3 -ip  -DDM_PARALLEL -DMAX_HISTORY=25 -DNMM_CORE=0   -c prt_badmsg.c
icc  -I. -w -O3 -ip  -DDM_PARALLEL -DMAX_HISTORY=25 -DNMM_CORE=0   -c swap.c
icc  -I. -w -O3 -ip  -DDM_PARALLEL -DMAX_HISTORY=25 -DNMM_CORE=0   -c grib_uthin.c
icc  -I. -w -O3 -ip  -DDM_PARALLEL -DMAX_HISTORY=25 -DNMM_CORE=0   -c set_bytes.c
ar ru ../libio_grib1.a FTP_getfile.o apply_bitmap.o display_gribhdr.o gbyte.o grib_dec.o grib_enc.o grib_seek.o gribgetbds.o gribgetbms.o gribgetgds.o gribgetpds.o gribhdr2file.o gribputbds.o gribputgds.o gribputpds.o hdr_print.o init_dec_struct.o init_enc_struct.o init_gribhdr.o init_struct.o ld_dec_lookup.o ld_enc_input.o ld_enc_lookup.o ld_grib_origctrs.o make_default_grbfn.o make_grib_log.o map_lvl.o map_parm.o pack_spatial.o prt_inp_struct.o upd_child_errmsg.o prt_badmsg.o swap.o grib_uthin.o set_bytes.o
ar: creating ../libio_grib1.a
ranlib ../libio_grib1.a
make[5]: Leaving directory '/glade/work/rkumar/NASA_HMA/WRFchem_HMA/external/io_grib1/MEL_grib1'
make[4]: Leaving directory '/glade/work/rkumar/NASA_HMA/WRFchem_HMA/external/io_grib1/MEL_grib1'
        Doing make archive on library subdirectory grib1_util
make[4]: Entering directory '/glade/work/rkumar/NASA_HMA/WRFchem_HMA/external/io_grib1/grib1_util'
make[5]: Entering directory '/glade/work/rkumar/NASA_HMA/WRFchem_HMA/external/io_grib1/grib1_util'
icc  -I. -I../MEL_grib1 -w -O3 -ip  -DDM_PARALLEL -DMAX_HISTORY=25 -DNMM_CORE=0   -c alloc_2d.c
icc  -I. -I../MEL_grib1 -w -O3 -ip  -DDM_PARALLEL -DMAX_HISTORY=25 -DNMM_CORE=0   -c read_grib.c
icc  -I. -I../MEL_grib1 -w -O3 -ip  -DDM_PARALLEL -DMAX_HISTORY=25 -DNMM_CORE=0   -c write_grib.c
ar ru ../libio_grib1.a alloc_2d.o read_grib.o write_grib.o
ranlib ../libio_grib1.a
make[5]: Leaving directory '/glade/work/rkumar/NASA_HMA/WRFchem_HMA/external/io_grib1/grib1_util'
make[4]: Leaving directory '/glade/work/rkumar/NASA_HMA/WRFchem_HMA/external/io_grib1/grib1_util'
        Doing make archive on library subdirectory WGRIB
make[4]: Entering directory '/glade/work/rkumar/NASA_HMA/WRFchem_HMA/external/io_grib1/WGRIB'
icc -c -O wgrib_main.c
icc -c -O seekgrib.c
icc -c -O ibm2flt.c
icc -c -O readgrib.c
icc -c -O intpower.c
icc -c -O cnames.c
icc -c -O BDSunpk.c
icc -c -O flt2ieee.c
icc -c -O wrtieee.c
icc -c -O levels.c
icc -c -O PDStimes.c
icc -c -O missing.c
icc -c -O nceptable_reanal.c
icc -c -O nceptable_opn.c
icc -c -O ensemble.c
icc -c -O ombtable.c
icc -c -O ec_ext.c
icc -c -O gribtable.c
icc -c -O gds_grid.c
icc -c -O PDS_date.c
icc -c -O ectable_128.c
icc -c -O ectable_129.c
icc -c -O ectable_130.c
icc -c -O ectable_131.c
icc -c -O ectable_140.c
icc -c -O ectable_150.c
icc -c -O ectable_151.c
icc -c -O ectable_160.c
icc -c -O ectable_170.c
icc -c -O ectable_180.c
icc -c -O nceptab_129.c
icc -c -O dwdtable_002.c
icc -c -O dwdtable_201.c
icc -c -O dwdtable_202.c
icc -c -O dwdtable_203.c
icc -c -O cptectable_254.c
icc -c -O nceptab_130.c
icc -c -O nceptab_131.c
icc -o wgrib.exe wgrib_main.o seekgrib.o ibm2flt.o readgrib.o intpower.o cnames.o BDSunpk.o flt2ieee.o wrtieee.o levels.o PDStimes.o missing.o nceptable_reanal.o nceptable_opn.o ensemble.o ombtable.o ec_ext.o gribtable.o gds_grid.o PDS_date.o ectable_128.o ectable_129.o ectable_130.o ectable_131.o ectable_140.o ectable_150.o ectable_151.o ectable_160.o ectable_170.o ectable_180.o nceptab_129.o dwdtable_002.o dwdtable_201.o dwdtable_202.o dwdtable_203.o cptectable_254.o nceptab_130.o nceptab_131.o #-lm
( cd .. ; \rm -f wgrib.exe ; \ln -sf WGRIB/wgrib.exe wgrib.exe ; cd WGRIB )
make[4]: Leaving directory '/glade/work/rkumar/NASA_HMA/WRFchem_HMA/external/io_grib1/WGRIB'
make[4]: Entering directory '/glade/work/rkumar/NASA_HMA/WRFchem_HMA/external/io_grib1'
icc  -I. -I./MEL_grib1 -Igrib1_util -I../io_grib_share -I../ -w -O3 -ip  -DDM_PARALLEL -DMAX_HISTORY=25 -DNMM_CORE=0   -c grib1_routines.c
icc  -I. -I./MEL_grib1 -Igrib1_util -I../io_grib_share -I../ -w -O3 -ip  -DDM_PARALLEL -DMAX_HISTORY=25 -DNMM_CORE=0   -c gribmap.c
rm -f io_grib1.o
/lib/cpp -P -nostdinc  -traditional-cpp  -I. -I./MEL_grib1 -Igrib1_util -I../io_grib_share -I../ io_grib1.F > io_grib1.f90
ifort -real-size 32 -i4 -I.  -ip -fp-model precise -w -ftz -align all -fno-alias -FR -convert big_endian      -I. -I./MEL_grib1 -Igrib1_util -I../io_grib_share -I../     -c io_grib1.f90
icc  -I. -I./MEL_grib1 -Igrib1_util -I../io_grib_share -I../ -w -O3 -ip  -DDM_PARALLEL -DMAX_HISTORY=25 -DNMM_CORE=0   -c trim.c
ar ru ./libio_grib1.a grib1_routines.o gribmap.o io_grib1.o trim.o
ranlib ./libio_grib1.a
make[4]: Leaving directory '/glade/work/rkumar/NASA_HMA/WRFchem_HMA/external/io_grib1'
make[3]: Leaving directory '/glade/work/rkumar/NASA_HMA/WRFchem_HMA/external/io_grib1'
( cd /glade/work/rkumar/NASA_HMA/WRFchem_HMA/external/io_int ; \
          make -j 2 CC="mpicc -cc=icc -DMPI2_SUPPORT -DFSEEKO64_OK " CFLAGS_LOCAL="-w -O3 -ip " RM="rm -f" RANLIB="ranlib" CPP="/lib/cpp -P -nostdinc" \
          FC="time mpif90 -f90=ifort -real-size `expr 8 \* 4` -i4  -ip -fp-model precise -w -ftz -align all -fno-alias -FR -convert big_endian   " FGREP="fgrep -iq" \
          TRADFLAG="-traditional-cpp" AR="ar" ARFLAGS="ru" ARCHFLAGS="-DEM_CORE=1 -DNMM_CORE=0 -DNMM_MAX_DIM=2600 -DCOAMPS_CORE=0 -DDA_CORE=0 -DEXP_CORE=0 -DIWORDSIZE=4 -DDWORDSIZE=8 -DRWORDSIZE=4 -DLWORDSIZE=4 -DNONSTANDARD_SYSTEM_FUNC  -DWRF_USE_CLM  -DSNICAR_FRC    -DDM_PARALLEL -DNETCDF -DUSE_ALLOCATABLES -DGRIB1 -DINTIO -DKEEP_INT_AROUND -DLIMIT_ARGS -DCONFIG_BUF_LEN=65536 -DMAX_DOMAINS_F=21 -DMAX_HISTORY=25 -DNMM_NEST=0" all )
make[3]: Entering directory '/glade/work/rkumar/NASA_HMA/WRFchem_HMA/external/io_int'
rm -f module_internal_header_util.f
awk '{print "#define", toupper($4), $6}' < ../../inc/intio_tags.h > io_int_idx_tags.h
cp ../../frame/module_internal_header_util.F mod_int_hdr_util.b
/lib/cpp -P -nostdinc -traditional-cpp -DEM_CORE=1 -DNMM_CORE=0 -DNMM_MAX_DIM=2600 -DCOAMPS_CORE=0 -DDA_CORE=0 -DEXP_CORE=0 -DIWORDSIZE=4 -DDWORDSIZE=8 -DRWORDSIZE=4 -DLWORDSIZE=4 -DNONSTANDARD_SYSTEM_FUNC  -DWRF_USE_CLM  -DSNICAR_FRC    -DDM_PARALLEL -DNETCDF -DUSE_ALLOCATABLES -DGRIB1 -DINTIO -DKEEP_INT_AROUND -DLIMIT_ARGS -DCONFIG_BUF_LEN=65536 -DMAX_DOMAINS_F=21 -DMAX_HISTORY=25 -DNMM_NEST=0 module_io_int_idx.F90 > module_io_int_idx.f
/lib/cpp -P -nostdinc -traditional-cpp -DEM_CORE=1 -DNMM_CORE=0 -DNMM_MAX_DIM=2600 -DCOAMPS_CORE=0 -DDA_CORE=0 -DEXP_CORE=0 -DIWORDSIZE=4 -DDWORDSIZE=8 -DRWORDSIZE=4 -DLWORDSIZE=4 -DNONSTANDARD_SYSTEM_FUNC  -DWRF_USE_CLM  -DSNICAR_FRC    -DDM_PARALLEL -DNETCDF -DUSE_ALLOCATABLES -DGRIB1 -DINTIO -DKEEP_INT_AROUND -DLIMIT_ARGS -DCONFIG_BUF_LEN=65536 -DMAX_DOMAINS_F=21 -DMAX_HISTORY=25 -DNMM_NEST=0 -I../../inc -I../ioapi_share mod_int_hdr_util.b > module_internal_header_util.f
/lib/cpp -P -nostdinc -traditional-cpp -DEM_CORE=1 -DNMM_CORE=0 -DNMM_MAX_DIM=2600 -DCOAMPS_CORE=0 -DDA_CORE=0 -DEXP_CORE=0 -DIWORDSIZE=4 -DDWORDSIZE=8 -DRWORDSIZE=4 -DLWORDSIZE=4 -DNONSTANDARD_SYSTEM_FUNC  -DWRF_USE_CLM  -DSNICAR_FRC    -DDM_PARALLEL -DNETCDF -DUSE_ALLOCATABLES -DGRIB1 -DINTIO -DKEEP_INT_AROUND -DLIMIT_ARGS -DCONFIG_BUF_LEN=65536 -DMAX_DOMAINS_F=21 -DMAX_HISTORY=25 -DNMM_NEST=0 -DEM_CORE=1 -DNMM_CORE=0 -DNMM_MAX_DIM=2600 -DCOAMPS_CORE=0 -DDA_CORE=0 -DEXP_CORE=0 -DIWORDSIZE=4 -DDWORDSIZE=8 -DRWORDSIZE=4 -DLWORDSIZE=4 -DNONSTANDARD_SYSTEM_FUNC  -DWRF_USE_CLM  -DSNICAR_FRC    -DDM_PARALLEL -DNETCDF -DUSE_ALLOCATABLES -DGRIB1 -DINTIO -DKEEP_INT_AROUND -DLIMIT_ARGS -DCONFIG_BUF_LEN=65536 -DMAX_DOMAINS_F=21 -DMAX_HISTORY=25 -DNMM_NEST=0 module_io_int_read.F90 > module_io_int_read.f
rm -f mod_int_hdr_util.b
Diffwrf io_int will be built later on in this compile. No need to rerun compile. 
Diffwrf io_int will be built later on in this compile. No need to rerun compile. 
Diffwrf io_int will be built later on in this compile. No need to rerun compile. 
Diffwrf io_int will be built later on in this compile. No need to rerun compile. 
Diffwrf io_int will be built later on in this compile. No need to rerun compile. 
/lib/cpp -P -nostdinc -traditional-cpp -DEM_CORE=1 -DNMM_CORE=0 -DNMM_MAX_DIM=2600 -DCOAMPS_CORE=0 -DDA_CORE=0 -DEXP_CORE=0 -DIWORDSIZE=4 -DDWORDSIZE=8 -DRWORDSIZE=4 -DLWORDSIZE=4 -DNONSTANDARD_SYSTEM_FUNC  -DWRF_USE_CLM  -DSNICAR_FRC    -DDM_PARALLEL -DNETCDF -DUSE_ALLOCATABLES -DGRIB1 -DINTIO -DKEEP_INT_AROUND -DLIMIT_ARGS -DCONFIG_BUF_LEN=65536 -DMAX_DOMAINS_F=21 -DMAX_HISTORY=25 -DNMM_NEST=0 test_io_idx.F90 > test_io_idx.f
Diffwrf io_int will be built later on in this compile. No need to rerun compile. 
time mpif90 -f90=ifort -real-size 32 -i4  -ip -fp-model precise -w -ftz -align all -fno-alias -FR -convert big_endian     -o module_internal_header_util.o -c module_internal_header_util.f
mpicc -cc=icc -DMPI2_SUPPORT -DFSEEKO64_OK  -o io_int_idx.o -c -w -O3 -ip  io_int_idx.c
time mpif90 -f90=ifort -real-size 32 -i4  -ip -fp-model precise -w -ftz -align all -fno-alias -FR -convert big_endian     -o module_io_int_idx.o -c module_io_int_idx.f
0.77user 0.60system 0:01.43elapsed 95%CPU (0avgtext+0avgdata 52452maxresident)k
0inputs+0outputs (0major+28129minor)pagefaults 0swaps
/lib/cpp -P -nostdinc -traditional-cpp -DEM_CORE=1 -DNMM_CORE=0 -DNMM_MAX_DIM=2600 -DCOAMPS_CORE=0 -DDA_CORE=0 -DEXP_CORE=0 -DIWORDSIZE=4 -DDWORDSIZE=8 -DRWORDSIZE=4 -DLWORDSIZE=4 -DNONSTANDARD_SYSTEM_FUNC  -DWRF_USE_CLM  -DSNICAR_FRC    -DDM_PARALLEL -DNETCDF -DUSE_ALLOCATABLES -DGRIB1 -DINTIO -DKEEP_INT_AROUND -DLIMIT_ARGS -DCONFIG_BUF_LEN=65536 -DMAX_DOMAINS_F=21 -DMAX_HISTORY=25 -DNMM_NEST=0  -I../../inc -I../ioapi_share io_int.F90 | m4 -Uinclude -Uindex -Ulen - > io_int.f
time mpif90 -f90=ifort -real-size 32 -i4  -ip -fp-model precise -w -ftz -align all -fno-alias -FR -convert big_endian     -I../../inc -I../ioapi_share -o io_int.o -c io_int.f
0.07user 0.50system 0:00.62elapsed 92%CPU (0avgtext+0avgdata 38432maxresident)k
0inputs+0outputs (0major+23777minor)pagefaults 0swaps
time mpif90 -f90=ifort -real-size 32 -i4  -ip -fp-model precise -w -ftz -align all -fno-alias -FR -convert big_endian     -I../../frame -o module_io_int_read.o -c module_io_int_read.f
0.29user 0.52system 0:00.91elapsed 89%CPU (0avgtext+0avgdata 45160maxresident)k
0inputs+0outputs (0major+25701minor)pagefaults 0swaps
0.65user 0.54system 0:01.27elapsed 94%CPU (0avgtext+0avgdata 50776maxresident)k
0inputs+0outputs (0major+28151minor)pagefaults 0swaps
rm -f libwrfio_int.a
if [ `echo "time mpif90 -f90=ifort -real-size 32 -i4  -ip -fp-model precise -w -ftz -align all -fno-alias -FR -convert big_endian   " | awk '{print $1}'` = "gfortran" ] ; then \
	echo removing external declaration of iargc for gfortran ; \
	/lib/cpp -P -nostdinc -traditional-cpp -DEM_CORE=1 -DNMM_CORE=0 -DNMM_MAX_DIM=2600 -DCOAMPS_CORE=0 -DDA_CORE=0 -DEXP_CORE=0 -DIWORDSIZE=4 -DDWORDSIZE=8 -DRWORDSIZE=4 -DLWORDSIZE=4 -DNONSTANDARD_SYSTEM_FUNC  -DWRF_USE_CLM  -DSNICAR_FRC    -DDM_PARALLEL -DNETCDF -DUSE_ALLOCATABLES -DGRIB1 -DINTIO -DKEEP_INT_AROUND -DLIMIT_ARGS -DCONFIG_BUF_LEN=65536 -DMAX_DOMAINS_F=21 -DMAX_HISTORY=25 -DNMM_NEST=0  -I../ioapi_share diffwrf.F90 | \
	sed '/integer *, *external.*iargc/d' > diffwrf.f  ; \
else \
	/lib/cpp -P -nostdinc -traditional-cpp -DEM_CORE=1 -DNMM_CORE=0 -DNMM_MAX_DIM=2600 -DCOAMPS_CORE=0 -DDA_CORE=0 -DEXP_CORE=0 -DIWORDSIZE=4 -DDWORDSIZE=8 -DRWORDSIZE=4 -DLWORDSIZE=4 -DNONSTANDARD_SYSTEM_FUNC  -DWRF_USE_CLM  -DSNICAR_FRC    -DDM_PARALLEL -DNETCDF -DUSE_ALLOCATABLES -DGRIB1 -DINTIO -DKEEP_INT_AROUND -DLIMIT_ARGS -DCONFIG_BUF_LEN=65536 -DMAX_DOMAINS_F=21 -DMAX_HISTORY=25 -DNMM_NEST=0  -I../ioapi_share diffwrf.F90 > diffwrf.f  ; \
fi ; \
time mpif90 -f90=ifort -real-size 32 -i4  -ip -fp-model precise -w -ftz -align all -fno-alias -FR -convert big_endian    -c  -I../ioapi_share diffwrf.f ; \

ar ru libwrfio_int.a io_int.o io_int_idx.o module_io_int_idx.o module_io_int_read.o
ar: creating libwrfio_int.a
ranlib libwrfio_int.a
time mpif90 -f90=ifort -real-size 32 -i4  -ip -fp-model precise -w -ftz -align all -fno-alias -FR -convert big_endian      -o test_io_idx test_io_idx.f -L. -lwrfio_int

real	0m0.862s
user	0m0.265s
sys	0m0.554s
if [ -f ../../frame/pack_utils.o -a -f ../../frame/clog.o ] ; then \
  time mpif90 -f90=ifort -real-size 32 -i4  -ip -fp-model precise -w -ftz -align all -fno-alias -FR -convert big_endian      -I../ioapi_share -o diffwrf diffwrf.f \
	../../frame/pack_utils.o ../../frame/module_internal_header_util.o ../../frame/module_driver_constants.o ../../frame/module_machine.o ../../frame/module_wrf_error.o ../../frame/wrf_debug.o  libwrfio_int.a ; \
fi
0.25user 0.73system 0:01.03elapsed 95%CPU (0avgtext+0avgdata 67088maxresident)k
0inputs+0outputs (0major+43511minor)pagefaults 0swaps
make[3]: Leaving directory '/glade/work/rkumar/NASA_HMA/WRFchem_HMA/external/io_int'
( cd /glade/work/rkumar/NASA_HMA/WRFchem_HMA/external/fftpack/fftpack5 ; \
          make -j 2 FC="ifort" FFLAGS="-real-size `expr 8 \* 4` -i4  -ip -fp-model precise -w -ftz -align all -fno-alias -FR -convert big_endian  " RANLIB="ranlib" AR="ar" \
          ARFLAGS="ru" CPP="/lib/cpp -P -nostdinc" CPPFLAGS="-DEM_CORE=1 -DNMM_CORE=0 -DNMM_MAX_DIM=2600 -DCOAMPS_CORE=0 -DDA_CORE=0 -DEXP_CORE=0 -DIWORDSIZE=4 -DDWORDSIZE=8 -DRWORDSIZE=4 -DLWORDSIZE=4 -DNONSTANDARD_SYSTEM_FUNC  -DWRF_USE_CLM  -DSNICAR_FRC    -DDM_PARALLEL -DNETCDF -DUSE_ALLOCATABLES -DGRIB1 -DINTIO -DKEEP_INT_AROUND -DLIMIT_ARGS -DCONFIG_BUF_LEN=65536 -DMAX_DOMAINS_F=21 -DMAX_HISTORY=25 -DNMM_NEST=0 -DWRF_CHEM -DBUILD_CHEM=1 -DWRF_KPP -I. -traditional-cpp " RM="rm -f" )
make[3]: Entering directory '/glade/work/rkumar/NASA_HMA/WRFchem_HMA/external/fftpack/fftpack5'
/lib/cpp -P -nostdinc -DEM_CORE=1 -DNMM_CORE=0 -DNMM_MAX_DIM=2600 -DCOAMPS_CORE=0 -DDA_CORE=0 -DEXP_CORE=0 -DIWORDSIZE=4 -DDWORDSIZE=8 -DRWORDSIZE=4 -DLWORDSIZE=4 -DNONSTANDARD_SYSTEM_FUNC  -DWRF_USE_CLM  -DSNICAR_FRC    -DDM_PARALLEL -DNETCDF -DUSE_ALLOCATABLES -DGRIB1 -DINTIO -DKEEP_INT_AROUND -DLIMIT_ARGS -DCONFIG_BUF_LEN=65536 -DMAX_DOMAINS_F=21 -DMAX_HISTORY=25 -DNMM_NEST=0 -DWRF_CHEM -DBUILD_CHEM=1 -DWRF_KPP -I. -traditional-cpp  c1f2kb.F  > c1f2kb.f90
/lib/cpp -P -nostdinc -DEM_CORE=1 -DNMM_CORE=0 -DNMM_MAX_DIM=2600 -DCOAMPS_CORE=0 -DDA_CORE=0 -DEXP_CORE=0 -DIWORDSIZE=4 -DDWORDSIZE=8 -DRWORDSIZE=4 -DLWORDSIZE=4 -DNONSTANDARD_SYSTEM_FUNC  -DWRF_USE_CLM  -DSNICAR_FRC    -DDM_PARALLEL -DNETCDF -DUSE_ALLOCATABLES -DGRIB1 -DINTIO -DKEEP_INT_AROUND -DLIMIT_ARGS -DCONFIG_BUF_LEN=65536 -DMAX_DOMAINS_F=21 -DMAX_HISTORY=25 -DNMM_NEST=0 -DWRF_CHEM -DBUILD_CHEM=1 -DWRF_KPP -I. -traditional-cpp  cfft1b.F  > cfft1b.f90
ifort -c -real-size 32 -i4  -ip -fp-model precise -w -ftz -align all -fno-alias -FR -convert big_endian   c1f2kb.f90
ifort -c -real-size 32 -i4  -ip -fp-model precise -w -ftz -align all -fno-alias -FR -convert big_endian   cfft1b.f90
rm -f -f cfft1b.f90
/lib/cpp -P -nostdinc -DEM_CORE=1 -DNMM_CORE=0 -DNMM_MAX_DIM=2600 -DCOAMPS_CORE=0 -DDA_CORE=0 -DEXP_CORE=0 -DIWORDSIZE=4 -DDWORDSIZE=8 -DRWORDSIZE=4 -DLWORDSIZE=4 -DNONSTANDARD_SYSTEM_FUNC  -DWRF_USE_CLM  -DSNICAR_FRC    -DDM_PARALLEL -DNETCDF -DUSE_ALLOCATABLES -DGRIB1 -DINTIO -DKEEP_INT_AROUND -DLIMIT_ARGS -DCONFIG_BUF_LEN=65536 -DMAX_DOMAINS_F=21 -DMAX_HISTORY=25 -DNMM_NEST=0 -DWRF_CHEM -DBUILD_CHEM=1 -DWRF_KPP -I. -traditional-cpp  cmf3kf.F  > cmf3kf.f90
rm -f -f c1f2kb.f90
/lib/cpp -P -nostdinc -DEM_CORE=1 -DNMM_CORE=0 -DNMM_MAX_DIM=2600 -DCOAMPS_CORE=0 -DDA_CORE=0 -DEXP_CORE=0 -DIWORDSIZE=4 -DDWORDSIZE=8 -DRWORDSIZE=4 -DLWORDSIZE=4 -DNONSTANDARD_SYSTEM_FUNC  -DWRF_USE_CLM  -DSNICAR_FRC    -DDM_PARALLEL -DNETCDF -DUSE_ALLOCATABLES -DGRIB1 -DINTIO -DKEEP_INT_AROUND -DLIMIT_ARGS -DCONFIG_BUF_LEN=65536 -DMAX_DOMAINS_F=21 -DMAX_HISTORY=25 -DNMM_NEST=0 -DWRF_CHEM -DBUILD_CHEM=1 -DWRF_KPP -I. -traditional-cpp  cosqb1.F  > cosqb1.f90
ifort -c -real-size 32 -i4  -ip -fp-model precise -w -ftz -align all -fno-alias -FR -convert big_endian   cmf3kf.f90
ifort -c -real-size 32 -i4  -ip -fp-model precise -w -ftz -align all -fno-alias -FR -convert big_endian   cosqb1.f90
rm -f -f cosqb1.f90
/lib/cpp -P -nostdinc -DEM_CORE=1 -DNMM_CORE=0 -DNMM_MAX_DIM=2600 -DCOAMPS_CORE=0 -DDA_CORE=0 -DEXP_CORE=0 -DIWORDSIZE=4 -DDWORDSIZE=8 -DRWORDSIZE=4 -DLWORDSIZE=4 -DNONSTANDARD_SYSTEM_FUNC  -DWRF_USE_CLM  -DSNICAR_FRC    -DDM_PARALLEL -DNETCDF -DUSE_ALLOCATABLES -DGRIB1 -DINTIO -DKEEP_INT_AROUND -DLIMIT_ARGS -DCONFIG_BUF_LEN=65536 -DMAX_DOMAINS_F=21 -DMAX_HISTORY=25 -DNMM_NEST=0 -DWRF_CHEM -DBUILD_CHEM=1 -DWRF_KPP -I. -traditional-cpp  costmi.F  > costmi.f90
ifort -c -real-size 32 -i4  -ip -fp-model precise -w -ftz -align all -fno-alias -FR -convert big_endian   costmi.f90
rm -f -f cmf3kf.f90
/lib/cpp -P -nostdinc -DEM_CORE=1 -DNMM_CORE=0 -DNMM_MAX_DIM=2600 -DCOAMPS_CORE=0 -DDA_CORE=0 -DEXP_CORE=0 -DIWORDSIZE=4 -DDWORDSIZE=8 -DRWORDSIZE=4 -DLWORDSIZE=4 -DNONSTANDARD_SYSTEM_FUNC  -DWRF_USE_CLM  -DSNICAR_FRC    -DDM_PARALLEL -DNETCDF -DUSE_ALLOCATABLES -DGRIB1 -DINTIO -DKEEP_INT_AROUND -DLIMIT_ARGS -DCONFIG_BUF_LEN=65536 -DMAX_DOMAINS_F=21 -DMAX_HISTORY=25 -DNMM_NEST=0 -DWRF_CHEM -DBUILD_CHEM=1 -DWRF_KPP -I. -traditional-cpp  dcosq1f.F  > dcosq1f.f90
ifort -c -real-size 32 -i4  -ip -fp-model precise -w -ftz -align all -fno-alias -FR -convert big_endian   dcosq1f.f90
rm -f -f costmi.f90
/lib/cpp -P -nostdinc -DEM_CORE=1 -DNMM_CORE=0 -DNMM_MAX_DIM=2600 -DCOAMPS_CORE=0 -DDA_CORE=0 -DEXP_CORE=0 -DIWORDSIZE=4 -DDWORDSIZE=8 -DRWORDSIZE=4 -DLWORDSIZE=4 -DNONSTANDARD_SYSTEM_FUNC  -DWRF_USE_CLM  -DSNICAR_FRC    -DDM_PARALLEL -DNETCDF -DUSE_ALLOCATABLES -DGRIB1 -DINTIO -DKEEP_INT_AROUND -DLIMIT_ARGS -DCONFIG_BUF_LEN=65536 -DMAX_DOMAINS_F=21 -DMAX_HISTORY=25 -DNMM_NEST=0 -DWRF_CHEM -DBUILD_CHEM=1 -DWRF_KPP -I. -traditional-cpp  dfftb1.F  > dfftb1.f90
ifort -c -real-size 32 -i4  -ip -fp-model precise -w -ftz -align all -fno-alias -FR -convert big_endian   dfftb1.f90
rm -f -f dcosq1f.f90
/lib/cpp -P -nostdinc -DEM_CORE=1 -DNMM_CORE=0 -DNMM_MAX_DIM=2600 -DCOAMPS_CORE=0 -DDA_CORE=0 -DEXP_CORE=0 -DIWORDSIZE=4 -DDWORDSIZE=8 -DRWORDSIZE=4 -DLWORDSIZE=4 -DNONSTANDARD_SYSTEM_FUNC  -DWRF_USE_CLM  -DSNICAR_FRC    -DDM_PARALLEL -DNETCDF -DUSE_ALLOCATABLES -DGRIB1 -DINTIO -DKEEP_INT_AROUND -DLIMIT_ARGS -DCONFIG_BUF_LEN=65536 -DMAX_DOMAINS_F=21 -DMAX_HISTORY=25 -DNMM_NEST=0 -DWRF_CHEM -DBUILD_CHEM=1 -DWRF_KPP -I. -traditional-cpp  mradb2.F  > mradb2.f90
ifort -c -real-size 32 -i4  -ip -fp-model precise -w -ftz -align all -fno-alias -FR -convert big_endian   mradb2.f90
rm -f -f dfftb1.f90
/lib/cpp -P -nostdinc -DEM_CORE=1 -DNMM_CORE=0 -DNMM_MAX_DIM=2600 -DCOAMPS_CORE=0 -DDA_CORE=0 -DEXP_CORE=0 -DIWORDSIZE=4 -DDWORDSIZE=8 -DRWORDSIZE=4 -DLWORDSIZE=4 -DNONSTANDARD_SYSTEM_FUNC  -DWRF_USE_CLM  -DSNICAR_FRC    -DDM_PARALLEL -DNETCDF -DUSE_ALLOCATABLES -DGRIB1 -DINTIO -DKEEP_INT_AROUND -DLIMIT_ARGS -DCONFIG_BUF_LEN=65536 -DMAX_DOMAINS_F=21 -DMAX_HISTORY=25 -DNMM_NEST=0 -DWRF_CHEM -DBUILD_CHEM=1 -DWRF_KPP -I. -traditional-cpp  mrfti1.F  > mrfti1.f90
ifort -c -real-size 32 -i4  -ip -fp-model precise -w -ftz -align all -fno-alias -FR -convert big_endian   mrfti1.f90
rm -f -f mradb2.f90
/lib/cpp -P -nostdinc -DEM_CORE=1 -DNMM_CORE=0 -DNMM_MAX_DIM=2600 -DCOAMPS_CORE=0 -DDA_CORE=0 -DEXP_CORE=0 -DIWORDSIZE=4 -DDWORDSIZE=8 -DRWORDSIZE=4 -DLWORDSIZE=4 -DNONSTANDARD_SYSTEM_FUNC  -DWRF_USE_CLM  -DSNICAR_FRC    -DDM_PARALLEL -DNETCDF -DUSE_ALLOCATABLES -DGRIB1 -DINTIO -DKEEP_INT_AROUND -DLIMIT_ARGS -DCONFIG_BUF_LEN=65536 -DMAX_DOMAINS_F=21 -DMAX_HISTORY=25 -DNMM_NEST=0 -DWRF_CHEM -DBUILD_CHEM=1 -DWRF_KPP -I. -traditional-cpp  r1fgkf.F  > r1fgkf.f90
ifort -c -real-size 32 -i4  -ip -fp-model precise -w -ftz -align all -fno-alias -FR -convert big_endian   r1fgkf.f90
rm -f -f mrfti1.f90
/lib/cpp -P -nostdinc -DEM_CORE=1 -DNMM_CORE=0 -DNMM_MAX_DIM=2600 -DCOAMPS_CORE=0 -DDA_CORE=0 -DEXP_CORE=0 -DIWORDSIZE=4 -DDWORDSIZE=8 -DRWORDSIZE=4 -DLWORDSIZE=4 -DNONSTANDARD_SYSTEM_FUNC  -DWRF_USE_CLM  -DSNICAR_FRC    -DDM_PARALLEL -DNETCDF -DUSE_ALLOCATABLES -DGRIB1 -DINTIO -DKEEP_INT_AROUND -DLIMIT_ARGS -DCONFIG_BUF_LEN=65536 -DMAX_DOMAINS_F=21 -DMAX_HISTORY=25 -DNMM_NEST=0 -DWRF_CHEM -DBUILD_CHEM=1 -DWRF_KPP -I. -traditional-cpp  rfft2i.F  > rfft2i.f90
ifort -c -real-size 32 -i4  -ip -fp-model precise -w -ftz -align all -fno-alias -FR -convert big_endian   rfft2i.f90
rm -f -f r1fgkf.f90
/lib/cpp -P -nostdinc -DEM_CORE=1 -DNMM_CORE=0 -DNMM_MAX_DIM=2600 -DCOAMPS_CORE=0 -DDA_CORE=0 -DEXP_CORE=0 -DIWORDSIZE=4 -DDWORDSIZE=8 -DRWORDSIZE=4 -DLWORDSIZE=4 -DNONSTANDARD_SYSTEM_FUNC  -DWRF_USE_CLM  -DSNICAR_FRC    -DDM_PARALLEL -DNETCDF -DUSE_ALLOCATABLES -DGRIB1 -DINTIO -DKEEP_INT_AROUND -DLIMIT_ARGS -DCONFIG_BUF_LEN=65536 -DMAX_DOMAINS_F=21 -DMAX_HISTORY=25 -DNMM_NEST=0 -DWRF_CHEM -DBUILD_CHEM=1 -DWRF_KPP -I. -traditional-cpp  sinqmi.F  > sinqmi.f90
ifort -c -real-size 32 -i4  -ip -fp-model precise -w -ftz -align all -fno-alias -FR -convert big_endian   sinqmi.f90
rm -f -f rfft2i.f90
/lib/cpp -P -nostdinc -DEM_CORE=1 -DNMM_CORE=0 -DNMM_MAX_DIM=2600 -DCOAMPS_CORE=0 -DDA_CORE=0 -DEXP_CORE=0 -DIWORDSIZE=4 -DDWORDSIZE=8 -DRWORDSIZE=4 -DLWORDSIZE=4 -DNONSTANDARD_SYSTEM_FUNC  -DWRF_USE_CLM  -DSNICAR_FRC    -DDM_PARALLEL -DNETCDF -DUSE_ALLOCATABLES -DGRIB1 -DINTIO -DKEEP_INT_AROUND -DLIMIT_ARGS -DCONFIG_BUF_LEN=65536 -DMAX_DOMAINS_F=21 -DMAX_HISTORY=25 -DNMM_NEST=0 -DWRF_CHEM -DBUILD_CHEM=1 -DWRF_KPP -I. -traditional-cpp  z1f2kf.F  > z1f2kf.f90
ifort -c -real-size 32 -i4  -ip -fp-model precise -w -ftz -align all -fno-alias -FR -convert big_endian   z1f2kf.f90
rm -f -f sinqmi.f90
/lib/cpp -P -nostdinc -DEM_CORE=1 -DNMM_CORE=0 -DNMM_MAX_DIM=2600 -DCOAMPS_CORE=0 -DDA_CORE=0 -DEXP_CORE=0 -DIWORDSIZE=4 -DDWORDSIZE=8 -DRWORDSIZE=4 -DLWORDSIZE=4 -DNONSTANDARD_SYSTEM_FUNC  -DWRF_USE_CLM  -DSNICAR_FRC    -DDM_PARALLEL -DNETCDF -DUSE_ALLOCATABLES -DGRIB1 -DINTIO -DKEEP_INT_AROUND -DLIMIT_ARGS -DCONFIG_BUF_LEN=65536 -DMAX_DOMAINS_F=21 -DMAX_HISTORY=25 -DNMM_NEST=0 -DWRF_CHEM -DBUILD_CHEM=1 -DWRF_KPP -I. -traditional-cpp  zfft1f.F  > zfft1f.f90
ifort -c -real-size 32 -i4  -ip -fp-model precise -w -ftz -align all -fno-alias -FR -convert big_endian   zfft1f.f90
rm -f -f z1f2kf.f90
/lib/cpp -P -nostdinc -DEM_CORE=1 -DNMM_CORE=0 -DNMM_MAX_DIM=2600 -DCOAMPS_CORE=0 -DDA_CORE=0 -DEXP_CORE=0 -DIWORDSIZE=4 -DDWORDSIZE=8 -DRWORDSIZE=4 -DLWORDSIZE=4 -DNONSTANDARD_SYSTEM_FUNC  -DWRF_USE_CLM  -DSNICAR_FRC    -DDM_PARALLEL -DNETCDF -DUSE_ALLOCATABLES -DGRIB1 -DINTIO -DKEEP_INT_AROUND -DLIMIT_ARGS -DCONFIG_BUF_LEN=65536 -DMAX_DOMAINS_F=21 -DMAX_HISTORY=25 -DNMM_NEST=0 -DWRF_CHEM -DBUILD_CHEM=1 -DWRF_KPP -I. -traditional-cpp  zmf4kb.F  > zmf4kb.f90
ifort -c -real-size 32 -i4  -ip -fp-model precise -w -ftz -align all -fno-alias -FR -convert big_endian   zmf4kb.f90
rm -f -f zfft1f.f90
/lib/cpp -P -nostdinc -DEM_CORE=1 -DNMM_CORE=0 -DNMM_MAX_DIM=2600 -DCOAMPS_CORE=0 -DDA_CORE=0 -DEXP_CORE=0 -DIWORDSIZE=4 -DDWORDSIZE=8 -DRWORDSIZE=4 -DLWORDSIZE=4 -DNONSTANDARD_SYSTEM_FUNC  -DWRF_USE_CLM  -DSNICAR_FRC    -DDM_PARALLEL -DNETCDF -DUSE_ALLOCATABLES -DGRIB1 -DINTIO -DKEEP_INT_AROUND -DLIMIT_ARGS -DCONFIG_BUF_LEN=65536 -DMAX_DOMAINS_F=21 -DMAX_HISTORY=25 -DNMM_NEST=0 -DWRF_CHEM -DBUILD_CHEM=1 -DWRF_KPP -I. -traditional-cpp  c1f2kf.F  > c1f2kf.f90
ifort -c -real-size 32 -i4  -ip -fp-model precise -w -ftz -align all -fno-alias -FR -convert big_endian   c1f2kf.f90
rm -f -f zmf4kb.f90
/lib/cpp -P -nostdinc -DEM_CORE=1 -DNMM_CORE=0 -DNMM_MAX_DIM=2600 -DCOAMPS_CORE=0 -DDA_CORE=0 -DEXP_CORE=0 -DIWORDSIZE=4 -DDWORDSIZE=8 -DRWORDSIZE=4 -DLWORDSIZE=4 -DNONSTANDARD_SYSTEM_FUNC  -DWRF_USE_CLM  -DSNICAR_FRC    -DDM_PARALLEL -DNETCDF -DUSE_ALLOCATABLES -DGRIB1 -DINTIO -DKEEP_INT_AROUND -DLIMIT_ARGS -DCONFIG_BUF_LEN=65536 -DMAX_DOMAINS_F=21 -DMAX_HISTORY=25 -DNMM_NEST=0 -DWRF_CHEM -DBUILD_CHEM=1 -DWRF_KPP -I. -traditional-cpp  cfft1f.F  > cfft1f.f90
ifort -c -real-size 32 -i4  -ip -fp-model precise -w -ftz -align all -fno-alias -FR -convert big_endian   cfft1f.f90
rm -f -f c1f2kf.f90
/lib/cpp -P -nostdinc -DEM_CORE=1 -DNMM_CORE=0 -DNMM_MAX_DIM=2600 -DCOAMPS_CORE=0 -DDA_CORE=0 -DEXP_CORE=0 -DIWORDSIZE=4 -DDWORDSIZE=8 -DRWORDSIZE=4 -DLWORDSIZE=4 -DNONSTANDARD_SYSTEM_FUNC  -DWRF_USE_CLM  -DSNICAR_FRC    -DDM_PARALLEL -DNETCDF -DUSE_ALLOCATABLES -DGRIB1 -DINTIO -DKEEP_INT_AROUND -DLIMIT_ARGS -DCONFIG_BUF_LEN=65536 -DMAX_DOMAINS_F=21 -DMAX_HISTORY=25 -DNMM_NEST=0 -DWRF_CHEM -DBUILD_CHEM=1 -DWRF_KPP -I. -traditional-cpp  cmf4kb.F  > cmf4kb.f90
ifort -c -real-size 32 -i4  -ip -fp-model precise -w -ftz -align all -fno-alias -FR -convert big_endian   cmf4kb.f90
rm -f -f cfft1f.f90
/lib/cpp -P -nostdinc -DEM_CORE=1 -DNMM_CORE=0 -DNMM_MAX_DIM=2600 -DCOAMPS_CORE=0 -DDA_CORE=0 -DEXP_CORE=0 -DIWORDSIZE=4 -DDWORDSIZE=8 -DRWORDSIZE=4 -DLWORDSIZE=4 -DNONSTANDARD_SYSTEM_FUNC  -DWRF_USE_CLM  -DSNICAR_FRC    -DDM_PARALLEL -DNETCDF -DUSE_ALLOCATABLES -DGRIB1 -DINTIO -DKEEP_INT_AROUND -DLIMIT_ARGS -DCONFIG_BUF_LEN=65536 -DMAX_DOMAINS_F=21 -DMAX_HISTORY=25 -DNMM_NEST=0 -DWRF_CHEM -DBUILD_CHEM=1 -DWRF_KPP -I. -traditional-cpp  cosqf1.F  > cosqf1.f90
ifort -c -real-size 32 -i4  -ip -fp-model precise -w -ftz -align all -fno-alias -FR -convert big_endian   cosqf1.f90
rm -f -f cmf4kb.f90
/lib/cpp -P -nostdinc -DEM_CORE=1 -DNMM_CORE=0 -DNMM_MAX_DIM=2600 -DCOAMPS_CORE=0 -DDA_CORE=0 -DEXP_CORE=0 -DIWORDSIZE=4 -DDWORDSIZE=8 -DRWORDSIZE=4 -DLWORDSIZE=4 -DNONSTANDARD_SYSTEM_FUNC  -DWRF_USE_CLM  -DSNICAR_FRC    -DDM_PARALLEL -DNETCDF -DUSE_ALLOCATABLES -DGRIB1 -DINTIO -DKEEP_INT_AROUND -DLIMIT_ARGS -DCONFIG_BUF_LEN=65536 -DMAX_DOMAINS_F=21 -DMAX_HISTORY=25 -DNMM_NEST=0 -DWRF_CHEM -DBUILD_CHEM=1 -DWRF_KPP -I. -traditional-cpp  d1f2kb.F  > d1f2kb.f90
ifort -c -real-size 32 -i4  -ip -fp-model precise -w -ftz -align all -fno-alias -FR -convert big_endian   d1f2kb.f90
rm -f -f cosqf1.f90
/lib/cpp -P -nostdinc -DEM_CORE=1 -DNMM_CORE=0 -DNMM_MAX_DIM=2600 -DCOAMPS_CORE=0 -DDA_CORE=0 -DEXP_CORE=0 -DIWORDSIZE=4 -DDWORDSIZE=8 -DRWORDSIZE=4 -DLWORDSIZE=4 -DNONSTANDARD_SYSTEM_FUNC  -DWRF_USE_CLM  -DSNICAR_FRC    -DDM_PARALLEL -DNETCDF -DUSE_ALLOCATABLES -DGRIB1 -DINTIO -DKEEP_INT_AROUND -DLIMIT_ARGS -DCONFIG_BUF_LEN=65536 -DMAX_DOMAINS_F=21 -DMAX_HISTORY=25 -DNMM_NEST=0 -DWRF_CHEM -DBUILD_CHEM=1 -DWRF_KPP -I. -traditional-cpp  dcosq1i.F  > dcosq1i.f90
ifort -c -real-size 32 -i4  -ip -fp-model precise -w -ftz -align all -fno-alias -FR -convert big_endian   dcosq1i.f90
rm -f -f d1f2kb.f90
/lib/cpp -P -nostdinc -DEM_CORE=1 -DNMM_CORE=0 -DNMM_MAX_DIM=2600 -DCOAMPS_CORE=0 -DDA_CORE=0 -DEXP_CORE=0 -DIWORDSIZE=4 -DDWORDSIZE=8 -DRWORDSIZE=4 -DLWORDSIZE=4 -DNONSTANDARD_SYSTEM_FUNC  -DWRF_USE_CLM  -DSNICAR_FRC    -DDM_PARALLEL -DNETCDF -DUSE_ALLOCATABLES -DGRIB1 -DINTIO -DKEEP_INT_AROUND -DLIMIT_ARGS -DCONFIG_BUF_LEN=65536 -DMAX_DOMAINS_F=21 -DMAX_HISTORY=25 -DNMM_NEST=0 -DWRF_CHEM -DBUILD_CHEM=1 -DWRF_KPP -I. -traditional-cpp  dfftf1.F  > dfftf1.f90
rm -f -f dcosq1i.f90
/lib/cpp -P -nostdinc -DEM_CORE=1 -DNMM_CORE=0 -DNMM_MAX_DIM=2600 -DCOAMPS_CORE=0 -DDA_CORE=0 -DEXP_CORE=0 -DIWORDSIZE=4 -DDWORDSIZE=8 -DRWORDSIZE=4 -DLWORDSIZE=4 -DNONSTANDARD_SYSTEM_FUNC  -DWRF_USE_CLM  -DSNICAR_FRC    -DDM_PARALLEL -DNETCDF -DUSE_ALLOCATABLES -DGRIB1 -DINTIO -DKEEP_INT_AROUND -DLIMIT_ARGS -DCONFIG_BUF_LEN=65536 -DMAX_DOMAINS_F=21 -DMAX_HISTORY=25 -DNMM_NEST=0 -DWRF_CHEM -DBUILD_CHEM=1 -DWRF_KPP -I. -traditional-cpp  mradb3.F  > mradb3.f90
ifort -c -real-size 32 -i4  -ip -fp-model precise -w -ftz -align all -fno-alias -FR -convert big_endian   dfftf1.f90
ifort -c -real-size 32 -i4  -ip -fp-model precise -w -ftz -align all -fno-alias -FR -convert big_endian   mradb3.f90
rm -f -f dfftf1.f90
/lib/cpp -P -nostdinc -DEM_CORE=1 -DNMM_CORE=0 -DNMM_MAX_DIM=2600 -DCOAMPS_CORE=0 -DDA_CORE=0 -DEXP_CORE=0 -DIWORDSIZE=4 -DDWORDSIZE=8 -DRWORDSIZE=4 -DLWORDSIZE=4 -DNONSTANDARD_SYSTEM_FUNC  -DWRF_USE_CLM  -DSNICAR_FRC    -DDM_PARALLEL -DNETCDF -DUSE_ALLOCATABLES -DGRIB1 -DINTIO -DKEEP_INT_AROUND -DLIMIT_ARGS -DCONFIG_BUF_LEN=65536 -DMAX_DOMAINS_F=21 -DMAX_HISTORY=25 -DNMM_NEST=0 -DWRF_CHEM -DBUILD_CHEM=1 -DWRF_KPP -I. -traditional-cpp  msntb1.F  > msntb1.f90
ifort -c -real-size 32 -i4  -ip -fp-model precise -w -ftz -align all -fno-alias -FR -convert big_endian   msntb1.f90
rm -f -f mradb3.f90
/lib/cpp -P -nostdinc -DEM_CORE=1 -DNMM_CORE=0 -DNMM_MAX_DIM=2600 -DCOAMPS_CORE=0 -DDA_CORE=0 -DEXP_CORE=0 -DIWORDSIZE=4 -DDWORDSIZE=8 -DRWORDSIZE=4 -DLWORDSIZE=4 -DNONSTANDARD_SYSTEM_FUNC  -DWRF_USE_CLM  -DSNICAR_FRC    -DDM_PARALLEL -DNETCDF -DUSE_ALLOCATABLES -DGRIB1 -DINTIO -DKEEP_INT_AROUND -DLIMIT_ARGS -DCONFIG_BUF_LEN=65536 -DMAX_DOMAINS_F=21 -DMAX_HISTORY=25 -DNMM_NEST=0 -DWRF_CHEM -DBUILD_CHEM=1 -DWRF_KPP -I. -traditional-cpp  r4_factor.F  > r4_factor.f90
ifort -c -real-size 32 -i4  -ip -fp-model precise -w -ftz -align all -fno-alias -FR -convert big_endian   r4_factor.f90
rm -f -f msntb1.f90
/lib/cpp -P -nostdinc -DEM_CORE=1 -DNMM_CORE=0 -DNMM_MAX_DIM=2600 -DCOAMPS_CORE=0 -DDA_CORE=0 -DEXP_CORE=0 -DIWORDSIZE=4 -DDWORDSIZE=8 -DRWORDSIZE=4 -DLWORDSIZE=4 -DNONSTANDARD_SYSTEM_FUNC  -DWRF_USE_CLM  -DSNICAR_FRC    -DDM_PARALLEL -DNETCDF -DUSE_ALLOCATABLES -DGRIB1 -DINTIO -DKEEP_INT_AROUND -DLIMIT_ARGS -DCONFIG_BUF_LEN=65536 -DMAX_DOMAINS_F=21 -DMAX_HISTORY=25 -DNMM_NEST=0 -DWRF_CHEM -DBUILD_CHEM=1 -DWRF_KPP -I. -traditional-cpp  rfftb1.F  > rfftb1.f90
rm -f -f r4_factor.f90
/lib/cpp -P -nostdinc -DEM_CORE=1 -DNMM_CORE=0 -DNMM_MAX_DIM=2600 -DCOAMPS_CORE=0 -DDA_CORE=0 -DEXP_CORE=0 -DIWORDSIZE=4 -DDWORDSIZE=8 -DRWORDSIZE=4 -DLWORDSIZE=4 -DNONSTANDARD_SYSTEM_FUNC  -DWRF_USE_CLM  -DSNICAR_FRC    -DDM_PARALLEL -DNETCDF -DUSE_ALLOCATABLES -DGRIB1 -DINTIO -DKEEP_INT_AROUND -DLIMIT_ARGS -DCONFIG_BUF_LEN=65536 -DMAX_DOMAINS_F=21 -DMAX_HISTORY=25 -DNMM_NEST=0 -DWRF_CHEM -DBUILD_CHEM=1 -DWRF_KPP -I. -traditional-cpp  sint1b.F  > sint1b.f90
ifort -c -real-size 32 -i4  -ip -fp-model precise -w -ftz -align all -fno-alias -FR -convert big_endian   rfftb1.f90
ifort -c -real-size 32 -i4  -ip -fp-model precise -w -ftz -align all -fno-alias -FR -convert big_endian   sint1b.f90
rm -f -f sint1b.f90
/lib/cpp -P -nostdinc -DEM_CORE=1 -DNMM_CORE=0 -DNMM_MAX_DIM=2600 -DCOAMPS_CORE=0 -DDA_CORE=0 -DEXP_CORE=0 -DIWORDSIZE=4 -DDWORDSIZE=8 -DRWORDSIZE=4 -DLWORDSIZE=4 -DNONSTANDARD_SYSTEM_FUNC  -DWRF_USE_CLM  -DSNICAR_FRC    -DDM_PARALLEL -DNETCDF -DUSE_ALLOCATABLES -DGRIB1 -DINTIO -DKEEP_INT_AROUND -DLIMIT_ARGS -DCONFIG_BUF_LEN=65536 -DMAX_DOMAINS_F=21 -DMAX_HISTORY=25 -DNMM_NEST=0 -DWRF_CHEM -DBUILD_CHEM=1 -DWRF_KPP -I. -traditional-cpp  z1f3kb.F  > z1f3kb.f90
rm -f -f rfftb1.f90
/lib/cpp -P -nostdinc -DEM_CORE=1 -DNMM_CORE=0 -DNMM_MAX_DIM=2600 -DCOAMPS_CORE=0 -DDA_CORE=0 -DEXP_CORE=0 -DIWORDSIZE=4 -DDWORDSIZE=8 -DRWORDSIZE=4 -DLWORDSIZE=4 -DNONSTANDARD_SYSTEM_FUNC  -DWRF_USE_CLM  -DSNICAR_FRC    -DDM_PARALLEL -DNETCDF -DUSE_ALLOCATABLES -DGRIB1 -DINTIO -DKEEP_INT_AROUND -DLIMIT_ARGS -DCONFIG_BUF_LEN=65536 -DMAX_DOMAINS_F=21 -DMAX_HISTORY=25 -DNMM_NEST=0 -DWRF_CHEM -DBUILD_CHEM=1 -DWRF_KPP -I. -traditional-cpp  zfft1i.F  > zfft1i.f90
ifort -c -real-size 32 -i4  -ip -fp-model precise -w -ftz -align all -fno-alias -FR -convert big_endian   z1f3kb.f90
ifort -c -real-size 32 -i4  -ip -fp-model precise -w -ftz -align all -fno-alias -FR -convert big_endian   zfft1i.f90
rm -f -f zfft1i.f90
/lib/cpp -P -nostdinc -DEM_CORE=1 -DNMM_CORE=0 -DNMM_MAX_DIM=2600 -DCOAMPS_CORE=0 -DDA_CORE=0 -DEXP_CORE=0 -DIWORDSIZE=4 -DDWORDSIZE=8 -DRWORDSIZE=4 -DLWORDSIZE=4 -DNONSTANDARD_SYSTEM_FUNC  -DWRF_USE_CLM  -DSNICAR_FRC    -DDM_PARALLEL -DNETCDF -DUSE_ALLOCATABLES -DGRIB1 -DINTIO -DKEEP_INT_AROUND -DLIMIT_ARGS -DCONFIG_BUF_LEN=65536 -DMAX_DOMAINS_F=21 -DMAX_HISTORY=25 -DNMM_NEST=0 -DWRF_CHEM -DBUILD_CHEM=1 -DWRF_KPP -I. -traditional-cpp  zmf4kf.F  > zmf4kf.f90
ifort -c -real-size 32 -i4  -ip -fp-model precise -w -ftz -align all -fno-alias -FR -convert big_endian   zmf4kf.f90
rm -f -f z1f3kb.f90
/lib/cpp -P -nostdinc -DEM_CORE=1 -DNMM_CORE=0 -DNMM_MAX_DIM=2600 -DCOAMPS_CORE=0 -DDA_CORE=0 -DEXP_CORE=0 -DIWORDSIZE=4 -DDWORDSIZE=8 -DRWORDSIZE=4 -DLWORDSIZE=4 -DNONSTANDARD_SYSTEM_FUNC  -DWRF_USE_CLM  -DSNICAR_FRC    -DDM_PARALLEL -DNETCDF -DUSE_ALLOCATABLES -DGRIB1 -DINTIO -DKEEP_INT_AROUND -DLIMIT_ARGS -DCONFIG_BUF_LEN=65536 -DMAX_DOMAINS_F=21 -DMAX_HISTORY=25 -DNMM_NEST=0 -DWRF_CHEM -DBUILD_CHEM=1 -DWRF_KPP -I. -traditional-cpp  c1f3kb.F  > c1f3kb.f90
ifort -c -real-size 32 -i4  -ip -fp-model precise -w -ftz -align all -fno-alias -FR -convert big_endian   c1f3kb.f90
rm -f -f zmf4kf.f90
rm -f -f c1f3kb.f90
/lib/cpp -P -nostdinc -DEM_CORE=1 -DNMM_CORE=0 -DNMM_MAX_DIM=2600 -DCOAMPS_CORE=0 -DDA_CORE=0 -DEXP_CORE=0 -DIWORDSIZE=4 -DDWORDSIZE=8 -DRWORDSIZE=4 -DLWORDSIZE=4 -DNONSTANDARD_SYSTEM_FUNC  -DWRF_USE_CLM  -DSNICAR_FRC    -DDM_PARALLEL -DNETCDF -DUSE_ALLOCATABLES -DGRIB1 -DINTIO -DKEEP_INT_AROUND -DLIMIT_ARGS -DCONFIG_BUF_LEN=65536 -DMAX_DOMAINS_F=21 -DMAX_HISTORY=25 -DNMM_NEST=0 -DWRF_CHEM -DBUILD_CHEM=1 -DWRF_KPP -I. -traditional-cpp  cfft1i.F  > cfft1i.f90
/lib/cpp -P -nostdinc -DEM_CORE=1 -DNMM_CORE=0 -DNMM_MAX_DIM=2600 -DCOAMPS_CORE=0 -DDA_CORE=0 -DEXP_CORE=0 -DIWORDSIZE=4 -DDWORDSIZE=8 -DRWORDSIZE=4 -DLWORDSIZE=4 -DNONSTANDARD_SYSTEM_FUNC  -DWRF_USE_CLM  -DSNICAR_FRC    -DDM_PARALLEL -DNETCDF -DUSE_ALLOCATABLES -DGRIB1 -DINTIO -DKEEP_INT_AROUND -DLIMIT_ARGS -DCONFIG_BUF_LEN=65536 -DMAX_DOMAINS_F=21 -DMAX_HISTORY=25 -DNMM_NEST=0 -DWRF_CHEM -DBUILD_CHEM=1 -DWRF_KPP -I. -traditional-cpp  cmf4kf.F  > cmf4kf.f90
ifort -c -real-size 32 -i4  -ip -fp-model precise -w -ftz -align all -fno-alias -FR -convert big_endian   cfft1i.f90
ifort -c -real-size 32 -i4  -ip -fp-model precise -w -ftz -align all -fno-alias -FR -convert big_endian   cmf4kf.f90
rm -f -f cfft1i.f90
/lib/cpp -P -nostdinc -DEM_CORE=1 -DNMM_CORE=0 -DNMM_MAX_DIM=2600 -DCOAMPS_CORE=0 -DDA_CORE=0 -DEXP_CORE=0 -DIWORDSIZE=4 -DDWORDSIZE=8 -DRWORDSIZE=4 -DLWORDSIZE=4 -DNONSTANDARD_SYSTEM_FUNC  -DWRF_USE_CLM  -DSNICAR_FRC    -DDM_PARALLEL -DNETCDF -DUSE_ALLOCATABLES -DGRIB1 -DINTIO -DKEEP_INT_AROUND -DLIMIT_ARGS -DCONFIG_BUF_LEN=65536 -DMAX_DOMAINS_F=21 -DMAX_HISTORY=25 -DNMM_NEST=0 -DWRF_CHEM -DBUILD_CHEM=1 -DWRF_KPP -I. -traditional-cpp  cosqmb.F  > cosqmb.f90
ifort -c -real-size 32 -i4  -ip -fp-model precise -w -ftz -align all -fno-alias -FR -convert big_endian   cosqmb.f90
rm -f -f cmf4kf.f90
/lib/cpp -P -nostdinc -DEM_CORE=1 -DNMM_CORE=0 -DNMM_MAX_DIM=2600 -DCOAMPS_CORE=0 -DDA_CORE=0 -DEXP_CORE=0 -DIWORDSIZE=4 -DDWORDSIZE=8 -DRWORDSIZE=4 -DLWORDSIZE=4 -DNONSTANDARD_SYSTEM_FUNC  -DWRF_USE_CLM  -DSNICAR_FRC    -DDM_PARALLEL -DNETCDF -DUSE_ALLOCATABLES -DGRIB1 -DINTIO -DKEEP_INT_AROUND -DLIMIT_ARGS -DCONFIG_BUF_LEN=65536 -DMAX_DOMAINS_F=21 -DMAX_HISTORY=25 -DNMM_NEST=0 -DWRF_CHEM -DBUILD_CHEM=1 -DWRF_KPP -I. -traditional-cpp  d1f2kf.F  > d1f2kf.f90
ifort -c -real-size 32 -i4  -ip -fp-model precise -w -ftz -align all -fno-alias -FR -convert big_endian   d1f2kf.f90
rm -f -f cosqmb.f90
/lib/cpp -P -nostdinc -DEM_CORE=1 -DNMM_CORE=0 -DNMM_MAX_DIM=2600 -DCOAMPS_CORE=0 -DDA_CORE=0 -DEXP_CORE=0 -DIWORDSIZE=4 -DDWORDSIZE=8 -DRWORDSIZE=4 -DLWORDSIZE=4 -DNONSTANDARD_SYSTEM_FUNC  -DWRF_USE_CLM  -DSNICAR_FRC    -DDM_PARALLEL -DNETCDF -DUSE_ALLOCATABLES -DGRIB1 -DINTIO -DKEEP_INT_AROUND -DLIMIT_ARGS -DCONFIG_BUF_LEN=65536 -DMAX_DOMAINS_F=21 -DMAX_HISTORY=25 -DNMM_NEST=0 -DWRF_CHEM -DBUILD_CHEM=1 -DWRF_KPP -I. -traditional-cpp  dcosqb1.F  > dcosqb1.f90
ifort -c -real-size 32 -i4  -ip -fp-model precise -w -ftz -align all -fno-alias -FR -convert big_endian   dcosqb1.f90
rm -f -f d1f2kf.f90
/lib/cpp -P -nostdinc -DEM_CORE=1 -DNMM_CORE=0 -DNMM_MAX_DIM=2600 -DCOAMPS_CORE=0 -DDA_CORE=0 -DEXP_CORE=0 -DIWORDSIZE=4 -DDWORDSIZE=8 -DRWORDSIZE=4 -DLWORDSIZE=4 -DNONSTANDARD_SYSTEM_FUNC  -DWRF_USE_CLM  -DSNICAR_FRC    -DDM_PARALLEL -DNETCDF -DUSE_ALLOCATABLES -DGRIB1 -DINTIO -DKEEP_INT_AROUND -DLIMIT_ARGS -DCONFIG_BUF_LEN=65536 -DMAX_DOMAINS_F=21 -DMAX_HISTORY=25 -DNMM_NEST=0 -DWRF_CHEM -DBUILD_CHEM=1 -DWRF_KPP -I. -traditional-cpp  dffti1.F  > dffti1.f90
ifort -c -real-size 32 -i4  -ip -fp-model precise -w -ftz -align all -fno-alias -FR -convert big_endian   dffti1.f90
rm -f -f dcosqb1.f90
/lib/cpp -P -nostdinc -DEM_CORE=1 -DNMM_CORE=0 -DNMM_MAX_DIM=2600 -DCOAMPS_CORE=0 -DDA_CORE=0 -DEXP_CORE=0 -DIWORDSIZE=4 -DDWORDSIZE=8 -DRWORDSIZE=4 -DLWORDSIZE=4 -DNONSTANDARD_SYSTEM_FUNC  -DWRF_USE_CLM  -DSNICAR_FRC    -DDM_PARALLEL -DNETCDF -DUSE_ALLOCATABLES -DGRIB1 -DINTIO -DKEEP_INT_AROUND -DLIMIT_ARGS -DCONFIG_BUF_LEN=65536 -DMAX_DOMAINS_F=21 -DMAX_HISTORY=25 -DNMM_NEST=0 -DWRF_CHEM -DBUILD_CHEM=1 -DWRF_KPP -I. -traditional-cpp  mradb4.F  > mradb4.f90
ifort -c -real-size 32 -i4  -ip -fp-model precise -w -ftz -align all -fno-alias -FR -convert big_endian   mradb4.f90
rm -f -f dffti1.f90
/lib/cpp -P -nostdinc -DEM_CORE=1 -DNMM_CORE=0 -DNMM_MAX_DIM=2600 -DCOAMPS_CORE=0 -DDA_CORE=0 -DEXP_CORE=0 -DIWORDSIZE=4 -DDWORDSIZE=8 -DRWORDSIZE=4 -DLWORDSIZE=4 -DNONSTANDARD_SYSTEM_FUNC  -DWRF_USE_CLM  -DSNICAR_FRC    -DDM_PARALLEL -DNETCDF -DUSE_ALLOCATABLES -DGRIB1 -DINTIO -DKEEP_INT_AROUND -DLIMIT_ARGS -DCONFIG_BUF_LEN=65536 -DMAX_DOMAINS_F=21 -DMAX_HISTORY=25 -DNMM_NEST=0 -DWRF_CHEM -DBUILD_CHEM=1 -DWRF_KPP -I. -traditional-cpp  msntf1.F  > msntf1.f90
ifort -c -real-size 32 -i4  -ip -fp-model precise -w -ftz -align all -fno-alias -FR -convert big_endian   msntf1.f90
rm -f -f mradb4.f90
/lib/cpp -P -nostdinc -DEM_CORE=1 -DNMM_CORE=0 -DNMM_MAX_DIM=2600 -DCOAMPS_CORE=0 -DDA_CORE=0 -DEXP_CORE=0 -DIWORDSIZE=4 -DDWORDSIZE=8 -DRWORDSIZE=4 -DLWORDSIZE=4 -DNONSTANDARD_SYSTEM_FUNC  -DWRF_USE_CLM  -DSNICAR_FRC    -DDM_PARALLEL -DNETCDF -DUSE_ALLOCATABLES -DGRIB1 -DINTIO -DKEEP_INT_AROUND -DLIMIT_ARGS -DCONFIG_BUF_LEN=65536 -DMAX_DOMAINS_F=21 -DMAX_HISTORY=25 -DNMM_NEST=0 -DWRF_CHEM -DBUILD_CHEM=1 -DWRF_KPP -I. -traditional-cpp  r4_mcfti1.F  > r4_mcfti1.f90
ifort -c -real-size 32 -i4  -ip -fp-model precise -w -ftz -align all -fno-alias -FR -convert big_endian   r4_mcfti1.f90
rm -f -f msntf1.f90
/lib/cpp -P -nostdinc -DEM_CORE=1 -DNMM_CORE=0 -DNMM_MAX_DIM=2600 -DCOAMPS_CORE=0 -DDA_CORE=0 -DEXP_CORE=0 -DIWORDSIZE=4 -DDWORDSIZE=8 -DRWORDSIZE=4 -DLWORDSIZE=4 -DNONSTANDARD_SYSTEM_FUNC  -DWRF_USE_CLM  -DSNICAR_FRC    -DDM_PARALLEL -DNETCDF -DUSE_ALLOCATABLES -DGRIB1 -DINTIO -DKEEP_INT_AROUND -DLIMIT_ARGS -DCONFIG_BUF_LEN=65536 -DMAX_DOMAINS_F=21 -DMAX_HISTORY=25 -DNMM_NEST=0 -DWRF_CHEM -DBUILD_CHEM=1 -DWRF_KPP -I. -traditional-cpp  rfftf1.F  > rfftf1.f90
ifort -c -real-size 32 -i4  -ip -fp-model precise -w -ftz -align all -fno-alias -FR -convert big_endian   rfftf1.f90
rm -f -f r4_mcfti1.f90
/lib/cpp -P -nostdinc -DEM_CORE=1 -DNMM_CORE=0 -DNMM_MAX_DIM=2600 -DCOAMPS_CORE=0 -DDA_CORE=0 -DEXP_CORE=0 -DIWORDSIZE=4 -DDWORDSIZE=8 -DRWORDSIZE=4 -DLWORDSIZE=4 -DNONSTANDARD_SYSTEM_FUNC  -DWRF_USE_CLM  -DSNICAR_FRC    -DDM_PARALLEL -DNETCDF -DUSE_ALLOCATABLES -DGRIB1 -DINTIO -DKEEP_INT_AROUND -DLIMIT_ARGS -DCONFIG_BUF_LEN=65536 -DMAX_DOMAINS_F=21 -DMAX_HISTORY=25 -DNMM_NEST=0 -DWRF_CHEM -DBUILD_CHEM=1 -DWRF_KPP -I. -traditional-cpp  sint1f.F  > sint1f.f90
ifort -c -real-size 32 -i4  -ip -fp-model precise -w -ftz -align all -fno-alias -FR -convert big_endian   sint1f.f90
rm -f -f rfftf1.f90
/lib/cpp -P -nostdinc -DEM_CORE=1 -DNMM_CORE=0 -DNMM_MAX_DIM=2600 -DCOAMPS_CORE=0 -DDA_CORE=0 -DEXP_CORE=0 -DIWORDSIZE=4 -DDWORDSIZE=8 -DRWORDSIZE=4 -DLWORDSIZE=4 -DNONSTANDARD_SYSTEM_FUNC  -DWRF_USE_CLM  -DSNICAR_FRC    -DDM_PARALLEL -DNETCDF -DUSE_ALLOCATABLES -DGRIB1 -DINTIO -DKEEP_INT_AROUND -DLIMIT_ARGS -DCONFIG_BUF_LEN=65536 -DMAX_DOMAINS_F=21 -DMAX_HISTORY=25 -DNMM_NEST=0 -DWRF_CHEM -DBUILD_CHEM=1 -DWRF_KPP -I. -traditional-cpp  z1f3kf.F  > z1f3kf.f90
ifort -c -real-size 32 -i4  -ip -fp-model precise -w -ftz -align all -fno-alias -FR -convert big_endian   z1f3kf.f90
rm -f -f sint1f.f90
/lib/cpp -P -nostdinc -DEM_CORE=1 -DNMM_CORE=0 -DNMM_MAX_DIM=2600 -DCOAMPS_CORE=0 -DDA_CORE=0 -DEXP_CORE=0 -DIWORDSIZE=4 -DDWORDSIZE=8 -DRWORDSIZE=4 -DLWORDSIZE=4 -DNONSTANDARD_SYSTEM_FUNC  -DWRF_USE_CLM  -DSNICAR_FRC    -DDM_PARALLEL -DNETCDF -DUSE_ALLOCATABLES -DGRIB1 -DINTIO -DKEEP_INT_AROUND -DLIMIT_ARGS -DCONFIG_BUF_LEN=65536 -DMAX_DOMAINS_F=21 -DMAX_HISTORY=25 -DNMM_NEST=0 -DWRF_CHEM -DBUILD_CHEM=1 -DWRF_KPP -I. -traditional-cpp  zfft2b.F  > zfft2b.f90
ifort -c -real-size 32 -i4  -ip -fp-model precise -w -ftz -align all -fno-alias -FR -convert big_endian   zfft2b.f90
rm -f -f z1f3kf.f90
/lib/cpp -P -nostdinc -DEM_CORE=1 -DNMM_CORE=0 -DNMM_MAX_DIM=2600 -DCOAMPS_CORE=0 -DDA_CORE=0 -DEXP_CORE=0 -DIWORDSIZE=4 -DDWORDSIZE=8 -DRWORDSIZE=4 -DLWORDSIZE=4 -DNONSTANDARD_SYSTEM_FUNC  -DWRF_USE_CLM  -DSNICAR_FRC    -DDM_PARALLEL -DNETCDF -DUSE_ALLOCATABLES -DGRIB1 -DINTIO -DKEEP_INT_AROUND -DLIMIT_ARGS -DCONFIG_BUF_LEN=65536 -DMAX_DOMAINS_F=21 -DMAX_HISTORY=25 -DNMM_NEST=0 -DWRF_CHEM -DBUILD_CHEM=1 -DWRF_KPP -I. -traditional-cpp  zmf5kb.F  > zmf5kb.f90
ifort -c -real-size 32 -i4  -ip -fp-model precise -w -ftz -align all -fno-alias -FR -convert big_endian   zmf5kb.f90
rm -f -f zfft2b.f90
/lib/cpp -P -nostdinc -DEM_CORE=1 -DNMM_CORE=0 -DNMM_MAX_DIM=2600 -DCOAMPS_CORE=0 -DDA_CORE=0 -DEXP_CORE=0 -DIWORDSIZE=4 -DDWORDSIZE=8 -DRWORDSIZE=4 -DLWORDSIZE=4 -DNONSTANDARD_SYSTEM_FUNC  -DWRF_USE_CLM  -DSNICAR_FRC    -DDM_PARALLEL -DNETCDF -DUSE_ALLOCATABLES -DGRIB1 -DINTIO -DKEEP_INT_AROUND -DLIMIT_ARGS -DCONFIG_BUF_LEN=65536 -DMAX_DOMAINS_F=21 -DMAX_HISTORY=25 -DNMM_NEST=0 -DWRF_CHEM -DBUILD_CHEM=1 -DWRF_KPP -I. -traditional-cpp  c1f3kf.F  > c1f3kf.f90
ifort -c -real-size 32 -i4  -ip -fp-model precise -w -ftz -align all -fno-alias -FR -convert big_endian   c1f3kf.f90
rm -f -f zmf5kb.f90
/lib/cpp -P -nostdinc -DEM_CORE=1 -DNMM_CORE=0 -DNMM_MAX_DIM=2600 -DCOAMPS_CORE=0 -DDA_CORE=0 -DEXP_CORE=0 -DIWORDSIZE=4 -DDWORDSIZE=8 -DRWORDSIZE=4 -DLWORDSIZE=4 -DNONSTANDARD_SYSTEM_FUNC  -DWRF_USE_CLM  -DSNICAR_FRC    -DDM_PARALLEL -DNETCDF -DUSE_ALLOCATABLES -DGRIB1 -DINTIO -DKEEP_INT_AROUND -DLIMIT_ARGS -DCONFIG_BUF_LEN=65536 -DMAX_DOMAINS_F=21 -DMAX_HISTORY=25 -DNMM_NEST=0 -DWRF_CHEM -DBUILD_CHEM=1 -DWRF_KPP -I. -traditional-cpp  cfft2b.F  > cfft2b.f90
ifort -c -real-size 32 -i4  -ip -fp-model precise -w -ftz -align all -fno-alias -FR -convert big_endian   cfft2b.f90
rm -f -f c1f3kf.f90
/lib/cpp -P -nostdinc -DEM_CORE=1 -DNMM_CORE=0 -DNMM_MAX_DIM=2600 -DCOAMPS_CORE=0 -DDA_CORE=0 -DEXP_CORE=0 -DIWORDSIZE=4 -DDWORDSIZE=8 -DRWORDSIZE=4 -DLWORDSIZE=4 -DNONSTANDARD_SYSTEM_FUNC  -DWRF_USE_CLM  -DSNICAR_FRC    -DDM_PARALLEL -DNETCDF -DUSE_ALLOCATABLES -DGRIB1 -DINTIO -DKEEP_INT_AROUND -DLIMIT_ARGS -DCONFIG_BUF_LEN=65536 -DMAX_DOMAINS_F=21 -DMAX_HISTORY=25 -DNMM_NEST=0 -DWRF_CHEM -DBUILD_CHEM=1 -DWRF_KPP -I. -traditional-cpp  cmf5kb.F  > cmf5kb.f90
ifort -c -real-size 32 -i4  -ip -fp-model precise -w -ftz -align all -fno-alias -FR -convert big_endian   cmf5kb.f90
rm -f -f cfft2b.f90
/lib/cpp -P -nostdinc -DEM_CORE=1 -DNMM_CORE=0 -DNMM_MAX_DIM=2600 -DCOAMPS_CORE=0 -DDA_CORE=0 -DEXP_CORE=0 -DIWORDSIZE=4 -DDWORDSIZE=8 -DRWORDSIZE=4 -DLWORDSIZE=4 -DNONSTANDARD_SYSTEM_FUNC  -DWRF_USE_CLM  -DSNICAR_FRC    -DDM_PARALLEL -DNETCDF -DUSE_ALLOCATABLES -DGRIB1 -DINTIO -DKEEP_INT_AROUND -DLIMIT_ARGS -DCONFIG_BUF_LEN=65536 -DMAX_DOMAINS_F=21 -DMAX_HISTORY=25 -DNMM_NEST=0 -DWRF_CHEM -DBUILD_CHEM=1 -DWRF_KPP -I. -traditional-cpp  cosqmf.F  > cosqmf.f90
ifort -c -real-size 32 -i4  -ip -fp-model precise -w -ftz -align all -fno-alias -FR -convert big_endian   cosqmf.f90
rm -f -f cmf5kb.f90
/lib/cpp -P -nostdinc -DEM_CORE=1 -DNMM_CORE=0 -DNMM_MAX_DIM=2600 -DCOAMPS_CORE=0 -DDA_CORE=0 -DEXP_CORE=0 -DIWORDSIZE=4 -DDWORDSIZE=8 -DRWORDSIZE=4 -DLWORDSIZE=4 -DNONSTANDARD_SYSTEM_FUNC  -DWRF_USE_CLM  -DSNICAR_FRC    -DDM_PARALLEL -DNETCDF -DUSE_ALLOCATABLES -DGRIB1 -DINTIO -DKEEP_INT_AROUND -DLIMIT_ARGS -DCONFIG_BUF_LEN=65536 -DMAX_DOMAINS_F=21 -DMAX_HISTORY=25 -DNMM_NEST=0 -DWRF_CHEM -DBUILD_CHEM=1 -DWRF_KPP -I. -traditional-cpp  d1f3kb.F  > d1f3kb.f90
ifort -c -real-size 32 -i4  -ip -fp-model precise -w -ftz -align all -fno-alias -FR -convert big_endian   d1f3kb.f90
rm -f -f cosqmf.f90
/lib/cpp -P -nostdinc -DEM_CORE=1 -DNMM_CORE=0 -DNMM_MAX_DIM=2600 -DCOAMPS_CORE=0 -DDA_CORE=0 -DEXP_CORE=0 -DIWORDSIZE=4 -DDWORDSIZE=8 -DRWORDSIZE=4 -DLWORDSIZE=4 -DNONSTANDARD_SYSTEM_FUNC  -DWRF_USE_CLM  -DSNICAR_FRC    -DDM_PARALLEL -DNETCDF -DUSE_ALLOCATABLES -DGRIB1 -DINTIO -DKEEP_INT_AROUND -DLIMIT_ARGS -DCONFIG_BUF_LEN=65536 -DMAX_DOMAINS_F=21 -DMAX_HISTORY=25 -DNMM_NEST=0 -DWRF_CHEM -DBUILD_CHEM=1 -DWRF_KPP -I. -traditional-cpp  dcosqf1.F  > dcosqf1.f90
ifort -c -real-size 32 -i4  -ip -fp-model precise -w -ftz -align all -fno-alias -FR -convert big_endian   dcosqf1.f90
rm -f -f d1f3kb.f90
/lib/cpp -P -nostdinc -DEM_CORE=1 -DNMM_CORE=0 -DNMM_MAX_DIM=2600 -DCOAMPS_CORE=0 -DDA_CORE=0 -DEXP_CORE=0 -DIWORDSIZE=4 -DDWORDSIZE=8 -DRWORDSIZE=4 -DLWORDSIZE=4 -DNONSTANDARD_SYSTEM_FUNC  -DWRF_USE_CLM  -DSNICAR_FRC    -DDM_PARALLEL -DNETCDF -DUSE_ALLOCATABLES -DGRIB1 -DINTIO -DKEEP_INT_AROUND -DLIMIT_ARGS -DCONFIG_BUF_LEN=65536 -DMAX_DOMAINS_F=21 -DMAX_HISTORY=25 -DNMM_NEST=0 -DWRF_CHEM -DBUILD_CHEM=1 -DWRF_KPP -I. -traditional-cpp  dsint1b.F  > dsint1b.f90
ifort -c -real-size 32 -i4  -ip -fp-model precise -w -ftz -align all -fno-alias -FR -convert big_endian   dsint1b.f90
rm -f -f dcosqf1.f90
/lib/cpp -P -nostdinc -DEM_CORE=1 -DNMM_CORE=0 -DNMM_MAX_DIM=2600 -DCOAMPS_CORE=0 -DDA_CORE=0 -DEXP_CORE=0 -DIWORDSIZE=4 -DDWORDSIZE=8 -DRWORDSIZE=4 -DLWORDSIZE=4 -DNONSTANDARD_SYSTEM_FUNC  -DWRF_USE_CLM  -DSNICAR_FRC    -DDM_PARALLEL -DNETCDF -DUSE_ALLOCATABLES -DGRIB1 -DINTIO -DKEEP_INT_AROUND -DLIMIT_ARGS -DCONFIG_BUF_LEN=65536 -DMAX_DOMAINS_F=21 -DMAX_HISTORY=25 -DNMM_NEST=0 -DWRF_CHEM -DBUILD_CHEM=1 -DWRF_KPP -I. -traditional-cpp  mradb5.F  > mradb5.f90
ifort -c -real-size 32 -i4  -ip -fp-model precise -w -ftz -align all -fno-alias -FR -convert big_endian   mradb5.f90
rm -f -f dsint1b.f90
/lib/cpp -P -nostdinc -DEM_CORE=1 -DNMM_CORE=0 -DNMM_MAX_DIM=2600 -DCOAMPS_CORE=0 -DDA_CORE=0 -DEXP_CORE=0 -DIWORDSIZE=4 -DDWORDSIZE=8 -DRWORDSIZE=4 -DLWORDSIZE=4 -DNONSTANDARD_SYSTEM_FUNC  -DWRF_USE_CLM  -DSNICAR_FRC    -DDM_PARALLEL -DNETCDF -DUSE_ALLOCATABLES -DGRIB1 -DINTIO -DKEEP_INT_AROUND -DLIMIT_ARGS -DCONFIG_BUF_LEN=65536 -DMAX_DOMAINS_F=21 -DMAX_HISTORY=25 -DNMM_NEST=0 -DWRF_CHEM -DBUILD_CHEM=1 -DWRF_KPP -I. -traditional-cpp  r1f2kb.F  > r1f2kb.f90
ifort -c -real-size 32 -i4  -ip -fp-model precise -w -ftz -align all -fno-alias -FR -convert big_endian   r1f2kb.f90
rm -f -f r1f2kb.f90
/lib/cpp -P -nostdinc -DEM_CORE=1 -DNMM_CORE=0 -DNMM_MAX_DIM=2600 -DCOAMPS_CORE=0 -DDA_CORE=0 -DEXP_CORE=0 -DIWORDSIZE=4 -DDWORDSIZE=8 -DRWORDSIZE=4 -DLWORDSIZE=4 -DNONSTANDARD_SYSTEM_FUNC  -DWRF_USE_CLM  -DSNICAR_FRC    -DDM_PARALLEL -DNETCDF -DUSE_ALLOCATABLES -DGRIB1 -DINTIO -DKEEP_INT_AROUND -DLIMIT_ARGS -DCONFIG_BUF_LEN=65536 -DMAX_DOMAINS_F=21 -DMAX_HISTORY=25 -DNMM_NEST=0 -DWRF_CHEM -DBUILD_CHEM=1 -DWRF_KPP -I. -traditional-cpp  r4_tables.F  > r4_tables.f90
ifort -c -real-size 32 -i4  -ip -fp-model precise -w -ftz -align all -fno-alias -FR -convert big_endian   r4_tables.f90
rm -f -f mradb5.f90
/lib/cpp -P -nostdinc -DEM_CORE=1 -DNMM_CORE=0 -DNMM_MAX_DIM=2600 -DCOAMPS_CORE=0 -DDA_CORE=0 -DEXP_CORE=0 -DIWORDSIZE=4 -DDWORDSIZE=8 -DRWORDSIZE=4 -DLWORDSIZE=4 -DNONSTANDARD_SYSTEM_FUNC  -DWRF_USE_CLM  -DSNICAR_FRC    -DDM_PARALLEL -DNETCDF -DUSE_ALLOCATABLES -DGRIB1 -DINTIO -DKEEP_INT_AROUND -DLIMIT_ARGS -DCONFIG_BUF_LEN=65536 -DMAX_DOMAINS_F=21 -DMAX_HISTORY=25 -DNMM_NEST=0 -DWRF_CHEM -DBUILD_CHEM=1 -DWRF_KPP -I. -traditional-cpp  rffti1.F  > rffti1.f90
ifort -c -real-size 32 -i4  -ip -fp-model precise -w -ftz -align all -fno-alias -FR -convert big_endian   rffti1.f90
rm -f -f r4_tables.f90
/lib/cpp -P -nostdinc -DEM_CORE=1 -DNMM_CORE=0 -DNMM_MAX_DIM=2600 -DCOAMPS_CORE=0 -DDA_CORE=0 -DEXP_CORE=0 -DIWORDSIZE=4 -DDWORDSIZE=8 -DRWORDSIZE=4 -DLWORDSIZE=4 -DNONSTANDARD_SYSTEM_FUNC  -DWRF_USE_CLM  -DSNICAR_FRC    -DDM_PARALLEL -DNETCDF -DUSE_ALLOCATABLES -DGRIB1 -DINTIO -DKEEP_INT_AROUND -DLIMIT_ARGS -DCONFIG_BUF_LEN=65536 -DMAX_DOMAINS_F=21 -DMAX_HISTORY=25 -DNMM_NEST=0 -DWRF_CHEM -DBUILD_CHEM=1 -DWRF_KPP -I. -traditional-cpp  sint1i.F  > sint1i.f90
ifort -c -real-size 32 -i4  -ip -fp-model precise -w -ftz -align all -fno-alias -FR -convert big_endian   sint1i.f90
rm -f -f rffti1.f90
/lib/cpp -P -nostdinc -DEM_CORE=1 -DNMM_CORE=0 -DNMM_MAX_DIM=2600 -DCOAMPS_CORE=0 -DDA_CORE=0 -DEXP_CORE=0 -DIWORDSIZE=4 -DDWORDSIZE=8 -DRWORDSIZE=4 -DLWORDSIZE=4 -DNONSTANDARD_SYSTEM_FUNC  -DWRF_USE_CLM  -DSNICAR_FRC    -DDM_PARALLEL -DNETCDF -DUSE_ALLOCATABLES -DGRIB1 -DINTIO -DKEEP_INT_AROUND -DLIMIT_ARGS -DCONFIG_BUF_LEN=65536 -DMAX_DOMAINS_F=21 -DMAX_HISTORY=25 -DNMM_NEST=0 -DWRF_CHEM -DBUILD_CHEM=1 -DWRF_KPP -I. -traditional-cpp  z1f4kb.F  > z1f4kb.f90
ifort -c -real-size 32 -i4  -ip -fp-model precise -w -ftz -align all -fno-alias -FR -convert big_endian   z1f4kb.f90
rm -f -f sint1i.f90
/lib/cpp -P -nostdinc -DEM_CORE=1 -DNMM_CORE=0 -DNMM_MAX_DIM=2600 -DCOAMPS_CORE=0 -DDA_CORE=0 -DEXP_CORE=0 -DIWORDSIZE=4 -DDWORDSIZE=8 -DRWORDSIZE=4 -DLWORDSIZE=4 -DNONSTANDARD_SYSTEM_FUNC  -DWRF_USE_CLM  -DSNICAR_FRC    -DDM_PARALLEL -DNETCDF -DUSE_ALLOCATABLES -DGRIB1 -DINTIO -DKEEP_INT_AROUND -DLIMIT_ARGS -DCONFIG_BUF_LEN=65536 -DMAX_DOMAINS_F=21 -DMAX_HISTORY=25 -DNMM_NEST=0 -DWRF_CHEM -DBUILD_CHEM=1 -DWRF_KPP -I. -traditional-cpp  zfft2f.F  > zfft2f.f90
ifort -c -real-size 32 -i4  -ip -fp-model precise -w -ftz -align all -fno-alias -FR -convert big_endian   zfft2f.f90
rm -f -f z1f4kb.f90
/lib/cpp -P -nostdinc -DEM_CORE=1 -DNMM_CORE=0 -DNMM_MAX_DIM=2600 -DCOAMPS_CORE=0 -DDA_CORE=0 -DEXP_CORE=0 -DIWORDSIZE=4 -DDWORDSIZE=8 -DRWORDSIZE=4 -DLWORDSIZE=4 -DNONSTANDARD_SYSTEM_FUNC  -DWRF_USE_CLM  -DSNICAR_FRC    -DDM_PARALLEL -DNETCDF -DUSE_ALLOCATABLES -DGRIB1 -DINTIO -DKEEP_INT_AROUND -DLIMIT_ARGS -DCONFIG_BUF_LEN=65536 -DMAX_DOMAINS_F=21 -DMAX_HISTORY=25 -DNMM_NEST=0 -DWRF_CHEM -DBUILD_CHEM=1 -DWRF_KPP -I. -traditional-cpp  zmf5kf.F  > zmf5kf.f90
ifort -c -real-size 32 -i4  -ip -fp-model precise -w -ftz -align all -fno-alias -FR -convert big_endian   zmf5kf.f90
rm -f -f zfft2f.f90
/lib/cpp -P -nostdinc -DEM_CORE=1 -DNMM_CORE=0 -DNMM_MAX_DIM=2600 -DCOAMPS_CORE=0 -DDA_CORE=0 -DEXP_CORE=0 -DIWORDSIZE=4 -DDWORDSIZE=8 -DRWORDSIZE=4 -DLWORDSIZE=4 -DNONSTANDARD_SYSTEM_FUNC  -DWRF_USE_CLM  -DSNICAR_FRC    -DDM_PARALLEL -DNETCDF -DUSE_ALLOCATABLES -DGRIB1 -DINTIO -DKEEP_INT_AROUND -DLIMIT_ARGS -DCONFIG_BUF_LEN=65536 -DMAX_DOMAINS_F=21 -DMAX_HISTORY=25 -DNMM_NEST=0 -DWRF_CHEM -DBUILD_CHEM=1 -DWRF_KPP -I. -traditional-cpp  c1f4kb.F  > c1f4kb.f90
ifort -c -real-size 32 -i4  -ip -fp-model precise -w -ftz -align all -fno-alias -FR -convert big_endian   c1f4kb.f90
rm -f -f zmf5kf.f90
/lib/cpp -P -nostdinc -DEM_CORE=1 -DNMM_CORE=0 -DNMM_MAX_DIM=2600 -DCOAMPS_CORE=0 -DDA_CORE=0 -DEXP_CORE=0 -DIWORDSIZE=4 -DDWORDSIZE=8 -DRWORDSIZE=4 -DLWORDSIZE=4 -DNONSTANDARD_SYSTEM_FUNC  -DWRF_USE_CLM  -DSNICAR_FRC    -DDM_PARALLEL -DNETCDF -DUSE_ALLOCATABLES -DGRIB1 -DINTIO -DKEEP_INT_AROUND -DLIMIT_ARGS -DCONFIG_BUF_LEN=65536 -DMAX_DOMAINS_F=21 -DMAX_HISTORY=25 -DNMM_NEST=0 -DWRF_CHEM -DBUILD_CHEM=1 -DWRF_KPP -I. -traditional-cpp  cfft2f.F  > cfft2f.f90
ifort -c -real-size 32 -i4  -ip -fp-model precise -w -ftz -align all -fno-alias -FR -convert big_endian   cfft2f.f90
rm -f -f c1f4kb.f90
/lib/cpp -P -nostdinc -DEM_CORE=1 -DNMM_CORE=0 -DNMM_MAX_DIM=2600 -DCOAMPS_CORE=0 -DDA_CORE=0 -DEXP_CORE=0 -DIWORDSIZE=4 -DDWORDSIZE=8 -DRWORDSIZE=4 -DLWORDSIZE=4 -DNONSTANDARD_SYSTEM_FUNC  -DWRF_USE_CLM  -DSNICAR_FRC    -DDM_PARALLEL -DNETCDF -DUSE_ALLOCATABLES -DGRIB1 -DINTIO -DKEEP_INT_AROUND -DLIMIT_ARGS -DCONFIG_BUF_LEN=65536 -DMAX_DOMAINS_F=21 -DMAX_HISTORY=25 -DNMM_NEST=0 -DWRF_CHEM -DBUILD_CHEM=1 -DWRF_KPP -I. -traditional-cpp  cmf5kf.F  > cmf5kf.f90
ifort -c -real-size 32 -i4  -ip -fp-model precise -w -ftz -align all -fno-alias -FR -convert big_endian   cmf5kf.f90
rm -f -f cfft2f.f90
/lib/cpp -P -nostdinc -DEM_CORE=1 -DNMM_CORE=0 -DNMM_MAX_DIM=2600 -DCOAMPS_CORE=0 -DDA_CORE=0 -DEXP_CORE=0 -DIWORDSIZE=4 -DDWORDSIZE=8 -DRWORDSIZE=4 -DLWORDSIZE=4 -DNONSTANDARD_SYSTEM_FUNC  -DWRF_USE_CLM  -DSNICAR_FRC    -DDM_PARALLEL -DNETCDF -DUSE_ALLOCATABLES -DGRIB1 -DINTIO -DKEEP_INT_AROUND -DLIMIT_ARGS -DCONFIG_BUF_LEN=65536 -DMAX_DOMAINS_F=21 -DMAX_HISTORY=25 -DNMM_NEST=0 -DWRF_CHEM -DBUILD_CHEM=1 -DWRF_KPP -I. -traditional-cpp  cosqmi.F  > cosqmi.f90
ifort -c -real-size 32 -i4  -ip -fp-model precise -w -ftz -align all -fno-alias -FR -convert big_endian   cosqmi.f90
rm -f -f cmf5kf.f90
/lib/cpp -P -nostdinc -DEM_CORE=1 -DNMM_CORE=0 -DNMM_MAX_DIM=2600 -DCOAMPS_CORE=0 -DDA_CORE=0 -DEXP_CORE=0 -DIWORDSIZE=4 -DDWORDSIZE=8 -DRWORDSIZE=4 -DLWORDSIZE=4 -DNONSTANDARD_SYSTEM_FUNC  -DWRF_USE_CLM  -DSNICAR_FRC    -DDM_PARALLEL -DNETCDF -DUSE_ALLOCATABLES -DGRIB1 -DINTIO -DKEEP_INT_AROUND -DLIMIT_ARGS -DCONFIG_BUF_LEN=65536 -DMAX_DOMAINS_F=21 -DMAX_HISTORY=25 -DNMM_NEST=0 -DWRF_CHEM -DBUILD_CHEM=1 -DWRF_KPP -I. -traditional-cpp  d1f3kf.F  > d1f3kf.f90
rm -f -f cosqmi.f90
ifort -c -real-size 32 -i4  -ip -fp-model precise -w -ftz -align all -fno-alias -FR -convert big_endian   d1f3kf.f90
/lib/cpp -P -nostdinc -DEM_CORE=1 -DNMM_CORE=0 -DNMM_MAX_DIM=2600 -DCOAMPS_CORE=0 -DDA_CORE=0 -DEXP_CORE=0 -DIWORDSIZE=4 -DDWORDSIZE=8 -DRWORDSIZE=4 -DLWORDSIZE=4 -DNONSTANDARD_SYSTEM_FUNC  -DWRF_USE_CLM  -DSNICAR_FRC    -DDM_PARALLEL -DNETCDF -DUSE_ALLOCATABLES -DGRIB1 -DINTIO -DKEEP_INT_AROUND -DLIMIT_ARGS -DCONFIG_BUF_LEN=65536 -DMAX_DOMAINS_F=21 -DMAX_HISTORY=25 -DNMM_NEST=0 -DWRF_CHEM -DBUILD_CHEM=1 -DWRF_KPP -I. -traditional-cpp  dcost1b.F  > dcost1b.f90
ifort -c -real-size 32 -i4  -ip -fp-model precise -w -ftz -align all -fno-alias -FR -convert big_endian   dcost1b.f90
rm -f -f dcost1b.f90
/lib/cpp -P -nostdinc -DEM_CORE=1 -DNMM_CORE=0 -DNMM_MAX_DIM=2600 -DCOAMPS_CORE=0 -DDA_CORE=0 -DEXP_CORE=0 -DIWORDSIZE=4 -DDWORDSIZE=8 -DRWORDSIZE=4 -DLWORDSIZE=4 -DNONSTANDARD_SYSTEM_FUNC  -DWRF_USE_CLM  -DSNICAR_FRC    -DDM_PARALLEL -DNETCDF -DUSE_ALLOCATABLES -DGRIB1 -DINTIO -DKEEP_INT_AROUND -DLIMIT_ARGS -DCONFIG_BUF_LEN=65536 -DMAX_DOMAINS_F=21 -DMAX_HISTORY=25 -DNMM_NEST=0 -DWRF_CHEM -DBUILD_CHEM=1 -DWRF_KPP -I. -traditional-cpp  dsint1f.F  > dsint1f.f90
ifort -c -real-size 32 -i4  -ip -fp-model precise -w -ftz -align all -fno-alias -FR -convert big_endian   dsint1f.f90
rm -f -f d1f3kf.f90
/lib/cpp -P -nostdinc -DEM_CORE=1 -DNMM_CORE=0 -DNMM_MAX_DIM=2600 -DCOAMPS_CORE=0 -DDA_CORE=0 -DEXP_CORE=0 -DIWORDSIZE=4 -DDWORDSIZE=8 -DRWORDSIZE=4 -DLWORDSIZE=4 -DNONSTANDARD_SYSTEM_FUNC  -DWRF_USE_CLM  -DSNICAR_FRC    -DDM_PARALLEL -DNETCDF -DUSE_ALLOCATABLES -DGRIB1 -DINTIO -DKEEP_INT_AROUND -DLIMIT_ARGS -DCONFIG_BUF_LEN=65536 -DMAX_DOMAINS_F=21 -DMAX_HISTORY=25 -DNMM_NEST=0 -DWRF_CHEM -DBUILD_CHEM=1 -DWRF_KPP -I. -traditional-cpp  mradbg.F  > mradbg.f90
ifort -c -real-size 32 -i4  -ip -fp-model precise -w -ftz -align all -fno-alias -FR -convert big_endian   mradbg.f90
rm -f -f dsint1f.f90
/lib/cpp -P -nostdinc -DEM_CORE=1 -DNMM_CORE=0 -DNMM_MAX_DIM=2600 -DCOAMPS_CORE=0 -DDA_CORE=0 -DEXP_CORE=0 -DIWORDSIZE=4 -DDWORDSIZE=8 -DRWORDSIZE=4 -DLWORDSIZE=4 -DNONSTANDARD_SYSTEM_FUNC  -DWRF_USE_CLM  -DSNICAR_FRC    -DDM_PARALLEL -DNETCDF -DUSE_ALLOCATABLES -DGRIB1 -DINTIO -DKEEP_INT_AROUND -DLIMIT_ARGS -DCONFIG_BUF_LEN=65536 -DMAX_DOMAINS_F=21 -DMAX_HISTORY=25 -DNMM_NEST=0 -DWRF_CHEM -DBUILD_CHEM=1 -DWRF_KPP -I. -traditional-cpp  r1f2kf.F  > r1f2kf.f90
ifort -c -real-size 32 -i4  -ip -fp-model precise -w -ftz -align all -fno-alias -FR -convert big_endian   r1f2kf.f90
rm -f -f r1f2kf.f90
/lib/cpp -P -nostdinc -DEM_CORE=1 -DNMM_CORE=0 -DNMM_MAX_DIM=2600 -DCOAMPS_CORE=0 -DDA_CORE=0 -DEXP_CORE=0 -DIWORDSIZE=4 -DDWORDSIZE=8 -DRWORDSIZE=4 -DLWORDSIZE=4 -DNONSTANDARD_SYSTEM_FUNC  -DWRF_USE_CLM  -DSNICAR_FRC    -DDM_PARALLEL -DNETCDF -DUSE_ALLOCATABLES -DGRIB1 -DINTIO -DKEEP_INT_AROUND -DLIMIT_ARGS -DCONFIG_BUF_LEN=65536 -DMAX_DOMAINS_F=21 -DMAX_HISTORY=25 -DNMM_NEST=0 -DWRF_CHEM -DBUILD_CHEM=1 -DWRF_KPP -I. -traditional-cpp  r8_factor.F  > r8_factor.f90
rm -f -f mradbg.f90
/lib/cpp -P -nostdinc -DEM_CORE=1 -DNMM_CORE=0 -DNMM_MAX_DIM=2600 -DCOAMPS_CORE=0 -DDA_CORE=0 -DEXP_CORE=0 -DIWORDSIZE=4 -DDWORDSIZE=8 -DRWORDSIZE=4 -DLWORDSIZE=4 -DNONSTANDARD_SYSTEM_FUNC  -DWRF_USE_CLM  -DSNICAR_FRC    -DDM_PARALLEL -DNETCDF -DUSE_ALLOCATABLES -DGRIB1 -DINTIO -DKEEP_INT_AROUND -DLIMIT_ARGS -DCONFIG_BUF_LEN=65536 -DMAX_DOMAINS_F=21 -DMAX_HISTORY=25 -DNMM_NEST=0 -DWRF_CHEM -DBUILD_CHEM=1 -DWRF_KPP -I. -traditional-cpp  rfftmb.F  > rfftmb.f90
ifort -c -real-size 32 -i4  -ip -fp-model precise -w -ftz -align all -fno-alias -FR -convert big_endian   r8_factor.f90
ifort -c -real-size 32 -i4  -ip -fp-model precise -w -ftz -align all -fno-alias -FR -convert big_endian   rfftmb.f90
rm -f -f r8_factor.f90
/lib/cpp -P -nostdinc -DEM_CORE=1 -DNMM_CORE=0 -DNMM_MAX_DIM=2600 -DCOAMPS_CORE=0 -DDA_CORE=0 -DEXP_CORE=0 -DIWORDSIZE=4 -DDWORDSIZE=8 -DRWORDSIZE=4 -DLWORDSIZE=4 -DNONSTANDARD_SYSTEM_FUNC  -DWRF_USE_CLM  -DSNICAR_FRC    -DDM_PARALLEL -DNETCDF -DUSE_ALLOCATABLES -DGRIB1 -DINTIO -DKEEP_INT_AROUND -DLIMIT_ARGS -DCONFIG_BUF_LEN=65536 -DMAX_DOMAINS_F=21 -DMAX_HISTORY=25 -DNMM_NEST=0 -DWRF_CHEM -DBUILD_CHEM=1 -DWRF_KPP -I. -traditional-cpp  sintb1.F  > sintb1.f90
ifort -c -real-size 32 -i4  -ip -fp-model precise -w -ftz -align all -fno-alias -FR -convert big_endian   sintb1.f90
rm -f -f rfftmb.f90
/lib/cpp -P -nostdinc -DEM_CORE=1 -DNMM_CORE=0 -DNMM_MAX_DIM=2600 -DCOAMPS_CORE=0 -DDA_CORE=0 -DEXP_CORE=0 -DIWORDSIZE=4 -DDWORDSIZE=8 -DRWORDSIZE=4 -DLWORDSIZE=4 -DNONSTANDARD_SYSTEM_FUNC  -DWRF_USE_CLM  -DSNICAR_FRC    -DDM_PARALLEL -DNETCDF -DUSE_ALLOCATABLES -DGRIB1 -DINTIO -DKEEP_INT_AROUND -DLIMIT_ARGS -DCONFIG_BUF_LEN=65536 -DMAX_DOMAINS_F=21 -DMAX_HISTORY=25 -DNMM_NEST=0 -DWRF_CHEM -DBUILD_CHEM=1 -DWRF_KPP -I. -traditional-cpp  z1f4kf.F  > z1f4kf.f90
ifort -c -real-size 32 -i4  -ip -fp-model precise -w -ftz -align all -fno-alias -FR -convert big_endian   z1f4kf.f90
rm -f -f sintb1.f90
/lib/cpp -P -nostdinc -DEM_CORE=1 -DNMM_CORE=0 -DNMM_MAX_DIM=2600 -DCOAMPS_CORE=0 -DDA_CORE=0 -DEXP_CORE=0 -DIWORDSIZE=4 -DDWORDSIZE=8 -DRWORDSIZE=4 -DLWORDSIZE=4 -DNONSTANDARD_SYSTEM_FUNC  -DWRF_USE_CLM  -DSNICAR_FRC    -DDM_PARALLEL -DNETCDF -DUSE_ALLOCATABLES -DGRIB1 -DINTIO -DKEEP_INT_AROUND -DLIMIT_ARGS -DCONFIG_BUF_LEN=65536 -DMAX_DOMAINS_F=21 -DMAX_HISTORY=25 -DNMM_NEST=0 -DWRF_CHEM -DBUILD_CHEM=1 -DWRF_KPP -I. -traditional-cpp  zfft2i.F  > zfft2i.f90
ifort -c -real-size 32 -i4  -ip -fp-model precise -w -ftz -align all -fno-alias -FR -convert big_endian   zfft2i.f90
rm -f -f z1f4kf.f90
/lib/cpp -P -nostdinc -DEM_CORE=1 -DNMM_CORE=0 -DNMM_MAX_DIM=2600 -DCOAMPS_CORE=0 -DDA_CORE=0 -DEXP_CORE=0 -DIWORDSIZE=4 -DDWORDSIZE=8 -DRWORDSIZE=4 -DLWORDSIZE=4 -DNONSTANDARD_SYSTEM_FUNC  -DWRF_USE_CLM  -DSNICAR_FRC    -DDM_PARALLEL -DNETCDF -DUSE_ALLOCATABLES -DGRIB1 -DINTIO -DKEEP_INT_AROUND -DLIMIT_ARGS -DCONFIG_BUF_LEN=65536 -DMAX_DOMAINS_F=21 -DMAX_HISTORY=25 -DNMM_NEST=0 -DWRF_CHEM -DBUILD_CHEM=1 -DWRF_KPP -I. -traditional-cpp  zmfgkb.F  > zmfgkb.f90
ifort -c -real-size 32 -i4  -ip -fp-model precise -w -ftz -align all -fno-alias -FR -convert big_endian   zmfgkb.f90
rm -f -f zfft2i.f90
/lib/cpp -P -nostdinc -DEM_CORE=1 -DNMM_CORE=0 -DNMM_MAX_DIM=2600 -DCOAMPS_CORE=0 -DDA_CORE=0 -DEXP_CORE=0 -DIWORDSIZE=4 -DDWORDSIZE=8 -DRWORDSIZE=4 -DLWORDSIZE=4 -DNONSTANDARD_SYSTEM_FUNC  -DWRF_USE_CLM  -DSNICAR_FRC    -DDM_PARALLEL -DNETCDF -DUSE_ALLOCATABLES -DGRIB1 -DINTIO -DKEEP_INT_AROUND -DLIMIT_ARGS -DCONFIG_BUF_LEN=65536 -DMAX_DOMAINS_F=21 -DMAX_HISTORY=25 -DNMM_NEST=0 -DWRF_CHEM -DBUILD_CHEM=1 -DWRF_KPP -I. -traditional-cpp  c1f4kf.F  > c1f4kf.f90
ifort -c -real-size 32 -i4  -ip -fp-model precise -w -ftz -align all -fno-alias -FR -convert big_endian   c1f4kf.f90
rm -f -f zmfgkb.f90
/lib/cpp -P -nostdinc -DEM_CORE=1 -DNMM_CORE=0 -DNMM_MAX_DIM=2600 -DCOAMPS_CORE=0 -DDA_CORE=0 -DEXP_CORE=0 -DIWORDSIZE=4 -DDWORDSIZE=8 -DRWORDSIZE=4 -DLWORDSIZE=4 -DNONSTANDARD_SYSTEM_FUNC  -DWRF_USE_CLM  -DSNICAR_FRC    -DDM_PARALLEL -DNETCDF -DUSE_ALLOCATABLES -DGRIB1 -DINTIO -DKEEP_INT_AROUND -DLIMIT_ARGS -DCONFIG_BUF_LEN=65536 -DMAX_DOMAINS_F=21 -DMAX_HISTORY=25 -DNMM_NEST=0 -DWRF_CHEM -DBUILD_CHEM=1 -DWRF_KPP -I. -traditional-cpp  cfft2i.F  > cfft2i.f90
ifort -c -real-size 32 -i4  -ip -fp-model precise -w -ftz -align all -fno-alias -FR -convert big_endian   cfft2i.f90
rm -f -f c1f4kf.f90
/lib/cpp -P -nostdinc -DEM_CORE=1 -DNMM_CORE=0 -DNMM_MAX_DIM=2600 -DCOAMPS_CORE=0 -DDA_CORE=0 -DEXP_CORE=0 -DIWORDSIZE=4 -DDWORDSIZE=8 -DRWORDSIZE=4 -DLWORDSIZE=4 -DNONSTANDARD_SYSTEM_FUNC  -DWRF_USE_CLM  -DSNICAR_FRC    -DDM_PARALLEL -DNETCDF -DUSE_ALLOCATABLES -DGRIB1 -DINTIO -DKEEP_INT_AROUND -DLIMIT_ARGS -DCONFIG_BUF_LEN=65536 -DMAX_DOMAINS_F=21 -DMAX_HISTORY=25 -DNMM_NEST=0 -DWRF_CHEM -DBUILD_CHEM=1 -DWRF_KPP -I. -traditional-cpp  cmfgkb.F  > cmfgkb.f90
ifort -c -real-size 32 -i4  -ip -fp-model precise -w -ftz -align all -fno-alias -FR -convert big_endian   cmfgkb.f90
rm -f -f cfft2i.f90
/lib/cpp -P -nostdinc -DEM_CORE=1 -DNMM_CORE=0 -DNMM_MAX_DIM=2600 -DCOAMPS_CORE=0 -DDA_CORE=0 -DEXP_CORE=0 -DIWORDSIZE=4 -DDWORDSIZE=8 -DRWORDSIZE=4 -DLWORDSIZE=4 -DNONSTANDARD_SYSTEM_FUNC  -DWRF_USE_CLM  -DSNICAR_FRC    -DDM_PARALLEL -DNETCDF -DUSE_ALLOCATABLES -DGRIB1 -DINTIO -DKEEP_INT_AROUND -DLIMIT_ARGS -DCONFIG_BUF_LEN=65536 -DMAX_DOMAINS_F=21 -DMAX_HISTORY=25 -DNMM_NEST=0 -DWRF_CHEM -DBUILD_CHEM=1 -DWRF_KPP -I. -traditional-cpp  cost1b.F  > cost1b.f90
ifort -c -real-size 32 -i4  -ip -fp-model precise -w -ftz -align all -fno-alias -FR -convert big_endian   cost1b.f90
rm -f -f cmfgkb.f90
/lib/cpp -P -nostdinc -DEM_CORE=1 -DNMM_CORE=0 -DNMM_MAX_DIM=2600 -DCOAMPS_CORE=0 -DDA_CORE=0 -DEXP_CORE=0 -DIWORDSIZE=4 -DDWORDSIZE=8 -DRWORDSIZE=4 -DLWORDSIZE=4 -DNONSTANDARD_SYSTEM_FUNC  -DWRF_USE_CLM  -DSNICAR_FRC    -DDM_PARALLEL -DNETCDF -DUSE_ALLOCATABLES -DGRIB1 -DINTIO -DKEEP_INT_AROUND -DLIMIT_ARGS -DCONFIG_BUF_LEN=65536 -DMAX_DOMAINS_F=21 -DMAX_HISTORY=25 -DNMM_NEST=0 -DWRF_CHEM -DBUILD_CHEM=1 -DWRF_KPP -I. -traditional-cpp  d1f4kb.F  > d1f4kb.f90
ifort -c -real-size 32 -i4  -ip -fp-model precise -w -ftz -align all -fno-alias -FR -convert big_endian   d1f4kb.f90
rm -f -f cost1b.f90
/lib/cpp -P -nostdinc -DEM_CORE=1 -DNMM_CORE=0 -DNMM_MAX_DIM=2600 -DCOAMPS_CORE=0 -DDA_CORE=0 -DEXP_CORE=0 -DIWORDSIZE=4 -DDWORDSIZE=8 -DRWORDSIZE=4 -DLWORDSIZE=4 -DNONSTANDARD_SYSTEM_FUNC  -DWRF_USE_CLM  -DSNICAR_FRC    -DDM_PARALLEL -DNETCDF -DUSE_ALLOCATABLES -DGRIB1 -DINTIO -DKEEP_INT_AROUND -DLIMIT_ARGS -DCONFIG_BUF_LEN=65536 -DMAX_DOMAINS_F=21 -DMAX_HISTORY=25 -DNMM_NEST=0 -DWRF_CHEM -DBUILD_CHEM=1 -DWRF_KPP -I. -traditional-cpp  dcost1f.F  > dcost1f.f90
ifort -c -real-size 32 -i4  -ip -fp-model precise -w -ftz -align all -fno-alias -FR -convert big_endian   dcost1f.f90
rm -f -f d1f4kb.f90
/lib/cpp -P -nostdinc -DEM_CORE=1 -DNMM_CORE=0 -DNMM_MAX_DIM=2600 -DCOAMPS_CORE=0 -DDA_CORE=0 -DEXP_CORE=0 -DIWORDSIZE=4 -DDWORDSIZE=8 -DRWORDSIZE=4 -DLWORDSIZE=4 -DNONSTANDARD_SYSTEM_FUNC  -DWRF_USE_CLM  -DSNICAR_FRC    -DDM_PARALLEL -DNETCDF -DUSE_ALLOCATABLES -DGRIB1 -DINTIO -DKEEP_INT_AROUND -DLIMIT_ARGS -DCONFIG_BUF_LEN=65536 -DMAX_DOMAINS_F=21 -DMAX_HISTORY=25 -DNMM_NEST=0 -DWRF_CHEM -DBUILD_CHEM=1 -DWRF_KPP -I. -traditional-cpp  dsint1i.F  > dsint1i.f90
rm -f -f dcost1f.f90
/lib/cpp -P -nostdinc -DEM_CORE=1 -DNMM_CORE=0 -DNMM_MAX_DIM=2600 -DCOAMPS_CORE=0 -DDA_CORE=0 -DEXP_CORE=0 -DIWORDSIZE=4 -DDWORDSIZE=8 -DRWORDSIZE=4 -DLWORDSIZE=4 -DNONSTANDARD_SYSTEM_FUNC  -DWRF_USE_CLM  -DSNICAR_FRC    -DDM_PARALLEL -DNETCDF -DUSE_ALLOCATABLES -DGRIB1 -DINTIO -DKEEP_INT_AROUND -DLIMIT_ARGS -DCONFIG_BUF_LEN=65536 -DMAX_DOMAINS_F=21 -DMAX_HISTORY=25 -DNMM_NEST=0 -DWRF_CHEM -DBUILD_CHEM=1 -DWRF_KPP -I. -traditional-cpp  mradf2.F  > mradf2.f90
ifort -c -real-size 32 -i4  -ip -fp-model precise -w -ftz -align all -fno-alias -FR -convert big_endian   dsint1i.f90
ifort -c -real-size 32 -i4  -ip -fp-model precise -w -ftz -align all -fno-alias -FR -convert big_endian   mradf2.f90
rm -f -f dsint1i.f90
/lib/cpp -P -nostdinc -DEM_CORE=1 -DNMM_CORE=0 -DNMM_MAX_DIM=2600 -DCOAMPS_CORE=0 -DDA_CORE=0 -DEXP_CORE=0 -DIWORDSIZE=4 -DDWORDSIZE=8 -DRWORDSIZE=4 -DLWORDSIZE=4 -DNONSTANDARD_SYSTEM_FUNC  -DWRF_USE_CLM  -DSNICAR_FRC    -DDM_PARALLEL -DNETCDF -DUSE_ALLOCATABLES -DGRIB1 -DINTIO -DKEEP_INT_AROUND -DLIMIT_ARGS -DCONFIG_BUF_LEN=65536 -DMAX_DOMAINS_F=21 -DMAX_HISTORY=25 -DNMM_NEST=0 -DWRF_CHEM -DBUILD_CHEM=1 -DWRF_KPP -I. -traditional-cpp  r1f3kb.F  > r1f3kb.f90
ifort -c -real-size 32 -i4  -ip -fp-model precise -w -ftz -align all -fno-alias -FR -convert big_endian   r1f3kb.f90
rm -f -f mradf2.f90
/lib/cpp -P -nostdinc -DEM_CORE=1 -DNMM_CORE=0 -DNMM_MAX_DIM=2600 -DCOAMPS_CORE=0 -DDA_CORE=0 -DEXP_CORE=0 -DIWORDSIZE=4 -DDWORDSIZE=8 -DRWORDSIZE=4 -DLWORDSIZE=4 -DNONSTANDARD_SYSTEM_FUNC  -DWRF_USE_CLM  -DSNICAR_FRC    -DDM_PARALLEL -DNETCDF -DUSE_ALLOCATABLES -DGRIB1 -DINTIO -DKEEP_INT_AROUND -DLIMIT_ARGS -DCONFIG_BUF_LEN=65536 -DMAX_DOMAINS_F=21 -DMAX_HISTORY=25 -DNMM_NEST=0 -DWRF_CHEM -DBUILD_CHEM=1 -DWRF_KPP -I. -traditional-cpp  r8_mcfti1.F  > r8_mcfti1.f90
ifort -c -real-size 32 -i4  -ip -fp-model precise -w -ftz -align all -fno-alias -FR -convert big_endian   r8_mcfti1.f90
rm -f -f r1f3kb.f90
/lib/cpp -P -nostdinc -DEM_CORE=1 -DNMM_CORE=0 -DNMM_MAX_DIM=2600 -DCOAMPS_CORE=0 -DDA_CORE=0 -DEXP_CORE=0 -DIWORDSIZE=4 -DDWORDSIZE=8 -DRWORDSIZE=4 -DLWORDSIZE=4 -DNONSTANDARD_SYSTEM_FUNC  -DWRF_USE_CLM  -DSNICAR_FRC    -DDM_PARALLEL -DNETCDF -DUSE_ALLOCATABLES -DGRIB1 -DINTIO -DKEEP_INT_AROUND -DLIMIT_ARGS -DCONFIG_BUF_LEN=65536 -DMAX_DOMAINS_F=21 -DMAX_HISTORY=25 -DNMM_NEST=0 -DWRF_CHEM -DBUILD_CHEM=1 -DWRF_KPP -I. -traditional-cpp  rfftmf.F  > rfftmf.f90
rm -f -f r8_mcfti1.f90
/lib/cpp -P -nostdinc -DEM_CORE=1 -DNMM_CORE=0 -DNMM_MAX_DIM=2600 -DCOAMPS_CORE=0 -DDA_CORE=0 -DEXP_CORE=0 -DIWORDSIZE=4 -DDWORDSIZE=8 -DRWORDSIZE=4 -DLWORDSIZE=4 -DNONSTANDARD_SYSTEM_FUNC  -DWRF_USE_CLM  -DSNICAR_FRC    -DDM_PARALLEL -DNETCDF -DUSE_ALLOCATABLES -DGRIB1 -DINTIO -DKEEP_INT_AROUND -DLIMIT_ARGS -DCONFIG_BUF_LEN=65536 -DMAX_DOMAINS_F=21 -DMAX_HISTORY=25 -DNMM_NEST=0 -DWRF_CHEM -DBUILD_CHEM=1 -DWRF_KPP -I. -traditional-cpp  sintf1.F  > sintf1.f90
ifort -c -real-size 32 -i4  -ip -fp-model precise -w -ftz -align all -fno-alias -FR -convert big_endian   rfftmf.f90
ifort -c -real-size 32 -i4  -ip -fp-model precise -w -ftz -align all -fno-alias -FR -convert big_endian   sintf1.f90
rm -f -f rfftmf.f90
/lib/cpp -P -nostdinc -DEM_CORE=1 -DNMM_CORE=0 -DNMM_MAX_DIM=2600 -DCOAMPS_CORE=0 -DDA_CORE=0 -DEXP_CORE=0 -DIWORDSIZE=4 -DDWORDSIZE=8 -DRWORDSIZE=4 -DLWORDSIZE=4 -DNONSTANDARD_SYSTEM_FUNC  -DWRF_USE_CLM  -DSNICAR_FRC    -DDM_PARALLEL -DNETCDF -DUSE_ALLOCATABLES -DGRIB1 -DINTIO -DKEEP_INT_AROUND -DLIMIT_ARGS -DCONFIG_BUF_LEN=65536 -DMAX_DOMAINS_F=21 -DMAX_HISTORY=25 -DNMM_NEST=0 -DWRF_CHEM -DBUILD_CHEM=1 -DWRF_KPP -I. -traditional-cpp  z1f5kb.F  > z1f5kb.f90
rm -f -f sintf1.f90
/lib/cpp -P -nostdinc -DEM_CORE=1 -DNMM_CORE=0 -DNMM_MAX_DIM=2600 -DCOAMPS_CORE=0 -DDA_CORE=0 -DEXP_CORE=0 -DIWORDSIZE=4 -DDWORDSIZE=8 -DRWORDSIZE=4 -DLWORDSIZE=4 -DNONSTANDARD_SYSTEM_FUNC  -DWRF_USE_CLM  -DSNICAR_FRC    -DDM_PARALLEL -DNETCDF -DUSE_ALLOCATABLES -DGRIB1 -DINTIO -DKEEP_INT_AROUND -DLIMIT_ARGS -DCONFIG_BUF_LEN=65536 -DMAX_DOMAINS_F=21 -DMAX_HISTORY=25 -DNMM_NEST=0 -DWRF_CHEM -DBUILD_CHEM=1 -DWRF_KPP -I. -traditional-cpp  zfftmb.F  > zfftmb.f90
ifort -c -real-size 32 -i4  -ip -fp-model precise -w -ftz -align all -fno-alias -FR -convert big_endian   z1f5kb.f90
ifort -c -real-size 32 -i4  -ip -fp-model precise -w -ftz -align all -fno-alias -FR -convert big_endian   zfftmb.f90
rm -f -f zfftmb.f90
/lib/cpp -P -nostdinc -DEM_CORE=1 -DNMM_CORE=0 -DNMM_MAX_DIM=2600 -DCOAMPS_CORE=0 -DDA_CORE=0 -DEXP_CORE=0 -DIWORDSIZE=4 -DDWORDSIZE=8 -DRWORDSIZE=4 -DLWORDSIZE=4 -DNONSTANDARD_SYSTEM_FUNC  -DWRF_USE_CLM  -DSNICAR_FRC    -DDM_PARALLEL -DNETCDF -DUSE_ALLOCATABLES -DGRIB1 -DINTIO -DKEEP_INT_AROUND -DLIMIT_ARGS -DCONFIG_BUF_LEN=65536 -DMAX_DOMAINS_F=21 -DMAX_HISTORY=25 -DNMM_NEST=0 -DWRF_CHEM -DBUILD_CHEM=1 -DWRF_KPP -I. -traditional-cpp  zmfgkf.F  > zmfgkf.f90
ifort -c -real-size 32 -i4  -ip -fp-model precise -w -ftz -align all -fno-alias -FR -convert big_endian   zmfgkf.f90
rm -f -f z1f5kb.f90
/lib/cpp -P -nostdinc -DEM_CORE=1 -DNMM_CORE=0 -DNMM_MAX_DIM=2600 -DCOAMPS_CORE=0 -DDA_CORE=0 -DEXP_CORE=0 -DIWORDSIZE=4 -DDWORDSIZE=8 -DRWORDSIZE=4 -DLWORDSIZE=4 -DNONSTANDARD_SYSTEM_FUNC  -DWRF_USE_CLM  -DSNICAR_FRC    -DDM_PARALLEL -DNETCDF -DUSE_ALLOCATABLES -DGRIB1 -DINTIO -DKEEP_INT_AROUND -DLIMIT_ARGS -DCONFIG_BUF_LEN=65536 -DMAX_DOMAINS_F=21 -DMAX_HISTORY=25 -DNMM_NEST=0 -DWRF_CHEM -DBUILD_CHEM=1 -DWRF_KPP -I. -traditional-cpp  c1f5kb.F  > c1f5kb.f90
ifort -c -real-size 32 -i4  -ip -fp-model precise -w -ftz -align all -fno-alias -FR -convert big_endian   c1f5kb.f90
rm -f -f zmfgkf.f90
/lib/cpp -P -nostdinc -DEM_CORE=1 -DNMM_CORE=0 -DNMM_MAX_DIM=2600 -DCOAMPS_CORE=0 -DDA_CORE=0 -DEXP_CORE=0 -DIWORDSIZE=4 -DDWORDSIZE=8 -DRWORDSIZE=4 -DLWORDSIZE=4 -DNONSTANDARD_SYSTEM_FUNC  -DWRF_USE_CLM  -DSNICAR_FRC    -DDM_PARALLEL -DNETCDF -DUSE_ALLOCATABLES -DGRIB1 -DINTIO -DKEEP_INT_AROUND -DLIMIT_ARGS -DCONFIG_BUF_LEN=65536 -DMAX_DOMAINS_F=21 -DMAX_HISTORY=25 -DNMM_NEST=0 -DWRF_CHEM -DBUILD_CHEM=1 -DWRF_KPP -I. -traditional-cpp  cfftmb.F  > cfftmb.f90
rm -f -f c1f5kb.f90
/lib/cpp -P -nostdinc -DEM_CORE=1 -DNMM_CORE=0 -DNMM_MAX_DIM=2600 -DCOAMPS_CORE=0 -DDA_CORE=0 -DEXP_CORE=0 -DIWORDSIZE=4 -DDWORDSIZE=8 -DRWORDSIZE=4 -DLWORDSIZE=4 -DNONSTANDARD_SYSTEM_FUNC  -DWRF_USE_CLM  -DSNICAR_FRC    -DDM_PARALLEL -DNETCDF -DUSE_ALLOCATABLES -DGRIB1 -DINTIO -DKEEP_INT_AROUND -DLIMIT_ARGS -DCONFIG_BUF_LEN=65536 -DMAX_DOMAINS_F=21 -DMAX_HISTORY=25 -DNMM_NEST=0 -DWRF_CHEM -DBUILD_CHEM=1 -DWRF_KPP -I. -traditional-cpp  cmfgkf.F  > cmfgkf.f90
ifort -c -real-size 32 -i4  -ip -fp-model precise -w -ftz -align all -fno-alias -FR -convert big_endian   cfftmb.f90
ifort -c -real-size 32 -i4  -ip -fp-model precise -w -ftz -align all -fno-alias -FR -convert big_endian   cmfgkf.f90
rm -f -f cfftmb.f90
/lib/cpp -P -nostdinc -DEM_CORE=1 -DNMM_CORE=0 -DNMM_MAX_DIM=2600 -DCOAMPS_CORE=0 -DDA_CORE=0 -DEXP_CORE=0 -DIWORDSIZE=4 -DDWORDSIZE=8 -DRWORDSIZE=4 -DLWORDSIZE=4 -DNONSTANDARD_SYSTEM_FUNC  -DWRF_USE_CLM  -DSNICAR_FRC    -DDM_PARALLEL -DNETCDF -DUSE_ALLOCATABLES -DGRIB1 -DINTIO -DKEEP_INT_AROUND -DLIMIT_ARGS -DCONFIG_BUF_LEN=65536 -DMAX_DOMAINS_F=21 -DMAX_HISTORY=25 -DNMM_NEST=0 -DWRF_CHEM -DBUILD_CHEM=1 -DWRF_KPP -I. -traditional-cpp  cost1f.F  > cost1f.f90
ifort -c -real-size 32 -i4  -ip -fp-model precise -w -ftz -align all -fno-alias -FR -convert big_endian   cost1f.f90
rm -f -f cmfgkf.f90
/lib/cpp -P -nostdinc -DEM_CORE=1 -DNMM_CORE=0 -DNMM_MAX_DIM=2600 -DCOAMPS_CORE=0 -DDA_CORE=0 -DEXP_CORE=0 -DIWORDSIZE=4 -DDWORDSIZE=8 -DRWORDSIZE=4 -DLWORDSIZE=4 -DNONSTANDARD_SYSTEM_FUNC  -DWRF_USE_CLM  -DSNICAR_FRC    -DDM_PARALLEL -DNETCDF -DUSE_ALLOCATABLES -DGRIB1 -DINTIO -DKEEP_INT_AROUND -DLIMIT_ARGS -DCONFIG_BUF_LEN=65536 -DMAX_DOMAINS_F=21 -DMAX_HISTORY=25 -DNMM_NEST=0 -DWRF_CHEM -DBUILD_CHEM=1 -DWRF_KPP -I. -traditional-cpp  d1f4kf.F  > d1f4kf.f90
ifort -c -real-size 32 -i4  -ip -fp-model precise -w -ftz -align all -fno-alias -FR -convert big_endian   d1f4kf.f90
rm -f -f cost1f.f90
/lib/cpp -P -nostdinc -DEM_CORE=1 -DNMM_CORE=0 -DNMM_MAX_DIM=2600 -DCOAMPS_CORE=0 -DDA_CORE=0 -DEXP_CORE=0 -DIWORDSIZE=4 -DDWORDSIZE=8 -DRWORDSIZE=4 -DLWORDSIZE=4 -DNONSTANDARD_SYSTEM_FUNC  -DWRF_USE_CLM  -DSNICAR_FRC    -DDM_PARALLEL -DNETCDF -DUSE_ALLOCATABLES -DGRIB1 -DINTIO -DKEEP_INT_AROUND -DLIMIT_ARGS -DCONFIG_BUF_LEN=65536 -DMAX_DOMAINS_F=21 -DMAX_HISTORY=25 -DNMM_NEST=0 -DWRF_CHEM -DBUILD_CHEM=1 -DWRF_KPP -I. -traditional-cpp  dcost1i.F  > dcost1i.f90
ifort -c -real-size 32 -i4  -ip -fp-model precise -w -ftz -align all -fno-alias -FR -convert big_endian   dcost1i.f90
rm -f -f d1f4kf.f90
/lib/cpp -P -nostdinc -DEM_CORE=1 -DNMM_CORE=0 -DNMM_MAX_DIM=2600 -DCOAMPS_CORE=0 -DDA_CORE=0 -DEXP_CORE=0 -DIWORDSIZE=4 -DDWORDSIZE=8 -DRWORDSIZE=4 -DLWORDSIZE=4 -DNONSTANDARD_SYSTEM_FUNC  -DWRF_USE_CLM  -DSNICAR_FRC    -DDM_PARALLEL -DNETCDF -DUSE_ALLOCATABLES -DGRIB1 -DINTIO -DKEEP_INT_AROUND -DLIMIT_ARGS -DCONFIG_BUF_LEN=65536 -DMAX_DOMAINS_F=21 -DMAX_HISTORY=25 -DNMM_NEST=0 -DWRF_CHEM -DBUILD_CHEM=1 -DWRF_KPP -I. -traditional-cpp  dsintb1.F  > dsintb1.f90
ifort -c -real-size 32 -i4  -ip -fp-model precise -w -ftz -align all -fno-alias -FR -convert big_endian   dsintb1.f90
rm -f -f dcost1i.f90
/lib/cpp -P -nostdinc -DEM_CORE=1 -DNMM_CORE=0 -DNMM_MAX_DIM=2600 -DCOAMPS_CORE=0 -DDA_CORE=0 -DEXP_CORE=0 -DIWORDSIZE=4 -DDWORDSIZE=8 -DRWORDSIZE=4 -DLWORDSIZE=4 -DNONSTANDARD_SYSTEM_FUNC  -DWRF_USE_CLM  -DSNICAR_FRC    -DDM_PARALLEL -DNETCDF -DUSE_ALLOCATABLES -DGRIB1 -DINTIO -DKEEP_INT_AROUND -DLIMIT_ARGS -DCONFIG_BUF_LEN=65536 -DMAX_DOMAINS_F=21 -DMAX_HISTORY=25 -DNMM_NEST=0 -DWRF_CHEM -DBUILD_CHEM=1 -DWRF_KPP -I. -traditional-cpp  mradf3.F  > mradf3.f90
ifort -c -real-size 32 -i4  -ip -fp-model precise -w -ftz -align all -fno-alias -FR -convert big_endian   mradf3.f90
rm -f -f dsintb1.f90
/lib/cpp -P -nostdinc -DEM_CORE=1 -DNMM_CORE=0 -DNMM_MAX_DIM=2600 -DCOAMPS_CORE=0 -DDA_CORE=0 -DEXP_CORE=0 -DIWORDSIZE=4 -DDWORDSIZE=8 -DRWORDSIZE=4 -DLWORDSIZE=4 -DNONSTANDARD_SYSTEM_FUNC  -DWRF_USE_CLM  -DSNICAR_FRC    -DDM_PARALLEL -DNETCDF -DUSE_ALLOCATABLES -DGRIB1 -DINTIO -DKEEP_INT_AROUND -DLIMIT_ARGS -DCONFIG_BUF_LEN=65536 -DMAX_DOMAINS_F=21 -DMAX_HISTORY=25 -DNMM_NEST=0 -DWRF_CHEM -DBUILD_CHEM=1 -DWRF_KPP -I. -traditional-cpp  r1f3kf.F  > r1f3kf.f90
ifort -c -real-size 32 -i4  -ip -fp-model precise -w -ftz -align all -fno-alias -FR -convert big_endian   r1f3kf.f90
rm -f -f mradf3.f90
/lib/cpp -P -nostdinc -DEM_CORE=1 -DNMM_CORE=0 -DNMM_MAX_DIM=2600 -DCOAMPS_CORE=0 -DDA_CORE=0 -DEXP_CORE=0 -DIWORDSIZE=4 -DDWORDSIZE=8 -DRWORDSIZE=4 -DLWORDSIZE=4 -DNONSTANDARD_SYSTEM_FUNC  -DWRF_USE_CLM  -DSNICAR_FRC    -DDM_PARALLEL -DNETCDF -DUSE_ALLOCATABLES -DGRIB1 -DINTIO -DKEEP_INT_AROUND -DLIMIT_ARGS -DCONFIG_BUF_LEN=65536 -DMAX_DOMAINS_F=21 -DMAX_HISTORY=25 -DNMM_NEST=0 -DWRF_CHEM -DBUILD_CHEM=1 -DWRF_KPP -I. -traditional-cpp  r8_tables.F  > r8_tables.f90
ifort -c -real-size 32 -i4  -ip -fp-model precise -w -ftz -align all -fno-alias -FR -convert big_endian   r8_tables.f90
rm -f -f r1f3kf.f90
/lib/cpp -P -nostdinc -DEM_CORE=1 -DNMM_CORE=0 -DNMM_MAX_DIM=2600 -DCOAMPS_CORE=0 -DDA_CORE=0 -DEXP_CORE=0 -DIWORDSIZE=4 -DDWORDSIZE=8 -DRWORDSIZE=4 -DLWORDSIZE=4 -DNONSTANDARD_SYSTEM_FUNC  -DWRF_USE_CLM  -DSNICAR_FRC    -DDM_PARALLEL -DNETCDF -DUSE_ALLOCATABLES -DGRIB1 -DINTIO -DKEEP_INT_AROUND -DLIMIT_ARGS -DCONFIG_BUF_LEN=65536 -DMAX_DOMAINS_F=21 -DMAX_HISTORY=25 -DNMM_NEST=0 -DWRF_CHEM -DBUILD_CHEM=1 -DWRF_KPP -I. -traditional-cpp  rfftmi.F  > rfftmi.f90
ifort -c -real-size 32 -i4  -ip -fp-model precise -w -ftz -align all -fno-alias -FR -convert big_endian   rfftmi.f90
rm -f -f r8_tables.f90
/lib/cpp -P -nostdinc -DEM_CORE=1 -DNMM_CORE=0 -DNMM_MAX_DIM=2600 -DCOAMPS_CORE=0 -DDA_CORE=0 -DEXP_CORE=0 -DIWORDSIZE=4 -DDWORDSIZE=8 -DRWORDSIZE=4 -DLWORDSIZE=4 -DNONSTANDARD_SYSTEM_FUNC  -DWRF_USE_CLM  -DSNICAR_FRC    -DDM_PARALLEL -DNETCDF -DUSE_ALLOCATABLES -DGRIB1 -DINTIO -DKEEP_INT_AROUND -DLIMIT_ARGS -DCONFIG_BUF_LEN=65536 -DMAX_DOMAINS_F=21 -DMAX_HISTORY=25 -DNMM_NEST=0 -DWRF_CHEM -DBUILD_CHEM=1 -DWRF_KPP -I. -traditional-cpp  sintmb.F  > sintmb.f90
ifort -c -real-size 32 -i4  -ip -fp-model precise -w -ftz -align all -fno-alias -FR -convert big_endian   sintmb.f90
rm -f -f rfftmi.f90
/lib/cpp -P -nostdinc -DEM_CORE=1 -DNMM_CORE=0 -DNMM_MAX_DIM=2600 -DCOAMPS_CORE=0 -DDA_CORE=0 -DEXP_CORE=0 -DIWORDSIZE=4 -DDWORDSIZE=8 -DRWORDSIZE=4 -DLWORDSIZE=4 -DNONSTANDARD_SYSTEM_FUNC  -DWRF_USE_CLM  -DSNICAR_FRC    -DDM_PARALLEL -DNETCDF -DUSE_ALLOCATABLES -DGRIB1 -DINTIO -DKEEP_INT_AROUND -DLIMIT_ARGS -DCONFIG_BUF_LEN=65536 -DMAX_DOMAINS_F=21 -DMAX_HISTORY=25 -DNMM_NEST=0 -DWRF_CHEM -DBUILD_CHEM=1 -DWRF_KPP -I. -traditional-cpp  z1f5kf.F  > z1f5kf.f90
ifort -c -real-size 32 -i4  -ip -fp-model precise -w -ftz -align all -fno-alias -FR -convert big_endian   z1f5kf.f90
rm -f -f sintmb.f90
/lib/cpp -P -nostdinc -DEM_CORE=1 -DNMM_CORE=0 -DNMM_MAX_DIM=2600 -DCOAMPS_CORE=0 -DDA_CORE=0 -DEXP_CORE=0 -DIWORDSIZE=4 -DDWORDSIZE=8 -DRWORDSIZE=4 -DLWORDSIZE=4 -DNONSTANDARD_SYSTEM_FUNC  -DWRF_USE_CLM  -DSNICAR_FRC    -DDM_PARALLEL -DNETCDF -DUSE_ALLOCATABLES -DGRIB1 -DINTIO -DKEEP_INT_AROUND -DLIMIT_ARGS -DCONFIG_BUF_LEN=65536 -DMAX_DOMAINS_F=21 -DMAX_HISTORY=25 -DNMM_NEST=0 -DWRF_CHEM -DBUILD_CHEM=1 -DWRF_KPP -I. -traditional-cpp  zfftmf.F  > zfftmf.f90
ifort -c -real-size 32 -i4  -ip -fp-model precise -w -ftz -align all -fno-alias -FR -convert big_endian   zfftmf.f90
rm -f -f zfftmf.f90
/lib/cpp -P -nostdinc -DEM_CORE=1 -DNMM_CORE=0 -DNMM_MAX_DIM=2600 -DCOAMPS_CORE=0 -DDA_CORE=0 -DEXP_CORE=0 -DIWORDSIZE=4 -DDWORDSIZE=8 -DRWORDSIZE=4 -DLWORDSIZE=4 -DNONSTANDARD_SYSTEM_FUNC  -DWRF_USE_CLM  -DSNICAR_FRC    -DDM_PARALLEL -DNETCDF -DUSE_ALLOCATABLES -DGRIB1 -DINTIO -DKEEP_INT_AROUND -DLIMIT_ARGS -DCONFIG_BUF_LEN=65536 -DMAX_DOMAINS_F=21 -DMAX_HISTORY=25 -DNMM_NEST=0 -DWRF_CHEM -DBUILD_CHEM=1 -DWRF_KPP -I. -traditional-cpp  zmfm1b.F  > zmfm1b.f90
ifort -c -real-size 32 -i4  -ip -fp-model precise -w -ftz -align all -fno-alias -FR -convert big_endian   zmfm1b.f90
rm -f -f z1f5kf.f90
/lib/cpp -P -nostdinc -DEM_CORE=1 -DNMM_CORE=0 -DNMM_MAX_DIM=2600 -DCOAMPS_CORE=0 -DDA_CORE=0 -DEXP_CORE=0 -DIWORDSIZE=4 -DDWORDSIZE=8 -DRWORDSIZE=4 -DLWORDSIZE=4 -DNONSTANDARD_SYSTEM_FUNC  -DWRF_USE_CLM  -DSNICAR_FRC    -DDM_PARALLEL -DNETCDF -DUSE_ALLOCATABLES -DGRIB1 -DINTIO -DKEEP_INT_AROUND -DLIMIT_ARGS -DCONFIG_BUF_LEN=65536 -DMAX_DOMAINS_F=21 -DMAX_HISTORY=25 -DNMM_NEST=0 -DWRF_CHEM -DBUILD_CHEM=1 -DWRF_KPP -I. -traditional-cpp  c1f5kf.F  > c1f5kf.f90
ifort -c -real-size 32 -i4  -ip -fp-model precise -w -ftz -align all -fno-alias -FR -convert big_endian   c1f5kf.f90
rm -f -f zmfm1b.f90
/lib/cpp -P -nostdinc -DEM_CORE=1 -DNMM_CORE=0 -DNMM_MAX_DIM=2600 -DCOAMPS_CORE=0 -DDA_CORE=0 -DEXP_CORE=0 -DIWORDSIZE=4 -DDWORDSIZE=8 -DRWORDSIZE=4 -DLWORDSIZE=4 -DNONSTANDARD_SYSTEM_FUNC  -DWRF_USE_CLM  -DSNICAR_FRC    -DDM_PARALLEL -DNETCDF -DUSE_ALLOCATABLES -DGRIB1 -DINTIO -DKEEP_INT_AROUND -DLIMIT_ARGS -DCONFIG_BUF_LEN=65536 -DMAX_DOMAINS_F=21 -DMAX_HISTORY=25 -DNMM_NEST=0 -DWRF_CHEM -DBUILD_CHEM=1 -DWRF_KPP -I. -traditional-cpp  cfftmf.F  > cfftmf.f90
ifort -c -real-size 32 -i4  -ip -fp-model precise -w -ftz -align all -fno-alias -FR -convert big_endian   cfftmf.f90
rm -f -f c1f5kf.f90
/lib/cpp -P -nostdinc -DEM_CORE=1 -DNMM_CORE=0 -DNMM_MAX_DIM=2600 -DCOAMPS_CORE=0 -DDA_CORE=0 -DEXP_CORE=0 -DIWORDSIZE=4 -DDWORDSIZE=8 -DRWORDSIZE=4 -DLWORDSIZE=4 -DNONSTANDARD_SYSTEM_FUNC  -DWRF_USE_CLM  -DSNICAR_FRC    -DDM_PARALLEL -DNETCDF -DUSE_ALLOCATABLES -DGRIB1 -DINTIO -DKEEP_INT_AROUND -DLIMIT_ARGS -DCONFIG_BUF_LEN=65536 -DMAX_DOMAINS_F=21 -DMAX_HISTORY=25 -DNMM_NEST=0 -DWRF_CHEM -DBUILD_CHEM=1 -DWRF_KPP -I. -traditional-cpp  cmfm1b.F  > cmfm1b.f90
ifort -c -real-size 32 -i4  -ip -fp-model precise -w -ftz -align all -fno-alias -FR -convert big_endian   cmfm1b.f90
rm -f -f cfftmf.f90
/lib/cpp -P -nostdinc -DEM_CORE=1 -DNMM_CORE=0 -DNMM_MAX_DIM=2600 -DCOAMPS_CORE=0 -DDA_CORE=0 -DEXP_CORE=0 -DIWORDSIZE=4 -DDWORDSIZE=8 -DRWORDSIZE=4 -DLWORDSIZE=4 -DNONSTANDARD_SYSTEM_FUNC  -DWRF_USE_CLM  -DSNICAR_FRC    -DDM_PARALLEL -DNETCDF -DUSE_ALLOCATABLES -DGRIB1 -DINTIO -DKEEP_INT_AROUND -DLIMIT_ARGS -DCONFIG_BUF_LEN=65536 -DMAX_DOMAINS_F=21 -DMAX_HISTORY=25 -DNMM_NEST=0 -DWRF_CHEM -DBUILD_CHEM=1 -DWRF_KPP -I. -traditional-cpp  cost1i.F  > cost1i.f90
ifort -c -real-size 32 -i4  -ip -fp-model precise -w -ftz -align all -fno-alias -FR -convert big_endian   cost1i.f90
rm -f -f cmfm1b.f90
/lib/cpp -P -nostdinc -DEM_CORE=1 -DNMM_CORE=0 -DNMM_MAX_DIM=2600 -DCOAMPS_CORE=0 -DDA_CORE=0 -DEXP_CORE=0 -DIWORDSIZE=4 -DDWORDSIZE=8 -DRWORDSIZE=4 -DLWORDSIZE=4 -DNONSTANDARD_SYSTEM_FUNC  -DWRF_USE_CLM  -DSNICAR_FRC    -DDM_PARALLEL -DNETCDF -DUSE_ALLOCATABLES -DGRIB1 -DINTIO -DKEEP_INT_AROUND -DLIMIT_ARGS -DCONFIG_BUF_LEN=65536 -DMAX_DOMAINS_F=21 -DMAX_HISTORY=25 -DNMM_NEST=0 -DWRF_CHEM -DBUILD_CHEM=1 -DWRF_KPP -I. -traditional-cpp  d1f5kb.F  > d1f5kb.f90
ifort -c -real-size 32 -i4  -ip -fp-model precise -w -ftz -align all -fno-alias -FR -convert big_endian   d1f5kb.f90
rm -f -f cost1i.f90
/lib/cpp -P -nostdinc -DEM_CORE=1 -DNMM_CORE=0 -DNMM_MAX_DIM=2600 -DCOAMPS_CORE=0 -DDA_CORE=0 -DEXP_CORE=0 -DIWORDSIZE=4 -DDWORDSIZE=8 -DRWORDSIZE=4 -DLWORDSIZE=4 -DNONSTANDARD_SYSTEM_FUNC  -DWRF_USE_CLM  -DSNICAR_FRC    -DDM_PARALLEL -DNETCDF -DUSE_ALLOCATABLES -DGRIB1 -DINTIO -DKEEP_INT_AROUND -DLIMIT_ARGS -DCONFIG_BUF_LEN=65536 -DMAX_DOMAINS_F=21 -DMAX_HISTORY=25 -DNMM_NEST=0 -DWRF_CHEM -DBUILD_CHEM=1 -DWRF_KPP -I. -traditional-cpp  dcostb1.F  > dcostb1.f90
ifort -c -real-size 32 -i4  -ip -fp-model precise -w -ftz -align all -fno-alias -FR -convert big_endian   dcostb1.f90
rm -f -f dcostb1.f90
/lib/cpp -P -nostdinc -DEM_CORE=1 -DNMM_CORE=0 -DNMM_MAX_DIM=2600 -DCOAMPS_CORE=0 -DDA_CORE=0 -DEXP_CORE=0 -DIWORDSIZE=4 -DDWORDSIZE=8 -DRWORDSIZE=4 -DLWORDSIZE=4 -DNONSTANDARD_SYSTEM_FUNC  -DWRF_USE_CLM  -DSNICAR_FRC    -DDM_PARALLEL -DNETCDF -DUSE_ALLOCATABLES -DGRIB1 -DINTIO -DKEEP_INT_AROUND -DLIMIT_ARGS -DCONFIG_BUF_LEN=65536 -DMAX_DOMAINS_F=21 -DMAX_HISTORY=25 -DNMM_NEST=0 -DWRF_CHEM -DBUILD_CHEM=1 -DWRF_KPP -I. -traditional-cpp  dsintf1.F  > dsintf1.f90
ifort -c -real-size 32 -i4  -ip -fp-model precise -w -ftz -align all -fno-alias -FR -convert big_endian   dsintf1.f90
rm -f -f d1f5kb.f90
/lib/cpp -P -nostdinc -DEM_CORE=1 -DNMM_CORE=0 -DNMM_MAX_DIM=2600 -DCOAMPS_CORE=0 -DDA_CORE=0 -DEXP_CORE=0 -DIWORDSIZE=4 -DDWORDSIZE=8 -DRWORDSIZE=4 -DLWORDSIZE=4 -DNONSTANDARD_SYSTEM_FUNC  -DWRF_USE_CLM  -DSNICAR_FRC    -DDM_PARALLEL -DNETCDF -DUSE_ALLOCATABLES -DGRIB1 -DINTIO -DKEEP_INT_AROUND -DLIMIT_ARGS -DCONFIG_BUF_LEN=65536 -DMAX_DOMAINS_F=21 -DMAX_HISTORY=25 -DNMM_NEST=0 -DWRF_CHEM -DBUILD_CHEM=1 -DWRF_KPP -I. -traditional-cpp  mradf4.F  > mradf4.f90
ifort -c -real-size 32 -i4  -ip -fp-model precise -w -ftz -align all -fno-alias -FR -convert big_endian   mradf4.f90
rm -f -f dsintf1.f90
/lib/cpp -P -nostdinc -DEM_CORE=1 -DNMM_CORE=0 -DNMM_MAX_DIM=2600 -DCOAMPS_CORE=0 -DDA_CORE=0 -DEXP_CORE=0 -DIWORDSIZE=4 -DDWORDSIZE=8 -DRWORDSIZE=4 -DLWORDSIZE=4 -DNONSTANDARD_SYSTEM_FUNC  -DWRF_USE_CLM  -DSNICAR_FRC    -DDM_PARALLEL -DNETCDF -DUSE_ALLOCATABLES -DGRIB1 -DINTIO -DKEEP_INT_AROUND -DLIMIT_ARGS -DCONFIG_BUF_LEN=65536 -DMAX_DOMAINS_F=21 -DMAX_HISTORY=25 -DNMM_NEST=0 -DWRF_CHEM -DBUILD_CHEM=1 -DWRF_KPP -I. -traditional-cpp  r1f4kb.F  > r1f4kb.f90
ifort -c -real-size 32 -i4  -ip -fp-model precise -w -ftz -align all -fno-alias -FR -convert big_endian   r1f4kb.f90
rm -f -f mradf4.f90
/lib/cpp -P -nostdinc -DEM_CORE=1 -DNMM_CORE=0 -DNMM_MAX_DIM=2600 -DCOAMPS_CORE=0 -DDA_CORE=0 -DEXP_CORE=0 -DIWORDSIZE=4 -DDWORDSIZE=8 -DRWORDSIZE=4 -DLWORDSIZE=4 -DNONSTANDARD_SYSTEM_FUNC  -DWRF_USE_CLM  -DSNICAR_FRC    -DDM_PARALLEL -DNETCDF -DUSE_ALLOCATABLES -DGRIB1 -DINTIO -DKEEP_INT_AROUND -DLIMIT_ARGS -DCONFIG_BUF_LEN=65536 -DMAX_DOMAINS_F=21 -DMAX_HISTORY=25 -DNMM_NEST=0 -DWRF_CHEM -DBUILD_CHEM=1 -DWRF_KPP -I. -traditional-cpp  rfft1b.F  > rfft1b.f90
ifort -c -real-size 32 -i4  -ip -fp-model precise -w -ftz -align all -fno-alias -FR -convert big_endian   rfft1b.f90
rm -f -f r1f4kb.f90
/lib/cpp -P -nostdinc -DEM_CORE=1 -DNMM_CORE=0 -DNMM_MAX_DIM=2600 -DCOAMPS_CORE=0 -DDA_CORE=0 -DEXP_CORE=0 -DIWORDSIZE=4 -DDWORDSIZE=8 -DRWORDSIZE=4 -DLWORDSIZE=4 -DNONSTANDARD_SYSTEM_FUNC  -DWRF_USE_CLM  -DSNICAR_FRC    -DDM_PARALLEL -DNETCDF -DUSE_ALLOCATABLES -DGRIB1 -DINTIO -DKEEP_INT_AROUND -DLIMIT_ARGS -DCONFIG_BUF_LEN=65536 -DMAX_DOMAINS_F=21 -DMAX_HISTORY=25 -DNMM_NEST=0 -DWRF_CHEM -DBUILD_CHEM=1 -DWRF_KPP -I. -traditional-cpp  sinq1b.F  > sinq1b.f90
ifort -c -real-size 32 -i4  -ip -fp-model precise -w -ftz -align all -fno-alias -FR -convert big_endian   sinq1b.f90
rm -f -f rfft1b.f90
/lib/cpp -P -nostdinc -DEM_CORE=1 -DNMM_CORE=0 -DNMM_MAX_DIM=2600 -DCOAMPS_CORE=0 -DDA_CORE=0 -DEXP_CORE=0 -DIWORDSIZE=4 -DDWORDSIZE=8 -DRWORDSIZE=4 -DLWORDSIZE=4 -DNONSTANDARD_SYSTEM_FUNC  -DWRF_USE_CLM  -DSNICAR_FRC    -DDM_PARALLEL -DNETCDF -DUSE_ALLOCATABLES -DGRIB1 -DINTIO -DKEEP_INT_AROUND -DLIMIT_ARGS -DCONFIG_BUF_LEN=65536 -DMAX_DOMAINS_F=21 -DMAX_HISTORY=25 -DNMM_NEST=0 -DWRF_CHEM -DBUILD_CHEM=1 -DWRF_KPP -I. -traditional-cpp  sintmf.F  > sintmf.f90
ifort -c -real-size 32 -i4  -ip -fp-model precise -w -ftz -align all -fno-alias -FR -convert big_endian   sintmf.f90
rm -f -f sinq1b.f90
/lib/cpp -P -nostdinc -DEM_CORE=1 -DNMM_CORE=0 -DNMM_MAX_DIM=2600 -DCOAMPS_CORE=0 -DDA_CORE=0 -DEXP_CORE=0 -DIWORDSIZE=4 -DDWORDSIZE=8 -DRWORDSIZE=4 -DLWORDSIZE=4 -DNONSTANDARD_SYSTEM_FUNC  -DWRF_USE_CLM  -DSNICAR_FRC    -DDM_PARALLEL -DNETCDF -DUSE_ALLOCATABLES -DGRIB1 -DINTIO -DKEEP_INT_AROUND -DLIMIT_ARGS -DCONFIG_BUF_LEN=65536 -DMAX_DOMAINS_F=21 -DMAX_HISTORY=25 -DNMM_NEST=0 -DWRF_CHEM -DBUILD_CHEM=1 -DWRF_KPP -I. -traditional-cpp  z1fgkb.F  > z1fgkb.f90
ifort -c -real-size 32 -i4  -ip -fp-model precise -w -ftz -align all -fno-alias -FR -convert big_endian   z1fgkb.f90
rm -f -f sintmf.f90
/lib/cpp -P -nostdinc -DEM_CORE=1 -DNMM_CORE=0 -DNMM_MAX_DIM=2600 -DCOAMPS_CORE=0 -DDA_CORE=0 -DEXP_CORE=0 -DIWORDSIZE=4 -DDWORDSIZE=8 -DRWORDSIZE=4 -DLWORDSIZE=4 -DNONSTANDARD_SYSTEM_FUNC  -DWRF_USE_CLM  -DSNICAR_FRC    -DDM_PARALLEL -DNETCDF -DUSE_ALLOCATABLES -DGRIB1 -DINTIO -DKEEP_INT_AROUND -DLIMIT_ARGS -DCONFIG_BUF_LEN=65536 -DMAX_DOMAINS_F=21 -DMAX_HISTORY=25 -DNMM_NEST=0 -DWRF_CHEM -DBUILD_CHEM=1 -DWRF_KPP -I. -traditional-cpp  zfftmi.F  > zfftmi.f90
ifort -c -real-size 32 -i4  -ip -fp-model precise -w -ftz -align all -fno-alias -FR -convert big_endian   zfftmi.f90
rm -f -f zfftmi.f90
/lib/cpp -P -nostdinc -DEM_CORE=1 -DNMM_CORE=0 -DNMM_MAX_DIM=2600 -DCOAMPS_CORE=0 -DDA_CORE=0 -DEXP_CORE=0 -DIWORDSIZE=4 -DDWORDSIZE=8 -DRWORDSIZE=4 -DLWORDSIZE=4 -DNONSTANDARD_SYSTEM_FUNC  -DWRF_USE_CLM  -DSNICAR_FRC    -DDM_PARALLEL -DNETCDF -DUSE_ALLOCATABLES -DGRIB1 -DINTIO -DKEEP_INT_AROUND -DLIMIT_ARGS -DCONFIG_BUF_LEN=65536 -DMAX_DOMAINS_F=21 -DMAX_HISTORY=25 -DNMM_NEST=0 -DWRF_CHEM -DBUILD_CHEM=1 -DWRF_KPP -I. -traditional-cpp  zmfm1f.F  > zmfm1f.f90
ifort -c -real-size 32 -i4  -ip -fp-model precise -w -ftz -align all -fno-alias -FR -convert big_endian   zmfm1f.f90
rm -f -f z1fgkb.f90
/lib/cpp -P -nostdinc -DEM_CORE=1 -DNMM_CORE=0 -DNMM_MAX_DIM=2600 -DCOAMPS_CORE=0 -DDA_CORE=0 -DEXP_CORE=0 -DIWORDSIZE=4 -DDWORDSIZE=8 -DRWORDSIZE=4 -DLWORDSIZE=4 -DNONSTANDARD_SYSTEM_FUNC  -DWRF_USE_CLM  -DSNICAR_FRC    -DDM_PARALLEL -DNETCDF -DUSE_ALLOCATABLES -DGRIB1 -DINTIO -DKEEP_INT_AROUND -DLIMIT_ARGS -DCONFIG_BUF_LEN=65536 -DMAX_DOMAINS_F=21 -DMAX_HISTORY=25 -DNMM_NEST=0 -DWRF_CHEM -DBUILD_CHEM=1 -DWRF_KPP -I. -traditional-cpp  c1fgkb.F  > c1fgkb.f90
ifort -c -real-size 32 -i4  -ip -fp-model precise -w -ftz -align all -fno-alias -FR -convert big_endian   c1fgkb.f90
rm -f -f zmfm1f.f90
/lib/cpp -P -nostdinc -DEM_CORE=1 -DNMM_CORE=0 -DNMM_MAX_DIM=2600 -DCOAMPS_CORE=0 -DDA_CORE=0 -DEXP_CORE=0 -DIWORDSIZE=4 -DDWORDSIZE=8 -DRWORDSIZE=4 -DLWORDSIZE=4 -DNONSTANDARD_SYSTEM_FUNC  -DWRF_USE_CLM  -DSNICAR_FRC    -DDM_PARALLEL -DNETCDF -DUSE_ALLOCATABLES -DGRIB1 -DINTIO -DKEEP_INT_AROUND -DLIMIT_ARGS -DCONFIG_BUF_LEN=65536 -DMAX_DOMAINS_F=21 -DMAX_HISTORY=25 -DNMM_NEST=0 -DWRF_CHEM -DBUILD_CHEM=1 -DWRF_KPP -I. -traditional-cpp  cfftmi.F  > cfftmi.f90
ifort -c -real-size 32 -i4  -ip -fp-model precise -w -ftz -align all -fno-alias -FR -convert big_endian   cfftmi.f90
rm -f -f c1fgkb.f90
/lib/cpp -P -nostdinc -DEM_CORE=1 -DNMM_CORE=0 -DNMM_MAX_DIM=2600 -DCOAMPS_CORE=0 -DDA_CORE=0 -DEXP_CORE=0 -DIWORDSIZE=4 -DDWORDSIZE=8 -DRWORDSIZE=4 -DLWORDSIZE=4 -DNONSTANDARD_SYSTEM_FUNC  -DWRF_USE_CLM  -DSNICAR_FRC    -DDM_PARALLEL -DNETCDF -DUSE_ALLOCATABLES -DGRIB1 -DINTIO -DKEEP_INT_AROUND -DLIMIT_ARGS -DCONFIG_BUF_LEN=65536 -DMAX_DOMAINS_F=21 -DMAX_HISTORY=25 -DNMM_NEST=0 -DWRF_CHEM -DBUILD_CHEM=1 -DWRF_KPP -I. -traditional-cpp  cmfm1f.F  > cmfm1f.f90
ifort -c -real-size 32 -i4  -ip -fp-model precise -w -ftz -align all -fno-alias -FR -convert big_endian   cmfm1f.f90
rm -f -f cfftmi.f90
/lib/cpp -P -nostdinc -DEM_CORE=1 -DNMM_CORE=0 -DNMM_MAX_DIM=2600 -DCOAMPS_CORE=0 -DDA_CORE=0 -DEXP_CORE=0 -DIWORDSIZE=4 -DDWORDSIZE=8 -DRWORDSIZE=4 -DLWORDSIZE=4 -DNONSTANDARD_SYSTEM_FUNC  -DWRF_USE_CLM  -DSNICAR_FRC    -DDM_PARALLEL -DNETCDF -DUSE_ALLOCATABLES -DGRIB1 -DINTIO -DKEEP_INT_AROUND -DLIMIT_ARGS -DCONFIG_BUF_LEN=65536 -DMAX_DOMAINS_F=21 -DMAX_HISTORY=25 -DNMM_NEST=0 -DWRF_CHEM -DBUILD_CHEM=1 -DWRF_KPP -I. -traditional-cpp  costb1.F  > costb1.f90
ifort -c -real-size 32 -i4  -ip -fp-model precise -w -ftz -align all -fno-alias -FR -convert big_endian   costb1.f90
rm -f -f cmfm1f.f90
/lib/cpp -P -nostdinc -DEM_CORE=1 -DNMM_CORE=0 -DNMM_MAX_DIM=2600 -DCOAMPS_CORE=0 -DDA_CORE=0 -DEXP_CORE=0 -DIWORDSIZE=4 -DDWORDSIZE=8 -DRWORDSIZE=4 -DLWORDSIZE=4 -DNONSTANDARD_SYSTEM_FUNC  -DWRF_USE_CLM  -DSNICAR_FRC    -DDM_PARALLEL -DNETCDF -DUSE_ALLOCATABLES -DGRIB1 -DINTIO -DKEEP_INT_AROUND -DLIMIT_ARGS -DCONFIG_BUF_LEN=65536 -DMAX_DOMAINS_F=21 -DMAX_HISTORY=25 -DNMM_NEST=0 -DWRF_CHEM -DBUILD_CHEM=1 -DWRF_KPP -I. -traditional-cpp  d1f5kf.F  > d1f5kf.f90
ifort -c -real-size 32 -i4  -ip -fp-model precise -w -ftz -align all -fno-alias -FR -convert big_endian   d1f5kf.f90
rm -f -f costb1.f90
/lib/cpp -P -nostdinc -DEM_CORE=1 -DNMM_CORE=0 -DNMM_MAX_DIM=2600 -DCOAMPS_CORE=0 -DDA_CORE=0 -DEXP_CORE=0 -DIWORDSIZE=4 -DDWORDSIZE=8 -DRWORDSIZE=4 -DLWORDSIZE=4 -DNONSTANDARD_SYSTEM_FUNC  -DWRF_USE_CLM  -DSNICAR_FRC    -DDM_PARALLEL -DNETCDF -DUSE_ALLOCATABLES -DGRIB1 -DINTIO -DKEEP_INT_AROUND -DLIMIT_ARGS -DCONFIG_BUF_LEN=65536 -DMAX_DOMAINS_F=21 -DMAX_HISTORY=25 -DNMM_NEST=0 -DWRF_CHEM -DBUILD_CHEM=1 -DWRF_KPP -I. -traditional-cpp  dcostf1.F  > dcostf1.f90
ifort -c -real-size 32 -i4  -ip -fp-model precise -w -ftz -align all -fno-alias -FR -convert big_endian   dcostf1.f90
rm -f -f dcostf1.f90
/lib/cpp -P -nostdinc -DEM_CORE=1 -DNMM_CORE=0 -DNMM_MAX_DIM=2600 -DCOAMPS_CORE=0 -DDA_CORE=0 -DEXP_CORE=0 -DIWORDSIZE=4 -DDWORDSIZE=8 -DRWORDSIZE=4 -DLWORDSIZE=4 -DNONSTANDARD_SYSTEM_FUNC  -DWRF_USE_CLM  -DSNICAR_FRC    -DDM_PARALLEL -DNETCDF -DUSE_ALLOCATABLES -DGRIB1 -DINTIO -DKEEP_INT_AROUND -DLIMIT_ARGS -DCONFIG_BUF_LEN=65536 -DMAX_DOMAINS_F=21 -DMAX_HISTORY=25 -DNMM_NEST=0 -DWRF_CHEM -DBUILD_CHEM=1 -DWRF_KPP -I. -traditional-cpp  mcsqb1.F  > mcsqb1.f90
ifort -c -real-size 32 -i4  -ip -fp-model precise -w -ftz -align all -fno-alias -FR -convert big_endian   mcsqb1.f90
rm -f -f d1f5kf.f90
/lib/cpp -P -nostdinc -DEM_CORE=1 -DNMM_CORE=0 -DNMM_MAX_DIM=2600 -DCOAMPS_CORE=0 -DDA_CORE=0 -DEXP_CORE=0 -DIWORDSIZE=4 -DDWORDSIZE=8 -DRWORDSIZE=4 -DLWORDSIZE=4 -DNONSTANDARD_SYSTEM_FUNC  -DWRF_USE_CLM  -DSNICAR_FRC    -DDM_PARALLEL -DNETCDF -DUSE_ALLOCATABLES -DGRIB1 -DINTIO -DKEEP_INT_AROUND -DLIMIT_ARGS -DCONFIG_BUF_LEN=65536 -DMAX_DOMAINS_F=21 -DMAX_HISTORY=25 -DNMM_NEST=0 -DWRF_CHEM -DBUILD_CHEM=1 -DWRF_KPP -I. -traditional-cpp  mradf5.F  > mradf5.f90
ifort -c -real-size 32 -i4  -ip -fp-model precise -w -ftz -align all -fno-alias -FR -convert big_endian   mradf5.f90
rm -f -f mcsqb1.f90
/lib/cpp -P -nostdinc -DEM_CORE=1 -DNMM_CORE=0 -DNMM_MAX_DIM=2600 -DCOAMPS_CORE=0 -DDA_CORE=0 -DEXP_CORE=0 -DIWORDSIZE=4 -DDWORDSIZE=8 -DRWORDSIZE=4 -DLWORDSIZE=4 -DNONSTANDARD_SYSTEM_FUNC  -DWRF_USE_CLM  -DSNICAR_FRC    -DDM_PARALLEL -DNETCDF -DUSE_ALLOCATABLES -DGRIB1 -DINTIO -DKEEP_INT_AROUND -DLIMIT_ARGS -DCONFIG_BUF_LEN=65536 -DMAX_DOMAINS_F=21 -DMAX_HISTORY=25 -DNMM_NEST=0 -DWRF_CHEM -DBUILD_CHEM=1 -DWRF_KPP -I. -traditional-cpp  r1f4kf.F  > r1f4kf.f90
ifort -c -real-size 32 -i4  -ip -fp-model precise -w -ftz -align all -fno-alias -FR -convert big_endian   r1f4kf.f90
rm -f -f r1f4kf.f90
/lib/cpp -P -nostdinc -DEM_CORE=1 -DNMM_CORE=0 -DNMM_MAX_DIM=2600 -DCOAMPS_CORE=0 -DDA_CORE=0 -DEXP_CORE=0 -DIWORDSIZE=4 -DDWORDSIZE=8 -DRWORDSIZE=4 -DLWORDSIZE=4 -DNONSTANDARD_SYSTEM_FUNC  -DWRF_USE_CLM  -DSNICAR_FRC    -DDM_PARALLEL -DNETCDF -DUSE_ALLOCATABLES -DGRIB1 -DINTIO -DKEEP_INT_AROUND -DLIMIT_ARGS -DCONFIG_BUF_LEN=65536 -DMAX_DOMAINS_F=21 -DMAX_HISTORY=25 -DNMM_NEST=0 -DWRF_CHEM -DBUILD_CHEM=1 -DWRF_KPP -I. -traditional-cpp  rfft1f.F  > rfft1f.f90
ifort -c -real-size 32 -i4  -ip -fp-model precise -w -ftz -align all -fno-alias -FR -convert big_endian   rfft1f.f90
rm -f -f mradf5.f90
/lib/cpp -P -nostdinc -DEM_CORE=1 -DNMM_CORE=0 -DNMM_MAX_DIM=2600 -DCOAMPS_CORE=0 -DDA_CORE=0 -DEXP_CORE=0 -DIWORDSIZE=4 -DDWORDSIZE=8 -DRWORDSIZE=4 -DLWORDSIZE=4 -DNONSTANDARD_SYSTEM_FUNC  -DWRF_USE_CLM  -DSNICAR_FRC    -DDM_PARALLEL -DNETCDF -DUSE_ALLOCATABLES -DGRIB1 -DINTIO -DKEEP_INT_AROUND -DLIMIT_ARGS -DCONFIG_BUF_LEN=65536 -DMAX_DOMAINS_F=21 -DMAX_HISTORY=25 -DNMM_NEST=0 -DWRF_CHEM -DBUILD_CHEM=1 -DWRF_KPP -I. -traditional-cpp  sinq1f.F  > sinq1f.f90
ifort -c -real-size 32 -i4  -ip -fp-model precise -w -ftz -align all -fno-alias -FR -convert big_endian   sinq1f.f90
rm -f -f rfft1f.f90
/lib/cpp -P -nostdinc -DEM_CORE=1 -DNMM_CORE=0 -DNMM_MAX_DIM=2600 -DCOAMPS_CORE=0 -DDA_CORE=0 -DEXP_CORE=0 -DIWORDSIZE=4 -DDWORDSIZE=8 -DRWORDSIZE=4 -DLWORDSIZE=4 -DNONSTANDARD_SYSTEM_FUNC  -DWRF_USE_CLM  -DSNICAR_FRC    -DDM_PARALLEL -DNETCDF -DUSE_ALLOCATABLES -DGRIB1 -DINTIO -DKEEP_INT_AROUND -DLIMIT_ARGS -DCONFIG_BUF_LEN=65536 -DMAX_DOMAINS_F=21 -DMAX_HISTORY=25 -DNMM_NEST=0 -DWRF_CHEM -DBUILD_CHEM=1 -DWRF_KPP -I. -traditional-cpp  sintmi.F  > sintmi.f90
ifort -c -real-size 32 -i4  -ip -fp-model precise -w -ftz -align all -fno-alias -FR -convert big_endian   sintmi.f90
rm -f -f sinq1f.f90
/lib/cpp -P -nostdinc -DEM_CORE=1 -DNMM_CORE=0 -DNMM_MAX_DIM=2600 -DCOAMPS_CORE=0 -DDA_CORE=0 -DEXP_CORE=0 -DIWORDSIZE=4 -DDWORDSIZE=8 -DRWORDSIZE=4 -DLWORDSIZE=4 -DNONSTANDARD_SYSTEM_FUNC  -DWRF_USE_CLM  -DSNICAR_FRC    -DDM_PARALLEL -DNETCDF -DUSE_ALLOCATABLES -DGRIB1 -DINTIO -DKEEP_INT_AROUND -DLIMIT_ARGS -DCONFIG_BUF_LEN=65536 -DMAX_DOMAINS_F=21 -DMAX_HISTORY=25 -DNMM_NEST=0 -DWRF_CHEM -DBUILD_CHEM=1 -DWRF_KPP -I. -traditional-cpp  z1fgkf.F  > z1fgkf.f90
ifort -c -real-size 32 -i4  -ip -fp-model precise -w -ftz -align all -fno-alias -FR -convert big_endian   z1fgkf.f90
rm -f -f sintmi.f90
/lib/cpp -P -nostdinc -DEM_CORE=1 -DNMM_CORE=0 -DNMM_MAX_DIM=2600 -DCOAMPS_CORE=0 -DDA_CORE=0 -DEXP_CORE=0 -DIWORDSIZE=4 -DDWORDSIZE=8 -DRWORDSIZE=4 -DLWORDSIZE=4 -DNONSTANDARD_SYSTEM_FUNC  -DWRF_USE_CLM  -DSNICAR_FRC    -DDM_PARALLEL -DNETCDF -DUSE_ALLOCATABLES -DGRIB1 -DINTIO -DKEEP_INT_AROUND -DLIMIT_ARGS -DCONFIG_BUF_LEN=65536 -DMAX_DOMAINS_F=21 -DMAX_HISTORY=25 -DNMM_NEST=0 -DWRF_CHEM -DBUILD_CHEM=1 -DWRF_KPP -I. -traditional-cpp  zmf2kb.F  > zmf2kb.f90
ifort -c -real-size 32 -i4  -ip -fp-model precise -w -ftz -align all -fno-alias -FR -convert big_endian   zmf2kb.f90
rm -f -f z1fgkf.f90
/lib/cpp -P -nostdinc -DEM_CORE=1 -DNMM_CORE=0 -DNMM_MAX_DIM=2600 -DCOAMPS_CORE=0 -DDA_CORE=0 -DEXP_CORE=0 -DIWORDSIZE=4 -DDWORDSIZE=8 -DRWORDSIZE=4 -DLWORDSIZE=4 -DNONSTANDARD_SYSTEM_FUNC  -DWRF_USE_CLM  -DSNICAR_FRC    -DDM_PARALLEL -DNETCDF -DUSE_ALLOCATABLES -DGRIB1 -DINTIO -DKEEP_INT_AROUND -DLIMIT_ARGS -DCONFIG_BUF_LEN=65536 -DMAX_DOMAINS_F=21 -DMAX_HISTORY=25 -DNMM_NEST=0 -DWRF_CHEM -DBUILD_CHEM=1 -DWRF_KPP -I. -traditional-cpp  c1fgkf.F  > c1fgkf.f90
ifort -c -real-size 32 -i4  -ip -fp-model precise -w -ftz -align all -fno-alias -FR -convert big_endian   c1fgkf.f90
rm -f -f zmf2kb.f90
/lib/cpp -P -nostdinc -DEM_CORE=1 -DNMM_CORE=0 -DNMM_MAX_DIM=2600 -DCOAMPS_CORE=0 -DDA_CORE=0 -DEXP_CORE=0 -DIWORDSIZE=4 -DDWORDSIZE=8 -DRWORDSIZE=4 -DLWORDSIZE=4 -DNONSTANDARD_SYSTEM_FUNC  -DWRF_USE_CLM  -DSNICAR_FRC    -DDM_PARALLEL -DNETCDF -DUSE_ALLOCATABLES -DGRIB1 -DINTIO -DKEEP_INT_AROUND -DLIMIT_ARGS -DCONFIG_BUF_LEN=65536 -DMAX_DOMAINS_F=21 -DMAX_HISTORY=25 -DNMM_NEST=0 -DWRF_CHEM -DBUILD_CHEM=1 -DWRF_KPP -I. -traditional-cpp  cmf2kb.F  > cmf2kb.f90
ifort -c -real-size 32 -i4  -ip -fp-model precise -w -ftz -align all -fno-alias -FR -convert big_endian   cmf2kb.f90
rm -f -f cmf2kb.f90
/lib/cpp -P -nostdinc -DEM_CORE=1 -DNMM_CORE=0 -DNMM_MAX_DIM=2600 -DCOAMPS_CORE=0 -DDA_CORE=0 -DEXP_CORE=0 -DIWORDSIZE=4 -DDWORDSIZE=8 -DRWORDSIZE=4 -DLWORDSIZE=4 -DNONSTANDARD_SYSTEM_FUNC  -DWRF_USE_CLM  -DSNICAR_FRC    -DDM_PARALLEL -DNETCDF -DUSE_ALLOCATABLES -DGRIB1 -DINTIO -DKEEP_INT_AROUND -DLIMIT_ARGS -DCONFIG_BUF_LEN=65536 -DMAX_DOMAINS_F=21 -DMAX_HISTORY=25 -DNMM_NEST=0 -DWRF_CHEM -DBUILD_CHEM=1 -DWRF_KPP -I. -traditional-cpp  cosq1b.F  > cosq1b.f90
ifort -c -real-size 32 -i4  -ip -fp-model precise -w -ftz -align all -fno-alias -FR -convert big_endian   cosq1b.f90
rm -f -f c1fgkf.f90
/lib/cpp -P -nostdinc -DEM_CORE=1 -DNMM_CORE=0 -DNMM_MAX_DIM=2600 -DCOAMPS_CORE=0 -DDA_CORE=0 -DEXP_CORE=0 -DIWORDSIZE=4 -DDWORDSIZE=8 -DRWORDSIZE=4 -DLWORDSIZE=4 -DNONSTANDARD_SYSTEM_FUNC  -DWRF_USE_CLM  -DSNICAR_FRC    -DDM_PARALLEL -DNETCDF -DUSE_ALLOCATABLES -DGRIB1 -DINTIO -DKEEP_INT_AROUND -DLIMIT_ARGS -DCONFIG_BUF_LEN=65536 -DMAX_DOMAINS_F=21 -DMAX_HISTORY=25 -DNMM_NEST=0 -DWRF_CHEM -DBUILD_CHEM=1 -DWRF_KPP -I. -traditional-cpp  costf1.F  > costf1.f90
ifort -c -real-size 32 -i4  -ip -fp-model precise -w -ftz -align all -fno-alias -FR -convert big_endian   costf1.f90
rm -f -f cosq1b.f90
/lib/cpp -P -nostdinc -DEM_CORE=1 -DNMM_CORE=0 -DNMM_MAX_DIM=2600 -DCOAMPS_CORE=0 -DDA_CORE=0 -DEXP_CORE=0 -DIWORDSIZE=4 -DDWORDSIZE=8 -DRWORDSIZE=4 -DLWORDSIZE=4 -DNONSTANDARD_SYSTEM_FUNC  -DWRF_USE_CLM  -DSNICAR_FRC    -DDM_PARALLEL -DNETCDF -DUSE_ALLOCATABLES -DGRIB1 -DINTIO -DKEEP_INT_AROUND -DLIMIT_ARGS -DCONFIG_BUF_LEN=65536 -DMAX_DOMAINS_F=21 -DMAX_HISTORY=25 -DNMM_NEST=0 -DWRF_CHEM -DBUILD_CHEM=1 -DWRF_KPP -I. -traditional-cpp  d1fgkb.F  > d1fgkb.f90
ifort -c -real-size 32 -i4  -ip -fp-model precise -w -ftz -align all -fno-alias -FR -convert big_endian   d1fgkb.f90
rm -f -f costf1.f90
/lib/cpp -P -nostdinc -DEM_CORE=1 -DNMM_CORE=0 -DNMM_MAX_DIM=2600 -DCOAMPS_CORE=0 -DDA_CORE=0 -DEXP_CORE=0 -DIWORDSIZE=4 -DDWORDSIZE=8 -DRWORDSIZE=4 -DLWORDSIZE=4 -DNONSTANDARD_SYSTEM_FUNC  -DWRF_USE_CLM  -DSNICAR_FRC    -DDM_PARALLEL -DNETCDF -DUSE_ALLOCATABLES -DGRIB1 -DINTIO -DKEEP_INT_AROUND -DLIMIT_ARGS -DCONFIG_BUF_LEN=65536 -DMAX_DOMAINS_F=21 -DMAX_HISTORY=25 -DNMM_NEST=0 -DWRF_CHEM -DBUILD_CHEM=1 -DWRF_KPP -I. -traditional-cpp  dfft1b.F  > dfft1b.f90
ifort -c -real-size 32 -i4  -ip -fp-model precise -w -ftz -align all -fno-alias -FR -convert big_endian   dfft1b.f90
rm -f -f dfft1b.f90
/lib/cpp -P -nostdinc -DEM_CORE=1 -DNMM_CORE=0 -DNMM_MAX_DIM=2600 -DCOAMPS_CORE=0 -DDA_CORE=0 -DEXP_CORE=0 -DIWORDSIZE=4 -DDWORDSIZE=8 -DRWORDSIZE=4 -DLWORDSIZE=4 -DNONSTANDARD_SYSTEM_FUNC  -DWRF_USE_CLM  -DSNICAR_FRC    -DDM_PARALLEL -DNETCDF -DUSE_ALLOCATABLES -DGRIB1 -DINTIO -DKEEP_INT_AROUND -DLIMIT_ARGS -DCONFIG_BUF_LEN=65536 -DMAX_DOMAINS_F=21 -DMAX_HISTORY=25 -DNMM_NEST=0 -DWRF_CHEM -DBUILD_CHEM=1 -DWRF_KPP -I. -traditional-cpp  mcsqf1.F  > mcsqf1.f90
ifort -c -real-size 32 -i4  -ip -fp-model precise -w -ftz -align all -fno-alias -FR -convert big_endian   mcsqf1.f90
rm -f -f d1fgkb.f90
/lib/cpp -P -nostdinc -DEM_CORE=1 -DNMM_CORE=0 -DNMM_MAX_DIM=2600 -DCOAMPS_CORE=0 -DDA_CORE=0 -DEXP_CORE=0 -DIWORDSIZE=4 -DDWORDSIZE=8 -DRWORDSIZE=4 -DLWORDSIZE=4 -DNONSTANDARD_SYSTEM_FUNC  -DWRF_USE_CLM  -DSNICAR_FRC    -DDM_PARALLEL -DNETCDF -DUSE_ALLOCATABLES -DGRIB1 -DINTIO -DKEEP_INT_AROUND -DLIMIT_ARGS -DCONFIG_BUF_LEN=65536 -DMAX_DOMAINS_F=21 -DMAX_HISTORY=25 -DNMM_NEST=0 -DWRF_CHEM -DBUILD_CHEM=1 -DWRF_KPP -I. -traditional-cpp  mradfg.F  > mradfg.f90
ifort -c -real-size 32 -i4  -ip -fp-model precise -w -ftz -align all -fno-alias -FR -convert big_endian   mradfg.f90
rm -f -f mcsqf1.f90
/lib/cpp -P -nostdinc -DEM_CORE=1 -DNMM_CORE=0 -DNMM_MAX_DIM=2600 -DCOAMPS_CORE=0 -DDA_CORE=0 -DEXP_CORE=0 -DIWORDSIZE=4 -DDWORDSIZE=8 -DRWORDSIZE=4 -DLWORDSIZE=4 -DNONSTANDARD_SYSTEM_FUNC  -DWRF_USE_CLM  -DSNICAR_FRC    -DDM_PARALLEL -DNETCDF -DUSE_ALLOCATABLES -DGRIB1 -DINTIO -DKEEP_INT_AROUND -DLIMIT_ARGS -DCONFIG_BUF_LEN=65536 -DMAX_DOMAINS_F=21 -DMAX_HISTORY=25 -DNMM_NEST=0 -DWRF_CHEM -DBUILD_CHEM=1 -DWRF_KPP -I. -traditional-cpp  r1f5kb.F  > r1f5kb.f90
ifort -c -real-size 32 -i4  -ip -fp-model precise -w -ftz -align all -fno-alias -FR -convert big_endian   r1f5kb.f90
rm -f -f mradfg.f90
/lib/cpp -P -nostdinc -DEM_CORE=1 -DNMM_CORE=0 -DNMM_MAX_DIM=2600 -DCOAMPS_CORE=0 -DDA_CORE=0 -DEXP_CORE=0 -DIWORDSIZE=4 -DDWORDSIZE=8 -DRWORDSIZE=4 -DLWORDSIZE=4 -DNONSTANDARD_SYSTEM_FUNC  -DWRF_USE_CLM  -DSNICAR_FRC    -DDM_PARALLEL -DNETCDF -DUSE_ALLOCATABLES -DGRIB1 -DINTIO -DKEEP_INT_AROUND -DLIMIT_ARGS -DCONFIG_BUF_LEN=65536 -DMAX_DOMAINS_F=21 -DMAX_HISTORY=25 -DNMM_NEST=0 -DWRF_CHEM -DBUILD_CHEM=1 -DWRF_KPP -I. -traditional-cpp  rfft1i.F  > rfft1i.f90
rm -f -f r1f5kb.f90
/lib/cpp -P -nostdinc -DEM_CORE=1 -DNMM_CORE=0 -DNMM_MAX_DIM=2600 -DCOAMPS_CORE=0 -DDA_CORE=0 -DEXP_CORE=0 -DIWORDSIZE=4 -DDWORDSIZE=8 -DRWORDSIZE=4 -DLWORDSIZE=4 -DNONSTANDARD_SYSTEM_FUNC  -DWRF_USE_CLM  -DSNICAR_FRC    -DDM_PARALLEL -DNETCDF -DUSE_ALLOCATABLES -DGRIB1 -DINTIO -DKEEP_INT_AROUND -DLIMIT_ARGS -DCONFIG_BUF_LEN=65536 -DMAX_DOMAINS_F=21 -DMAX_HISTORY=25 -DNMM_NEST=0 -DWRF_CHEM -DBUILD_CHEM=1 -DWRF_KPP -I. -traditional-cpp  sinq1i.F  > sinq1i.f90
ifort -c -real-size 32 -i4  -ip -fp-model precise -w -ftz -align all -fno-alias -FR -convert big_endian   rfft1i.f90
ifort -c -real-size 32 -i4  -ip -fp-model precise -w -ftz -align all -fno-alias -FR -convert big_endian   sinq1i.f90
rm -f -f rfft1i.f90
/lib/cpp -P -nostdinc -DEM_CORE=1 -DNMM_CORE=0 -DNMM_MAX_DIM=2600 -DCOAMPS_CORE=0 -DDA_CORE=0 -DEXP_CORE=0 -DIWORDSIZE=4 -DDWORDSIZE=8 -DRWORDSIZE=4 -DLWORDSIZE=4 -DNONSTANDARD_SYSTEM_FUNC  -DWRF_USE_CLM  -DSNICAR_FRC    -DDM_PARALLEL -DNETCDF -DUSE_ALLOCATABLES -DGRIB1 -DINTIO -DKEEP_INT_AROUND -DLIMIT_ARGS -DCONFIG_BUF_LEN=65536 -DMAX_DOMAINS_F=21 -DMAX_HISTORY=25 -DNMM_NEST=0 -DWRF_CHEM -DBUILD_CHEM=1 -DWRF_KPP -I. -traditional-cpp  xercon.F  > xercon.f90
rm -f -f sinq1i.f90
/lib/cpp -P -nostdinc -DEM_CORE=1 -DNMM_CORE=0 -DNMM_MAX_DIM=2600 -DCOAMPS_CORE=0 -DDA_CORE=0 -DEXP_CORE=0 -DIWORDSIZE=4 -DDWORDSIZE=8 -DRWORDSIZE=4 -DLWORDSIZE=4 -DNONSTANDARD_SYSTEM_FUNC  -DWRF_USE_CLM  -DSNICAR_FRC    -DDM_PARALLEL -DNETCDF -DUSE_ALLOCATABLES -DGRIB1 -DINTIO -DKEEP_INT_AROUND -DLIMIT_ARGS -DCONFIG_BUF_LEN=65536 -DMAX_DOMAINS_F=21 -DMAX_HISTORY=25 -DNMM_NEST=0 -DWRF_CHEM -DBUILD_CHEM=1 -DWRF_KPP -I. -traditional-cpp  z1fm1b.F  > z1fm1b.f90
ifort -c -real-size 32 -i4  -ip -fp-model precise -w -ftz -align all -fno-alias -FR -convert big_endian   xercon.f90
ifort -c -real-size 32 -i4  -ip -fp-model precise -w -ftz -align all -fno-alias -FR -convert big_endian   z1fm1b.f90
rm -f -f z1fm1b.f90
rm -f -f xercon.f90
/lib/cpp -P -nostdinc -DEM_CORE=1 -DNMM_CORE=0 -DNMM_MAX_DIM=2600 -DCOAMPS_CORE=0 -DDA_CORE=0 -DEXP_CORE=0 -DIWORDSIZE=4 -DDWORDSIZE=8 -DRWORDSIZE=4 -DLWORDSIZE=4 -DNONSTANDARD_SYSTEM_FUNC  -DWRF_USE_CLM  -DSNICAR_FRC    -DDM_PARALLEL -DNETCDF -DUSE_ALLOCATABLES -DGRIB1 -DINTIO -DKEEP_INT_AROUND -DLIMIT_ARGS -DCONFIG_BUF_LEN=65536 -DMAX_DOMAINS_F=21 -DMAX_HISTORY=25 -DNMM_NEST=0 -DWRF_CHEM -DBUILD_CHEM=1 -DWRF_KPP -I. -traditional-cpp  zmf2kf.F  > zmf2kf.f90
/lib/cpp -P -nostdinc -DEM_CORE=1 -DNMM_CORE=0 -DNMM_MAX_DIM=2600 -DCOAMPS_CORE=0 -DDA_CORE=0 -DEXP_CORE=0 -DIWORDSIZE=4 -DDWORDSIZE=8 -DRWORDSIZE=4 -DLWORDSIZE=4 -DNONSTANDARD_SYSTEM_FUNC  -DWRF_USE_CLM  -DSNICAR_FRC    -DDM_PARALLEL -DNETCDF -DUSE_ALLOCATABLES -DGRIB1 -DINTIO -DKEEP_INT_AROUND -DLIMIT_ARGS -DCONFIG_BUF_LEN=65536 -DMAX_DOMAINS_F=21 -DMAX_HISTORY=25 -DNMM_NEST=0 -DWRF_CHEM -DBUILD_CHEM=1 -DWRF_KPP -I. -traditional-cpp  c1fm1b.F  > c1fm1b.f90
ifort -c -real-size 32 -i4  -ip -fp-model precise -w -ftz -align all -fno-alias -FR -convert big_endian   zmf2kf.f90
ifort -c -real-size 32 -i4  -ip -fp-model precise -w -ftz -align all -fno-alias -FR -convert big_endian   c1fm1b.f90
rm -f -f c1fm1b.f90
/lib/cpp -P -nostdinc -DEM_CORE=1 -DNMM_CORE=0 -DNMM_MAX_DIM=2600 -DCOAMPS_CORE=0 -DDA_CORE=0 -DEXP_CORE=0 -DIWORDSIZE=4 -DDWORDSIZE=8 -DRWORDSIZE=4 -DLWORDSIZE=4 -DNONSTANDARD_SYSTEM_FUNC  -DWRF_USE_CLM  -DSNICAR_FRC    -DDM_PARALLEL -DNETCDF -DUSE_ALLOCATABLES -DGRIB1 -DINTIO -DKEEP_INT_AROUND -DLIMIT_ARGS -DCONFIG_BUF_LEN=65536 -DMAX_DOMAINS_F=21 -DMAX_HISTORY=25 -DNMM_NEST=0 -DWRF_CHEM -DBUILD_CHEM=1 -DWRF_KPP -I. -traditional-cpp  cmf2kf.F  > cmf2kf.f90
rm -f -f zmf2kf.f90
/lib/cpp -P -nostdinc -DEM_CORE=1 -DNMM_CORE=0 -DNMM_MAX_DIM=2600 -DCOAMPS_CORE=0 -DDA_CORE=0 -DEXP_CORE=0 -DIWORDSIZE=4 -DDWORDSIZE=8 -DRWORDSIZE=4 -DLWORDSIZE=4 -DNONSTANDARD_SYSTEM_FUNC  -DWRF_USE_CLM  -DSNICAR_FRC    -DDM_PARALLEL -DNETCDF -DUSE_ALLOCATABLES -DGRIB1 -DINTIO -DKEEP_INT_AROUND -DLIMIT_ARGS -DCONFIG_BUF_LEN=65536 -DMAX_DOMAINS_F=21 -DMAX_HISTORY=25 -DNMM_NEST=0 -DWRF_CHEM -DBUILD_CHEM=1 -DWRF_KPP -I. -traditional-cpp  cosq1f.F  > cosq1f.f90
ifort -c -real-size 32 -i4  -ip -fp-model precise -w -ftz -align all -fno-alias -FR -convert big_endian   cmf2kf.f90
ifort -c -real-size 32 -i4  -ip -fp-model precise -w -ftz -align all -fno-alias -FR -convert big_endian   cosq1f.f90
rm -f -f cosq1f.f90
/lib/cpp -P -nostdinc -DEM_CORE=1 -DNMM_CORE=0 -DNMM_MAX_DIM=2600 -DCOAMPS_CORE=0 -DDA_CORE=0 -DEXP_CORE=0 -DIWORDSIZE=4 -DDWORDSIZE=8 -DRWORDSIZE=4 -DLWORDSIZE=4 -DNONSTANDARD_SYSTEM_FUNC  -DWRF_USE_CLM  -DSNICAR_FRC    -DDM_PARALLEL -DNETCDF -DUSE_ALLOCATABLES -DGRIB1 -DINTIO -DKEEP_INT_AROUND -DLIMIT_ARGS -DCONFIG_BUF_LEN=65536 -DMAX_DOMAINS_F=21 -DMAX_HISTORY=25 -DNMM_NEST=0 -DWRF_CHEM -DBUILD_CHEM=1 -DWRF_KPP -I. -traditional-cpp  costmb.F  > costmb.f90
rm -f -f cmf2kf.f90
/lib/cpp -P -nostdinc -DEM_CORE=1 -DNMM_CORE=0 -DNMM_MAX_DIM=2600 -DCOAMPS_CORE=0 -DDA_CORE=0 -DEXP_CORE=0 -DIWORDSIZE=4 -DDWORDSIZE=8 -DRWORDSIZE=4 -DLWORDSIZE=4 -DNONSTANDARD_SYSTEM_FUNC  -DWRF_USE_CLM  -DSNICAR_FRC    -DDM_PARALLEL -DNETCDF -DUSE_ALLOCATABLES -DGRIB1 -DINTIO -DKEEP_INT_AROUND -DLIMIT_ARGS -DCONFIG_BUF_LEN=65536 -DMAX_DOMAINS_F=21 -DMAX_HISTORY=25 -DNMM_NEST=0 -DWRF_CHEM -DBUILD_CHEM=1 -DWRF_KPP -I. -traditional-cpp  d1fgkf.F  > d1fgkf.f90
ifort -c -real-size 32 -i4  -ip -fp-model precise -w -ftz -align all -fno-alias -FR -convert big_endian   costmb.f90
ifort -c -real-size 32 -i4  -ip -fp-model precise -w -ftz -align all -fno-alias -FR -convert big_endian   d1fgkf.f90
rm -f -f costmb.f90
/lib/cpp -P -nostdinc -DEM_CORE=1 -DNMM_CORE=0 -DNMM_MAX_DIM=2600 -DCOAMPS_CORE=0 -DDA_CORE=0 -DEXP_CORE=0 -DIWORDSIZE=4 -DDWORDSIZE=8 -DRWORDSIZE=4 -DLWORDSIZE=4 -DNONSTANDARD_SYSTEM_FUNC  -DWRF_USE_CLM  -DSNICAR_FRC    -DDM_PARALLEL -DNETCDF -DUSE_ALLOCATABLES -DGRIB1 -DINTIO -DKEEP_INT_AROUND -DLIMIT_ARGS -DCONFIG_BUF_LEN=65536 -DMAX_DOMAINS_F=21 -DMAX_HISTORY=25 -DNMM_NEST=0 -DWRF_CHEM -DBUILD_CHEM=1 -DWRF_KPP -I. -traditional-cpp  dfft1f.F  > dfft1f.f90
ifort -c -real-size 32 -i4  -ip -fp-model precise -w -ftz -align all -fno-alias -FR -convert big_endian   dfft1f.f90
rm -f -f dfft1f.f90
/lib/cpp -P -nostdinc -DEM_CORE=1 -DNMM_CORE=0 -DNMM_MAX_DIM=2600 -DCOAMPS_CORE=0 -DDA_CORE=0 -DEXP_CORE=0 -DIWORDSIZE=4 -DDWORDSIZE=8 -DRWORDSIZE=4 -DLWORDSIZE=4 -DNONSTANDARD_SYSTEM_FUNC  -DWRF_USE_CLM  -DSNICAR_FRC    -DDM_PARALLEL -DNETCDF -DUSE_ALLOCATABLES -DGRIB1 -DINTIO -DKEEP_INT_AROUND -DLIMIT_ARGS -DCONFIG_BUF_LEN=65536 -DMAX_DOMAINS_F=21 -DMAX_HISTORY=25 -DNMM_NEST=0 -DWRF_CHEM -DBUILD_CHEM=1 -DWRF_KPP -I. -traditional-cpp  mcstb1.F  > mcstb1.f90
ifort -c -real-size 32 -i4  -ip -fp-model precise -w -ftz -align all -fno-alias -FR -convert big_endian   mcstb1.f90
rm -f -f d1fgkf.f90
/lib/cpp -P -nostdinc -DEM_CORE=1 -DNMM_CORE=0 -DNMM_MAX_DIM=2600 -DCOAMPS_CORE=0 -DDA_CORE=0 -DEXP_CORE=0 -DIWORDSIZE=4 -DDWORDSIZE=8 -DRWORDSIZE=4 -DLWORDSIZE=4 -DNONSTANDARD_SYSTEM_FUNC  -DWRF_USE_CLM  -DSNICAR_FRC    -DDM_PARALLEL -DNETCDF -DUSE_ALLOCATABLES -DGRIB1 -DINTIO -DKEEP_INT_AROUND -DLIMIT_ARGS -DCONFIG_BUF_LEN=65536 -DMAX_DOMAINS_F=21 -DMAX_HISTORY=25 -DNMM_NEST=0 -DWRF_CHEM -DBUILD_CHEM=1 -DWRF_KPP -I. -traditional-cpp  mrftb1.F  > mrftb1.f90
ifort -c -real-size 32 -i4  -ip -fp-model precise -w -ftz -align all -fno-alias -FR -convert big_endian   mrftb1.f90
rm -f -f mcstb1.f90
/lib/cpp -P -nostdinc -DEM_CORE=1 -DNMM_CORE=0 -DNMM_MAX_DIM=2600 -DCOAMPS_CORE=0 -DDA_CORE=0 -DEXP_CORE=0 -DIWORDSIZE=4 -DDWORDSIZE=8 -DRWORDSIZE=4 -DLWORDSIZE=4 -DNONSTANDARD_SYSTEM_FUNC  -DWRF_USE_CLM  -DSNICAR_FRC    -DDM_PARALLEL -DNETCDF -DUSE_ALLOCATABLES -DGRIB1 -DINTIO -DKEEP_INT_AROUND -DLIMIT_ARGS -DCONFIG_BUF_LEN=65536 -DMAX_DOMAINS_F=21 -DMAX_HISTORY=25 -DNMM_NEST=0 -DWRF_CHEM -DBUILD_CHEM=1 -DWRF_KPP -I. -traditional-cpp  r1f5kf.F  > r1f5kf.f90
ifort -c -real-size 32 -i4  -ip -fp-model precise -w -ftz -align all -fno-alias -FR -convert big_endian   r1f5kf.f90
rm -f -f mrftb1.f90
/lib/cpp -P -nostdinc -DEM_CORE=1 -DNMM_CORE=0 -DNMM_MAX_DIM=2600 -DCOAMPS_CORE=0 -DDA_CORE=0 -DEXP_CORE=0 -DIWORDSIZE=4 -DDWORDSIZE=8 -DRWORDSIZE=4 -DLWORDSIZE=4 -DNONSTANDARD_SYSTEM_FUNC  -DWRF_USE_CLM  -DSNICAR_FRC    -DDM_PARALLEL -DNETCDF -DUSE_ALLOCATABLES -DGRIB1 -DINTIO -DKEEP_INT_AROUND -DLIMIT_ARGS -DCONFIG_BUF_LEN=65536 -DMAX_DOMAINS_F=21 -DMAX_HISTORY=25 -DNMM_NEST=0 -DWRF_CHEM -DBUILD_CHEM=1 -DWRF_KPP -I. -traditional-cpp  rfft2b.F  > rfft2b.f90
ifort -c -real-size 32 -i4  -ip -fp-model precise -w -ftz -align all -fno-alias -FR -convert big_endian   rfft2b.f90
rm -f -f rfft2b.f90
/lib/cpp -P -nostdinc -DEM_CORE=1 -DNMM_CORE=0 -DNMM_MAX_DIM=2600 -DCOAMPS_CORE=0 -DDA_CORE=0 -DEXP_CORE=0 -DIWORDSIZE=4 -DDWORDSIZE=8 -DRWORDSIZE=4 -DLWORDSIZE=4 -DNONSTANDARD_SYSTEM_FUNC  -DWRF_USE_CLM  -DSNICAR_FRC    -DDM_PARALLEL -DNETCDF -DUSE_ALLOCATABLES -DGRIB1 -DINTIO -DKEEP_INT_AROUND -DLIMIT_ARGS -DCONFIG_BUF_LEN=65536 -DMAX_DOMAINS_F=21 -DMAX_HISTORY=25 -DNMM_NEST=0 -DWRF_CHEM -DBUILD_CHEM=1 -DWRF_KPP -I. -traditional-cpp  sinqmb.F  > sinqmb.f90
ifort -c -real-size 32 -i4  -ip -fp-model precise -w -ftz -align all -fno-alias -FR -convert big_endian   sinqmb.f90
rm -f -f r1f5kf.f90
/lib/cpp -P -nostdinc -DEM_CORE=1 -DNMM_CORE=0 -DNMM_MAX_DIM=2600 -DCOAMPS_CORE=0 -DDA_CORE=0 -DEXP_CORE=0 -DIWORDSIZE=4 -DDWORDSIZE=8 -DRWORDSIZE=4 -DLWORDSIZE=4 -DNONSTANDARD_SYSTEM_FUNC  -DWRF_USE_CLM  -DSNICAR_FRC    -DDM_PARALLEL -DNETCDF -DUSE_ALLOCATABLES -DGRIB1 -DINTIO -DKEEP_INT_AROUND -DLIMIT_ARGS -DCONFIG_BUF_LEN=65536 -DMAX_DOMAINS_F=21 -DMAX_HISTORY=25 -DNMM_NEST=0 -DWRF_CHEM -DBUILD_CHEM=1 -DWRF_KPP -I. -traditional-cpp  xerfft.F  > xerfft.f90
ifort -c -real-size 32 -i4  -ip -fp-model precise -w -ftz -align all -fno-alias -FR -convert big_endian   xerfft.f90
rm -f -f sinqmb.f90
/lib/cpp -P -nostdinc -DEM_CORE=1 -DNMM_CORE=0 -DNMM_MAX_DIM=2600 -DCOAMPS_CORE=0 -DDA_CORE=0 -DEXP_CORE=0 -DIWORDSIZE=4 -DDWORDSIZE=8 -DRWORDSIZE=4 -DLWORDSIZE=4 -DNONSTANDARD_SYSTEM_FUNC  -DWRF_USE_CLM  -DSNICAR_FRC    -DDM_PARALLEL -DNETCDF -DUSE_ALLOCATABLES -DGRIB1 -DINTIO -DKEEP_INT_AROUND -DLIMIT_ARGS -DCONFIG_BUF_LEN=65536 -DMAX_DOMAINS_F=21 -DMAX_HISTORY=25 -DNMM_NEST=0 -DWRF_CHEM -DBUILD_CHEM=1 -DWRF_KPP -I. -traditional-cpp  z1fm1f.F  > z1fm1f.f90
ifort -c -real-size 32 -i4  -ip -fp-model precise -w -ftz -align all -fno-alias -FR -convert big_endian   z1fm1f.f90
rm -f -f xerfft.f90
/lib/cpp -P -nostdinc -DEM_CORE=1 -DNMM_CORE=0 -DNMM_MAX_DIM=2600 -DCOAMPS_CORE=0 -DDA_CORE=0 -DEXP_CORE=0 -DIWORDSIZE=4 -DDWORDSIZE=8 -DRWORDSIZE=4 -DLWORDSIZE=4 -DNONSTANDARD_SYSTEM_FUNC  -DWRF_USE_CLM  -DSNICAR_FRC    -DDM_PARALLEL -DNETCDF -DUSE_ALLOCATABLES -DGRIB1 -DINTIO -DKEEP_INT_AROUND -DLIMIT_ARGS -DCONFIG_BUF_LEN=65536 -DMAX_DOMAINS_F=21 -DMAX_HISTORY=25 -DNMM_NEST=0 -DWRF_CHEM -DBUILD_CHEM=1 -DWRF_KPP -I. -traditional-cpp  zmf3kb.F  > zmf3kb.f90
ifort -c -real-size 32 -i4  -ip -fp-model precise -w -ftz -align all -fno-alias -FR -convert big_endian   zmf3kb.f90
rm -f -f z1fm1f.f90
/lib/cpp -P -nostdinc -DEM_CORE=1 -DNMM_CORE=0 -DNMM_MAX_DIM=2600 -DCOAMPS_CORE=0 -DDA_CORE=0 -DEXP_CORE=0 -DIWORDSIZE=4 -DDWORDSIZE=8 -DRWORDSIZE=4 -DLWORDSIZE=4 -DNONSTANDARD_SYSTEM_FUNC  -DWRF_USE_CLM  -DSNICAR_FRC    -DDM_PARALLEL -DNETCDF -DUSE_ALLOCATABLES -DGRIB1 -DINTIO -DKEEP_INT_AROUND -DLIMIT_ARGS -DCONFIG_BUF_LEN=65536 -DMAX_DOMAINS_F=21 -DMAX_HISTORY=25 -DNMM_NEST=0 -DWRF_CHEM -DBUILD_CHEM=1 -DWRF_KPP -I. -traditional-cpp  c1fm1f.F  > c1fm1f.f90
ifort -c -real-size 32 -i4  -ip -fp-model precise -w -ftz -align all -fno-alias -FR -convert big_endian   c1fm1f.f90
rm -f -f zmf3kb.f90
/lib/cpp -P -nostdinc -DEM_CORE=1 -DNMM_CORE=0 -DNMM_MAX_DIM=2600 -DCOAMPS_CORE=0 -DDA_CORE=0 -DEXP_CORE=0 -DIWORDSIZE=4 -DDWORDSIZE=8 -DRWORDSIZE=4 -DLWORDSIZE=4 -DNONSTANDARD_SYSTEM_FUNC  -DWRF_USE_CLM  -DSNICAR_FRC    -DDM_PARALLEL -DNETCDF -DUSE_ALLOCATABLES -DGRIB1 -DINTIO -DKEEP_INT_AROUND -DLIMIT_ARGS -DCONFIG_BUF_LEN=65536 -DMAX_DOMAINS_F=21 -DMAX_HISTORY=25 -DNMM_NEST=0 -DWRF_CHEM -DBUILD_CHEM=1 -DWRF_KPP -I. -traditional-cpp  cmf3kb.F  > cmf3kb.f90
rm -f -f c1fm1f.f90
/lib/cpp -P -nostdinc -DEM_CORE=1 -DNMM_CORE=0 -DNMM_MAX_DIM=2600 -DCOAMPS_CORE=0 -DDA_CORE=0 -DEXP_CORE=0 -DIWORDSIZE=4 -DDWORDSIZE=8 -DRWORDSIZE=4 -DLWORDSIZE=4 -DNONSTANDARD_SYSTEM_FUNC  -DWRF_USE_CLM  -DSNICAR_FRC    -DDM_PARALLEL -DNETCDF -DUSE_ALLOCATABLES -DGRIB1 -DINTIO -DKEEP_INT_AROUND -DLIMIT_ARGS -DCONFIG_BUF_LEN=65536 -DMAX_DOMAINS_F=21 -DMAX_HISTORY=25 -DNMM_NEST=0 -DWRF_CHEM -DBUILD_CHEM=1 -DWRF_KPP -I. -traditional-cpp  cosq1i.F  > cosq1i.f90
ifort -c -real-size 32 -i4  -ip -fp-model precise -w -ftz -align all -fno-alias -FR -convert big_endian   cmf3kb.f90
ifort -c -real-size 32 -i4  -ip -fp-model precise -w -ftz -align all -fno-alias -FR -convert big_endian   cosq1i.f90
rm -f -f cosq1i.f90
/lib/cpp -P -nostdinc -DEM_CORE=1 -DNMM_CORE=0 -DNMM_MAX_DIM=2600 -DCOAMPS_CORE=0 -DDA_CORE=0 -DEXP_CORE=0 -DIWORDSIZE=4 -DDWORDSIZE=8 -DRWORDSIZE=4 -DLWORDSIZE=4 -DNONSTANDARD_SYSTEM_FUNC  -DWRF_USE_CLM  -DSNICAR_FRC    -DDM_PARALLEL -DNETCDF -DUSE_ALLOCATABLES -DGRIB1 -DINTIO -DKEEP_INT_AROUND -DLIMIT_ARGS -DCONFIG_BUF_LEN=65536 -DMAX_DOMAINS_F=21 -DMAX_HISTORY=25 -DNMM_NEST=0 -DWRF_CHEM -DBUILD_CHEM=1 -DWRF_KPP -I. -traditional-cpp  costmf.F  > costmf.f90
rm -f -f cmf3kb.f90
/lib/cpp -P -nostdinc -DEM_CORE=1 -DNMM_CORE=0 -DNMM_MAX_DIM=2600 -DCOAMPS_CORE=0 -DDA_CORE=0 -DEXP_CORE=0 -DIWORDSIZE=4 -DDWORDSIZE=8 -DRWORDSIZE=4 -DLWORDSIZE=4 -DNONSTANDARD_SYSTEM_FUNC  -DWRF_USE_CLM  -DSNICAR_FRC    -DDM_PARALLEL -DNETCDF -DUSE_ALLOCATABLES -DGRIB1 -DINTIO -DKEEP_INT_AROUND -DLIMIT_ARGS -DCONFIG_BUF_LEN=65536 -DMAX_DOMAINS_F=21 -DMAX_HISTORY=25 -DNMM_NEST=0 -DWRF_CHEM -DBUILD_CHEM=1 -DWRF_KPP -I. -traditional-cpp  dcosq1b.F  > dcosq1b.f90
ifort -c -real-size 32 -i4  -ip -fp-model precise -w -ftz -align all -fno-alias -FR -convert big_endian   costmf.f90
ifort -c -real-size 32 -i4  -ip -fp-model precise -w -ftz -align all -fno-alias -FR -convert big_endian   dcosq1b.f90
rm -f -f costmf.f90
/lib/cpp -P -nostdinc -DEM_CORE=1 -DNMM_CORE=0 -DNMM_MAX_DIM=2600 -DCOAMPS_CORE=0 -DDA_CORE=0 -DEXP_CORE=0 -DIWORDSIZE=4 -DDWORDSIZE=8 -DRWORDSIZE=4 -DLWORDSIZE=4 -DNONSTANDARD_SYSTEM_FUNC  -DWRF_USE_CLM  -DSNICAR_FRC    -DDM_PARALLEL -DNETCDF -DUSE_ALLOCATABLES -DGRIB1 -DINTIO -DKEEP_INT_AROUND -DLIMIT_ARGS -DCONFIG_BUF_LEN=65536 -DMAX_DOMAINS_F=21 -DMAX_HISTORY=25 -DNMM_NEST=0 -DWRF_CHEM -DBUILD_CHEM=1 -DWRF_KPP -I. -traditional-cpp  dfft1i.F  > dfft1i.f90
rm -f -f dcosq1b.f90
/lib/cpp -P -nostdinc -DEM_CORE=1 -DNMM_CORE=0 -DNMM_MAX_DIM=2600 -DCOAMPS_CORE=0 -DDA_CORE=0 -DEXP_CORE=0 -DIWORDSIZE=4 -DDWORDSIZE=8 -DRWORDSIZE=4 -DLWORDSIZE=4 -DNONSTANDARD_SYSTEM_FUNC  -DWRF_USE_CLM  -DSNICAR_FRC    -DDM_PARALLEL -DNETCDF -DUSE_ALLOCATABLES -DGRIB1 -DINTIO -DKEEP_INT_AROUND -DLIMIT_ARGS -DCONFIG_BUF_LEN=65536 -DMAX_DOMAINS_F=21 -DMAX_HISTORY=25 -DNMM_NEST=0 -DWRF_CHEM -DBUILD_CHEM=1 -DWRF_KPP -I. -traditional-cpp  mcstf1.F  > mcstf1.f90
ifort -c -real-size 32 -i4  -ip -fp-model precise -w -ftz -align all -fno-alias -FR -convert big_endian   dfft1i.f90
ifort -c -real-size 32 -i4  -ip -fp-model precise -w -ftz -align all -fno-alias -FR -convert big_endian   mcstf1.f90
rm -f -f dfft1i.f90
/lib/cpp -P -nostdinc -DEM_CORE=1 -DNMM_CORE=0 -DNMM_MAX_DIM=2600 -DCOAMPS_CORE=0 -DDA_CORE=0 -DEXP_CORE=0 -DIWORDSIZE=4 -DDWORDSIZE=8 -DRWORDSIZE=4 -DLWORDSIZE=4 -DNONSTANDARD_SYSTEM_FUNC  -DWRF_USE_CLM  -DSNICAR_FRC    -DDM_PARALLEL -DNETCDF -DUSE_ALLOCATABLES -DGRIB1 -DINTIO -DKEEP_INT_AROUND -DLIMIT_ARGS -DCONFIG_BUF_LEN=65536 -DMAX_DOMAINS_F=21 -DMAX_HISTORY=25 -DNMM_NEST=0 -DWRF_CHEM -DBUILD_CHEM=1 -DWRF_KPP -I. -traditional-cpp  mrftf1.F  > mrftf1.f90
ifort -c -real-size 32 -i4  -ip -fp-model precise -w -ftz -align all -fno-alias -FR -convert big_endian   mrftf1.f90
rm -f -f mcstf1.f90
/lib/cpp -P -nostdinc -DEM_CORE=1 -DNMM_CORE=0 -DNMM_MAX_DIM=2600 -DCOAMPS_CORE=0 -DDA_CORE=0 -DEXP_CORE=0 -DIWORDSIZE=4 -DDWORDSIZE=8 -DRWORDSIZE=4 -DLWORDSIZE=4 -DNONSTANDARD_SYSTEM_FUNC  -DWRF_USE_CLM  -DSNICAR_FRC    -DDM_PARALLEL -DNETCDF -DUSE_ALLOCATABLES -DGRIB1 -DINTIO -DKEEP_INT_AROUND -DLIMIT_ARGS -DCONFIG_BUF_LEN=65536 -DMAX_DOMAINS_F=21 -DMAX_HISTORY=25 -DNMM_NEST=0 -DWRF_CHEM -DBUILD_CHEM=1 -DWRF_KPP -I. -traditional-cpp  r1fgkb.F  > r1fgkb.f90
ifort -c -real-size 32 -i4  -ip -fp-model precise -w -ftz -align all -fno-alias -FR -convert big_endian   r1fgkb.f90
rm -f -f mrftf1.f90
/lib/cpp -P -nostdinc -DEM_CORE=1 -DNMM_CORE=0 -DNMM_MAX_DIM=2600 -DCOAMPS_CORE=0 -DDA_CORE=0 -DEXP_CORE=0 -DIWORDSIZE=4 -DDWORDSIZE=8 -DRWORDSIZE=4 -DLWORDSIZE=4 -DNONSTANDARD_SYSTEM_FUNC  -DWRF_USE_CLM  -DSNICAR_FRC    -DDM_PARALLEL -DNETCDF -DUSE_ALLOCATABLES -DGRIB1 -DINTIO -DKEEP_INT_AROUND -DLIMIT_ARGS -DCONFIG_BUF_LEN=65536 -DMAX_DOMAINS_F=21 -DMAX_HISTORY=25 -DNMM_NEST=0 -DWRF_CHEM -DBUILD_CHEM=1 -DWRF_KPP -I. -traditional-cpp  rfft2f.F  > rfft2f.f90
ifort -c -real-size 32 -i4  -ip -fp-model precise -w -ftz -align all -fno-alias -FR -convert big_endian   rfft2f.f90
rm -f -f r1fgkb.f90
/lib/cpp -P -nostdinc -DEM_CORE=1 -DNMM_CORE=0 -DNMM_MAX_DIM=2600 -DCOAMPS_CORE=0 -DDA_CORE=0 -DEXP_CORE=0 -DIWORDSIZE=4 -DDWORDSIZE=8 -DRWORDSIZE=4 -DLWORDSIZE=4 -DNONSTANDARD_SYSTEM_FUNC  -DWRF_USE_CLM  -DSNICAR_FRC    -DDM_PARALLEL -DNETCDF -DUSE_ALLOCATABLES -DGRIB1 -DINTIO -DKEEP_INT_AROUND -DLIMIT_ARGS -DCONFIG_BUF_LEN=65536 -DMAX_DOMAINS_F=21 -DMAX_HISTORY=25 -DNMM_NEST=0 -DWRF_CHEM -DBUILD_CHEM=1 -DWRF_KPP -I. -traditional-cpp  sinqmf.F  > sinqmf.f90
ifort -c -real-size 32 -i4  -ip -fp-model precise -w -ftz -align all -fno-alias -FR -convert big_endian   sinqmf.f90
rm -f -f rfft2f.f90
/lib/cpp -P -nostdinc -DEM_CORE=1 -DNMM_CORE=0 -DNMM_MAX_DIM=2600 -DCOAMPS_CORE=0 -DDA_CORE=0 -DEXP_CORE=0 -DIWORDSIZE=4 -DDWORDSIZE=8 -DRWORDSIZE=4 -DLWORDSIZE=4 -DNONSTANDARD_SYSTEM_FUNC  -DWRF_USE_CLM  -DSNICAR_FRC    -DDM_PARALLEL -DNETCDF -DUSE_ALLOCATABLES -DGRIB1 -DINTIO -DKEEP_INT_AROUND -DLIMIT_ARGS -DCONFIG_BUF_LEN=65536 -DMAX_DOMAINS_F=21 -DMAX_HISTORY=25 -DNMM_NEST=0 -DWRF_CHEM -DBUILD_CHEM=1 -DWRF_KPP -I. -traditional-cpp  z1f2kb.F  > z1f2kb.f90
ifort -c -real-size 32 -i4  -ip -fp-model precise -w -ftz -align all -fno-alias -FR -convert big_endian   z1f2kb.f90
rm -f -f sinqmf.f90
/lib/cpp -P -nostdinc -DEM_CORE=1 -DNMM_CORE=0 -DNMM_MAX_DIM=2600 -DCOAMPS_CORE=0 -DDA_CORE=0 -DEXP_CORE=0 -DIWORDSIZE=4 -DDWORDSIZE=8 -DRWORDSIZE=4 -DLWORDSIZE=4 -DNONSTANDARD_SYSTEM_FUNC  -DWRF_USE_CLM  -DSNICAR_FRC    -DDM_PARALLEL -DNETCDF -DUSE_ALLOCATABLES -DGRIB1 -DINTIO -DKEEP_INT_AROUND -DLIMIT_ARGS -DCONFIG_BUF_LEN=65536 -DMAX_DOMAINS_F=21 -DMAX_HISTORY=25 -DNMM_NEST=0 -DWRF_CHEM -DBUILD_CHEM=1 -DWRF_KPP -I. -traditional-cpp  zfft1b.F  > zfft1b.f90
ifort -c -real-size 32 -i4  -ip -fp-model precise -w -ftz -align all -fno-alias -FR -convert big_endian   zfft1b.f90
rm -f -f z1f2kb.f90
/lib/cpp -P -nostdinc -DEM_CORE=1 -DNMM_CORE=0 -DNMM_MAX_DIM=2600 -DCOAMPS_CORE=0 -DDA_CORE=0 -DEXP_CORE=0 -DIWORDSIZE=4 -DDWORDSIZE=8 -DRWORDSIZE=4 -DLWORDSIZE=4 -DNONSTANDARD_SYSTEM_FUNC  -DWRF_USE_CLM  -DSNICAR_FRC    -DDM_PARALLEL -DNETCDF -DUSE_ALLOCATABLES -DGRIB1 -DINTIO -DKEEP_INT_AROUND -DLIMIT_ARGS -DCONFIG_BUF_LEN=65536 -DMAX_DOMAINS_F=21 -DMAX_HISTORY=25 -DNMM_NEST=0 -DWRF_CHEM -DBUILD_CHEM=1 -DWRF_KPP -I. -traditional-cpp  zmf3kf.F  > zmf3kf.f90
ifort -c -real-size 32 -i4  -ip -fp-model precise -w -ftz -align all -fno-alias -FR -convert big_endian   zmf3kf.f90
rm -f -f zfft1b.f90
rm -f -f zmf3kf.f90
ar ru libfftpack.a c1f2kb.o  cfft1b.o  cmf3kf.o  cosqb1.o  costmi.o   dcosq1f.o  dfftb1.o   mradb2.o  mrfti1.o  r1fgkf.o     rfft2i.o  sinqmi.o  z1f2kf.o  zfft1f.o  zmf4kb.o c1f2kf.o  cfft1f.o  cmf4kb.o  cosqf1.o  d1f2kb.o   dcosq1i.o  dfftf1.o   mradb3.o  msntb1.o  r4_factor.o  rfftb1.o  sint1b.o  z1f3kb.o  zfft1i.o  zmf4kf.o c1f3kb.o  cfft1i.o  cmf4kf.o  cosqmb.o  d1f2kf.o   dcosqb1.o  dffti1.o   mradb4.o  msntf1.o  r4_mcfti1.o  rfftf1.o  sint1f.o  z1f3kf.o  zfft2b.o  zmf5kb.o c1f3kf.o  cfft2b.o  cmf5kb.o  cosqmf.o  d1f3kb.o   dcosqf1.o  dsint1b.o  mradb5.o  r1f2kb.o  r4_tables.o  rffti1.o  sint1i.o  z1f4kb.o  zfft2f.o  zmf5kf.o c1f4kb.o  cfft2f.o  cmf5kf.o  cosqmi.o  d1f3kf.o   dcost1b.o  dsint1f.o  mradbg.o  r1f2kf.o  r8_factor.o  rfftmb.o  sintb1.o  z1f4kf.o  zfft2i.o  zmfgkb.o c1f4kf.o  cfft2i.o  cmfgkb.o  cost1b.o  d1f4kb.o   dcost1f.o  dsint1i.o  mradf2.o  r1f3kb.o  r8_mcfti1.o  rfftmf.o  sintf1.o  z1f5kb.o  zfftmb.o  zmfgkf.o c1f5kb.o  cfftmb.o  cmfgkf.o  cost1f.o  d1f4kf.o   dcost1i.o  dsintb1.o  mradf3.o  r1f3kf.o  r8_tables.o  rfftmi.o  sintmb.o  z1f5kf.o  zfftmf.o  zmfm1b.o c1f5kf.o  cfftmf.o  cmfm1b.o  cost1i.o  d1f5kb.o   dcostb1.o  dsintf1.o  mradf4.o  r1f4kb.o  rfft1b.o     sinq1b.o  sintmf.o  z1fgkb.o  zfftmi.o  zmfm1f.o c1fgkb.o  cfftmi.o  cmfm1f.o  costb1.o  d1f5kf.o   dcostf1.o  mcsqb1.o   mradf5.o  r1f4kf.o  rfft1f.o     sinq1f.o  sintmi.o  z1fgkf.o  zmf2kb.o c1fgkf.o  cmf2kb.o  cosq1b.o  costf1.o  d1fgkb.o   dfft1b.o   mcsqf1.o   mradfg.o  r1f5kb.o  rfft1i.o     sinq1i.o  xercon.o  z1fm1b.o  zmf2kf.o c1fm1b.o  cmf2kf.o  cosq1f.o  costmb.o  d1fgkf.o   dfft1f.o   mcstb1.o   mrftb1.o  r1f5kf.o  rfft2b.o     sinqmb.o  xerfft.o  z1fm1f.o  zmf3kb.o c1fm1f.o  cmf3kb.o  cosq1i.o  costmf.o  dcosq1b.o  dfft1i.o   mcstf1.o   mrftf1.o  r1fgkb.o  rfft2f.o     sinqmf.o  z1f2kb.o  zfft1b.o  zmf3kf.o 
ar: creating libfftpack.a
ranlib libfftpack.a
make[3]: Leaving directory '/glade/work/rkumar/NASA_HMA/WRFchem_HMA/external/fftpack/fftpack5'
( cd /glade/work/rkumar/NASA_HMA/WRFchem_HMA/external/RSL_LITE ; make -j 2 CC="mpicc -cc=icc -DMPI2_SUPPORT -DFSEEKO64_OK  -w -O3 -ip  -DDM_PARALLEL -DMAX_HISTORY=25 -DNMM_CORE=0" \
          FC="time mpif90 -f90=ifort -O3 -ip -fp-model precise -w -ftz -align all -fno-alias -FR -convert big_endian    -real-size `expr 8 \* 4` -i4 -convert big_endian" \
          CPP="/lib/cpp -P -nostdinc -I. -DEM_CORE=1 -DNMM_CORE=0 -DNMM_MAX_DIM=2600 -DCOAMPS_CORE=0 -DDA_CORE=0 -DEXP_CORE=0 -DIWORDSIZE=4 -DDWORDSIZE=8 -DRWORDSIZE=4 -DLWORDSIZE=4 -DNONSTANDARD_SYSTEM_FUNC  -DWRF_USE_CLM  -DSNICAR_FRC    -DDM_PARALLEL -DNETCDF -DUSE_ALLOCATABLES -DGRIB1 -DINTIO -DKEEP_INT_AROUND -DLIMIT_ARGS -DCONFIG_BUF_LEN=65536 -DMAX_DOMAINS_F=21 -DMAX_HISTORY=25 -DNMM_NEST=0  -traditional-cpp" AR="ar" ARFLAGS="ru" ;\
          ranlib /glade/work/rkumar/NASA_HMA/WRFchem_HMA/external/RSL_LITE/librsl_lite.a )
make[3]: Entering directory '/glade/work/rkumar/NASA_HMA/WRFchem_HMA/external/RSL_LITE'
mpicc -cc=icc -DMPI2_SUPPORT -DFSEEKO64_OK  -w -O3 -ip  -DDM_PARALLEL -DMAX_HISTORY=25 -DNMM_CORE=0  -c c_code.c
mpicc -cc=icc -DMPI2_SUPPORT -DFSEEKO64_OK  -w -O3 -ip  -DDM_PARALLEL -DMAX_HISTORY=25 -DNMM_CORE=0  -c buf_for_proc.c
mpicc -cc=icc -DMPI2_SUPPORT -DFSEEKO64_OK  -w -O3 -ip  -DDM_PARALLEL -DMAX_HISTORY=25 -DNMM_CORE=0  -c rsl_malloc.c
mpicc -cc=icc -DMPI2_SUPPORT -DFSEEKO64_OK  -w -O3 -ip  -DDM_PARALLEL -DMAX_HISTORY=25 -DNMM_CORE=0  -c rsl_bcast.c
mpicc -cc=icc -DMPI2_SUPPORT -DFSEEKO64_OK  -w -O3 -ip  -DDM_PARALLEL -DMAX_HISTORY=25 -DNMM_CORE=0  -c task_for_point.c
mpicc -cc=icc -DMPI2_SUPPORT -DFSEEKO64_OK  -w -O3 -ip  -DDM_PARALLEL -DMAX_HISTORY=25 -DNMM_CORE=0  -c period.c
mpicc -cc=icc -DMPI2_SUPPORT -DFSEEKO64_OK  -w -O3 -ip  -DDM_PARALLEL -DMAX_HISTORY=25 -DNMM_CORE=0  -c swap.c
mpicc -cc=icc -DMPI2_SUPPORT -DFSEEKO64_OK  -w -O3 -ip  -DDM_PARALLEL -DMAX_HISTORY=25 -DNMM_CORE=0  -c cycle.c
/lib/cpp -P -nostdinc -I. -DEM_CORE=1 -DNMM_CORE=0 -DNMM_MAX_DIM=2600 -DCOAMPS_CORE=0 -DDA_CORE=0 -DEXP_CORE=0 -DIWORDSIZE=4 -DDWORDSIZE=8 -DRWORDSIZE=4 -DLWORDSIZE=4 -DNONSTANDARD_SYSTEM_FUNC  -DWRF_USE_CLM  -DSNICAR_FRC    -DDM_PARALLEL -DNETCDF -DUSE_ALLOCATABLES -DGRIB1 -DINTIO -DKEEP_INT_AROUND -DLIMIT_ARGS -DCONFIG_BUF_LEN=65536 -DMAX_DOMAINS_F=21 -DMAX_HISTORY=25 -DNMM_NEST=0  -traditional-cpp  f_pack.F90 > f_pack.f
time mpif90 -f90=ifort -O3 -ip -fp-model precise -w -ftz -align all -fno-alias -FR -convert big_endian    -real-size 32 -i4 -convert big_endian -o f_pack.o  -c f_pack.f
1.23user 0.47system 0:01.76elapsed 96%CPU (0avgtext+0avgdata 52772maxresident)k
0inputs+0outputs (0major+29900minor)pagefaults 0swaps
/lib/cpp -P -nostdinc -I. -DEM_CORE=1 -DNMM_CORE=0 -DNMM_MAX_DIM=2600 -DCOAMPS_CORE=0 -DDA_CORE=0 -DEXP_CORE=0 -DIWORDSIZE=4 -DDWORDSIZE=8 -DRWORDSIZE=4 -DLWORDSIZE=4 -DNONSTANDARD_SYSTEM_FUNC  -DWRF_USE_CLM  -DSNICAR_FRC    -DDM_PARALLEL -DNETCDF -DUSE_ALLOCATABLES -DGRIB1 -DINTIO -DKEEP_INT_AROUND -DLIMIT_ARGS -DCONFIG_BUF_LEN=65536 -DMAX_DOMAINS_F=21 -DMAX_HISTORY=25 -DNMM_NEST=0  -traditional-cpp f_xpose.F90 > f_xpose.f
time mpif90 -f90=ifort -O3 -ip -fp-model precise -w -ftz -align all -fno-alias -FR -convert big_endian    -real-size 32 -i4 -convert big_endian -o f_xpose.o  -c f_xpose.f
0.35user 0.49system 0:00.89elapsed 94%CPU (0avgtext+0avgdata 52204maxresident)k
0inputs+0outputs (0major+27949minor)pagefaults 0swaps
/bin/rm -f librsl_lite.a
ar cr librsl_lite.a c_code.o buf_for_proc.o rsl_malloc.o rsl_bcast.o task_for_point.o period.o swap.o cycle.o f_pack.o f_xpose.o
make[3]: Leaving directory '/glade/work/rkumar/NASA_HMA/WRFchem_HMA/external/RSL_LITE'
( if [ ! -e /glade/work/rkumar/NASA_HMA/WRFchem_HMA/tools/gen_comms.c ] ; then \
          /bin/cp /glade/work/rkumar/NASA_HMA/WRFchem_HMA/tools/gen_comms_warning /glade/work/rkumar/NASA_HMA/WRFchem_HMA/tools/gen_comms.c ; \
          cat /glade/work/rkumar/NASA_HMA/WRFchem_HMA/external/RSL_LITE/gen_comms.c >> /glade/work/rkumar/NASA_HMA/WRFchem_HMA/tools/gen_comms.c ; fi )
( if [ ! -e module_dm.F ] ; then /bin/cp module_dm_warning module_dm.F ; \
          cat /glade/work/rkumar/NASA_HMA/WRFchem_HMA/external/RSL_LITE/module_dm.F >> module_dm.F ; fi )
make[2]: Leaving directory '/glade/work/rkumar/NASA_HMA/WRFchem_HMA/frame'
make[1]: Leaving directory '/glade/work/rkumar/NASA_HMA/WRFchem_HMA'
make -i -r MODULE_DIRS="-I../dyn_em -I../dyn_nmm   -I/glade/work/rkumar/NASA_HMA/WRFchem_HMA/external/esmf_time_f90  -I/glade/work/rkumar/NASA_HMA/WRFchem_HMA/main -I/glade/work/rkumar/NASA_HMA/WRFchem_HMA/external/io_netcdf -I/glade/work/rkumar/NASA_HMA/WRFchem_HMA/external/io_int -I/glade/work/rkumar/NASA_HMA/WRFchem_HMA/frame -I/glade/work/rkumar/NASA_HMA/WRFchem_HMA/share -I/glade/work/rkumar/NASA_HMA/WRFchem_HMA/phys -I/glade/work/rkumar/NASA_HMA/WRFchem_HMA/chem -I/glade/work/rkumar/NASA_HMA/WRFchem_HMA/inc -I/glade/u/apps/ch/opt/netcdf/4.8.1/intel/19.1.1//include " toolsdir
make[1]: Entering directory '/glade/work/rkumar/NASA_HMA/WRFchem_HMA'
--------------------------------------
( cd tools ; make -i -r CC_TOOLS_CFLAGS="-DNMM_CORE=0" CC_TOOLS="icc  -DIWORDSIZE=4 -DMAX_HISTORY=25" )
make[2]: Entering directory '/glade/work/rkumar/NASA_HMA/WRFchem_HMA/tools'
icc  -DIWORDSIZE=4 -DMAX_HISTORY=25 -DNMM_CORE=0  -c -g  registry.c
icc  -DIWORDSIZE=4 -DMAX_HISTORY=25 -DNMM_CORE=0  -c -g  my_strtok.c
icc  -DIWORDSIZE=4 -DMAX_HISTORY=25 -DNMM_CORE=0  -c -g  reg_parse.c
icc  -DIWORDSIZE=4 -DMAX_HISTORY=25 -DNMM_CORE=0  -c -g  data.c
icc  -DIWORDSIZE=4 -DMAX_HISTORY=25 -DNMM_CORE=0  -c -g  type.c
icc  -DIWORDSIZE=4 -DMAX_HISTORY=25 -DNMM_CORE=0  -c -g  misc.c
icc  -DIWORDSIZE=4 -DMAX_HISTORY=25 -DNMM_CORE=0  -c -g  gen_defs.c
icc  -DIWORDSIZE=4 -DMAX_HISTORY=25 -DNMM_CORE=0  -c -g  gen_allocs.c
icc  -DIWORDSIZE=4 -DMAX_HISTORY=25 -DNMM_CORE=0  -c -g  gen_mod_state_descr.c
icc  -DIWORDSIZE=4 -DMAX_HISTORY=25 -DNMM_CORE=0  -c -g  gen_scalar_indices.c
icc  -DIWORDSIZE=4 -DMAX_HISTORY=25 -DNMM_CORE=0  -c -g  gen_args.c
icc  -DIWORDSIZE=4 -DMAX_HISTORY=25 -DNMM_CORE=0  -c -g  gen_config.c
icc  -DIWORDSIZE=4 -DMAX_HISTORY=25 -DNMM_CORE=0  -c -g  sym.c
icc  -DIWORDSIZE=4 -DMAX_HISTORY=25 -DNMM_CORE=0  -c -g  symtab_gen.c
icc  -DIWORDSIZE=4 -DMAX_HISTORY=25 -DNMM_CORE=0  -c -g  gen_model_data_ord.c
icc  -DIWORDSIZE=4 -DMAX_HISTORY=25 -DNMM_CORE=0  -c -g  gen_interp.c
icc  -DIWORDSIZE=4 -DMAX_HISTORY=25 -DNMM_CORE=0  -c -g  gen_comms.c
gen_comms.c(594): warning #303: explicit type is missing ("int" assumed)
  gen_packs_halo ( FILE *fp , node_t *p, char *shw, int xy /* 0=y,1=x */ , int pu /* 0=pack,1=unpack */, char * packname, char * commname, int always_interp_mp )   
  ^

gen_comms.c(808): warning #303: explicit type is missing ("int" assumed)
  gen_packs ( FILE *fp , node_t *p, int shw, int xy /* 0=y,1=x */ , int pu /* 0=pack,1=unpack */, char * packname, char * commname )   
  ^

icc  -DIWORDSIZE=4 -DMAX_HISTORY=25 -DNMM_CORE=0  -c -g  gen_scalar_derefs.c
icc  -DIWORDSIZE=4 -DMAX_HISTORY=25 -DNMM_CORE=0  -c -g  set_dim_strs.c
icc  -DIWORDSIZE=4 -DMAX_HISTORY=25 -DNMM_CORE=0  -c -g  gen_wrf_io.c
icc  -DIWORDSIZE=4 -DMAX_HISTORY=25 -DNMM_CORE=0  -c -g  gen_streams.c
gen_streams.c(528): warning #303: explicit type is missing ("int" assumed)
  gen_med_open_esmf_calls ( FILE *fp )
  ^

gen_streams.c(558): warning #303: explicit type is missing ("int" assumed)
  gen_med_find_esmf_coupling ( FILE *fp )
  ^

icc  -DIWORDSIZE=4 -DMAX_HISTORY=25 -DNMM_CORE=0  -c -g  standard.c
icc  -DIWORDSIZE=4 -DMAX_HISTORY=25 -o standard.exe -g   standard.o
icc  -DIWORDSIZE=4 -DMAX_HISTORY=25 -o registry -g   registry.o my_strtok.o reg_parse.o data.o type.o misc.o gen_defs.o gen_allocs.o gen_mod_state_descr.o gen_scalar_indices.o gen_args.o gen_config.o sym.o symtab_gen.o gen_model_data_ord.o gen_interp.o gen_comms.o gen_scalar_derefs.o set_dim_strs.o gen_wrf_io.o gen_streams.o
make[2]: Leaving directory '/glade/work/rkumar/NASA_HMA/WRFchem_HMA/tools'
make[1]: Leaving directory '/glade/work/rkumar/NASA_HMA/WRFchem_HMA'
/bin/rm -f main/libwrflib.a main/libwrflib.lib
make -i -r MODULE_DIRS="-I../dyn_em -I../dyn_nmm   -I/glade/work/rkumar/NASA_HMA/WRFchem_HMA/external/esmf_time_f90  -I/glade/work/rkumar/NASA_HMA/WRFchem_HMA/main -I/glade/work/rkumar/NASA_HMA/WRFchem_HMA/external/io_netcdf -I/glade/work/rkumar/NASA_HMA/WRFchem_HMA/external/io_int -I/glade/work/rkumar/NASA_HMA/WRFchem_HMA/frame -I/glade/work/rkumar/NASA_HMA/WRFchem_HMA/share -I/glade/work/rkumar/NASA_HMA/WRFchem_HMA/phys -I/glade/work/rkumar/NASA_HMA/WRFchem_HMA/chem -I/glade/work/rkumar/NASA_HMA/WRFchem_HMA/inc -I/glade/u/apps/ch/opt/netcdf/4.8.1/intel/19.1.1//include " framework
make[1]: Entering directory '/glade/work/rkumar/NASA_HMA/WRFchem_HMA'
--------------------------------------
( cd frame ; make -i -r -j 2 framework; \
          cd ../external/io_netcdf ; \
          make -i -r NETCDFPATH="/glade/u/apps/ch/opt/netcdf/4.8.1/intel/19.1.1/" \
               FC="time mpif90 -f90=ifort -ip -fp-model precise -w -ftz -align all -fno-alias -FR -convert big_endian   -real-size `expr 8 \* 4` -i4  " RANLIB="ranlib" \
               CPP="/lib/cpp -P -nostdinc" LDFLAGS=" -O3 -ip -fp-model precise -w -ftz -align all -fno-alias -FR -convert big_endian   -ip  " TRADFLAG="-traditional-cpp" ESMF_IO_LIB_EXT="-L/glade/work/rkumar/NASA_HMA/WRFchem_HMA/external/esmf_time_f90 -lesmf_time" \
       LIB_LOCAL="" \
               ESMF_MOD_DEPENDENCE="/glade/work/rkumar/NASA_HMA/WRFchem_HMA/external/esmf_time_f90/module_utility.o" AR="INTERNAL_BUILD_ERROR_SHOULD_NOT_NEED_AR" diffwrf; \
          cd ../io_netcdf ; \
          make -i -r NETCDFPATH="/glade/u/apps/ch/opt/netcdf/4.8.1/intel/19.1.1/" \
               FC="ifort -ip -fp-model precise -w -ftz -align all -fno-alias -FR -convert big_endian   -real-size `expr 8 \* 4` -i4  " RANLIB="ranlib" \
               CPP="/lib/cpp -P -nostdinc" LDFLAGS=" -O3 -ip -fp-model precise -w -ftz -align all -fno-alias -FR -convert big_endian   -ip  " TRADFLAG="-traditional-cpp" ESMF_IO_LIB_EXT="-L/glade/work/rkumar/NASA_HMA/WRFchem_HMA/external/esmf_time_f90 -lesmf_time" \
       LIB_LOCAL="" \
               ESMF_MOD_DEPENDENCE="/glade/work/rkumar/NASA_HMA/WRFchem_HMA/external/esmf_time_f90/module_utility.o" AR="INTERNAL_BUILD_ERROR_SHOULD_NOT_NEED_AR"; \
          cd ../io_pio ; \
          echo SKIPPING PIO BUILD make -i -r NETCDFPATH="" \
               FC="ifort -ip -fp-model precise -w -ftz -align all -fno-alias -FR -convert big_endian   -real-size `expr 8 \* 4` -i4  " RANLIB="ranlib" \
               CPP="/lib/cpp -P -nostdinc" LDFLAGS=" -O3 -ip -fp-model precise -w -ftz -align all -fno-alias -FR -convert big_endian   -ip  " TRADFLAG="-traditional-cpp" ESMF_IO_LIB_EXT="-L/glade/work/rkumar/NASA_HMA/WRFchem_HMA/external/esmf_time_f90 -lesmf_time" \
       LIB_LOCAL="" \
               ESMF_MOD_DEPENDENCE="/glade/work/rkumar/NASA_HMA/WRFchem_HMA/external/esmf_time_f90/module_utility.o" AR="INTERNAL_BUILD_ERROR_SHOULD_NOT_NEED_AR"; \
          cd ../io_int ; \
          make -i -r SFC="ifort -ip -fp-model precise -w -ftz -align all -fno-alias -FR -convert big_endian  " \
               FC="ifort -ip -fp-model precise -w -ftz -align all -fno-alias -FR -convert big_endian   -real-size `expr 8 \* 4` -i4  " \
               RANLIB="ranlib" CPP="/lib/cpp -P -nostdinc -DNONSTANDARD_SYSTEM_FUNC  -DWRF_USE_CLM  -DSNICAR_FRC  " DM_FC="mpif90 -f90=ifort -ip -fp-model precise -w -ftz -align all -fno-alias -FR -convert big_endian  "\
               TRADFLAG="-traditional-cpp" ESMF_IO_LIB_EXT="-L/glade/work/rkumar/NASA_HMA/WRFchem_HMA/external/esmf_time_f90 -lesmf_time" \
               ESMF_MOD_DEPENDENCE="/glade/work/rkumar/NASA_HMA/WRFchem_HMA/external/esmf_time_f90/module_utility.o" AR="INTERNAL_BUILD_ERROR_SHOULD_NOT_NEED_AR" diffwrf ; \
          cd ../../frame )
make[2]: Entering directory '/glade/work/rkumar/NASA_HMA/WRFchem_HMA/frame'
( cd .. ; tools/registry -DEM_CORE=1 -DNMM_CORE=0 -DNMM_MAX_DIM=2600 -DCOAMPS_CORE=0 -DDA_CORE=0 -DEXP_CORE=0 -DIWORDSIZE=4 -DDWORDSIZE=8 -DRWORDSIZE=4 -DLWORDSIZE=4 -DNONSTANDARD_SYSTEM_FUNC  -DWRF_USE_CLM  -DSNICAR_FRC    -DDM_PARALLEL -DNETCDF -DUSE_ALLOCATABLES -DGRIB1 -DINTIO -DKEEP_INT_AROUND -DLIMIT_ARGS -DCONFIG_BUF_LEN=65536 -DMAX_DOMAINS_F=21 -DMAX_HISTORY=25 -DNMM_NEST=0 -DWRF_CHEM -DBUILD_CHEM=1 -DWRF_KPP -DNEW_BDYS Registry/Registry ) ; 
rm -f wrf_shutdown.o
sed -e "s/grid%mu/gridmu/g" -e "s/grid%Mu/gridMu/g" -e "s/^\!.*'.*//" -e "s/^ *\!.*'.*//" wrf_shutdown.F > wrf_shutdown.G
/lib/cpp -P -nostdinc -I/glade/work/rkumar/NASA_HMA/WRFchem_HMA/inc -DEM_CORE=1 -DNMM_CORE=0 -DNMM_MAX_DIM=2600 -DCOAMPS_CORE=0 -DDA_CORE=0 -DEXP_CORE=0 -DIWORDSIZE=4 -DDWORDSIZE=8 -DRWORDSIZE=4 -DLWORDSIZE=4 -DNONSTANDARD_SYSTEM_FUNC  -DWRF_USE_CLM  -DSNICAR_FRC    -DDM_PARALLEL -DNETCDF -DUSE_ALLOCATABLES -DGRIB1 -DINTIO -DKEEP_INT_AROUND -DLIMIT_ARGS -DCONFIG_BUF_LEN=65536 -DMAX_DOMAINS_F=21 -DMAX_HISTORY=25 -DNMM_NEST=0 -DWRF_CHEM -DBUILD_CHEM=1 -DWRF_KPP -I. -traditional-cpp   wrf_shutdown.G  > wrf_shutdown.H
opening Registry/registry.dimspec
including Registry/registry.dimspec
opening Registry/Registry.EM_COMMON
including Registry/Registry.EM_COMMON
sed -e "s/gridmu/grid%mu/g" -e "s/gridMu/grid%Mu/g" wrf_shutdown.H > wrf_shutdown.bb
/glade/work/rkumar/NASA_HMA/WRFchem_HMA/tools/standard.exe wrf_shutdown.bb | /lib/cpp -P -nostdinc -traditional-cpp > wrf_shutdown.f90
rm -f wrf_shutdown.G wrf_shutdown.H wrf_shutdown.bb
time mpif90 -f90=ifort -o wrf_shutdown.o -c -O3 -ip -fp-model precise -w -ftz -align all -fno-alias -FR -convert big_endian    -I../dyn_em -I../dyn_nmm   -I/glade/work/rkumar/NASA_HMA/WRFchem_HMA/external/esmf_time_f90  -I/glade/work/rkumar/NASA_HMA/WRFchem_HMA/main -I/glade/work/rkumar/NASA_HMA/WRFchem_HMA/external/io_netcdf -I/glade/work/rkumar/NASA_HMA/WRFchem_HMA/external/io_int -I/glade/work/rkumar/NASA_HMA/WRFchem_HMA/frame -I/glade/work/rkumar/NASA_HMA/WRFchem_HMA/share -I/glade/work/rkumar/NASA_HMA/WRFchem_HMA/phys -I/glade/work/rkumar/NASA_HMA/WRFchem_HMA/chem -I/glade/work/rkumar/NASA_HMA/WRFchem_HMA/inc -I/glade/u/apps/ch/opt/netcdf/4.8.1/intel/19.1.1//include  -real-size `expr 8 \* 4` -i4  wrf_shutdown.f90
opening Registry/registry.io_boilerplate
including Registry/registry.io_boilerplate
opening Registry/io_boilerplate_temporary.inc
including Registry/io_boilerplate_temporary.inc
opening Registry/registry.chem
including Registry/registry.chem
opening Registry/registry.fire
including Registry/registry.fire
opening Registry/registry.avgflx
including Registry/registry.avgflx
opening Registry/registry.stoch
including Registry/registry.stoch
opening Registry/registry.les
including Registry/registry.les
opening Registry/registry.cam
including Registry/registry.cam
opening Registry/registry.clm
including Registry/registry.clm
opening Registry/registry.lake
including Registry/registry.lake
opening Registry/registry.ssib
including Registry/registry.ssib
opening Registry/registry.sbm
including Registry/registry.sbm
opening Registry/registry.diags
including Registry/registry.diags
opening Registry/registry.afwa
including Registry/registry.afwa
opening Registry/registry.rasm_diag
including Registry/registry.rasm_diag
opening Registry/registry.elec
including Registry/registry.elec
opening Registry/registry.bdy_perturb
including Registry/registry.bdy_perturb
opening Registry/registry.new3d_gca
including Registry/registry.new3d_gca
opening Registry/registry.hyb_coord
including Registry/registry.hyb_coord
opening Registry/registry.new3d_wif
including Registry/registry.new3d_wif

real	0m0.557s
user	0m0.050s
sys	0m0.443s
rm -f clog.o
mpicc -cc=icc -DMPI2_SUPPORT -DFSEEKO64_OK  -o clog.o -c -w -O3 -ip  -DDM_PARALLEL -DMAX_HISTORY=25 -DNMM_CORE=0 clog.c
rm -f hires_timer.o
mpicc -cc=icc -DMPI2_SUPPORT -DFSEEKO64_OK  -o hires_timer.o -c -w -O3 -ip  -DDM_PARALLEL -DMAX_HISTORY=25 -DNMM_CORE=0 hires_timer.c
rm -f ../share/module_model_constants.o
sed -e "s/grid%mu/gridmu/g" -e "s/grid%Mu/gridMu/g" -e "s/^\!.*'.*//" -e "s/^ *\!.*'.*//" ../share/module_model_constants.F > ../share/module_model_constants.G
/lib/cpp -P -nostdinc -I/glade/work/rkumar/NASA_HMA/WRFchem_HMA/inc -DEM_CORE=1 -DNMM_CORE=0 -DNMM_MAX_DIM=2600 -DCOAMPS_CORE=0 -DDA_CORE=0 -DEXP_CORE=0 -DIWORDSIZE=4 -DDWORDSIZE=8 -DRWORDSIZE=4 -DLWORDSIZE=4 -DNONSTANDARD_SYSTEM_FUNC  -DWRF_USE_CLM  -DSNICAR_FRC    -DDM_PARALLEL -DNETCDF -DUSE_ALLOCATABLES -DGRIB1 -DINTIO -DKEEP_INT_AROUND -DLIMIT_ARGS -DCONFIG_BUF_LEN=65536 -DMAX_DOMAINS_F=21 -DMAX_HISTORY=25 -DNMM_NEST=0 -DWRF_CHEM -DBUILD_CHEM=1 -DWRF_KPP -I. -traditional-cpp   ../share/module_model_constants.G  > ../share/module_model_constants.H
sed -e "s/gridmu/grid%mu/g" -e "s/gridMu/grid%Mu/g" ../share/module_model_constants.H > ../share/module_model_constants.bb
/glade/work/rkumar/NASA_HMA/WRFchem_HMA/tools/standard.exe ../share/module_model_constants.bb | /lib/cpp -P -nostdinc -traditional-cpp > ../share/module_model_constants.f90
rm -f ../share/module_model_constants.G ../share/module_model_constants.H ../share/module_model_constants.bb
time mpif90 -f90=ifort -o ../share/module_model_constants.o -c -O3 -ip -fp-model precise -w -ftz -align all -fno-alias -FR -convert big_endian    -I../dyn_em -I../dyn_nmm   -I/glade/work/rkumar/NASA_HMA/WRFchem_HMA/external/esmf_time_f90  -I/glade/work/rkumar/NASA_HMA/WRFchem_HMA/main -I/glade/work/rkumar/NASA_HMA/WRFchem_HMA/external/io_netcdf -I/glade/work/rkumar/NASA_HMA/WRFchem_HMA/external/io_int -I/glade/work/rkumar/NASA_HMA/WRFchem_HMA/frame -I/glade/work/rkumar/NASA_HMA/WRFchem_HMA/share -I/glade/work/rkumar/NASA_HMA/WRFchem_HMA/phys -I/glade/work/rkumar/NASA_HMA/WRFchem_HMA/chem -I/glade/work/rkumar/NASA_HMA/WRFchem_HMA/inc -I/glade/u/apps/ch/opt/netcdf/4.8.1/intel/19.1.1//include  -real-size `expr 8 \* 4` -i4  ../share/module_model_constants.f90

real	0m0.657s
user	0m0.028s
sys	0m0.554s
if [ "m4" = NA ] ; then \
  /bin/cp ../arch/md_calls.inc . ; \
else \
  m4 md_calls.m4 > md_calls.inc ; \
fi
/lib/cpp -P -nostdinc -DEM_CORE=1 -DNMM_CORE=0 -DNMM_MAX_DIM=2600 -DCOAMPS_CORE=0 -DDA_CORE=0 -DEXP_CORE=0 -DIWORDSIZE=4 -DDWORDSIZE=8 -DRWORDSIZE=4 -DLWORDSIZE=4 -DNONSTANDARD_SYSTEM_FUNC  -DWRF_USE_CLM  -DSNICAR_FRC    -DDM_PARALLEL -DNETCDF -DUSE_ALLOCATABLES -DGRIB1 -DINTIO -DKEEP_INT_AROUND -DLIMIT_ARGS -DCONFIG_BUF_LEN=65536 -DMAX_DOMAINS_F=21 -DMAX_HISTORY=25 -DNMM_NEST=0 -DWRF_CHEM -DBUILD_CHEM=1 -DWRF_KPP -I. -traditional-cpp  -I../inc module_internal_header_util.F > module_internal_header_util.f90
ifort -c -real-size `expr 8 \* 4` -i4   -ip -fp-model precise -w -ftz -align all -fno-alias -FR -convert big_endian   module_internal_header_util.f90
mpicc -cc=icc -DMPI2_SUPPORT -DFSEEKO64_OK  -c -w -O3 -ip  -DDM_PARALLEL -DMAX_HISTORY=25 -DNMM_CORE=0 wrf_num_bytes_between.c
Registry INFO variable counts: 0d 2407 1d 133 2d 1493 3d 1629
rm -f libmassv.o
sed -e "s/grid%mu/gridmu/g" -e "s/grid%Mu/gridMu/g" -e "s/^\!.*'.*//" -e "s/^ *\!.*'.*//" libmassv.F > libmassv.G
/lib/cpp -P -nostdinc -I/glade/work/rkumar/NASA_HMA/WRFchem_HMA/inc -DEM_CORE=1 -DNMM_CORE=0 -DNMM_MAX_DIM=2600 -DCOAMPS_CORE=0 -DDA_CORE=0 -DEXP_CORE=0 -DIWORDSIZE=4 -DDWORDSIZE=8 -DRWORDSIZE=4 -DLWORDSIZE=4 -DNONSTANDARD_SYSTEM_FUNC  -DWRF_USE_CLM  -DSNICAR_FRC    -DDM_PARALLEL -DNETCDF -DUSE_ALLOCATABLES -DGRIB1 -DINTIO -DKEEP_INT_AROUND -DLIMIT_ARGS -DCONFIG_BUF_LEN=65536 -DMAX_DOMAINS_F=21 -DMAX_HISTORY=25 -DNMM_NEST=0 -DWRF_CHEM -DBUILD_CHEM=1 -DWRF_KPP -I. -traditional-cpp   libmassv.G  > libmassv.H
sed -e "s/gridmu/grid%mu/g" -e "s/gridMu/grid%Mu/g" libmassv.H > libmassv.bb
/glade/work/rkumar/NASA_HMA/WRFchem_HMA/tools/standard.exe libmassv.bb | /lib/cpp -P -nostdinc -traditional-cpp > libmassv.f90
rm -f libmassv.G libmassv.H libmassv.bb
time mpif90 -f90=ifort -o libmassv.o -c -O3 -ip -fp-model precise -w -ftz -align all -fno-alias -FR -convert big_endian    -I../dyn_em -I../dyn_nmm   -I/glade/work/rkumar/NASA_HMA/WRFchem_HMA/external/esmf_time_f90  -I/glade/work/rkumar/NASA_HMA/WRFchem_HMA/main -I/glade/work/rkumar/NASA_HMA/WRFchem_HMA/external/io_netcdf -I/glade/work/rkumar/NASA_HMA/WRFchem_HMA/external/io_int -I/glade/work/rkumar/NASA_HMA/WRFchem_HMA/frame -I/glade/work/rkumar/NASA_HMA/WRFchem_HMA/share -I/glade/work/rkumar/NASA_HMA/WRFchem_HMA/phys -I/glade/work/rkumar/NASA_HMA/WRFchem_HMA/chem -I/glade/work/rkumar/NASA_HMA/WRFchem_HMA/inc -I/glade/u/apps/ch/opt/netcdf/4.8.1/intel/19.1.1//include  -real-size `expr 8 \* 4` -i4  libmassv.f90

real	0m0.841s
user	0m0.279s
sys	0m0.519s
rm -f collect_on_comm.o
mpicc -cc=icc -DMPI2_SUPPORT -DFSEEKO64_OK  -o collect_on_comm.o -c -w -O3 -ip  -DDM_PARALLEL -DMAX_HISTORY=25 -DNMM_CORE=0 collect_on_comm.c
mpicc -cc=icc -DMPI2_SUPPORT -DFSEEKO64_OK  -c -w -O3 -ip  -DDM_PARALLEL -DMAX_HISTORY=25 -DNMM_CORE=0 -DIWORDSIZE=4 pack_utils.c
rm -f module_wrf_error.o
sed -e "s/grid%mu/gridmu/g" -e "s/grid%Mu/gridMu/g" -e "s/^\!.*'.*//" -e "s/^ *\!.*'.*//" module_wrf_error.F > module_wrf_error.G
/lib/cpp -P -nostdinc -I/glade/work/rkumar/NASA_HMA/WRFchem_HMA/inc -DEM_CORE=1 -DNMM_CORE=0 -DNMM_MAX_DIM=2600 -DCOAMPS_CORE=0 -DDA_CORE=0 -DEXP_CORE=0 -DIWORDSIZE=4 -DDWORDSIZE=8 -DRWORDSIZE=4 -DLWORDSIZE=4 -DNONSTANDARD_SYSTEM_FUNC  -DWRF_USE_CLM  -DSNICAR_FRC    -DDM_PARALLEL -DNETCDF -DUSE_ALLOCATABLES -DGRIB1 -DINTIO -DKEEP_INT_AROUND -DLIMIT_ARGS -DCONFIG_BUF_LEN=65536 -DMAX_DOMAINS_F=21 -DMAX_HISTORY=25 -DNMM_NEST=0 -DWRF_CHEM -DBUILD_CHEM=1 -DWRF_KPP -I. -traditional-cpp   module_wrf_error.G  > module_wrf_error.H
sed -e "s/gridmu/grid%mu/g" -e "s/gridMu/grid%Mu/g" module_wrf_error.H > module_wrf_error.bb
/glade/work/rkumar/NASA_HMA/WRFchem_HMA/tools/standard.exe module_wrf_error.bb | /lib/cpp -P -nostdinc -traditional-cpp > module_wrf_error.f90
rm -f module_wrf_error.G module_wrf_error.H module_wrf_error.bb
time mpif90 -f90=ifort -o module_wrf_error.o -c -O3 -ip -fp-model precise -w -ftz -align all -fno-alias -FR -convert big_endian    -I../dyn_em -I../dyn_nmm   -I/glade/work/rkumar/NASA_HMA/WRFchem_HMA/external/esmf_time_f90  -I/glade/work/rkumar/NASA_HMA/WRFchem_HMA/main -I/glade/work/rkumar/NASA_HMA/WRFchem_HMA/external/io_netcdf -I/glade/work/rkumar/NASA_HMA/WRFchem_HMA/external/io_int -I/glade/work/rkumar/NASA_HMA/WRFchem_HMA/frame -I/glade/work/rkumar/NASA_HMA/WRFchem_HMA/share -I/glade/work/rkumar/NASA_HMA/WRFchem_HMA/phys -I/glade/work/rkumar/NASA_HMA/WRFchem_HMA/chem -I/glade/work/rkumar/NASA_HMA/WRFchem_HMA/inc -I/glade/u/apps/ch/opt/netcdf/4.8.1/intel/19.1.1//include  -real-size `expr 8 \* 4` -i4  module_wrf_error.f90

real	0m0.663s
user	0m0.155s
sys	0m0.444s
rm -f module_sm.o
sed -e "s/grid%mu/gridmu/g" -e "s/grid%Mu/gridMu/g" -e "s/^\!.*'.*//" -e "s/^ *\!.*'.*//" module_sm.F > module_sm.G
/lib/cpp -P -nostdinc -I/glade/work/rkumar/NASA_HMA/WRFchem_HMA/inc -DEM_CORE=1 -DNMM_CORE=0 -DNMM_MAX_DIM=2600 -DCOAMPS_CORE=0 -DDA_CORE=0 -DEXP_CORE=0 -DIWORDSIZE=4 -DDWORDSIZE=8 -DRWORDSIZE=4 -DLWORDSIZE=4 -DNONSTANDARD_SYSTEM_FUNC  -DWRF_USE_CLM  -DSNICAR_FRC    -DDM_PARALLEL -DNETCDF -DUSE_ALLOCATABLES -DGRIB1 -DINTIO -DKEEP_INT_AROUND -DLIMIT_ARGS -DCONFIG_BUF_LEN=65536 -DMAX_DOMAINS_F=21 -DMAX_HISTORY=25 -DNMM_NEST=0 -DWRF_CHEM -DBUILD_CHEM=1 -DWRF_KPP -I. -traditional-cpp   module_sm.G  > module_sm.H
sed -e "s/gridmu/grid%mu/g" -e "s/gridMu/grid%Mu/g" module_sm.H > module_sm.bb
/glade/work/rkumar/NASA_HMA/WRFchem_HMA/tools/standard.exe module_sm.bb | /lib/cpp -P -nostdinc -traditional-cpp > module_sm.f90
rm -f module_sm.G module_sm.H module_sm.bb
time mpif90 -f90=ifort -o module_sm.o -c -O3 -ip -fp-model precise -w -ftz -align all -fno-alias -FR -convert big_endian    -I../dyn_em -I../dyn_nmm   -I/glade/work/rkumar/NASA_HMA/WRFchem_HMA/external/esmf_time_f90  -I/glade/work/rkumar/NASA_HMA/WRFchem_HMA/main -I/glade/work/rkumar/NASA_HMA/WRFchem_HMA/external/io_netcdf -I/glade/work/rkumar/NASA_HMA/WRFchem_HMA/external/io_int -I/glade/work/rkumar/NASA_HMA/WRFchem_HMA/frame -I/glade/work/rkumar/NASA_HMA/WRFchem_HMA/share -I/glade/work/rkumar/NASA_HMA/WRFchem_HMA/phys -I/glade/work/rkumar/NASA_HMA/WRFchem_HMA/chem -I/glade/work/rkumar/NASA_HMA/WRFchem_HMA/inc -I/glade/u/apps/ch/opt/netcdf/4.8.1/intel/19.1.1//include  -real-size `expr 8 \* 4` -i4  module_sm.f90

real	0m0.591s
user	0m0.059s
sys	0m0.477s
rm -f wrf_debug.o
sed -e "s/grid%mu/gridmu/g" -e "s/grid%Mu/gridMu/g" -e "s/^\!.*'.*//" -e "s/^ *\!.*'.*//" wrf_debug.F > wrf_debug.G
REGISTRY WARNING: aerod(grid%sm31,grid%sm32,grid%sm33,itrace): aerod_b is not a variable or number; ignoring it
REGISTRY WARNING: aerod(grid%sm31,grid%sm32,grid%sm33,itrace): aerod_bt is not a variable or number; ignoring it
REGISTRY WARNING: om_tmp: om_tmp_b is not a variable or number; ignoring it
REGISTRY WARNING: om_tmp: om_tmp_bt is not a variable or number; ignoring it
REGISTRY WARNING: om_s: om_s_b is not a variable or number; ignoring it
REGISTRY WARNING: om_s: om_s_bt is not a variable or number; ignoring it
REGISTRY WARNING: om_u: om_u_b is not a variable or number; ignoring it
REGISTRY WARNING: om_u: om_u_bt is not a variable or number; ignoring it
REGISTRY WARNING: om_v: om_v_b is not a variable or number; ignoring it
REGISTRY WARNING: om_v: om_v_bt is not a variable or number; ignoring it
REGISTRY WARNING: om_ml: om_ml_b is not a variable or number; ignoring it
REGISTRY WARNING: om_ml: om_ml_bt is not a variable or number; ignoring it
REGISTRY WARNING: field_sf: field_sf_b is not a variable or number; ignoring it
REGISTRY WARNING: field_sf: field_sf_bt is not a variable or number; ignoring it
/lib/cpp -P -nostdinc -I/glade/work/rkumar/NASA_HMA/WRFchem_HMA/inc -DEM_CORE=1 -DNMM_CORE=0 -DNMM_MAX_DIM=2600 -DCOAMPS_CORE=0 -DDA_CORE=0 -DEXP_CORE=0 -DIWORDSIZE=4 -DDWORDSIZE=8 -DRWORDSIZE=4 -DLWORDSIZE=4 -DNONSTANDARD_SYSTEM_FUNC  -DWRF_USE_CLM  -DSNICAR_FRC    -DDM_PARALLEL -DNETCDF -DUSE_ALLOCATABLES -DGRIB1 -DINTIO -DKEEP_INT_AROUND -DLIMIT_ARGS -DCONFIG_BUF_LEN=65536 -DMAX_DOMAINS_F=21 -DMAX_HISTORY=25 -DNMM_NEST=0 -DWRF_CHEM -DBUILD_CHEM=1 -DWRF_KPP -I. -traditional-cpp   wrf_debug.G  > wrf_debug.H
REGISTRY WARNING: field_pbl: field_pbl_b is not a variable or number; ignoring it
REGISTRY WARNING: field_pbl: field_pbl_bt is not a variable or number; ignoring it
REGISTRY WARNING: field_conv: field_conv_b is not a variable or number; ignoring it
REGISTRY WARNING: field_conv: field_conv_bt is not a variable or number; ignoring it
REGISTRY WARNING: ru_tendf_stoch: ru_tendf_stoch_b is not a variable or number; ignoring it
REGISTRY WARNING: ru_tendf_stoch: ru_tendf_stoch_bt is not a variable or number; ignoring it
REGISTRY WARNING: rv_tendf_stoch: rv_tendf_stoch_b is not a variable or number; ignoring it
REGISTRY WARNING: rv_tendf_stoch: rv_tendf_stoch_bt is not a variable or number; ignoring it
REGISTRY WARNING: rt_tendf_stoch: rt_tendf_stoch_b is not a variable or number; ignoring it
REGISTRY WARNING: rt_tendf_stoch: rt_tendf_stoch_bt is not a variable or number; ignoring it
REGISTRY WARNING: rand_pert: rand_pert_b is not a variable or number; ignoring it
REGISTRY WARNING: rand_pert: rand_pert_bt is not a variable or number; ignoring it
REGISTRY WARNING: pattern_spp_conv: pattern_spp_conv_b is not a variable or number; ignoring it
REGISTRY WARNING: pattern_spp_conv: pattern_spp_conv_bt is not a variable or number; ignoring it
REGISTRY WARNING: pattern_spp_pbl: pattern_spp_pbl_b is not a variable or number; ignoring it
REGISTRY WARNING: pattern_spp_pbl: pattern_spp_pbl_bt is not a variable or number; ignoring it
REGISTRY WARNING: pattern_spp_lsm: pattern_spp_lsm_b is not a variable or number; ignoring it
REGISTRY WARNING: pattern_spp_lsm: pattern_spp_lsm_bt is not a variable or number; ignoring it
REGISTRY WARNING: rstoch: rstoch_b is not a variable or number; ignoring it
REGISTRY WARNING: rstoch: rstoch_bt is not a variable or number; ignoring it
REGISTRY WARNING: field_u_tend_perturb: field_u_tend_perturb_b is not a variable or number; ignoring it
REGISTRY WARNING: field_u_tend_perturb: field_u_tend_perturb_bt is not a variable or number; ignoring it
REGISTRY WARNING: field_v_tend_perturb: field_v_tend_perturb_b is not a variable or number; ignoring it
REGISTRY WARNING: field_v_tend_perturb: field_v_tend_perturb_bt is not a variable or number; ignoring it
REGISTRY WARNING: field_t_tend_perturb: field_t_tend_perturb_b is not a variable or number; ignoring it
REGISTRY WARNING: field_t_tend_perturb: field_t_tend_perturb_bt is not a variable or number; ignoring it
sed -e "s/gridmu/grid%mu/g" -e "s/gridMu/grid%Mu/g" wrf_debug.H > wrf_debug.bb
/glade/work/rkumar/NASA_HMA/WRFchem_HMA/tools/standard.exe wrf_debug.bb | /lib/cpp -P -nostdinc -traditional-cpp > wrf_debug.f90
ADVISORY: RSL_LITE version of gen_comms is linked in with registry program.
rm -f wrf_debug.G wrf_debug.H wrf_debug.bb
time mpif90 -f90=ifort -o wrf_debug.o -c -O3 -ip -fp-model precise -w -ftz -align all -fno-alias -FR -convert big_endian    -I../dyn_em -I../dyn_nmm   -I/glade/work/rkumar/NASA_HMA/WRFchem_HMA/external/esmf_time_f90  -I/glade/work/rkumar/NASA_HMA/WRFchem_HMA/main -I/glade/work/rkumar/NASA_HMA/WRFchem_HMA/external/io_netcdf -I/glade/work/rkumar/NASA_HMA/WRFchem_HMA/external/io_int -I/glade/work/rkumar/NASA_HMA/WRFchem_HMA/frame -I/glade/work/rkumar/NASA_HMA/WRFchem_HMA/share -I/glade/work/rkumar/NASA_HMA/WRFchem_HMA/phys -I/glade/work/rkumar/NASA_HMA/WRFchem_HMA/chem -I/glade/work/rkumar/NASA_HMA/WRFchem_HMA/inc -I/glade/u/apps/ch/opt/netcdf/4.8.1/intel/19.1.1//include  -real-size `expr 8 \* 4` -i4  wrf_debug.f90

real	0m0.581s
user	0m0.084s
sys	0m0.445s
rm -f module_state_description.o
/lib/cpp -P -nostdinc -I/glade/work/rkumar/NASA_HMA/WRFchem_HMA/inc -DEM_CORE=1 -DNMM_CORE=0 -DNMM_MAX_DIM=2600 -DCOAMPS_CORE=0 -DDA_CORE=0 -DEXP_CORE=0 -DIWORDSIZE=4 -DDWORDSIZE=8 -DRWORDSIZE=4 -DLWORDSIZE=4 -DNONSTANDARD_SYSTEM_FUNC  -DWRF_USE_CLM  -DSNICAR_FRC    -DDM_PARALLEL -DNETCDF -DUSE_ALLOCATABLES -DGRIB1 -DINTIO -DKEEP_INT_AROUND -DLIMIT_ARGS -DCONFIG_BUF_LEN=65536 -DMAX_DOMAINS_F=21 -DMAX_HISTORY=25 -DNMM_NEST=0 -DWRF_CHEM -DBUILD_CHEM=1 -DWRF_KPP -I. -traditional-cpp   module_state_description.F  > module_state_description.bb
/glade/work/rkumar/NASA_HMA/WRFchem_HMA/tools/standard.exe module_state_description.bb | /lib/cpp -P -nostdinc -traditional-cpp > module_state_description.f90
rm -f module_state_description.b module_state_description.bb
time mpif90 -f90=ifort -c -real-size `expr 8 \* 4` -i4  -O0 -fno-inline -no-ip -ip -fp-model precise -w -ftz -align all -fno-alias -FR -convert big_endian   -I../dyn_em -I../dyn_nmm   -I/glade/work/rkumar/NASA_HMA/WRFchem_HMA/external/esmf_time_f90  -I/glade/work/rkumar/NASA_HMA/WRFchem_HMA/main -I/glade/work/rkumar/NASA_HMA/WRFchem_HMA/external/io_netcdf -I/glade/work/rkumar/NASA_HMA/WRFchem_HMA/external/io_int -I/glade/work/rkumar/NASA_HMA/WRFchem_HMA/frame -I/glade/work/rkumar/NASA_HMA/WRFchem_HMA/share -I/glade/work/rkumar/NASA_HMA/WRFchem_HMA/phys -I/glade/work/rkumar/NASA_HMA/WRFchem_HMA/chem -I/glade/work/rkumar/NASA_HMA/WRFchem_HMA/inc -I/glade/u/apps/ch/opt/netcdf/4.8.1/intel/19.1.1//include  module_state_description.f90

real	0m1.625s
user	0m1.078s
sys	0m0.485s
rm -f module_driver_constants.o
rm -f module_streams.o
sed -e "s/grid%mu/gridmu/g" -e "s/grid%Mu/gridMu/g" -e "s/^\!.*'.*//" -e "s/^ *\!.*'.*//" module_driver_constants.F > module_driver_constants.G
sed -e "s/grid%mu/gridmu/g" -e "s/grid%Mu/gridMu/g" -e "s/^\!.*'.*//" -e "s/^ *\!.*'.*//" module_streams.F > module_streams.G
/lib/cpp -P -nostdinc -I/glade/work/rkumar/NASA_HMA/WRFchem_HMA/inc -DEM_CORE=1 -DNMM_CORE=0 -DNMM_MAX_DIM=2600 -DCOAMPS_CORE=0 -DDA_CORE=0 -DEXP_CORE=0 -DIWORDSIZE=4 -DDWORDSIZE=8 -DRWORDSIZE=4 -DLWORDSIZE=4 -DNONSTANDARD_SYSTEM_FUNC  -DWRF_USE_CLM  -DSNICAR_FRC    -DDM_PARALLEL -DNETCDF -DUSE_ALLOCATABLES -DGRIB1 -DINTIO -DKEEP_INT_AROUND -DLIMIT_ARGS -DCONFIG_BUF_LEN=65536 -DMAX_DOMAINS_F=21 -DMAX_HISTORY=25 -DNMM_NEST=0 -DWRF_CHEM -DBUILD_CHEM=1 -DWRF_KPP -I. -traditional-cpp   module_streams.G  > module_streams.H
/lib/cpp -P -nostdinc -I/glade/work/rkumar/NASA_HMA/WRFchem_HMA/inc -DEM_CORE=1 -DNMM_CORE=0 -DNMM_MAX_DIM=2600 -DCOAMPS_CORE=0 -DDA_CORE=0 -DEXP_CORE=0 -DIWORDSIZE=4 -DDWORDSIZE=8 -DRWORDSIZE=4 -DLWORDSIZE=4 -DNONSTANDARD_SYSTEM_FUNC  -DWRF_USE_CLM  -DSNICAR_FRC    -DDM_PARALLEL -DNETCDF -DUSE_ALLOCATABLES -DGRIB1 -DINTIO -DKEEP_INT_AROUND -DLIMIT_ARGS -DCONFIG_BUF_LEN=65536 -DMAX_DOMAINS_F=21 -DMAX_HISTORY=25 -DNMM_NEST=0 -DWRF_CHEM -DBUILD_CHEM=1 -DWRF_KPP -I. -traditional-cpp   module_driver_constants.G  > module_driver_constants.H
sed -e "s/gridmu/grid%mu/g" -e "s/gridMu/grid%Mu/g" module_streams.H > module_streams.bb
sed -e "s/gridmu/grid%mu/g" -e "s/gridMu/grid%Mu/g" module_driver_constants.H > module_driver_constants.bb
/glade/work/rkumar/NASA_HMA/WRFchem_HMA/tools/standard.exe module_streams.bb | /lib/cpp -P -nostdinc -traditional-cpp > module_streams.f90
/glade/work/rkumar/NASA_HMA/WRFchem_HMA/tools/standard.exe module_driver_constants.bb | /lib/cpp -P -nostdinc -traditional-cpp > module_driver_constants.f90
rm -f module_streams.G module_streams.H module_streams.bb
rm -f module_driver_constants.G module_driver_constants.H module_driver_constants.bb
time mpif90 -f90=ifort -o module_streams.o -c -O3 -ip -fp-model precise -w -ftz -align all -fno-alias -FR -convert big_endian    -I../dyn_em -I../dyn_nmm   -I/glade/work/rkumar/NASA_HMA/WRFchem_HMA/external/esmf_time_f90  -I/glade/work/rkumar/NASA_HMA/WRFchem_HMA/main -I/glade/work/rkumar/NASA_HMA/WRFchem_HMA/external/io_netcdf -I/glade/work/rkumar/NASA_HMA/WRFchem_HMA/external/io_int -I/glade/work/rkumar/NASA_HMA/WRFchem_HMA/frame -I/glade/work/rkumar/NASA_HMA/WRFchem_HMA/share -I/glade/work/rkumar/NASA_HMA/WRFchem_HMA/phys -I/glade/work/rkumar/NASA_HMA/WRFchem_HMA/chem -I/glade/work/rkumar/NASA_HMA/WRFchem_HMA/inc -I/glade/u/apps/ch/opt/netcdf/4.8.1/intel/19.1.1//include  -real-size `expr 8 \* 4` -i4  module_streams.f90
time mpif90 -f90=ifort -o module_driver_constants.o -c -O3 -ip -fp-model precise -w -ftz -align all -fno-alias -FR -convert big_endian    -I../dyn_em -I../dyn_nmm   -I/glade/work/rkumar/NASA_HMA/WRFchem_HMA/external/esmf_time_f90  -I/glade/work/rkumar/NASA_HMA/WRFchem_HMA/main -I/glade/work/rkumar/NASA_HMA/WRFchem_HMA/external/io_netcdf -I/glade/work/rkumar/NASA_HMA/WRFchem_HMA/external/io_int -I/glade/work/rkumar/NASA_HMA/WRFchem_HMA/frame -I/glade/work/rkumar/NASA_HMA/WRFchem_HMA/share -I/glade/work/rkumar/NASA_HMA/WRFchem_HMA/phys -I/glade/work/rkumar/NASA_HMA/WRFchem_HMA/chem -I/glade/work/rkumar/NASA_HMA/WRFchem_HMA/inc -I/glade/u/apps/ch/opt/netcdf/4.8.1/intel/19.1.1//include  -real-size `expr 8 \* 4` -i4  module_driver_constants.f90

real	0m0.692s
user	0m0.045s
sys	0m0.595s
rm -f module_timing.o

real	0m0.690s
user	0m0.071s
sys	0m0.561s
rm -f module_domain_type.o
sed -e "s/grid%mu/gridmu/g" -e "s/grid%Mu/gridMu/g" -e "s/^\!.*'.*//" -e "s/^ *\!.*'.*//" module_timing.F > module_timing.G
/lib/cpp -P -nostdinc -I/glade/work/rkumar/NASA_HMA/WRFchem_HMA/inc -DEM_CORE=1 -DNMM_CORE=0 -DNMM_MAX_DIM=2600 -DCOAMPS_CORE=0 -DDA_CORE=0 -DEXP_CORE=0 -DIWORDSIZE=4 -DDWORDSIZE=8 -DRWORDSIZE=4 -DLWORDSIZE=4 -DNONSTANDARD_SYSTEM_FUNC  -DWRF_USE_CLM  -DSNICAR_FRC    -DDM_PARALLEL -DNETCDF -DUSE_ALLOCATABLES -DGRIB1 -DINTIO -DKEEP_INT_AROUND -DLIMIT_ARGS -DCONFIG_BUF_LEN=65536 -DMAX_DOMAINS_F=21 -DMAX_HISTORY=25 -DNMM_NEST=0 -DWRF_CHEM -DBUILD_CHEM=1 -DWRF_KPP -I. -traditional-cpp   module_domain_type.F  > module_domain_type.bb
/lib/cpp -P -nostdinc -I/glade/work/rkumar/NASA_HMA/WRFchem_HMA/inc -DEM_CORE=1 -DNMM_CORE=0 -DNMM_MAX_DIM=2600 -DCOAMPS_CORE=0 -DDA_CORE=0 -DEXP_CORE=0 -DIWORDSIZE=4 -DDWORDSIZE=8 -DRWORDSIZE=4 -DLWORDSIZE=4 -DNONSTANDARD_SYSTEM_FUNC  -DWRF_USE_CLM  -DSNICAR_FRC    -DDM_PARALLEL -DNETCDF -DUSE_ALLOCATABLES -DGRIB1 -DINTIO -DKEEP_INT_AROUND -DLIMIT_ARGS -DCONFIG_BUF_LEN=65536 -DMAX_DOMAINS_F=21 -DMAX_HISTORY=25 -DNMM_NEST=0 -DWRF_CHEM -DBUILD_CHEM=1 -DWRF_KPP -I. -traditional-cpp   module_timing.G  > module_timing.H
sed -e "s/gridmu/grid%mu/g" -e "s/gridMu/grid%Mu/g" module_timing.H > module_timing.bb
/glade/work/rkumar/NASA_HMA/WRFchem_HMA/tools/standard.exe module_domain_type.bb | /lib/cpp -P -nostdinc -traditional-cpp > module_domain_type.f90
/glade/work/rkumar/NASA_HMA/WRFchem_HMA/tools/standard.exe module_timing.bb | /lib/cpp -P -nostdinc -traditional-cpp > module_timing.f90
rm -f module_timing.G module_timing.H module_timing.bb
rm -f module_domain_type.b module_domain_type.bb
time mpif90 -f90=ifort -o module_timing.o -c -O3 -ip -fp-model precise -w -ftz -align all -fno-alias -FR -convert big_endian    -I../dyn_em -I../dyn_nmm   -I/glade/work/rkumar/NASA_HMA/WRFchem_HMA/external/esmf_time_f90  -I/glade/work/rkumar/NASA_HMA/WRFchem_HMA/main -I/glade/work/rkumar/NASA_HMA/WRFchem_HMA/external/io_netcdf -I/glade/work/rkumar/NASA_HMA/WRFchem_HMA/external/io_int -I/glade/work/rkumar/NASA_HMA/WRFchem_HMA/frame -I/glade/work/rkumar/NASA_HMA/WRFchem_HMA/share -I/glade/work/rkumar/NASA_HMA/WRFchem_HMA/phys -I/glade/work/rkumar/NASA_HMA/WRFchem_HMA/chem -I/glade/work/rkumar/NASA_HMA/WRFchem_HMA/inc -I/glade/u/apps/ch/opt/netcdf/4.8.1/intel/19.1.1//include  -real-size `expr 8 \* 4` -i4  module_timing.f90
time mpif90 -f90=ifort -c -real-size `expr 8 \* 4` -i4  -O0 -fno-inline -no-ip -ip -fp-model precise -w -ftz -align all -fno-alias -FR -convert big_endian   -I../dyn_em -I../dyn_nmm   -I/glade/work/rkumar/NASA_HMA/WRFchem_HMA/external/esmf_time_f90  -I/glade/work/rkumar/NASA_HMA/WRFchem_HMA/main -I/glade/work/rkumar/NASA_HMA/WRFchem_HMA/external/io_netcdf -I/glade/work/rkumar/NASA_HMA/WRFchem_HMA/external/io_int -I/glade/work/rkumar/NASA_HMA/WRFchem_HMA/frame -I/glade/work/rkumar/NASA_HMA/WRFchem_HMA/share -I/glade/work/rkumar/NASA_HMA/WRFchem_HMA/phys -I/glade/work/rkumar/NASA_HMA/WRFchem_HMA/chem -I/glade/work/rkumar/NASA_HMA/WRFchem_HMA/inc -I/glade/u/apps/ch/opt/netcdf/4.8.1/intel/19.1.1//include  module_domain_type.f90

real	0m0.700s
user	0m0.055s
sys	0m0.638s
rm -f module_machine.o
sed -e "s/grid%mu/gridmu/g" -e "s/grid%Mu/gridMu/g" -e "s/^\!.*'.*//" -e "s/^ *\!.*'.*//" module_machine.F > module_machine.G
/lib/cpp -P -nostdinc -I/glade/work/rkumar/NASA_HMA/WRFchem_HMA/inc -DEM_CORE=1 -DNMM_CORE=0 -DNMM_MAX_DIM=2600 -DCOAMPS_CORE=0 -DDA_CORE=0 -DEXP_CORE=0 -DIWORDSIZE=4 -DDWORDSIZE=8 -DRWORDSIZE=4 -DLWORDSIZE=4 -DNONSTANDARD_SYSTEM_FUNC  -DWRF_USE_CLM  -DSNICAR_FRC    -DDM_PARALLEL -DNETCDF -DUSE_ALLOCATABLES -DGRIB1 -DINTIO -DKEEP_INT_AROUND -DLIMIT_ARGS -DCONFIG_BUF_LEN=65536 -DMAX_DOMAINS_F=21 -DMAX_HISTORY=25 -DNMM_NEST=0 -DWRF_CHEM -DBUILD_CHEM=1 -DWRF_KPP -I. -traditional-cpp   module_machine.G  > module_machine.H
sed -e "s/gridmu/grid%mu/g" -e "s/gridMu/grid%Mu/g" module_machine.H > module_machine.bb
/glade/work/rkumar/NASA_HMA/WRFchem_HMA/tools/standard.exe module_machine.bb | /lib/cpp -P -nostdinc -traditional-cpp > module_machine.f90
rm -f module_machine.G module_machine.H module_machine.bb
time mpif90 -f90=ifort -o module_machine.o -c -O3 -ip -fp-model precise -w -ftz -align all -fno-alias -FR -convert big_endian    -I../dyn_em -I../dyn_nmm   -I/glade/work/rkumar/NASA_HMA/WRFchem_HMA/external/esmf_time_f90  -I/glade/work/rkumar/NASA_HMA/WRFchem_HMA/main -I/glade/work/rkumar/NASA_HMA/WRFchem_HMA/external/io_netcdf -I/glade/work/rkumar/NASA_HMA/WRFchem_HMA/external/io_int -I/glade/work/rkumar/NASA_HMA/WRFchem_HMA/frame -I/glade/work/rkumar/NASA_HMA/WRFchem_HMA/share -I/glade/work/rkumar/NASA_HMA/WRFchem_HMA/phys -I/glade/work/rkumar/NASA_HMA/WRFchem_HMA/chem -I/glade/work/rkumar/NASA_HMA/WRFchem_HMA/inc -I/glade/u/apps/ch/opt/netcdf/4.8.1/intel/19.1.1//include  -real-size `expr 8 \* 4` -i4  module_machine.f90

real	0m1.504s
user	0m0.866s
sys	0m0.624s
rm -f module_quilt_outbuf_ops.o
sed -e "s/grid%mu/gridmu/g" -e "s/grid%Mu/gridMu/g" -e "s/^\!.*'.*//" -e "s/^ *\!.*'.*//" module_quilt_outbuf_ops.F > module_quilt_outbuf_ops.G
/lib/cpp -P -nostdinc -I/glade/work/rkumar/NASA_HMA/WRFchem_HMA/inc -DEM_CORE=1 -DNMM_CORE=0 -DNMM_MAX_DIM=2600 -DCOAMPS_CORE=0 -DDA_CORE=0 -DEXP_CORE=0 -DIWORDSIZE=4 -DDWORDSIZE=8 -DRWORDSIZE=4 -DLWORDSIZE=4 -DNONSTANDARD_SYSTEM_FUNC  -DWRF_USE_CLM  -DSNICAR_FRC    -DDM_PARALLEL -DNETCDF -DUSE_ALLOCATABLES -DGRIB1 -DINTIO -DKEEP_INT_AROUND -DLIMIT_ARGS -DCONFIG_BUF_LEN=65536 -DMAX_DOMAINS_F=21 -DMAX_HISTORY=25 -DNMM_NEST=0 -DWRF_CHEM -DBUILD_CHEM=1 -DWRF_KPP -I. -traditional-cpp   module_quilt_outbuf_ops.G  > module_quilt_outbuf_ops.H

real	0m0.645s
user	0m0.103s
sys	0m0.496s
rm -f module_configure.o
/lib/cpp -P -nostdinc -I/glade/work/rkumar/NASA_HMA/WRFchem_HMA/inc -DEM_CORE=1 -DNMM_CORE=0 -DNMM_MAX_DIM=2600 -DCOAMPS_CORE=0 -DDA_CORE=0 -DEXP_CORE=0 -DIWORDSIZE=4 -DDWORDSIZE=8 -DRWORDSIZE=4 -DLWORDSIZE=4 -DNONSTANDARD_SYSTEM_FUNC  -DWRF_USE_CLM  -DSNICAR_FRC    -DDM_PARALLEL -DNETCDF -DUSE_ALLOCATABLES -DGRIB1 -DINTIO -DKEEP_INT_AROUND -DLIMIT_ARGS -DCONFIG_BUF_LEN=65536 -DMAX_DOMAINS_F=21 -DMAX_HISTORY=25 -DNMM_NEST=0 -DWRF_CHEM -DBUILD_CHEM=1 -DWRF_KPP -I. -traditional-cpp   module_configure.F  > module_configure.bb
sed -e "s/gridmu/grid%mu/g" -e "s/gridMu/grid%Mu/g" module_quilt_outbuf_ops.H > module_quilt_outbuf_ops.bb
/glade/work/rkumar/NASA_HMA/WRFchem_HMA/tools/standard.exe module_quilt_outbuf_ops.bb | /lib/cpp -P -nostdinc -traditional-cpp > module_quilt_outbuf_ops.f90
rm -f module_quilt_outbuf_ops.G module_quilt_outbuf_ops.H module_quilt_outbuf_ops.bb
time mpif90 -f90=ifort -o module_quilt_outbuf_ops.o -c -O3 -ip -fp-model precise -w -ftz -align all -fno-alias -FR -convert big_endian    -I../dyn_em -I../dyn_nmm   -I/glade/work/rkumar/NASA_HMA/WRFchem_HMA/external/esmf_time_f90  -I/glade/work/rkumar/NASA_HMA/WRFchem_HMA/main -I/glade/work/rkumar/NASA_HMA/WRFchem_HMA/external/io_netcdf -I/glade/work/rkumar/NASA_HMA/WRFchem_HMA/external/io_int -I/glade/work/rkumar/NASA_HMA/WRFchem_HMA/frame -I/glade/work/rkumar/NASA_HMA/WRFchem_HMA/share -I/glade/work/rkumar/NASA_HMA/WRFchem_HMA/phys -I/glade/work/rkumar/NASA_HMA/WRFchem_HMA/chem -I/glade/work/rkumar/NASA_HMA/WRFchem_HMA/inc -I/glade/u/apps/ch/opt/netcdf/4.8.1/intel/19.1.1//include  -real-size `expr 8 \* 4` -i4  module_quilt_outbuf_ops.f90
/glade/work/rkumar/NASA_HMA/WRFchem_HMA/tools/standard.exe module_configure.bb | /lib/cpp -P -nostdinc -traditional-cpp > module_configure.f90
rm -f module_configure.b module_configure.bb
time mpif90 -f90=ifort -c -real-size `expr 8 \* 4` -i4  -O0 -fno-inline -no-ip -ip -fp-model precise -w -ftz -align all -fno-alias -FR -convert big_endian   -I../dyn_em -I../dyn_nmm   -I/glade/work/rkumar/NASA_HMA/WRFchem_HMA/external/esmf_time_f90  -I/glade/work/rkumar/NASA_HMA/WRFchem_HMA/main -I/glade/work/rkumar/NASA_HMA/WRFchem_HMA/external/io_netcdf -I/glade/work/rkumar/NASA_HMA/WRFchem_HMA/external/io_int -I/glade/work/rkumar/NASA_HMA/WRFchem_HMA/frame -I/glade/work/rkumar/NASA_HMA/WRFchem_HMA/share -I/glade/work/rkumar/NASA_HMA/WRFchem_HMA/phys -I/glade/work/rkumar/NASA_HMA/WRFchem_HMA/chem -I/glade/work/rkumar/NASA_HMA/WRFchem_HMA/inc -I/glade/u/apps/ch/opt/netcdf/4.8.1/intel/19.1.1//include  module_configure.f90

real	0m1.766s
user	0m1.155s
sys	0m0.513s

real	1m9.298s
user	1m6.853s
sys	0m1.944s
rm -f module_alloc_space_0.o
rm -f module_alloc_space_1.o
/lib/cpp -P -nostdinc -I/glade/work/rkumar/NASA_HMA/WRFchem_HMA/inc -DEM_CORE=1 -DNMM_CORE=0 -DNMM_MAX_DIM=2600 -DCOAMPS_CORE=0 -DDA_CORE=0 -DEXP_CORE=0 -DIWORDSIZE=4 -DDWORDSIZE=8 -DRWORDSIZE=4 -DLWORDSIZE=4 -DNONSTANDARD_SYSTEM_FUNC  -DWRF_USE_CLM  -DSNICAR_FRC    -DDM_PARALLEL -DNETCDF -DUSE_ALLOCATABLES -DGRIB1 -DINTIO -DKEEP_INT_AROUND -DLIMIT_ARGS -DCONFIG_BUF_LEN=65536 -DMAX_DOMAINS_F=21 -DMAX_HISTORY=25 -DNMM_NEST=0 -DWRF_CHEM -DBUILD_CHEM=1 -DWRF_KPP -I. -traditional-cpp   module_alloc_space_1.F  > module_alloc_space_1.bb
/lib/cpp -P -nostdinc -I/glade/work/rkumar/NASA_HMA/WRFchem_HMA/inc -DEM_CORE=1 -DNMM_CORE=0 -DNMM_MAX_DIM=2600 -DCOAMPS_CORE=0 -DDA_CORE=0 -DEXP_CORE=0 -DIWORDSIZE=4 -DDWORDSIZE=8 -DRWORDSIZE=4 -DLWORDSIZE=4 -DNONSTANDARD_SYSTEM_FUNC  -DWRF_USE_CLM  -DSNICAR_FRC    -DDM_PARALLEL -DNETCDF -DUSE_ALLOCATABLES -DGRIB1 -DINTIO -DKEEP_INT_AROUND -DLIMIT_ARGS -DCONFIG_BUF_LEN=65536 -DMAX_DOMAINS_F=21 -DMAX_HISTORY=25 -DNMM_NEST=0 -DWRF_CHEM -DBUILD_CHEM=1 -DWRF_KPP -I. -traditional-cpp   module_alloc_space_0.F  > module_alloc_space_0.bb
/glade/work/rkumar/NASA_HMA/WRFchem_HMA/tools/standard.exe module_alloc_space_1.bb | /lib/cpp -P -nostdinc -traditional-cpp > module_alloc_space_1.f90
/glade/work/rkumar/NASA_HMA/WRFchem_HMA/tools/standard.exe module_alloc_space_0.bb | /lib/cpp -P -nostdinc -traditional-cpp > module_alloc_space_0.f90
rm -f module_alloc_space_1.b module_alloc_space_1.bb
time mpif90 -f90=ifort -c -real-size `expr 8 \* 4` -i4  -O0 -fno-inline -no-ip -ip -fp-model precise -w -ftz -align all -fno-alias -FR -convert big_endian   -I../dyn_em -I../dyn_nmm   -I/glade/work/rkumar/NASA_HMA/WRFchem_HMA/external/esmf_time_f90  -I/glade/work/rkumar/NASA_HMA/WRFchem_HMA/main -I/glade/work/rkumar/NASA_HMA/WRFchem_HMA/external/io_netcdf -I/glade/work/rkumar/NASA_HMA/WRFchem_HMA/external/io_int -I/glade/work/rkumar/NASA_HMA/WRFchem_HMA/frame -I/glade/work/rkumar/NASA_HMA/WRFchem_HMA/share -I/glade/work/rkumar/NASA_HMA/WRFchem_HMA/phys -I/glade/work/rkumar/NASA_HMA/WRFchem_HMA/chem -I/glade/work/rkumar/NASA_HMA/WRFchem_HMA/inc -I/glade/u/apps/ch/opt/netcdf/4.8.1/intel/19.1.1//include  module_alloc_space_1.f90
rm -f module_alloc_space_0.b module_alloc_space_0.bb
time mpif90 -f90=ifort -c -real-size `expr 8 \* 4` -i4  -O0 -fno-inline -no-ip -ip -fp-model precise -w -ftz -align all -fno-alias -FR -convert big_endian   -I../dyn_em -I../dyn_nmm   -I/glade/work/rkumar/NASA_HMA/WRFchem_HMA/external/esmf_time_f90  -I/glade/work/rkumar/NASA_HMA/WRFchem_HMA/main -I/glade/work/rkumar/NASA_HMA/WRFchem_HMA/external/io_netcdf -I/glade/work/rkumar/NASA_HMA/WRFchem_HMA/external/io_int -I/glade/work/rkumar/NASA_HMA/WRFchem_HMA/frame -I/glade/work/rkumar/NASA_HMA/WRFchem_HMA/share -I/glade/work/rkumar/NASA_HMA/WRFchem_HMA/phys -I/glade/work/rkumar/NASA_HMA/WRFchem_HMA/chem -I/glade/work/rkumar/NASA_HMA/WRFchem_HMA/inc -I/glade/u/apps/ch/opt/netcdf/4.8.1/intel/19.1.1//include  module_alloc_space_0.f90

real	0m56.135s
user	0m54.883s
sys	0m1.131s
rm -f module_alloc_space_2.o
/lib/cpp -P -nostdinc -I/glade/work/rkumar/NASA_HMA/WRFchem_HMA/inc -DEM_CORE=1 -DNMM_CORE=0 -DNMM_MAX_DIM=2600 -DCOAMPS_CORE=0 -DDA_CORE=0 -DEXP_CORE=0 -DIWORDSIZE=4 -DDWORDSIZE=8 -DRWORDSIZE=4 -DLWORDSIZE=4 -DNONSTANDARD_SYSTEM_FUNC  -DWRF_USE_CLM  -DSNICAR_FRC    -DDM_PARALLEL -DNETCDF -DUSE_ALLOCATABLES -DGRIB1 -DINTIO -DKEEP_INT_AROUND -DLIMIT_ARGS -DCONFIG_BUF_LEN=65536 -DMAX_DOMAINS_F=21 -DMAX_HISTORY=25 -DNMM_NEST=0 -DWRF_CHEM -DBUILD_CHEM=1 -DWRF_KPP -I. -traditional-cpp   module_alloc_space_2.F  > module_alloc_space_2.bb
/glade/work/rkumar/NASA_HMA/WRFchem_HMA/tools/standard.exe module_alloc_space_2.bb | /lib/cpp -P -nostdinc -traditional-cpp > module_alloc_space_2.f90
rm -f module_alloc_space_2.b module_alloc_space_2.bb
time mpif90 -f90=ifort -c -real-size `expr 8 \* 4` -i4  -O0 -fno-inline -no-ip -ip -fp-model precise -w -ftz -align all -fno-alias -FR -convert big_endian   -I../dyn_em -I../dyn_nmm   -I/glade/work/rkumar/NASA_HMA/WRFchem_HMA/external/esmf_time_f90  -I/glade/work/rkumar/NASA_HMA/WRFchem_HMA/main -I/glade/work/rkumar/NASA_HMA/WRFchem_HMA/external/io_netcdf -I/glade/work/rkumar/NASA_HMA/WRFchem_HMA/external/io_int -I/glade/work/rkumar/NASA_HMA/WRFchem_HMA/frame -I/glade/work/rkumar/NASA_HMA/WRFchem_HMA/share -I/glade/work/rkumar/NASA_HMA/WRFchem_HMA/phys -I/glade/work/rkumar/NASA_HMA/WRFchem_HMA/chem -I/glade/work/rkumar/NASA_HMA/WRFchem_HMA/inc -I/glade/u/apps/ch/opt/netcdf/4.8.1/intel/19.1.1//include  module_alloc_space_2.f90

real	0m57.786s
user	0m56.573s
sys	0m1.048s
rm -f module_alloc_space_3.o
/lib/cpp -P -nostdinc -I/glade/work/rkumar/NASA_HMA/WRFchem_HMA/inc -DEM_CORE=1 -DNMM_CORE=0 -DNMM_MAX_DIM=2600 -DCOAMPS_CORE=0 -DDA_CORE=0 -DEXP_CORE=0 -DIWORDSIZE=4 -DDWORDSIZE=8 -DRWORDSIZE=4 -DLWORDSIZE=4 -DNONSTANDARD_SYSTEM_FUNC  -DWRF_USE_CLM  -DSNICAR_FRC    -DDM_PARALLEL -DNETCDF -DUSE_ALLOCATABLES -DGRIB1 -DINTIO -DKEEP_INT_AROUND -DLIMIT_ARGS -DCONFIG_BUF_LEN=65536 -DMAX_DOMAINS_F=21 -DMAX_HISTORY=25 -DNMM_NEST=0 -DWRF_CHEM -DBUILD_CHEM=1 -DWRF_KPP -I. -traditional-cpp   module_alloc_space_3.F  > module_alloc_space_3.bb
/glade/work/rkumar/NASA_HMA/WRFchem_HMA/tools/standard.exe module_alloc_space_3.bb | /lib/cpp -P -nostdinc -traditional-cpp > module_alloc_space_3.f90
rm -f module_alloc_space_3.b module_alloc_space_3.bb
time mpif90 -f90=ifort -c -real-size `expr 8 \* 4` -i4  -O0 -fno-inline -no-ip -ip -fp-model precise -w -ftz -align all -fno-alias -FR -convert big_endian   -I../dyn_em -I../dyn_nmm   -I/glade/work/rkumar/NASA_HMA/WRFchem_HMA/external/esmf_time_f90  -I/glade/work/rkumar/NASA_HMA/WRFchem_HMA/main -I/glade/work/rkumar/NASA_HMA/WRFchem_HMA/external/io_netcdf -I/glade/work/rkumar/NASA_HMA/WRFchem_HMA/external/io_int -I/glade/work/rkumar/NASA_HMA/WRFchem_HMA/frame -I/glade/work/rkumar/NASA_HMA/WRFchem_HMA/share -I/glade/work/rkumar/NASA_HMA/WRFchem_HMA/phys -I/glade/work/rkumar/NASA_HMA/WRFchem_HMA/chem -I/glade/work/rkumar/NASA_HMA/WRFchem_HMA/inc -I/glade/u/apps/ch/opt/netcdf/4.8.1/intel/19.1.1//include  module_alloc_space_3.f90

real	0m6.013s
user	0m5.466s
sys	0m0.480s
rm -f module_alloc_space_4.o
/lib/cpp -P -nostdinc -I/glade/work/rkumar/NASA_HMA/WRFchem_HMA/inc -DEM_CORE=1 -DNMM_CORE=0 -DNMM_MAX_DIM=2600 -DCOAMPS_CORE=0 -DDA_CORE=0 -DEXP_CORE=0 -DIWORDSIZE=4 -DDWORDSIZE=8 -DRWORDSIZE=4 -DLWORDSIZE=4 -DNONSTANDARD_SYSTEM_FUNC  -DWRF_USE_CLM  -DSNICAR_FRC    -DDM_PARALLEL -DNETCDF -DUSE_ALLOCATABLES -DGRIB1 -DINTIO -DKEEP_INT_AROUND -DLIMIT_ARGS -DCONFIG_BUF_LEN=65536 -DMAX_DOMAINS_F=21 -DMAX_HISTORY=25 -DNMM_NEST=0 -DWRF_CHEM -DBUILD_CHEM=1 -DWRF_KPP -I. -traditional-cpp   module_alloc_space_4.F  > module_alloc_space_4.bb
/glade/work/rkumar/NASA_HMA/WRFchem_HMA/tools/standard.exe module_alloc_space_4.bb | /lib/cpp -P -nostdinc -traditional-cpp > module_alloc_space_4.f90
rm -f module_alloc_space_4.b module_alloc_space_4.bb
time mpif90 -f90=ifort -c -real-size `expr 8 \* 4` -i4  -O0 -fno-inline -no-ip -ip -fp-model precise -w -ftz -align all -fno-alias -FR -convert big_endian   -I../dyn_em -I../dyn_nmm   -I/glade/work/rkumar/NASA_HMA/WRFchem_HMA/external/esmf_time_f90  -I/glade/work/rkumar/NASA_HMA/WRFchem_HMA/main -I/glade/work/rkumar/NASA_HMA/WRFchem_HMA/external/io_netcdf -I/glade/work/rkumar/NASA_HMA/WRFchem_HMA/external/io_int -I/glade/work/rkumar/NASA_HMA/WRFchem_HMA/frame -I/glade/work/rkumar/NASA_HMA/WRFchem_HMA/share -I/glade/work/rkumar/NASA_HMA/WRFchem_HMA/phys -I/glade/work/rkumar/NASA_HMA/WRFchem_HMA/chem -I/glade/work/rkumar/NASA_HMA/WRFchem_HMA/inc -I/glade/u/apps/ch/opt/netcdf/4.8.1/intel/19.1.1//include  module_alloc_space_4.f90

real	0m8.562s
user	0m7.910s
sys	0m0.606s
rm -f module_alloc_space_5.o
/lib/cpp -P -nostdinc -I/glade/work/rkumar/NASA_HMA/WRFchem_HMA/inc -DEM_CORE=1 -DNMM_CORE=0 -DNMM_MAX_DIM=2600 -DCOAMPS_CORE=0 -DDA_CORE=0 -DEXP_CORE=0 -DIWORDSIZE=4 -DDWORDSIZE=8 -DRWORDSIZE=4 -DLWORDSIZE=4 -DNONSTANDARD_SYSTEM_FUNC  -DWRF_USE_CLM  -DSNICAR_FRC    -DDM_PARALLEL -DNETCDF -DUSE_ALLOCATABLES -DGRIB1 -DINTIO -DKEEP_INT_AROUND -DLIMIT_ARGS -DCONFIG_BUF_LEN=65536 -DMAX_DOMAINS_F=21 -DMAX_HISTORY=25 -DNMM_NEST=0 -DWRF_CHEM -DBUILD_CHEM=1 -DWRF_KPP -I. -traditional-cpp   module_alloc_space_5.F  > module_alloc_space_5.bb
/glade/work/rkumar/NASA_HMA/WRFchem_HMA/tools/standard.exe module_alloc_space_5.bb | /lib/cpp -P -nostdinc -traditional-cpp > module_alloc_space_5.f90
rm -f module_alloc_space_5.b module_alloc_space_5.bb
time mpif90 -f90=ifort -c -real-size `expr 8 \* 4` -i4  -O0 -fno-inline -no-ip -ip -fp-model precise -w -ftz -align all -fno-alias -FR -convert big_endian   -I../dyn_em -I../dyn_nmm   -I/glade/work/rkumar/NASA_HMA/WRFchem_HMA/external/esmf_time_f90  -I/glade/work/rkumar/NASA_HMA/WRFchem_HMA/main -I/glade/work/rkumar/NASA_HMA/WRFchem_HMA/external/io_netcdf -I/glade/work/rkumar/NASA_HMA/WRFchem_HMA/external/io_int -I/glade/work/rkumar/NASA_HMA/WRFchem_HMA/frame -I/glade/work/rkumar/NASA_HMA/WRFchem_HMA/share -I/glade/work/rkumar/NASA_HMA/WRFchem_HMA/phys -I/glade/work/rkumar/NASA_HMA/WRFchem_HMA/chem -I/glade/work/rkumar/NASA_HMA/WRFchem_HMA/inc -I/glade/u/apps/ch/opt/netcdf/4.8.1/intel/19.1.1//include  module_alloc_space_5.f90

real	0m12.978s
user	0m12.279s
sys	0m0.608s
rm -f module_alloc_space_6.o
/lib/cpp -P -nostdinc -I/glade/work/rkumar/NASA_HMA/WRFchem_HMA/inc -DEM_CORE=1 -DNMM_CORE=0 -DNMM_MAX_DIM=2600 -DCOAMPS_CORE=0 -DDA_CORE=0 -DEXP_CORE=0 -DIWORDSIZE=4 -DDWORDSIZE=8 -DRWORDSIZE=4 -DLWORDSIZE=4 -DNONSTANDARD_SYSTEM_FUNC  -DWRF_USE_CLM  -DSNICAR_FRC    -DDM_PARALLEL -DNETCDF -DUSE_ALLOCATABLES -DGRIB1 -DINTIO -DKEEP_INT_AROUND -DLIMIT_ARGS -DCONFIG_BUF_LEN=65536 -DMAX_DOMAINS_F=21 -DMAX_HISTORY=25 -DNMM_NEST=0 -DWRF_CHEM -DBUILD_CHEM=1 -DWRF_KPP -I. -traditional-cpp   module_alloc_space_6.F  > module_alloc_space_6.bb
/glade/work/rkumar/NASA_HMA/WRFchem_HMA/tools/standard.exe module_alloc_space_6.bb | /lib/cpp -P -nostdinc -traditional-cpp > module_alloc_space_6.f90
rm -f module_alloc_space_6.b module_alloc_space_6.bb
time mpif90 -f90=ifort -c -real-size `expr 8 \* 4` -i4  -O0 -fno-inline -no-ip -ip -fp-model precise -w -ftz -align all -fno-alias -FR -convert big_endian   -I../dyn_em -I../dyn_nmm   -I/glade/work/rkumar/NASA_HMA/WRFchem_HMA/external/esmf_time_f90  -I/glade/work/rkumar/NASA_HMA/WRFchem_HMA/main -I/glade/work/rkumar/NASA_HMA/WRFchem_HMA/external/io_netcdf -I/glade/work/rkumar/NASA_HMA/WRFchem_HMA/external/io_int -I/glade/work/rkumar/NASA_HMA/WRFchem_HMA/frame -I/glade/work/rkumar/NASA_HMA/WRFchem_HMA/share -I/glade/work/rkumar/NASA_HMA/WRFchem_HMA/phys -I/glade/work/rkumar/NASA_HMA/WRFchem_HMA/chem -I/glade/work/rkumar/NASA_HMA/WRFchem_HMA/inc -I/glade/u/apps/ch/opt/netcdf/4.8.1/intel/19.1.1//include  module_alloc_space_6.f90

real	0m35.528s
user	0m34.567s
sys	0m0.844s
rm -f module_alloc_space_7.o
/lib/cpp -P -nostdinc -I/glade/work/rkumar/NASA_HMA/WRFchem_HMA/inc -DEM_CORE=1 -DNMM_CORE=0 -DNMM_MAX_DIM=2600 -DCOAMPS_CORE=0 -DDA_CORE=0 -DEXP_CORE=0 -DIWORDSIZE=4 -DDWORDSIZE=8 -DRWORDSIZE=4 -DLWORDSIZE=4 -DNONSTANDARD_SYSTEM_FUNC  -DWRF_USE_CLM  -DSNICAR_FRC    -DDM_PARALLEL -DNETCDF -DUSE_ALLOCATABLES -DGRIB1 -DINTIO -DKEEP_INT_AROUND -DLIMIT_ARGS -DCONFIG_BUF_LEN=65536 -DMAX_DOMAINS_F=21 -DMAX_HISTORY=25 -DNMM_NEST=0 -DWRF_CHEM -DBUILD_CHEM=1 -DWRF_KPP -I. -traditional-cpp   module_alloc_space_7.F  > module_alloc_space_7.bb
/glade/work/rkumar/NASA_HMA/WRFchem_HMA/tools/standard.exe module_alloc_space_7.bb | /lib/cpp -P -nostdinc -traditional-cpp > module_alloc_space_7.f90
rm -f module_alloc_space_7.b module_alloc_space_7.bb
time mpif90 -f90=ifort -c -real-size `expr 8 \* 4` -i4  -O0 -fno-inline -no-ip -ip -fp-model precise -w -ftz -align all -fno-alias -FR -convert big_endian   -I../dyn_em -I../dyn_nmm   -I/glade/work/rkumar/NASA_HMA/WRFchem_HMA/external/esmf_time_f90  -I/glade/work/rkumar/NASA_HMA/WRFchem_HMA/main -I/glade/work/rkumar/NASA_HMA/WRFchem_HMA/external/io_netcdf -I/glade/work/rkumar/NASA_HMA/WRFchem_HMA/external/io_int -I/glade/work/rkumar/NASA_HMA/WRFchem_HMA/frame -I/glade/work/rkumar/NASA_HMA/WRFchem_HMA/share -I/glade/work/rkumar/NASA_HMA/WRFchem_HMA/phys -I/glade/work/rkumar/NASA_HMA/WRFchem_HMA/chem -I/glade/work/rkumar/NASA_HMA/WRFchem_HMA/inc -I/glade/u/apps/ch/opt/netcdf/4.8.1/intel/19.1.1//include  module_alloc_space_7.f90

real	1m3.577s
user	1m2.333s
sys	0m1.019s
rm -f module_alloc_space_8.o
/lib/cpp -P -nostdinc -I/glade/work/rkumar/NASA_HMA/WRFchem_HMA/inc -DEM_CORE=1 -DNMM_CORE=0 -DNMM_MAX_DIM=2600 -DCOAMPS_CORE=0 -DDA_CORE=0 -DEXP_CORE=0 -DIWORDSIZE=4 -DDWORDSIZE=8 -DRWORDSIZE=4 -DLWORDSIZE=4 -DNONSTANDARD_SYSTEM_FUNC  -DWRF_USE_CLM  -DSNICAR_FRC    -DDM_PARALLEL -DNETCDF -DUSE_ALLOCATABLES -DGRIB1 -DINTIO -DKEEP_INT_AROUND -DLIMIT_ARGS -DCONFIG_BUF_LEN=65536 -DMAX_DOMAINS_F=21 -DMAX_HISTORY=25 -DNMM_NEST=0 -DWRF_CHEM -DBUILD_CHEM=1 -DWRF_KPP -I. -traditional-cpp   module_alloc_space_8.F  > module_alloc_space_8.bb
/glade/work/rkumar/NASA_HMA/WRFchem_HMA/tools/standard.exe module_alloc_space_8.bb | /lib/cpp -P -nostdinc -traditional-cpp > module_alloc_space_8.f90
rm -f module_alloc_space_8.b module_alloc_space_8.bb
time mpif90 -f90=ifort -c -real-size `expr 8 \* 4` -i4  -O0 -fno-inline -no-ip -ip -fp-model precise -w -ftz -align all -fno-alias -FR -convert big_endian   -I../dyn_em -I../dyn_nmm   -I/glade/work/rkumar/NASA_HMA/WRFchem_HMA/external/esmf_time_f90  -I/glade/work/rkumar/NASA_HMA/WRFchem_HMA/main -I/glade/work/rkumar/NASA_HMA/WRFchem_HMA/external/io_netcdf -I/glade/work/rkumar/NASA_HMA/WRFchem_HMA/external/io_int -I/glade/work/rkumar/NASA_HMA/WRFchem_HMA/frame -I/glade/work/rkumar/NASA_HMA/WRFchem_HMA/share -I/glade/work/rkumar/NASA_HMA/WRFchem_HMA/phys -I/glade/work/rkumar/NASA_HMA/WRFchem_HMA/chem -I/glade/work/rkumar/NASA_HMA/WRFchem_HMA/inc -I/glade/u/apps/ch/opt/netcdf/4.8.1/intel/19.1.1//include  module_alloc_space_8.f90

real	0m1.170s
user	0m0.568s
sys	0m0.564s
rm -f module_alloc_space_9.o
/lib/cpp -P -nostdinc -I/glade/work/rkumar/NASA_HMA/WRFchem_HMA/inc -DEM_CORE=1 -DNMM_CORE=0 -DNMM_MAX_DIM=2600 -DCOAMPS_CORE=0 -DDA_CORE=0 -DEXP_CORE=0 -DIWORDSIZE=4 -DDWORDSIZE=8 -DRWORDSIZE=4 -DLWORDSIZE=4 -DNONSTANDARD_SYSTEM_FUNC  -DWRF_USE_CLM  -DSNICAR_FRC    -DDM_PARALLEL -DNETCDF -DUSE_ALLOCATABLES -DGRIB1 -DINTIO -DKEEP_INT_AROUND -DLIMIT_ARGS -DCONFIG_BUF_LEN=65536 -DMAX_DOMAINS_F=21 -DMAX_HISTORY=25 -DNMM_NEST=0 -DWRF_CHEM -DBUILD_CHEM=1 -DWRF_KPP -I. -traditional-cpp   module_alloc_space_9.F  > module_alloc_space_9.bb
/glade/work/rkumar/NASA_HMA/WRFchem_HMA/tools/standard.exe module_alloc_space_9.bb | /lib/cpp -P -nostdinc -traditional-cpp > module_alloc_space_9.f90
rm -f module_alloc_space_9.b module_alloc_space_9.bb
time mpif90 -f90=ifort -c -real-size `expr 8 \* 4` -i4  -O0 -fno-inline -no-ip -ip -fp-model precise -w -ftz -align all -fno-alias -FR -convert big_endian   -I../dyn_em -I../dyn_nmm   -I/glade/work/rkumar/NASA_HMA/WRFchem_HMA/external/esmf_time_f90  -I/glade/work/rkumar/NASA_HMA/WRFchem_HMA/main -I/glade/work/rkumar/NASA_HMA/WRFchem_HMA/external/io_netcdf -I/glade/work/rkumar/NASA_HMA/WRFchem_HMA/external/io_int -I/glade/work/rkumar/NASA_HMA/WRFchem_HMA/frame -I/glade/work/rkumar/NASA_HMA/WRFchem_HMA/share -I/glade/work/rkumar/NASA_HMA/WRFchem_HMA/phys -I/glade/work/rkumar/NASA_HMA/WRFchem_HMA/chem -I/glade/work/rkumar/NASA_HMA/WRFchem_HMA/inc -I/glade/u/apps/ch/opt/netcdf/4.8.1/intel/19.1.1//include  module_alloc_space_9.f90

real	0m1.077s
user	0m0.513s
sys	0m0.510s
/lib/cpp -P -nostdinc -DNNN=0 -I../inc -DNL_get_ROUTINES nl_access_routines.F > yy0.f90
time mpif90 -f90=ifort -o nl_get_0_routines.o -c -real-size `expr 8 \* 4` -i4 -O0 -fno-inline -no-ip -ip -fp-model precise -w -ftz -align all -fno-alias -FR -convert big_endian  -I../dyn_em -I../dyn_nmm   -I/glade/work/rkumar/NASA_HMA/WRFchem_HMA/external/esmf_time_f90  -I/glade/work/rkumar/NASA_HMA/WRFchem_HMA/main -I/glade/work/rkumar/NASA_HMA/WRFchem_HMA/external/io_netcdf -I/glade/work/rkumar/NASA_HMA/WRFchem_HMA/external/io_int -I/glade/work/rkumar/NASA_HMA/WRFchem_HMA/frame -I/glade/work/rkumar/NASA_HMA/WRFchem_HMA/share -I/glade/work/rkumar/NASA_HMA/WRFchem_HMA/phys -I/glade/work/rkumar/NASA_HMA/WRFchem_HMA/chem -I/glade/work/rkumar/NASA_HMA/WRFchem_HMA/inc -I/glade/u/apps/ch/opt/netcdf/4.8.1/intel/19.1.1//include   yy0.f90

real	0m9.213s
user	0m6.818s
sys	0m2.324s
rm -f yy0.f90
/lib/cpp -P -nostdinc -DNNN=1 -I../inc -DNL_get_ROUTINES nl_access_routines.F > yy1.f90
time mpif90 -f90=ifort -o nl_get_1_routines.o -c -real-size `expr 8 \* 4` -i4 -O0 -fno-inline -no-ip -ip -fp-model precise -w -ftz -align all -fno-alias -FR -convert big_endian  -I../dyn_em -I../dyn_nmm   -I/glade/work/rkumar/NASA_HMA/WRFchem_HMA/external/esmf_time_f90  -I/glade/work/rkumar/NASA_HMA/WRFchem_HMA/main -I/glade/work/rkumar/NASA_HMA/WRFchem_HMA/external/io_netcdf -I/glade/work/rkumar/NASA_HMA/WRFchem_HMA/external/io_int -I/glade/work/rkumar/NASA_HMA/WRFchem_HMA/frame -I/glade/work/rkumar/NASA_HMA/WRFchem_HMA/share -I/glade/work/rkumar/NASA_HMA/WRFchem_HMA/phys -I/glade/work/rkumar/NASA_HMA/WRFchem_HMA/chem -I/glade/work/rkumar/NASA_HMA/WRFchem_HMA/inc -I/glade/u/apps/ch/opt/netcdf/4.8.1/intel/19.1.1//include   yy1.f90

real	0m8.544s
user	0m6.137s
sys	0m2.328s
rm -f yy1.f90
/lib/cpp -P -nostdinc -DNNN=2 -I../inc -DNL_get_ROUTINES nl_access_routines.F > yy2.f90
time mpif90 -f90=ifort -o nl_get_2_routines.o -c -real-size `expr 8 \* 4` -i4 -O0 -fno-inline -no-ip -ip -fp-model precise -w -ftz -align all -fno-alias -FR -convert big_endian  -I../dyn_em -I../dyn_nmm   -I/glade/work/rkumar/NASA_HMA/WRFchem_HMA/external/esmf_time_f90  -I/glade/work/rkumar/NASA_HMA/WRFchem_HMA/main -I/glade/work/rkumar/NASA_HMA/WRFchem_HMA/external/io_netcdf -I/glade/work/rkumar/NASA_HMA/WRFchem_HMA/external/io_int -I/glade/work/rkumar/NASA_HMA/WRFchem_HMA/frame -I/glade/work/rkumar/NASA_HMA/WRFchem_HMA/share -I/glade/work/rkumar/NASA_HMA/WRFchem_HMA/phys -I/glade/work/rkumar/NASA_HMA/WRFchem_HMA/chem -I/glade/work/rkumar/NASA_HMA/WRFchem_HMA/inc -I/glade/u/apps/ch/opt/netcdf/4.8.1/intel/19.1.1//include   yy2.f90

real	0m9.219s
user	0m6.618s
sys	0m2.587s
rm -f yy2.f90
/lib/cpp -P -nostdinc -DNNN=3 -I../inc -DNL_get_ROUTINES nl_access_routines.F > yy3.f90
time mpif90 -f90=ifort -o nl_get_3_routines.o -c -real-size `expr 8 \* 4` -i4 -O0 -fno-inline -no-ip -ip -fp-model precise -w -ftz -align all -fno-alias -FR -convert big_endian  -I../dyn_em -I../dyn_nmm   -I/glade/work/rkumar/NASA_HMA/WRFchem_HMA/external/esmf_time_f90  -I/glade/work/rkumar/NASA_HMA/WRFchem_HMA/main -I/glade/work/rkumar/NASA_HMA/WRFchem_HMA/external/io_netcdf -I/glade/work/rkumar/NASA_HMA/WRFchem_HMA/external/io_int -I/glade/work/rkumar/NASA_HMA/WRFchem_HMA/frame -I/glade/work/rkumar/NASA_HMA/WRFchem_HMA/share -I/glade/work/rkumar/NASA_HMA/WRFchem_HMA/phys -I/glade/work/rkumar/NASA_HMA/WRFchem_HMA/chem -I/glade/work/rkumar/NASA_HMA/WRFchem_HMA/inc -I/glade/u/apps/ch/opt/netcdf/4.8.1/intel/19.1.1//include   yy3.f90

real	0m8.966s
user	0m6.536s
sys	0m2.343s
rm -f yy3.f90
/lib/cpp -P -nostdinc -DNNN=4 -I../inc -DNL_get_ROUTINES nl_access_routines.F > yy4.f90
time mpif90 -f90=ifort -o nl_get_4_routines.o -c -real-size `expr 8 \* 4` -i4 -O0 -fno-inline -no-ip -ip -fp-model precise -w -ftz -align all -fno-alias -FR -convert big_endian  -I../dyn_em -I../dyn_nmm   -I/glade/work/rkumar/NASA_HMA/WRFchem_HMA/external/esmf_time_f90  -I/glade/work/rkumar/NASA_HMA/WRFchem_HMA/main -I/glade/work/rkumar/NASA_HMA/WRFchem_HMA/external/io_netcdf -I/glade/work/rkumar/NASA_HMA/WRFchem_HMA/external/io_int -I/glade/work/rkumar/NASA_HMA/WRFchem_HMA/frame -I/glade/work/rkumar/NASA_HMA/WRFchem_HMA/share -I/glade/work/rkumar/NASA_HMA/WRFchem_HMA/phys -I/glade/work/rkumar/NASA_HMA/WRFchem_HMA/chem -I/glade/work/rkumar/NASA_HMA/WRFchem_HMA/inc -I/glade/u/apps/ch/opt/netcdf/4.8.1/intel/19.1.1//include   yy4.f90

real	0m58.167s
user	0m56.853s
sys	0m1.181s
/lib/cpp -P -nostdinc -DNNN=5 -I../inc -DNL_get_ROUTINES nl_access_routines.F > yy5.f90
time mpif90 -f90=ifort -o nl_get_5_routines.o -c -real-size `expr 8 \* 4` -i4 -O0 -fno-inline -no-ip -ip -fp-model precise -w -ftz -align all -fno-alias -FR -convert big_endian  -I../dyn_em -I../dyn_nmm   -I/glade/work/rkumar/NASA_HMA/WRFchem_HMA/external/esmf_time_f90  -I/glade/work/rkumar/NASA_HMA/WRFchem_HMA/main -I/glade/work/rkumar/NASA_HMA/WRFchem_HMA/external/io_netcdf -I/glade/work/rkumar/NASA_HMA/WRFchem_HMA/external/io_int -I/glade/work/rkumar/NASA_HMA/WRFchem_HMA/frame -I/glade/work/rkumar/NASA_HMA/WRFchem_HMA/share -I/glade/work/rkumar/NASA_HMA/WRFchem_HMA/phys -I/glade/work/rkumar/NASA_HMA/WRFchem_HMA/chem -I/glade/work/rkumar/NASA_HMA/WRFchem_HMA/inc -I/glade/u/apps/ch/opt/netcdf/4.8.1/intel/19.1.1//include   yy5.f90

real	0m9.050s
user	0m6.711s
sys	0m2.258s
rm -f yy4.f90
/lib/cpp -P -nostdinc -DNNN=6 -I../inc -DNL_get_ROUTINES nl_access_routines.F > yy6.f90
time mpif90 -f90=ifort -o nl_get_6_routines.o -c -real-size `expr 8 \* 4` -i4 -O0 -fno-inline -no-ip -ip -fp-model precise -w -ftz -align all -fno-alias -FR -convert big_endian  -I../dyn_em -I../dyn_nmm   -I/glade/work/rkumar/NASA_HMA/WRFchem_HMA/external/esmf_time_f90  -I/glade/work/rkumar/NASA_HMA/WRFchem_HMA/main -I/glade/work/rkumar/NASA_HMA/WRFchem_HMA/external/io_netcdf -I/glade/work/rkumar/NASA_HMA/WRFchem_HMA/external/io_int -I/glade/work/rkumar/NASA_HMA/WRFchem_HMA/frame -I/glade/work/rkumar/NASA_HMA/WRFchem_HMA/share -I/glade/work/rkumar/NASA_HMA/WRFchem_HMA/phys -I/glade/work/rkumar/NASA_HMA/WRFchem_HMA/chem -I/glade/work/rkumar/NASA_HMA/WRFchem_HMA/inc -I/glade/u/apps/ch/opt/netcdf/4.8.1/intel/19.1.1//include   yy6.f90

real	0m9.648s
user	0m7.179s
sys	0m2.406s
rm -f yy5.f90
/lib/cpp -P -nostdinc -DNNN=7 -I../inc -DNL_get_ROUTINES nl_access_routines.F > yy7.f90
time mpif90 -f90=ifort -o nl_get_7_routines.o -c -real-size `expr 8 \* 4` -i4 -O0 -fno-inline -no-ip -ip -fp-model precise -w -ftz -align all -fno-alias -FR -convert big_endian  -I../dyn_em -I../dyn_nmm   -I/glade/work/rkumar/NASA_HMA/WRFchem_HMA/external/esmf_time_f90  -I/glade/work/rkumar/NASA_HMA/WRFchem_HMA/main -I/glade/work/rkumar/NASA_HMA/WRFchem_HMA/external/io_netcdf -I/glade/work/rkumar/NASA_HMA/WRFchem_HMA/external/io_int -I/glade/work/rkumar/NASA_HMA/WRFchem_HMA/frame -I/glade/work/rkumar/NASA_HMA/WRFchem_HMA/share -I/glade/work/rkumar/NASA_HMA/WRFchem_HMA/phys -I/glade/work/rkumar/NASA_HMA/WRFchem_HMA/chem -I/glade/work/rkumar/NASA_HMA/WRFchem_HMA/inc -I/glade/u/apps/ch/opt/netcdf/4.8.1/intel/19.1.1//include   yy7.f90

real	0m9.093s
user	0m6.657s
sys	0m2.347s
rm -f yy6.f90
/lib/cpp -P -nostdinc -DNNN=0 -I../inc -DNL_set_ROUTINES nl_access_routines.F > xx0.f90
time mpif90 -f90=ifort -o nl_set_0_routines.o -c -real-size `expr 8 \* 4` -i4 -O0 -fno-inline -no-ip -ip -fp-model precise -w -ftz -align all -fno-alias -FR -convert big_endian  -I../dyn_em -I../dyn_nmm   -I/glade/work/rkumar/NASA_HMA/WRFchem_HMA/external/esmf_time_f90  -I/glade/work/rkumar/NASA_HMA/WRFchem_HMA/main -I/glade/work/rkumar/NASA_HMA/WRFchem_HMA/external/io_netcdf -I/glade/work/rkumar/NASA_HMA/WRFchem_HMA/external/io_int -I/glade/work/rkumar/NASA_HMA/WRFchem_HMA/frame -I/glade/work/rkumar/NASA_HMA/WRFchem_HMA/share -I/glade/work/rkumar/NASA_HMA/WRFchem_HMA/phys -I/glade/work/rkumar/NASA_HMA/WRFchem_HMA/chem -I/glade/work/rkumar/NASA_HMA/WRFchem_HMA/inc -I/glade/u/apps/ch/opt/netcdf/4.8.1/intel/19.1.1//include   xx0.f90

real	0m9.014s
user	0m6.569s
sys	0m2.376s
rm -f yy7.f90
/lib/cpp -P -nostdinc -DNNN=1 -I../inc -DNL_set_ROUTINES nl_access_routines.F > xx1.f90
time mpif90 -f90=ifort -o nl_set_1_routines.o -c -real-size `expr 8 \* 4` -i4 -O0 -fno-inline -no-ip -ip -fp-model precise -w -ftz -align all -fno-alias -FR -convert big_endian  -I../dyn_em -I../dyn_nmm   -I/glade/work/rkumar/NASA_HMA/WRFchem_HMA/external/esmf_time_f90  -I/glade/work/rkumar/NASA_HMA/WRFchem_HMA/main -I/glade/work/rkumar/NASA_HMA/WRFchem_HMA/external/io_netcdf -I/glade/work/rkumar/NASA_HMA/WRFchem_HMA/external/io_int -I/glade/work/rkumar/NASA_HMA/WRFchem_HMA/frame -I/glade/work/rkumar/NASA_HMA/WRFchem_HMA/share -I/glade/work/rkumar/NASA_HMA/WRFchem_HMA/phys -I/glade/work/rkumar/NASA_HMA/WRFchem_HMA/chem -I/glade/work/rkumar/NASA_HMA/WRFchem_HMA/inc -I/glade/u/apps/ch/opt/netcdf/4.8.1/intel/19.1.1//include   xx1.f90

real	0m9.338s
user	0m6.873s
sys	0m2.354s
rm -f xx0.f90
/lib/cpp -P -nostdinc -DNNN=2 -I../inc -DNL_set_ROUTINES nl_access_routines.F > xx2.f90
time mpif90 -f90=ifort -o nl_set_2_routines.o -c -real-size `expr 8 \* 4` -i4 -O0 -fno-inline -no-ip -ip -fp-model precise -w -ftz -align all -fno-alias -FR -convert big_endian  -I../dyn_em -I../dyn_nmm   -I/glade/work/rkumar/NASA_HMA/WRFchem_HMA/external/esmf_time_f90  -I/glade/work/rkumar/NASA_HMA/WRFchem_HMA/main -I/glade/work/rkumar/NASA_HMA/WRFchem_HMA/external/io_netcdf -I/glade/work/rkumar/NASA_HMA/WRFchem_HMA/external/io_int -I/glade/work/rkumar/NASA_HMA/WRFchem_HMA/frame -I/glade/work/rkumar/NASA_HMA/WRFchem_HMA/share -I/glade/work/rkumar/NASA_HMA/WRFchem_HMA/phys -I/glade/work/rkumar/NASA_HMA/WRFchem_HMA/chem -I/glade/work/rkumar/NASA_HMA/WRFchem_HMA/inc -I/glade/u/apps/ch/opt/netcdf/4.8.1/intel/19.1.1//include   xx2.f90

real	0m8.797s
user	0m6.385s
sys	0m2.326s
rm -f xx1.f90
/lib/cpp -P -nostdinc -DNNN=3 -I../inc -DNL_set_ROUTINES nl_access_routines.F > xx3.f90
time mpif90 -f90=ifort -o nl_set_3_routines.o -c -real-size `expr 8 \* 4` -i4 -O0 -fno-inline -no-ip -ip -fp-model precise -w -ftz -align all -fno-alias -FR -convert big_endian  -I../dyn_em -I../dyn_nmm   -I/glade/work/rkumar/NASA_HMA/WRFchem_HMA/external/esmf_time_f90  -I/glade/work/rkumar/NASA_HMA/WRFchem_HMA/main -I/glade/work/rkumar/NASA_HMA/WRFchem_HMA/external/io_netcdf -I/glade/work/rkumar/NASA_HMA/WRFchem_HMA/external/io_int -I/glade/work/rkumar/NASA_HMA/WRFchem_HMA/frame -I/glade/work/rkumar/NASA_HMA/WRFchem_HMA/share -I/glade/work/rkumar/NASA_HMA/WRFchem_HMA/phys -I/glade/work/rkumar/NASA_HMA/WRFchem_HMA/chem -I/glade/work/rkumar/NASA_HMA/WRFchem_HMA/inc -I/glade/u/apps/ch/opt/netcdf/4.8.1/intel/19.1.1//include   xx3.f90

real	0m8.880s
user	0m6.455s
sys	0m2.312s
rm -f xx2.f90
/lib/cpp -P -nostdinc -DNNN=4 -I../inc -DNL_set_ROUTINES nl_access_routines.F > xx4.f90
time mpif90 -f90=ifort -o nl_set_4_routines.o -c -real-size `expr 8 \* 4` -i4 -O0 -fno-inline -no-ip -ip -fp-model precise -w -ftz -align all -fno-alias -FR -convert big_endian  -I../dyn_em -I../dyn_nmm   -I/glade/work/rkumar/NASA_HMA/WRFchem_HMA/external/esmf_time_f90  -I/glade/work/rkumar/NASA_HMA/WRFchem_HMA/main -I/glade/work/rkumar/NASA_HMA/WRFchem_HMA/external/io_netcdf -I/glade/work/rkumar/NASA_HMA/WRFchem_HMA/external/io_int -I/glade/work/rkumar/NASA_HMA/WRFchem_HMA/frame -I/glade/work/rkumar/NASA_HMA/WRFchem_HMA/share -I/glade/work/rkumar/NASA_HMA/WRFchem_HMA/phys -I/glade/work/rkumar/NASA_HMA/WRFchem_HMA/chem -I/glade/work/rkumar/NASA_HMA/WRFchem_HMA/inc -I/glade/u/apps/ch/opt/netcdf/4.8.1/intel/19.1.1//include   xx4.f90

real	0m9.291s
user	0m6.938s
sys	0m2.254s
rm -f xx3.f90
/lib/cpp -P -nostdinc -DNNN=5 -I../inc -DNL_set_ROUTINES nl_access_routines.F > xx5.f90
time mpif90 -f90=ifort -o nl_set_5_routines.o -c -real-size `expr 8 \* 4` -i4 -O0 -fno-inline -no-ip -ip -fp-model precise -w -ftz -align all -fno-alias -FR -convert big_endian  -I../dyn_em -I../dyn_nmm   -I/glade/work/rkumar/NASA_HMA/WRFchem_HMA/external/esmf_time_f90  -I/glade/work/rkumar/NASA_HMA/WRFchem_HMA/main -I/glade/work/rkumar/NASA_HMA/WRFchem_HMA/external/io_netcdf -I/glade/work/rkumar/NASA_HMA/WRFchem_HMA/external/io_int -I/glade/work/rkumar/NASA_HMA/WRFchem_HMA/frame -I/glade/work/rkumar/NASA_HMA/WRFchem_HMA/share -I/glade/work/rkumar/NASA_HMA/WRFchem_HMA/phys -I/glade/work/rkumar/NASA_HMA/WRFchem_HMA/chem -I/glade/work/rkumar/NASA_HMA/WRFchem_HMA/inc -I/glade/u/apps/ch/opt/netcdf/4.8.1/intel/19.1.1//include   xx5.f90

real	0m9.048s
user	0m6.766s
sys	0m2.222s
rm -f xx4.f90
/lib/cpp -P -nostdinc -DNNN=6 -I../inc -DNL_set_ROUTINES nl_access_routines.F > xx6.f90
time mpif90 -f90=ifort -o nl_set_6_routines.o -c -real-size `expr 8 \* 4` -i4 -O0 -fno-inline -no-ip -ip -fp-model precise -w -ftz -align all -fno-alias -FR -convert big_endian  -I../dyn_em -I../dyn_nmm   -I/glade/work/rkumar/NASA_HMA/WRFchem_HMA/external/esmf_time_f90  -I/glade/work/rkumar/NASA_HMA/WRFchem_HMA/main -I/glade/work/rkumar/NASA_HMA/WRFchem_HMA/external/io_netcdf -I/glade/work/rkumar/NASA_HMA/WRFchem_HMA/external/io_int -I/glade/work/rkumar/NASA_HMA/WRFchem_HMA/frame -I/glade/work/rkumar/NASA_HMA/WRFchem_HMA/share -I/glade/work/rkumar/NASA_HMA/WRFchem_HMA/phys -I/glade/work/rkumar/NASA_HMA/WRFchem_HMA/chem -I/glade/work/rkumar/NASA_HMA/WRFchem_HMA/inc -I/glade/u/apps/ch/opt/netcdf/4.8.1/intel/19.1.1//include   xx6.f90

real	0m9.410s
user	0m6.867s
sys	0m2.449s
rm -f xx5.f90
/lib/cpp -P -nostdinc -DNNN=7 -I../inc -DNL_set_ROUTINES nl_access_routines.F > xx7.f90
time mpif90 -f90=ifort -o nl_set_7_routines.o -c -real-size `expr 8 \* 4` -i4 -O0 -fno-inline -no-ip -ip -fp-model precise -w -ftz -align all -fno-alias -FR -convert big_endian  -I../dyn_em -I../dyn_nmm   -I/glade/work/rkumar/NASA_HMA/WRFchem_HMA/external/esmf_time_f90  -I/glade/work/rkumar/NASA_HMA/WRFchem_HMA/main -I/glade/work/rkumar/NASA_HMA/WRFchem_HMA/external/io_netcdf -I/glade/work/rkumar/NASA_HMA/WRFchem_HMA/external/io_int -I/glade/work/rkumar/NASA_HMA/WRFchem_HMA/frame -I/glade/work/rkumar/NASA_HMA/WRFchem_HMA/share -I/glade/work/rkumar/NASA_HMA/WRFchem_HMA/phys -I/glade/work/rkumar/NASA_HMA/WRFchem_HMA/chem -I/glade/work/rkumar/NASA_HMA/WRFchem_HMA/inc -I/glade/u/apps/ch/opt/netcdf/4.8.1/intel/19.1.1//include   xx7.f90

real	0m9.169s
user	0m6.685s
sys	0m2.404s
rm -f xx6.f90
rm -f module_domain.o
/lib/cpp -P -nostdinc -I/glade/work/rkumar/NASA_HMA/WRFchem_HMA/inc -DEM_CORE=1 -DNMM_CORE=0 -DNMM_MAX_DIM=2600 -DCOAMPS_CORE=0 -DDA_CORE=0 -DEXP_CORE=0 -DIWORDSIZE=4 -DDWORDSIZE=8 -DRWORDSIZE=4 -DLWORDSIZE=4 -DNONSTANDARD_SYSTEM_FUNC  -DWRF_USE_CLM  -DSNICAR_FRC    -DDM_PARALLEL -DNETCDF -DUSE_ALLOCATABLES -DGRIB1 -DINTIO -DKEEP_INT_AROUND -DLIMIT_ARGS -DCONFIG_BUF_LEN=65536 -DMAX_DOMAINS_F=21 -DMAX_HISTORY=25 -DNMM_NEST=0 -DWRF_CHEM -DBUILD_CHEM=1 -DWRF_KPP -I. -traditional-cpp   module_domain.F  > module_domain.bb
/glade/work/rkumar/NASA_HMA/WRFchem_HMA/tools/standard.exe module_domain.bb | /lib/cpp -P -nostdinc -traditional-cpp > module_domain.f90
rm -f module_domain.b module_domain.bb
time mpif90 -f90=ifort -c -real-size `expr 8 \* 4` -i4  -O0 -fno-inline -no-ip -ip -fp-model precise -w -ftz -align all -fno-alias -FR -convert big_endian   -I../dyn_em -I../dyn_nmm   -I/glade/work/rkumar/NASA_HMA/WRFchem_HMA/external/esmf_time_f90  -I/glade/work/rkumar/NASA_HMA/WRFchem_HMA/main -I/glade/work/rkumar/NASA_HMA/WRFchem_HMA/external/io_netcdf -I/glade/work/rkumar/NASA_HMA/WRFchem_HMA/external/io_int -I/glade/work/rkumar/NASA_HMA/WRFchem_HMA/frame -I/glade/work/rkumar/NASA_HMA/WRFchem_HMA/share -I/glade/work/rkumar/NASA_HMA/WRFchem_HMA/phys -I/glade/work/rkumar/NASA_HMA/WRFchem_HMA/chem -I/glade/work/rkumar/NASA_HMA/WRFchem_HMA/inc -I/glade/u/apps/ch/opt/netcdf/4.8.1/intel/19.1.1//include  module_domain.f90

real	0m8.572s
user	0m6.184s
sys	0m2.270s
rm -f xx7.f90

real	0m21.500s
user	0m20.400s
sys	0m1.016s
rm -f module_nesting.o
rm -f module_cpl_oasis3.o
sed -e "s/grid%mu/gridmu/g" -e "s/grid%Mu/gridMu/g" -e "s/^\!.*'.*//" -e "s/^ *\!.*'.*//" module_nesting.F > module_nesting.G
sed -e "s/grid%mu/gridmu/g" -e "s/grid%Mu/gridMu/g" -e "s/^\!.*'.*//" -e "s/^ *\!.*'.*//" module_cpl_oasis3.F > module_cpl_oasis3.G
/lib/cpp -P -nostdinc -I/glade/work/rkumar/NASA_HMA/WRFchem_HMA/inc -DEM_CORE=1 -DNMM_CORE=0 -DNMM_MAX_DIM=2600 -DCOAMPS_CORE=0 -DDA_CORE=0 -DEXP_CORE=0 -DIWORDSIZE=4 -DDWORDSIZE=8 -DRWORDSIZE=4 -DLWORDSIZE=4 -DNONSTANDARD_SYSTEM_FUNC  -DWRF_USE_CLM  -DSNICAR_FRC    -DDM_PARALLEL -DNETCDF -DUSE_ALLOCATABLES -DGRIB1 -DINTIO -DKEEP_INT_AROUND -DLIMIT_ARGS -DCONFIG_BUF_LEN=65536 -DMAX_DOMAINS_F=21 -DMAX_HISTORY=25 -DNMM_NEST=0 -DWRF_CHEM -DBUILD_CHEM=1 -DWRF_KPP -I. -traditional-cpp   module_nesting.G  > module_nesting.H
/lib/cpp -P -nostdinc -I/glade/work/rkumar/NASA_HMA/WRFchem_HMA/inc -DEM_CORE=1 -DNMM_CORE=0 -DNMM_MAX_DIM=2600 -DCOAMPS_CORE=0 -DDA_CORE=0 -DEXP_CORE=0 -DIWORDSIZE=4 -DDWORDSIZE=8 -DRWORDSIZE=4 -DLWORDSIZE=4 -DNONSTANDARD_SYSTEM_FUNC  -DWRF_USE_CLM  -DSNICAR_FRC    -DDM_PARALLEL -DNETCDF -DUSE_ALLOCATABLES -DGRIB1 -DINTIO -DKEEP_INT_AROUND -DLIMIT_ARGS -DCONFIG_BUF_LEN=65536 -DMAX_DOMAINS_F=21 -DMAX_HISTORY=25 -DNMM_NEST=0 -DWRF_CHEM -DBUILD_CHEM=1 -DWRF_KPP -I. -traditional-cpp   module_cpl_oasis3.G  > module_cpl_oasis3.H
sed -e "s/gridmu/grid%mu/g" -e "s/gridMu/grid%Mu/g" module_nesting.H > module_nesting.bb
sed -e "s/gridmu/grid%mu/g" -e "s/gridMu/grid%Mu/g" module_cpl_oasis3.H > module_cpl_oasis3.bb
/glade/work/rkumar/NASA_HMA/WRFchem_HMA/tools/standard.exe module_nesting.bb | /lib/cpp -P -nostdinc -traditional-cpp > module_nesting.f90
/glade/work/rkumar/NASA_HMA/WRFchem_HMA/tools/standard.exe module_cpl_oasis3.bb | /lib/cpp -P -nostdinc -traditional-cpp > module_cpl_oasis3.f90
rm -f module_nesting.G module_nesting.H module_nesting.bb
rm -f module_cpl_oasis3.G module_cpl_oasis3.H module_cpl_oasis3.bb
time mpif90 -f90=ifort -o module_nesting.o -c -O3 -ip -fp-model precise -w -ftz -align all -fno-alias -FR -convert big_endian    -I../dyn_em -I../dyn_nmm   -I/glade/work/rkumar/NASA_HMA/WRFchem_HMA/external/esmf_time_f90  -I/glade/work/rkumar/NASA_HMA/WRFchem_HMA/main -I/glade/work/rkumar/NASA_HMA/WRFchem_HMA/external/io_netcdf -I/glade/work/rkumar/NASA_HMA/WRFchem_HMA/external/io_int -I/glade/work/rkumar/NASA_HMA/WRFchem_HMA/frame -I/glade/work/rkumar/NASA_HMA/WRFchem_HMA/share -I/glade/work/rkumar/NASA_HMA/WRFchem_HMA/phys -I/glade/work/rkumar/NASA_HMA/WRFchem_HMA/chem -I/glade/work/rkumar/NASA_HMA/WRFchem_HMA/inc -I/glade/u/apps/ch/opt/netcdf/4.8.1/intel/19.1.1//include  -real-size `expr 8 \* 4` -i4  module_nesting.f90
time mpif90 -f90=ifort -o module_cpl_oasis3.o -c -O3 -ip -fp-model precise -w -ftz -align all -fno-alias -FR -convert big_endian    -I../dyn_em -I../dyn_nmm   -I/glade/work/rkumar/NASA_HMA/WRFchem_HMA/external/esmf_time_f90  -I/glade/work/rkumar/NASA_HMA/WRFchem_HMA/main -I/glade/work/rkumar/NASA_HMA/WRFchem_HMA/external/io_netcdf -I/glade/work/rkumar/NASA_HMA/WRFchem_HMA/external/io_int -I/glade/work/rkumar/NASA_HMA/WRFchem_HMA/frame -I/glade/work/rkumar/NASA_HMA/WRFchem_HMA/share -I/glade/work/rkumar/NASA_HMA/WRFchem_HMA/phys -I/glade/work/rkumar/NASA_HMA/WRFchem_HMA/chem -I/glade/work/rkumar/NASA_HMA/WRFchem_HMA/inc -I/glade/u/apps/ch/opt/netcdf/4.8.1/intel/19.1.1//include  -real-size `expr 8 \* 4` -i4  module_cpl_oasis3.f90

real	0m1.467s
user	0m0.828s
sys	0m0.579s
rm -f module_comm_nesting_dm.o
/lib/cpp -P -nostdinc -I/glade/work/rkumar/NASA_HMA/WRFchem_HMA/inc -DEM_CORE=1 -DNMM_CORE=0 -DNMM_MAX_DIM=2600 -DCOAMPS_CORE=0 -DDA_CORE=0 -DEXP_CORE=0 -DIWORDSIZE=4 -DDWORDSIZE=8 -DRWORDSIZE=4 -DLWORDSIZE=4 -DNONSTANDARD_SYSTEM_FUNC  -DWRF_USE_CLM  -DSNICAR_FRC    -DDM_PARALLEL -DNETCDF -DUSE_ALLOCATABLES -DGRIB1 -DINTIO -DKEEP_INT_AROUND -DLIMIT_ARGS -DCONFIG_BUF_LEN=65536 -DMAX_DOMAINS_F=21 -DMAX_HISTORY=25 -DNMM_NEST=0 -DWRF_CHEM -DBUILD_CHEM=1 -DWRF_KPP -I. -traditional-cpp   module_comm_nesting_dm.F  > module_comm_nesting_dm.bb
/glade/work/rkumar/NASA_HMA/WRFchem_HMA/tools/standard.exe module_comm_nesting_dm.bb | /lib/cpp -P -nostdinc -traditional-cpp > module_comm_nesting_dm.f90

real	0m1.565s
user	0m0.924s
sys	0m0.579s
rm -f module_comm_dm_0.o
/lib/cpp -P -nostdinc -I/glade/work/rkumar/NASA_HMA/WRFchem_HMA/inc -DEM_CORE=1 -DNMM_CORE=0 -DNMM_MAX_DIM=2600 -DCOAMPS_CORE=0 -DDA_CORE=0 -DEXP_CORE=0 -DIWORDSIZE=4 -DDWORDSIZE=8 -DRWORDSIZE=4 -DLWORDSIZE=4 -DNONSTANDARD_SYSTEM_FUNC  -DWRF_USE_CLM  -DSNICAR_FRC    -DDM_PARALLEL -DNETCDF -DUSE_ALLOCATABLES -DGRIB1 -DINTIO -DKEEP_INT_AROUND -DLIMIT_ARGS -DCONFIG_BUF_LEN=65536 -DMAX_DOMAINS_F=21 -DMAX_HISTORY=25 -DNMM_NEST=0 -DWRF_CHEM -DBUILD_CHEM=1 -DWRF_KPP -I. -traditional-cpp   module_comm_dm_0.F  > module_comm_dm_0.bb
/glade/work/rkumar/NASA_HMA/WRFchem_HMA/tools/standard.exe module_comm_dm_0.bb | /lib/cpp -P -nostdinc -traditional-cpp > module_comm_dm_0.f90
rm -f module_comm_nesting_dm.b module_comm_nesting_dm.bb
time mpif90 -f90=ifort -c -real-size `expr 8 \* 4` -i4  -O0 -fno-inline -no-ip -ip -fp-model precise -w -ftz -align all -fno-alias -FR -convert big_endian   -I../dyn_em -I../dyn_nmm   -I/glade/work/rkumar/NASA_HMA/WRFchem_HMA/external/esmf_time_f90  -I/glade/work/rkumar/NASA_HMA/WRFchem_HMA/main -I/glade/work/rkumar/NASA_HMA/WRFchem_HMA/external/io_netcdf -I/glade/work/rkumar/NASA_HMA/WRFchem_HMA/external/io_int -I/glade/work/rkumar/NASA_HMA/WRFchem_HMA/frame -I/glade/work/rkumar/NASA_HMA/WRFchem_HMA/share -I/glade/work/rkumar/NASA_HMA/WRFchem_HMA/phys -I/glade/work/rkumar/NASA_HMA/WRFchem_HMA/chem -I/glade/work/rkumar/NASA_HMA/WRFchem_HMA/inc -I/glade/u/apps/ch/opt/netcdf/4.8.1/intel/19.1.1//include  module_comm_nesting_dm.f90
rm -f module_comm_dm_0.b module_comm_dm_0.bb
time mpif90 -f90=ifort -c -real-size `expr 8 \* 4` -i4  -O0 -fno-inline -no-ip -ip -fp-model precise -w -ftz -align all -fno-alias -FR -convert big_endian   -I../dyn_em -I../dyn_nmm   -I/glade/work/rkumar/NASA_HMA/WRFchem_HMA/external/esmf_time_f90  -I/glade/work/rkumar/NASA_HMA/WRFchem_HMA/main -I/glade/work/rkumar/NASA_HMA/WRFchem_HMA/external/io_netcdf -I/glade/work/rkumar/NASA_HMA/WRFchem_HMA/external/io_int -I/glade/work/rkumar/NASA_HMA/WRFchem_HMA/frame -I/glade/work/rkumar/NASA_HMA/WRFchem_HMA/share -I/glade/work/rkumar/NASA_HMA/WRFchem_HMA/phys -I/glade/work/rkumar/NASA_HMA/WRFchem_HMA/chem -I/glade/work/rkumar/NASA_HMA/WRFchem_HMA/inc -I/glade/u/apps/ch/opt/netcdf/4.8.1/intel/19.1.1//include  module_comm_dm_0.f90

real	0m13.599s
user	0m12.590s
sys	0m0.911s
rm -f module_comm_dm_1.o
/lib/cpp -P -nostdinc -I/glade/work/rkumar/NASA_HMA/WRFchem_HMA/inc -DEM_CORE=1 -DNMM_CORE=0 -DNMM_MAX_DIM=2600 -DCOAMPS_CORE=0 -DDA_CORE=0 -DEXP_CORE=0 -DIWORDSIZE=4 -DDWORDSIZE=8 -DRWORDSIZE=4 -DLWORDSIZE=4 -DNONSTANDARD_SYSTEM_FUNC  -DWRF_USE_CLM  -DSNICAR_FRC    -DDM_PARALLEL -DNETCDF -DUSE_ALLOCATABLES -DGRIB1 -DINTIO -DKEEP_INT_AROUND -DLIMIT_ARGS -DCONFIG_BUF_LEN=65536 -DMAX_DOMAINS_F=21 -DMAX_HISTORY=25 -DNMM_NEST=0 -DWRF_CHEM -DBUILD_CHEM=1 -DWRF_KPP -I. -traditional-cpp   module_comm_dm_1.F  > module_comm_dm_1.bb
/glade/work/rkumar/NASA_HMA/WRFchem_HMA/tools/standard.exe module_comm_dm_1.bb | /lib/cpp -P -nostdinc -traditional-cpp > module_comm_dm_1.f90
rm -f module_comm_dm_1.b module_comm_dm_1.bb
time mpif90 -f90=ifort -c -real-size `expr 8 \* 4` -i4  -O0 -fno-inline -no-ip -ip -fp-model precise -w -ftz -align all -fno-alias -FR -convert big_endian   -I../dyn_em -I../dyn_nmm   -I/glade/work/rkumar/NASA_HMA/WRFchem_HMA/external/esmf_time_f90  -I/glade/work/rkumar/NASA_HMA/WRFchem_HMA/main -I/glade/work/rkumar/NASA_HMA/WRFchem_HMA/external/io_netcdf -I/glade/work/rkumar/NASA_HMA/WRFchem_HMA/external/io_int -I/glade/work/rkumar/NASA_HMA/WRFchem_HMA/frame -I/glade/work/rkumar/NASA_HMA/WRFchem_HMA/share -I/glade/work/rkumar/NASA_HMA/WRFchem_HMA/phys -I/glade/work/rkumar/NASA_HMA/WRFchem_HMA/chem -I/glade/work/rkumar/NASA_HMA/WRFchem_HMA/inc -I/glade/u/apps/ch/opt/netcdf/4.8.1/intel/19.1.1//include  module_comm_dm_1.f90

real	1m28.293s
user	1m27.025s
sys	0m1.188s
rm -f module_comm_dm_2.o
/lib/cpp -P -nostdinc -I/glade/work/rkumar/NASA_HMA/WRFchem_HMA/inc -DEM_CORE=1 -DNMM_CORE=0 -DNMM_MAX_DIM=2600 -DCOAMPS_CORE=0 -DDA_CORE=0 -DEXP_CORE=0 -DIWORDSIZE=4 -DDWORDSIZE=8 -DRWORDSIZE=4 -DLWORDSIZE=4 -DNONSTANDARD_SYSTEM_FUNC  -DWRF_USE_CLM  -DSNICAR_FRC    -DDM_PARALLEL -DNETCDF -DUSE_ALLOCATABLES -DGRIB1 -DINTIO -DKEEP_INT_AROUND -DLIMIT_ARGS -DCONFIG_BUF_LEN=65536 -DMAX_DOMAINS_F=21 -DMAX_HISTORY=25 -DNMM_NEST=0 -DWRF_CHEM -DBUILD_CHEM=1 -DWRF_KPP -I. -traditional-cpp   module_comm_dm_2.F  > module_comm_dm_2.bb
/glade/work/rkumar/NASA_HMA/WRFchem_HMA/tools/standard.exe module_comm_dm_2.bb | /lib/cpp -P -nostdinc -traditional-cpp > module_comm_dm_2.f90
rm -f module_comm_dm_2.b module_comm_dm_2.bb
time mpif90 -f90=ifort -c -real-size `expr 8 \* 4` -i4  -O0 -fno-inline -no-ip -ip -fp-model precise -w -ftz -align all -fno-alias -FR -convert big_endian   -I../dyn_em -I../dyn_nmm   -I/glade/work/rkumar/NASA_HMA/WRFchem_HMA/external/esmf_time_f90  -I/glade/work/rkumar/NASA_HMA/WRFchem_HMA/main -I/glade/work/rkumar/NASA_HMA/WRFchem_HMA/external/io_netcdf -I/glade/work/rkumar/NASA_HMA/WRFchem_HMA/external/io_int -I/glade/work/rkumar/NASA_HMA/WRFchem_HMA/frame -I/glade/work/rkumar/NASA_HMA/WRFchem_HMA/share -I/glade/work/rkumar/NASA_HMA/WRFchem_HMA/phys -I/glade/work/rkumar/NASA_HMA/WRFchem_HMA/chem -I/glade/work/rkumar/NASA_HMA/WRFchem_HMA/inc -I/glade/u/apps/ch/opt/netcdf/4.8.1/intel/19.1.1//include  module_comm_dm_2.f90

real	1m17.443s
user	1m16.128s
sys	0m1.227s
rm -f module_comm_dm_3.o
/lib/cpp -P -nostdinc -I/glade/work/rkumar/NASA_HMA/WRFchem_HMA/inc -DEM_CORE=1 -DNMM_CORE=0 -DNMM_MAX_DIM=2600 -DCOAMPS_CORE=0 -DDA_CORE=0 -DEXP_CORE=0 -DIWORDSIZE=4 -DDWORDSIZE=8 -DRWORDSIZE=4 -DLWORDSIZE=4 -DNONSTANDARD_SYSTEM_FUNC  -DWRF_USE_CLM  -DSNICAR_FRC    -DDM_PARALLEL -DNETCDF -DUSE_ALLOCATABLES -DGRIB1 -DINTIO -DKEEP_INT_AROUND -DLIMIT_ARGS -DCONFIG_BUF_LEN=65536 -DMAX_DOMAINS_F=21 -DMAX_HISTORY=25 -DNMM_NEST=0 -DWRF_CHEM -DBUILD_CHEM=1 -DWRF_KPP -I. -traditional-cpp   module_comm_dm_3.F  > module_comm_dm_3.bb
/glade/work/rkumar/NASA_HMA/WRFchem_HMA/tools/standard.exe module_comm_dm_3.bb | /lib/cpp -P -nostdinc -traditional-cpp > module_comm_dm_3.f90
rm -f module_comm_dm_3.b module_comm_dm_3.bb
time mpif90 -f90=ifort -c -real-size `expr 8 \* 4` -i4  -O0 -fno-inline -no-ip -ip -fp-model precise -w -ftz -align all -fno-alias -FR -convert big_endian   -I../dyn_em -I../dyn_nmm   -I/glade/work/rkumar/NASA_HMA/WRFchem_HMA/external/esmf_time_f90  -I/glade/work/rkumar/NASA_HMA/WRFchem_HMA/main -I/glade/work/rkumar/NASA_HMA/WRFchem_HMA/external/io_netcdf -I/glade/work/rkumar/NASA_HMA/WRFchem_HMA/external/io_int -I/glade/work/rkumar/NASA_HMA/WRFchem_HMA/frame -I/glade/work/rkumar/NASA_HMA/WRFchem_HMA/share -I/glade/work/rkumar/NASA_HMA/WRFchem_HMA/phys -I/glade/work/rkumar/NASA_HMA/WRFchem_HMA/chem -I/glade/work/rkumar/NASA_HMA/WRFchem_HMA/inc -I/glade/u/apps/ch/opt/netcdf/4.8.1/intel/19.1.1//include  module_comm_dm_3.f90

real	1m2.249s
user	1m1.126s
sys	0m1.047s
rm -f module_comm_dm_4.o
sed -e "s/grid%mu/gridmu/g" -e "s/grid%Mu/gridMu/g" -e "s/^\!.*'.*//" -e "s/^ *\!.*'.*//" module_comm_dm_4.F > module_comm_dm_4.G
/lib/cpp -P -nostdinc -I/glade/work/rkumar/NASA_HMA/WRFchem_HMA/inc -DEM_CORE=1 -DNMM_CORE=0 -DNMM_MAX_DIM=2600 -DCOAMPS_CORE=0 -DDA_CORE=0 -DEXP_CORE=0 -DIWORDSIZE=4 -DDWORDSIZE=8 -DRWORDSIZE=4 -DLWORDSIZE=4 -DNONSTANDARD_SYSTEM_FUNC  -DWRF_USE_CLM  -DSNICAR_FRC    -DDM_PARALLEL -DNETCDF -DUSE_ALLOCATABLES -DGRIB1 -DINTIO -DKEEP_INT_AROUND -DLIMIT_ARGS -DCONFIG_BUF_LEN=65536 -DMAX_DOMAINS_F=21 -DMAX_HISTORY=25 -DNMM_NEST=0 -DWRF_CHEM -DBUILD_CHEM=1 -DWRF_KPP -I. -traditional-cpp   module_comm_dm_4.G  > module_comm_dm_4.H
sed -e "s/gridmu/grid%mu/g" -e "s/gridMu/grid%Mu/g" module_comm_dm_4.H > module_comm_dm_4.bb
/glade/work/rkumar/NASA_HMA/WRFchem_HMA/tools/standard.exe module_comm_dm_4.bb | /lib/cpp -P -nostdinc -traditional-cpp > module_comm_dm_4.f90
rm -f module_comm_dm_4.G module_comm_dm_4.H module_comm_dm_4.bb
time mpif90 -f90=ifort -o module_comm_dm_4.o -c -O3 -ip -fp-model precise -w -ftz -align all -fno-alias -FR -convert big_endian    -I../dyn_em -I../dyn_nmm   -I/glade/work/rkumar/NASA_HMA/WRFchem_HMA/external/esmf_time_f90  -I/glade/work/rkumar/NASA_HMA/WRFchem_HMA/main -I/glade/work/rkumar/NASA_HMA/WRFchem_HMA/external/io_netcdf -I/glade/work/rkumar/NASA_HMA/WRFchem_HMA/external/io_int -I/glade/work/rkumar/NASA_HMA/WRFchem_HMA/frame -I/glade/work/rkumar/NASA_HMA/WRFchem_HMA/share -I/glade/work/rkumar/NASA_HMA/WRFchem_HMA/phys -I/glade/work/rkumar/NASA_HMA/WRFchem_HMA/chem -I/glade/work/rkumar/NASA_HMA/WRFchem_HMA/inc -I/glade/u/apps/ch/opt/netcdf/4.8.1/intel/19.1.1//include  -real-size `expr 8 \* 4` -i4  module_comm_dm_4.f90

real	1m11.348s
user	1m10.162s
sys	0m1.094s
rm -f module_tiles.o
/glade/work/rkumar/NASA_HMA/WRFchem_HMA/tools/standard.exe module_tiles.F > module_tiles.b 
/lib/cpp -P -nostdinc -I/glade/work/rkumar/NASA_HMA/WRFchem_HMA/inc -DEM_CORE=1 -DNMM_CORE=0 -DNMM_MAX_DIM=2600 -DCOAMPS_CORE=0 -DDA_CORE=0 -DEXP_CORE=0 -DIWORDSIZE=4 -DDWORDSIZE=8 -DRWORDSIZE=4 -DLWORDSIZE=4 -DNONSTANDARD_SYSTEM_FUNC  -DWRF_USE_CLM  -DSNICAR_FRC    -DDM_PARALLEL -DNETCDF -DUSE_ALLOCATABLES -DGRIB1 -DINTIO -DKEEP_INT_AROUND -DLIMIT_ARGS -DCONFIG_BUF_LEN=65536 -DMAX_DOMAINS_F=21 -DMAX_HISTORY=25 -DNMM_NEST=0 -DWRF_CHEM -DBUILD_CHEM=1 -DWRF_KPP -I. -traditional-cpp   module_tiles.b  > module_tiles.f90
rm -f module_tiles.b
if fgrep -iq '!$OMP' module_tiles.f90 ; then \
          if [ -n "" ] ; then echo COMPILING module_tiles.F WITH OMP ; fi ; \
  time mpif90 -f90=ifort -c -real-size `expr 8 \* 4` -i4 -O0 -fno-inline -no-ip -ip -fp-model precise -w -ftz -align all -fno-alias -FR -convert big_endian   -I../dyn_em -I../dyn_nmm   -I/glade/work/rkumar/NASA_HMA/WRFchem_HMA/external/esmf_time_f90  -I/glade/work/rkumar/NASA_HMA/WRFchem_HMA/main -I/glade/work/rkumar/NASA_HMA/WRFchem_HMA/external/io_netcdf -I/glade/work/rkumar/NASA_HMA/WRFchem_HMA/external/io_int -I/glade/work/rkumar/NASA_HMA/WRFchem_HMA/frame -I/glade/work/rkumar/NASA_HMA/WRFchem_HMA/share -I/glade/work/rkumar/NASA_HMA/WRFchem_HMA/phys -I/glade/work/rkumar/NASA_HMA/WRFchem_HMA/chem -I/glade/work/rkumar/NASA_HMA/WRFchem_HMA/inc -I/glade/u/apps/ch/opt/netcdf/4.8.1/intel/19.1.1//include    module_tiles.f90 ; \
        else \
          if [ -n "" ] ; then echo COMPILING module_tiles.F WITHOUT OMP ; fi ; \
  time mpif90 -f90=ifort -c -real-size `expr 8 \* 4` -i4 -O0 -fno-inline -no-ip -ip -fp-model precise -w -ftz -align all -fno-alias -FR -convert big_endian   -I../dyn_em -I../dyn_nmm   -I/glade/work/rkumar/NASA_HMA/WRFchem_HMA/external/esmf_time_f90  -I/glade/work/rkumar/NASA_HMA/WRFchem_HMA/main -I/glade/work/rkumar/NASA_HMA/WRFchem_HMA/external/io_netcdf -I/glade/work/rkumar/NASA_HMA/WRFchem_HMA/external/io_int -I/glade/work/rkumar/NASA_HMA/WRFchem_HMA/frame -I/glade/work/rkumar/NASA_HMA/WRFchem_HMA/share -I/glade/work/rkumar/NASA_HMA/WRFchem_HMA/phys -I/glade/work/rkumar/NASA_HMA/WRFchem_HMA/chem -I/glade/work/rkumar/NASA_HMA/WRFchem_HMA/inc -I/glade/u/apps/ch/opt/netcdf/4.8.1/intel/19.1.1//include   module_tiles.f90 ; \
        fi

real	0m3.954s
user	0m3.316s
sys	0m0.576s
rm -f module_clear_halos.o
sed -e "s/grid%mu/gridmu/g" -e "s/grid%Mu/gridMu/g" -e "s/^\!.*'.*//" -e "s/^ *\!.*'.*//" module_clear_halos.F > module_clear_halos.G
/lib/cpp -P -nostdinc -I/glade/work/rkumar/NASA_HMA/WRFchem_HMA/inc -DEM_CORE=1 -DNMM_CORE=0 -DNMM_MAX_DIM=2600 -DCOAMPS_CORE=0 -DDA_CORE=0 -DEXP_CORE=0 -DIWORDSIZE=4 -DDWORDSIZE=8 -DRWORDSIZE=4 -DLWORDSIZE=4 -DNONSTANDARD_SYSTEM_FUNC  -DWRF_USE_CLM  -DSNICAR_FRC    -DDM_PARALLEL -DNETCDF -DUSE_ALLOCATABLES -DGRIB1 -DINTIO -DKEEP_INT_AROUND -DLIMIT_ARGS -DCONFIG_BUF_LEN=65536 -DMAX_DOMAINS_F=21 -DMAX_HISTORY=25 -DNMM_NEST=0 -DWRF_CHEM -DBUILD_CHEM=1 -DWRF_KPP -I. -traditional-cpp   module_clear_halos.G  > module_clear_halos.H
sed -e "s/gridmu/grid%mu/g" -e "s/gridMu/grid%Mu/g" module_clear_halos.H > module_clear_halos.bb
/glade/work/rkumar/NASA_HMA/WRFchem_HMA/tools/standard.exe module_clear_halos.bb | /lib/cpp -P -nostdinc -traditional-cpp > module_clear_halos.f90
rm -f module_clear_halos.G module_clear_halos.H module_clear_halos.bb
time mpif90 -f90=ifort -o module_clear_halos.o -c -O3 -ip -fp-model precise -w -ftz -align all -fno-alias -FR -convert big_endian    -I../dyn_em -I../dyn_nmm   -I/glade/work/rkumar/NASA_HMA/WRFchem_HMA/external/esmf_time_f90  -I/glade/work/rkumar/NASA_HMA/WRFchem_HMA/main -I/glade/work/rkumar/NASA_HMA/WRFchem_HMA/external/io_netcdf -I/glade/work/rkumar/NASA_HMA/WRFchem_HMA/external/io_int -I/glade/work/rkumar/NASA_HMA/WRFchem_HMA/frame -I/glade/work/rkumar/NASA_HMA/WRFchem_HMA/share -I/glade/work/rkumar/NASA_HMA/WRFchem_HMA/phys -I/glade/work/rkumar/NASA_HMA/WRFchem_HMA/chem -I/glade/work/rkumar/NASA_HMA/WRFchem_HMA/inc -I/glade/u/apps/ch/opt/netcdf/4.8.1/intel/19.1.1//include  -real-size `expr 8 \* 4` -i4  module_clear_halos.f90

real	0m16.877s
user	0m16.123s
sys	0m0.692s
rm -f module_cpl.o
sed -e "s/grid%mu/gridmu/g" -e "s/grid%Mu/gridMu/g" -e "s/^\!.*'.*//" -e "s/^ *\!.*'.*//" module_cpl.F > module_cpl.G
/lib/cpp -P -nostdinc -I/glade/work/rkumar/NASA_HMA/WRFchem_HMA/inc -DEM_CORE=1 -DNMM_CORE=0 -DNMM_MAX_DIM=2600 -DCOAMPS_CORE=0 -DDA_CORE=0 -DEXP_CORE=0 -DIWORDSIZE=4 -DDWORDSIZE=8 -DRWORDSIZE=4 -DLWORDSIZE=4 -DNONSTANDARD_SYSTEM_FUNC  -DWRF_USE_CLM  -DSNICAR_FRC    -DDM_PARALLEL -DNETCDF -DUSE_ALLOCATABLES -DGRIB1 -DINTIO -DKEEP_INT_AROUND -DLIMIT_ARGS -DCONFIG_BUF_LEN=65536 -DMAX_DOMAINS_F=21 -DMAX_HISTORY=25 -DNMM_NEST=0 -DWRF_CHEM -DBUILD_CHEM=1 -DWRF_KPP -I. -traditional-cpp   module_cpl.G  > module_cpl.H
sed -e "s/gridmu/grid%mu/g" -e "s/gridMu/grid%Mu/g" module_cpl.H > module_cpl.bb
/glade/work/rkumar/NASA_HMA/WRFchem_HMA/tools/standard.exe module_cpl.bb | /lib/cpp -P -nostdinc -traditional-cpp > module_cpl.f90
rm -f module_cpl.G module_cpl.H module_cpl.bb
time mpif90 -f90=ifort -o module_cpl.o -c -O3 -ip -fp-model precise -w -ftz -align all -fno-alias -FR -convert big_endian    -I../dyn_em -I../dyn_nmm   -I/glade/work/rkumar/NASA_HMA/WRFchem_HMA/external/esmf_time_f90  -I/glade/work/rkumar/NASA_HMA/WRFchem_HMA/main -I/glade/work/rkumar/NASA_HMA/WRFchem_HMA/external/io_netcdf -I/glade/work/rkumar/NASA_HMA/WRFchem_HMA/external/io_int -I/glade/work/rkumar/NASA_HMA/WRFchem_HMA/frame -I/glade/work/rkumar/NASA_HMA/WRFchem_HMA/share -I/glade/work/rkumar/NASA_HMA/WRFchem_HMA/phys -I/glade/work/rkumar/NASA_HMA/WRFchem_HMA/chem -I/glade/work/rkumar/NASA_HMA/WRFchem_HMA/inc -I/glade/u/apps/ch/opt/netcdf/4.8.1/intel/19.1.1//include  -real-size `expr 8 \* 4` -i4  module_cpl.f90

real	0m2.462s
user	0m1.849s
sys	0m0.518s

real	5m36.660s
user	5m34.966s
sys	0m1.579s
rm -f module_comm_dm.o
/lib/cpp -P -nostdinc -I/glade/work/rkumar/NASA_HMA/WRFchem_HMA/inc -DEM_CORE=1 -DNMM_CORE=0 -DNMM_MAX_DIM=2600 -DCOAMPS_CORE=0 -DDA_CORE=0 -DEXP_CORE=0 -DIWORDSIZE=4 -DDWORDSIZE=8 -DRWORDSIZE=4 -DLWORDSIZE=4 -DNONSTANDARD_SYSTEM_FUNC  -DWRF_USE_CLM  -DSNICAR_FRC    -DDM_PARALLEL -DNETCDF -DUSE_ALLOCATABLES -DGRIB1 -DINTIO -DKEEP_INT_AROUND -DLIMIT_ARGS -DCONFIG_BUF_LEN=65536 -DMAX_DOMAINS_F=21 -DMAX_HISTORY=25 -DNMM_NEST=0 -DWRF_CHEM -DBUILD_CHEM=1 -DWRF_KPP -I. -traditional-cpp   module_comm_dm.F  > module_comm_dm.bb
/glade/work/rkumar/NASA_HMA/WRFchem_HMA/tools/standard.exe module_comm_dm.bb | /lib/cpp -P -nostdinc -traditional-cpp > module_comm_dm.f90
rm -f module_comm_dm.b module_comm_dm.bb
time mpif90 -f90=ifort -c -real-size `expr 8 \* 4` -i4  -O0 -fno-inline -no-ip -ip -fp-model precise -w -ftz -align all -fno-alias -FR -convert big_endian   -I../dyn_em -I../dyn_nmm   -I/glade/work/rkumar/NASA_HMA/WRFchem_HMA/external/esmf_time_f90  -I/glade/work/rkumar/NASA_HMA/WRFchem_HMA/main -I/glade/work/rkumar/NASA_HMA/WRFchem_HMA/external/io_netcdf -I/glade/work/rkumar/NASA_HMA/WRFchem_HMA/external/io_int -I/glade/work/rkumar/NASA_HMA/WRFchem_HMA/frame -I/glade/work/rkumar/NASA_HMA/WRFchem_HMA/share -I/glade/work/rkumar/NASA_HMA/WRFchem_HMA/phys -I/glade/work/rkumar/NASA_HMA/WRFchem_HMA/chem -I/glade/work/rkumar/NASA_HMA/WRFchem_HMA/inc -I/glade/u/apps/ch/opt/netcdf/4.8.1/intel/19.1.1//include  module_comm_dm.f90

real	0m2.471s
user	0m1.279s
sys	0m0.835s
rm -f module_dm.o
sed -e "s/grid%mu/gridmu/g" -e "s/grid%Mu/gridMu/g" -e "s/^\!.*'.*//" -e "s/^ *\!.*'.*//" module_dm.F > module_dm.G
/lib/cpp -P -nostdinc -I/glade/work/rkumar/NASA_HMA/WRFchem_HMA/inc -DEM_CORE=1 -DNMM_CORE=0 -DNMM_MAX_DIM=2600 -DCOAMPS_CORE=0 -DDA_CORE=0 -DEXP_CORE=0 -DIWORDSIZE=4 -DDWORDSIZE=8 -DRWORDSIZE=4 -DLWORDSIZE=4 -DNONSTANDARD_SYSTEM_FUNC  -DWRF_USE_CLM  -DSNICAR_FRC    -DDM_PARALLEL -DNETCDF -DUSE_ALLOCATABLES -DGRIB1 -DINTIO -DKEEP_INT_AROUND -DLIMIT_ARGS -DCONFIG_BUF_LEN=65536 -DMAX_DOMAINS_F=21 -DMAX_HISTORY=25 -DNMM_NEST=0 -DWRF_CHEM -DBUILD_CHEM=1 -DWRF_KPP -I. -traditional-cpp   module_dm.G  > module_dm.H
sed -e "s/gridmu/grid%mu/g" -e "s/gridMu/grid%Mu/g" module_dm.H > module_dm.bb
/glade/work/rkumar/NASA_HMA/WRFchem_HMA/tools/standard.exe module_dm.bb | /lib/cpp -P -nostdinc -traditional-cpp > module_dm.f90
rm -f module_dm.G module_dm.H module_dm.bb
time mpif90 -f90=ifort -o module_dm.o -c -O3 -ip -fp-model precise -w -ftz -align all -fno-alias -FR -convert big_endian    -I../dyn_em -I../dyn_nmm   -I/glade/work/rkumar/NASA_HMA/WRFchem_HMA/external/esmf_time_f90  -I/glade/work/rkumar/NASA_HMA/WRFchem_HMA/main -I/glade/work/rkumar/NASA_HMA/WRFchem_HMA/external/io_netcdf -I/glade/work/rkumar/NASA_HMA/WRFchem_HMA/external/io_int -I/glade/work/rkumar/NASA_HMA/WRFchem_HMA/frame -I/glade/work/rkumar/NASA_HMA/WRFchem_HMA/share -I/glade/work/rkumar/NASA_HMA/WRFchem_HMA/phys -I/glade/work/rkumar/NASA_HMA/WRFchem_HMA/chem -I/glade/work/rkumar/NASA_HMA/WRFchem_HMA/inc -I/glade/u/apps/ch/opt/netcdf/4.8.1/intel/19.1.1//include  -real-size `expr 8 \* 4` -i4  module_dm.f90

real	3m37.351s
user	3m33.719s
sys	0m3.380s
rm -f module_integrate.o
rm -f module_io.o
/lib/cpp -P -nostdinc -I/glade/work/rkumar/NASA_HMA/WRFchem_HMA/inc -DEM_CORE=1 -DNMM_CORE=0 -DNMM_MAX_DIM=2600 -DCOAMPS_CORE=0 -DDA_CORE=0 -DEXP_CORE=0 -DIWORDSIZE=4 -DDWORDSIZE=8 -DRWORDSIZE=4 -DLWORDSIZE=4 -DNONSTANDARD_SYSTEM_FUNC  -DWRF_USE_CLM  -DSNICAR_FRC    -DDM_PARALLEL -DNETCDF -DUSE_ALLOCATABLES -DGRIB1 -DINTIO -DKEEP_INT_AROUND -DLIMIT_ARGS -DCONFIG_BUF_LEN=65536 -DMAX_DOMAINS_F=21 -DMAX_HISTORY=25 -DNMM_NEST=0 -DWRF_CHEM -DBUILD_CHEM=1 -DWRF_KPP -I. -traditional-cpp   module_io.F  > module_io.bb
/glade/work/rkumar/NASA_HMA/WRFchem_HMA/tools/standard.exe module_integrate.F > module_integrate.b 
/glade/work/rkumar/NASA_HMA/WRFchem_HMA/tools/standard.exe module_io.bb | /lib/cpp -P -nostdinc -traditional-cpp > module_io.f90
/lib/cpp -P -nostdinc -I/glade/work/rkumar/NASA_HMA/WRFchem_HMA/inc -DEM_CORE=1 -DNMM_CORE=0 -DNMM_MAX_DIM=2600 -DCOAMPS_CORE=0 -DDA_CORE=0 -DEXP_CORE=0 -DIWORDSIZE=4 -DDWORDSIZE=8 -DRWORDSIZE=4 -DLWORDSIZE=4 -DNONSTANDARD_SYSTEM_FUNC  -DWRF_USE_CLM  -DSNICAR_FRC    -DDM_PARALLEL -DNETCDF -DUSE_ALLOCATABLES -DGRIB1 -DINTIO -DKEEP_INT_AROUND -DLIMIT_ARGS -DCONFIG_BUF_LEN=65536 -DMAX_DOMAINS_F=21 -DMAX_HISTORY=25 -DNMM_NEST=0 -DWRF_CHEM -DBUILD_CHEM=1 -DWRF_KPP -I. -traditional-cpp   module_integrate.b  > module_integrate.f90
rm -f module_integrate.b
rm -f module_io.b module_io.bb
if fgrep -iq '!$OMP' module_integrate.f90 ; then \
          if [ -n "" ] ; then echo COMPILING module_integrate.F WITH OMP ; fi ; \
  time mpif90 -f90=ifort -c -real-size `expr 8 \* 4` -i4 -O0 -fno-inline -no-ip -ip -fp-model precise -w -ftz -align all -fno-alias -FR -convert big_endian   -I../dyn_em -I../dyn_nmm   -I/glade/work/rkumar/NASA_HMA/WRFchem_HMA/external/esmf_time_f90  -I/glade/work/rkumar/NASA_HMA/WRFchem_HMA/main -I/glade/work/rkumar/NASA_HMA/WRFchem_HMA/external/io_netcdf -I/glade/work/rkumar/NASA_HMA/WRFchem_HMA/external/io_int -I/glade/work/rkumar/NASA_HMA/WRFchem_HMA/frame -I/glade/work/rkumar/NASA_HMA/WRFchem_HMA/share -I/glade/work/rkumar/NASA_HMA/WRFchem_HMA/phys -I/glade/work/rkumar/NASA_HMA/WRFchem_HMA/chem -I/glade/work/rkumar/NASA_HMA/WRFchem_HMA/inc -I/glade/u/apps/ch/opt/netcdf/4.8.1/intel/19.1.1//include    module_integrate.f90 ; \
        else \
          if [ -n "" ] ; then echo COMPILING module_integrate.F WITHOUT OMP ; fi ; \
  time mpif90 -f90=ifort -c -real-size `expr 8 \* 4` -i4 -O0 -fno-inline -no-ip -ip -fp-model precise -w -ftz -align all -fno-alias -FR -convert big_endian   -I../dyn_em -I../dyn_nmm   -I/glade/work/rkumar/NASA_HMA/WRFchem_HMA/external/esmf_time_f90  -I/glade/work/rkumar/NASA_HMA/WRFchem_HMA/main -I/glade/work/rkumar/NASA_HMA/WRFchem_HMA/external/io_netcdf -I/glade/work/rkumar/NASA_HMA/WRFchem_HMA/external/io_int -I/glade/work/rkumar/NASA_HMA/WRFchem_HMA/frame -I/glade/work/rkumar/NASA_HMA/WRFchem_HMA/share -I/glade/work/rkumar/NASA_HMA/WRFchem_HMA/phys -I/glade/work/rkumar/NASA_HMA/WRFchem_HMA/chem -I/glade/work/rkumar/NASA_HMA/WRFchem_HMA/inc -I/glade/u/apps/ch/opt/netcdf/4.8.1/intel/19.1.1//include   module_integrate.f90 ; \
        fi
time mpif90 -f90=ifort -c -real-size `expr 8 \* 4` -i4  -O0 -fno-inline -no-ip -ip -fp-model precise -w -ftz -align all -fno-alias -FR -convert big_endian   -I../dyn_em -I../dyn_nmm   -I/glade/work/rkumar/NASA_HMA/WRFchem_HMA/external/esmf_time_f90  -I/glade/work/rkumar/NASA_HMA/WRFchem_HMA/main -I/glade/work/rkumar/NASA_HMA/WRFchem_HMA/external/io_netcdf -I/glade/work/rkumar/NASA_HMA/WRFchem_HMA/external/io_int -I/glade/work/rkumar/NASA_HMA/WRFchem_HMA/frame -I/glade/work/rkumar/NASA_HMA/WRFchem_HMA/share -I/glade/work/rkumar/NASA_HMA/WRFchem_HMA/phys -I/glade/work/rkumar/NASA_HMA/WRFchem_HMA/chem -I/glade/work/rkumar/NASA_HMA/WRFchem_HMA/inc -I/glade/u/apps/ch/opt/netcdf/4.8.1/intel/19.1.1//include  module_io.f90

real	0m5.958s
user	0m4.840s
sys	0m1.059s
rm -f module_io_quilt.o
sed -e "s/grid%mu/gridmu/g" -e "s/grid%Mu/gridMu/g" -e "s/^\!.*'.*//" -e "s/^ *\!.*'.*//" module_io_quilt.F > module_io_quilt.G
/lib/cpp -P -nostdinc -I/glade/work/rkumar/NASA_HMA/WRFchem_HMA/inc -DEM_CORE=1 -DNMM_CORE=0 -DNMM_MAX_DIM=2600 -DCOAMPS_CORE=0 -DDA_CORE=0 -DEXP_CORE=0 -DIWORDSIZE=4 -DDWORDSIZE=8 -DRWORDSIZE=4 -DLWORDSIZE=4 -DNONSTANDARD_SYSTEM_FUNC  -DWRF_USE_CLM  -DSNICAR_FRC    -DDM_PARALLEL -DNETCDF -DUSE_ALLOCATABLES -DGRIB1 -DINTIO -DKEEP_INT_AROUND -DLIMIT_ARGS -DCONFIG_BUF_LEN=65536 -DMAX_DOMAINS_F=21 -DMAX_HISTORY=25 -DNMM_NEST=0 -DWRF_CHEM -DBUILD_CHEM=1 -DWRF_KPP -I. -traditional-cpp   module_io_quilt.G  > module_io_quilt.H
sed -e "s/gridmu/grid%mu/g" -e "s/gridMu/grid%Mu/g" module_io_quilt.H > module_io_quilt.bb
/glade/work/rkumar/NASA_HMA/WRFchem_HMA/tools/standard.exe module_io_quilt.bb | /lib/cpp -P -nostdinc -traditional-cpp > module_io_quilt.f90
rm -f module_io_quilt.G module_io_quilt.H module_io_quilt.bb
time mpif90 -f90=ifort -o module_io_quilt.o -c -O3 -ip -fp-model precise -w -ftz -align all -fno-alias -FR -convert big_endian    -I../dyn_em -I../dyn_nmm   -I/glade/work/rkumar/NASA_HMA/WRFchem_HMA/external/esmf_time_f90  -I/glade/work/rkumar/NASA_HMA/WRFchem_HMA/main -I/glade/work/rkumar/NASA_HMA/WRFchem_HMA/external/io_netcdf -I/glade/work/rkumar/NASA_HMA/WRFchem_HMA/external/io_int -I/glade/work/rkumar/NASA_HMA/WRFchem_HMA/frame -I/glade/work/rkumar/NASA_HMA/WRFchem_HMA/share -I/glade/work/rkumar/NASA_HMA/WRFchem_HMA/phys -I/glade/work/rkumar/NASA_HMA/WRFchem_HMA/chem -I/glade/work/rkumar/NASA_HMA/WRFchem_HMA/inc -I/glade/u/apps/ch/opt/netcdf/4.8.1/intel/19.1.1//include  -real-size `expr 8 \* 4` -i4  module_io_quilt.f90

real	0m6.235s
user	0m5.212s
sys	0m0.927s
rm -f module_intermediate_nmm.o
sed -e "s/grid%mu/gridmu/g" -e "s/grid%Mu/gridMu/g" -e "s/^\!.*'.*//" -e "s/^ *\!.*'.*//" module_intermediate_nmm.F > module_intermediate_nmm.G
/lib/cpp -P -nostdinc -I/glade/work/rkumar/NASA_HMA/WRFchem_HMA/inc -DEM_CORE=1 -DNMM_CORE=0 -DNMM_MAX_DIM=2600 -DCOAMPS_CORE=0 -DDA_CORE=0 -DEXP_CORE=0 -DIWORDSIZE=4 -DDWORDSIZE=8 -DRWORDSIZE=4 -DLWORDSIZE=4 -DNONSTANDARD_SYSTEM_FUNC  -DWRF_USE_CLM  -DSNICAR_FRC    -DDM_PARALLEL -DNETCDF -DUSE_ALLOCATABLES -DGRIB1 -DINTIO -DKEEP_INT_AROUND -DLIMIT_ARGS -DCONFIG_BUF_LEN=65536 -DMAX_DOMAINS_F=21 -DMAX_HISTORY=25 -DNMM_NEST=0 -DWRF_CHEM -DBUILD_CHEM=1 -DWRF_KPP -I. -traditional-cpp   module_intermediate_nmm.G  > module_intermediate_nmm.H
sed -e "s/gridmu/grid%mu/g" -e "s/gridMu/grid%Mu/g" module_intermediate_nmm.H > module_intermediate_nmm.bb
/glade/work/rkumar/NASA_HMA/WRFchem_HMA/tools/standard.exe module_intermediate_nmm.bb | /lib/cpp -P -nostdinc -traditional-cpp > module_intermediate_nmm.f90
rm -f module_intermediate_nmm.G module_intermediate_nmm.H module_intermediate_nmm.bb
time mpif90 -f90=ifort -o module_intermediate_nmm.o -c -O3 -ip -fp-model precise -w -ftz -align all -fno-alias -FR -convert big_endian    -I../dyn_em -I../dyn_nmm   -I/glade/work/rkumar/NASA_HMA/WRFchem_HMA/external/esmf_time_f90  -I/glade/work/rkumar/NASA_HMA/WRFchem_HMA/main -I/glade/work/rkumar/NASA_HMA/WRFchem_HMA/external/io_netcdf -I/glade/work/rkumar/NASA_HMA/WRFchem_HMA/external/io_int -I/glade/work/rkumar/NASA_HMA/WRFchem_HMA/frame -I/glade/work/rkumar/NASA_HMA/WRFchem_HMA/share -I/glade/work/rkumar/NASA_HMA/WRFchem_HMA/phys -I/glade/work/rkumar/NASA_HMA/WRFchem_HMA/chem -I/glade/work/rkumar/NASA_HMA/WRFchem_HMA/inc -I/glade/u/apps/ch/opt/netcdf/4.8.1/intel/19.1.1//include  -real-size `expr 8 \* 4` -i4  module_intermediate_nmm.f90

real	0m0.589s
user	0m0.063s
sys	0m0.436s

real	0m2.656s
user	0m1.954s
sys	0m0.647s
ar ru ../main/libwrflib.a module_driver_constants.o module_domain_type.o module_streams.o module_domain.o module_integrate.o module_timing.o module_configure.o module_tiles.o module_machine.o module_nesting.o module_wrf_error.o module_state_description.o module_sm.o module_io.o module_comm_dm.o module_comm_dm_0.o module_comm_dm_1.o module_comm_dm_2.o module_comm_dm_3.o module_comm_dm_4.o module_comm_nesting_dm.o module_dm.o module_quilt_outbuf_ops.o module_io_quilt.o module_intermediate_nmm.o module_cpl.o module_cpl_oasis3.o module_clear_halos.o wrf_num_bytes_between.o wrf_shutdown.o wrf_debug.o libmassv.o collect_on_comm.o hires_timer.o clog.o nl_get_0_routines.o nl_get_1_routines.o nl_get_2_routines.o nl_get_3_routines.o nl_get_4_routines.o nl_get_5_routines.o nl_get_6_routines.o nl_get_7_routines.o nl_set_0_routines.o nl_set_1_routines.o nl_set_2_routines.o nl_set_3_routines.o nl_set_4_routines.o nl_set_5_routines.o nl_set_6_routines.o nl_set_7_routines.o  module_alloc_space_0.o module_alloc_space_1.o module_alloc_space_2.o module_alloc_space_3.o module_alloc_space_4.o module_alloc_space_5.o module_alloc_space_6.o module_alloc_space_7.o module_alloc_space_8.o module_alloc_space_9.o
ar: creating ../main/libwrflib.a
ranlib ../main/libwrflib.a
make[2]: Leaving directory '/glade/work/rkumar/NASA_HMA/WRFchem_HMA/frame'
make[2]: Entering directory '/glade/work/rkumar/NASA_HMA/WRFchem_HMA/external/io_netcdf'
x=`echo "time mpif90 -f90=ifort -ip -fp-model precise -w -ftz -align all -fno-alias -FR -convert big_endian   -real-size 32 -i4  " | awk '{print $1}'` ; export x ; \
if [ $x = "gfortran" ] ; then \
           echo removing external declaration of iargc for gfortran ; \
   /lib/cpp -P -nostdinc -P -traditional-cpp -I/glade/u/apps/ch/opt/netcdf/4.8.1/intel/19.1.1//include -I../ioapi_share diffwrf.F90 | sed '/integer *, *external.*iargc/d' > diffwrf.f ;\
        else \
   /lib/cpp -P -nostdinc -P -traditional-cpp -I/glade/u/apps/ch/opt/netcdf/4.8.1/intel/19.1.1//include -I../ioapi_share diffwrf.F90 > diffwrf.f ; \
        fi
time mpif90 -f90=ifort -ip -fp-model precise -w -ftz -align all -fno-alias -FR -convert big_endian   -real-size 32 -i4   -c  -I/glade/u/apps/ch/opt/netcdf/4.8.1/intel/19.1.1//include -I../ioapi_share diffwrf.f
0.38user 0.58system 0:00.95elapsed 101%CPU (0avgtext+0avgdata 59660maxresident)k
0inputs+0outputs (0major+30800minor)pagefaults 0swaps
diffwrf io_netcdf is being built now. 

real	0m3.134s
user	0m0.536s
sys	0m2.327s
make[2]: Leaving directory '/glade/work/rkumar/NASA_HMA/WRFchem_HMA/external/io_netcdf'
make[2]: Entering directory '/glade/work/rkumar/NASA_HMA/WRFchem_HMA/external/io_netcdf'
make[2]: Nothing to be done for 'all'.
make[2]: Leaving directory '/glade/work/rkumar/NASA_HMA/WRFchem_HMA/external/io_netcdf'
SKIPPING PIO BUILD make -i -r NETCDFPATH= FC=ifort -ip -fp-model precise -w -ftz -align all -fno-alias -FR -convert big_endian   -real-size 32 -i4   RANLIB=ranlib CPP=/lib/cpp -P -nostdinc LDFLAGS= -O3 -ip -fp-model precise -w -ftz -align all -fno-alias -FR -convert big_endian   -ip   TRADFLAG=-traditional-cpp ESMF_IO_LIB_EXT=-L/glade/work/rkumar/NASA_HMA/WRFchem_HMA/external/esmf_time_f90 -lesmf_time LIB_LOCAL= ESMF_MOD_DEPENDENCE=/glade/work/rkumar/NASA_HMA/WRFchem_HMA/external/esmf_time_f90/module_utility.o AR=INTERNAL_BUILD_ERROR_SHOULD_NOT_NEED_AR
make[2]: Entering directory '/glade/work/rkumar/NASA_HMA/WRFchem_HMA/external/io_int'
if [ -f ../../frame/pack_utils.o -a -f ../../frame/clog.o ] ; then \
  ifort -ip -fp-model precise -w -ftz -align all -fno-alias -FR -convert big_endian   -real-size 32 -i4     -I../ioapi_share -o diffwrf diffwrf.f \
	../../frame/pack_utils.o ../../frame/module_internal_header_util.o ../../frame/module_driver_constants.o ../../frame/module_machine.o ../../frame/module_wrf_error.o ../../frame/wrf_debug.o -L/glade/work/rkumar/NASA_HMA/WRFchem_HMA/external/esmf_time_f90 -lesmf_time libwrfio_int.a ; \
fi
make[2]: Leaving directory '/glade/work/rkumar/NASA_HMA/WRFchem_HMA/external/io_int'
make[1]: Leaving directory '/glade/work/rkumar/NASA_HMA/WRFchem_HMA'
make -i -r MODULE_DIRS="-I../dyn_em -I../dyn_nmm   -I/glade/work/rkumar/NASA_HMA/WRFchem_HMA/external/esmf_time_f90  -I/glade/work/rkumar/NASA_HMA/WRFchem_HMA/main -I/glade/work/rkumar/NASA_HMA/WRFchem_HMA/external/io_netcdf -I/glade/work/rkumar/NASA_HMA/WRFchem_HMA/external/io_int -I/glade/work/rkumar/NASA_HMA/WRFchem_HMA/frame -I/glade/work/rkumar/NASA_HMA/WRFchem_HMA/share -I/glade/work/rkumar/NASA_HMA/WRFchem_HMA/phys -I/glade/work/rkumar/NASA_HMA/WRFchem_HMA/chem -I/glade/work/rkumar/NASA_HMA/WRFchem_HMA/inc -I/glade/u/apps/ch/opt/netcdf/4.8.1/intel/19.1.1//include " shared
make[1]: Entering directory '/glade/work/rkumar/NASA_HMA/WRFchem_HMA'
--------------------------------------
if [ "`echo -j 2 | sed -e 's/-j//g' -e 's/ \+//g'`" -gt "6" ] ; then \
  ( cd share ; make -i -r -j 6 ) ;  \
else \
  ( cd share ; make -i -r -j 2 ) ;  \
fi
make[2]: Entering directory '/glade/work/rkumar/NASA_HMA/WRFchem_HMA/share'
rm -f module_bc_time_utilities.o
rm -f module_get_file_names.o
sed -e "s/grid%mu/gridmu/g" -e "s/grid%Mu/gridMu/g" -e "s/^\!.*'.*//" -e "s/^ *\!.*'.*//" module_bc_time_utilities.F > module_bc_time_utilities.G
sed -e "s/grid%mu/gridmu/g" -e "s/grid%Mu/gridMu/g" -e "s/^\!.*'.*//" -e "s/^ *\!.*'.*//" module_get_file_names.F > module_get_file_names.G
/lib/cpp -P -nostdinc -I/glade/work/rkumar/NASA_HMA/WRFchem_HMA/inc -DEM_CORE=1 -DNMM_CORE=0 -DNMM_MAX_DIM=2600 -DCOAMPS_CORE=0 -DDA_CORE=0 -DEXP_CORE=0 -DIWORDSIZE=4 -DDWORDSIZE=8 -DRWORDSIZE=4 -DLWORDSIZE=4 -DNONSTANDARD_SYSTEM_FUNC  -DWRF_USE_CLM  -DSNICAR_FRC    -DDM_PARALLEL -DNETCDF -DUSE_ALLOCATABLES -DGRIB1 -DINTIO -DKEEP_INT_AROUND -DLIMIT_ARGS -DCONFIG_BUF_LEN=65536 -DMAX_DOMAINS_F=21 -DMAX_HISTORY=25 -DNMM_NEST=0 -DWRF_CHEM -DBUILD_CHEM=1 -DWRF_KPP -I. -traditional-cpp   module_bc_time_utilities.G  > module_bc_time_utilities.H
/lib/cpp -P -nostdinc -I/glade/work/rkumar/NASA_HMA/WRFchem_HMA/inc -DEM_CORE=1 -DNMM_CORE=0 -DNMM_MAX_DIM=2600 -DCOAMPS_CORE=0 -DDA_CORE=0 -DEXP_CORE=0 -DIWORDSIZE=4 -DDWORDSIZE=8 -DRWORDSIZE=4 -DLWORDSIZE=4 -DNONSTANDARD_SYSTEM_FUNC  -DWRF_USE_CLM  -DSNICAR_FRC    -DDM_PARALLEL -DNETCDF -DUSE_ALLOCATABLES -DGRIB1 -DINTIO -DKEEP_INT_AROUND -DLIMIT_ARGS -DCONFIG_BUF_LEN=65536 -DMAX_DOMAINS_F=21 -DMAX_HISTORY=25 -DNMM_NEST=0 -DWRF_CHEM -DBUILD_CHEM=1 -DWRF_KPP -I. -traditional-cpp   module_get_file_names.G  > module_get_file_names.H
sed -e "s/gridmu/grid%mu/g" -e "s/gridMu/grid%Mu/g" module_bc_time_utilities.H > module_bc_time_utilities.bb
sed -e "s/gridmu/grid%mu/g" -e "s/gridMu/grid%Mu/g" module_get_file_names.H > module_get_file_names.bb
/glade/work/rkumar/NASA_HMA/WRFchem_HMA/tools/standard.exe module_bc_time_utilities.bb | /lib/cpp -P -nostdinc -traditional-cpp > module_bc_time_utilities.f90
/glade/work/rkumar/NASA_HMA/WRFchem_HMA/tools/standard.exe module_get_file_names.bb | /lib/cpp -P -nostdinc -traditional-cpp > module_get_file_names.f90
rm -f module_get_file_names.G module_get_file_names.H module_get_file_names.bb
rm -f module_bc_time_utilities.G module_bc_time_utilities.H module_bc_time_utilities.bb
time mpif90 -f90=ifort -o module_bc_time_utilities.o -c -O3 -ip -fp-model precise -w -ftz -align all -fno-alias -FR -convert big_endian    -I../dyn_em -I../dyn_nmm   -I/glade/work/rkumar/NASA_HMA/WRFchem_HMA/external/esmf_time_f90  -I/glade/work/rkumar/NASA_HMA/WRFchem_HMA/main -I/glade/work/rkumar/NASA_HMA/WRFchem_HMA/external/io_netcdf -I/glade/work/rkumar/NASA_HMA/WRFchem_HMA/external/io_int -I/glade/work/rkumar/NASA_HMA/WRFchem_HMA/frame -I/glade/work/rkumar/NASA_HMA/WRFchem_HMA/share -I/glade/work/rkumar/NASA_HMA/WRFchem_HMA/phys -I/glade/work/rkumar/NASA_HMA/WRFchem_HMA/chem -I/glade/work/rkumar/NASA_HMA/WRFchem_HMA/inc -I/glade/u/apps/ch/opt/netcdf/4.8.1/intel/19.1.1//include  -real-size `expr 8 \* 4` -i4  module_bc_time_utilities.f90
time mpif90 -f90=ifort -o module_get_file_names.o -c -O3 -ip -fp-model precise -w -ftz -align all -fno-alias -FR -convert big_endian    -I../dyn_em -I../dyn_nmm   -I/glade/work/rkumar/NASA_HMA/WRFchem_HMA/external/esmf_time_f90  -I/glade/work/rkumar/NASA_HMA/WRFchem_HMA/main -I/glade/work/rkumar/NASA_HMA/WRFchem_HMA/external/io_netcdf -I/glade/work/rkumar/NASA_HMA/WRFchem_HMA/external/io_int -I/glade/work/rkumar/NASA_HMA/WRFchem_HMA/frame -I/glade/work/rkumar/NASA_HMA/WRFchem_HMA/share -I/glade/work/rkumar/NASA_HMA/WRFchem_HMA/phys -I/glade/work/rkumar/NASA_HMA/WRFchem_HMA/chem -I/glade/work/rkumar/NASA_HMA/WRFchem_HMA/inc -I/glade/u/apps/ch/opt/netcdf/4.8.1/intel/19.1.1//include  -real-size `expr 8 \* 4` -i4  module_get_file_names.f90

real	0m0.779s
user	0m0.075s
sys	0m0.619s
rm -f module_compute_geop.o
sed -e "s/grid%mu/gridmu/g" -e "s/grid%Mu/gridMu/g" -e "s/^\!.*'.*//" -e "s/^ *\!.*'.*//" module_compute_geop.F > module_compute_geop.G
/lib/cpp -P -nostdinc -I/glade/work/rkumar/NASA_HMA/WRFchem_HMA/inc -DEM_CORE=1 -DNMM_CORE=0 -DNMM_MAX_DIM=2600 -DCOAMPS_CORE=0 -DDA_CORE=0 -DEXP_CORE=0 -DIWORDSIZE=4 -DDWORDSIZE=8 -DRWORDSIZE=4 -DLWORDSIZE=4 -DNONSTANDARD_SYSTEM_FUNC  -DWRF_USE_CLM  -DSNICAR_FRC    -DDM_PARALLEL -DNETCDF -DUSE_ALLOCATABLES -DGRIB1 -DINTIO -DKEEP_INT_AROUND -DLIMIT_ARGS -DCONFIG_BUF_LEN=65536 -DMAX_DOMAINS_F=21 -DMAX_HISTORY=25 -DNMM_NEST=0 -DWRF_CHEM -DBUILD_CHEM=1 -DWRF_KPP -I. -traditional-cpp   module_compute_geop.G  > module_compute_geop.H

real	0m0.821s
user	0m0.094s
sys	0m0.627s
rm -f module_check_a_mundo.o
sed -e "s/grid%mu/gridmu/g" -e "s/grid%Mu/gridMu/g" -e "s/^\!.*'.*//" -e "s/^ *\!.*'.*//" module_check_a_mundo.F > module_check_a_mundo.G
sed -e "s/gridmu/grid%mu/g" -e "s/gridMu/grid%Mu/g" module_compute_geop.H > module_compute_geop.bb
/glade/work/rkumar/NASA_HMA/WRFchem_HMA/tools/standard.exe module_compute_geop.bb | /lib/cpp -P -nostdinc -traditional-cpp > module_compute_geop.f90
/lib/cpp -P -nostdinc -I/glade/work/rkumar/NASA_HMA/WRFchem_HMA/inc -DEM_CORE=1 -DNMM_CORE=0 -DNMM_MAX_DIM=2600 -DCOAMPS_CORE=0 -DDA_CORE=0 -DEXP_CORE=0 -DIWORDSIZE=4 -DDWORDSIZE=8 -DRWORDSIZE=4 -DLWORDSIZE=4 -DNONSTANDARD_SYSTEM_FUNC  -DWRF_USE_CLM  -DSNICAR_FRC    -DDM_PARALLEL -DNETCDF -DUSE_ALLOCATABLES -DGRIB1 -DINTIO -DKEEP_INT_AROUND -DLIMIT_ARGS -DCONFIG_BUF_LEN=65536 -DMAX_DOMAINS_F=21 -DMAX_HISTORY=25 -DNMM_NEST=0 -DWRF_CHEM -DBUILD_CHEM=1 -DWRF_KPP -I. -traditional-cpp   module_check_a_mundo.G  > module_check_a_mundo.H
rm -f module_compute_geop.G module_compute_geop.H module_compute_geop.bb
sed -e "s/gridmu/grid%mu/g" -e "s/gridMu/grid%Mu/g" module_check_a_mundo.H > module_check_a_mundo.bb
/glade/work/rkumar/NASA_HMA/WRFchem_HMA/tools/standard.exe module_check_a_mundo.bb | /lib/cpp -P -nostdinc -traditional-cpp > module_check_a_mundo.f90
time mpif90 -f90=ifort -o module_compute_geop.o -c -O3 -ip -fp-model precise -w -ftz -align all -fno-alias -FR -convert big_endian    -I../dyn_em -I../dyn_nmm   -I/glade/work/rkumar/NASA_HMA/WRFchem_HMA/external/esmf_time_f90  -I/glade/work/rkumar/NASA_HMA/WRFchem_HMA/main -I/glade/work/rkumar/NASA_HMA/WRFchem_HMA/external/io_netcdf -I/glade/work/rkumar/NASA_HMA/WRFchem_HMA/external/io_int -I/glade/work/rkumar/NASA_HMA/WRFchem_HMA/frame -I/glade/work/rkumar/NASA_HMA/WRFchem_HMA/share -I/glade/work/rkumar/NASA_HMA/WRFchem_HMA/phys -I/glade/work/rkumar/NASA_HMA/WRFchem_HMA/chem -I/glade/work/rkumar/NASA_HMA/WRFchem_HMA/inc -I/glade/u/apps/ch/opt/netcdf/4.8.1/intel/19.1.1//include  -real-size `expr 8 \* 4` -i4  module_compute_geop.f90
rm -f module_check_a_mundo.G module_check_a_mundo.H module_check_a_mundo.bb
time mpif90 -f90=ifort -o module_check_a_mundo.o -c -O3 -ip -fp-model precise -w -ftz -align all -fno-alias -FR -convert big_endian    -I../dyn_em -I../dyn_nmm   -I/glade/work/rkumar/NASA_HMA/WRFchem_HMA/external/esmf_time_f90  -I/glade/work/rkumar/NASA_HMA/WRFchem_HMA/main -I/glade/work/rkumar/NASA_HMA/WRFchem_HMA/external/io_netcdf -I/glade/work/rkumar/NASA_HMA/WRFchem_HMA/external/io_int -I/glade/work/rkumar/NASA_HMA/WRFchem_HMA/frame -I/glade/work/rkumar/NASA_HMA/WRFchem_HMA/share -I/glade/work/rkumar/NASA_HMA/WRFchem_HMA/phys -I/glade/work/rkumar/NASA_HMA/WRFchem_HMA/chem -I/glade/work/rkumar/NASA_HMA/WRFchem_HMA/inc -I/glade/u/apps/ch/opt/netcdf/4.8.1/intel/19.1.1//include  -real-size `expr 8 \* 4` -i4  module_check_a_mundo.f90

real	0m0.685s
user	0m0.105s
sys	0m0.550s
rm -f bobrand.o
mpicc -cc=icc -DMPI2_SUPPORT -DFSEEKO64_OK  -o bobrand.o -c -w -O3 -ip  -DDM_PARALLEL -DMAX_HISTORY=25 -DNMM_CORE=0 bobrand.c
rm -f module_llxy.o
sed -e "s/grid%mu/gridmu/g" -e "s/grid%Mu/gridMu/g" -e "s/^\!.*'.*//" -e "s/^ *\!.*'.*//" module_llxy.F > module_llxy.G
/lib/cpp -P -nostdinc -I/glade/work/rkumar/NASA_HMA/WRFchem_HMA/inc -DEM_CORE=1 -DNMM_CORE=0 -DNMM_MAX_DIM=2600 -DCOAMPS_CORE=0 -DDA_CORE=0 -DEXP_CORE=0 -DIWORDSIZE=4 -DDWORDSIZE=8 -DRWORDSIZE=4 -DLWORDSIZE=4 -DNONSTANDARD_SYSTEM_FUNC  -DWRF_USE_CLM  -DSNICAR_FRC    -DDM_PARALLEL -DNETCDF -DUSE_ALLOCATABLES -DGRIB1 -DINTIO -DKEEP_INT_AROUND -DLIMIT_ARGS -DCONFIG_BUF_LEN=65536 -DMAX_DOMAINS_F=21 -DMAX_HISTORY=25 -DNMM_NEST=0 -DWRF_CHEM -DBUILD_CHEM=1 -DWRF_KPP -I. -traditional-cpp   module_llxy.G  > module_llxy.H
sed -e "s/gridmu/grid%mu/g" -e "s/gridMu/grid%Mu/g" module_llxy.H > module_llxy.bb
/glade/work/rkumar/NASA_HMA/WRFchem_HMA/tools/standard.exe module_llxy.bb | /lib/cpp -P -nostdinc -traditional-cpp > module_llxy.f90
rm -f module_llxy.G module_llxy.H module_llxy.bb
time mpif90 -f90=ifort -o module_llxy.o -c -O3 -ip -fp-model precise -w -ftz -align all -fno-alias -FR -convert big_endian    -I../dyn_em -I../dyn_nmm   -I/glade/work/rkumar/NASA_HMA/WRFchem_HMA/external/esmf_time_f90  -I/glade/work/rkumar/NASA_HMA/WRFchem_HMA/main -I/glade/work/rkumar/NASA_HMA/WRFchem_HMA/external/io_netcdf -I/glade/work/rkumar/NASA_HMA/WRFchem_HMA/external/io_int -I/glade/work/rkumar/NASA_HMA/WRFchem_HMA/frame -I/glade/work/rkumar/NASA_HMA/WRFchem_HMA/share -I/glade/work/rkumar/NASA_HMA/WRFchem_HMA/phys -I/glade/work/rkumar/NASA_HMA/WRFchem_HMA/chem -I/glade/work/rkumar/NASA_HMA/WRFchem_HMA/inc -I/glade/u/apps/ch/opt/netcdf/4.8.1/intel/19.1.1//include  -real-size `expr 8 \* 4` -i4  module_llxy.f90

real	0m1.493s
user	0m0.924s
sys	0m0.509s
rm -f module_interp_store.o
sed -e "s/grid%mu/gridmu/g" -e "s/grid%Mu/gridMu/g" -e "s/^\!.*'.*//" -e "s/^ *\!.*'.*//" module_interp_store.F > module_interp_store.G
/lib/cpp -P -nostdinc -I/glade/work/rkumar/NASA_HMA/WRFchem_HMA/inc -DEM_CORE=1 -DNMM_CORE=0 -DNMM_MAX_DIM=2600 -DCOAMPS_CORE=0 -DDA_CORE=0 -DEXP_CORE=0 -DIWORDSIZE=4 -DDWORDSIZE=8 -DRWORDSIZE=4 -DLWORDSIZE=4 -DNONSTANDARD_SYSTEM_FUNC  -DWRF_USE_CLM  -DSNICAR_FRC    -DDM_PARALLEL -DNETCDF -DUSE_ALLOCATABLES -DGRIB1 -DINTIO -DKEEP_INT_AROUND -DLIMIT_ARGS -DCONFIG_BUF_LEN=65536 -DMAX_DOMAINS_F=21 -DMAX_HISTORY=25 -DNMM_NEST=0 -DWRF_CHEM -DBUILD_CHEM=1 -DWRF_KPP -I. -traditional-cpp   module_interp_store.G  > module_interp_store.H
sed -e "s/gridmu/grid%mu/g" -e "s/gridMu/grid%Mu/g" module_interp_store.H > module_interp_store.bb
/glade/work/rkumar/NASA_HMA/WRFchem_HMA/tools/standard.exe module_interp_store.bb | /lib/cpp -P -nostdinc -traditional-cpp > module_interp_store.f90
rm -f module_interp_store.G module_interp_store.H module_interp_store.bb
time mpif90 -f90=ifort -o module_interp_store.o -c -O3 -ip -fp-model precise -w -ftz -align all -fno-alias -FR -convert big_endian    -I../dyn_em -I../dyn_nmm   -I/glade/work/rkumar/NASA_HMA/WRFchem_HMA/external/esmf_time_f90  -I/glade/work/rkumar/NASA_HMA/WRFchem_HMA/main -I/glade/work/rkumar/NASA_HMA/WRFchem_HMA/external/io_netcdf -I/glade/work/rkumar/NASA_HMA/WRFchem_HMA/external/io_int -I/glade/work/rkumar/NASA_HMA/WRFchem_HMA/frame -I/glade/work/rkumar/NASA_HMA/WRFchem_HMA/share -I/glade/work/rkumar/NASA_HMA/WRFchem_HMA/phys -I/glade/work/rkumar/NASA_HMA/WRFchem_HMA/chem -I/glade/work/rkumar/NASA_HMA/WRFchem_HMA/inc -I/glade/u/apps/ch/opt/netcdf/4.8.1/intel/19.1.1//include  -real-size `expr 8 \* 4` -i4  module_interp_store.f90

real	0m4.278s
user	0m3.650s
sys	0m0.567s
rm -f module_MPP.o
sed -e "s/grid%mu/gridmu/g" -e "s/grid%Mu/gridMu/g" -e "s/^\!.*'.*//" -e "s/^ *\!.*'.*//" module_MPP.F > module_MPP.G
/lib/cpp -P -nostdinc -I/glade/work/rkumar/NASA_HMA/WRFchem_HMA/inc -DEM_CORE=1 -DNMM_CORE=0 -DNMM_MAX_DIM=2600 -DCOAMPS_CORE=0 -DDA_CORE=0 -DEXP_CORE=0 -DIWORDSIZE=4 -DDWORDSIZE=8 -DRWORDSIZE=4 -DLWORDSIZE=4 -DNONSTANDARD_SYSTEM_FUNC  -DWRF_USE_CLM  -DSNICAR_FRC    -DDM_PARALLEL -DNETCDF -DUSE_ALLOCATABLES -DGRIB1 -DINTIO -DKEEP_INT_AROUND -DLIMIT_ARGS -DCONFIG_BUF_LEN=65536 -DMAX_DOMAINS_F=21 -DMAX_HISTORY=25 -DNMM_NEST=0 -DWRF_CHEM -DBUILD_CHEM=1 -DWRF_KPP -I. -traditional-cpp   module_MPP.G  > module_MPP.H
sed -e "s/gridmu/grid%mu/g" -e "s/gridMu/grid%Mu/g" module_MPP.H > module_MPP.bb
/glade/work/rkumar/NASA_HMA/WRFchem_HMA/tools/standard.exe module_MPP.bb | /lib/cpp -P -nostdinc -traditional-cpp > module_MPP.f90
rm -f module_MPP.G module_MPP.H module_MPP.bb
time mpif90 -f90=ifort -o module_MPP.o -c -O3 -ip -fp-model precise -w -ftz -align all -fno-alias -FR -convert big_endian    -I../dyn_em -I../dyn_nmm   -I/glade/work/rkumar/NASA_HMA/WRFchem_HMA/external/esmf_time_f90  -I/glade/work/rkumar/NASA_HMA/WRFchem_HMA/main -I/glade/work/rkumar/NASA_HMA/WRFchem_HMA/external/io_netcdf -I/glade/work/rkumar/NASA_HMA/WRFchem_HMA/external/io_int -I/glade/work/rkumar/NASA_HMA/WRFchem_HMA/frame -I/glade/work/rkumar/NASA_HMA/WRFchem_HMA/share -I/glade/work/rkumar/NASA_HMA/WRFchem_HMA/phys -I/glade/work/rkumar/NASA_HMA/WRFchem_HMA/chem -I/glade/work/rkumar/NASA_HMA/WRFchem_HMA/inc -I/glade/u/apps/ch/opt/netcdf/4.8.1/intel/19.1.1//include  -real-size `expr 8 \* 4` -i4  module_MPP.f90

real	0m0.647s
user	0m0.081s
sys	0m0.520s
rm -f module_date_time.o
sed -e "s/grid%mu/gridmu/g" -e "s/grid%Mu/gridMu/g" -e "s/^\!.*'.*//" -e "s/^ *\!.*'.*//" module_date_time.F > module_date_time.G
/lib/cpp -P -nostdinc -I/glade/work/rkumar/NASA_HMA/WRFchem_HMA/inc -DEM_CORE=1 -DNMM_CORE=0 -DNMM_MAX_DIM=2600 -DCOAMPS_CORE=0 -DDA_CORE=0 -DEXP_CORE=0 -DIWORDSIZE=4 -DDWORDSIZE=8 -DRWORDSIZE=4 -DLWORDSIZE=4 -DNONSTANDARD_SYSTEM_FUNC  -DWRF_USE_CLM  -DSNICAR_FRC    -DDM_PARALLEL -DNETCDF -DUSE_ALLOCATABLES -DGRIB1 -DINTIO -DKEEP_INT_AROUND -DLIMIT_ARGS -DCONFIG_BUF_LEN=65536 -DMAX_DOMAINS_F=21 -DMAX_HISTORY=25 -DNMM_NEST=0 -DWRF_CHEM -DBUILD_CHEM=1 -DWRF_KPP -I. -traditional-cpp   module_date_time.G  > module_date_time.H
sed -e "s/gridmu/grid%mu/g" -e "s/gridMu/grid%Mu/g" module_date_time.H > module_date_time.bb
/glade/work/rkumar/NASA_HMA/WRFchem_HMA/tools/standard.exe module_date_time.bb | /lib/cpp -P -nostdinc -traditional-cpp > module_date_time.f90
rm -f module_date_time.G module_date_time.H module_date_time.bb
time mpif90 -f90=ifort -o module_date_time.o -c -O3 -ip -fp-model precise -w -ftz -align all -fno-alias -FR -convert big_endian    -I../dyn_em -I../dyn_nmm   -I/glade/work/rkumar/NASA_HMA/WRFchem_HMA/external/esmf_time_f90  -I/glade/work/rkumar/NASA_HMA/WRFchem_HMA/main -I/glade/work/rkumar/NASA_HMA/WRFchem_HMA/external/io_netcdf -I/glade/work/rkumar/NASA_HMA/WRFchem_HMA/external/io_int -I/glade/work/rkumar/NASA_HMA/WRFchem_HMA/frame -I/glade/work/rkumar/NASA_HMA/WRFchem_HMA/share -I/glade/work/rkumar/NASA_HMA/WRFchem_HMA/phys -I/glade/work/rkumar/NASA_HMA/WRFchem_HMA/chem -I/glade/work/rkumar/NASA_HMA/WRFchem_HMA/inc -I/glade/u/apps/ch/opt/netcdf/4.8.1/intel/19.1.1//include  -real-size `expr 8 \* 4` -i4  module_date_time.f90

real	0m1.290s
user	0m0.658s
sys	0m0.579s
rm -f mediation_interp_domain.o
sed -e "s/grid%mu/gridmu/g" -e "s/grid%Mu/gridMu/g" -e "s/^\!.*'.*//" -e "s/^ *\!.*'.*//" mediation_interp_domain.F > mediation_interp_domain.G
/lib/cpp -P -nostdinc -I/glade/work/rkumar/NASA_HMA/WRFchem_HMA/inc -DEM_CORE=1 -DNMM_CORE=0 -DNMM_MAX_DIM=2600 -DCOAMPS_CORE=0 -DDA_CORE=0 -DEXP_CORE=0 -DIWORDSIZE=4 -DDWORDSIZE=8 -DRWORDSIZE=4 -DLWORDSIZE=4 -DNONSTANDARD_SYSTEM_FUNC  -DWRF_USE_CLM  -DSNICAR_FRC    -DDM_PARALLEL -DNETCDF -DUSE_ALLOCATABLES -DGRIB1 -DINTIO -DKEEP_INT_AROUND -DLIMIT_ARGS -DCONFIG_BUF_LEN=65536 -DMAX_DOMAINS_F=21 -DMAX_HISTORY=25 -DNMM_NEST=0 -DWRF_CHEM -DBUILD_CHEM=1 -DWRF_KPP -I. -traditional-cpp   mediation_interp_domain.G  > mediation_interp_domain.H
sed -e "s/gridmu/grid%mu/g" -e "s/gridMu/grid%Mu/g" mediation_interp_domain.H > mediation_interp_domain.bb
/glade/work/rkumar/NASA_HMA/WRFchem_HMA/tools/standard.exe mediation_interp_domain.bb | /lib/cpp -P -nostdinc -traditional-cpp > mediation_interp_domain.f90
rm -f mediation_interp_domain.G mediation_interp_domain.H mediation_interp_domain.bb
time mpif90 -f90=ifort -o mediation_interp_domain.o -c -O3 -ip -fp-model precise -w -ftz -align all -fno-alias -FR -convert big_endian    -I../dyn_em -I../dyn_nmm   -I/glade/work/rkumar/NASA_HMA/WRFchem_HMA/external/esmf_time_f90  -I/glade/work/rkumar/NASA_HMA/WRFchem_HMA/main -I/glade/work/rkumar/NASA_HMA/WRFchem_HMA/external/io_netcdf -I/glade/work/rkumar/NASA_HMA/WRFchem_HMA/external/io_int -I/glade/work/rkumar/NASA_HMA/WRFchem_HMA/frame -I/glade/work/rkumar/NASA_HMA/WRFchem_HMA/share -I/glade/work/rkumar/NASA_HMA/WRFchem_HMA/phys -I/glade/work/rkumar/NASA_HMA/WRFchem_HMA/chem -I/glade/work/rkumar/NASA_HMA/WRFchem_HMA/inc -I/glade/u/apps/ch/opt/netcdf/4.8.1/intel/19.1.1//include  -real-size `expr 8 \* 4` -i4  mediation_interp_domain.f90

real	0m1.018s
user	0m0.373s
sys	0m0.503s
rm -f mediation_force_domain.o
sed -e "s/grid%mu/gridmu/g" -e "s/grid%Mu/gridMu/g" -e "s/^\!.*'.*//" -e "s/^ *\!.*'.*//" mediation_force_domain.F > mediation_force_domain.G
/lib/cpp -P -nostdinc -I/glade/work/rkumar/NASA_HMA/WRFchem_HMA/inc -DEM_CORE=1 -DNMM_CORE=0 -DNMM_MAX_DIM=2600 -DCOAMPS_CORE=0 -DDA_CORE=0 -DEXP_CORE=0 -DIWORDSIZE=4 -DDWORDSIZE=8 -DRWORDSIZE=4 -DLWORDSIZE=4 -DNONSTANDARD_SYSTEM_FUNC  -DWRF_USE_CLM  -DSNICAR_FRC    -DDM_PARALLEL -DNETCDF -DUSE_ALLOCATABLES -DGRIB1 -DINTIO -DKEEP_INT_AROUND -DLIMIT_ARGS -DCONFIG_BUF_LEN=65536 -DMAX_DOMAINS_F=21 -DMAX_HISTORY=25 -DNMM_NEST=0 -DWRF_CHEM -DBUILD_CHEM=1 -DWRF_KPP -I. -traditional-cpp   mediation_force_domain.G  > mediation_force_domain.H
sed -e "s/gridmu/grid%mu/g" -e "s/gridMu/grid%Mu/g" mediation_force_domain.H > mediation_force_domain.bb
/glade/work/rkumar/NASA_HMA/WRFchem_HMA/tools/standard.exe mediation_force_domain.bb | /lib/cpp -P -nostdinc -traditional-cpp > mediation_force_domain.f90
rm -f mediation_force_domain.G mediation_force_domain.H mediation_force_domain.bb
time mpif90 -f90=ifort -o mediation_force_domain.o -c -O3 -ip -fp-model precise -w -ftz -align all -fno-alias -FR -convert big_endian    -I../dyn_em -I../dyn_nmm   -I/glade/work/rkumar/NASA_HMA/WRFchem_HMA/external/esmf_time_f90  -I/glade/work/rkumar/NASA_HMA/WRFchem_HMA/main -I/glade/work/rkumar/NASA_HMA/WRFchem_HMA/external/io_netcdf -I/glade/work/rkumar/NASA_HMA/WRFchem_HMA/external/io_int -I/glade/work/rkumar/NASA_HMA/WRFchem_HMA/frame -I/glade/work/rkumar/NASA_HMA/WRFchem_HMA/share -I/glade/work/rkumar/NASA_HMA/WRFchem_HMA/phys -I/glade/work/rkumar/NASA_HMA/WRFchem_HMA/chem -I/glade/work/rkumar/NASA_HMA/WRFchem_HMA/inc -I/glade/u/apps/ch/opt/netcdf/4.8.1/intel/19.1.1//include  -real-size `expr 8 \* 4` -i4  mediation_force_domain.f90

real	0m3.278s
user	0m2.599s
sys	0m0.637s
rm -f mediation_feedback_domain.o
sed -e "s/grid%mu/gridmu/g" -e "s/grid%Mu/gridMu/g" -e "s/^\!.*'.*//" -e "s/^ *\!.*'.*//" mediation_feedback_domain.F > mediation_feedback_domain.G
/lib/cpp -P -nostdinc -I/glade/work/rkumar/NASA_HMA/WRFchem_HMA/inc -DEM_CORE=1 -DNMM_CORE=0 -DNMM_MAX_DIM=2600 -DCOAMPS_CORE=0 -DDA_CORE=0 -DEXP_CORE=0 -DIWORDSIZE=4 -DDWORDSIZE=8 -DRWORDSIZE=4 -DLWORDSIZE=4 -DNONSTANDARD_SYSTEM_FUNC  -DWRF_USE_CLM  -DSNICAR_FRC    -DDM_PARALLEL -DNETCDF -DUSE_ALLOCATABLES -DGRIB1 -DINTIO -DKEEP_INT_AROUND -DLIMIT_ARGS -DCONFIG_BUF_LEN=65536 -DMAX_DOMAINS_F=21 -DMAX_HISTORY=25 -DNMM_NEST=0 -DWRF_CHEM -DBUILD_CHEM=1 -DWRF_KPP -I. -traditional-cpp   mediation_feedback_domain.G  > mediation_feedback_domain.H
sed -e "s/gridmu/grid%mu/g" -e "s/gridMu/grid%Mu/g" mediation_feedback_domain.H > mediation_feedback_domain.bb
/glade/work/rkumar/NASA_HMA/WRFchem_HMA/tools/standard.exe mediation_feedback_domain.bb | /lib/cpp -P -nostdinc -traditional-cpp > mediation_feedback_domain.f90
rm -f mediation_feedback_domain.G mediation_feedback_domain.H mediation_feedback_domain.bb
time mpif90 -f90=ifort -o mediation_feedback_domain.o -c -O3 -ip -fp-model precise -w -ftz -align all -fno-alias -FR -convert big_endian    -I../dyn_em -I../dyn_nmm   -I/glade/work/rkumar/NASA_HMA/WRFchem_HMA/external/esmf_time_f90  -I/glade/work/rkumar/NASA_HMA/WRFchem_HMA/main -I/glade/work/rkumar/NASA_HMA/WRFchem_HMA/external/io_netcdf -I/glade/work/rkumar/NASA_HMA/WRFchem_HMA/external/io_int -I/glade/work/rkumar/NASA_HMA/WRFchem_HMA/frame -I/glade/work/rkumar/NASA_HMA/WRFchem_HMA/share -I/glade/work/rkumar/NASA_HMA/WRFchem_HMA/phys -I/glade/work/rkumar/NASA_HMA/WRFchem_HMA/chem -I/glade/work/rkumar/NASA_HMA/WRFchem_HMA/inc -I/glade/u/apps/ch/opt/netcdf/4.8.1/intel/19.1.1//include  -real-size `expr 8 \* 4` -i4  mediation_feedback_domain.f90

real	0m3.917s
user	0m3.242s
sys	0m0.656s
rm -f module_bc.o
sed -e "s/grid%mu/gridmu/g" -e "s/grid%Mu/gridMu/g" -e "s/^\!.*'.*//" -e "s/^ *\!.*'.*//" module_bc.F > module_bc.G
/lib/cpp -P -nostdinc -I/glade/work/rkumar/NASA_HMA/WRFchem_HMA/inc -DEM_CORE=1 -DNMM_CORE=0 -DNMM_MAX_DIM=2600 -DCOAMPS_CORE=0 -DDA_CORE=0 -DEXP_CORE=0 -DIWORDSIZE=4 -DDWORDSIZE=8 -DRWORDSIZE=4 -DLWORDSIZE=4 -DNONSTANDARD_SYSTEM_FUNC  -DWRF_USE_CLM  -DSNICAR_FRC    -DDM_PARALLEL -DNETCDF -DUSE_ALLOCATABLES -DGRIB1 -DINTIO -DKEEP_INT_AROUND -DLIMIT_ARGS -DCONFIG_BUF_LEN=65536 -DMAX_DOMAINS_F=21 -DMAX_HISTORY=25 -DNMM_NEST=0 -DWRF_CHEM -DBUILD_CHEM=1 -DWRF_KPP -I. -traditional-cpp   module_bc.G  > module_bc.H
sed -e "s/gridmu/grid%mu/g" -e "s/gridMu/grid%Mu/g" module_bc.H > module_bc.bb
/glade/work/rkumar/NASA_HMA/WRFchem_HMA/tools/standard.exe module_bc.bb | /lib/cpp -P -nostdinc -traditional-cpp > module_bc.f90
rm -f module_bc.G module_bc.H module_bc.bb
time mpif90 -f90=ifort -o module_bc.o -c -O3 -ip -fp-model precise -w -ftz -align all -fno-alias -FR -convert big_endian    -I../dyn_em -I../dyn_nmm   -I/glade/work/rkumar/NASA_HMA/WRFchem_HMA/external/esmf_time_f90  -I/glade/work/rkumar/NASA_HMA/WRFchem_HMA/main -I/glade/work/rkumar/NASA_HMA/WRFchem_HMA/external/io_netcdf -I/glade/work/rkumar/NASA_HMA/WRFchem_HMA/external/io_int -I/glade/work/rkumar/NASA_HMA/WRFchem_HMA/frame -I/glade/work/rkumar/NASA_HMA/WRFchem_HMA/share -I/glade/work/rkumar/NASA_HMA/WRFchem_HMA/phys -I/glade/work/rkumar/NASA_HMA/WRFchem_HMA/chem -I/glade/work/rkumar/NASA_HMA/WRFchem_HMA/inc -I/glade/u/apps/ch/opt/netcdf/4.8.1/intel/19.1.1//include  -real-size `expr 8 \* 4` -i4  module_bc.f90

real	0m3.261s
user	0m2.617s
sys	0m0.598s
rm -f module_io_wrf.o
/glade/work/rkumar/NASA_HMA/WRFchem_HMA/tools/standard.exe module_io_wrf.F > module_io_wrf.b 
/lib/cpp -P -nostdinc -I/glade/work/rkumar/NASA_HMA/WRFchem_HMA/inc -DEM_CORE=1 -DNMM_CORE=0 -DNMM_MAX_DIM=2600 -DCOAMPS_CORE=0 -DDA_CORE=0 -DEXP_CORE=0 -DIWORDSIZE=4 -DDWORDSIZE=8 -DRWORDSIZE=4 -DLWORDSIZE=4 -DNONSTANDARD_SYSTEM_FUNC  -DWRF_USE_CLM  -DSNICAR_FRC    -DDM_PARALLEL -DNETCDF -DUSE_ALLOCATABLES -DGRIB1 -DINTIO -DKEEP_INT_AROUND -DLIMIT_ARGS -DCONFIG_BUF_LEN=65536 -DMAX_DOMAINS_F=21 -DMAX_HISTORY=25 -DNMM_NEST=0 -DWRF_CHEM -DBUILD_CHEM=1 -DWRF_KPP -I. -traditional-cpp   module_io_wrf.b  > module_io_wrf.f90
rm -f module_io_wrf.b
if fgrep -iq '!$OMP' module_io_wrf.f90 ; then \
          if [ -n "" ] ; then echo COMPILING module_io_wrf.F WITH OMP ; fi ; \
  time mpif90 -f90=ifort -c -real-size `expr 8 \* 4` -i4 -O0 -fno-inline -no-ip -ip -fp-model precise -w -ftz -align all -fno-alias -FR -convert big_endian   -I../dyn_em -I../dyn_nmm   -I/glade/work/rkumar/NASA_HMA/WRFchem_HMA/external/esmf_time_f90  -I/glade/work/rkumar/NASA_HMA/WRFchem_HMA/main -I/glade/work/rkumar/NASA_HMA/WRFchem_HMA/external/io_netcdf -I/glade/work/rkumar/NASA_HMA/WRFchem_HMA/external/io_int -I/glade/work/rkumar/NASA_HMA/WRFchem_HMA/frame -I/glade/work/rkumar/NASA_HMA/WRFchem_HMA/share -I/glade/work/rkumar/NASA_HMA/WRFchem_HMA/phys -I/glade/work/rkumar/NASA_HMA/WRFchem_HMA/chem -I/glade/work/rkumar/NASA_HMA/WRFchem_HMA/inc -I/glade/u/apps/ch/opt/netcdf/4.8.1/intel/19.1.1//include    module_io_wrf.f90 ; \
        else \
          if [ -n "" ] ; then echo COMPILING module_io_wrf.F WITHOUT OMP ; fi ; \
  time mpif90 -f90=ifort -c -real-size `expr 8 \* 4` -i4 -O0 -fno-inline -no-ip -ip -fp-model precise -w -ftz -align all -fno-alias -FR -convert big_endian   -I../dyn_em -I../dyn_nmm   -I/glade/work/rkumar/NASA_HMA/WRFchem_HMA/external/esmf_time_f90  -I/glade/work/rkumar/NASA_HMA/WRFchem_HMA/main -I/glade/work/rkumar/NASA_HMA/WRFchem_HMA/external/io_netcdf -I/glade/work/rkumar/NASA_HMA/WRFchem_HMA/external/io_int -I/glade/work/rkumar/NASA_HMA/WRFchem_HMA/frame -I/glade/work/rkumar/NASA_HMA/WRFchem_HMA/share -I/glade/work/rkumar/NASA_HMA/WRFchem_HMA/phys -I/glade/work/rkumar/NASA_HMA/WRFchem_HMA/chem -I/glade/work/rkumar/NASA_HMA/WRFchem_HMA/inc -I/glade/u/apps/ch/opt/netcdf/4.8.1/intel/19.1.1//include   module_io_wrf.f90 ; \
        fi

real	0m0.627s
user	0m0.070s
sys	0m0.508s
rm -f module_soil_pre.o
sed -e "s/grid%mu/gridmu/g" -e "s/grid%Mu/gridMu/g" -e "s/^\!.*'.*//" -e "s/^ *\!.*'.*//" module_soil_pre.F > module_soil_pre.G
/lib/cpp -P -nostdinc -I/glade/work/rkumar/NASA_HMA/WRFchem_HMA/inc -DEM_CORE=1 -DNMM_CORE=0 -DNMM_MAX_DIM=2600 -DCOAMPS_CORE=0 -DDA_CORE=0 -DEXP_CORE=0 -DIWORDSIZE=4 -DDWORDSIZE=8 -DRWORDSIZE=4 -DLWORDSIZE=4 -DNONSTANDARD_SYSTEM_FUNC  -DWRF_USE_CLM  -DSNICAR_FRC    -DDM_PARALLEL -DNETCDF -DUSE_ALLOCATABLES -DGRIB1 -DINTIO -DKEEP_INT_AROUND -DLIMIT_ARGS -DCONFIG_BUF_LEN=65536 -DMAX_DOMAINS_F=21 -DMAX_HISTORY=25 -DNMM_NEST=0 -DWRF_CHEM -DBUILD_CHEM=1 -DWRF_KPP -I. -traditional-cpp   module_soil_pre.G  > module_soil_pre.H
sed -e "s/gridmu/grid%mu/g" -e "s/gridMu/grid%Mu/g" module_soil_pre.H > module_soil_pre.bb
/glade/work/rkumar/NASA_HMA/WRFchem_HMA/tools/standard.exe module_soil_pre.bb | /lib/cpp -P -nostdinc -traditional-cpp > module_soil_pre.f90
rm -f module_soil_pre.G module_soil_pre.H module_soil_pre.bb
time mpif90 -f90=ifort -o module_soil_pre.o -c -O3 -ip -fp-model precise -w -ftz -align all -fno-alias -FR -convert big_endian    -I../dyn_em -I../dyn_nmm   -I/glade/work/rkumar/NASA_HMA/WRFchem_HMA/external/esmf_time_f90  -I/glade/work/rkumar/NASA_HMA/WRFchem_HMA/main -I/glade/work/rkumar/NASA_HMA/WRFchem_HMA/external/io_netcdf -I/glade/work/rkumar/NASA_HMA/WRFchem_HMA/external/io_int -I/glade/work/rkumar/NASA_HMA/WRFchem_HMA/frame -I/glade/work/rkumar/NASA_HMA/WRFchem_HMA/share -I/glade/work/rkumar/NASA_HMA/WRFchem_HMA/phys -I/glade/work/rkumar/NASA_HMA/WRFchem_HMA/chem -I/glade/work/rkumar/NASA_HMA/WRFchem_HMA/inc -I/glade/u/apps/ch/opt/netcdf/4.8.1/intel/19.1.1//include  -real-size `expr 8 \* 4` -i4  module_soil_pre.f90

real	0m4.685s
user	0m4.128s
sys	0m0.504s
rm -f wrf_tsin.o
/glade/work/rkumar/NASA_HMA/WRFchem_HMA/tools/standard.exe wrf_tsin.F > wrf_tsin.b 
/lib/cpp -P -nostdinc -I/glade/work/rkumar/NASA_HMA/WRFchem_HMA/inc -DEM_CORE=1 -DNMM_CORE=0 -DNMM_MAX_DIM=2600 -DCOAMPS_CORE=0 -DDA_CORE=0 -DEXP_CORE=0 -DIWORDSIZE=4 -DDWORDSIZE=8 -DRWORDSIZE=4 -DLWORDSIZE=4 -DNONSTANDARD_SYSTEM_FUNC  -DWRF_USE_CLM  -DSNICAR_FRC    -DDM_PARALLEL -DNETCDF -DUSE_ALLOCATABLES -DGRIB1 -DINTIO -DKEEP_INT_AROUND -DLIMIT_ARGS -DCONFIG_BUF_LEN=65536 -DMAX_DOMAINS_F=21 -DMAX_HISTORY=25 -DNMM_NEST=0 -DWRF_CHEM -DBUILD_CHEM=1 -DWRF_KPP -I. -traditional-cpp   wrf_tsin.b  > wrf_tsin.f90
rm -f wrf_tsin.b
if fgrep -iq '!$OMP' wrf_tsin.f90 ; then \
          if [ -n "" ] ; then echo COMPILING wrf_tsin.F WITH OMP ; fi ; \
  time mpif90 -f90=ifort -c -real-size `expr 8 \* 4` -i4 -O0 -fno-inline -no-ip -ip -fp-model precise -w -ftz -align all -fno-alias -FR -convert big_endian   -I../dyn_em -I../dyn_nmm   -I/glade/work/rkumar/NASA_HMA/WRFchem_HMA/external/esmf_time_f90  -I/glade/work/rkumar/NASA_HMA/WRFchem_HMA/main -I/glade/work/rkumar/NASA_HMA/WRFchem_HMA/external/io_netcdf -I/glade/work/rkumar/NASA_HMA/WRFchem_HMA/external/io_int -I/glade/work/rkumar/NASA_HMA/WRFchem_HMA/frame -I/glade/work/rkumar/NASA_HMA/WRFchem_HMA/share -I/glade/work/rkumar/NASA_HMA/WRFchem_HMA/phys -I/glade/work/rkumar/NASA_HMA/WRFchem_HMA/chem -I/glade/work/rkumar/NASA_HMA/WRFchem_HMA/inc -I/glade/u/apps/ch/opt/netcdf/4.8.1/intel/19.1.1//include    wrf_tsin.f90 ; \
        else \
          if [ -n "" ] ; then echo COMPILING wrf_tsin.F WITHOUT OMP ; fi ; \
  time mpif90 -f90=ifort -c -real-size `expr 8 \* 4` -i4 -O0 -fno-inline -no-ip -ip -fp-model precise -w -ftz -align all -fno-alias -FR -convert big_endian   -I../dyn_em -I../dyn_nmm   -I/glade/work/rkumar/NASA_HMA/WRFchem_HMA/external/esmf_time_f90  -I/glade/work/rkumar/NASA_HMA/WRFchem_HMA/main -I/glade/work/rkumar/NASA_HMA/WRFchem_HMA/external/io_netcdf -I/glade/work/rkumar/NASA_HMA/WRFchem_HMA/external/io_int -I/glade/work/rkumar/NASA_HMA/WRFchem_HMA/frame -I/glade/work/rkumar/NASA_HMA/WRFchem_HMA/share -I/glade/work/rkumar/NASA_HMA/WRFchem_HMA/phys -I/glade/work/rkumar/NASA_HMA/WRFchem_HMA/chem -I/glade/work/rkumar/NASA_HMA/WRFchem_HMA/inc -I/glade/u/apps/ch/opt/netcdf/4.8.1/intel/19.1.1//include   wrf_tsin.f90 ; \
        fi

real	0m0.983s
user	0m0.419s
sys	0m0.533s
rm -f track_input.o
sed -e "s/grid%mu/gridmu/g" -e "s/grid%Mu/gridMu/g" -e "s/^\!.*'.*//" -e "s/^ *\!.*'.*//" track_input.F > track_input.G
/lib/cpp -P -nostdinc -I/glade/work/rkumar/NASA_HMA/WRFchem_HMA/inc -DEM_CORE=1 -DNMM_CORE=0 -DNMM_MAX_DIM=2600 -DCOAMPS_CORE=0 -DDA_CORE=0 -DEXP_CORE=0 -DIWORDSIZE=4 -DDWORDSIZE=8 -DRWORDSIZE=4 -DLWORDSIZE=4 -DNONSTANDARD_SYSTEM_FUNC  -DWRF_USE_CLM  -DSNICAR_FRC    -DDM_PARALLEL -DNETCDF -DUSE_ALLOCATABLES -DGRIB1 -DINTIO -DKEEP_INT_AROUND -DLIMIT_ARGS -DCONFIG_BUF_LEN=65536 -DMAX_DOMAINS_F=21 -DMAX_HISTORY=25 -DNMM_NEST=0 -DWRF_CHEM -DBUILD_CHEM=1 -DWRF_KPP -I. -traditional-cpp   track_input.G  > track_input.H
sed -e "s/gridmu/grid%mu/g" -e "s/gridMu/grid%Mu/g" track_input.H > track_input.bb
/glade/work/rkumar/NASA_HMA/WRFchem_HMA/tools/standard.exe track_input.bb | /lib/cpp -P -nostdinc -traditional-cpp > track_input.f90
rm -f track_input.G track_input.H track_input.bb
time mpif90 -f90=ifort -o track_input.o -c -O3 -ip -fp-model precise -w -ftz -align all -fno-alias -FR -convert big_endian    -I../dyn_em -I../dyn_nmm   -I/glade/work/rkumar/NASA_HMA/WRFchem_HMA/external/esmf_time_f90  -I/glade/work/rkumar/NASA_HMA/WRFchem_HMA/main -I/glade/work/rkumar/NASA_HMA/WRFchem_HMA/external/io_netcdf -I/glade/work/rkumar/NASA_HMA/WRFchem_HMA/external/io_int -I/glade/work/rkumar/NASA_HMA/WRFchem_HMA/frame -I/glade/work/rkumar/NASA_HMA/WRFchem_HMA/share -I/glade/work/rkumar/NASA_HMA/WRFchem_HMA/phys -I/glade/work/rkumar/NASA_HMA/WRFchem_HMA/chem -I/glade/work/rkumar/NASA_HMA/WRFchem_HMA/inc -I/glade/u/apps/ch/opt/netcdf/4.8.1/intel/19.1.1//include  -real-size `expr 8 \* 4` -i4  track_input.f90

real	0m1.385s
user	0m0.810s
sys	0m0.523s
rm -f set_timekeeping.o
sed -e "s/grid%mu/gridmu/g" -e "s/grid%Mu/gridMu/g" -e "s/^\!.*'.*//" -e "s/^ *\!.*'.*//" set_timekeeping.F > set_timekeeping.G
/lib/cpp -P -nostdinc -I/glade/work/rkumar/NASA_HMA/WRFchem_HMA/inc -DEM_CORE=1 -DNMM_CORE=0 -DNMM_MAX_DIM=2600 -DCOAMPS_CORE=0 -DDA_CORE=0 -DEXP_CORE=0 -DIWORDSIZE=4 -DDWORDSIZE=8 -DRWORDSIZE=4 -DLWORDSIZE=4 -DNONSTANDARD_SYSTEM_FUNC  -DWRF_USE_CLM  -DSNICAR_FRC    -DDM_PARALLEL -DNETCDF -DUSE_ALLOCATABLES -DGRIB1 -DINTIO -DKEEP_INT_AROUND -DLIMIT_ARGS -DCONFIG_BUF_LEN=65536 -DMAX_DOMAINS_F=21 -DMAX_HISTORY=25 -DNMM_NEST=0 -DWRF_CHEM -DBUILD_CHEM=1 -DWRF_KPP -I. -traditional-cpp   set_timekeeping.G  > set_timekeeping.H
sed -e "s/gridmu/grid%mu/g" -e "s/gridMu/grid%Mu/g" set_timekeeping.H > set_timekeeping.bb
/glade/work/rkumar/NASA_HMA/WRFchem_HMA/tools/standard.exe set_timekeeping.bb | /lib/cpp -P -nostdinc -traditional-cpp > set_timekeeping.f90
rm -f set_timekeeping.G set_timekeeping.H set_timekeeping.bb
time mpif90 -f90=ifort -o set_timekeeping.o -c -O3 -ip -fp-model precise -w -ftz -align all -fno-alias -FR -convert big_endian    -I../dyn_em -I../dyn_nmm   -I/glade/work/rkumar/NASA_HMA/WRFchem_HMA/external/esmf_time_f90  -I/glade/work/rkumar/NASA_HMA/WRFchem_HMA/main -I/glade/work/rkumar/NASA_HMA/WRFchem_HMA/external/io_netcdf -I/glade/work/rkumar/NASA_HMA/WRFchem_HMA/external/io_int -I/glade/work/rkumar/NASA_HMA/WRFchem_HMA/frame -I/glade/work/rkumar/NASA_HMA/WRFchem_HMA/share -I/glade/work/rkumar/NASA_HMA/WRFchem_HMA/phys -I/glade/work/rkumar/NASA_HMA/WRFchem_HMA/chem -I/glade/work/rkumar/NASA_HMA/WRFchem_HMA/inc -I/glade/u/apps/ch/opt/netcdf/4.8.1/intel/19.1.1//include  -real-size `expr 8 \* 4` -i4  set_timekeeping.f90

real	0m10.800s
user	0m10.118s
sys	0m0.612s
rm -f sint.o
sed -e "s/grid%mu/gridmu/g" -e "s/grid%Mu/gridMu/g" -e "s/^\!.*'.*//" -e "s/^ *\!.*'.*//" sint.F > sint.G
/lib/cpp -P -nostdinc -I/glade/work/rkumar/NASA_HMA/WRFchem_HMA/inc -DEM_CORE=1 -DNMM_CORE=0 -DNMM_MAX_DIM=2600 -DCOAMPS_CORE=0 -DDA_CORE=0 -DEXP_CORE=0 -DIWORDSIZE=4 -DDWORDSIZE=8 -DRWORDSIZE=4 -DLWORDSIZE=4 -DNONSTANDARD_SYSTEM_FUNC  -DWRF_USE_CLM  -DSNICAR_FRC    -DDM_PARALLEL -DNETCDF -DUSE_ALLOCATABLES -DGRIB1 -DINTIO -DKEEP_INT_AROUND -DLIMIT_ARGS -DCONFIG_BUF_LEN=65536 -DMAX_DOMAINS_F=21 -DMAX_HISTORY=25 -DNMM_NEST=0 -DWRF_CHEM -DBUILD_CHEM=1 -DWRF_KPP -I. -traditional-cpp   sint.G  > sint.H
sed -e "s/gridmu/grid%mu/g" -e "s/gridMu/grid%Mu/g" sint.H > sint.bb
/glade/work/rkumar/NASA_HMA/WRFchem_HMA/tools/standard.exe sint.bb | /lib/cpp -P -nostdinc -traditional-cpp > sint.f90
rm -f sint.G sint.H sint.bb
time mpif90 -f90=ifort -o sint.o -c -O3 -ip -fp-model precise -w -ftz -align all -fno-alias -FR -convert big_endian    -I../dyn_em -I../dyn_nmm   -I/glade/work/rkumar/NASA_HMA/WRFchem_HMA/external/esmf_time_f90  -I/glade/work/rkumar/NASA_HMA/WRFchem_HMA/main -I/glade/work/rkumar/NASA_HMA/WRFchem_HMA/external/io_netcdf -I/glade/work/rkumar/NASA_HMA/WRFchem_HMA/external/io_int -I/glade/work/rkumar/NASA_HMA/WRFchem_HMA/frame -I/glade/work/rkumar/NASA_HMA/WRFchem_HMA/share -I/glade/work/rkumar/NASA_HMA/WRFchem_HMA/phys -I/glade/work/rkumar/NASA_HMA/WRFchem_HMA/chem -I/glade/work/rkumar/NASA_HMA/WRFchem_HMA/inc -I/glade/u/apps/ch/opt/netcdf/4.8.1/intel/19.1.1//include  -real-size `expr 8 \* 4` -i4  sint.f90

real	0m1.113s
user	0m0.491s
sys	0m0.607s
rm -f wrf_ext_write_field.o
/lib/cpp -P -nostdinc -I/glade/work/rkumar/NASA_HMA/WRFchem_HMA/inc -DEM_CORE=1 -DNMM_CORE=0 -DNMM_MAX_DIM=2600 -DCOAMPS_CORE=0 -DDA_CORE=0 -DEXP_CORE=0 -DIWORDSIZE=4 -DDWORDSIZE=8 -DRWORDSIZE=4 -DLWORDSIZE=4 -DNONSTANDARD_SYSTEM_FUNC  -DWRF_USE_CLM  -DSNICAR_FRC    -DDM_PARALLEL -DNETCDF -DUSE_ALLOCATABLES -DGRIB1 -DINTIO -DKEEP_INT_AROUND -DLIMIT_ARGS -DCONFIG_BUF_LEN=65536 -DMAX_DOMAINS_F=21 -DMAX_HISTORY=25 -DNMM_NEST=0 -DWRF_CHEM -DBUILD_CHEM=1 -DWRF_KPP -I. -traditional-cpp   wrf_ext_write_field.F  > wrf_ext_write_field.bb
/glade/work/rkumar/NASA_HMA/WRFchem_HMA/tools/standard.exe wrf_ext_write_field.bb | /lib/cpp -P -nostdinc -traditional-cpp > wrf_ext_write_field.f90
rm -f wrf_ext_write_field.b wrf_ext_write_field.bb
time mpif90 -f90=ifort -c -real-size `expr 8 \* 4` -i4  -O0 -fno-inline -no-ip -ip -fp-model precise -w -ftz -align all -fno-alias -FR -convert big_endian   -I../dyn_em -I../dyn_nmm   -I/glade/work/rkumar/NASA_HMA/WRFchem_HMA/external/esmf_time_f90  -I/glade/work/rkumar/NASA_HMA/WRFchem_HMA/main -I/glade/work/rkumar/NASA_HMA/WRFchem_HMA/external/io_netcdf -I/glade/work/rkumar/NASA_HMA/WRFchem_HMA/external/io_int -I/glade/work/rkumar/NASA_HMA/WRFchem_HMA/frame -I/glade/work/rkumar/NASA_HMA/WRFchem_HMA/share -I/glade/work/rkumar/NASA_HMA/WRFchem_HMA/phys -I/glade/work/rkumar/NASA_HMA/WRFchem_HMA/chem -I/glade/work/rkumar/NASA_HMA/WRFchem_HMA/inc -I/glade/u/apps/ch/opt/netcdf/4.8.1/intel/19.1.1//include  wrf_ext_write_field.f90

real	0m1.042s
user	0m0.427s
sys	0m0.570s
rm -f wrf_ext_read_field.o
/lib/cpp -P -nostdinc -I/glade/work/rkumar/NASA_HMA/WRFchem_HMA/inc -DEM_CORE=1 -DNMM_CORE=0 -DNMM_MAX_DIM=2600 -DCOAMPS_CORE=0 -DDA_CORE=0 -DEXP_CORE=0 -DIWORDSIZE=4 -DDWORDSIZE=8 -DRWORDSIZE=4 -DLWORDSIZE=4 -DNONSTANDARD_SYSTEM_FUNC  -DWRF_USE_CLM  -DSNICAR_FRC    -DDM_PARALLEL -DNETCDF -DUSE_ALLOCATABLES -DGRIB1 -DINTIO -DKEEP_INT_AROUND -DLIMIT_ARGS -DCONFIG_BUF_LEN=65536 -DMAX_DOMAINS_F=21 -DMAX_HISTORY=25 -DNMM_NEST=0 -DWRF_CHEM -DBUILD_CHEM=1 -DWRF_KPP -I. -traditional-cpp   wrf_ext_read_field.F  > wrf_ext_read_field.bb
/glade/work/rkumar/NASA_HMA/WRFchem_HMA/tools/standard.exe wrf_ext_read_field.bb | /lib/cpp -P -nostdinc -traditional-cpp > wrf_ext_read_field.f90
rm -f wrf_ext_read_field.b wrf_ext_read_field.bb
time mpif90 -f90=ifort -c -real-size `expr 8 \* 4` -i4  -O0 -fno-inline -no-ip -ip -fp-model precise -w -ftz -align all -fno-alias -FR -convert big_endian   -I../dyn_em -I../dyn_nmm   -I/glade/work/rkumar/NASA_HMA/WRFchem_HMA/external/esmf_time_f90  -I/glade/work/rkumar/NASA_HMA/WRFchem_HMA/main -I/glade/work/rkumar/NASA_HMA/WRFchem_HMA/external/io_netcdf -I/glade/work/rkumar/NASA_HMA/WRFchem_HMA/external/io_int -I/glade/work/rkumar/NASA_HMA/WRFchem_HMA/frame -I/glade/work/rkumar/NASA_HMA/WRFchem_HMA/share -I/glade/work/rkumar/NASA_HMA/WRFchem_HMA/phys -I/glade/work/rkumar/NASA_HMA/WRFchem_HMA/chem -I/glade/work/rkumar/NASA_HMA/WRFchem_HMA/inc -I/glade/u/apps/ch/opt/netcdf/4.8.1/intel/19.1.1//include  wrf_ext_read_field.f90

real	0m1.068s
user	0m0.438s
sys	0m0.574s
rm -f module_io_domain.o
sed -e "s/grid%mu/gridmu/g" -e "s/grid%Mu/gridMu/g" -e "s/^\!.*'.*//" -e "s/^ *\!.*'.*//" module_io_domain.F > module_io_domain.G
/lib/cpp -P -nostdinc -I/glade/work/rkumar/NASA_HMA/WRFchem_HMA/inc -DEM_CORE=1 -DNMM_CORE=0 -DNMM_MAX_DIM=2600 -DCOAMPS_CORE=0 -DDA_CORE=0 -DEXP_CORE=0 -DIWORDSIZE=4 -DDWORDSIZE=8 -DRWORDSIZE=4 -DLWORDSIZE=4 -DNONSTANDARD_SYSTEM_FUNC  -DWRF_USE_CLM  -DSNICAR_FRC    -DDM_PARALLEL -DNETCDF -DUSE_ALLOCATABLES -DGRIB1 -DINTIO -DKEEP_INT_AROUND -DLIMIT_ARGS -DCONFIG_BUF_LEN=65536 -DMAX_DOMAINS_F=21 -DMAX_HISTORY=25 -DNMM_NEST=0 -DWRF_CHEM -DBUILD_CHEM=1 -DWRF_KPP -I. -traditional-cpp   module_io_domain.G  > module_io_domain.H
sed -e "s/gridmu/grid%mu/g" -e "s/gridMu/grid%Mu/g" module_io_domain.H > module_io_domain.bb
/glade/work/rkumar/NASA_HMA/WRFchem_HMA/tools/standard.exe module_io_domain.bb | /lib/cpp -P -nostdinc -traditional-cpp > module_io_domain.f90
rm -f module_io_domain.G module_io_domain.H module_io_domain.bb
time mpif90 -f90=ifort -o module_io_domain.o -c -O3 -ip -fp-model precise -w -ftz -align all -fno-alias -FR -convert big_endian    -I../dyn_em -I../dyn_nmm   -I/glade/work/rkumar/NASA_HMA/WRFchem_HMA/external/esmf_time_f90  -I/glade/work/rkumar/NASA_HMA/WRFchem_HMA/main -I/glade/work/rkumar/NASA_HMA/WRFchem_HMA/external/io_netcdf -I/glade/work/rkumar/NASA_HMA/WRFchem_HMA/external/io_int -I/glade/work/rkumar/NASA_HMA/WRFchem_HMA/frame -I/glade/work/rkumar/NASA_HMA/WRFchem_HMA/share -I/glade/work/rkumar/NASA_HMA/WRFchem_HMA/phys -I/glade/work/rkumar/NASA_HMA/WRFchem_HMA/chem -I/glade/work/rkumar/NASA_HMA/WRFchem_HMA/inc -I/glade/u/apps/ch/opt/netcdf/4.8.1/intel/19.1.1//include  -real-size `expr 8 \* 4` -i4  module_io_domain.f90

real	0m5.800s
user	0m5.098s
sys	0m0.660s
rm -f landread.o
mpicc -cc=icc -DMPI2_SUPPORT -DFSEEKO64_OK  -o landread.o -c -w -O3 -ip  -DDM_PARALLEL -DMAX_HISTORY=25 -DNMM_CORE=0 landread.c
rm -f wrf_fddaobs_in.o
/glade/work/rkumar/NASA_HMA/WRFchem_HMA/tools/standard.exe wrf_fddaobs_in.F > wrf_fddaobs_in.b 
/lib/cpp -P -nostdinc -I/glade/work/rkumar/NASA_HMA/WRFchem_HMA/inc -DEM_CORE=1 -DNMM_CORE=0 -DNMM_MAX_DIM=2600 -DCOAMPS_CORE=0 -DDA_CORE=0 -DEXP_CORE=0 -DIWORDSIZE=4 -DDWORDSIZE=8 -DRWORDSIZE=4 -DLWORDSIZE=4 -DNONSTANDARD_SYSTEM_FUNC  -DWRF_USE_CLM  -DSNICAR_FRC    -DDM_PARALLEL -DNETCDF -DUSE_ALLOCATABLES -DGRIB1 -DINTIO -DKEEP_INT_AROUND -DLIMIT_ARGS -DCONFIG_BUF_LEN=65536 -DMAX_DOMAINS_F=21 -DMAX_HISTORY=25 -DNMM_NEST=0 -DWRF_CHEM -DBUILD_CHEM=1 -DWRF_KPP -I. -traditional-cpp   wrf_fddaobs_in.b  > wrf_fddaobs_in.f90
rm -f wrf_fddaobs_in.b
if fgrep -iq '!$OMP' wrf_fddaobs_in.f90 ; then \
          if [ -n "" ] ; then echo COMPILING wrf_fddaobs_in.F WITH OMP ; fi ; \
  time mpif90 -f90=ifort -c -real-size `expr 8 \* 4` -i4 -O0 -fno-inline -no-ip -ip -fp-model precise -w -ftz -align all -fno-alias -FR -convert big_endian   -I../dyn_em -I../dyn_nmm   -I/glade/work/rkumar/NASA_HMA/WRFchem_HMA/external/esmf_time_f90  -I/glade/work/rkumar/NASA_HMA/WRFchem_HMA/main -I/glade/work/rkumar/NASA_HMA/WRFchem_HMA/external/io_netcdf -I/glade/work/rkumar/NASA_HMA/WRFchem_HMA/external/io_int -I/glade/work/rkumar/NASA_HMA/WRFchem_HMA/frame -I/glade/work/rkumar/NASA_HMA/WRFchem_HMA/share -I/glade/work/rkumar/NASA_HMA/WRFchem_HMA/phys -I/glade/work/rkumar/NASA_HMA/WRFchem_HMA/chem -I/glade/work/rkumar/NASA_HMA/WRFchem_HMA/inc -I/glade/u/apps/ch/opt/netcdf/4.8.1/intel/19.1.1//include    wrf_fddaobs_in.f90 ; \
        else \
          if [ -n "" ] ; then echo COMPILING wrf_fddaobs_in.F WITHOUT OMP ; fi ; \
  time mpif90 -f90=ifort -c -real-size `expr 8 \* 4` -i4 -O0 -fno-inline -no-ip -ip -fp-model precise -w -ftz -align all -fno-alias -FR -convert big_endian   -I../dyn_em -I../dyn_nmm   -I/glade/work/rkumar/NASA_HMA/WRFchem_HMA/external/esmf_time_f90  -I/glade/work/rkumar/NASA_HMA/WRFchem_HMA/main -I/glade/work/rkumar/NASA_HMA/WRFchem_HMA/external/io_netcdf -I/glade/work/rkumar/NASA_HMA/WRFchem_HMA/external/io_int -I/glade/work/rkumar/NASA_HMA/WRFchem_HMA/frame -I/glade/work/rkumar/NASA_HMA/WRFchem_HMA/share -I/glade/work/rkumar/NASA_HMA/WRFchem_HMA/phys -I/glade/work/rkumar/NASA_HMA/WRFchem_HMA/chem -I/glade/work/rkumar/NASA_HMA/WRFchem_HMA/inc -I/glade/u/apps/ch/opt/netcdf/4.8.1/intel/19.1.1//include   wrf_fddaobs_in.f90 ; \
        fi

real	0m1.122s
user	0m0.549s
sys	0m0.517s
rm -f setfeenv.o
icc -o setfeenv.o -c -w -O3 -ip  -DDM_PARALLEL -DMAX_HISTORY=25 -DNMM_CORE=0  setfeenv.c
rm -f input_wrf.o
/lib/cpp -P -nostdinc -I/glade/work/rkumar/NASA_HMA/WRFchem_HMA/inc -DEM_CORE=1 -DNMM_CORE=0 -DNMM_MAX_DIM=2600 -DCOAMPS_CORE=0 -DDA_CORE=0 -DEXP_CORE=0 -DIWORDSIZE=4 -DDWORDSIZE=8 -DRWORDSIZE=4 -DLWORDSIZE=4 -DNONSTANDARD_SYSTEM_FUNC  -DWRF_USE_CLM  -DSNICAR_FRC    -DDM_PARALLEL -DNETCDF -DUSE_ALLOCATABLES -DGRIB1 -DINTIO -DKEEP_INT_AROUND -DLIMIT_ARGS -DCONFIG_BUF_LEN=65536 -DMAX_DOMAINS_F=21 -DMAX_HISTORY=25 -DNMM_NEST=0 -DWRF_CHEM -DBUILD_CHEM=1 -DWRF_KPP -I. -traditional-cpp   input_wrf.F  > input_wrf.bb
/glade/work/rkumar/NASA_HMA/WRFchem_HMA/tools/standard.exe input_wrf.bb | /lib/cpp -P -nostdinc -traditional-cpp > input_wrf.f90
rm -f input_wrf.b input_wrf.bb
time mpif90 -f90=ifort -c -real-size `expr 8 \* 4` -i4  -O0 -fno-inline -no-ip -ip -fp-model precise -w -ftz -align all -fno-alias -FR -convert big_endian   -I../dyn_em -I../dyn_nmm   -I/glade/work/rkumar/NASA_HMA/WRFchem_HMA/external/esmf_time_f90  -I/glade/work/rkumar/NASA_HMA/WRFchem_HMA/main -I/glade/work/rkumar/NASA_HMA/WRFchem_HMA/external/io_netcdf -I/glade/work/rkumar/NASA_HMA/WRFchem_HMA/external/io_int -I/glade/work/rkumar/NASA_HMA/WRFchem_HMA/frame -I/glade/work/rkumar/NASA_HMA/WRFchem_HMA/share -I/glade/work/rkumar/NASA_HMA/WRFchem_HMA/phys -I/glade/work/rkumar/NASA_HMA/WRFchem_HMA/chem -I/glade/work/rkumar/NASA_HMA/WRFchem_HMA/inc -I/glade/u/apps/ch/opt/netcdf/4.8.1/intel/19.1.1//include  input_wrf.f90

real	0m1.260s
user	0m0.656s
sys	0m0.553s
rm -f output_wrf.o
/glade/work/rkumar/NASA_HMA/WRFchem_HMA/tools/standard.exe output_wrf.F > output_wrf.b 
/lib/cpp -P -nostdinc -I/glade/work/rkumar/NASA_HMA/WRFchem_HMA/inc -DEM_CORE=1 -DNMM_CORE=0 -DNMM_MAX_DIM=2600 -DCOAMPS_CORE=0 -DDA_CORE=0 -DEXP_CORE=0 -DIWORDSIZE=4 -DDWORDSIZE=8 -DRWORDSIZE=4 -DLWORDSIZE=4 -DNONSTANDARD_SYSTEM_FUNC  -DWRF_USE_CLM  -DSNICAR_FRC    -DDM_PARALLEL -DNETCDF -DUSE_ALLOCATABLES -DGRIB1 -DINTIO -DKEEP_INT_AROUND -DLIMIT_ARGS -DCONFIG_BUF_LEN=65536 -DMAX_DOMAINS_F=21 -DMAX_HISTORY=25 -DNMM_NEST=0 -DWRF_CHEM -DBUILD_CHEM=1 -DWRF_KPP -I. -traditional-cpp   output_wrf.b  > output_wrf.f90

real	0m6.081s
user	0m5.428s
sys	0m0.590s
rm -f wrf_bdyout.o
/lib/cpp -P -nostdinc -I/glade/work/rkumar/NASA_HMA/WRFchem_HMA/inc -DEM_CORE=1 -DNMM_CORE=0 -DNMM_MAX_DIM=2600 -DCOAMPS_CORE=0 -DDA_CORE=0 -DEXP_CORE=0 -DIWORDSIZE=4 -DDWORDSIZE=8 -DRWORDSIZE=4 -DLWORDSIZE=4 -DNONSTANDARD_SYSTEM_FUNC  -DWRF_USE_CLM  -DSNICAR_FRC    -DDM_PARALLEL -DNETCDF -DUSE_ALLOCATABLES -DGRIB1 -DINTIO -DKEEP_INT_AROUND -DLIMIT_ARGS -DCONFIG_BUF_LEN=65536 -DMAX_DOMAINS_F=21 -DMAX_HISTORY=25 -DNMM_NEST=0 -DWRF_CHEM -DBUILD_CHEM=1 -DWRF_KPP -I. -traditional-cpp   wrf_bdyout.F  > wrf_bdyout.bb
rm -f output_wrf.b
if fgrep -iq '!$OMP' output_wrf.f90 ; then \
          if [ -n "" ] ; then echo COMPILING output_wrf.F WITH OMP ; fi ; \
  time mpif90 -f90=ifort -c -real-size `expr 8 \* 4` -i4 -O0 -fno-inline -no-ip -ip -fp-model precise -w -ftz -align all -fno-alias -FR -convert big_endian   -I../dyn_em -I../dyn_nmm   -I/glade/work/rkumar/NASA_HMA/WRFchem_HMA/external/esmf_time_f90  -I/glade/work/rkumar/NASA_HMA/WRFchem_HMA/main -I/glade/work/rkumar/NASA_HMA/WRFchem_HMA/external/io_netcdf -I/glade/work/rkumar/NASA_HMA/WRFchem_HMA/external/io_int -I/glade/work/rkumar/NASA_HMA/WRFchem_HMA/frame -I/glade/work/rkumar/NASA_HMA/WRFchem_HMA/share -I/glade/work/rkumar/NASA_HMA/WRFchem_HMA/phys -I/glade/work/rkumar/NASA_HMA/WRFchem_HMA/chem -I/glade/work/rkumar/NASA_HMA/WRFchem_HMA/inc -I/glade/u/apps/ch/opt/netcdf/4.8.1/intel/19.1.1//include    output_wrf.f90 ; \
        else \
          if [ -n "" ] ; then echo COMPILING output_wrf.F WITHOUT OMP ; fi ; \
  time mpif90 -f90=ifort -c -real-size `expr 8 \* 4` -i4 -O0 -fno-inline -no-ip -ip -fp-model precise -w -ftz -align all -fno-alias -FR -convert big_endian   -I../dyn_em -I../dyn_nmm   -I/glade/work/rkumar/NASA_HMA/WRFchem_HMA/external/esmf_time_f90  -I/glade/work/rkumar/NASA_HMA/WRFchem_HMA/main -I/glade/work/rkumar/NASA_HMA/WRFchem_HMA/external/io_netcdf -I/glade/work/rkumar/NASA_HMA/WRFchem_HMA/external/io_int -I/glade/work/rkumar/NASA_HMA/WRFchem_HMA/frame -I/glade/work/rkumar/NASA_HMA/WRFchem_HMA/share -I/glade/work/rkumar/NASA_HMA/WRFchem_HMA/phys -I/glade/work/rkumar/NASA_HMA/WRFchem_HMA/chem -I/glade/work/rkumar/NASA_HMA/WRFchem_HMA/inc -I/glade/u/apps/ch/opt/netcdf/4.8.1/intel/19.1.1//include   output_wrf.f90 ; \
        fi
/glade/work/rkumar/NASA_HMA/WRFchem_HMA/tools/standard.exe wrf_bdyout.bb | /lib/cpp -P -nostdinc -traditional-cpp > wrf_bdyout.f90
rm -f wrf_bdyout.b wrf_bdyout.bb
time mpif90 -f90=ifort -c -real-size `expr 8 \* 4` -i4  -O0 -fno-inline -no-ip -ip -fp-model precise -w -ftz -align all -fno-alias -FR -convert big_endian   -I../dyn_em -I../dyn_nmm   -I/glade/work/rkumar/NASA_HMA/WRFchem_HMA/external/esmf_time_f90  -I/glade/work/rkumar/NASA_HMA/WRFchem_HMA/main -I/glade/work/rkumar/NASA_HMA/WRFchem_HMA/external/io_netcdf -I/glade/work/rkumar/NASA_HMA/WRFchem_HMA/external/io_int -I/glade/work/rkumar/NASA_HMA/WRFchem_HMA/frame -I/glade/work/rkumar/NASA_HMA/WRFchem_HMA/share -I/glade/work/rkumar/NASA_HMA/WRFchem_HMA/phys -I/glade/work/rkumar/NASA_HMA/WRFchem_HMA/chem -I/glade/work/rkumar/NASA_HMA/WRFchem_HMA/inc -I/glade/u/apps/ch/opt/netcdf/4.8.1/intel/19.1.1//include  wrf_bdyout.f90

real	0m1.360s
user	0m0.709s
sys	0m0.608s
rm -f wrf_bdyin.o
/lib/cpp -P -nostdinc -I/glade/work/rkumar/NASA_HMA/WRFchem_HMA/inc -DEM_CORE=1 -DNMM_CORE=0 -DNMM_MAX_DIM=2600 -DCOAMPS_CORE=0 -DDA_CORE=0 -DEXP_CORE=0 -DIWORDSIZE=4 -DDWORDSIZE=8 -DRWORDSIZE=4 -DLWORDSIZE=4 -DNONSTANDARD_SYSTEM_FUNC  -DWRF_USE_CLM  -DSNICAR_FRC    -DDM_PARALLEL -DNETCDF -DUSE_ALLOCATABLES -DGRIB1 -DINTIO -DKEEP_INT_AROUND -DLIMIT_ARGS -DCONFIG_BUF_LEN=65536 -DMAX_DOMAINS_F=21 -DMAX_HISTORY=25 -DNMM_NEST=0 -DWRF_CHEM -DBUILD_CHEM=1 -DWRF_KPP -I. -traditional-cpp   wrf_bdyin.F  > wrf_bdyin.bb
/glade/work/rkumar/NASA_HMA/WRFchem_HMA/tools/standard.exe wrf_bdyin.bb | /lib/cpp -P -nostdinc -traditional-cpp > wrf_bdyin.f90
rm -f wrf_bdyin.b wrf_bdyin.bb
time mpif90 -f90=ifort -c -real-size `expr 8 \* 4` -i4  -O0 -fno-inline -no-ip -ip -fp-model precise -w -ftz -align all -fno-alias -FR -convert big_endian   -I../dyn_em -I../dyn_nmm   -I/glade/work/rkumar/NASA_HMA/WRFchem_HMA/external/esmf_time_f90  -I/glade/work/rkumar/NASA_HMA/WRFchem_HMA/main -I/glade/work/rkumar/NASA_HMA/WRFchem_HMA/external/io_netcdf -I/glade/work/rkumar/NASA_HMA/WRFchem_HMA/external/io_int -I/glade/work/rkumar/NASA_HMA/WRFchem_HMA/frame -I/glade/work/rkumar/NASA_HMA/WRFchem_HMA/share -I/glade/work/rkumar/NASA_HMA/WRFchem_HMA/phys -I/glade/work/rkumar/NASA_HMA/WRFchem_HMA/chem -I/glade/work/rkumar/NASA_HMA/WRFchem_HMA/inc -I/glade/u/apps/ch/opt/netcdf/4.8.1/intel/19.1.1//include  wrf_bdyin.f90

real	0m1.479s
user	0m0.808s
sys	0m0.619s
rm -f dfi.o
sed -e "s/grid%mu/gridmu/g" -e "s/grid%Mu/gridMu/g" -e "s/^\!.*'.*//" -e "s/^ *\!.*'.*//" dfi.F > dfi.G
/lib/cpp -P -nostdinc -I/glade/work/rkumar/NASA_HMA/WRFchem_HMA/inc -DEM_CORE=1 -DNMM_CORE=0 -DNMM_MAX_DIM=2600 -DCOAMPS_CORE=0 -DDA_CORE=0 -DEXP_CORE=0 -DIWORDSIZE=4 -DDWORDSIZE=8 -DRWORDSIZE=4 -DLWORDSIZE=4 -DNONSTANDARD_SYSTEM_FUNC  -DWRF_USE_CLM  -DSNICAR_FRC    -DDM_PARALLEL -DNETCDF -DUSE_ALLOCATABLES -DGRIB1 -DINTIO -DKEEP_INT_AROUND -DLIMIT_ARGS -DCONFIG_BUF_LEN=65536 -DMAX_DOMAINS_F=21 -DMAX_HISTORY=25 -DNMM_NEST=0 -DWRF_CHEM -DBUILD_CHEM=1 -DWRF_KPP -I. -traditional-cpp   dfi.G  > dfi.H
sed -e "s/gridmu/grid%mu/g" -e "s/gridMu/grid%Mu/g" dfi.H > dfi.bb
/glade/work/rkumar/NASA_HMA/WRFchem_HMA/tools/standard.exe dfi.bb | /lib/cpp -P -nostdinc -traditional-cpp > dfi.f90
rm -f dfi.G dfi.H dfi.bb
time mpif90 -f90=ifort -o dfi.o -c -O3 -ip -fp-model precise -w -ftz -align all -fno-alias -FR -convert big_endian    -I../dyn_em -I../dyn_nmm   -I/glade/work/rkumar/NASA_HMA/WRFchem_HMA/external/esmf_time_f90  -I/glade/work/rkumar/NASA_HMA/WRFchem_HMA/main -I/glade/work/rkumar/NASA_HMA/WRFchem_HMA/external/io_netcdf -I/glade/work/rkumar/NASA_HMA/WRFchem_HMA/external/io_int -I/glade/work/rkumar/NASA_HMA/WRFchem_HMA/frame -I/glade/work/rkumar/NASA_HMA/WRFchem_HMA/share -I/glade/work/rkumar/NASA_HMA/WRFchem_HMA/phys -I/glade/work/rkumar/NASA_HMA/WRFchem_HMA/chem -I/glade/work/rkumar/NASA_HMA/WRFchem_HMA/inc -I/glade/u/apps/ch/opt/netcdf/4.8.1/intel/19.1.1//include  -real-size `expr 8 \* 4` -i4  dfi.f90

real	0m1.461s
user	0m0.808s
sys	0m0.587s
rm -f mediation_integrate.o
sed -e "s/grid%mu/gridmu/g" -e "s/grid%Mu/gridMu/g" -e "s/^\!.*'.*//" -e "s/^ *\!.*'.*//" mediation_integrate.F > mediation_integrate.G
/lib/cpp -P -nostdinc -I/glade/work/rkumar/NASA_HMA/WRFchem_HMA/inc -DEM_CORE=1 -DNMM_CORE=0 -DNMM_MAX_DIM=2600 -DCOAMPS_CORE=0 -DDA_CORE=0 -DEXP_CORE=0 -DIWORDSIZE=4 -DDWORDSIZE=8 -DRWORDSIZE=4 -DLWORDSIZE=4 -DNONSTANDARD_SYSTEM_FUNC  -DWRF_USE_CLM  -DSNICAR_FRC    -DDM_PARALLEL -DNETCDF -DUSE_ALLOCATABLES -DGRIB1 -DINTIO -DKEEP_INT_AROUND -DLIMIT_ARGS -DCONFIG_BUF_LEN=65536 -DMAX_DOMAINS_F=21 -DMAX_HISTORY=25 -DNMM_NEST=0 -DWRF_CHEM -DBUILD_CHEM=1 -DWRF_KPP -I. -traditional-cpp   mediation_integrate.G  > mediation_integrate.H
sed -e "s/gridmu/grid%mu/g" -e "s/gridMu/grid%Mu/g" mediation_integrate.H > mediation_integrate.bb
/glade/work/rkumar/NASA_HMA/WRFchem_HMA/tools/standard.exe mediation_integrate.bb | /lib/cpp -P -nostdinc -traditional-cpp > mediation_integrate.f90
rm -f mediation_integrate.G mediation_integrate.H mediation_integrate.bb
time mpif90 -f90=ifort -o mediation_integrate.o -c -O3 -ip -fp-model precise -w -ftz -align all -fno-alias -FR -convert big_endian    -I../dyn_em -I../dyn_nmm   -I/glade/work/rkumar/NASA_HMA/WRFchem_HMA/external/esmf_time_f90  -I/glade/work/rkumar/NASA_HMA/WRFchem_HMA/main -I/glade/work/rkumar/NASA_HMA/WRFchem_HMA/external/io_netcdf -I/glade/work/rkumar/NASA_HMA/WRFchem_HMA/external/io_int -I/glade/work/rkumar/NASA_HMA/WRFchem_HMA/frame -I/glade/work/rkumar/NASA_HMA/WRFchem_HMA/share -I/glade/work/rkumar/NASA_HMA/WRFchem_HMA/phys -I/glade/work/rkumar/NASA_HMA/WRFchem_HMA/chem -I/glade/work/rkumar/NASA_HMA/WRFchem_HMA/inc -I/glade/u/apps/ch/opt/netcdf/4.8.1/intel/19.1.1//include  -real-size `expr 8 \* 4` -i4  mediation_integrate.f90

real	0m11.474s
user	0m9.889s
sys	0m1.521s
rm -f mediation_wrfmain.o
sed -e "s/grid%mu/gridmu/g" -e "s/grid%Mu/gridMu/g" -e "s/^\!.*'.*//" -e "s/^ *\!.*'.*//" mediation_wrfmain.F > mediation_wrfmain.G
/lib/cpp -P -nostdinc -I/glade/work/rkumar/NASA_HMA/WRFchem_HMA/inc -DEM_CORE=1 -DNMM_CORE=0 -DNMM_MAX_DIM=2600 -DCOAMPS_CORE=0 -DDA_CORE=0 -DEXP_CORE=0 -DIWORDSIZE=4 -DDWORDSIZE=8 -DRWORDSIZE=4 -DLWORDSIZE=4 -DNONSTANDARD_SYSTEM_FUNC  -DWRF_USE_CLM  -DSNICAR_FRC    -DDM_PARALLEL -DNETCDF -DUSE_ALLOCATABLES -DGRIB1 -DINTIO -DKEEP_INT_AROUND -DLIMIT_ARGS -DCONFIG_BUF_LEN=65536 -DMAX_DOMAINS_F=21 -DMAX_HISTORY=25 -DNMM_NEST=0 -DWRF_CHEM -DBUILD_CHEM=1 -DWRF_KPP -I. -traditional-cpp   mediation_wrfmain.G  > mediation_wrfmain.H
sed -e "s/gridmu/grid%mu/g" -e "s/gridMu/grid%Mu/g" mediation_wrfmain.H > mediation_wrfmain.bb
/glade/work/rkumar/NASA_HMA/WRFchem_HMA/tools/standard.exe mediation_wrfmain.bb | /lib/cpp -P -nostdinc -traditional-cpp > mediation_wrfmain.f90
rm -f mediation_wrfmain.G mediation_wrfmain.H mediation_wrfmain.bb
time mpif90 -f90=ifort -o mediation_wrfmain.o -c -O3 -ip -fp-model precise -w -ftz -align all -fno-alias -FR -convert big_endian    -I../dyn_em -I../dyn_nmm   -I/glade/work/rkumar/NASA_HMA/WRFchem_HMA/external/esmf_time_f90  -I/glade/work/rkumar/NASA_HMA/WRFchem_HMA/main -I/glade/work/rkumar/NASA_HMA/WRFchem_HMA/external/io_netcdf -I/glade/work/rkumar/NASA_HMA/WRFchem_HMA/external/io_int -I/glade/work/rkumar/NASA_HMA/WRFchem_HMA/frame -I/glade/work/rkumar/NASA_HMA/WRFchem_HMA/share -I/glade/work/rkumar/NASA_HMA/WRFchem_HMA/phys -I/glade/work/rkumar/NASA_HMA/WRFchem_HMA/chem -I/glade/work/rkumar/NASA_HMA/WRFchem_HMA/inc -I/glade/u/apps/ch/opt/netcdf/4.8.1/intel/19.1.1//include  -real-size `expr 8 \* 4` -i4  mediation_wrfmain.f90

real	0m7.110s
user	0m6.311s
sys	0m0.740s
rm -f module_random.o
sed -e "s/grid%mu/gridmu/g" -e "s/grid%Mu/gridMu/g" -e "s/^\!.*'.*//" -e "s/^ *\!.*'.*//" module_random.F > module_random.G
/lib/cpp -P -nostdinc -I/glade/work/rkumar/NASA_HMA/WRFchem_HMA/inc -DEM_CORE=1 -DNMM_CORE=0 -DNMM_MAX_DIM=2600 -DCOAMPS_CORE=0 -DDA_CORE=0 -DEXP_CORE=0 -DIWORDSIZE=4 -DDWORDSIZE=8 -DRWORDSIZE=4 -DLWORDSIZE=4 -DNONSTANDARD_SYSTEM_FUNC  -DWRF_USE_CLM  -DSNICAR_FRC    -DDM_PARALLEL -DNETCDF -DUSE_ALLOCATABLES -DGRIB1 -DINTIO -DKEEP_INT_AROUND -DLIMIT_ARGS -DCONFIG_BUF_LEN=65536 -DMAX_DOMAINS_F=21 -DMAX_HISTORY=25 -DNMM_NEST=0 -DWRF_CHEM -DBUILD_CHEM=1 -DWRF_KPP -I. -traditional-cpp   module_random.G  > module_random.H
sed -e "s/gridmu/grid%mu/g" -e "s/gridMu/grid%Mu/g" module_random.H > module_random.bb
/glade/work/rkumar/NASA_HMA/WRFchem_HMA/tools/standard.exe module_random.bb | /lib/cpp -P -nostdinc -traditional-cpp > module_random.f90
rm -f module_random.G module_random.H module_random.bb
time mpif90 -f90=ifort -o module_random.o -c -O3 -ip -fp-model precise -w -ftz -align all -fno-alias -FR -convert big_endian    -I../dyn_em -I../dyn_nmm   -I/glade/work/rkumar/NASA_HMA/WRFchem_HMA/external/esmf_time_f90  -I/glade/work/rkumar/NASA_HMA/WRFchem_HMA/main -I/glade/work/rkumar/NASA_HMA/WRFchem_HMA/external/io_netcdf -I/glade/work/rkumar/NASA_HMA/WRFchem_HMA/external/io_int -I/glade/work/rkumar/NASA_HMA/WRFchem_HMA/frame -I/glade/work/rkumar/NASA_HMA/WRFchem_HMA/share -I/glade/work/rkumar/NASA_HMA/WRFchem_HMA/phys -I/glade/work/rkumar/NASA_HMA/WRFchem_HMA/chem -I/glade/work/rkumar/NASA_HMA/WRFchem_HMA/inc -I/glade/u/apps/ch/opt/netcdf/4.8.1/intel/19.1.1//include  -real-size `expr 8 \* 4` -i4  module_random.f90

real	0m0.673s
user	0m0.136s
sys	0m0.489s
rm -f module_interp_nmm.o
sed -e "s/grid%mu/gridmu/g" -e "s/grid%Mu/gridMu/g" -e "s/^\!.*'.*//" -e "s/^ *\!.*'.*//" module_interp_nmm.F > module_interp_nmm.G
/lib/cpp -P -nostdinc -I/glade/work/rkumar/NASA_HMA/WRFchem_HMA/inc -DEM_CORE=1 -DNMM_CORE=0 -DNMM_MAX_DIM=2600 -DCOAMPS_CORE=0 -DDA_CORE=0 -DEXP_CORE=0 -DIWORDSIZE=4 -DDWORDSIZE=8 -DRWORDSIZE=4 -DLWORDSIZE=4 -DNONSTANDARD_SYSTEM_FUNC  -DWRF_USE_CLM  -DSNICAR_FRC    -DDM_PARALLEL -DNETCDF -DUSE_ALLOCATABLES -DGRIB1 -DINTIO -DKEEP_INT_AROUND -DLIMIT_ARGS -DCONFIG_BUF_LEN=65536 -DMAX_DOMAINS_F=21 -DMAX_HISTORY=25 -DNMM_NEST=0 -DWRF_CHEM -DBUILD_CHEM=1 -DWRF_KPP -I. -traditional-cpp   module_interp_nmm.G  > module_interp_nmm.H
sed -e "s/gridmu/grid%mu/g" -e "s/gridMu/grid%Mu/g" module_interp_nmm.H > module_interp_nmm.bb
/glade/work/rkumar/NASA_HMA/WRFchem_HMA/tools/standard.exe module_interp_nmm.bb | /lib/cpp -P -nostdinc -traditional-cpp > module_interp_nmm.f90
rm -f module_interp_nmm.G module_interp_nmm.H module_interp_nmm.bb
time mpif90 -f90=ifort -o module_interp_nmm.o -c -O3 -ip -fp-model precise -w -ftz -align all -fno-alias -FR -convert big_endian    -I../dyn_em -I../dyn_nmm   -I/glade/work/rkumar/NASA_HMA/WRFchem_HMA/external/esmf_time_f90  -I/glade/work/rkumar/NASA_HMA/WRFchem_HMA/main -I/glade/work/rkumar/NASA_HMA/WRFchem_HMA/external/io_netcdf -I/glade/work/rkumar/NASA_HMA/WRFchem_HMA/external/io_int -I/glade/work/rkumar/NASA_HMA/WRFchem_HMA/frame -I/glade/work/rkumar/NASA_HMA/WRFchem_HMA/share -I/glade/work/rkumar/NASA_HMA/WRFchem_HMA/phys -I/glade/work/rkumar/NASA_HMA/WRFchem_HMA/chem -I/glade/work/rkumar/NASA_HMA/WRFchem_HMA/inc -I/glade/u/apps/ch/opt/netcdf/4.8.1/intel/19.1.1//include  -real-size `expr 8 \* 4` -i4  module_interp_nmm.f90

real	0m23.374s
user	0m20.888s
sys	0m2.214s
rm -f module_trajectory.o
sed -e "s/grid%mu/gridmu/g" -e "s/grid%Mu/gridMu/g" -e "s/^\!.*'.*//" -e "s/^ *\!.*'.*//" module_trajectory.F > module_trajectory.G
/lib/cpp -P -nostdinc -I/glade/work/rkumar/NASA_HMA/WRFchem_HMA/inc -DEM_CORE=1 -DNMM_CORE=0 -DNMM_MAX_DIM=2600 -DCOAMPS_CORE=0 -DDA_CORE=0 -DEXP_CORE=0 -DIWORDSIZE=4 -DDWORDSIZE=8 -DRWORDSIZE=4 -DLWORDSIZE=4 -DNONSTANDARD_SYSTEM_FUNC  -DWRF_USE_CLM  -DSNICAR_FRC    -DDM_PARALLEL -DNETCDF -DUSE_ALLOCATABLES -DGRIB1 -DINTIO -DKEEP_INT_AROUND -DLIMIT_ARGS -DCONFIG_BUF_LEN=65536 -DMAX_DOMAINS_F=21 -DMAX_HISTORY=25 -DNMM_NEST=0 -DWRF_CHEM -DBUILD_CHEM=1 -DWRF_KPP -I. -traditional-cpp   module_trajectory.G  > module_trajectory.H
sed -e "s/gridmu/grid%mu/g" -e "s/gridMu/grid%Mu/g" module_trajectory.H > module_trajectory.bb
/glade/work/rkumar/NASA_HMA/WRFchem_HMA/tools/standard.exe module_trajectory.bb | /lib/cpp -P -nostdinc -traditional-cpp > module_trajectory.f90
rm -f module_trajectory.G module_trajectory.H module_trajectory.bb
time mpif90 -f90=ifort -o module_trajectory.o -c -O3 -ip -fp-model precise -w -ftz -align all -fno-alias -FR -convert big_endian    -I../dyn_em -I../dyn_nmm   -I/glade/work/rkumar/NASA_HMA/WRFchem_HMA/external/esmf_time_f90  -I/glade/work/rkumar/NASA_HMA/WRFchem_HMA/main -I/glade/work/rkumar/NASA_HMA/WRFchem_HMA/external/io_netcdf -I/glade/work/rkumar/NASA_HMA/WRFchem_HMA/external/io_int -I/glade/work/rkumar/NASA_HMA/WRFchem_HMA/frame -I/glade/work/rkumar/NASA_HMA/WRFchem_HMA/share -I/glade/work/rkumar/NASA_HMA/WRFchem_HMA/phys -I/glade/work/rkumar/NASA_HMA/WRFchem_HMA/chem -I/glade/work/rkumar/NASA_HMA/WRFchem_HMA/inc -I/glade/u/apps/ch/opt/netcdf/4.8.1/intel/19.1.1//include  -real-size `expr 8 \* 4` -i4  module_trajectory.f90

real	0m5.712s
user	0m5.123s
sys	0m0.531s
rm -f wrf_timeseries.o
sed -e "s/grid%mu/gridmu/g" -e "s/grid%Mu/gridMu/g" -e "s/^\!.*'.*//" -e "s/^ *\!.*'.*//" wrf_timeseries.F > wrf_timeseries.G
/lib/cpp -P -nostdinc -I/glade/work/rkumar/NASA_HMA/WRFchem_HMA/inc -DEM_CORE=1 -DNMM_CORE=0 -DNMM_MAX_DIM=2600 -DCOAMPS_CORE=0 -DDA_CORE=0 -DEXP_CORE=0 -DIWORDSIZE=4 -DDWORDSIZE=8 -DRWORDSIZE=4 -DLWORDSIZE=4 -DNONSTANDARD_SYSTEM_FUNC  -DWRF_USE_CLM  -DSNICAR_FRC    -DDM_PARALLEL -DNETCDF -DUSE_ALLOCATABLES -DGRIB1 -DINTIO -DKEEP_INT_AROUND -DLIMIT_ARGS -DCONFIG_BUF_LEN=65536 -DMAX_DOMAINS_F=21 -DMAX_HISTORY=25 -DNMM_NEST=0 -DWRF_CHEM -DBUILD_CHEM=1 -DWRF_KPP -I. -traditional-cpp   wrf_timeseries.G  > wrf_timeseries.H
sed -e "s/gridmu/grid%mu/g" -e "s/gridMu/grid%Mu/g" wrf_timeseries.H > wrf_timeseries.bb
/glade/work/rkumar/NASA_HMA/WRFchem_HMA/tools/standard.exe wrf_timeseries.bb | /lib/cpp -P -nostdinc -traditional-cpp > wrf_timeseries.f90
rm -f wrf_timeseries.G wrf_timeseries.H wrf_timeseries.bb
time mpif90 -f90=ifort -o wrf_timeseries.o -c -O3 -ip -fp-model precise -w -ftz -align all -fno-alias -FR -convert big_endian    -I../dyn_em -I../dyn_nmm   -I/glade/work/rkumar/NASA_HMA/WRFchem_HMA/external/esmf_time_f90  -I/glade/work/rkumar/NASA_HMA/WRFchem_HMA/main -I/glade/work/rkumar/NASA_HMA/WRFchem_HMA/external/io_netcdf -I/glade/work/rkumar/NASA_HMA/WRFchem_HMA/external/io_int -I/glade/work/rkumar/NASA_HMA/WRFchem_HMA/frame -I/glade/work/rkumar/NASA_HMA/WRFchem_HMA/share -I/glade/work/rkumar/NASA_HMA/WRFchem_HMA/phys -I/glade/work/rkumar/NASA_HMA/WRFchem_HMA/chem -I/glade/work/rkumar/NASA_HMA/WRFchem_HMA/inc -I/glade/u/apps/ch/opt/netcdf/4.8.1/intel/19.1.1//include  -real-size `expr 8 \* 4` -i4  wrf_timeseries.f90

real	0m5.160s
user	0m4.516s
sys	0m0.589s
rm -f track_driver.o
/glade/work/rkumar/NASA_HMA/WRFchem_HMA/tools/standard.exe track_driver.F > track_driver.b 
/lib/cpp -P -nostdinc -I/glade/work/rkumar/NASA_HMA/WRFchem_HMA/inc -DEM_CORE=1 -DNMM_CORE=0 -DNMM_MAX_DIM=2600 -DCOAMPS_CORE=0 -DDA_CORE=0 -DEXP_CORE=0 -DIWORDSIZE=4 -DDWORDSIZE=8 -DRWORDSIZE=4 -DLWORDSIZE=4 -DNONSTANDARD_SYSTEM_FUNC  -DWRF_USE_CLM  -DSNICAR_FRC    -DDM_PARALLEL -DNETCDF -DUSE_ALLOCATABLES -DGRIB1 -DINTIO -DKEEP_INT_AROUND -DLIMIT_ARGS -DCONFIG_BUF_LEN=65536 -DMAX_DOMAINS_F=21 -DMAX_HISTORY=25 -DNMM_NEST=0 -DWRF_CHEM -DBUILD_CHEM=1 -DWRF_KPP -I. -traditional-cpp   track_driver.b  > track_driver.f90
rm -f track_driver.b
if fgrep -iq '!$OMP' track_driver.f90 ; then \
          if [ -n "" ] ; then echo COMPILING track_driver.F WITH OMP ; fi ; \
  time mpif90 -f90=ifort -c -real-size `expr 8 \* 4` -i4 -O0 -fno-inline -no-ip -ip -fp-model precise -w -ftz -align all -fno-alias -FR -convert big_endian   -I../dyn_em -I../dyn_nmm   -I/glade/work/rkumar/NASA_HMA/WRFchem_HMA/external/esmf_time_f90  -I/glade/work/rkumar/NASA_HMA/WRFchem_HMA/main -I/glade/work/rkumar/NASA_HMA/WRFchem_HMA/external/io_netcdf -I/glade/work/rkumar/NASA_HMA/WRFchem_HMA/external/io_int -I/glade/work/rkumar/NASA_HMA/WRFchem_HMA/frame -I/glade/work/rkumar/NASA_HMA/WRFchem_HMA/share -I/glade/work/rkumar/NASA_HMA/WRFchem_HMA/phys -I/glade/work/rkumar/NASA_HMA/WRFchem_HMA/chem -I/glade/work/rkumar/NASA_HMA/WRFchem_HMA/inc -I/glade/u/apps/ch/opt/netcdf/4.8.1/intel/19.1.1//include    track_driver.f90 ; \
        else \
          if [ -n "" ] ; then echo COMPILING track_driver.F WITHOUT OMP ; fi ; \
  time mpif90 -f90=ifort -c -real-size `expr 8 \* 4` -i4 -O0 -fno-inline -no-ip -ip -fp-model precise -w -ftz -align all -fno-alias -FR -convert big_endian   -I../dyn_em -I../dyn_nmm   -I/glade/work/rkumar/NASA_HMA/WRFchem_HMA/external/esmf_time_f90  -I/glade/work/rkumar/NASA_HMA/WRFchem_HMA/main -I/glade/work/rkumar/NASA_HMA/WRFchem_HMA/external/io_netcdf -I/glade/work/rkumar/NASA_HMA/WRFchem_HMA/external/io_int -I/glade/work/rkumar/NASA_HMA/WRFchem_HMA/frame -I/glade/work/rkumar/NASA_HMA/WRFchem_HMA/share -I/glade/work/rkumar/NASA_HMA/WRFchem_HMA/phys -I/glade/work/rkumar/NASA_HMA/WRFchem_HMA/chem -I/glade/work/rkumar/NASA_HMA/WRFchem_HMA/inc -I/glade/u/apps/ch/opt/netcdf/4.8.1/intel/19.1.1//include   track_driver.f90 ; \
        fi

real	0m1.651s
user	0m0.979s
sys	0m0.618s
rm -f init_modules.o
sed -e "s/grid%mu/gridmu/g" -e "s/grid%Mu/gridMu/g" -e "s/^\!.*'.*//" -e "s/^ *\!.*'.*//" init_modules.F > init_modules.G
/lib/cpp -P -nostdinc -I/glade/work/rkumar/NASA_HMA/WRFchem_HMA/inc -DEM_CORE=1 -DNMM_CORE=0 -DNMM_MAX_DIM=2600 -DCOAMPS_CORE=0 -DDA_CORE=0 -DEXP_CORE=0 -DIWORDSIZE=4 -DDWORDSIZE=8 -DRWORDSIZE=4 -DLWORDSIZE=4 -DNONSTANDARD_SYSTEM_FUNC  -DWRF_USE_CLM  -DSNICAR_FRC    -DDM_PARALLEL -DNETCDF -DUSE_ALLOCATABLES -DGRIB1 -DINTIO -DKEEP_INT_AROUND -DLIMIT_ARGS -DCONFIG_BUF_LEN=65536 -DMAX_DOMAINS_F=21 -DMAX_HISTORY=25 -DNMM_NEST=0 -DWRF_CHEM -DBUILD_CHEM=1 -DWRF_KPP -I. -traditional-cpp   init_modules.G  > init_modules.H
sed -e "s/gridmu/grid%mu/g" -e "s/gridMu/grid%Mu/g" init_modules.H > init_modules.bb
/glade/work/rkumar/NASA_HMA/WRFchem_HMA/tools/standard.exe init_modules.bb | /lib/cpp -P -nostdinc -traditional-cpp > init_modules.f90
rm -f init_modules.G init_modules.H init_modules.bb
time mpif90 -f90=ifort -o init_modules.o -c -O3 -ip -fp-model precise -w -ftz -align all -fno-alias -FR -convert big_endian    -I../dyn_em -I../dyn_nmm   -I/glade/work/rkumar/NASA_HMA/WRFchem_HMA/external/esmf_time_f90  -I/glade/work/rkumar/NASA_HMA/WRFchem_HMA/main -I/glade/work/rkumar/NASA_HMA/WRFchem_HMA/external/io_netcdf -I/glade/work/rkumar/NASA_HMA/WRFchem_HMA/external/io_int -I/glade/work/rkumar/NASA_HMA/WRFchem_HMA/frame -I/glade/work/rkumar/NASA_HMA/WRFchem_HMA/share -I/glade/work/rkumar/NASA_HMA/WRFchem_HMA/phys -I/glade/work/rkumar/NASA_HMA/WRFchem_HMA/chem -I/glade/work/rkumar/NASA_HMA/WRFchem_HMA/inc -I/glade/u/apps/ch/opt/netcdf/4.8.1/intel/19.1.1//include  -real-size `expr 8 \* 4` -i4  init_modules.f90

real	0m0.776s
user	0m0.110s
sys	0m0.548s
rm -f interp_fcn.o
sed -e "s/grid%mu/gridmu/g" -e "s/grid%Mu/gridMu/g" -e "s/^\!.*'.*//" -e "s/^ *\!.*'.*//" interp_fcn.F > interp_fcn.G
/lib/cpp -P -nostdinc -I/glade/work/rkumar/NASA_HMA/WRFchem_HMA/inc -DEM_CORE=1 -DNMM_CORE=0 -DNMM_MAX_DIM=2600 -DCOAMPS_CORE=0 -DDA_CORE=0 -DEXP_CORE=0 -DIWORDSIZE=4 -DDWORDSIZE=8 -DRWORDSIZE=4 -DLWORDSIZE=4 -DNONSTANDARD_SYSTEM_FUNC  -DWRF_USE_CLM  -DSNICAR_FRC    -DDM_PARALLEL -DNETCDF -DUSE_ALLOCATABLES -DGRIB1 -DINTIO -DKEEP_INT_AROUND -DLIMIT_ARGS -DCONFIG_BUF_LEN=65536 -DMAX_DOMAINS_F=21 -DMAX_HISTORY=25 -DNMM_NEST=0 -DWRF_CHEM -DBUILD_CHEM=1 -DWRF_KPP -I. -traditional-cpp   interp_fcn.G  > interp_fcn.H
sed -e "s/gridmu/grid%mu/g" -e "s/gridMu/grid%Mu/g" interp_fcn.H > interp_fcn.bb
/glade/work/rkumar/NASA_HMA/WRFchem_HMA/tools/standard.exe interp_fcn.bb | /lib/cpp -P -nostdinc -traditional-cpp > interp_fcn.f90
rm -f interp_fcn.G interp_fcn.H interp_fcn.bb
time mpif90 -f90=ifort -o interp_fcn.o -c -O3 -ip -fp-model precise -w -ftz -align all -fno-alias -FR -convert big_endian    -I../dyn_em -I../dyn_nmm   -I/glade/work/rkumar/NASA_HMA/WRFchem_HMA/external/esmf_time_f90  -I/glade/work/rkumar/NASA_HMA/WRFchem_HMA/main -I/glade/work/rkumar/NASA_HMA/WRFchem_HMA/external/io_netcdf -I/glade/work/rkumar/NASA_HMA/WRFchem_HMA/external/io_int -I/glade/work/rkumar/NASA_HMA/WRFchem_HMA/frame -I/glade/work/rkumar/NASA_HMA/WRFchem_HMA/share -I/glade/work/rkumar/NASA_HMA/WRFchem_HMA/phys -I/glade/work/rkumar/NASA_HMA/WRFchem_HMA/chem -I/glade/work/rkumar/NASA_HMA/WRFchem_HMA/inc -I/glade/u/apps/ch/opt/netcdf/4.8.1/intel/19.1.1//include  -real-size `expr 8 \* 4` -i4  interp_fcn.f90

real	0m17.800s
user	0m16.527s
sys	0m1.180s
rm -f mediation_nest_move.o
sed -e "s/grid%mu/gridmu/g" -e "s/grid%Mu/gridMu/g" -e "s/^\!.*'.*//" -e "s/^ *\!.*'.*//" mediation_nest_move.F > mediation_nest_move.G
/lib/cpp -P -nostdinc -I/glade/work/rkumar/NASA_HMA/WRFchem_HMA/inc -DEM_CORE=1 -DNMM_CORE=0 -DNMM_MAX_DIM=2600 -DCOAMPS_CORE=0 -DDA_CORE=0 -DEXP_CORE=0 -DIWORDSIZE=4 -DDWORDSIZE=8 -DRWORDSIZE=4 -DLWORDSIZE=4 -DNONSTANDARD_SYSTEM_FUNC  -DWRF_USE_CLM  -DSNICAR_FRC    -DDM_PARALLEL -DNETCDF -DUSE_ALLOCATABLES -DGRIB1 -DINTIO -DKEEP_INT_AROUND -DLIMIT_ARGS -DCONFIG_BUF_LEN=65536 -DMAX_DOMAINS_F=21 -DMAX_HISTORY=25 -DNMM_NEST=0 -DWRF_CHEM -DBUILD_CHEM=1 -DWRF_KPP -I. -traditional-cpp   mediation_nest_move.G  > mediation_nest_move.H
sed -e "s/gridmu/grid%mu/g" -e "s/gridMu/grid%Mu/g" mediation_nest_move.H > mediation_nest_move.bb
/glade/work/rkumar/NASA_HMA/WRFchem_HMA/tools/standard.exe mediation_nest_move.bb | /lib/cpp -P -nostdinc -traditional-cpp > mediation_nest_move.f90
rm -f mediation_nest_move.G mediation_nest_move.H mediation_nest_move.bb

real	0m6.218s
user	0m5.481s
sys	0m0.707s
rm -f module_optional_input.o
sed -e "s/grid%mu/gridmu/g" -e "s/grid%Mu/gridMu/g" -e "s/^\!.*'.*//" -e "s/^ *\!.*'.*//" module_optional_input.F > module_optional_input.G
time mpif90 -f90=ifort -o mediation_nest_move.o -c -O3 -ip -fp-model precise -w -ftz -align all -fno-alias -FR -convert big_endian    -I../dyn_em -I../dyn_nmm   -I/glade/work/rkumar/NASA_HMA/WRFchem_HMA/external/esmf_time_f90  -I/glade/work/rkumar/NASA_HMA/WRFchem_HMA/main -I/glade/work/rkumar/NASA_HMA/WRFchem_HMA/external/io_netcdf -I/glade/work/rkumar/NASA_HMA/WRFchem_HMA/external/io_int -I/glade/work/rkumar/NASA_HMA/WRFchem_HMA/frame -I/glade/work/rkumar/NASA_HMA/WRFchem_HMA/share -I/glade/work/rkumar/NASA_HMA/WRFchem_HMA/phys -I/glade/work/rkumar/NASA_HMA/WRFchem_HMA/chem -I/glade/work/rkumar/NASA_HMA/WRFchem_HMA/inc -I/glade/u/apps/ch/opt/netcdf/4.8.1/intel/19.1.1//include  -real-size `expr 8 \* 4` -i4  mediation_nest_move.f90
/lib/cpp -P -nostdinc -I/glade/work/rkumar/NASA_HMA/WRFchem_HMA/inc -DEM_CORE=1 -DNMM_CORE=0 -DNMM_MAX_DIM=2600 -DCOAMPS_CORE=0 -DDA_CORE=0 -DEXP_CORE=0 -DIWORDSIZE=4 -DDWORDSIZE=8 -DRWORDSIZE=4 -DLWORDSIZE=4 -DNONSTANDARD_SYSTEM_FUNC  -DWRF_USE_CLM  -DSNICAR_FRC    -DDM_PARALLEL -DNETCDF -DUSE_ALLOCATABLES -DGRIB1 -DINTIO -DKEEP_INT_AROUND -DLIMIT_ARGS -DCONFIG_BUF_LEN=65536 -DMAX_DOMAINS_F=21 -DMAX_HISTORY=25 -DNMM_NEST=0 -DWRF_CHEM -DBUILD_CHEM=1 -DWRF_KPP -I. -traditional-cpp   module_optional_input.G  > module_optional_input.H
sed -e "s/gridmu/grid%mu/g" -e "s/gridMu/grid%Mu/g" module_optional_input.H > module_optional_input.bb
/glade/work/rkumar/NASA_HMA/WRFchem_HMA/tools/standard.exe module_optional_input.bb | /lib/cpp -P -nostdinc -traditional-cpp > module_optional_input.f90
rm -f module_optional_input.G module_optional_input.H module_optional_input.bb
time mpif90 -f90=ifort -o module_optional_input.o -c -O3 -ip -fp-model precise -w -ftz -align all -fno-alias -FR -convert big_endian    -I../dyn_em -I../dyn_nmm   -I/glade/work/rkumar/NASA_HMA/WRFchem_HMA/external/esmf_time_f90  -I/glade/work/rkumar/NASA_HMA/WRFchem_HMA/main -I/glade/work/rkumar/NASA_HMA/WRFchem_HMA/external/io_netcdf -I/glade/work/rkumar/NASA_HMA/WRFchem_HMA/external/io_int -I/glade/work/rkumar/NASA_HMA/WRFchem_HMA/frame -I/glade/work/rkumar/NASA_HMA/WRFchem_HMA/share -I/glade/work/rkumar/NASA_HMA/WRFchem_HMA/phys -I/glade/work/rkumar/NASA_HMA/WRFchem_HMA/chem -I/glade/work/rkumar/NASA_HMA/WRFchem_HMA/inc -I/glade/u/apps/ch/opt/netcdf/4.8.1/intel/19.1.1//include  -real-size `expr 8 \* 4` -i4  module_optional_input.f90

real	0m1.850s
user	0m1.091s
sys	0m0.705s
rm -f solve_interface.o
/glade/work/rkumar/NASA_HMA/WRFchem_HMA/tools/standard.exe solve_interface.F > solve_interface.b 
/lib/cpp -P -nostdinc -I/glade/work/rkumar/NASA_HMA/WRFchem_HMA/inc -DEM_CORE=1 -DNMM_CORE=0 -DNMM_MAX_DIM=2600 -DCOAMPS_CORE=0 -DDA_CORE=0 -DEXP_CORE=0 -DIWORDSIZE=4 -DDWORDSIZE=8 -DRWORDSIZE=4 -DLWORDSIZE=4 -DNONSTANDARD_SYSTEM_FUNC  -DWRF_USE_CLM  -DSNICAR_FRC    -DDM_PARALLEL -DNETCDF -DUSE_ALLOCATABLES -DGRIB1 -DINTIO -DKEEP_INT_AROUND -DLIMIT_ARGS -DCONFIG_BUF_LEN=65536 -DMAX_DOMAINS_F=21 -DMAX_HISTORY=25 -DNMM_NEST=0 -DWRF_CHEM -DBUILD_CHEM=1 -DWRF_KPP -I. -traditional-cpp   solve_interface.b  > solve_interface.f90
rm -f solve_interface.b
if fgrep -iq '!$OMP' solve_interface.f90 ; then \
          if [ -n "" ] ; then echo COMPILING solve_interface.F WITH OMP ; fi ; \
  time mpif90 -f90=ifort -c -real-size `expr 8 \* 4` -i4 -O0 -fno-inline -no-ip -ip -fp-model precise -w -ftz -align all -fno-alias -FR -convert big_endian   -I../dyn_em -I../dyn_nmm   -I/glade/work/rkumar/NASA_HMA/WRFchem_HMA/external/esmf_time_f90  -I/glade/work/rkumar/NASA_HMA/WRFchem_HMA/main -I/glade/work/rkumar/NASA_HMA/WRFchem_HMA/external/io_netcdf -I/glade/work/rkumar/NASA_HMA/WRFchem_HMA/external/io_int -I/glade/work/rkumar/NASA_HMA/WRFchem_HMA/frame -I/glade/work/rkumar/NASA_HMA/WRFchem_HMA/share -I/glade/work/rkumar/NASA_HMA/WRFchem_HMA/phys -I/glade/work/rkumar/NASA_HMA/WRFchem_HMA/chem -I/glade/work/rkumar/NASA_HMA/WRFchem_HMA/inc -I/glade/u/apps/ch/opt/netcdf/4.8.1/intel/19.1.1//include    solve_interface.f90 ; \
        else \
          if [ -n "" ] ; then echo COMPILING solve_interface.F WITHOUT OMP ; fi ; \
  time mpif90 -f90=ifort -c -real-size `expr 8 \* 4` -i4 -O0 -fno-inline -no-ip -ip -fp-model precise -w -ftz -align all -fno-alias -FR -convert big_endian   -I../dyn_em -I../dyn_nmm   -I/glade/work/rkumar/NASA_HMA/WRFchem_HMA/external/esmf_time_f90  -I/glade/work/rkumar/NASA_HMA/WRFchem_HMA/main -I/glade/work/rkumar/NASA_HMA/WRFchem_HMA/external/io_netcdf -I/glade/work/rkumar/NASA_HMA/WRFchem_HMA/external/io_int -I/glade/work/rkumar/NASA_HMA/WRFchem_HMA/frame -I/glade/work/rkumar/NASA_HMA/WRFchem_HMA/share -I/glade/work/rkumar/NASA_HMA/WRFchem_HMA/phys -I/glade/work/rkumar/NASA_HMA/WRFchem_HMA/chem -I/glade/work/rkumar/NASA_HMA/WRFchem_HMA/inc -I/glade/u/apps/ch/opt/netcdf/4.8.1/intel/19.1.1//include   solve_interface.f90 ; \
        fi

real	0m1.575s
user	0m0.984s
sys	0m0.527s
rm -f start_domain.o
/glade/work/rkumar/NASA_HMA/WRFchem_HMA/tools/standard.exe start_domain.F > start_domain.b 
/lib/cpp -P -nostdinc -I/glade/work/rkumar/NASA_HMA/WRFchem_HMA/inc -DEM_CORE=1 -DNMM_CORE=0 -DNMM_MAX_DIM=2600 -DCOAMPS_CORE=0 -DDA_CORE=0 -DEXP_CORE=0 -DIWORDSIZE=4 -DDWORDSIZE=8 -DRWORDSIZE=4 -DLWORDSIZE=4 -DNONSTANDARD_SYSTEM_FUNC  -DWRF_USE_CLM  -DSNICAR_FRC    -DDM_PARALLEL -DNETCDF -DUSE_ALLOCATABLES -DGRIB1 -DINTIO -DKEEP_INT_AROUND -DLIMIT_ARGS -DCONFIG_BUF_LEN=65536 -DMAX_DOMAINS_F=21 -DMAX_HISTORY=25 -DNMM_NEST=0 -DWRF_CHEM -DBUILD_CHEM=1 -DWRF_KPP -I. -traditional-cpp   start_domain.b  > start_domain.f90
rm -f start_domain.b
if fgrep -iq '!$OMP' start_domain.f90 ; then \
          if [ -n "" ] ; then echo COMPILING start_domain.F WITH OMP ; fi ; \
  time mpif90 -f90=ifort -c -real-size `expr 8 \* 4` -i4 -O0 -fno-inline -no-ip -ip -fp-model precise -w -ftz -align all -fno-alias -FR -convert big_endian   -I../dyn_em -I../dyn_nmm   -I/glade/work/rkumar/NASA_HMA/WRFchem_HMA/external/esmf_time_f90  -I/glade/work/rkumar/NASA_HMA/WRFchem_HMA/main -I/glade/work/rkumar/NASA_HMA/WRFchem_HMA/external/io_netcdf -I/glade/work/rkumar/NASA_HMA/WRFchem_HMA/external/io_int -I/glade/work/rkumar/NASA_HMA/WRFchem_HMA/frame -I/glade/work/rkumar/NASA_HMA/WRFchem_HMA/share -I/glade/work/rkumar/NASA_HMA/WRFchem_HMA/phys -I/glade/work/rkumar/NASA_HMA/WRFchem_HMA/chem -I/glade/work/rkumar/NASA_HMA/WRFchem_HMA/inc -I/glade/u/apps/ch/opt/netcdf/4.8.1/intel/19.1.1//include    start_domain.f90 ; \
        else \
          if [ -n "" ] ; then echo COMPILING start_domain.F WITHOUT OMP ; fi ; \
  time mpif90 -f90=ifort -c -real-size `expr 8 \* 4` -i4 -O0 -fno-inline -no-ip -ip -fp-model precise -w -ftz -align all -fno-alias -FR -convert big_endian   -I../dyn_em -I../dyn_nmm   -I/glade/work/rkumar/NASA_HMA/WRFchem_HMA/external/esmf_time_f90  -I/glade/work/rkumar/NASA_HMA/WRFchem_HMA/main -I/glade/work/rkumar/NASA_HMA/WRFchem_HMA/external/io_netcdf -I/glade/work/rkumar/NASA_HMA/WRFchem_HMA/external/io_int -I/glade/work/rkumar/NASA_HMA/WRFchem_HMA/frame -I/glade/work/rkumar/NASA_HMA/WRFchem_HMA/share -I/glade/work/rkumar/NASA_HMA/WRFchem_HMA/phys -I/glade/work/rkumar/NASA_HMA/WRFchem_HMA/chem -I/glade/work/rkumar/NASA_HMA/WRFchem_HMA/inc -I/glade/u/apps/ch/opt/netcdf/4.8.1/intel/19.1.1//include   start_domain.f90 ; \
        fi

real	0m2.254s
user	0m1.643s
sys	0m0.544s

real	0m41.909s
user	0m40.546s
sys	0m1.292s
if [ 0 -eq 1 ] ; then \
                  make -i -r nmm_contrib                                      ; \
                  ar ru ../main/libwrflib.a module_model_constants.o module_bc_time_utilities.o module_get_file_names.o module_compute_geop.o module_check_a_mundo.o module_random.o module_llxy.o module_interp_nmm.o module_interp_store.o module_MPP.o  module_date_time.o module_bc.o module_io_wrf.o module_soil_pre.o  module_io_domain.o               module_optional_input.o          solve_interface.o mediation_interp_domain.o mediation_force_domain.o mediation_feedback_domain.o start_domain.o init_modules.o set_timekeeping.o interp_fcn.o sint.o wrf_ext_write_field.o wrf_ext_read_field.o  wrf_tsin.o landread.o track_driver.o track_input.o module_trajectory.o bobrand.o wrf_timeseries.o track_driver.o wrf_fddaobs_in.o mediation_nest_move.o setfeenv.o input_wrf.o output_wrf.o wrf_bdyout.o wrf_bdyin.o dfi.o mediation_integrate.o mediation_wrfmain.o    ; \
                  else                                                         \
                  ar ru ../main/libwrflib.a module_model_constants.o module_bc_time_utilities.o module_get_file_names.o module_compute_geop.o module_check_a_mundo.o module_random.o module_llxy.o module_interp_nmm.o module_interp_store.o module_MPP.o  module_date_time.o module_bc.o module_io_wrf.o module_soil_pre.o  module_io_domain.o               module_optional_input.o          solve_interface.o mediation_interp_domain.o mediation_force_domain.o mediation_feedback_domain.o start_domain.o init_modules.o set_timekeeping.o interp_fcn.o sint.o wrf_ext_write_field.o wrf_ext_read_field.o  wrf_tsin.o landread.o track_driver.o track_input.o module_trajectory.o bobrand.o wrf_timeseries.o track_driver.o wrf_fddaobs_in.o mediation_nest_move.o setfeenv.o input_wrf.o output_wrf.o wrf_bdyout.o wrf_bdyin.o dfi.o mediation_integrate.o mediation_wrfmain.o              ; \
                fi
make[2]: Leaving directory '/glade/work/rkumar/NASA_HMA/WRFchem_HMA/share'
make[1]: Leaving directory '/glade/work/rkumar/NASA_HMA/WRFchem_HMA'
make -i -r MODULE_DIRS="-I../dyn_em -I../dyn_nmm   -I/glade/work/rkumar/NASA_HMA/WRFchem_HMA/external/esmf_time_f90  -I/glade/work/rkumar/NASA_HMA/WRFchem_HMA/main -I/glade/work/rkumar/NASA_HMA/WRFchem_HMA/external/io_netcdf -I/glade/work/rkumar/NASA_HMA/WRFchem_HMA/external/io_int -I/glade/work/rkumar/NASA_HMA/WRFchem_HMA/frame -I/glade/work/rkumar/NASA_HMA/WRFchem_HMA/share -I/glade/work/rkumar/NASA_HMA/WRFchem_HMA/phys -I/glade/work/rkumar/NASA_HMA/WRFchem_HMA/chem -I/glade/work/rkumar/NASA_HMA/WRFchem_HMA/inc -I/glade/u/apps/ch/opt/netcdf/4.8.1/intel/19.1.1//include " physics
make[1]: Entering directory '/glade/work/rkumar/NASA_HMA/WRFchem_HMA'
--------------------------------------
if [ 1  -eq 0 ] ; then \
	( cd phys ; make -i -r CF2=" " ) ; \
else \
	( cd phys ; make -i -r CF2="../chem/module_data_mosaic_asect.o" ) ; \
fi
make[2]: Entering directory '/glade/work/rkumar/NASA_HMA/WRFchem_HMA/phys'
if [ 0 -eq 1 ] ; then \
                  make -i -r -j 2 nmm_contrib  ; \
                  ar ru ../main/libwrflib.a module_cam_shr_kind_mod.o module_cam_support.o module_cam_shr_const_mod.o module_cam_physconst.o module_cam_cldwat.o module_cam_wv_saturation.o module_cam_esinti.o module_cam_gffgch.o module_cam_error_function.o module_cam_constituents.o module_cam_trb_mtn_stress.o module_cam_molec_diff.o module_cam_upper_bc.o module_cam_bl_diffusion_solver.o module_cam_bl_eddy_diff.o module_cam_mp_microp_aero.o module_cam_mp_cldwat2m_micro.o module_cam_mp_ndrop.o module_cam_mp_modal_aero_initialize_data_phys.o module_cam_mp_radconstants.o module_cam_mp_conv_water.o module_cam_mp_qneg3.o module_data_cam_mam_aero.o module_data_cam_mam_asect.o module_cam_infnan.o module_bl_ysu.o module_bl_shinhong.o module_bl_mrf.o module_bl_gfs.o module_bl_gfsedmf.o module_bl_myjpbl.o module_bl_qnsepbl.o module_bl_acm.o module_bl_mynn.o module_bl_fogdes.o module_bl_gwdo.o module_bl_myjurb.o module_bl_boulac.o module_bl_camuwpbl_driver.o module_bl_mfshconvpbl.o module_shcu_camuwshcu_driver.o module_shcu_camuwshcu.o module_shcu_grims.o module_cu_camzm_driver.o module_cu_camzm.o module_bl_temf.o module_bl_gbmpbl.o module_cu_g3.o module_cu_kf.o module_cu_bmj.o module_cu_kfeta.o module_cu_mskf.o module_cu_tiedtke.o module_cu_ntiedtke.o module_cu_gd.o module_cu_gf_wrfdrv.o module_cu_gf_deep.o module_cu_gf_sh.o module_cu_nsas.o module_cu_sas.o module_cu_scalesas.o module_cu_osas.o module_cu_kfcup.o module_mp_radar.o module_mp_kessler.o module_mp_lin.o module_mp_sbu_ylin.o module_mp_wsm3.o module_mp_wsm5.o module_mp_wsm6.o module_mp_etanew.o module_mp_fer_hires.o module_mp_HWRF.o module_mp_thompson.o module_mp_full_sbm.o module_mp_fast_sbm.o module_ltng_lpi.o module_mp_gsfcgce.o module_mp_morr_two_moment.o module_mp_p3.o module_mp_milbrandt2mom.o module_mp_nssl_2mom.o module_mp_wdm5.o module_mp_wdm6.o module_mp_cammgmp_driver.o module_ra_sw.o module_ra_clWRF_support.o module_ra_gsfcsw.o module_ra_goddard.o module_ra_rrtm.o module_ra_rrtmg_lw.o module_ra_rrtmg_sw.o module_ra_rrtmg_lwf.o module_ra_rrtmg_swf.o module_ra_cam_support.o module_ra_cam.o module_ra_gfdleta.o module_ra_flg.o module_ra_HWRF.o module_ra_hs.o module_ra_aerosol.o module_sf_sfclay.o module_sf_sfclayrev.o module_sf_gfs.o module_sf_exchcoef.o module_sf_gfdl.o module_sf_slab.o module_sf_noahdrv.o module_sf_noahlsm.o module_sf_clm.o module_sf_ssib.o module_sf_noah_seaice.o module_sf_noah_seaice_drv.o module_sf_noahlsm_glacial_only.o module_sf_noahmp_groundwater.o module_sf_noahmpdrv.o module_sf_noahmplsm.o module_sf_noahmp_glacier.o module_sf_urban.o module_sf_bep.o module_sf_bep_bem.o module_sf_bem.o module_sf_pxlsm.o module_sf_pxlsm_data.o module_sf_ruclsm.o module_sf_sfcdiags.o module_sf_sfcdiags_ruclsm.o module_sf_sstskin.o module_sf_tmnupdate.o module_sf_ocean_driver.o module_sf_oml.o module_sf_3dpwp.o module_sf_myjsfc.o module_sf_qnsesfc.o module_sf_mynn.o module_sf_fogdes.o module_sf_pxsfclay.o module_sf_temfsfclay.o module_sf_idealscmsfclay.o module_sf_scmflux.o module_sf_scmskintemp.o module_physics_addtendc.o module_physics_init.o module_gfs_machine.o module_gfs_funcphys.o module_gfs_physcons.o module_progtm.o module_pbl_driver.o module_data_gocart_dust.o module_cumulus_driver.o module_shallowcu_driver.o module_microphysics_driver.o module_microphysics_zero_out.o module_mixactivate.o module_radiation_driver.o module_surface_driver.o module_lightning_driver.o module_ltng_cpmpr92z.o module_ltng_crmpr92.o module_ltng_iccg.o module_fdda_psufddagd.o module_fdda_spnudging.o module_fddagd_driver.o module_fddaobs_rtfdda.o module_fddaobs_driver.o module_wind_fitch.o module_sf_lake.o module_diagnostics_driver.o  \
                                     \
                                   module_diag_refl.o ; \
                else                                                         \
                  make -i -r -j 2 non_nmm      ; \
                  ar ru ../main/libwrflib.a module_cam_shr_kind_mod.o module_cam_support.o module_cam_shr_const_mod.o module_cam_physconst.o module_cam_cldwat.o module_cam_wv_saturation.o module_cam_esinti.o module_cam_gffgch.o module_cam_error_function.o module_cam_constituents.o module_cam_trb_mtn_stress.o module_cam_molec_diff.o module_cam_upper_bc.o module_cam_bl_diffusion_solver.o module_cam_bl_eddy_diff.o module_cam_mp_microp_aero.o module_cam_mp_cldwat2m_micro.o module_cam_mp_ndrop.o module_cam_mp_modal_aero_initialize_data_phys.o module_cam_mp_radconstants.o module_cam_mp_conv_water.o module_cam_mp_qneg3.o module_data_cam_mam_aero.o module_data_cam_mam_asect.o module_cam_infnan.o module_bl_ysu.o module_bl_shinhong.o module_bl_mrf.o module_bl_gfs.o module_bl_gfsedmf.o module_bl_myjpbl.o module_bl_qnsepbl.o module_bl_acm.o module_bl_mynn.o module_bl_fogdes.o module_bl_gwdo.o module_bl_myjurb.o module_bl_boulac.o module_bl_camuwpbl_driver.o module_bl_mfshconvpbl.o module_shcu_camuwshcu_driver.o module_shcu_camuwshcu.o module_shcu_grims.o module_cu_camzm_driver.o module_cu_camzm.o module_bl_temf.o module_bl_gbmpbl.o module_cu_g3.o module_cu_kf.o module_cu_bmj.o module_cu_kfeta.o module_cu_mskf.o module_cu_tiedtke.o module_cu_ntiedtke.o module_cu_gd.o module_cu_gf_wrfdrv.o module_cu_gf_deep.o module_cu_gf_sh.o module_cu_nsas.o module_cu_sas.o module_cu_scalesas.o module_cu_osas.o module_cu_kfcup.o module_mp_radar.o module_mp_kessler.o module_mp_lin.o module_mp_sbu_ylin.o module_mp_wsm3.o module_mp_wsm5.o module_mp_wsm6.o module_mp_etanew.o module_mp_fer_hires.o module_mp_HWRF.o module_mp_thompson.o module_mp_full_sbm.o module_mp_fast_sbm.o module_ltng_lpi.o module_mp_gsfcgce.o module_mp_morr_two_moment.o module_mp_p3.o module_mp_milbrandt2mom.o module_mp_nssl_2mom.o module_mp_wdm5.o module_mp_wdm6.o module_mp_cammgmp_driver.o module_ra_sw.o module_ra_clWRF_support.o module_ra_gsfcsw.o module_ra_goddard.o module_ra_rrtm.o module_ra_rrtmg_lw.o module_ra_rrtmg_sw.o module_ra_rrtmg_lwf.o module_ra_rrtmg_swf.o module_ra_cam_support.o module_ra_cam.o module_ra_gfdleta.o module_ra_flg.o module_ra_HWRF.o module_ra_hs.o module_ra_aerosol.o module_sf_sfclay.o module_sf_sfclayrev.o module_sf_gfs.o module_sf_exchcoef.o module_sf_gfdl.o module_sf_slab.o module_sf_noahdrv.o module_sf_noahlsm.o module_sf_clm.o module_sf_ssib.o module_sf_noah_seaice.o module_sf_noah_seaice_drv.o module_sf_noahlsm_glacial_only.o module_sf_noahmp_groundwater.o module_sf_noahmpdrv.o module_sf_noahmplsm.o module_sf_noahmp_glacier.o module_sf_urban.o module_sf_bep.o module_sf_bep_bem.o module_sf_bem.o module_sf_pxlsm.o module_sf_pxlsm_data.o module_sf_ruclsm.o module_sf_sfcdiags.o module_sf_sfcdiags_ruclsm.o module_sf_sstskin.o module_sf_tmnupdate.o module_sf_ocean_driver.o module_sf_oml.o module_sf_3dpwp.o module_sf_myjsfc.o module_sf_qnsesfc.o module_sf_mynn.o module_sf_fogdes.o module_sf_pxsfclay.o module_sf_temfsfclay.o module_sf_idealscmsfclay.o module_sf_scmflux.o module_sf_scmskintemp.o module_physics_addtendc.o module_physics_init.o module_gfs_machine.o module_gfs_funcphys.o module_gfs_physcons.o module_progtm.o module_pbl_driver.o module_data_gocart_dust.o module_cumulus_driver.o module_shallowcu_driver.o module_microphysics_driver.o module_microphysics_zero_out.o module_mixactivate.o module_radiation_driver.o module_surface_driver.o module_lightning_driver.o module_ltng_cpmpr92z.o module_ltng_crmpr92.o module_ltng_iccg.o module_fdda_psufddagd.o module_fdda_spnudging.o module_fddagd_driver.o module_fddaobs_rtfdda.o module_fddaobs_driver.o module_wind_fitch.o module_sf_lake.o module_diagnostics_driver.o  \
                                   module_fr_fire_driver.o module_fr_fire_driver_wrf.o module_fr_fire_atm.o module_fr_fire_model.o module_fr_fire_core.o module_fr_fire_phys.o module_fr_fire_util.o \
                                   module_diag_afwa.o module_diag_cl.o module_diag_hailcast.o module_diag_misc.o module_diag_rasm.o module_diag_pld.o module_diag_zld.o  ; \
                fi
make[3]: Entering directory '/glade/work/rkumar/NASA_HMA/WRFchem_HMA/phys'
rm -f module_cam_shr_kind_mod.o
rm -f module_cam_error_function.o
sed -e "s/grid%mu/gridmu/g" -e "s/grid%Mu/gridMu/g" -e "s/^\!.*'.*//" -e "s/^ *\!.*'.*//" module_cam_shr_kind_mod.F > module_cam_shr_kind_mod.G
sed -e "s/grid%mu/gridmu/g" -e "s/grid%Mu/gridMu/g" -e "s/^\!.*'.*//" -e "s/^ *\!.*'.*//" module_cam_error_function.F > module_cam_error_function.G
/lib/cpp -P -nostdinc -I/glade/work/rkumar/NASA_HMA/WRFchem_HMA/inc -DEM_CORE=1 -DNMM_CORE=0 -DNMM_MAX_DIM=2600 -DCOAMPS_CORE=0 -DDA_CORE=0 -DEXP_CORE=0 -DIWORDSIZE=4 -DDWORDSIZE=8 -DRWORDSIZE=4 -DLWORDSIZE=4 -DNONSTANDARD_SYSTEM_FUNC  -DWRF_USE_CLM  -DSNICAR_FRC    -DDM_PARALLEL -DNETCDF -DUSE_ALLOCATABLES -DGRIB1 -DINTIO -DKEEP_INT_AROUND -DLIMIT_ARGS -DCONFIG_BUF_LEN=65536 -DMAX_DOMAINS_F=21 -DMAX_HISTORY=25 -DNMM_NEST=0 -DWRF_CHEM -DBUILD_CHEM=1 -DWRF_KPP -I. -traditional-cpp   module_cam_shr_kind_mod.G  > module_cam_shr_kind_mod.H
/lib/cpp -P -nostdinc -I/glade/work/rkumar/NASA_HMA/WRFchem_HMA/inc -DEM_CORE=1 -DNMM_CORE=0 -DNMM_MAX_DIM=2600 -DCOAMPS_CORE=0 -DDA_CORE=0 -DEXP_CORE=0 -DIWORDSIZE=4 -DDWORDSIZE=8 -DRWORDSIZE=4 -DLWORDSIZE=4 -DNONSTANDARD_SYSTEM_FUNC  -DWRF_USE_CLM  -DSNICAR_FRC    -DDM_PARALLEL -DNETCDF -DUSE_ALLOCATABLES -DGRIB1 -DINTIO -DKEEP_INT_AROUND -DLIMIT_ARGS -DCONFIG_BUF_LEN=65536 -DMAX_DOMAINS_F=21 -DMAX_HISTORY=25 -DNMM_NEST=0 -DWRF_CHEM -DBUILD_CHEM=1 -DWRF_KPP -I. -traditional-cpp   module_cam_error_function.G  > module_cam_error_function.H
sed -e "s/gridmu/grid%mu/g" -e "s/gridMu/grid%Mu/g" module_cam_shr_kind_mod.H > module_cam_shr_kind_mod.bb
sed -e "s/gridmu/grid%mu/g" -e "s/gridMu/grid%Mu/g" module_cam_error_function.H > module_cam_error_function.bb
/glade/work/rkumar/NASA_HMA/WRFchem_HMA/tools/standard.exe module_cam_shr_kind_mod.bb | /lib/cpp -P -nostdinc -traditional-cpp > module_cam_shr_kind_mod.f90
/glade/work/rkumar/NASA_HMA/WRFchem_HMA/tools/standard.exe module_cam_error_function.bb | /lib/cpp -P -nostdinc -traditional-cpp > module_cam_error_function.f90
rm -f module_cam_shr_kind_mod.G module_cam_shr_kind_mod.H module_cam_shr_kind_mod.bb
rm -f module_cam_error_function.G module_cam_error_function.H module_cam_error_function.bb
time mpif90 -f90=ifort -o module_cam_error_function.o -c -O3 -ip -fp-model precise -w -ftz -align all -fno-alias -FR -convert big_endian    -I../dyn_em -I../dyn_nmm   -I/glade/work/rkumar/NASA_HMA/WRFchem_HMA/external/esmf_time_f90  -I/glade/work/rkumar/NASA_HMA/WRFchem_HMA/main -I/glade/work/rkumar/NASA_HMA/WRFchem_HMA/external/io_netcdf -I/glade/work/rkumar/NASA_HMA/WRFchem_HMA/external/io_int -I/glade/work/rkumar/NASA_HMA/WRFchem_HMA/frame -I/glade/work/rkumar/NASA_HMA/WRFchem_HMA/share -I/glade/work/rkumar/NASA_HMA/WRFchem_HMA/phys -I/glade/work/rkumar/NASA_HMA/WRFchem_HMA/chem -I/glade/work/rkumar/NASA_HMA/WRFchem_HMA/inc -I/glade/u/apps/ch/opt/netcdf/4.8.1/intel/19.1.1//include  -real-size `expr 8 \* 4` -i4  module_cam_error_function.f90
time mpif90 -f90=ifort -o module_cam_shr_kind_mod.o -c -O3 -ip -fp-model precise -w -ftz -align all -fno-alias -FR -convert big_endian    -I../dyn_em -I../dyn_nmm   -I/glade/work/rkumar/NASA_HMA/WRFchem_HMA/external/esmf_time_f90  -I/glade/work/rkumar/NASA_HMA/WRFchem_HMA/main -I/glade/work/rkumar/NASA_HMA/WRFchem_HMA/external/io_netcdf -I/glade/work/rkumar/NASA_HMA/WRFchem_HMA/external/io_int -I/glade/work/rkumar/NASA_HMA/WRFchem_HMA/frame -I/glade/work/rkumar/NASA_HMA/WRFchem_HMA/share -I/glade/work/rkumar/NASA_HMA/WRFchem_HMA/phys -I/glade/work/rkumar/NASA_HMA/WRFchem_HMA/chem -I/glade/work/rkumar/NASA_HMA/WRFchem_HMA/inc -I/glade/u/apps/ch/opt/netcdf/4.8.1/intel/19.1.1//include  -real-size `expr 8 \* 4` -i4  module_cam_shr_kind_mod.f90

real	0m0.710s
user	0m0.061s
sys	0m0.627s
rm -f module_bl_ysu.o
sed -e "s/grid%mu/gridmu/g" -e "s/grid%Mu/gridMu/g" -e "s/^\!.*'.*//" -e "s/^ *\!.*'.*//" module_bl_ysu.F > module_bl_ysu.G
/lib/cpp -P -nostdinc -I/glade/work/rkumar/NASA_HMA/WRFchem_HMA/inc -DEM_CORE=1 -DNMM_CORE=0 -DNMM_MAX_DIM=2600 -DCOAMPS_CORE=0 -DDA_CORE=0 -DEXP_CORE=0 -DIWORDSIZE=4 -DDWORDSIZE=8 -DRWORDSIZE=4 -DLWORDSIZE=4 -DNONSTANDARD_SYSTEM_FUNC  -DWRF_USE_CLM  -DSNICAR_FRC    -DDM_PARALLEL -DNETCDF -DUSE_ALLOCATABLES -DGRIB1 -DINTIO -DKEEP_INT_AROUND -DLIMIT_ARGS -DCONFIG_BUF_LEN=65536 -DMAX_DOMAINS_F=21 -DMAX_HISTORY=25 -DNMM_NEST=0 -DWRF_CHEM -DBUILD_CHEM=1 -DWRF_KPP -I. -traditional-cpp   module_bl_ysu.G  > module_bl_ysu.H
sed -e "s/gridmu/grid%mu/g" -e "s/gridMu/grid%Mu/g" module_bl_ysu.H > module_bl_ysu.bb
/glade/work/rkumar/NASA_HMA/WRFchem_HMA/tools/standard.exe module_bl_ysu.bb | /lib/cpp -P -nostdinc -traditional-cpp > module_bl_ysu.f90
rm -f module_bl_ysu.G module_bl_ysu.H module_bl_ysu.bb
time mpif90 -f90=ifort -o module_bl_ysu.o -c -O3 -ip -fp-model precise -w -ftz -align all -fno-alias -FR -convert big_endian    -I../dyn_em -I../dyn_nmm   -I/glade/work/rkumar/NASA_HMA/WRFchem_HMA/external/esmf_time_f90  -I/glade/work/rkumar/NASA_HMA/WRFchem_HMA/main -I/glade/work/rkumar/NASA_HMA/WRFchem_HMA/external/io_netcdf -I/glade/work/rkumar/NASA_HMA/WRFchem_HMA/external/io_int -I/glade/work/rkumar/NASA_HMA/WRFchem_HMA/frame -I/glade/work/rkumar/NASA_HMA/WRFchem_HMA/share -I/glade/work/rkumar/NASA_HMA/WRFchem_HMA/phys -I/glade/work/rkumar/NASA_HMA/WRFchem_HMA/chem -I/glade/work/rkumar/NASA_HMA/WRFchem_HMA/inc -I/glade/u/apps/ch/opt/netcdf/4.8.1/intel/19.1.1//include  -real-size `expr 8 \* 4` -i4  module_bl_ysu.f90

real	0m1.258s
user	0m0.155s
sys	0m0.650s
rm -f module_bl_shinhong.o
sed -e "s/grid%mu/gridmu/g" -e "s/grid%Mu/gridMu/g" -e "s/^\!.*'.*//" -e "s/^ *\!.*'.*//" module_bl_shinhong.F > module_bl_shinhong.G
/lib/cpp -P -nostdinc -I/glade/work/rkumar/NASA_HMA/WRFchem_HMA/inc -DEM_CORE=1 -DNMM_CORE=0 -DNMM_MAX_DIM=2600 -DCOAMPS_CORE=0 -DDA_CORE=0 -DEXP_CORE=0 -DIWORDSIZE=4 -DDWORDSIZE=8 -DRWORDSIZE=4 -DLWORDSIZE=4 -DNONSTANDARD_SYSTEM_FUNC  -DWRF_USE_CLM  -DSNICAR_FRC    -DDM_PARALLEL -DNETCDF -DUSE_ALLOCATABLES -DGRIB1 -DINTIO -DKEEP_INT_AROUND -DLIMIT_ARGS -DCONFIG_BUF_LEN=65536 -DMAX_DOMAINS_F=21 -DMAX_HISTORY=25 -DNMM_NEST=0 -DWRF_CHEM -DBUILD_CHEM=1 -DWRF_KPP -I. -traditional-cpp   module_bl_shinhong.G  > module_bl_shinhong.H
sed -e "s/gridmu/grid%mu/g" -e "s/gridMu/grid%Mu/g" module_bl_shinhong.H > module_bl_shinhong.bb
/glade/work/rkumar/NASA_HMA/WRFchem_HMA/tools/standard.exe module_bl_shinhong.bb | /lib/cpp -P -nostdinc -traditional-cpp > module_bl_shinhong.f90
rm -f module_bl_shinhong.G module_bl_shinhong.H module_bl_shinhong.bb
time mpif90 -f90=ifort -o module_bl_shinhong.o -c -O3 -ip -fp-model precise -w -ftz -align all -fno-alias -FR -convert big_endian    -I../dyn_em -I../dyn_nmm   -I/glade/work/rkumar/NASA_HMA/WRFchem_HMA/external/esmf_time_f90  -I/glade/work/rkumar/NASA_HMA/WRFchem_HMA/main -I/glade/work/rkumar/NASA_HMA/WRFchem_HMA/external/io_netcdf -I/glade/work/rkumar/NASA_HMA/WRFchem_HMA/external/io_int -I/glade/work/rkumar/NASA_HMA/WRFchem_HMA/frame -I/glade/work/rkumar/NASA_HMA/WRFchem_HMA/share -I/glade/work/rkumar/NASA_HMA/WRFchem_HMA/phys -I/glade/work/rkumar/NASA_HMA/WRFchem_HMA/chem -I/glade/work/rkumar/NASA_HMA/WRFchem_HMA/inc -I/glade/u/apps/ch/opt/netcdf/4.8.1/intel/19.1.1//include  -real-size `expr 8 \* 4` -i4  module_bl_shinhong.f90

real	0m7.348s
user	0m6.585s
sys	0m0.664s
rm -f module_bl_mrf.o
sed -e "s/grid%mu/gridmu/g" -e "s/grid%Mu/gridMu/g" -e "s/^\!.*'.*//" -e "s/^ *\!.*'.*//" module_bl_mrf.F > module_bl_mrf.G
/lib/cpp -P -nostdinc -I/glade/work/rkumar/NASA_HMA/WRFchem_HMA/inc -DEM_CORE=1 -DNMM_CORE=0 -DNMM_MAX_DIM=2600 -DCOAMPS_CORE=0 -DDA_CORE=0 -DEXP_CORE=0 -DIWORDSIZE=4 -DDWORDSIZE=8 -DRWORDSIZE=4 -DLWORDSIZE=4 -DNONSTANDARD_SYSTEM_FUNC  -DWRF_USE_CLM  -DSNICAR_FRC    -DDM_PARALLEL -DNETCDF -DUSE_ALLOCATABLES -DGRIB1 -DINTIO -DKEEP_INT_AROUND -DLIMIT_ARGS -DCONFIG_BUF_LEN=65536 -DMAX_DOMAINS_F=21 -DMAX_HISTORY=25 -DNMM_NEST=0 -DWRF_CHEM -DBUILD_CHEM=1 -DWRF_KPP -I. -traditional-cpp   module_bl_mrf.G  > module_bl_mrf.H
sed -e "s/gridmu/grid%mu/g" -e "s/gridMu/grid%Mu/g" module_bl_mrf.H > module_bl_mrf.bb
/glade/work/rkumar/NASA_HMA/WRFchem_HMA/tools/standard.exe module_bl_mrf.bb | /lib/cpp -P -nostdinc -traditional-cpp > module_bl_mrf.f90
rm -f module_bl_mrf.G module_bl_mrf.H module_bl_mrf.bb
time mpif90 -f90=ifort -o module_bl_mrf.o -c -O3 -ip -fp-model precise -w -ftz -align all -fno-alias -FR -convert big_endian    -I../dyn_em -I../dyn_nmm   -I/glade/work/rkumar/NASA_HMA/WRFchem_HMA/external/esmf_time_f90  -I/glade/work/rkumar/NASA_HMA/WRFchem_HMA/main -I/glade/work/rkumar/NASA_HMA/WRFchem_HMA/external/io_netcdf -I/glade/work/rkumar/NASA_HMA/WRFchem_HMA/external/io_int -I/glade/work/rkumar/NASA_HMA/WRFchem_HMA/frame -I/glade/work/rkumar/NASA_HMA/WRFchem_HMA/share -I/glade/work/rkumar/NASA_HMA/WRFchem_HMA/phys -I/glade/work/rkumar/NASA_HMA/WRFchem_HMA/chem -I/glade/work/rkumar/NASA_HMA/WRFchem_HMA/inc -I/glade/u/apps/ch/opt/netcdf/4.8.1/intel/19.1.1//include  -real-size `expr 8 \* 4` -i4  module_bl_mrf.f90

real	0m9.769s
user	0m9.015s
sys	0m0.713s
rm -f module_gfs_machine.o
sed -e "s/grid%mu/gridmu/g" -e "s/grid%Mu/gridMu/g" -e "s/^\!.*'.*//" -e "s/^ *\!.*'.*//" module_gfs_machine.F > module_gfs_machine.G
/lib/cpp -P -nostdinc -I/glade/work/rkumar/NASA_HMA/WRFchem_HMA/inc -DEM_CORE=1 -DNMM_CORE=0 -DNMM_MAX_DIM=2600 -DCOAMPS_CORE=0 -DDA_CORE=0 -DEXP_CORE=0 -DIWORDSIZE=4 -DDWORDSIZE=8 -DRWORDSIZE=4 -DLWORDSIZE=4 -DNONSTANDARD_SYSTEM_FUNC  -DWRF_USE_CLM  -DSNICAR_FRC    -DDM_PARALLEL -DNETCDF -DUSE_ALLOCATABLES -DGRIB1 -DINTIO -DKEEP_INT_AROUND -DLIMIT_ARGS -DCONFIG_BUF_LEN=65536 -DMAX_DOMAINS_F=21 -DMAX_HISTORY=25 -DNMM_NEST=0 -DWRF_CHEM -DBUILD_CHEM=1 -DWRF_KPP -I. -traditional-cpp   module_gfs_machine.G  > module_gfs_machine.H
sed -e "s/gridmu/grid%mu/g" -e "s/gridMu/grid%Mu/g" module_gfs_machine.H > module_gfs_machine.bb
/glade/work/rkumar/NASA_HMA/WRFchem_HMA/tools/standard.exe module_gfs_machine.bb | /lib/cpp -P -nostdinc -traditional-cpp > module_gfs_machine.f90
rm -f module_gfs_machine.G module_gfs_machine.H module_gfs_machine.bb
time mpif90 -f90=ifort -o module_gfs_machine.o -c -O3 -ip -fp-model precise -w -ftz -align all -fno-alias -FR -convert big_endian    -I../dyn_em -I../dyn_nmm   -I/glade/work/rkumar/NASA_HMA/WRFchem_HMA/external/esmf_time_f90  -I/glade/work/rkumar/NASA_HMA/WRFchem_HMA/main -I/glade/work/rkumar/NASA_HMA/WRFchem_HMA/external/io_netcdf -I/glade/work/rkumar/NASA_HMA/WRFchem_HMA/external/io_int -I/glade/work/rkumar/NASA_HMA/WRFchem_HMA/frame -I/glade/work/rkumar/NASA_HMA/WRFchem_HMA/share -I/glade/work/rkumar/NASA_HMA/WRFchem_HMA/phys -I/glade/work/rkumar/NASA_HMA/WRFchem_HMA/chem -I/glade/work/rkumar/NASA_HMA/WRFchem_HMA/inc -I/glade/u/apps/ch/opt/netcdf/4.8.1/intel/19.1.1//include  -real-size `expr 8 \* 4` -i4  module_gfs_machine.f90

real	0m0.597s
user	0m0.055s
sys	0m0.485s
rm -f module_bl_myjpbl.o
sed -e "s/grid%mu/gridmu/g" -e "s/grid%Mu/gridMu/g" -e "s/^\!.*'.*//" -e "s/^ *\!.*'.*//" module_bl_myjpbl.F > module_bl_myjpbl.G
/lib/cpp -P -nostdinc -I/glade/work/rkumar/NASA_HMA/WRFchem_HMA/inc -DEM_CORE=1 -DNMM_CORE=0 -DNMM_MAX_DIM=2600 -DCOAMPS_CORE=0 -DDA_CORE=0 -DEXP_CORE=0 -DIWORDSIZE=4 -DDWORDSIZE=8 -DRWORDSIZE=4 -DLWORDSIZE=4 -DNONSTANDARD_SYSTEM_FUNC  -DWRF_USE_CLM  -DSNICAR_FRC    -DDM_PARALLEL -DNETCDF -DUSE_ALLOCATABLES -DGRIB1 -DINTIO -DKEEP_INT_AROUND -DLIMIT_ARGS -DCONFIG_BUF_LEN=65536 -DMAX_DOMAINS_F=21 -DMAX_HISTORY=25 -DNMM_NEST=0 -DWRF_CHEM -DBUILD_CHEM=1 -DWRF_KPP -I. -traditional-cpp   module_bl_myjpbl.G  > module_bl_myjpbl.H
sed -e "s/gridmu/grid%mu/g" -e "s/gridMu/grid%Mu/g" module_bl_myjpbl.H > module_bl_myjpbl.bb
/glade/work/rkumar/NASA_HMA/WRFchem_HMA/tools/standard.exe module_bl_myjpbl.bb | /lib/cpp -P -nostdinc -traditional-cpp > module_bl_myjpbl.f90
rm -f module_bl_myjpbl.G module_bl_myjpbl.H module_bl_myjpbl.bb
time mpif90 -f90=ifort -o module_bl_myjpbl.o -c -O3 -ip -fp-model precise -w -ftz -align all -fno-alias -FR -convert big_endian    -I../dyn_em -I../dyn_nmm   -I/glade/work/rkumar/NASA_HMA/WRFchem_HMA/external/esmf_time_f90  -I/glade/work/rkumar/NASA_HMA/WRFchem_HMA/main -I/glade/work/rkumar/NASA_HMA/WRFchem_HMA/external/io_netcdf -I/glade/work/rkumar/NASA_HMA/WRFchem_HMA/external/io_int -I/glade/work/rkumar/NASA_HMA/WRFchem_HMA/frame -I/glade/work/rkumar/NASA_HMA/WRFchem_HMA/share -I/glade/work/rkumar/NASA_HMA/WRFchem_HMA/phys -I/glade/work/rkumar/NASA_HMA/WRFchem_HMA/chem -I/glade/work/rkumar/NASA_HMA/WRFchem_HMA/inc -I/glade/u/apps/ch/opt/netcdf/4.8.1/intel/19.1.1//include  -real-size `expr 8 \* 4` -i4  module_bl_myjpbl.f90

real	0m4.300s
user	0m3.562s
sys	0m0.608s
rm -f module_bl_qnsepbl.o
sed -e "s/grid%mu/gridmu/g" -e "s/grid%Mu/gridMu/g" -e "s/^\!.*'.*//" -e "s/^ *\!.*'.*//" module_bl_qnsepbl.F > module_bl_qnsepbl.G
/lib/cpp -P -nostdinc -I/glade/work/rkumar/NASA_HMA/WRFchem_HMA/inc -DEM_CORE=1 -DNMM_CORE=0 -DNMM_MAX_DIM=2600 -DCOAMPS_CORE=0 -DDA_CORE=0 -DEXP_CORE=0 -DIWORDSIZE=4 -DDWORDSIZE=8 -DRWORDSIZE=4 -DLWORDSIZE=4 -DNONSTANDARD_SYSTEM_FUNC  -DWRF_USE_CLM  -DSNICAR_FRC    -DDM_PARALLEL -DNETCDF -DUSE_ALLOCATABLES -DGRIB1 -DINTIO -DKEEP_INT_AROUND -DLIMIT_ARGS -DCONFIG_BUF_LEN=65536 -DMAX_DOMAINS_F=21 -DMAX_HISTORY=25 -DNMM_NEST=0 -DWRF_CHEM -DBUILD_CHEM=1 -DWRF_KPP -I. -traditional-cpp   module_bl_qnsepbl.G  > module_bl_qnsepbl.H
sed -e "s/gridmu/grid%mu/g" -e "s/gridMu/grid%Mu/g" module_bl_qnsepbl.H > module_bl_qnsepbl.bb
/glade/work/rkumar/NASA_HMA/WRFchem_HMA/tools/standard.exe module_bl_qnsepbl.bb | /lib/cpp -P -nostdinc -traditional-cpp > module_bl_qnsepbl.f90
rm -f module_bl_qnsepbl.G module_bl_qnsepbl.H module_bl_qnsepbl.bb
time mpif90 -f90=ifort -o module_bl_qnsepbl.o -c -O3 -ip -fp-model precise -w -ftz -align all -fno-alias -FR -convert big_endian    -I../dyn_em -I../dyn_nmm   -I/glade/work/rkumar/NASA_HMA/WRFchem_HMA/external/esmf_time_f90  -I/glade/work/rkumar/NASA_HMA/WRFchem_HMA/main -I/glade/work/rkumar/NASA_HMA/WRFchem_HMA/external/io_netcdf -I/glade/work/rkumar/NASA_HMA/WRFchem_HMA/external/io_int -I/glade/work/rkumar/NASA_HMA/WRFchem_HMA/frame -I/glade/work/rkumar/NASA_HMA/WRFchem_HMA/share -I/glade/work/rkumar/NASA_HMA/WRFchem_HMA/phys -I/glade/work/rkumar/NASA_HMA/WRFchem_HMA/chem -I/glade/work/rkumar/NASA_HMA/WRFchem_HMA/inc -I/glade/u/apps/ch/opt/netcdf/4.8.1/intel/19.1.1//include  -real-size `expr 8 \* 4` -i4  module_bl_qnsepbl.f90

real	0m3.115s
user	0m2.550s
sys	0m0.506s
rm -f module_bl_acm.o
sed -e "s/grid%mu/gridmu/g" -e "s/grid%Mu/gridMu/g" -e "s/^\!.*'.*//" -e "s/^ *\!.*'.*//" module_bl_acm.F > module_bl_acm.G
/lib/cpp -P -nostdinc -I/glade/work/rkumar/NASA_HMA/WRFchem_HMA/inc -DEM_CORE=1 -DNMM_CORE=0 -DNMM_MAX_DIM=2600 -DCOAMPS_CORE=0 -DDA_CORE=0 -DEXP_CORE=0 -DIWORDSIZE=4 -DDWORDSIZE=8 -DRWORDSIZE=4 -DLWORDSIZE=4 -DNONSTANDARD_SYSTEM_FUNC  -DWRF_USE_CLM  -DSNICAR_FRC    -DDM_PARALLEL -DNETCDF -DUSE_ALLOCATABLES -DGRIB1 -DINTIO -DKEEP_INT_AROUND -DLIMIT_ARGS -DCONFIG_BUF_LEN=65536 -DMAX_DOMAINS_F=21 -DMAX_HISTORY=25 -DNMM_NEST=0 -DWRF_CHEM -DBUILD_CHEM=1 -DWRF_KPP -I. -traditional-cpp   module_bl_acm.G  > module_bl_acm.H
sed -e "s/gridmu/grid%mu/g" -e "s/gridMu/grid%Mu/g" module_bl_acm.H > module_bl_acm.bb
/glade/work/rkumar/NASA_HMA/WRFchem_HMA/tools/standard.exe module_bl_acm.bb | /lib/cpp -P -nostdinc -traditional-cpp > module_bl_acm.f90
rm -f module_bl_acm.G module_bl_acm.H module_bl_acm.bb
time mpif90 -f90=ifort -o module_bl_acm.o -c -O3 -ip -fp-model precise -w -ftz -align all -fno-alias -FR -convert big_endian    -I../dyn_em -I../dyn_nmm   -I/glade/work/rkumar/NASA_HMA/WRFchem_HMA/external/esmf_time_f90  -I/glade/work/rkumar/NASA_HMA/WRFchem_HMA/main -I/glade/work/rkumar/NASA_HMA/WRFchem_HMA/external/io_netcdf -I/glade/work/rkumar/NASA_HMA/WRFchem_HMA/external/io_int -I/glade/work/rkumar/NASA_HMA/WRFchem_HMA/frame -I/glade/work/rkumar/NASA_HMA/WRFchem_HMA/share -I/glade/work/rkumar/NASA_HMA/WRFchem_HMA/phys -I/glade/work/rkumar/NASA_HMA/WRFchem_HMA/chem -I/glade/work/rkumar/NASA_HMA/WRFchem_HMA/inc -I/glade/u/apps/ch/opt/netcdf/4.8.1/intel/19.1.1//include  -real-size `expr 8 \* 4` -i4  module_bl_acm.f90

real	0m2.868s
user	0m2.261s
sys	0m0.550s
rm -f module_bl_mynn.o
sed -e "s/grid%mu/gridmu/g" -e "s/grid%Mu/gridMu/g" -e "s/^\!.*'.*//" -e "s/^ *\!.*'.*//" module_bl_mynn.F > module_bl_mynn.G
/lib/cpp -P -nostdinc -I/glade/work/rkumar/NASA_HMA/WRFchem_HMA/inc -DEM_CORE=1 -DNMM_CORE=0 -DNMM_MAX_DIM=2600 -DCOAMPS_CORE=0 -DDA_CORE=0 -DEXP_CORE=0 -DIWORDSIZE=4 -DDWORDSIZE=8 -DRWORDSIZE=4 -DLWORDSIZE=4 -DNONSTANDARD_SYSTEM_FUNC  -DWRF_USE_CLM  -DSNICAR_FRC    -DDM_PARALLEL -DNETCDF -DUSE_ALLOCATABLES -DGRIB1 -DINTIO -DKEEP_INT_AROUND -DLIMIT_ARGS -DCONFIG_BUF_LEN=65536 -DMAX_DOMAINS_F=21 -DMAX_HISTORY=25 -DNMM_NEST=0 -DWRF_CHEM -DBUILD_CHEM=1 -DWRF_KPP -I. -traditional-cpp   module_bl_mynn.G  > module_bl_mynn.H
sed -e "s/gridmu/grid%mu/g" -e "s/gridMu/grid%Mu/g" module_bl_mynn.H > module_bl_mynn.bb
/glade/work/rkumar/NASA_HMA/WRFchem_HMA/tools/standard.exe module_bl_mynn.bb | /lib/cpp -P -nostdinc -traditional-cpp > module_bl_mynn.f90
rm -f module_bl_mynn.G module_bl_mynn.H module_bl_mynn.bb
time mpif90 -f90=ifort -o module_bl_mynn.o -c -O3 -ip -fp-model precise -w -ftz -align all -fno-alias -FR -convert big_endian    -I../dyn_em -I../dyn_nmm   -I/glade/work/rkumar/NASA_HMA/WRFchem_HMA/external/esmf_time_f90  -I/glade/work/rkumar/NASA_HMA/WRFchem_HMA/main -I/glade/work/rkumar/NASA_HMA/WRFchem_HMA/external/io_netcdf -I/glade/work/rkumar/NASA_HMA/WRFchem_HMA/external/io_int -I/glade/work/rkumar/NASA_HMA/WRFchem_HMA/frame -I/glade/work/rkumar/NASA_HMA/WRFchem_HMA/share -I/glade/work/rkumar/NASA_HMA/WRFchem_HMA/phys -I/glade/work/rkumar/NASA_HMA/WRFchem_HMA/chem -I/glade/work/rkumar/NASA_HMA/WRFchem_HMA/inc -I/glade/u/apps/ch/opt/netcdf/4.8.1/intel/19.1.1//include  -real-size `expr 8 \* 4` -i4  module_bl_mynn.f90

real	0m3.480s
user	0m2.863s
sys	0m0.561s
rm -f module_bl_gwdo.o
sed -e "s/grid%mu/gridmu/g" -e "s/grid%Mu/gridMu/g" -e "s/^\!.*'.*//" -e "s/^ *\!.*'.*//" module_bl_gwdo.F > module_bl_gwdo.G
/lib/cpp -P -nostdinc -I/glade/work/rkumar/NASA_HMA/WRFchem_HMA/inc -DEM_CORE=1 -DNMM_CORE=0 -DNMM_MAX_DIM=2600 -DCOAMPS_CORE=0 -DDA_CORE=0 -DEXP_CORE=0 -DIWORDSIZE=4 -DDWORDSIZE=8 -DRWORDSIZE=4 -DLWORDSIZE=4 -DNONSTANDARD_SYSTEM_FUNC  -DWRF_USE_CLM  -DSNICAR_FRC    -DDM_PARALLEL -DNETCDF -DUSE_ALLOCATABLES -DGRIB1 -DINTIO -DKEEP_INT_AROUND -DLIMIT_ARGS -DCONFIG_BUF_LEN=65536 -DMAX_DOMAINS_F=21 -DMAX_HISTORY=25 -DNMM_NEST=0 -DWRF_CHEM -DBUILD_CHEM=1 -DWRF_KPP -I. -traditional-cpp   module_bl_gwdo.G  > module_bl_gwdo.H
sed -e "s/gridmu/grid%mu/g" -e "s/gridMu/grid%Mu/g" module_bl_gwdo.H > module_bl_gwdo.bb
/glade/work/rkumar/NASA_HMA/WRFchem_HMA/tools/standard.exe module_bl_gwdo.bb | /lib/cpp -P -nostdinc -traditional-cpp > module_bl_gwdo.f90
rm -f module_bl_gwdo.G module_bl_gwdo.H module_bl_gwdo.bb
time mpif90 -f90=ifort -o module_bl_gwdo.o -c -O3 -ip -fp-model precise -w -ftz -align all -fno-alias -FR -convert big_endian    -I../dyn_em -I../dyn_nmm   -I/glade/work/rkumar/NASA_HMA/WRFchem_HMA/external/esmf_time_f90  -I/glade/work/rkumar/NASA_HMA/WRFchem_HMA/main -I/glade/work/rkumar/NASA_HMA/WRFchem_HMA/external/io_netcdf -I/glade/work/rkumar/NASA_HMA/WRFchem_HMA/external/io_int -I/glade/work/rkumar/NASA_HMA/WRFchem_HMA/frame -I/glade/work/rkumar/NASA_HMA/WRFchem_HMA/share -I/glade/work/rkumar/NASA_HMA/WRFchem_HMA/phys -I/glade/work/rkumar/NASA_HMA/WRFchem_HMA/chem -I/glade/work/rkumar/NASA_HMA/WRFchem_HMA/inc -I/glade/u/apps/ch/opt/netcdf/4.8.1/intel/19.1.1//include  -real-size `expr 8 \* 4` -i4  module_bl_gwdo.f90

real	0m2.323s
user	0m1.731s
sys	0m0.536s
rm -f module_bl_myjurb.o
sed -e "s/grid%mu/gridmu/g" -e "s/grid%Mu/gridMu/g" -e "s/^\!.*'.*//" -e "s/^ *\!.*'.*//" module_bl_myjurb.F > module_bl_myjurb.G
/lib/cpp -P -nostdinc -I/glade/work/rkumar/NASA_HMA/WRFchem_HMA/inc -DEM_CORE=1 -DNMM_CORE=0 -DNMM_MAX_DIM=2600 -DCOAMPS_CORE=0 -DDA_CORE=0 -DEXP_CORE=0 -DIWORDSIZE=4 -DDWORDSIZE=8 -DRWORDSIZE=4 -DLWORDSIZE=4 -DNONSTANDARD_SYSTEM_FUNC  -DWRF_USE_CLM  -DSNICAR_FRC    -DDM_PARALLEL -DNETCDF -DUSE_ALLOCATABLES -DGRIB1 -DINTIO -DKEEP_INT_AROUND -DLIMIT_ARGS -DCONFIG_BUF_LEN=65536 -DMAX_DOMAINS_F=21 -DMAX_HISTORY=25 -DNMM_NEST=0 -DWRF_CHEM -DBUILD_CHEM=1 -DWRF_KPP -I. -traditional-cpp   module_bl_myjurb.G  > module_bl_myjurb.H
sed -e "s/gridmu/grid%mu/g" -e "s/gridMu/grid%Mu/g" module_bl_myjurb.H > module_bl_myjurb.bb
/glade/work/rkumar/NASA_HMA/WRFchem_HMA/tools/standard.exe module_bl_myjurb.bb | /lib/cpp -P -nostdinc -traditional-cpp > module_bl_myjurb.f90
rm -f module_bl_myjurb.G module_bl_myjurb.H module_bl_myjurb.bb
time mpif90 -f90=ifort -o module_bl_myjurb.o -c -O3 -ip -fp-model precise -w -ftz -align all -fno-alias -FR -convert big_endian    -I../dyn_em -I../dyn_nmm   -I/glade/work/rkumar/NASA_HMA/WRFchem_HMA/external/esmf_time_f90  -I/glade/work/rkumar/NASA_HMA/WRFchem_HMA/main -I/glade/work/rkumar/NASA_HMA/WRFchem_HMA/external/io_netcdf -I/glade/work/rkumar/NASA_HMA/WRFchem_HMA/external/io_int -I/glade/work/rkumar/NASA_HMA/WRFchem_HMA/frame -I/glade/work/rkumar/NASA_HMA/WRFchem_HMA/share -I/glade/work/rkumar/NASA_HMA/WRFchem_HMA/phys -I/glade/work/rkumar/NASA_HMA/WRFchem_HMA/chem -I/glade/work/rkumar/NASA_HMA/WRFchem_HMA/inc -I/glade/u/apps/ch/opt/netcdf/4.8.1/intel/19.1.1//include  -real-size `expr 8 \* 4` -i4  module_bl_myjurb.f90

real	0m3.097s
user	0m2.520s
sys	0m0.523s
rm -f module_bl_boulac.o
sed -e "s/grid%mu/gridmu/g" -e "s/grid%Mu/gridMu/g" -e "s/^\!.*'.*//" -e "s/^ *\!.*'.*//" module_bl_boulac.F > module_bl_boulac.G
/lib/cpp -P -nostdinc -I/glade/work/rkumar/NASA_HMA/WRFchem_HMA/inc -DEM_CORE=1 -DNMM_CORE=0 -DNMM_MAX_DIM=2600 -DCOAMPS_CORE=0 -DDA_CORE=0 -DEXP_CORE=0 -DIWORDSIZE=4 -DDWORDSIZE=8 -DRWORDSIZE=4 -DLWORDSIZE=4 -DNONSTANDARD_SYSTEM_FUNC  -DWRF_USE_CLM  -DSNICAR_FRC    -DDM_PARALLEL -DNETCDF -DUSE_ALLOCATABLES -DGRIB1 -DINTIO -DKEEP_INT_AROUND -DLIMIT_ARGS -DCONFIG_BUF_LEN=65536 -DMAX_DOMAINS_F=21 -DMAX_HISTORY=25 -DNMM_NEST=0 -DWRF_CHEM -DBUILD_CHEM=1 -DWRF_KPP -I. -traditional-cpp   module_bl_boulac.G  > module_bl_boulac.H
sed -e "s/gridmu/grid%mu/g" -e "s/gridMu/grid%Mu/g" module_bl_boulac.H > module_bl_boulac.bb
/glade/work/rkumar/NASA_HMA/WRFchem_HMA/tools/standard.exe module_bl_boulac.bb | /lib/cpp -P -nostdinc -traditional-cpp > module_bl_boulac.f90
rm -f module_bl_boulac.G module_bl_boulac.H module_bl_boulac.bb
time mpif90 -f90=ifort -o module_bl_boulac.o -c -O3 -ip -fp-model precise -w -ftz -align all -fno-alias -FR -convert big_endian    -I../dyn_em -I../dyn_nmm   -I/glade/work/rkumar/NASA_HMA/WRFchem_HMA/external/esmf_time_f90  -I/glade/work/rkumar/NASA_HMA/WRFchem_HMA/main -I/glade/work/rkumar/NASA_HMA/WRFchem_HMA/external/io_netcdf -I/glade/work/rkumar/NASA_HMA/WRFchem_HMA/external/io_int -I/glade/work/rkumar/NASA_HMA/WRFchem_HMA/frame -I/glade/work/rkumar/NASA_HMA/WRFchem_HMA/share -I/glade/work/rkumar/NASA_HMA/WRFchem_HMA/phys -I/glade/work/rkumar/NASA_HMA/WRFchem_HMA/chem -I/glade/work/rkumar/NASA_HMA/WRFchem_HMA/inc -I/glade/u/apps/ch/opt/netcdf/4.8.1/intel/19.1.1//include  -real-size `expr 8 \* 4` -i4  module_bl_boulac.f90

real	0m9.923s
user	0m9.321s
sys	0m0.533s
rm -f module_bl_mfshconvpbl.o
sed -e "s/grid%mu/gridmu/g" -e "s/grid%Mu/gridMu/g" -e "s/^\!.*'.*//" -e "s/^ *\!.*'.*//" module_bl_mfshconvpbl.F > module_bl_mfshconvpbl.G
/lib/cpp -P -nostdinc -I/glade/work/rkumar/NASA_HMA/WRFchem_HMA/inc -DEM_CORE=1 -DNMM_CORE=0 -DNMM_MAX_DIM=2600 -DCOAMPS_CORE=0 -DDA_CORE=0 -DEXP_CORE=0 -DIWORDSIZE=4 -DDWORDSIZE=8 -DRWORDSIZE=4 -DLWORDSIZE=4 -DNONSTANDARD_SYSTEM_FUNC  -DWRF_USE_CLM  -DSNICAR_FRC    -DDM_PARALLEL -DNETCDF -DUSE_ALLOCATABLES -DGRIB1 -DINTIO -DKEEP_INT_AROUND -DLIMIT_ARGS -DCONFIG_BUF_LEN=65536 -DMAX_DOMAINS_F=21 -DMAX_HISTORY=25 -DNMM_NEST=0 -DWRF_CHEM -DBUILD_CHEM=1 -DWRF_KPP -I. -traditional-cpp   module_bl_mfshconvpbl.G  > module_bl_mfshconvpbl.H
sed -e "s/gridmu/grid%mu/g" -e "s/gridMu/grid%Mu/g" module_bl_mfshconvpbl.H > module_bl_mfshconvpbl.bb
/glade/work/rkumar/NASA_HMA/WRFchem_HMA/tools/standard.exe module_bl_mfshconvpbl.bb | /lib/cpp -P -nostdinc -traditional-cpp > module_bl_mfshconvpbl.f90
rm -f module_bl_mfshconvpbl.G module_bl_mfshconvpbl.H module_bl_mfshconvpbl.bb
time mpif90 -f90=ifort -o module_bl_mfshconvpbl.o -c -O3 -ip -fp-model precise -w -ftz -align all -fno-alias -FR -convert big_endian    -I../dyn_em -I../dyn_nmm   -I/glade/work/rkumar/NASA_HMA/WRFchem_HMA/external/esmf_time_f90  -I/glade/work/rkumar/NASA_HMA/WRFchem_HMA/main -I/glade/work/rkumar/NASA_HMA/WRFchem_HMA/external/io_netcdf -I/glade/work/rkumar/NASA_HMA/WRFchem_HMA/external/io_int -I/glade/work/rkumar/NASA_HMA/WRFchem_HMA/frame -I/glade/work/rkumar/NASA_HMA/WRFchem_HMA/share -I/glade/work/rkumar/NASA_HMA/WRFchem_HMA/phys -I/glade/work/rkumar/NASA_HMA/WRFchem_HMA/chem -I/glade/work/rkumar/NASA_HMA/WRFchem_HMA/inc -I/glade/u/apps/ch/opt/netcdf/4.8.1/intel/19.1.1//include  -real-size `expr 8 \* 4` -i4  module_bl_mfshconvpbl.f90

real	0m3.050s
user	0m2.365s
sys	0m0.597s
rm -f module_shcu_grims.o
sed -e "s/grid%mu/gridmu/g" -e "s/grid%Mu/gridMu/g" -e "s/^\!.*'.*//" -e "s/^ *\!.*'.*//" module_shcu_grims.F > module_shcu_grims.G
/lib/cpp -P -nostdinc -I/glade/work/rkumar/NASA_HMA/WRFchem_HMA/inc -DEM_CORE=1 -DNMM_CORE=0 -DNMM_MAX_DIM=2600 -DCOAMPS_CORE=0 -DDA_CORE=0 -DEXP_CORE=0 -DIWORDSIZE=4 -DDWORDSIZE=8 -DRWORDSIZE=4 -DLWORDSIZE=4 -DNONSTANDARD_SYSTEM_FUNC  -DWRF_USE_CLM  -DSNICAR_FRC    -DDM_PARALLEL -DNETCDF -DUSE_ALLOCATABLES -DGRIB1 -DINTIO -DKEEP_INT_AROUND -DLIMIT_ARGS -DCONFIG_BUF_LEN=65536 -DMAX_DOMAINS_F=21 -DMAX_HISTORY=25 -DNMM_NEST=0 -DWRF_CHEM -DBUILD_CHEM=1 -DWRF_KPP -I. -traditional-cpp   module_shcu_grims.G  > module_shcu_grims.H
sed -e "s/gridmu/grid%mu/g" -e "s/gridMu/grid%Mu/g" module_shcu_grims.H > module_shcu_grims.bb
/glade/work/rkumar/NASA_HMA/WRFchem_HMA/tools/standard.exe module_shcu_grims.bb | /lib/cpp -P -nostdinc -traditional-cpp > module_shcu_grims.f90
rm -f module_shcu_grims.G module_shcu_grims.H module_shcu_grims.bb
time mpif90 -f90=ifort -o module_shcu_grims.o -c -O3 -ip -fp-model precise -w -ftz -align all -fno-alias -FR -convert big_endian    -I../dyn_em -I../dyn_nmm   -I/glade/work/rkumar/NASA_HMA/WRFchem_HMA/external/esmf_time_f90  -I/glade/work/rkumar/NASA_HMA/WRFchem_HMA/main -I/glade/work/rkumar/NASA_HMA/WRFchem_HMA/external/io_netcdf -I/glade/work/rkumar/NASA_HMA/WRFchem_HMA/external/io_int -I/glade/work/rkumar/NASA_HMA/WRFchem_HMA/frame -I/glade/work/rkumar/NASA_HMA/WRFchem_HMA/share -I/glade/work/rkumar/NASA_HMA/WRFchem_HMA/phys -I/glade/work/rkumar/NASA_HMA/WRFchem_HMA/chem -I/glade/work/rkumar/NASA_HMA/WRFchem_HMA/inc -I/glade/u/apps/ch/opt/netcdf/4.8.1/intel/19.1.1//include  -real-size `expr 8 \* 4` -i4  module_shcu_grims.f90

real	0m1.954s
user	0m1.378s
sys	0m0.509s
rm -f module_bl_temf.o
sed -e "s/grid%mu/gridmu/g" -e "s/grid%Mu/gridMu/g" -e "s/^\!.*'.*//" -e "s/^ *\!.*'.*//" module_bl_temf.F > module_bl_temf.G
/lib/cpp -P -nostdinc -I/glade/work/rkumar/NASA_HMA/WRFchem_HMA/inc -DEM_CORE=1 -DNMM_CORE=0 -DNMM_MAX_DIM=2600 -DCOAMPS_CORE=0 -DDA_CORE=0 -DEXP_CORE=0 -DIWORDSIZE=4 -DDWORDSIZE=8 -DRWORDSIZE=4 -DLWORDSIZE=4 -DNONSTANDARD_SYSTEM_FUNC  -DWRF_USE_CLM  -DSNICAR_FRC    -DDM_PARALLEL -DNETCDF -DUSE_ALLOCATABLES -DGRIB1 -DINTIO -DKEEP_INT_AROUND -DLIMIT_ARGS -DCONFIG_BUF_LEN=65536 -DMAX_DOMAINS_F=21 -DMAX_HISTORY=25 -DNMM_NEST=0 -DWRF_CHEM -DBUILD_CHEM=1 -DWRF_KPP -I. -traditional-cpp   module_bl_temf.G  > module_bl_temf.H
sed -e "s/gridmu/grid%mu/g" -e "s/gridMu/grid%Mu/g" module_bl_temf.H > module_bl_temf.bb
/glade/work/rkumar/NASA_HMA/WRFchem_HMA/tools/standard.exe module_bl_temf.bb | /lib/cpp -P -nostdinc -traditional-cpp > module_bl_temf.f90
rm -f module_bl_temf.G module_bl_temf.H module_bl_temf.bb
time mpif90 -f90=ifort -o module_bl_temf.o -c -O3 -ip -fp-model precise -w -ftz -align all -fno-alias -FR -convert big_endian    -I../dyn_em -I../dyn_nmm   -I/glade/work/rkumar/NASA_HMA/WRFchem_HMA/external/esmf_time_f90  -I/glade/work/rkumar/NASA_HMA/WRFchem_HMA/main -I/glade/work/rkumar/NASA_HMA/WRFchem_HMA/external/io_netcdf -I/glade/work/rkumar/NASA_HMA/WRFchem_HMA/external/io_int -I/glade/work/rkumar/NASA_HMA/WRFchem_HMA/frame -I/glade/work/rkumar/NASA_HMA/WRFchem_HMA/share -I/glade/work/rkumar/NASA_HMA/WRFchem_HMA/phys -I/glade/work/rkumar/NASA_HMA/WRFchem_HMA/chem -I/glade/work/rkumar/NASA_HMA/WRFchem_HMA/inc -I/glade/u/apps/ch/opt/netcdf/4.8.1/intel/19.1.1//include  -real-size `expr 8 \* 4` -i4  module_bl_temf.f90

real	0m5.639s
user	0m4.970s
sys	0m0.599s
rm -f module_bl_gbmpbl.o
sed -e "s/grid%mu/gridmu/g" -e "s/grid%Mu/gridMu/g" -e "s/^\!.*'.*//" -e "s/^ *\!.*'.*//" module_bl_gbmpbl.F > module_bl_gbmpbl.G
/lib/cpp -P -nostdinc -I/glade/work/rkumar/NASA_HMA/WRFchem_HMA/inc -DEM_CORE=1 -DNMM_CORE=0 -DNMM_MAX_DIM=2600 -DCOAMPS_CORE=0 -DDA_CORE=0 -DEXP_CORE=0 -DIWORDSIZE=4 -DDWORDSIZE=8 -DRWORDSIZE=4 -DLWORDSIZE=4 -DNONSTANDARD_SYSTEM_FUNC  -DWRF_USE_CLM  -DSNICAR_FRC    -DDM_PARALLEL -DNETCDF -DUSE_ALLOCATABLES -DGRIB1 -DINTIO -DKEEP_INT_AROUND -DLIMIT_ARGS -DCONFIG_BUF_LEN=65536 -DMAX_DOMAINS_F=21 -DMAX_HISTORY=25 -DNMM_NEST=0 -DWRF_CHEM -DBUILD_CHEM=1 -DWRF_KPP -I. -traditional-cpp   module_bl_gbmpbl.G  > module_bl_gbmpbl.H
sed -e "s/gridmu/grid%mu/g" -e "s/gridMu/grid%Mu/g" module_bl_gbmpbl.H > module_bl_gbmpbl.bb
/glade/work/rkumar/NASA_HMA/WRFchem_HMA/tools/standard.exe module_bl_gbmpbl.bb | /lib/cpp -P -nostdinc -traditional-cpp > module_bl_gbmpbl.f90
rm -f module_bl_gbmpbl.G module_bl_gbmpbl.H module_bl_gbmpbl.bb
time mpif90 -f90=ifort -o module_bl_gbmpbl.o -c -O3 -ip -fp-model precise -w -ftz -align all -fno-alias -FR -convert big_endian    -I../dyn_em -I../dyn_nmm   -I/glade/work/rkumar/NASA_HMA/WRFchem_HMA/external/esmf_time_f90  -I/glade/work/rkumar/NASA_HMA/WRFchem_HMA/main -I/glade/work/rkumar/NASA_HMA/WRFchem_HMA/external/io_netcdf -I/glade/work/rkumar/NASA_HMA/WRFchem_HMA/external/io_int -I/glade/work/rkumar/NASA_HMA/WRFchem_HMA/frame -I/glade/work/rkumar/NASA_HMA/WRFchem_HMA/share -I/glade/work/rkumar/NASA_HMA/WRFchem_HMA/phys -I/glade/work/rkumar/NASA_HMA/WRFchem_HMA/chem -I/glade/work/rkumar/NASA_HMA/WRFchem_HMA/inc -I/glade/u/apps/ch/opt/netcdf/4.8.1/intel/19.1.1//include  -real-size `expr 8 \* 4` -i4  module_bl_gbmpbl.f90

real	0m3.637s
user	0m2.994s
sys	0m0.582s
rm -f module_cu_g3.o
sed -e "s/grid%mu/gridmu/g" -e "s/grid%Mu/gridMu/g" -e "s/^\!.*'.*//" -e "s/^ *\!.*'.*//" module_cu_g3.F > module_cu_g3.G
/lib/cpp -P -nostdinc -I/glade/work/rkumar/NASA_HMA/WRFchem_HMA/inc -DEM_CORE=1 -DNMM_CORE=0 -DNMM_MAX_DIM=2600 -DCOAMPS_CORE=0 -DDA_CORE=0 -DEXP_CORE=0 -DIWORDSIZE=4 -DDWORDSIZE=8 -DRWORDSIZE=4 -DLWORDSIZE=4 -DNONSTANDARD_SYSTEM_FUNC  -DWRF_USE_CLM  -DSNICAR_FRC    -DDM_PARALLEL -DNETCDF -DUSE_ALLOCATABLES -DGRIB1 -DINTIO -DKEEP_INT_AROUND -DLIMIT_ARGS -DCONFIG_BUF_LEN=65536 -DMAX_DOMAINS_F=21 -DMAX_HISTORY=25 -DNMM_NEST=0 -DWRF_CHEM -DBUILD_CHEM=1 -DWRF_KPP -I. -traditional-cpp   module_cu_g3.G  > module_cu_g3.H
sed -e "s/gridmu/grid%mu/g" -e "s/gridMu/grid%Mu/g" module_cu_g3.H > module_cu_g3.bb
/glade/work/rkumar/NASA_HMA/WRFchem_HMA/tools/standard.exe module_cu_g3.bb | /lib/cpp -P -nostdinc -traditional-cpp > module_cu_g3.f90
rm -f module_cu_g3.G module_cu_g3.H module_cu_g3.bb
time mpif90 -f90=ifort -o module_cu_g3.o -c -O3 -ip -fp-model precise -w -ftz -align all -fno-alias -FR -convert big_endian    -I../dyn_em -I../dyn_nmm   -I/glade/work/rkumar/NASA_HMA/WRFchem_HMA/external/esmf_time_f90  -I/glade/work/rkumar/NASA_HMA/WRFchem_HMA/main -I/glade/work/rkumar/NASA_HMA/WRFchem_HMA/external/io_netcdf -I/glade/work/rkumar/NASA_HMA/WRFchem_HMA/external/io_int -I/glade/work/rkumar/NASA_HMA/WRFchem_HMA/frame -I/glade/work/rkumar/NASA_HMA/WRFchem_HMA/share -I/glade/work/rkumar/NASA_HMA/WRFchem_HMA/phys -I/glade/work/rkumar/NASA_HMA/WRFchem_HMA/chem -I/glade/work/rkumar/NASA_HMA/WRFchem_HMA/inc -I/glade/u/apps/ch/opt/netcdf/4.8.1/intel/19.1.1//include  -real-size `expr 8 \* 4` -i4  module_cu_g3.f90

real	0m24.230s
user	0m23.447s
sys	0m0.697s
rm -f module_cu_kf.o
sed -e "s/grid%mu/gridmu/g" -e "s/grid%Mu/gridMu/g" -e "s/^\!.*'.*//" -e "s/^ *\!.*'.*//" module_cu_kf.F > module_cu_kf.G
/lib/cpp -P -nostdinc -I/glade/work/rkumar/NASA_HMA/WRFchem_HMA/inc -DEM_CORE=1 -DNMM_CORE=0 -DNMM_MAX_DIM=2600 -DCOAMPS_CORE=0 -DDA_CORE=0 -DEXP_CORE=0 -DIWORDSIZE=4 -DDWORDSIZE=8 -DRWORDSIZE=4 -DLWORDSIZE=4 -DNONSTANDARD_SYSTEM_FUNC  -DWRF_USE_CLM  -DSNICAR_FRC    -DDM_PARALLEL -DNETCDF -DUSE_ALLOCATABLES -DGRIB1 -DINTIO -DKEEP_INT_AROUND -DLIMIT_ARGS -DCONFIG_BUF_LEN=65536 -DMAX_DOMAINS_F=21 -DMAX_HISTORY=25 -DNMM_NEST=0 -DWRF_CHEM -DBUILD_CHEM=1 -DWRF_KPP -I. -traditional-cpp   module_cu_kf.G  > module_cu_kf.H
sed -e "s/gridmu/grid%mu/g" -e "s/gridMu/grid%Mu/g" module_cu_kf.H > module_cu_kf.bb
/glade/work/rkumar/NASA_HMA/WRFchem_HMA/tools/standard.exe module_cu_kf.bb | /lib/cpp -P -nostdinc -traditional-cpp > module_cu_kf.f90
rm -f module_cu_kf.G module_cu_kf.H module_cu_kf.bb
time mpif90 -f90=ifort -o module_cu_kf.o -c -O3 -ip -fp-model precise -w -ftz -align all -fno-alias -FR -convert big_endian    -I../dyn_em -I../dyn_nmm   -I/glade/work/rkumar/NASA_HMA/WRFchem_HMA/external/esmf_time_f90  -I/glade/work/rkumar/NASA_HMA/WRFchem_HMA/main -I/glade/work/rkumar/NASA_HMA/WRFchem_HMA/external/io_netcdf -I/glade/work/rkumar/NASA_HMA/WRFchem_HMA/external/io_int -I/glade/work/rkumar/NASA_HMA/WRFchem_HMA/frame -I/glade/work/rkumar/NASA_HMA/WRFchem_HMA/share -I/glade/work/rkumar/NASA_HMA/WRFchem_HMA/phys -I/glade/work/rkumar/NASA_HMA/WRFchem_HMA/chem -I/glade/work/rkumar/NASA_HMA/WRFchem_HMA/inc -I/glade/u/apps/ch/opt/netcdf/4.8.1/intel/19.1.1//include  -real-size `expr 8 \* 4` -i4  module_cu_kf.f90

real	0m12.526s
user	0m11.800s
sys	0m0.688s
rm -f module_cu_bmj.o
sed -e "s/grid%mu/gridmu/g" -e "s/grid%Mu/gridMu/g" -e "s/^\!.*'.*//" -e "s/^ *\!.*'.*//" module_cu_bmj.F > module_cu_bmj.G
/lib/cpp -P -nostdinc -I/glade/work/rkumar/NASA_HMA/WRFchem_HMA/inc -DEM_CORE=1 -DNMM_CORE=0 -DNMM_MAX_DIM=2600 -DCOAMPS_CORE=0 -DDA_CORE=0 -DEXP_CORE=0 -DIWORDSIZE=4 -DDWORDSIZE=8 -DRWORDSIZE=4 -DLWORDSIZE=4 -DNONSTANDARD_SYSTEM_FUNC  -DWRF_USE_CLM  -DSNICAR_FRC    -DDM_PARALLEL -DNETCDF -DUSE_ALLOCATABLES -DGRIB1 -DINTIO -DKEEP_INT_AROUND -DLIMIT_ARGS -DCONFIG_BUF_LEN=65536 -DMAX_DOMAINS_F=21 -DMAX_HISTORY=25 -DNMM_NEST=0 -DWRF_CHEM -DBUILD_CHEM=1 -DWRF_KPP -I. -traditional-cpp   module_cu_bmj.G  > module_cu_bmj.H
sed -e "s/gridmu/grid%mu/g" -e "s/gridMu/grid%Mu/g" module_cu_bmj.H > module_cu_bmj.bb
/glade/work/rkumar/NASA_HMA/WRFchem_HMA/tools/standard.exe module_cu_bmj.bb | /lib/cpp -P -nostdinc -traditional-cpp > module_cu_bmj.f90
rm -f module_cu_bmj.G module_cu_bmj.H module_cu_bmj.bb
time mpif90 -f90=ifort -o module_cu_bmj.o -c -O3 -ip -fp-model precise -w -ftz -align all -fno-alias -FR -convert big_endian    -I../dyn_em -I../dyn_nmm   -I/glade/work/rkumar/NASA_HMA/WRFchem_HMA/external/esmf_time_f90  -I/glade/work/rkumar/NASA_HMA/WRFchem_HMA/main -I/glade/work/rkumar/NASA_HMA/WRFchem_HMA/external/io_netcdf -I/glade/work/rkumar/NASA_HMA/WRFchem_HMA/external/io_int -I/glade/work/rkumar/NASA_HMA/WRFchem_HMA/frame -I/glade/work/rkumar/NASA_HMA/WRFchem_HMA/share -I/glade/work/rkumar/NASA_HMA/WRFchem_HMA/phys -I/glade/work/rkumar/NASA_HMA/WRFchem_HMA/chem -I/glade/work/rkumar/NASA_HMA/WRFchem_HMA/inc -I/glade/u/apps/ch/opt/netcdf/4.8.1/intel/19.1.1//include  -real-size `expr 8 \* 4` -i4  module_cu_bmj.f90

real	0m1.960s
user	0m1.319s
sys	0m0.564s
rm -f module_cu_kfeta.o
sed -e "s/grid%mu/gridmu/g" -e "s/grid%Mu/gridMu/g" -e "s/^\!.*'.*//" -e "s/^ *\!.*'.*//" module_cu_kfeta.F > module_cu_kfeta.G
/lib/cpp -P -nostdinc -I/glade/work/rkumar/NASA_HMA/WRFchem_HMA/inc -DEM_CORE=1 -DNMM_CORE=0 -DNMM_MAX_DIM=2600 -DCOAMPS_CORE=0 -DDA_CORE=0 -DEXP_CORE=0 -DIWORDSIZE=4 -DDWORDSIZE=8 -DRWORDSIZE=4 -DLWORDSIZE=4 -DNONSTANDARD_SYSTEM_FUNC  -DWRF_USE_CLM  -DSNICAR_FRC    -DDM_PARALLEL -DNETCDF -DUSE_ALLOCATABLES -DGRIB1 -DINTIO -DKEEP_INT_AROUND -DLIMIT_ARGS -DCONFIG_BUF_LEN=65536 -DMAX_DOMAINS_F=21 -DMAX_HISTORY=25 -DNMM_NEST=0 -DWRF_CHEM -DBUILD_CHEM=1 -DWRF_KPP -I. -traditional-cpp   module_cu_kfeta.G  > module_cu_kfeta.H
sed -e "s/gridmu/grid%mu/g" -e "s/gridMu/grid%Mu/g" module_cu_kfeta.H > module_cu_kfeta.bb
/glade/work/rkumar/NASA_HMA/WRFchem_HMA/tools/standard.exe module_cu_kfeta.bb | /lib/cpp -P -nostdinc -traditional-cpp > module_cu_kfeta.f90
rm -f module_cu_kfeta.G module_cu_kfeta.H module_cu_kfeta.bb
time mpif90 -f90=ifort -o module_cu_kfeta.o -c -O3 -ip -fp-model precise -w -ftz -align all -fno-alias -FR -convert big_endian    -I../dyn_em -I../dyn_nmm   -I/glade/work/rkumar/NASA_HMA/WRFchem_HMA/external/esmf_time_f90  -I/glade/work/rkumar/NASA_HMA/WRFchem_HMA/main -I/glade/work/rkumar/NASA_HMA/WRFchem_HMA/external/io_netcdf -I/glade/work/rkumar/NASA_HMA/WRFchem_HMA/external/io_int -I/glade/work/rkumar/NASA_HMA/WRFchem_HMA/frame -I/glade/work/rkumar/NASA_HMA/WRFchem_HMA/share -I/glade/work/rkumar/NASA_HMA/WRFchem_HMA/phys -I/glade/work/rkumar/NASA_HMA/WRFchem_HMA/chem -I/glade/work/rkumar/NASA_HMA/WRFchem_HMA/inc -I/glade/u/apps/ch/opt/netcdf/4.8.1/intel/19.1.1//include  -real-size `expr 8 \* 4` -i4  module_cu_kfeta.f90

real	0m4.907s
user	0m4.274s
sys	0m0.572s
rm -f module_cu_mskf.o
sed -e "s/grid%mu/gridmu/g" -e "s/grid%Mu/gridMu/g" -e "s/^\!.*'.*//" -e "s/^ *\!.*'.*//" module_cu_mskf.F > module_cu_mskf.G
/lib/cpp -P -nostdinc -I/glade/work/rkumar/NASA_HMA/WRFchem_HMA/inc -DEM_CORE=1 -DNMM_CORE=0 -DNMM_MAX_DIM=2600 -DCOAMPS_CORE=0 -DDA_CORE=0 -DEXP_CORE=0 -DIWORDSIZE=4 -DDWORDSIZE=8 -DRWORDSIZE=4 -DLWORDSIZE=4 -DNONSTANDARD_SYSTEM_FUNC  -DWRF_USE_CLM  -DSNICAR_FRC    -DDM_PARALLEL -DNETCDF -DUSE_ALLOCATABLES -DGRIB1 -DINTIO -DKEEP_INT_AROUND -DLIMIT_ARGS -DCONFIG_BUF_LEN=65536 -DMAX_DOMAINS_F=21 -DMAX_HISTORY=25 -DNMM_NEST=0 -DWRF_CHEM -DBUILD_CHEM=1 -DWRF_KPP -I. -traditional-cpp   module_cu_mskf.G  > module_cu_mskf.H
sed -e "s/gridmu/grid%mu/g" -e "s/gridMu/grid%Mu/g" module_cu_mskf.H > module_cu_mskf.bb
/glade/work/rkumar/NASA_HMA/WRFchem_HMA/tools/standard.exe module_cu_mskf.bb | /lib/cpp -P -nostdinc -traditional-cpp > module_cu_mskf.f90
rm -f module_cu_mskf.G module_cu_mskf.H module_cu_mskf.bb
time mpif90 -f90=ifort -o module_cu_mskf.o -c -O3 -ip -fp-model precise -w -ftz -align all -fno-alias -FR -convert big_endian    -I../dyn_em -I../dyn_nmm   -I/glade/work/rkumar/NASA_HMA/WRFchem_HMA/external/esmf_time_f90  -I/glade/work/rkumar/NASA_HMA/WRFchem_HMA/main -I/glade/work/rkumar/NASA_HMA/WRFchem_HMA/external/io_netcdf -I/glade/work/rkumar/NASA_HMA/WRFchem_HMA/external/io_int -I/glade/work/rkumar/NASA_HMA/WRFchem_HMA/frame -I/glade/work/rkumar/NASA_HMA/WRFchem_HMA/share -I/glade/work/rkumar/NASA_HMA/WRFchem_HMA/phys -I/glade/work/rkumar/NASA_HMA/WRFchem_HMA/chem -I/glade/work/rkumar/NASA_HMA/WRFchem_HMA/inc -I/glade/u/apps/ch/opt/netcdf/4.8.1/intel/19.1.1//include  -real-size `expr 8 \* 4` -i4  module_cu_mskf.f90

real	0m8.777s
user	0m8.080s
sys	0m0.646s
rm -f module_cu_ntiedtke.o
sed -e "s/grid%mu/gridmu/g" -e "s/grid%Mu/gridMu/g" -e "s/^\!.*'.*//" -e "s/^ *\!.*'.*//" module_cu_ntiedtke.F > module_cu_ntiedtke.G
/lib/cpp -P -nostdinc -I/glade/work/rkumar/NASA_HMA/WRFchem_HMA/inc -DEM_CORE=1 -DNMM_CORE=0 -DNMM_MAX_DIM=2600 -DCOAMPS_CORE=0 -DDA_CORE=0 -DEXP_CORE=0 -DIWORDSIZE=4 -DDWORDSIZE=8 -DRWORDSIZE=4 -DLWORDSIZE=4 -DNONSTANDARD_SYSTEM_FUNC  -DWRF_USE_CLM  -DSNICAR_FRC    -DDM_PARALLEL -DNETCDF -DUSE_ALLOCATABLES -DGRIB1 -DINTIO -DKEEP_INT_AROUND -DLIMIT_ARGS -DCONFIG_BUF_LEN=65536 -DMAX_DOMAINS_F=21 -DMAX_HISTORY=25 -DNMM_NEST=0 -DWRF_CHEM -DBUILD_CHEM=1 -DWRF_KPP -I. -traditional-cpp   module_cu_ntiedtke.G  > module_cu_ntiedtke.H
sed -e "s/gridmu/grid%mu/g" -e "s/gridMu/grid%Mu/g" module_cu_ntiedtke.H > module_cu_ntiedtke.bb
/glade/work/rkumar/NASA_HMA/WRFchem_HMA/tools/standard.exe module_cu_ntiedtke.bb | /lib/cpp -P -nostdinc -traditional-cpp > module_cu_ntiedtke.f90
rm -f module_cu_ntiedtke.G module_cu_ntiedtke.H module_cu_ntiedtke.bb
time mpif90 -f90=ifort -o module_cu_ntiedtke.o -c -O3 -ip -fp-model precise -w -ftz -align all -fno-alias -FR -convert big_endian    -I../dyn_em -I../dyn_nmm   -I/glade/work/rkumar/NASA_HMA/WRFchem_HMA/external/esmf_time_f90  -I/glade/work/rkumar/NASA_HMA/WRFchem_HMA/main -I/glade/work/rkumar/NASA_HMA/WRFchem_HMA/external/io_netcdf -I/glade/work/rkumar/NASA_HMA/WRFchem_HMA/external/io_int -I/glade/work/rkumar/NASA_HMA/WRFchem_HMA/frame -I/glade/work/rkumar/NASA_HMA/WRFchem_HMA/share -I/glade/work/rkumar/NASA_HMA/WRFchem_HMA/phys -I/glade/work/rkumar/NASA_HMA/WRFchem_HMA/chem -I/glade/work/rkumar/NASA_HMA/WRFchem_HMA/inc -I/glade/u/apps/ch/opt/netcdf/4.8.1/intel/19.1.1//include  -real-size `expr 8 \* 4` -i4  module_cu_ntiedtke.f90

real	0m9.130s
user	0m8.390s
sys	0m0.667s
rm -f module_cu_gd.o
sed -e "s/grid%mu/gridmu/g" -e "s/grid%Mu/gridMu/g" -e "s/^\!.*'.*//" -e "s/^ *\!.*'.*//" module_cu_gd.F > module_cu_gd.G
/lib/cpp -P -nostdinc -I/glade/work/rkumar/NASA_HMA/WRFchem_HMA/inc -DEM_CORE=1 -DNMM_CORE=0 -DNMM_MAX_DIM=2600 -DCOAMPS_CORE=0 -DDA_CORE=0 -DEXP_CORE=0 -DIWORDSIZE=4 -DDWORDSIZE=8 -DRWORDSIZE=4 -DLWORDSIZE=4 -DNONSTANDARD_SYSTEM_FUNC  -DWRF_USE_CLM  -DSNICAR_FRC    -DDM_PARALLEL -DNETCDF -DUSE_ALLOCATABLES -DGRIB1 -DINTIO -DKEEP_INT_AROUND -DLIMIT_ARGS -DCONFIG_BUF_LEN=65536 -DMAX_DOMAINS_F=21 -DMAX_HISTORY=25 -DNMM_NEST=0 -DWRF_CHEM -DBUILD_CHEM=1 -DWRF_KPP -I. -traditional-cpp   module_cu_gd.G  > module_cu_gd.H
sed -e "s/gridmu/grid%mu/g" -e "s/gridMu/grid%Mu/g" module_cu_gd.H > module_cu_gd.bb
/glade/work/rkumar/NASA_HMA/WRFchem_HMA/tools/standard.exe module_cu_gd.bb | /lib/cpp -P -nostdinc -traditional-cpp > module_cu_gd.f90
rm -f module_cu_gd.G module_cu_gd.H module_cu_gd.bb
time mpif90 -f90=ifort -o module_cu_gd.o -c -O3 -ip -fp-model precise -w -ftz -align all -fno-alias -FR -convert big_endian    -I../dyn_em -I../dyn_nmm   -I/glade/work/rkumar/NASA_HMA/WRFchem_HMA/external/esmf_time_f90  -I/glade/work/rkumar/NASA_HMA/WRFchem_HMA/main -I/glade/work/rkumar/NASA_HMA/WRFchem_HMA/external/io_netcdf -I/glade/work/rkumar/NASA_HMA/WRFchem_HMA/external/io_int -I/glade/work/rkumar/NASA_HMA/WRFchem_HMA/frame -I/glade/work/rkumar/NASA_HMA/WRFchem_HMA/share -I/glade/work/rkumar/NASA_HMA/WRFchem_HMA/phys -I/glade/work/rkumar/NASA_HMA/WRFchem_HMA/chem -I/glade/work/rkumar/NASA_HMA/WRFchem_HMA/inc -I/glade/u/apps/ch/opt/netcdf/4.8.1/intel/19.1.1//include  -real-size `expr 8 \* 4` -i4  module_cu_gd.f90

real	0m5.990s
user	0m5.373s
sys	0m0.596s
rm -f module_cu_gf_deep.o
sed -e "s/grid%mu/gridmu/g" -e "s/grid%Mu/gridMu/g" -e "s/^\!.*'.*//" -e "s/^ *\!.*'.*//" module_cu_gf_deep.F > module_cu_gf_deep.G
/lib/cpp -P -nostdinc -I/glade/work/rkumar/NASA_HMA/WRFchem_HMA/inc -DEM_CORE=1 -DNMM_CORE=0 -DNMM_MAX_DIM=2600 -DCOAMPS_CORE=0 -DDA_CORE=0 -DEXP_CORE=0 -DIWORDSIZE=4 -DDWORDSIZE=8 -DRWORDSIZE=4 -DLWORDSIZE=4 -DNONSTANDARD_SYSTEM_FUNC  -DWRF_USE_CLM  -DSNICAR_FRC    -DDM_PARALLEL -DNETCDF -DUSE_ALLOCATABLES -DGRIB1 -DINTIO -DKEEP_INT_AROUND -DLIMIT_ARGS -DCONFIG_BUF_LEN=65536 -DMAX_DOMAINS_F=21 -DMAX_HISTORY=25 -DNMM_NEST=0 -DWRF_CHEM -DBUILD_CHEM=1 -DWRF_KPP -I. -traditional-cpp   module_cu_gf_deep.G  > module_cu_gf_deep.H
sed -e "s/gridmu/grid%mu/g" -e "s/gridMu/grid%Mu/g" module_cu_gf_deep.H > module_cu_gf_deep.bb
/glade/work/rkumar/NASA_HMA/WRFchem_HMA/tools/standard.exe module_cu_gf_deep.bb | /lib/cpp -P -nostdinc -traditional-cpp > module_cu_gf_deep.f90
rm -f module_cu_gf_deep.G module_cu_gf_deep.H module_cu_gf_deep.bb
time mpif90 -f90=ifort -o module_cu_gf_deep.o -c -O3 -ip -fp-model precise -w -ftz -align all -fno-alias -FR -convert big_endian    -I../dyn_em -I../dyn_nmm   -I/glade/work/rkumar/NASA_HMA/WRFchem_HMA/external/esmf_time_f90  -I/glade/work/rkumar/NASA_HMA/WRFchem_HMA/main -I/glade/work/rkumar/NASA_HMA/WRFchem_HMA/external/io_netcdf -I/glade/work/rkumar/NASA_HMA/WRFchem_HMA/external/io_int -I/glade/work/rkumar/NASA_HMA/WRFchem_HMA/frame -I/glade/work/rkumar/NASA_HMA/WRFchem_HMA/share -I/glade/work/rkumar/NASA_HMA/WRFchem_HMA/phys -I/glade/work/rkumar/NASA_HMA/WRFchem_HMA/chem -I/glade/work/rkumar/NASA_HMA/WRFchem_HMA/inc -I/glade/u/apps/ch/opt/netcdf/4.8.1/intel/19.1.1//include  -real-size `expr 8 \* 4` -i4  module_cu_gf_deep.f90

real	0m8.369s
user	0m7.698s
sys	0m0.606s
rm -f module_cu_nsas.o
sed -e "s/grid%mu/gridmu/g" -e "s/grid%Mu/gridMu/g" -e "s/^\!.*'.*//" -e "s/^ *\!.*'.*//" module_cu_nsas.F > module_cu_nsas.G
/lib/cpp -P -nostdinc -I/glade/work/rkumar/NASA_HMA/WRFchem_HMA/inc -DEM_CORE=1 -DNMM_CORE=0 -DNMM_MAX_DIM=2600 -DCOAMPS_CORE=0 -DDA_CORE=0 -DEXP_CORE=0 -DIWORDSIZE=4 -DDWORDSIZE=8 -DRWORDSIZE=4 -DLWORDSIZE=4 -DNONSTANDARD_SYSTEM_FUNC  -DWRF_USE_CLM  -DSNICAR_FRC    -DDM_PARALLEL -DNETCDF -DUSE_ALLOCATABLES -DGRIB1 -DINTIO -DKEEP_INT_AROUND -DLIMIT_ARGS -DCONFIG_BUF_LEN=65536 -DMAX_DOMAINS_F=21 -DMAX_HISTORY=25 -DNMM_NEST=0 -DWRF_CHEM -DBUILD_CHEM=1 -DWRF_KPP -I. -traditional-cpp   module_cu_nsas.G  > module_cu_nsas.H
sed -e "s/gridmu/grid%mu/g" -e "s/gridMu/grid%Mu/g" module_cu_nsas.H > module_cu_nsas.bb
/glade/work/rkumar/NASA_HMA/WRFchem_HMA/tools/standard.exe module_cu_nsas.bb | /lib/cpp -P -nostdinc -traditional-cpp > module_cu_nsas.f90
rm -f module_cu_nsas.G module_cu_nsas.H module_cu_nsas.bb
time mpif90 -f90=ifort -o module_cu_nsas.o -c -O3 -ip -fp-model precise -w -ftz -align all -fno-alias -FR -convert big_endian    -I../dyn_em -I../dyn_nmm   -I/glade/work/rkumar/NASA_HMA/WRFchem_HMA/external/esmf_time_f90  -I/glade/work/rkumar/NASA_HMA/WRFchem_HMA/main -I/glade/work/rkumar/NASA_HMA/WRFchem_HMA/external/io_netcdf -I/glade/work/rkumar/NASA_HMA/WRFchem_HMA/external/io_int -I/glade/work/rkumar/NASA_HMA/WRFchem_HMA/frame -I/glade/work/rkumar/NASA_HMA/WRFchem_HMA/share -I/glade/work/rkumar/NASA_HMA/WRFchem_HMA/phys -I/glade/work/rkumar/NASA_HMA/WRFchem_HMA/chem -I/glade/work/rkumar/NASA_HMA/WRFchem_HMA/inc -I/glade/u/apps/ch/opt/netcdf/4.8.1/intel/19.1.1//include  -real-size `expr 8 \* 4` -i4  module_cu_nsas.f90

real	0m9.787s
user	0m9.063s
sys	0m0.679s
rm -f ../chem/module_data_mosaic_asect.o
sed -e "s/grid%mu/gridmu/g" -e "s/grid%Mu/gridMu/g" -e "s/^\!.*'.*//" -e "s/^ *\!.*'.*//" ../chem/module_data_mosaic_asect.F > ../chem/module_data_mosaic_asect.G
/lib/cpp -P -nostdinc -I/glade/work/rkumar/NASA_HMA/WRFchem_HMA/inc -DEM_CORE=1 -DNMM_CORE=0 -DNMM_MAX_DIM=2600 -DCOAMPS_CORE=0 -DDA_CORE=0 -DEXP_CORE=0 -DIWORDSIZE=4 -DDWORDSIZE=8 -DRWORDSIZE=4 -DLWORDSIZE=4 -DNONSTANDARD_SYSTEM_FUNC  -DWRF_USE_CLM  -DSNICAR_FRC    -DDM_PARALLEL -DNETCDF -DUSE_ALLOCATABLES -DGRIB1 -DINTIO -DKEEP_INT_AROUND -DLIMIT_ARGS -DCONFIG_BUF_LEN=65536 -DMAX_DOMAINS_F=21 -DMAX_HISTORY=25 -DNMM_NEST=0 -DWRF_CHEM -DBUILD_CHEM=1 -DWRF_KPP -I. -traditional-cpp   ../chem/module_data_mosaic_asect.G  > ../chem/module_data_mosaic_asect.H
sed -e "s/gridmu/grid%mu/g" -e "s/gridMu/grid%Mu/g" ../chem/module_data_mosaic_asect.H > ../chem/module_data_mosaic_asect.bb
/glade/work/rkumar/NASA_HMA/WRFchem_HMA/tools/standard.exe ../chem/module_data_mosaic_asect.bb | /lib/cpp -P -nostdinc -traditional-cpp > ../chem/module_data_mosaic_asect.f90
rm -f ../chem/module_data_mosaic_asect.G ../chem/module_data_mosaic_asect.H ../chem/module_data_mosaic_asect.bb
time mpif90 -f90=ifort -o ../chem/module_data_mosaic_asect.o -c -O3 -ip -fp-model precise -w -ftz -align all -fno-alias -FR -convert big_endian    -I../dyn_em -I../dyn_nmm   -I/glade/work/rkumar/NASA_HMA/WRFchem_HMA/external/esmf_time_f90  -I/glade/work/rkumar/NASA_HMA/WRFchem_HMA/main -I/glade/work/rkumar/NASA_HMA/WRFchem_HMA/external/io_netcdf -I/glade/work/rkumar/NASA_HMA/WRFchem_HMA/external/io_int -I/glade/work/rkumar/NASA_HMA/WRFchem_HMA/frame -I/glade/work/rkumar/NASA_HMA/WRFchem_HMA/share -I/glade/work/rkumar/NASA_HMA/WRFchem_HMA/phys -I/glade/work/rkumar/NASA_HMA/WRFchem_HMA/chem -I/glade/work/rkumar/NASA_HMA/WRFchem_HMA/inc -I/glade/u/apps/ch/opt/netcdf/4.8.1/intel/19.1.1//include  -real-size `expr 8 \* 4` -i4  ../chem/module_data_mosaic_asect.f90

real	0m0.624s
user	0m0.062s
sys	0m0.518s
rm -f module_ra_sw.o
sed -e "s/grid%mu/gridmu/g" -e "s/grid%Mu/gridMu/g" -e "s/^\!.*'.*//" -e "s/^ *\!.*'.*//" module_ra_sw.F > module_ra_sw.G
/lib/cpp -P -nostdinc -I/glade/work/rkumar/NASA_HMA/WRFchem_HMA/inc -DEM_CORE=1 -DNMM_CORE=0 -DNMM_MAX_DIM=2600 -DCOAMPS_CORE=0 -DDA_CORE=0 -DEXP_CORE=0 -DIWORDSIZE=4 -DDWORDSIZE=8 -DRWORDSIZE=4 -DLWORDSIZE=4 -DNONSTANDARD_SYSTEM_FUNC  -DWRF_USE_CLM  -DSNICAR_FRC    -DDM_PARALLEL -DNETCDF -DUSE_ALLOCATABLES -DGRIB1 -DINTIO -DKEEP_INT_AROUND -DLIMIT_ARGS -DCONFIG_BUF_LEN=65536 -DMAX_DOMAINS_F=21 -DMAX_HISTORY=25 -DNMM_NEST=0 -DWRF_CHEM -DBUILD_CHEM=1 -DWRF_KPP -I. -traditional-cpp   module_ra_sw.G  > module_ra_sw.H
sed -e "s/gridmu/grid%mu/g" -e "s/gridMu/grid%Mu/g" module_ra_sw.H > module_ra_sw.bb
/glade/work/rkumar/NASA_HMA/WRFchem_HMA/tools/standard.exe module_ra_sw.bb | /lib/cpp -P -nostdinc -traditional-cpp > module_ra_sw.f90
rm -f module_ra_sw.G module_ra_sw.H module_ra_sw.bb
time mpif90 -f90=ifort -o module_ra_sw.o -c -O3 -ip -fp-model precise -w -ftz -align all -fno-alias -FR -convert big_endian    -I../dyn_em -I../dyn_nmm   -I/glade/work/rkumar/NASA_HMA/WRFchem_HMA/external/esmf_time_f90  -I/glade/work/rkumar/NASA_HMA/WRFchem_HMA/main -I/glade/work/rkumar/NASA_HMA/WRFchem_HMA/external/io_netcdf -I/glade/work/rkumar/NASA_HMA/WRFchem_HMA/external/io_int -I/glade/work/rkumar/NASA_HMA/WRFchem_HMA/frame -I/glade/work/rkumar/NASA_HMA/WRFchem_HMA/share -I/glade/work/rkumar/NASA_HMA/WRFchem_HMA/phys -I/glade/work/rkumar/NASA_HMA/WRFchem_HMA/chem -I/glade/work/rkumar/NASA_HMA/WRFchem_HMA/inc -I/glade/u/apps/ch/opt/netcdf/4.8.1/intel/19.1.1//include  -real-size `expr 8 \* 4` -i4  module_ra_sw.f90

real	0m1.269s
user	0m0.718s
sys	0m0.506s
rm -f module_ra_gsfcsw.o
sed -e "s/grid%mu/gridmu/g" -e "s/grid%Mu/gridMu/g" -e "s/^\!.*'.*//" -e "s/^ *\!.*'.*//" module_ra_gsfcsw.F > module_ra_gsfcsw.G
/lib/cpp -P -nostdinc -I/glade/work/rkumar/NASA_HMA/WRFchem_HMA/inc -DEM_CORE=1 -DNMM_CORE=0 -DNMM_MAX_DIM=2600 -DCOAMPS_CORE=0 -DDA_CORE=0 -DEXP_CORE=0 -DIWORDSIZE=4 -DDWORDSIZE=8 -DRWORDSIZE=4 -DLWORDSIZE=4 -DNONSTANDARD_SYSTEM_FUNC  -DWRF_USE_CLM  -DSNICAR_FRC    -DDM_PARALLEL -DNETCDF -DUSE_ALLOCATABLES -DGRIB1 -DINTIO -DKEEP_INT_AROUND -DLIMIT_ARGS -DCONFIG_BUF_LEN=65536 -DMAX_DOMAINS_F=21 -DMAX_HISTORY=25 -DNMM_NEST=0 -DWRF_CHEM -DBUILD_CHEM=1 -DWRF_KPP -I. -traditional-cpp   module_ra_gsfcsw.G  > module_ra_gsfcsw.H
sed -e "s/gridmu/grid%mu/g" -e "s/gridMu/grid%Mu/g" module_ra_gsfcsw.H > module_ra_gsfcsw.bb
/glade/work/rkumar/NASA_HMA/WRFchem_HMA/tools/standard.exe module_ra_gsfcsw.bb | /lib/cpp -P -nostdinc -traditional-cpp > module_ra_gsfcsw.f90
rm -f module_ra_gsfcsw.G module_ra_gsfcsw.H module_ra_gsfcsw.bb
time mpif90 -f90=ifort -o module_ra_gsfcsw.o -c -O3 -ip -fp-model precise -w -ftz -align all -fno-alias -FR -convert big_endian    -I../dyn_em -I../dyn_nmm   -I/glade/work/rkumar/NASA_HMA/WRFchem_HMA/external/esmf_time_f90  -I/glade/work/rkumar/NASA_HMA/WRFchem_HMA/main -I/glade/work/rkumar/NASA_HMA/WRFchem_HMA/external/io_netcdf -I/glade/work/rkumar/NASA_HMA/WRFchem_HMA/external/io_int -I/glade/work/rkumar/NASA_HMA/WRFchem_HMA/frame -I/glade/work/rkumar/NASA_HMA/WRFchem_HMA/share -I/glade/work/rkumar/NASA_HMA/WRFchem_HMA/phys -I/glade/work/rkumar/NASA_HMA/WRFchem_HMA/chem -I/glade/work/rkumar/NASA_HMA/WRFchem_HMA/inc -I/glade/u/apps/ch/opt/netcdf/4.8.1/intel/19.1.1//include  -real-size `expr 8 \* 4` -i4  module_ra_gsfcsw.f90

real	0m11.101s
user	0m10.390s
sys	0m0.649s
rm -f module_ra_clWRF_support.o
sed -e "s/grid%mu/gridmu/g" -e "s/grid%Mu/gridMu/g" -e "s/^\!.*'.*//" -e "s/^ *\!.*'.*//" module_ra_clWRF_support.F > module_ra_clWRF_support.G
/lib/cpp -P -nostdinc -I/glade/work/rkumar/NASA_HMA/WRFchem_HMA/inc -DEM_CORE=1 -DNMM_CORE=0 -DNMM_MAX_DIM=2600 -DCOAMPS_CORE=0 -DDA_CORE=0 -DEXP_CORE=0 -DIWORDSIZE=4 -DDWORDSIZE=8 -DRWORDSIZE=4 -DLWORDSIZE=4 -DNONSTANDARD_SYSTEM_FUNC  -DWRF_USE_CLM  -DSNICAR_FRC    -DDM_PARALLEL -DNETCDF -DUSE_ALLOCATABLES -DGRIB1 -DINTIO -DKEEP_INT_AROUND -DLIMIT_ARGS -DCONFIG_BUF_LEN=65536 -DMAX_DOMAINS_F=21 -DMAX_HISTORY=25 -DNMM_NEST=0 -DWRF_CHEM -DBUILD_CHEM=1 -DWRF_KPP -I. -traditional-cpp   module_ra_clWRF_support.G  > module_ra_clWRF_support.H
sed -e "s/gridmu/grid%mu/g" -e "s/gridMu/grid%Mu/g" module_ra_clWRF_support.H > module_ra_clWRF_support.bb
/glade/work/rkumar/NASA_HMA/WRFchem_HMA/tools/standard.exe module_ra_clWRF_support.bb | /lib/cpp -P -nostdinc -traditional-cpp > module_ra_clWRF_support.f90
rm -f module_ra_clWRF_support.G module_ra_clWRF_support.H module_ra_clWRF_support.bb
time mpif90 -f90=ifort -o module_ra_clWRF_support.o -c -O3 -ip -fp-model precise -w -ftz -align all -fno-alias -FR -convert big_endian    -I../dyn_em -I../dyn_nmm   -I/glade/work/rkumar/NASA_HMA/WRFchem_HMA/external/esmf_time_f90  -I/glade/work/rkumar/NASA_HMA/WRFchem_HMA/main -I/glade/work/rkumar/NASA_HMA/WRFchem_HMA/external/io_netcdf -I/glade/work/rkumar/NASA_HMA/WRFchem_HMA/external/io_int -I/glade/work/rkumar/NASA_HMA/WRFchem_HMA/frame -I/glade/work/rkumar/NASA_HMA/WRFchem_HMA/share -I/glade/work/rkumar/NASA_HMA/WRFchem_HMA/phys -I/glade/work/rkumar/NASA_HMA/WRFchem_HMA/chem -I/glade/work/rkumar/NASA_HMA/WRFchem_HMA/inc -I/glade/u/apps/ch/opt/netcdf/4.8.1/intel/19.1.1//include  -real-size `expr 8 \* 4` -i4  module_ra_clWRF_support.f90

real	0m0.882s
user	0m0.330s
sys	0m0.492s
rm -f module_mp_etanew.o
sed -e "s/grid%mu/gridmu/g" -e "s/grid%Mu/gridMu/g" -e "s/^\!.*'.*//" -e "s/^ *\!.*'.*//" module_mp_etanew.F > module_mp_etanew.G
/lib/cpp -P -nostdinc -I/glade/work/rkumar/NASA_HMA/WRFchem_HMA/inc -DEM_CORE=1 -DNMM_CORE=0 -DNMM_MAX_DIM=2600 -DCOAMPS_CORE=0 -DDA_CORE=0 -DEXP_CORE=0 -DIWORDSIZE=4 -DDWORDSIZE=8 -DRWORDSIZE=4 -DLWORDSIZE=4 -DNONSTANDARD_SYSTEM_FUNC  -DWRF_USE_CLM  -DSNICAR_FRC    -DDM_PARALLEL -DNETCDF -DUSE_ALLOCATABLES -DGRIB1 -DINTIO -DKEEP_INT_AROUND -DLIMIT_ARGS -DCONFIG_BUF_LEN=65536 -DMAX_DOMAINS_F=21 -DMAX_HISTORY=25 -DNMM_NEST=0 -DWRF_CHEM -DBUILD_CHEM=1 -DWRF_KPP -I. -traditional-cpp   module_mp_etanew.G  > module_mp_etanew.H
sed -e "s/gridmu/grid%mu/g" -e "s/gridMu/grid%Mu/g" module_mp_etanew.H > module_mp_etanew.bb
/glade/work/rkumar/NASA_HMA/WRFchem_HMA/tools/standard.exe module_mp_etanew.bb | /lib/cpp -P -nostdinc -traditional-cpp > module_mp_etanew.f90
rm -f module_mp_etanew.G module_mp_etanew.H module_mp_etanew.bb
time mpif90 -f90=ifort -o module_mp_etanew.o -c -O3 -ip -fp-model precise -w -ftz -align all -fno-alias -FR -convert big_endian    -I../dyn_em -I../dyn_nmm   -I/glade/work/rkumar/NASA_HMA/WRFchem_HMA/external/esmf_time_f90  -I/glade/work/rkumar/NASA_HMA/WRFchem_HMA/main -I/glade/work/rkumar/NASA_HMA/WRFchem_HMA/external/io_netcdf -I/glade/work/rkumar/NASA_HMA/WRFchem_HMA/external/io_int -I/glade/work/rkumar/NASA_HMA/WRFchem_HMA/frame -I/glade/work/rkumar/NASA_HMA/WRFchem_HMA/share -I/glade/work/rkumar/NASA_HMA/WRFchem_HMA/phys -I/glade/work/rkumar/NASA_HMA/WRFchem_HMA/chem -I/glade/work/rkumar/NASA_HMA/WRFchem_HMA/inc -I/glade/u/apps/ch/opt/netcdf/4.8.1/intel/19.1.1//include  -real-size `expr 8 \* 4` -i4  module_mp_etanew.f90

real	0m2.749s
user	0m2.140s
sys	0m0.593s
rm -f module_mp_HWRF.o
sed -e "s/grid%mu/gridmu/g" -e "s/grid%Mu/gridMu/g" -e "s/^\!.*'.*//" -e "s/^ *\!.*'.*//" module_mp_HWRF.F > module_mp_HWRF.G
/lib/cpp -P -nostdinc -I/glade/work/rkumar/NASA_HMA/WRFchem_HMA/inc -DEM_CORE=1 -DNMM_CORE=0 -DNMM_MAX_DIM=2600 -DCOAMPS_CORE=0 -DDA_CORE=0 -DEXP_CORE=0 -DIWORDSIZE=4 -DDWORDSIZE=8 -DRWORDSIZE=4 -DLWORDSIZE=4 -DNONSTANDARD_SYSTEM_FUNC  -DWRF_USE_CLM  -DSNICAR_FRC    -DDM_PARALLEL -DNETCDF -DUSE_ALLOCATABLES -DGRIB1 -DINTIO -DKEEP_INT_AROUND -DLIMIT_ARGS -DCONFIG_BUF_LEN=65536 -DMAX_DOMAINS_F=21 -DMAX_HISTORY=25 -DNMM_NEST=0 -DWRF_CHEM -DBUILD_CHEM=1 -DWRF_KPP -I. -traditional-cpp   module_mp_HWRF.G  > module_mp_HWRF.H
sed -e "s/gridmu/grid%mu/g" -e "s/gridMu/grid%Mu/g" module_mp_HWRF.H > module_mp_HWRF.bb
/glade/work/rkumar/NASA_HMA/WRFchem_HMA/tools/standard.exe module_mp_HWRF.bb | /lib/cpp -P -nostdinc -traditional-cpp > module_mp_HWRF.f90
rm -f module_mp_HWRF.G module_mp_HWRF.H module_mp_HWRF.bb
time mpif90 -f90=ifort -o module_mp_HWRF.o -c -O3 -ip -fp-model precise -w -ftz -align all -fno-alias -FR -convert big_endian    -I../dyn_em -I../dyn_nmm   -I/glade/work/rkumar/NASA_HMA/WRFchem_HMA/external/esmf_time_f90  -I/glade/work/rkumar/NASA_HMA/WRFchem_HMA/main -I/glade/work/rkumar/NASA_HMA/WRFchem_HMA/external/io_netcdf -I/glade/work/rkumar/NASA_HMA/WRFchem_HMA/external/io_int -I/glade/work/rkumar/NASA_HMA/WRFchem_HMA/frame -I/glade/work/rkumar/NASA_HMA/WRFchem_HMA/share -I/glade/work/rkumar/NASA_HMA/WRFchem_HMA/phys -I/glade/work/rkumar/NASA_HMA/WRFchem_HMA/chem -I/glade/work/rkumar/NASA_HMA/WRFchem_HMA/inc -I/glade/u/apps/ch/opt/netcdf/4.8.1/intel/19.1.1//include  -real-size `expr 8 \* 4` -i4  module_mp_HWRF.f90

real	0m7.083s
user	0m6.421s
sys	0m0.601s
rm -f module_ra_hs.o
sed -e "s/grid%mu/gridmu/g" -e "s/grid%Mu/gridMu/g" -e "s/^\!.*'.*//" -e "s/^ *\!.*'.*//" module_ra_hs.F > module_ra_hs.G
/lib/cpp -P -nostdinc -I/glade/work/rkumar/NASA_HMA/WRFchem_HMA/inc -DEM_CORE=1 -DNMM_CORE=0 -DNMM_MAX_DIM=2600 -DCOAMPS_CORE=0 -DDA_CORE=0 -DEXP_CORE=0 -DIWORDSIZE=4 -DDWORDSIZE=8 -DRWORDSIZE=4 -DLWORDSIZE=4 -DNONSTANDARD_SYSTEM_FUNC  -DWRF_USE_CLM  -DSNICAR_FRC    -DDM_PARALLEL -DNETCDF -DUSE_ALLOCATABLES -DGRIB1 -DINTIO -DKEEP_INT_AROUND -DLIMIT_ARGS -DCONFIG_BUF_LEN=65536 -DMAX_DOMAINS_F=21 -DMAX_HISTORY=25 -DNMM_NEST=0 -DWRF_CHEM -DBUILD_CHEM=1 -DWRF_KPP -I. -traditional-cpp   module_ra_hs.G  > module_ra_hs.H
sed -e "s/gridmu/grid%mu/g" -e "s/gridMu/grid%Mu/g" module_ra_hs.H > module_ra_hs.bb
/glade/work/rkumar/NASA_HMA/WRFchem_HMA/tools/standard.exe module_ra_hs.bb | /lib/cpp -P -nostdinc -traditional-cpp > module_ra_hs.f90
rm -f module_ra_hs.G module_ra_hs.H module_ra_hs.bb
time mpif90 -f90=ifort -o module_ra_hs.o -c -O3 -ip -fp-model precise -w -ftz -align all -fno-alias -FR -convert big_endian    -I../dyn_em -I../dyn_nmm   -I/glade/work/rkumar/NASA_HMA/WRFchem_HMA/external/esmf_time_f90  -I/glade/work/rkumar/NASA_HMA/WRFchem_HMA/main -I/glade/work/rkumar/NASA_HMA/WRFchem_HMA/external/io_netcdf -I/glade/work/rkumar/NASA_HMA/WRFchem_HMA/external/io_int -I/glade/work/rkumar/NASA_HMA/WRFchem_HMA/frame -I/glade/work/rkumar/NASA_HMA/WRFchem_HMA/share -I/glade/work/rkumar/NASA_HMA/WRFchem_HMA/phys -I/glade/work/rkumar/NASA_HMA/WRFchem_HMA/chem -I/glade/work/rkumar/NASA_HMA/WRFchem_HMA/inc -I/glade/u/apps/ch/opt/netcdf/4.8.1/intel/19.1.1//include  -real-size `expr 8 \* 4` -i4  module_ra_hs.f90

real	0m0.686s
user	0m0.084s
sys	0m0.558s
rm -f module_ra_goddard.o
sed -e "s/grid%mu/gridmu/g" -e "s/grid%Mu/gridMu/g" -e "s/^\!.*'.*//" -e "s/^ *\!.*'.*//" module_ra_goddard.F > module_ra_goddard.G
/lib/cpp -P -nostdinc -I/glade/work/rkumar/NASA_HMA/WRFchem_HMA/inc -DEM_CORE=1 -DNMM_CORE=0 -DNMM_MAX_DIM=2600 -DCOAMPS_CORE=0 -DDA_CORE=0 -DEXP_CORE=0 -DIWORDSIZE=4 -DDWORDSIZE=8 -DRWORDSIZE=4 -DLWORDSIZE=4 -DNONSTANDARD_SYSTEM_FUNC  -DWRF_USE_CLM  -DSNICAR_FRC    -DDM_PARALLEL -DNETCDF -DUSE_ALLOCATABLES -DGRIB1 -DINTIO -DKEEP_INT_AROUND -DLIMIT_ARGS -DCONFIG_BUF_LEN=65536 -DMAX_DOMAINS_F=21 -DMAX_HISTORY=25 -DNMM_NEST=0 -DWRF_CHEM -DBUILD_CHEM=1 -DWRF_KPP -I. -traditional-cpp   module_ra_goddard.G  > module_ra_goddard.H
sed -e "s/gridmu/grid%mu/g" -e "s/gridMu/grid%Mu/g" module_ra_goddard.H > module_ra_goddard.bb
/glade/work/rkumar/NASA_HMA/WRFchem_HMA/tools/standard.exe module_ra_goddard.bb | /lib/cpp -P -nostdinc -traditional-cpp > module_ra_goddard.f90
rm -f module_ra_goddard.G module_ra_goddard.H module_ra_goddard.bb
time mpif90 -f90=ifort -o module_ra_goddard.o -c -O3 -ip -fp-model precise -w -ftz -align all -fno-alias -FR -convert big_endian    -I../dyn_em -I../dyn_nmm   -I/glade/work/rkumar/NASA_HMA/WRFchem_HMA/external/esmf_time_f90  -I/glade/work/rkumar/NASA_HMA/WRFchem_HMA/main -I/glade/work/rkumar/NASA_HMA/WRFchem_HMA/external/io_netcdf -I/glade/work/rkumar/NASA_HMA/WRFchem_HMA/external/io_int -I/glade/work/rkumar/NASA_HMA/WRFchem_HMA/frame -I/glade/work/rkumar/NASA_HMA/WRFchem_HMA/share -I/glade/work/rkumar/NASA_HMA/WRFchem_HMA/phys -I/glade/work/rkumar/NASA_HMA/WRFchem_HMA/chem -I/glade/work/rkumar/NASA_HMA/WRFchem_HMA/inc -I/glade/u/apps/ch/opt/netcdf/4.8.1/intel/19.1.1//include  -real-size `expr 8 \* 4` -i4  module_ra_goddard.f90

real	0m2.402s
user	0m1.797s
sys	0m0.563s
rm -f module_ra_flg.o
sed -e "s/grid%mu/gridmu/g" -e "s/grid%Mu/gridMu/g" -e "s/^\!.*'.*//" -e "s/^ *\!.*'.*//" module_ra_flg.F > module_ra_flg.G
/lib/cpp -P -nostdinc -I/glade/work/rkumar/NASA_HMA/WRFchem_HMA/inc -DEM_CORE=1 -DNMM_CORE=0 -DNMM_MAX_DIM=2600 -DCOAMPS_CORE=0 -DDA_CORE=0 -DEXP_CORE=0 -DIWORDSIZE=4 -DDWORDSIZE=8 -DRWORDSIZE=4 -DLWORDSIZE=4 -DNONSTANDARD_SYSTEM_FUNC  -DWRF_USE_CLM  -DSNICAR_FRC    -DDM_PARALLEL -DNETCDF -DUSE_ALLOCATABLES -DGRIB1 -DINTIO -DKEEP_INT_AROUND -DLIMIT_ARGS -DCONFIG_BUF_LEN=65536 -DMAX_DOMAINS_F=21 -DMAX_HISTORY=25 -DNMM_NEST=0 -DWRF_CHEM -DBUILD_CHEM=1 -DWRF_KPP -I. -traditional-cpp   module_ra_flg.G  > module_ra_flg.H
sed -e "s/gridmu/grid%mu/g" -e "s/gridMu/grid%Mu/g" module_ra_flg.H > module_ra_flg.bb
/glade/work/rkumar/NASA_HMA/WRFchem_HMA/tools/standard.exe module_ra_flg.bb | /lib/cpp -P -nostdinc -traditional-cpp > module_ra_flg.f90
rm -f module_ra_flg.G module_ra_flg.H module_ra_flg.bb
time mpif90 -f90=ifort -o module_ra_flg.o -c -O3 -ip -fp-model precise -w -ftz -align all -fno-alias -FR -convert big_endian    -I../dyn_em -I../dyn_nmm   -I/glade/work/rkumar/NASA_HMA/WRFchem_HMA/external/esmf_time_f90  -I/glade/work/rkumar/NASA_HMA/WRFchem_HMA/main -I/glade/work/rkumar/NASA_HMA/WRFchem_HMA/external/io_netcdf -I/glade/work/rkumar/NASA_HMA/WRFchem_HMA/external/io_int -I/glade/work/rkumar/NASA_HMA/WRFchem_HMA/frame -I/glade/work/rkumar/NASA_HMA/WRFchem_HMA/share -I/glade/work/rkumar/NASA_HMA/WRFchem_HMA/phys -I/glade/work/rkumar/NASA_HMA/WRFchem_HMA/chem -I/glade/work/rkumar/NASA_HMA/WRFchem_HMA/inc -I/glade/u/apps/ch/opt/netcdf/4.8.1/intel/19.1.1//include  -real-size `expr 8 \* 4` -i4  module_ra_flg.f90

real	0m9.220s
user	0m8.489s
sys	0m0.669s
rm -f module_ra_aerosol.o
sed -e "s/grid%mu/gridmu/g" -e "s/grid%Mu/gridMu/g" -e "s/^\!.*'.*//" -e "s/^ *\!.*'.*//" module_ra_aerosol.F > module_ra_aerosol.G
/lib/cpp -P -nostdinc -I/glade/work/rkumar/NASA_HMA/WRFchem_HMA/inc -DEM_CORE=1 -DNMM_CORE=0 -DNMM_MAX_DIM=2600 -DCOAMPS_CORE=0 -DDA_CORE=0 -DEXP_CORE=0 -DIWORDSIZE=4 -DDWORDSIZE=8 -DRWORDSIZE=4 -DLWORDSIZE=4 -DNONSTANDARD_SYSTEM_FUNC  -DWRF_USE_CLM  -DSNICAR_FRC    -DDM_PARALLEL -DNETCDF -DUSE_ALLOCATABLES -DGRIB1 -DINTIO -DKEEP_INT_AROUND -DLIMIT_ARGS -DCONFIG_BUF_LEN=65536 -DMAX_DOMAINS_F=21 -DMAX_HISTORY=25 -DNMM_NEST=0 -DWRF_CHEM -DBUILD_CHEM=1 -DWRF_KPP -I. -traditional-cpp   module_ra_aerosol.G  > module_ra_aerosol.H
sed -e "s/gridmu/grid%mu/g" -e "s/gridMu/grid%Mu/g" module_ra_aerosol.H > module_ra_aerosol.bb
/glade/work/rkumar/NASA_HMA/WRFchem_HMA/tools/standard.exe module_ra_aerosol.bb | /lib/cpp -P -nostdinc -traditional-cpp > module_ra_aerosol.f90
rm -f module_ra_aerosol.G module_ra_aerosol.H module_ra_aerosol.bb
time mpif90 -f90=ifort -o module_ra_aerosol.o -c -O3 -ip -fp-model precise -w -ftz -align all -fno-alias -FR -convert big_endian    -I../dyn_em -I../dyn_nmm   -I/glade/work/rkumar/NASA_HMA/WRFchem_HMA/external/esmf_time_f90  -I/glade/work/rkumar/NASA_HMA/WRFchem_HMA/main -I/glade/work/rkumar/NASA_HMA/WRFchem_HMA/external/io_netcdf -I/glade/work/rkumar/NASA_HMA/WRFchem_HMA/external/io_int -I/glade/work/rkumar/NASA_HMA/WRFchem_HMA/frame -I/glade/work/rkumar/NASA_HMA/WRFchem_HMA/share -I/glade/work/rkumar/NASA_HMA/WRFchem_HMA/phys -I/glade/work/rkumar/NASA_HMA/WRFchem_HMA/chem -I/glade/work/rkumar/NASA_HMA/WRFchem_HMA/inc -I/glade/u/apps/ch/opt/netcdf/4.8.1/intel/19.1.1//include  -real-size `expr 8 \* 4` -i4  module_ra_aerosol.f90

real	0m3.955s
user	0m3.248s
sys	0m0.658s
rm -f module_mp_radar.o
sed -e "s/grid%mu/gridmu/g" -e "s/grid%Mu/gridMu/g" -e "s/^\!.*'.*//" -e "s/^ *\!.*'.*//" module_mp_radar.F > module_mp_radar.G
/lib/cpp -P -nostdinc -I/glade/work/rkumar/NASA_HMA/WRFchem_HMA/inc -DEM_CORE=1 -DNMM_CORE=0 -DNMM_MAX_DIM=2600 -DCOAMPS_CORE=0 -DDA_CORE=0 -DEXP_CORE=0 -DIWORDSIZE=4 -DDWORDSIZE=8 -DRWORDSIZE=4 -DLWORDSIZE=4 -DNONSTANDARD_SYSTEM_FUNC  -DWRF_USE_CLM  -DSNICAR_FRC    -DDM_PARALLEL -DNETCDF -DUSE_ALLOCATABLES -DGRIB1 -DINTIO -DKEEP_INT_AROUND -DLIMIT_ARGS -DCONFIG_BUF_LEN=65536 -DMAX_DOMAINS_F=21 -DMAX_HISTORY=25 -DNMM_NEST=0 -DWRF_CHEM -DBUILD_CHEM=1 -DWRF_KPP -I. -traditional-cpp   module_mp_radar.G  > module_mp_radar.H
sed -e "s/gridmu/grid%mu/g" -e "s/gridMu/grid%Mu/g" module_mp_radar.H > module_mp_radar.bb
/glade/work/rkumar/NASA_HMA/WRFchem_HMA/tools/standard.exe module_mp_radar.bb | /lib/cpp -P -nostdinc -traditional-cpp > module_mp_radar.f90
rm -f module_mp_radar.G module_mp_radar.H module_mp_radar.bb
time mpif90 -f90=ifort -o module_mp_radar.o -c -O3 -ip -fp-model precise -w -ftz -align all -fno-alias -FR -convert big_endian    -I../dyn_em -I../dyn_nmm   -I/glade/work/rkumar/NASA_HMA/WRFchem_HMA/external/esmf_time_f90  -I/glade/work/rkumar/NASA_HMA/WRFchem_HMA/main -I/glade/work/rkumar/NASA_HMA/WRFchem_HMA/external/io_netcdf -I/glade/work/rkumar/NASA_HMA/WRFchem_HMA/external/io_int -I/glade/work/rkumar/NASA_HMA/WRFchem_HMA/frame -I/glade/work/rkumar/NASA_HMA/WRFchem_HMA/share -I/glade/work/rkumar/NASA_HMA/WRFchem_HMA/phys -I/glade/work/rkumar/NASA_HMA/WRFchem_HMA/chem -I/glade/work/rkumar/NASA_HMA/WRFchem_HMA/inc -I/glade/u/apps/ch/opt/netcdf/4.8.1/intel/19.1.1//include  -real-size `expr 8 \* 4` -i4  module_mp_radar.f90

real	0m15.235s
user	0m14.479s
sys	0m0.719s
rm -f module_mp_kessler.o
sed -e "s/grid%mu/gridmu/g" -e "s/grid%Mu/gridMu/g" -e "s/^\!.*'.*//" -e "s/^ *\!.*'.*//" module_mp_kessler.F > module_mp_kessler.G
/lib/cpp -P -nostdinc -I/glade/work/rkumar/NASA_HMA/WRFchem_HMA/inc -DEM_CORE=1 -DNMM_CORE=0 -DNMM_MAX_DIM=2600 -DCOAMPS_CORE=0 -DDA_CORE=0 -DEXP_CORE=0 -DIWORDSIZE=4 -DDWORDSIZE=8 -DRWORDSIZE=4 -DLWORDSIZE=4 -DNONSTANDARD_SYSTEM_FUNC  -DWRF_USE_CLM  -DSNICAR_FRC    -DDM_PARALLEL -DNETCDF -DUSE_ALLOCATABLES -DGRIB1 -DINTIO -DKEEP_INT_AROUND -DLIMIT_ARGS -DCONFIG_BUF_LEN=65536 -DMAX_DOMAINS_F=21 -DMAX_HISTORY=25 -DNMM_NEST=0 -DWRF_CHEM -DBUILD_CHEM=1 -DWRF_KPP -I. -traditional-cpp   module_mp_kessler.G  > module_mp_kessler.H
sed -e "s/gridmu/grid%mu/g" -e "s/gridMu/grid%Mu/g" module_mp_kessler.H > module_mp_kessler.bb
/glade/work/rkumar/NASA_HMA/WRFchem_HMA/tools/standard.exe module_mp_kessler.bb | /lib/cpp -P -nostdinc -traditional-cpp > module_mp_kessler.f90
rm -f module_mp_kessler.G module_mp_kessler.H module_mp_kessler.bb
time mpif90 -f90=ifort -o module_mp_kessler.o -c -O3 -ip -fp-model precise -w -ftz -align all -fno-alias -FR -convert big_endian    -I../dyn_em -I../dyn_nmm   -I/glade/work/rkumar/NASA_HMA/WRFchem_HMA/external/esmf_time_f90  -I/glade/work/rkumar/NASA_HMA/WRFchem_HMA/main -I/glade/work/rkumar/NASA_HMA/WRFchem_HMA/external/io_netcdf -I/glade/work/rkumar/NASA_HMA/WRFchem_HMA/external/io_int -I/glade/work/rkumar/NASA_HMA/WRFchem_HMA/frame -I/glade/work/rkumar/NASA_HMA/WRFchem_HMA/share -I/glade/work/rkumar/NASA_HMA/WRFchem_HMA/phys -I/glade/work/rkumar/NASA_HMA/WRFchem_HMA/chem -I/glade/work/rkumar/NASA_HMA/WRFchem_HMA/inc -I/glade/u/apps/ch/opt/netcdf/4.8.1/intel/19.1.1//include  -real-size `expr 8 \* 4` -i4  module_mp_kessler.f90

real	0m1.084s
user	0m0.405s
sys	0m0.615s
rm -f module_mp_sbu_ylin.o
sed -e "s/grid%mu/gridmu/g" -e "s/grid%Mu/gridMu/g" -e "s/^\!.*'.*//" -e "s/^ *\!.*'.*//" module_mp_sbu_ylin.F > module_mp_sbu_ylin.G
/lib/cpp -P -nostdinc -I/glade/work/rkumar/NASA_HMA/WRFchem_HMA/inc -DEM_CORE=1 -DNMM_CORE=0 -DNMM_MAX_DIM=2600 -DCOAMPS_CORE=0 -DDA_CORE=0 -DEXP_CORE=0 -DIWORDSIZE=4 -DDWORDSIZE=8 -DRWORDSIZE=4 -DLWORDSIZE=4 -DNONSTANDARD_SYSTEM_FUNC  -DWRF_USE_CLM  -DSNICAR_FRC    -DDM_PARALLEL -DNETCDF -DUSE_ALLOCATABLES -DGRIB1 -DINTIO -DKEEP_INT_AROUND -DLIMIT_ARGS -DCONFIG_BUF_LEN=65536 -DMAX_DOMAINS_F=21 -DMAX_HISTORY=25 -DNMM_NEST=0 -DWRF_CHEM -DBUILD_CHEM=1 -DWRF_KPP -I. -traditional-cpp   module_mp_sbu_ylin.G  > module_mp_sbu_ylin.H
sed -e "s/gridmu/grid%mu/g" -e "s/gridMu/grid%Mu/g" module_mp_sbu_ylin.H > module_mp_sbu_ylin.bb
/glade/work/rkumar/NASA_HMA/WRFchem_HMA/tools/standard.exe module_mp_sbu_ylin.bb | /lib/cpp -P -nostdinc -traditional-cpp > module_mp_sbu_ylin.f90
rm -f module_mp_sbu_ylin.G module_mp_sbu_ylin.H module_mp_sbu_ylin.bb
time mpif90 -f90=ifort -o module_mp_sbu_ylin.o -c -O3 -ip -fp-model precise -w -ftz -align all -fno-alias -FR -convert big_endian    -I../dyn_em -I../dyn_nmm   -I/glade/work/rkumar/NASA_HMA/WRFchem_HMA/external/esmf_time_f90  -I/glade/work/rkumar/NASA_HMA/WRFchem_HMA/main -I/glade/work/rkumar/NASA_HMA/WRFchem_HMA/external/io_netcdf -I/glade/work/rkumar/NASA_HMA/WRFchem_HMA/external/io_int -I/glade/work/rkumar/NASA_HMA/WRFchem_HMA/frame -I/glade/work/rkumar/NASA_HMA/WRFchem_HMA/share -I/glade/work/rkumar/NASA_HMA/WRFchem_HMA/phys -I/glade/work/rkumar/NASA_HMA/WRFchem_HMA/chem -I/glade/work/rkumar/NASA_HMA/WRFchem_HMA/inc -I/glade/u/apps/ch/opt/netcdf/4.8.1/intel/19.1.1//include  -real-size `expr 8 \* 4` -i4  module_mp_sbu_ylin.f90

real	0m0.905s
user	0m0.289s
sys	0m0.558s
rm -f module_mp_wsm3.o
sed -e "s/grid%mu/gridmu/g" -e "s/grid%Mu/gridMu/g" -e "s/^\!.*'.*//" -e "s/^ *\!.*'.*//" module_mp_wsm3.F > module_mp_wsm3.G
/lib/cpp -P -nostdinc -I/glade/work/rkumar/NASA_HMA/WRFchem_HMA/inc -DEM_CORE=1 -DNMM_CORE=0 -DNMM_MAX_DIM=2600 -DCOAMPS_CORE=0 -DDA_CORE=0 -DEXP_CORE=0 -DIWORDSIZE=4 -DDWORDSIZE=8 -DRWORDSIZE=4 -DLWORDSIZE=4 -DNONSTANDARD_SYSTEM_FUNC  -DWRF_USE_CLM  -DSNICAR_FRC    -DDM_PARALLEL -DNETCDF -DUSE_ALLOCATABLES -DGRIB1 -DINTIO -DKEEP_INT_AROUND -DLIMIT_ARGS -DCONFIG_BUF_LEN=65536 -DMAX_DOMAINS_F=21 -DMAX_HISTORY=25 -DNMM_NEST=0 -DWRF_CHEM -DBUILD_CHEM=1 -DWRF_KPP -I. -traditional-cpp   module_mp_wsm3.G  > module_mp_wsm3.H
sed -e "s/gridmu/grid%mu/g" -e "s/gridMu/grid%Mu/g" module_mp_wsm3.H > module_mp_wsm3.bb
/glade/work/rkumar/NASA_HMA/WRFchem_HMA/tools/standard.exe module_mp_wsm3.bb | /lib/cpp -P -nostdinc -traditional-cpp > module_mp_wsm3.f90
rm -f module_mp_wsm3.G module_mp_wsm3.H module_mp_wsm3.bb
time mpif90 -f90=ifort -o module_mp_wsm3.o -c -O3 -ip -fp-model precise -w -ftz -align all -fno-alias -FR -convert big_endian    -I../dyn_em -I../dyn_nmm   -I/glade/work/rkumar/NASA_HMA/WRFchem_HMA/external/esmf_time_f90  -I/glade/work/rkumar/NASA_HMA/WRFchem_HMA/main -I/glade/work/rkumar/NASA_HMA/WRFchem_HMA/external/io_netcdf -I/glade/work/rkumar/NASA_HMA/WRFchem_HMA/external/io_int -I/glade/work/rkumar/NASA_HMA/WRFchem_HMA/frame -I/glade/work/rkumar/NASA_HMA/WRFchem_HMA/share -I/glade/work/rkumar/NASA_HMA/WRFchem_HMA/phys -I/glade/work/rkumar/NASA_HMA/WRFchem_HMA/chem -I/glade/work/rkumar/NASA_HMA/WRFchem_HMA/inc -I/glade/u/apps/ch/opt/netcdf/4.8.1/intel/19.1.1//include  -real-size `expr 8 \* 4` -i4  module_mp_wsm3.f90

real	0m2.248s
user	0m1.638s
sys	0m0.548s
rm -f module_mp_wsm5.o
sed -e "s/grid%mu/gridmu/g" -e "s/grid%Mu/gridMu/g" -e "s/^\!.*'.*//" -e "s/^ *\!.*'.*//" module_mp_wsm5.F > module_mp_wsm5.G
/lib/cpp -P -nostdinc -I/glade/work/rkumar/NASA_HMA/WRFchem_HMA/inc -DEM_CORE=1 -DNMM_CORE=0 -DNMM_MAX_DIM=2600 -DCOAMPS_CORE=0 -DDA_CORE=0 -DEXP_CORE=0 -DIWORDSIZE=4 -DDWORDSIZE=8 -DRWORDSIZE=4 -DLWORDSIZE=4 -DNONSTANDARD_SYSTEM_FUNC  -DWRF_USE_CLM  -DSNICAR_FRC    -DDM_PARALLEL -DNETCDF -DUSE_ALLOCATABLES -DGRIB1 -DINTIO -DKEEP_INT_AROUND -DLIMIT_ARGS -DCONFIG_BUF_LEN=65536 -DMAX_DOMAINS_F=21 -DMAX_HISTORY=25 -DNMM_NEST=0 -DWRF_CHEM -DBUILD_CHEM=1 -DWRF_KPP -I. -traditional-cpp   module_mp_wsm5.G  > module_mp_wsm5.H
sed -e "s/gridmu/grid%mu/g" -e "s/gridMu/grid%Mu/g" module_mp_wsm5.H > module_mp_wsm5.bb
/glade/work/rkumar/NASA_HMA/WRFchem_HMA/tools/standard.exe module_mp_wsm5.bb | /lib/cpp -P -nostdinc -traditional-cpp > module_mp_wsm5.f90
rm -f module_mp_wsm5.G module_mp_wsm5.H module_mp_wsm5.bb
time mpif90 -f90=ifort -o module_mp_wsm5.o -c -O3 -ip -fp-model precise -w -ftz -align all -fno-alias -FR -convert big_endian    -I../dyn_em -I../dyn_nmm   -I/glade/work/rkumar/NASA_HMA/WRFchem_HMA/external/esmf_time_f90  -I/glade/work/rkumar/NASA_HMA/WRFchem_HMA/main -I/glade/work/rkumar/NASA_HMA/WRFchem_HMA/external/io_netcdf -I/glade/work/rkumar/NASA_HMA/WRFchem_HMA/external/io_int -I/glade/work/rkumar/NASA_HMA/WRFchem_HMA/frame -I/glade/work/rkumar/NASA_HMA/WRFchem_HMA/share -I/glade/work/rkumar/NASA_HMA/WRFchem_HMA/phys -I/glade/work/rkumar/NASA_HMA/WRFchem_HMA/chem -I/glade/work/rkumar/NASA_HMA/WRFchem_HMA/inc -I/glade/u/apps/ch/opt/netcdf/4.8.1/intel/19.1.1//include  -real-size `expr 8 \* 4` -i4  module_mp_wsm5.f90

real	0m3.573s
user	0m2.972s
sys	0m0.533s
rm -f module_mp_wsm6.o
sed -e "s/grid%mu/gridmu/g" -e "s/grid%Mu/gridMu/g" -e "s/^\!.*'.*//" -e "s/^ *\!.*'.*//" module_mp_wsm6.F > module_mp_wsm6.G
/lib/cpp -P -nostdinc -I/glade/work/rkumar/NASA_HMA/WRFchem_HMA/inc -DEM_CORE=1 -DNMM_CORE=0 -DNMM_MAX_DIM=2600 -DCOAMPS_CORE=0 -DDA_CORE=0 -DEXP_CORE=0 -DIWORDSIZE=4 -DDWORDSIZE=8 -DRWORDSIZE=4 -DLWORDSIZE=4 -DNONSTANDARD_SYSTEM_FUNC  -DWRF_USE_CLM  -DSNICAR_FRC    -DDM_PARALLEL -DNETCDF -DUSE_ALLOCATABLES -DGRIB1 -DINTIO -DKEEP_INT_AROUND -DLIMIT_ARGS -DCONFIG_BUF_LEN=65536 -DMAX_DOMAINS_F=21 -DMAX_HISTORY=25 -DNMM_NEST=0 -DWRF_CHEM -DBUILD_CHEM=1 -DWRF_KPP -I. -traditional-cpp   module_mp_wsm6.G  > module_mp_wsm6.H
sed -e "s/gridmu/grid%mu/g" -e "s/gridMu/grid%Mu/g" module_mp_wsm6.H > module_mp_wsm6.bb
/glade/work/rkumar/NASA_HMA/WRFchem_HMA/tools/standard.exe module_mp_wsm6.bb | /lib/cpp -P -nostdinc -traditional-cpp > module_mp_wsm6.f90
rm -f module_mp_wsm6.G module_mp_wsm6.H module_mp_wsm6.bb
time mpif90 -f90=ifort -o module_mp_wsm6.o -c -O3 -ip -fp-model precise -w -ftz -align all -fno-alias -FR -convert big_endian    -I../dyn_em -I../dyn_nmm   -I/glade/work/rkumar/NASA_HMA/WRFchem_HMA/external/esmf_time_f90  -I/glade/work/rkumar/NASA_HMA/WRFchem_HMA/main -I/glade/work/rkumar/NASA_HMA/WRFchem_HMA/external/io_netcdf -I/glade/work/rkumar/NASA_HMA/WRFchem_HMA/external/io_int -I/glade/work/rkumar/NASA_HMA/WRFchem_HMA/frame -I/glade/work/rkumar/NASA_HMA/WRFchem_HMA/share -I/glade/work/rkumar/NASA_HMA/WRFchem_HMA/phys -I/glade/work/rkumar/NASA_HMA/WRFchem_HMA/chem -I/glade/work/rkumar/NASA_HMA/WRFchem_HMA/inc -I/glade/u/apps/ch/opt/netcdf/4.8.1/intel/19.1.1//include  -real-size `expr 8 \* 4` -i4  module_mp_wsm6.f90

real	0m5.911s
user	0m5.248s
sys	0m0.548s
rm -f module_mp_fer_hires.o
sed -e "s/grid%mu/gridmu/g" -e "s/grid%Mu/gridMu/g" -e "s/^\!.*'.*//" -e "s/^ *\!.*'.*//" module_mp_fer_hires.F > module_mp_fer_hires.G
/lib/cpp -P -nostdinc -I/glade/work/rkumar/NASA_HMA/WRFchem_HMA/inc -DEM_CORE=1 -DNMM_CORE=0 -DNMM_MAX_DIM=2600 -DCOAMPS_CORE=0 -DDA_CORE=0 -DEXP_CORE=0 -DIWORDSIZE=4 -DDWORDSIZE=8 -DRWORDSIZE=4 -DLWORDSIZE=4 -DNONSTANDARD_SYSTEM_FUNC  -DWRF_USE_CLM  -DSNICAR_FRC    -DDM_PARALLEL -DNETCDF -DUSE_ALLOCATABLES -DGRIB1 -DINTIO -DKEEP_INT_AROUND -DLIMIT_ARGS -DCONFIG_BUF_LEN=65536 -DMAX_DOMAINS_F=21 -DMAX_HISTORY=25 -DNMM_NEST=0 -DWRF_CHEM -DBUILD_CHEM=1 -DWRF_KPP -I. -traditional-cpp   module_mp_fer_hires.G  > module_mp_fer_hires.H
sed -e "s/gridmu/grid%mu/g" -e "s/gridMu/grid%Mu/g" module_mp_fer_hires.H > module_mp_fer_hires.bb
/glade/work/rkumar/NASA_HMA/WRFchem_HMA/tools/standard.exe module_mp_fer_hires.bb | /lib/cpp -P -nostdinc -traditional-cpp > module_mp_fer_hires.f90
rm -f module_mp_fer_hires.G module_mp_fer_hires.H module_mp_fer_hires.bb
time mpif90 -f90=ifort -o module_mp_fer_hires.o -c -O3 -ip -fp-model precise -w -ftz -align all -fno-alias -FR -convert big_endian    -I../dyn_em -I../dyn_nmm   -I/glade/work/rkumar/NASA_HMA/WRFchem_HMA/external/esmf_time_f90  -I/glade/work/rkumar/NASA_HMA/WRFchem_HMA/main -I/glade/work/rkumar/NASA_HMA/WRFchem_HMA/external/io_netcdf -I/glade/work/rkumar/NASA_HMA/WRFchem_HMA/external/io_int -I/glade/work/rkumar/NASA_HMA/WRFchem_HMA/frame -I/glade/work/rkumar/NASA_HMA/WRFchem_HMA/share -I/glade/work/rkumar/NASA_HMA/WRFchem_HMA/phys -I/glade/work/rkumar/NASA_HMA/WRFchem_HMA/chem -I/glade/work/rkumar/NASA_HMA/WRFchem_HMA/inc -I/glade/u/apps/ch/opt/netcdf/4.8.1/intel/19.1.1//include  -real-size `expr 8 \* 4` -i4  module_mp_fer_hires.f90

real	0m2.590s
user	0m1.963s
sys	0m0.578s
rm -f module_mp_full_sbm.o
sed -e "s/grid%mu/gridmu/g" -e "s/grid%Mu/gridMu/g" -e "s/^\!.*'.*//" -e "s/^ *\!.*'.*//" module_mp_full_sbm.F > module_mp_full_sbm.G
/lib/cpp -P -nostdinc -I/glade/work/rkumar/NASA_HMA/WRFchem_HMA/inc -DEM_CORE=1 -DNMM_CORE=0 -DNMM_MAX_DIM=2600 -DCOAMPS_CORE=0 -DDA_CORE=0 -DEXP_CORE=0 -DIWORDSIZE=4 -DDWORDSIZE=8 -DRWORDSIZE=4 -DLWORDSIZE=4 -DNONSTANDARD_SYSTEM_FUNC  -DWRF_USE_CLM  -DSNICAR_FRC    -DDM_PARALLEL -DNETCDF -DUSE_ALLOCATABLES -DGRIB1 -DINTIO -DKEEP_INT_AROUND -DLIMIT_ARGS -DCONFIG_BUF_LEN=65536 -DMAX_DOMAINS_F=21 -DMAX_HISTORY=25 -DNMM_NEST=0 -DWRF_CHEM -DBUILD_CHEM=1 -DWRF_KPP -I. -traditional-cpp   module_mp_full_sbm.G  > module_mp_full_sbm.H
sed -e "s/gridmu/grid%mu/g" -e "s/gridMu/grid%Mu/g" module_mp_full_sbm.H > module_mp_full_sbm.bb
/glade/work/rkumar/NASA_HMA/WRFchem_HMA/tools/standard.exe module_mp_full_sbm.bb | /lib/cpp -P -nostdinc -traditional-cpp > module_mp_full_sbm.f90
rm -f module_mp_full_sbm.G module_mp_full_sbm.H module_mp_full_sbm.bb
time mpif90 -f90=ifort -o module_mp_full_sbm.o -c -O3 -ip -fp-model precise -w -ftz -align all -fno-alias -FR -convert big_endian    -I../dyn_em -I../dyn_nmm   -I/glade/work/rkumar/NASA_HMA/WRFchem_HMA/external/esmf_time_f90  -I/glade/work/rkumar/NASA_HMA/WRFchem_HMA/main -I/glade/work/rkumar/NASA_HMA/WRFchem_HMA/external/io_netcdf -I/glade/work/rkumar/NASA_HMA/WRFchem_HMA/external/io_int -I/glade/work/rkumar/NASA_HMA/WRFchem_HMA/frame -I/glade/work/rkumar/NASA_HMA/WRFchem_HMA/share -I/glade/work/rkumar/NASA_HMA/WRFchem_HMA/phys -I/glade/work/rkumar/NASA_HMA/WRFchem_HMA/chem -I/glade/work/rkumar/NASA_HMA/WRFchem_HMA/inc -I/glade/u/apps/ch/opt/netcdf/4.8.1/intel/19.1.1//include  -real-size `expr 8 \* 4` -i4  module_mp_full_sbm.f90

real	0m10.351s
user	0m9.652s
sys	0m0.645s
rm -f module_mp_fast_sbm.o
sed -e "s/grid%mu/gridmu/g" -e "s/grid%Mu/gridMu/g" -e "s/^\!.*'.*//" -e "s/^ *\!.*'.*//" module_mp_fast_sbm.F > module_mp_fast_sbm.G
/lib/cpp -P -nostdinc -I/glade/work/rkumar/NASA_HMA/WRFchem_HMA/inc -DEM_CORE=1 -DNMM_CORE=0 -DNMM_MAX_DIM=2600 -DCOAMPS_CORE=0 -DDA_CORE=0 -DEXP_CORE=0 -DIWORDSIZE=4 -DDWORDSIZE=8 -DRWORDSIZE=4 -DLWORDSIZE=4 -DNONSTANDARD_SYSTEM_FUNC  -DWRF_USE_CLM  -DSNICAR_FRC    -DDM_PARALLEL -DNETCDF -DUSE_ALLOCATABLES -DGRIB1 -DINTIO -DKEEP_INT_AROUND -DLIMIT_ARGS -DCONFIG_BUF_LEN=65536 -DMAX_DOMAINS_F=21 -DMAX_HISTORY=25 -DNMM_NEST=0 -DWRF_CHEM -DBUILD_CHEM=1 -DWRF_KPP -I. -traditional-cpp   module_mp_fast_sbm.G  > module_mp_fast_sbm.H
sed -e "s/gridmu/grid%mu/g" -e "s/gridMu/grid%Mu/g" module_mp_fast_sbm.H > module_mp_fast_sbm.bb
/glade/work/rkumar/NASA_HMA/WRFchem_HMA/tools/standard.exe module_mp_fast_sbm.bb | /lib/cpp -P -nostdinc -traditional-cpp > module_mp_fast_sbm.f90
rm -f module_mp_fast_sbm.G module_mp_fast_sbm.H module_mp_fast_sbm.bb
time mpif90 -f90=ifort -o module_mp_fast_sbm.o -c -O3 -ip -fp-model precise -w -ftz -align all -fno-alias -FR -convert big_endian    -I../dyn_em -I../dyn_nmm   -I/glade/work/rkumar/NASA_HMA/WRFchem_HMA/external/esmf_time_f90  -I/glade/work/rkumar/NASA_HMA/WRFchem_HMA/main -I/glade/work/rkumar/NASA_HMA/WRFchem_HMA/external/io_netcdf -I/glade/work/rkumar/NASA_HMA/WRFchem_HMA/external/io_int -I/glade/work/rkumar/NASA_HMA/WRFchem_HMA/frame -I/glade/work/rkumar/NASA_HMA/WRFchem_HMA/share -I/glade/work/rkumar/NASA_HMA/WRFchem_HMA/phys -I/glade/work/rkumar/NASA_HMA/WRFchem_HMA/chem -I/glade/work/rkumar/NASA_HMA/WRFchem_HMA/inc -I/glade/u/apps/ch/opt/netcdf/4.8.1/intel/19.1.1//include  -real-size `expr 8 \* 4` -i4  module_mp_fast_sbm.f90

real	0m13.352s
user	0m12.723s
sys	0m0.557s
rm -f module_ltng_lpi.o
sed -e "s/grid%mu/gridmu/g" -e "s/grid%Mu/gridMu/g" -e "s/^\!.*'.*//" -e "s/^ *\!.*'.*//" module_ltng_lpi.F > module_ltng_lpi.G
/lib/cpp -P -nostdinc -I/glade/work/rkumar/NASA_HMA/WRFchem_HMA/inc -DEM_CORE=1 -DNMM_CORE=0 -DNMM_MAX_DIM=2600 -DCOAMPS_CORE=0 -DDA_CORE=0 -DEXP_CORE=0 -DIWORDSIZE=4 -DDWORDSIZE=8 -DRWORDSIZE=4 -DLWORDSIZE=4 -DNONSTANDARD_SYSTEM_FUNC  -DWRF_USE_CLM  -DSNICAR_FRC    -DDM_PARALLEL -DNETCDF -DUSE_ALLOCATABLES -DGRIB1 -DINTIO -DKEEP_INT_AROUND -DLIMIT_ARGS -DCONFIG_BUF_LEN=65536 -DMAX_DOMAINS_F=21 -DMAX_HISTORY=25 -DNMM_NEST=0 -DWRF_CHEM -DBUILD_CHEM=1 -DWRF_KPP -I. -traditional-cpp   module_ltng_lpi.G  > module_ltng_lpi.H
sed -e "s/gridmu/grid%mu/g" -e "s/gridMu/grid%Mu/g" module_ltng_lpi.H > module_ltng_lpi.bb
/glade/work/rkumar/NASA_HMA/WRFchem_HMA/tools/standard.exe module_ltng_lpi.bb | /lib/cpp -P -nostdinc -traditional-cpp > module_ltng_lpi.f90
rm -f module_ltng_lpi.G module_ltng_lpi.H module_ltng_lpi.bb
time mpif90 -f90=ifort -o module_ltng_lpi.o -c -O3 -ip -fp-model precise -w -ftz -align all -fno-alias -FR -convert big_endian    -I../dyn_em -I../dyn_nmm   -I/glade/work/rkumar/NASA_HMA/WRFchem_HMA/external/esmf_time_f90  -I/glade/work/rkumar/NASA_HMA/WRFchem_HMA/main -I/glade/work/rkumar/NASA_HMA/WRFchem_HMA/external/io_netcdf -I/glade/work/rkumar/NASA_HMA/WRFchem_HMA/external/io_int -I/glade/work/rkumar/NASA_HMA/WRFchem_HMA/frame -I/glade/work/rkumar/NASA_HMA/WRFchem_HMA/share -I/glade/work/rkumar/NASA_HMA/WRFchem_HMA/phys -I/glade/work/rkumar/NASA_HMA/WRFchem_HMA/chem -I/glade/work/rkumar/NASA_HMA/WRFchem_HMA/inc -I/glade/u/apps/ch/opt/netcdf/4.8.1/intel/19.1.1//include  -real-size `expr 8 \* 4` -i4  module_ltng_lpi.f90

real	0m17.668s
user	0m16.932s
sys	0m0.669s
rm -f module_mp_gsfcgce.o
sed -e "s/grid%mu/gridmu/g" -e "s/grid%Mu/gridMu/g" -e "s/^\!.*'.*//" -e "s/^ *\!.*'.*//" module_mp_gsfcgce.F > module_mp_gsfcgce.G
/lib/cpp -P -nostdinc -I/glade/work/rkumar/NASA_HMA/WRFchem_HMA/inc -DEM_CORE=1 -DNMM_CORE=0 -DNMM_MAX_DIM=2600 -DCOAMPS_CORE=0 -DDA_CORE=0 -DEXP_CORE=0 -DIWORDSIZE=4 -DDWORDSIZE=8 -DRWORDSIZE=4 -DLWORDSIZE=4 -DNONSTANDARD_SYSTEM_FUNC  -DWRF_USE_CLM  -DSNICAR_FRC    -DDM_PARALLEL -DNETCDF -DUSE_ALLOCATABLES -DGRIB1 -DINTIO -DKEEP_INT_AROUND -DLIMIT_ARGS -DCONFIG_BUF_LEN=65536 -DMAX_DOMAINS_F=21 -DMAX_HISTORY=25 -DNMM_NEST=0 -DWRF_CHEM -DBUILD_CHEM=1 -DWRF_KPP -I. -traditional-cpp   module_mp_gsfcgce.G  > module_mp_gsfcgce.H
sed -e "s/gridmu/grid%mu/g" -e "s/gridMu/grid%Mu/g" module_mp_gsfcgce.H > module_mp_gsfcgce.bb
/glade/work/rkumar/NASA_HMA/WRFchem_HMA/tools/standard.exe module_mp_gsfcgce.bb | /lib/cpp -P -nostdinc -traditional-cpp > module_mp_gsfcgce.f90
rm -f module_mp_gsfcgce.G module_mp_gsfcgce.H module_mp_gsfcgce.bb
time mpif90 -f90=ifort -o module_mp_gsfcgce.o -c -O3 -ip -fp-model precise -w -ftz -align all -fno-alias -FR -convert big_endian    -I../dyn_em -I../dyn_nmm   -I/glade/work/rkumar/NASA_HMA/WRFchem_HMA/external/esmf_time_f90  -I/glade/work/rkumar/NASA_HMA/WRFchem_HMA/main -I/glade/work/rkumar/NASA_HMA/WRFchem_HMA/external/io_netcdf -I/glade/work/rkumar/NASA_HMA/WRFchem_HMA/external/io_int -I/glade/work/rkumar/NASA_HMA/WRFchem_HMA/frame -I/glade/work/rkumar/NASA_HMA/WRFchem_HMA/share -I/glade/work/rkumar/NASA_HMA/WRFchem_HMA/phys -I/glade/work/rkumar/NASA_HMA/WRFchem_HMA/chem -I/glade/work/rkumar/NASA_HMA/WRFchem_HMA/inc -I/glade/u/apps/ch/opt/netcdf/4.8.1/intel/19.1.1//include  -real-size `expr 8 \* 4` -i4  module_mp_gsfcgce.f90

real	0m0.713s
user	0m0.142s
sys	0m0.511s
rm -f module_mp_morr_two_moment.o
sed -e "s/grid%mu/gridmu/g" -e "s/grid%Mu/gridMu/g" -e "s/^\!.*'.*//" -e "s/^ *\!.*'.*//" module_mp_morr_two_moment.F > module_mp_morr_two_moment.G
/lib/cpp -P -nostdinc -I/glade/work/rkumar/NASA_HMA/WRFchem_HMA/inc -DEM_CORE=1 -DNMM_CORE=0 -DNMM_MAX_DIM=2600 -DCOAMPS_CORE=0 -DDA_CORE=0 -DEXP_CORE=0 -DIWORDSIZE=4 -DDWORDSIZE=8 -DRWORDSIZE=4 -DLWORDSIZE=4 -DNONSTANDARD_SYSTEM_FUNC  -DWRF_USE_CLM  -DSNICAR_FRC    -DDM_PARALLEL -DNETCDF -DUSE_ALLOCATABLES -DGRIB1 -DINTIO -DKEEP_INT_AROUND -DLIMIT_ARGS -DCONFIG_BUF_LEN=65536 -DMAX_DOMAINS_F=21 -DMAX_HISTORY=25 -DNMM_NEST=0 -DWRF_CHEM -DBUILD_CHEM=1 -DWRF_KPP -I. -traditional-cpp   module_mp_morr_two_moment.G  > module_mp_morr_two_moment.H
sed -e "s/gridmu/grid%mu/g" -e "s/gridMu/grid%Mu/g" module_mp_morr_two_moment.H > module_mp_morr_two_moment.bb
/glade/work/rkumar/NASA_HMA/WRFchem_HMA/tools/standard.exe module_mp_morr_two_moment.bb | /lib/cpp -P -nostdinc -traditional-cpp > module_mp_morr_two_moment.f90
rm -f module_mp_morr_two_moment.G module_mp_morr_two_moment.H module_mp_morr_two_moment.bb
time mpif90 -f90=ifort -o module_mp_morr_two_moment.o -c -O3 -ip -fp-model precise -w -ftz -align all -fno-alias -FR -convert big_endian    -I../dyn_em -I../dyn_nmm   -I/glade/work/rkumar/NASA_HMA/WRFchem_HMA/external/esmf_time_f90  -I/glade/work/rkumar/NASA_HMA/WRFchem_HMA/main -I/glade/work/rkumar/NASA_HMA/WRFchem_HMA/external/io_netcdf -I/glade/work/rkumar/NASA_HMA/WRFchem_HMA/external/io_int -I/glade/work/rkumar/NASA_HMA/WRFchem_HMA/frame -I/glade/work/rkumar/NASA_HMA/WRFchem_HMA/share -I/glade/work/rkumar/NASA_HMA/WRFchem_HMA/phys -I/glade/work/rkumar/NASA_HMA/WRFchem_HMA/chem -I/glade/work/rkumar/NASA_HMA/WRFchem_HMA/inc -I/glade/u/apps/ch/opt/netcdf/4.8.1/intel/19.1.1//include  -real-size `expr 8 \* 4` -i4  module_mp_morr_two_moment.f90

real	0m6.088s
user	0m5.418s
sys	0m0.624s
rm -f module_mp_p3.o
sed -e "s/grid%mu/gridmu/g" -e "s/grid%Mu/gridMu/g" -e "s/^\!.*'.*//" -e "s/^ *\!.*'.*//" module_mp_p3.F > module_mp_p3.G
/lib/cpp -P -nostdinc -I/glade/work/rkumar/NASA_HMA/WRFchem_HMA/inc -DEM_CORE=1 -DNMM_CORE=0 -DNMM_MAX_DIM=2600 -DCOAMPS_CORE=0 -DDA_CORE=0 -DEXP_CORE=0 -DIWORDSIZE=4 -DDWORDSIZE=8 -DRWORDSIZE=4 -DLWORDSIZE=4 -DNONSTANDARD_SYSTEM_FUNC  -DWRF_USE_CLM  -DSNICAR_FRC    -DDM_PARALLEL -DNETCDF -DUSE_ALLOCATABLES -DGRIB1 -DINTIO -DKEEP_INT_AROUND -DLIMIT_ARGS -DCONFIG_BUF_LEN=65536 -DMAX_DOMAINS_F=21 -DMAX_HISTORY=25 -DNMM_NEST=0 -DWRF_CHEM -DBUILD_CHEM=1 -DWRF_KPP -I. -traditional-cpp   module_mp_p3.G  > module_mp_p3.H
sed -e "s/gridmu/grid%mu/g" -e "s/gridMu/grid%Mu/g" module_mp_p3.H > module_mp_p3.bb
/glade/work/rkumar/NASA_HMA/WRFchem_HMA/tools/standard.exe module_mp_p3.bb | /lib/cpp -P -nostdinc -traditional-cpp > module_mp_p3.f90
rm -f module_mp_p3.G module_mp_p3.H module_mp_p3.bb
time mpif90 -f90=ifort -o module_mp_p3.o -c -O3 -ip -fp-model precise -w -ftz -align all -fno-alias -FR -convert big_endian    -I../dyn_em -I../dyn_nmm   -I/glade/work/rkumar/NASA_HMA/WRFchem_HMA/external/esmf_time_f90  -I/glade/work/rkumar/NASA_HMA/WRFchem_HMA/main -I/glade/work/rkumar/NASA_HMA/WRFchem_HMA/external/io_netcdf -I/glade/work/rkumar/NASA_HMA/WRFchem_HMA/external/io_int -I/glade/work/rkumar/NASA_HMA/WRFchem_HMA/frame -I/glade/work/rkumar/NASA_HMA/WRFchem_HMA/share -I/glade/work/rkumar/NASA_HMA/WRFchem_HMA/phys -I/glade/work/rkumar/NASA_HMA/WRFchem_HMA/chem -I/glade/work/rkumar/NASA_HMA/WRFchem_HMA/inc -I/glade/u/apps/ch/opt/netcdf/4.8.1/intel/19.1.1//include  -real-size `expr 8 \* 4` -i4  module_mp_p3.f90

real	0m8.193s
user	0m7.441s
sys	0m0.648s
rm -f module_mp_milbrandt2mom.o
sed -e "s/grid%mu/gridmu/g" -e "s/grid%Mu/gridMu/g" -e "s/^\!.*'.*//" -e "s/^ *\!.*'.*//" module_mp_milbrandt2mom.F > module_mp_milbrandt2mom.G
/lib/cpp -P -nostdinc -I/glade/work/rkumar/NASA_HMA/WRFchem_HMA/inc -DEM_CORE=1 -DNMM_CORE=0 -DNMM_MAX_DIM=2600 -DCOAMPS_CORE=0 -DDA_CORE=0 -DEXP_CORE=0 -DIWORDSIZE=4 -DDWORDSIZE=8 -DRWORDSIZE=4 -DLWORDSIZE=4 -DNONSTANDARD_SYSTEM_FUNC  -DWRF_USE_CLM  -DSNICAR_FRC    -DDM_PARALLEL -DNETCDF -DUSE_ALLOCATABLES -DGRIB1 -DINTIO -DKEEP_INT_AROUND -DLIMIT_ARGS -DCONFIG_BUF_LEN=65536 -DMAX_DOMAINS_F=21 -DMAX_HISTORY=25 -DNMM_NEST=0 -DWRF_CHEM -DBUILD_CHEM=1 -DWRF_KPP -I. -traditional-cpp   module_mp_milbrandt2mom.G  > module_mp_milbrandt2mom.H
sed -e "s/gridmu/grid%mu/g" -e "s/gridMu/grid%Mu/g" module_mp_milbrandt2mom.H > module_mp_milbrandt2mom.bb
/glade/work/rkumar/NASA_HMA/WRFchem_HMA/tools/standard.exe module_mp_milbrandt2mom.bb | /lib/cpp -P -nostdinc -traditional-cpp > module_mp_milbrandt2mom.f90
rm -f module_mp_milbrandt2mom.G module_mp_milbrandt2mom.H module_mp_milbrandt2mom.bb
time mpif90 -f90=ifort -o module_mp_milbrandt2mom.o -c -O3 -ip -fp-model precise -w -ftz -align all -fno-alias -FR -convert big_endian    -I../dyn_em -I../dyn_nmm   -I/glade/work/rkumar/NASA_HMA/WRFchem_HMA/external/esmf_time_f90  -I/glade/work/rkumar/NASA_HMA/WRFchem_HMA/main -I/glade/work/rkumar/NASA_HMA/WRFchem_HMA/external/io_netcdf -I/glade/work/rkumar/NASA_HMA/WRFchem_HMA/external/io_int -I/glade/work/rkumar/NASA_HMA/WRFchem_HMA/frame -I/glade/work/rkumar/NASA_HMA/WRFchem_HMA/share -I/glade/work/rkumar/NASA_HMA/WRFchem_HMA/phys -I/glade/work/rkumar/NASA_HMA/WRFchem_HMA/chem -I/glade/work/rkumar/NASA_HMA/WRFchem_HMA/inc -I/glade/u/apps/ch/opt/netcdf/4.8.1/intel/19.1.1//include  -real-size `expr 8 \* 4` -i4  module_mp_milbrandt2mom.f90

real	0m11.887s
user	0m11.170s
sys	0m0.681s
rm -f module_mp_nssl_2mom.o
sed -e "s/grid%mu/gridmu/g" -e "s/grid%Mu/gridMu/g" -e "s/^\!.*'.*//" -e "s/^ *\!.*'.*//" module_mp_nssl_2mom.F > module_mp_nssl_2mom.G
/lib/cpp -P -nostdinc -I/glade/work/rkumar/NASA_HMA/WRFchem_HMA/inc -DEM_CORE=1 -DNMM_CORE=0 -DNMM_MAX_DIM=2600 -DCOAMPS_CORE=0 -DDA_CORE=0 -DEXP_CORE=0 -DIWORDSIZE=4 -DDWORDSIZE=8 -DRWORDSIZE=4 -DLWORDSIZE=4 -DNONSTANDARD_SYSTEM_FUNC  -DWRF_USE_CLM  -DSNICAR_FRC    -DDM_PARALLEL -DNETCDF -DUSE_ALLOCATABLES -DGRIB1 -DINTIO -DKEEP_INT_AROUND -DLIMIT_ARGS -DCONFIG_BUF_LEN=65536 -DMAX_DOMAINS_F=21 -DMAX_HISTORY=25 -DNMM_NEST=0 -DWRF_CHEM -DBUILD_CHEM=1 -DWRF_KPP -I. -traditional-cpp   module_mp_nssl_2mom.G  > module_mp_nssl_2mom.H
sed -e "s/gridmu/grid%mu/g" -e "s/gridMu/grid%Mu/g" module_mp_nssl_2mom.H > module_mp_nssl_2mom.bb
/glade/work/rkumar/NASA_HMA/WRFchem_HMA/tools/standard.exe module_mp_nssl_2mom.bb | /lib/cpp -P -nostdinc -traditional-cpp > module_mp_nssl_2mom.f90
rm -f module_mp_nssl_2mom.G module_mp_nssl_2mom.H module_mp_nssl_2mom.bb
time mpif90 -f90=ifort -o module_mp_nssl_2mom.o -c -O3 -ip -fp-model precise -w -ftz -align all -fno-alias -FR -convert big_endian    -I../dyn_em -I../dyn_nmm   -I/glade/work/rkumar/NASA_HMA/WRFchem_HMA/external/esmf_time_f90  -I/glade/work/rkumar/NASA_HMA/WRFchem_HMA/main -I/glade/work/rkumar/NASA_HMA/WRFchem_HMA/external/io_netcdf -I/glade/work/rkumar/NASA_HMA/WRFchem_HMA/external/io_int -I/glade/work/rkumar/NASA_HMA/WRFchem_HMA/frame -I/glade/work/rkumar/NASA_HMA/WRFchem_HMA/share -I/glade/work/rkumar/NASA_HMA/WRFchem_HMA/phys -I/glade/work/rkumar/NASA_HMA/WRFchem_HMA/chem -I/glade/work/rkumar/NASA_HMA/WRFchem_HMA/inc -I/glade/u/apps/ch/opt/netcdf/4.8.1/intel/19.1.1//include  -real-size `expr 8 \* 4` -i4  module_mp_nssl_2mom.f90

real	0m32.373s
user	0m31.594s
sys	0m0.722s
rm -f module_mp_wdm5.o
sed -e "s/grid%mu/gridmu/g" -e "s/grid%Mu/gridMu/g" -e "s/^\!.*'.*//" -e "s/^ *\!.*'.*//" module_mp_wdm5.F > module_mp_wdm5.G
/lib/cpp -P -nostdinc -I/glade/work/rkumar/NASA_HMA/WRFchem_HMA/inc -DEM_CORE=1 -DNMM_CORE=0 -DNMM_MAX_DIM=2600 -DCOAMPS_CORE=0 -DDA_CORE=0 -DEXP_CORE=0 -DIWORDSIZE=4 -DDWORDSIZE=8 -DRWORDSIZE=4 -DLWORDSIZE=4 -DNONSTANDARD_SYSTEM_FUNC  -DWRF_USE_CLM  -DSNICAR_FRC    -DDM_PARALLEL -DNETCDF -DUSE_ALLOCATABLES -DGRIB1 -DINTIO -DKEEP_INT_AROUND -DLIMIT_ARGS -DCONFIG_BUF_LEN=65536 -DMAX_DOMAINS_F=21 -DMAX_HISTORY=25 -DNMM_NEST=0 -DWRF_CHEM -DBUILD_CHEM=1 -DWRF_KPP -I. -traditional-cpp   module_mp_wdm5.G  > module_mp_wdm5.H
sed -e "s/gridmu/grid%mu/g" -e "s/gridMu/grid%Mu/g" module_mp_wdm5.H > module_mp_wdm5.bb
/glade/work/rkumar/NASA_HMA/WRFchem_HMA/tools/standard.exe module_mp_wdm5.bb | /lib/cpp -P -nostdinc -traditional-cpp > module_mp_wdm5.f90
rm -f module_mp_wdm5.G module_mp_wdm5.H module_mp_wdm5.bb
time mpif90 -f90=ifort -o module_mp_wdm5.o -c -O3 -ip -fp-model precise -w -ftz -align all -fno-alias -FR -convert big_endian    -I../dyn_em -I../dyn_nmm   -I/glade/work/rkumar/NASA_HMA/WRFchem_HMA/external/esmf_time_f90  -I/glade/work/rkumar/NASA_HMA/WRFchem_HMA/main -I/glade/work/rkumar/NASA_HMA/WRFchem_HMA/external/io_netcdf -I/glade/work/rkumar/NASA_HMA/WRFchem_HMA/external/io_int -I/glade/work/rkumar/NASA_HMA/WRFchem_HMA/frame -I/glade/work/rkumar/NASA_HMA/WRFchem_HMA/share -I/glade/work/rkumar/NASA_HMA/WRFchem_HMA/phys -I/glade/work/rkumar/NASA_HMA/WRFchem_HMA/chem -I/glade/work/rkumar/NASA_HMA/WRFchem_HMA/inc -I/glade/u/apps/ch/opt/netcdf/4.8.1/intel/19.1.1//include  -real-size `expr 8 \* 4` -i4  module_mp_wdm5.f90

real	0m26.723s
user	0m25.839s
sys	0m0.824s
rm -f module_mp_wdm6.o
sed -e "s/grid%mu/gridmu/g" -e "s/grid%Mu/gridMu/g" -e "s/^\!.*'.*//" -e "s/^ *\!.*'.*//" module_mp_wdm6.F > module_mp_wdm6.G
/lib/cpp -P -nostdinc -I/glade/work/rkumar/NASA_HMA/WRFchem_HMA/inc -DEM_CORE=1 -DNMM_CORE=0 -DNMM_MAX_DIM=2600 -DCOAMPS_CORE=0 -DDA_CORE=0 -DEXP_CORE=0 -DIWORDSIZE=4 -DDWORDSIZE=8 -DRWORDSIZE=4 -DLWORDSIZE=4 -DNONSTANDARD_SYSTEM_FUNC  -DWRF_USE_CLM  -DSNICAR_FRC    -DDM_PARALLEL -DNETCDF -DUSE_ALLOCATABLES -DGRIB1 -DINTIO -DKEEP_INT_AROUND -DLIMIT_ARGS -DCONFIG_BUF_LEN=65536 -DMAX_DOMAINS_F=21 -DMAX_HISTORY=25 -DNMM_NEST=0 -DWRF_CHEM -DBUILD_CHEM=1 -DWRF_KPP -I. -traditional-cpp   module_mp_wdm6.G  > module_mp_wdm6.H
sed -e "s/gridmu/grid%mu/g" -e "s/gridMu/grid%Mu/g" module_mp_wdm6.H > module_mp_wdm6.bb
/glade/work/rkumar/NASA_HMA/WRFchem_HMA/tools/standard.exe module_mp_wdm6.bb | /lib/cpp -P -nostdinc -traditional-cpp > module_mp_wdm6.f90
rm -f module_mp_wdm6.G module_mp_wdm6.H module_mp_wdm6.bb
time mpif90 -f90=ifort -o module_mp_wdm6.o -c -O3 -ip -fp-model precise -w -ftz -align all -fno-alias -FR -convert big_endian    -I../dyn_em -I../dyn_nmm   -I/glade/work/rkumar/NASA_HMA/WRFchem_HMA/external/esmf_time_f90  -I/glade/work/rkumar/NASA_HMA/WRFchem_HMA/main -I/glade/work/rkumar/NASA_HMA/WRFchem_HMA/external/io_netcdf -I/glade/work/rkumar/NASA_HMA/WRFchem_HMA/external/io_int -I/glade/work/rkumar/NASA_HMA/WRFchem_HMA/frame -I/glade/work/rkumar/NASA_HMA/WRFchem_HMA/share -I/glade/work/rkumar/NASA_HMA/WRFchem_HMA/phys -I/glade/work/rkumar/NASA_HMA/WRFchem_HMA/chem -I/glade/work/rkumar/NASA_HMA/WRFchem_HMA/inc -I/glade/u/apps/ch/opt/netcdf/4.8.1/intel/19.1.1//include  -real-size `expr 8 \* 4` -i4  module_mp_wdm6.f90

real	0m9.749s
user	0m9.026s
sys	0m0.681s
rm -f module_sf_sfclay.o
sed -e "s/grid%mu/gridmu/g" -e "s/grid%Mu/gridMu/g" -e "s/^\!.*'.*//" -e "s/^ *\!.*'.*//" module_sf_sfclay.F > module_sf_sfclay.G
/lib/cpp -P -nostdinc -I/glade/work/rkumar/NASA_HMA/WRFchem_HMA/inc -DEM_CORE=1 -DNMM_CORE=0 -DNMM_MAX_DIM=2600 -DCOAMPS_CORE=0 -DDA_CORE=0 -DEXP_CORE=0 -DIWORDSIZE=4 -DDWORDSIZE=8 -DRWORDSIZE=4 -DLWORDSIZE=4 -DNONSTANDARD_SYSTEM_FUNC  -DWRF_USE_CLM  -DSNICAR_FRC    -DDM_PARALLEL -DNETCDF -DUSE_ALLOCATABLES -DGRIB1 -DINTIO -DKEEP_INT_AROUND -DLIMIT_ARGS -DCONFIG_BUF_LEN=65536 -DMAX_DOMAINS_F=21 -DMAX_HISTORY=25 -DNMM_NEST=0 -DWRF_CHEM -DBUILD_CHEM=1 -DWRF_KPP -I. -traditional-cpp   module_sf_sfclay.G  > module_sf_sfclay.H
sed -e "s/gridmu/grid%mu/g" -e "s/gridMu/grid%Mu/g" module_sf_sfclay.H > module_sf_sfclay.bb
/glade/work/rkumar/NASA_HMA/WRFchem_HMA/tools/standard.exe module_sf_sfclay.bb | /lib/cpp -P -nostdinc -traditional-cpp > module_sf_sfclay.f90
rm -f module_sf_sfclay.G module_sf_sfclay.H module_sf_sfclay.bb
time mpif90 -f90=ifort -o module_sf_sfclay.o -c -O3 -ip -fp-model precise -w -ftz -align all -fno-alias -FR -convert big_endian    -I../dyn_em -I../dyn_nmm   -I/glade/work/rkumar/NASA_HMA/WRFchem_HMA/external/esmf_time_f90  -I/glade/work/rkumar/NASA_HMA/WRFchem_HMA/main -I/glade/work/rkumar/NASA_HMA/WRFchem_HMA/external/io_netcdf -I/glade/work/rkumar/NASA_HMA/WRFchem_HMA/external/io_int -I/glade/work/rkumar/NASA_HMA/WRFchem_HMA/frame -I/glade/work/rkumar/NASA_HMA/WRFchem_HMA/share -I/glade/work/rkumar/NASA_HMA/WRFchem_HMA/phys -I/glade/work/rkumar/NASA_HMA/WRFchem_HMA/chem -I/glade/work/rkumar/NASA_HMA/WRFchem_HMA/inc -I/glade/u/apps/ch/opt/netcdf/4.8.1/intel/19.1.1//include  -real-size `expr 8 \* 4` -i4  module_sf_sfclay.f90

real	0m1.276s
user	0m0.630s
sys	0m0.597s
rm -f module_sf_sfclayrev.o
sed -e "s/grid%mu/gridmu/g" -e "s/grid%Mu/gridMu/g" -e "s/^\!.*'.*//" -e "s/^ *\!.*'.*//" module_sf_sfclayrev.F > module_sf_sfclayrev.G
/lib/cpp -P -nostdinc -I/glade/work/rkumar/NASA_HMA/WRFchem_HMA/inc -DEM_CORE=1 -DNMM_CORE=0 -DNMM_MAX_DIM=2600 -DCOAMPS_CORE=0 -DDA_CORE=0 -DEXP_CORE=0 -DIWORDSIZE=4 -DDWORDSIZE=8 -DRWORDSIZE=4 -DLWORDSIZE=4 -DNONSTANDARD_SYSTEM_FUNC  -DWRF_USE_CLM  -DSNICAR_FRC    -DDM_PARALLEL -DNETCDF -DUSE_ALLOCATABLES -DGRIB1 -DINTIO -DKEEP_INT_AROUND -DLIMIT_ARGS -DCONFIG_BUF_LEN=65536 -DMAX_DOMAINS_F=21 -DMAX_HISTORY=25 -DNMM_NEST=0 -DWRF_CHEM -DBUILD_CHEM=1 -DWRF_KPP -I. -traditional-cpp   module_sf_sfclayrev.G  > module_sf_sfclayrev.H
sed -e "s/gridmu/grid%mu/g" -e "s/gridMu/grid%Mu/g" module_sf_sfclayrev.H > module_sf_sfclayrev.bb
/glade/work/rkumar/NASA_HMA/WRFchem_HMA/tools/standard.exe module_sf_sfclayrev.bb | /lib/cpp -P -nostdinc -traditional-cpp > module_sf_sfclayrev.f90
rm -f module_sf_sfclayrev.G module_sf_sfclayrev.H module_sf_sfclayrev.bb
time mpif90 -f90=ifort -o module_sf_sfclayrev.o -c -O3 -ip -fp-model precise -w -ftz -align all -fno-alias -FR -convert big_endian    -I../dyn_em -I../dyn_nmm   -I/glade/work/rkumar/NASA_HMA/WRFchem_HMA/external/esmf_time_f90  -I/glade/work/rkumar/NASA_HMA/WRFchem_HMA/main -I/glade/work/rkumar/NASA_HMA/WRFchem_HMA/external/io_netcdf -I/glade/work/rkumar/NASA_HMA/WRFchem_HMA/external/io_int -I/glade/work/rkumar/NASA_HMA/WRFchem_HMA/frame -I/glade/work/rkumar/NASA_HMA/WRFchem_HMA/share -I/glade/work/rkumar/NASA_HMA/WRFchem_HMA/phys -I/glade/work/rkumar/NASA_HMA/WRFchem_HMA/chem -I/glade/work/rkumar/NASA_HMA/WRFchem_HMA/inc -I/glade/u/apps/ch/opt/netcdf/4.8.1/intel/19.1.1//include  -real-size `expr 8 \* 4` -i4  module_sf_sfclayrev.f90

real	0m1.808s
user	0m1.188s
sys	0m0.561s
rm -f module_progtm.o
sed -e "s/grid%mu/gridmu/g" -e "s/grid%Mu/gridMu/g" -e "s/^\!.*'.*//" -e "s/^ *\!.*'.*//" module_progtm.F > module_progtm.G
/lib/cpp -P -nostdinc -I/glade/work/rkumar/NASA_HMA/WRFchem_HMA/inc -DEM_CORE=1 -DNMM_CORE=0 -DNMM_MAX_DIM=2600 -DCOAMPS_CORE=0 -DDA_CORE=0 -DEXP_CORE=0 -DIWORDSIZE=4 -DDWORDSIZE=8 -DRWORDSIZE=4 -DLWORDSIZE=4 -DNONSTANDARD_SYSTEM_FUNC  -DWRF_USE_CLM  -DSNICAR_FRC    -DDM_PARALLEL -DNETCDF -DUSE_ALLOCATABLES -DGRIB1 -DINTIO -DKEEP_INT_AROUND -DLIMIT_ARGS -DCONFIG_BUF_LEN=65536 -DMAX_DOMAINS_F=21 -DMAX_HISTORY=25 -DNMM_NEST=0 -DWRF_CHEM -DBUILD_CHEM=1 -DWRF_KPP -I. -traditional-cpp   module_progtm.G  > module_progtm.H
sed -e "s/gridmu/grid%mu/g" -e "s/gridMu/grid%Mu/g" module_progtm.H > module_progtm.bb
/glade/work/rkumar/NASA_HMA/WRFchem_HMA/tools/standard.exe module_progtm.bb | /lib/cpp -P -nostdinc -traditional-cpp > module_progtm.f90
rm -f module_progtm.G module_progtm.H module_progtm.bb
time mpif90 -f90=ifort -o module_progtm.o -c -O3 -ip -fp-model precise -w -ftz -align all -fno-alias -FR -convert big_endian    -I../dyn_em -I../dyn_nmm   -I/glade/work/rkumar/NASA_HMA/WRFchem_HMA/external/esmf_time_f90  -I/glade/work/rkumar/NASA_HMA/WRFchem_HMA/main -I/glade/work/rkumar/NASA_HMA/WRFchem_HMA/external/io_netcdf -I/glade/work/rkumar/NASA_HMA/WRFchem_HMA/external/io_int -I/glade/work/rkumar/NASA_HMA/WRFchem_HMA/frame -I/glade/work/rkumar/NASA_HMA/WRFchem_HMA/share -I/glade/work/rkumar/NASA_HMA/WRFchem_HMA/phys -I/glade/work/rkumar/NASA_HMA/WRFchem_HMA/chem -I/glade/work/rkumar/NASA_HMA/WRFchem_HMA/inc -I/glade/u/apps/ch/opt/netcdf/4.8.1/intel/19.1.1//include  -real-size `expr 8 \* 4` -i4  module_progtm.f90

real	0m0.592s
user	0m0.086s
sys	0m0.447s
rm -f module_sf_exchcoef.o
sed -e "s/grid%mu/gridmu/g" -e "s/grid%Mu/gridMu/g" -e "s/^\!.*'.*//" -e "s/^ *\!.*'.*//" module_sf_exchcoef.F > module_sf_exchcoef.G
/lib/cpp -P -nostdinc -I/glade/work/rkumar/NASA_HMA/WRFchem_HMA/inc -DEM_CORE=1 -DNMM_CORE=0 -DNMM_MAX_DIM=2600 -DCOAMPS_CORE=0 -DDA_CORE=0 -DEXP_CORE=0 -DIWORDSIZE=4 -DDWORDSIZE=8 -DRWORDSIZE=4 -DLWORDSIZE=4 -DNONSTANDARD_SYSTEM_FUNC  -DWRF_USE_CLM  -DSNICAR_FRC    -DDM_PARALLEL -DNETCDF -DUSE_ALLOCATABLES -DGRIB1 -DINTIO -DKEEP_INT_AROUND -DLIMIT_ARGS -DCONFIG_BUF_LEN=65536 -DMAX_DOMAINS_F=21 -DMAX_HISTORY=25 -DNMM_NEST=0 -DWRF_CHEM -DBUILD_CHEM=1 -DWRF_KPP -I. -traditional-cpp   module_sf_exchcoef.G  > module_sf_exchcoef.H
sed -e "s/gridmu/grid%mu/g" -e "s/gridMu/grid%Mu/g" module_sf_exchcoef.H > module_sf_exchcoef.bb
/glade/work/rkumar/NASA_HMA/WRFchem_HMA/tools/standard.exe module_sf_exchcoef.bb | /lib/cpp -P -nostdinc -traditional-cpp > module_sf_exchcoef.f90
rm -f module_sf_exchcoef.G module_sf_exchcoef.H module_sf_exchcoef.bb
time mpif90 -f90=ifort -o module_sf_exchcoef.o -c -O3 -ip -fp-model precise -w -ftz -align all -fno-alias -FR -convert big_endian    -I../dyn_em -I../dyn_nmm   -I/glade/work/rkumar/NASA_HMA/WRFchem_HMA/external/esmf_time_f90  -I/glade/work/rkumar/NASA_HMA/WRFchem_HMA/main -I/glade/work/rkumar/NASA_HMA/WRFchem_HMA/external/io_netcdf -I/glade/work/rkumar/NASA_HMA/WRFchem_HMA/external/io_int -I/glade/work/rkumar/NASA_HMA/WRFchem_HMA/frame -I/glade/work/rkumar/NASA_HMA/WRFchem_HMA/share -I/glade/work/rkumar/NASA_HMA/WRFchem_HMA/phys -I/glade/work/rkumar/NASA_HMA/WRFchem_HMA/chem -I/glade/work/rkumar/NASA_HMA/WRFchem_HMA/inc -I/glade/u/apps/ch/opt/netcdf/4.8.1/intel/19.1.1//include  -real-size `expr 8 \* 4` -i4  module_sf_exchcoef.f90

real	0m0.921s
user	0m0.154s
sys	0m0.557s
rm -f module_sf_slab.o
sed -e "s/grid%mu/gridmu/g" -e "s/grid%Mu/gridMu/g" -e "s/^\!.*'.*//" -e "s/^ *\!.*'.*//" module_sf_slab.F > module_sf_slab.G
/lib/cpp -P -nostdinc -I/glade/work/rkumar/NASA_HMA/WRFchem_HMA/inc -DEM_CORE=1 -DNMM_CORE=0 -DNMM_MAX_DIM=2600 -DCOAMPS_CORE=0 -DDA_CORE=0 -DEXP_CORE=0 -DIWORDSIZE=4 -DDWORDSIZE=8 -DRWORDSIZE=4 -DLWORDSIZE=4 -DNONSTANDARD_SYSTEM_FUNC  -DWRF_USE_CLM  -DSNICAR_FRC    -DDM_PARALLEL -DNETCDF -DUSE_ALLOCATABLES -DGRIB1 -DINTIO -DKEEP_INT_AROUND -DLIMIT_ARGS -DCONFIG_BUF_LEN=65536 -DMAX_DOMAINS_F=21 -DMAX_HISTORY=25 -DNMM_NEST=0 -DWRF_CHEM -DBUILD_CHEM=1 -DWRF_KPP -I. -traditional-cpp   module_sf_slab.G  > module_sf_slab.H
sed -e "s/gridmu/grid%mu/g" -e "s/gridMu/grid%Mu/g" module_sf_slab.H > module_sf_slab.bb
/glade/work/rkumar/NASA_HMA/WRFchem_HMA/tools/standard.exe module_sf_slab.bb | /lib/cpp -P -nostdinc -traditional-cpp > module_sf_slab.f90
rm -f module_sf_slab.G module_sf_slab.H module_sf_slab.bb
time mpif90 -f90=ifort -o module_sf_slab.o -c -O3 -ip -fp-model precise -w -ftz -align all -fno-alias -FR -convert big_endian    -I../dyn_em -I../dyn_nmm   -I/glade/work/rkumar/NASA_HMA/WRFchem_HMA/external/esmf_time_f90  -I/glade/work/rkumar/NASA_HMA/WRFchem_HMA/main -I/glade/work/rkumar/NASA_HMA/WRFchem_HMA/external/io_netcdf -I/glade/work/rkumar/NASA_HMA/WRFchem_HMA/external/io_int -I/glade/work/rkumar/NASA_HMA/WRFchem_HMA/frame -I/glade/work/rkumar/NASA_HMA/WRFchem_HMA/share -I/glade/work/rkumar/NASA_HMA/WRFchem_HMA/phys -I/glade/work/rkumar/NASA_HMA/WRFchem_HMA/chem -I/glade/work/rkumar/NASA_HMA/WRFchem_HMA/inc -I/glade/u/apps/ch/opt/netcdf/4.8.1/intel/19.1.1//include  -real-size `expr 8 \* 4` -i4  module_sf_slab.f90

real	0m1.186s
user	0m0.591s
sys	0m0.514s
rm -f module_sf_noahlsm.o
sed -e "s/grid%mu/gridmu/g" -e "s/grid%Mu/gridMu/g" -e "s/^\!.*'.*//" -e "s/^ *\!.*'.*//" module_sf_noahlsm.F > module_sf_noahlsm.G
/lib/cpp -P -nostdinc -I/glade/work/rkumar/NASA_HMA/WRFchem_HMA/inc -DEM_CORE=1 -DNMM_CORE=0 -DNMM_MAX_DIM=2600 -DCOAMPS_CORE=0 -DDA_CORE=0 -DEXP_CORE=0 -DIWORDSIZE=4 -DDWORDSIZE=8 -DRWORDSIZE=4 -DLWORDSIZE=4 -DNONSTANDARD_SYSTEM_FUNC  -DWRF_USE_CLM  -DSNICAR_FRC    -DDM_PARALLEL -DNETCDF -DUSE_ALLOCATABLES -DGRIB1 -DINTIO -DKEEP_INT_AROUND -DLIMIT_ARGS -DCONFIG_BUF_LEN=65536 -DMAX_DOMAINS_F=21 -DMAX_HISTORY=25 -DNMM_NEST=0 -DWRF_CHEM -DBUILD_CHEM=1 -DWRF_KPP -I. -traditional-cpp   module_sf_noahlsm.G  > module_sf_noahlsm.H
sed -e "s/gridmu/grid%mu/g" -e "s/gridMu/grid%Mu/g" module_sf_noahlsm.H > module_sf_noahlsm.bb
/glade/work/rkumar/NASA_HMA/WRFchem_HMA/tools/standard.exe module_sf_noahlsm.bb | /lib/cpp -P -nostdinc -traditional-cpp > module_sf_noahlsm.f90
rm -f module_sf_noahlsm.G module_sf_noahlsm.H module_sf_noahlsm.bb
time mpif90 -f90=ifort -o module_sf_noahlsm.o -c -O3 -ip -fp-model precise -w -ftz -align all -fno-alias -FR -convert big_endian    -I../dyn_em -I../dyn_nmm   -I/glade/work/rkumar/NASA_HMA/WRFchem_HMA/external/esmf_time_f90  -I/glade/work/rkumar/NASA_HMA/WRFchem_HMA/main -I/glade/work/rkumar/NASA_HMA/WRFchem_HMA/external/io_netcdf -I/glade/work/rkumar/NASA_HMA/WRFchem_HMA/external/io_int -I/glade/work/rkumar/NASA_HMA/WRFchem_HMA/frame -I/glade/work/rkumar/NASA_HMA/WRFchem_HMA/share -I/glade/work/rkumar/NASA_HMA/WRFchem_HMA/phys -I/glade/work/rkumar/NASA_HMA/WRFchem_HMA/chem -I/glade/work/rkumar/NASA_HMA/WRFchem_HMA/inc -I/glade/u/apps/ch/opt/netcdf/4.8.1/intel/19.1.1//include  -real-size `expr 8 \* 4` -i4  module_sf_noahlsm.f90

real	0m1.895s
user	0m1.293s
sys	0m0.532s
rm -f module_sf_myjsfc.o
sed -e "s/grid%mu/gridmu/g" -e "s/grid%Mu/gridMu/g" -e "s/^\!.*'.*//" -e "s/^ *\!.*'.*//" module_sf_myjsfc.F > module_sf_myjsfc.G
/lib/cpp -P -nostdinc -I/glade/work/rkumar/NASA_HMA/WRFchem_HMA/inc -DEM_CORE=1 -DNMM_CORE=0 -DNMM_MAX_DIM=2600 -DCOAMPS_CORE=0 -DDA_CORE=0 -DEXP_CORE=0 -DIWORDSIZE=4 -DDWORDSIZE=8 -DRWORDSIZE=4 -DLWORDSIZE=4 -DNONSTANDARD_SYSTEM_FUNC  -DWRF_USE_CLM  -DSNICAR_FRC    -DDM_PARALLEL -DNETCDF -DUSE_ALLOCATABLES -DGRIB1 -DINTIO -DKEEP_INT_AROUND -DLIMIT_ARGS -DCONFIG_BUF_LEN=65536 -DMAX_DOMAINS_F=21 -DMAX_HISTORY=25 -DNMM_NEST=0 -DWRF_CHEM -DBUILD_CHEM=1 -DWRF_KPP -I. -traditional-cpp   module_sf_myjsfc.G  > module_sf_myjsfc.H
sed -e "s/gridmu/grid%mu/g" -e "s/gridMu/grid%Mu/g" module_sf_myjsfc.H > module_sf_myjsfc.bb
/glade/work/rkumar/NASA_HMA/WRFchem_HMA/tools/standard.exe module_sf_myjsfc.bb | /lib/cpp -P -nostdinc -traditional-cpp > module_sf_myjsfc.f90
rm -f module_sf_myjsfc.G module_sf_myjsfc.H module_sf_myjsfc.bb
time mpif90 -f90=ifort -o module_sf_myjsfc.o -c -O3 -ip -fp-model precise -w -ftz -align all -fno-alias -FR -convert big_endian    -I../dyn_em -I../dyn_nmm   -I/glade/work/rkumar/NASA_HMA/WRFchem_HMA/external/esmf_time_f90  -I/glade/work/rkumar/NASA_HMA/WRFchem_HMA/main -I/glade/work/rkumar/NASA_HMA/WRFchem_HMA/external/io_netcdf -I/glade/work/rkumar/NASA_HMA/WRFchem_HMA/external/io_int -I/glade/work/rkumar/NASA_HMA/WRFchem_HMA/frame -I/glade/work/rkumar/NASA_HMA/WRFchem_HMA/share -I/glade/work/rkumar/NASA_HMA/WRFchem_HMA/phys -I/glade/work/rkumar/NASA_HMA/WRFchem_HMA/chem -I/glade/work/rkumar/NASA_HMA/WRFchem_HMA/inc -I/glade/u/apps/ch/opt/netcdf/4.8.1/intel/19.1.1//include  -real-size `expr 8 \* 4` -i4  module_sf_myjsfc.f90

real	0m1.317s
user	0m0.700s
sys	0m0.527s
rm -f module_data_gocart_dust.o
sed -e "s/grid%mu/gridmu/g" -e "s/grid%Mu/gridMu/g" -e "s/^\!.*'.*//" -e "s/^ *\!.*'.*//" module_data_gocart_dust.F > module_data_gocart_dust.G
/lib/cpp -P -nostdinc -I/glade/work/rkumar/NASA_HMA/WRFchem_HMA/inc -DEM_CORE=1 -DNMM_CORE=0 -DNMM_MAX_DIM=2600 -DCOAMPS_CORE=0 -DDA_CORE=0 -DEXP_CORE=0 -DIWORDSIZE=4 -DDWORDSIZE=8 -DRWORDSIZE=4 -DLWORDSIZE=4 -DNONSTANDARD_SYSTEM_FUNC  -DWRF_USE_CLM  -DSNICAR_FRC    -DDM_PARALLEL -DNETCDF -DUSE_ALLOCATABLES -DGRIB1 -DINTIO -DKEEP_INT_AROUND -DLIMIT_ARGS -DCONFIG_BUF_LEN=65536 -DMAX_DOMAINS_F=21 -DMAX_HISTORY=25 -DNMM_NEST=0 -DWRF_CHEM -DBUILD_CHEM=1 -DWRF_KPP -I. -traditional-cpp   module_data_gocart_dust.G  > module_data_gocart_dust.H
sed -e "s/gridmu/grid%mu/g" -e "s/gridMu/grid%Mu/g" module_data_gocart_dust.H > module_data_gocart_dust.bb
/glade/work/rkumar/NASA_HMA/WRFchem_HMA/tools/standard.exe module_data_gocart_dust.bb | /lib/cpp -P -nostdinc -traditional-cpp > module_data_gocart_dust.f90
rm -f module_data_gocart_dust.G module_data_gocart_dust.H module_data_gocart_dust.bb
time mpif90 -f90=ifort -o module_data_gocart_dust.o -c -O3 -ip -fp-model precise -w -ftz -align all -fno-alias -FR -convert big_endian    -I../dyn_em -I../dyn_nmm   -I/glade/work/rkumar/NASA_HMA/WRFchem_HMA/external/esmf_time_f90  -I/glade/work/rkumar/NASA_HMA/WRFchem_HMA/main -I/glade/work/rkumar/NASA_HMA/WRFchem_HMA/external/io_netcdf -I/glade/work/rkumar/NASA_HMA/WRFchem_HMA/external/io_int -I/glade/work/rkumar/NASA_HMA/WRFchem_HMA/frame -I/glade/work/rkumar/NASA_HMA/WRFchem_HMA/share -I/glade/work/rkumar/NASA_HMA/WRFchem_HMA/phys -I/glade/work/rkumar/NASA_HMA/WRFchem_HMA/chem -I/glade/work/rkumar/NASA_HMA/WRFchem_HMA/inc -I/glade/u/apps/ch/opt/netcdf/4.8.1/intel/19.1.1//include  -real-size `expr 8 \* 4` -i4  module_data_gocart_dust.f90

real	0m0.718s
user	0m0.067s
sys	0m0.603s
rm -f module_sf_urban.o
sed -e "s/grid%mu/gridmu/g" -e "s/grid%Mu/gridMu/g" -e "s/^\!.*'.*//" -e "s/^ *\!.*'.*//" module_sf_urban.F > module_sf_urban.G
/lib/cpp -P -nostdinc -I/glade/work/rkumar/NASA_HMA/WRFchem_HMA/inc -DEM_CORE=1 -DNMM_CORE=0 -DNMM_MAX_DIM=2600 -DCOAMPS_CORE=0 -DDA_CORE=0 -DEXP_CORE=0 -DIWORDSIZE=4 -DDWORDSIZE=8 -DRWORDSIZE=4 -DLWORDSIZE=4 -DNONSTANDARD_SYSTEM_FUNC  -DWRF_USE_CLM  -DSNICAR_FRC    -DDM_PARALLEL -DNETCDF -DUSE_ALLOCATABLES -DGRIB1 -DINTIO -DKEEP_INT_AROUND -DLIMIT_ARGS -DCONFIG_BUF_LEN=65536 -DMAX_DOMAINS_F=21 -DMAX_HISTORY=25 -DNMM_NEST=0 -DWRF_CHEM -DBUILD_CHEM=1 -DWRF_KPP -I. -traditional-cpp   module_sf_urban.G  > module_sf_urban.H
sed -e "s/gridmu/grid%mu/g" -e "s/gridMu/grid%Mu/g" module_sf_urban.H > module_sf_urban.bb
/glade/work/rkumar/NASA_HMA/WRFchem_HMA/tools/standard.exe module_sf_urban.bb | /lib/cpp -P -nostdinc -traditional-cpp > module_sf_urban.f90
rm -f module_sf_urban.G module_sf_urban.H module_sf_urban.bb
time mpif90 -f90=ifort -o module_sf_urban.o -c -O3 -ip -fp-model precise -w -ftz -align all -fno-alias -FR -convert big_endian    -I../dyn_em -I../dyn_nmm   -I/glade/work/rkumar/NASA_HMA/WRFchem_HMA/external/esmf_time_f90  -I/glade/work/rkumar/NASA_HMA/WRFchem_HMA/main -I/glade/work/rkumar/NASA_HMA/WRFchem_HMA/external/io_netcdf -I/glade/work/rkumar/NASA_HMA/WRFchem_HMA/external/io_int -I/glade/work/rkumar/NASA_HMA/WRFchem_HMA/frame -I/glade/work/rkumar/NASA_HMA/WRFchem_HMA/share -I/glade/work/rkumar/NASA_HMA/WRFchem_HMA/phys -I/glade/work/rkumar/NASA_HMA/WRFchem_HMA/chem -I/glade/work/rkumar/NASA_HMA/WRFchem_HMA/inc -I/glade/u/apps/ch/opt/netcdf/4.8.1/intel/19.1.1//include  -real-size `expr 8 \* 4` -i4  module_sf_urban.f90

real	0m15.688s
user	0m14.938s
sys	0m0.718s
rm -f module_sf_bem.o
sed -e "s/grid%mu/gridmu/g" -e "s/grid%Mu/gridMu/g" -e "s/^\!.*'.*//" -e "s/^ *\!.*'.*//" module_sf_bem.F > module_sf_bem.G
/lib/cpp -P -nostdinc -I/glade/work/rkumar/NASA_HMA/WRFchem_HMA/inc -DEM_CORE=1 -DNMM_CORE=0 -DNMM_MAX_DIM=2600 -DCOAMPS_CORE=0 -DDA_CORE=0 -DEXP_CORE=0 -DIWORDSIZE=4 -DDWORDSIZE=8 -DRWORDSIZE=4 -DLWORDSIZE=4 -DNONSTANDARD_SYSTEM_FUNC  -DWRF_USE_CLM  -DSNICAR_FRC    -DDM_PARALLEL -DNETCDF -DUSE_ALLOCATABLES -DGRIB1 -DINTIO -DKEEP_INT_AROUND -DLIMIT_ARGS -DCONFIG_BUF_LEN=65536 -DMAX_DOMAINS_F=21 -DMAX_HISTORY=25 -DNMM_NEST=0 -DWRF_CHEM -DBUILD_CHEM=1 -DWRF_KPP -I. -traditional-cpp   module_sf_bem.G  > module_sf_bem.H
sed -e "s/gridmu/grid%mu/g" -e "s/gridMu/grid%Mu/g" module_sf_bem.H > module_sf_bem.bb
/glade/work/rkumar/NASA_HMA/WRFchem_HMA/tools/standard.exe module_sf_bem.bb | /lib/cpp -P -nostdinc -traditional-cpp > module_sf_bem.f90
rm -f module_sf_bem.G module_sf_bem.H module_sf_bem.bb
time mpif90 -f90=ifort -o module_sf_bem.o -c -O3 -ip -fp-model precise -w -ftz -align all -fno-alias -FR -convert big_endian    -I../dyn_em -I../dyn_nmm   -I/glade/work/rkumar/NASA_HMA/WRFchem_HMA/external/esmf_time_f90  -I/glade/work/rkumar/NASA_HMA/WRFchem_HMA/main -I/glade/work/rkumar/NASA_HMA/WRFchem_HMA/external/io_netcdf -I/glade/work/rkumar/NASA_HMA/WRFchem_HMA/external/io_int -I/glade/work/rkumar/NASA_HMA/WRFchem_HMA/frame -I/glade/work/rkumar/NASA_HMA/WRFchem_HMA/share -I/glade/work/rkumar/NASA_HMA/WRFchem_HMA/phys -I/glade/work/rkumar/NASA_HMA/WRFchem_HMA/chem -I/glade/work/rkumar/NASA_HMA/WRFchem_HMA/inc -I/glade/u/apps/ch/opt/netcdf/4.8.1/intel/19.1.1//include  -real-size `expr 8 \* 4` -i4  module_sf_bem.f90

real	0m4.022s
user	0m3.315s
sys	0m0.592s
rm -f module_sf_ssib.o
sed -e "s/grid%mu/gridmu/g" -e "s/grid%Mu/gridMu/g" -e "s/^\!.*'.*//" -e "s/^ *\!.*'.*//" module_sf_ssib.F > module_sf_ssib.G
/lib/cpp -P -nostdinc -I/glade/work/rkumar/NASA_HMA/WRFchem_HMA/inc -DEM_CORE=1 -DNMM_CORE=0 -DNMM_MAX_DIM=2600 -DCOAMPS_CORE=0 -DDA_CORE=0 -DEXP_CORE=0 -DIWORDSIZE=4 -DDWORDSIZE=8 -DRWORDSIZE=4 -DLWORDSIZE=4 -DNONSTANDARD_SYSTEM_FUNC  -DWRF_USE_CLM  -DSNICAR_FRC    -DDM_PARALLEL -DNETCDF -DUSE_ALLOCATABLES -DGRIB1 -DINTIO -DKEEP_INT_AROUND -DLIMIT_ARGS -DCONFIG_BUF_LEN=65536 -DMAX_DOMAINS_F=21 -DMAX_HISTORY=25 -DNMM_NEST=0 -DWRF_CHEM -DBUILD_CHEM=1 -DWRF_KPP -I. -traditional-cpp   module_sf_ssib.G  > module_sf_ssib.H
sed -e "s/gridmu/grid%mu/g" -e "s/gridMu/grid%Mu/g" module_sf_ssib.H > module_sf_ssib.bb
/glade/work/rkumar/NASA_HMA/WRFchem_HMA/tools/standard.exe module_sf_ssib.bb | /lib/cpp -P -nostdinc -traditional-cpp > module_sf_ssib.f90
rm -f module_sf_ssib.G module_sf_ssib.H module_sf_ssib.bb
time mpif90 -f90=ifort -o module_sf_ssib.o -c -O3 -ip -fp-model precise -w -ftz -align all -fno-alias -FR -convert big_endian    -I../dyn_em -I../dyn_nmm   -I/glade/work/rkumar/NASA_HMA/WRFchem_HMA/external/esmf_time_f90  -I/glade/work/rkumar/NASA_HMA/WRFchem_HMA/main -I/glade/work/rkumar/NASA_HMA/WRFchem_HMA/external/io_netcdf -I/glade/work/rkumar/NASA_HMA/WRFchem_HMA/external/io_int -I/glade/work/rkumar/NASA_HMA/WRFchem_HMA/frame -I/glade/work/rkumar/NASA_HMA/WRFchem_HMA/share -I/glade/work/rkumar/NASA_HMA/WRFchem_HMA/phys -I/glade/work/rkumar/NASA_HMA/WRFchem_HMA/chem -I/glade/work/rkumar/NASA_HMA/WRFchem_HMA/inc -I/glade/u/apps/ch/opt/netcdf/4.8.1/intel/19.1.1//include  -real-size `expr 8 \* 4` -i4  module_sf_ssib.f90

real	0m1.609s
user	0m1.023s
sys	0m0.523s
rm -f module_sf_noah_seaice.o
sed -e "s/grid%mu/gridmu/g" -e "s/grid%Mu/gridMu/g" -e "s/^\!.*'.*//" -e "s/^ *\!.*'.*//" module_sf_noah_seaice.F > module_sf_noah_seaice.G
/lib/cpp -P -nostdinc -I/glade/work/rkumar/NASA_HMA/WRFchem_HMA/inc -DEM_CORE=1 -DNMM_CORE=0 -DNMM_MAX_DIM=2600 -DCOAMPS_CORE=0 -DDA_CORE=0 -DEXP_CORE=0 -DIWORDSIZE=4 -DDWORDSIZE=8 -DRWORDSIZE=4 -DLWORDSIZE=4 -DNONSTANDARD_SYSTEM_FUNC  -DWRF_USE_CLM  -DSNICAR_FRC    -DDM_PARALLEL -DNETCDF -DUSE_ALLOCATABLES -DGRIB1 -DINTIO -DKEEP_INT_AROUND -DLIMIT_ARGS -DCONFIG_BUF_LEN=65536 -DMAX_DOMAINS_F=21 -DMAX_HISTORY=25 -DNMM_NEST=0 -DWRF_CHEM -DBUILD_CHEM=1 -DWRF_KPP -I. -traditional-cpp   module_sf_noah_seaice.G  > module_sf_noah_seaice.H
sed -e "s/gridmu/grid%mu/g" -e "s/gridMu/grid%Mu/g" module_sf_noah_seaice.H > module_sf_noah_seaice.bb
/glade/work/rkumar/NASA_HMA/WRFchem_HMA/tools/standard.exe module_sf_noah_seaice.bb | /lib/cpp -P -nostdinc -traditional-cpp > module_sf_noah_seaice.f90
rm -f module_sf_noah_seaice.G module_sf_noah_seaice.H module_sf_noah_seaice.bb
time mpif90 -f90=ifort -o module_sf_noah_seaice.o -c -O3 -ip -fp-model precise -w -ftz -align all -fno-alias -FR -convert big_endian    -I../dyn_em -I../dyn_nmm   -I/glade/work/rkumar/NASA_HMA/WRFchem_HMA/external/esmf_time_f90  -I/glade/work/rkumar/NASA_HMA/WRFchem_HMA/main -I/glade/work/rkumar/NASA_HMA/WRFchem_HMA/external/io_netcdf -I/glade/work/rkumar/NASA_HMA/WRFchem_HMA/external/io_int -I/glade/work/rkumar/NASA_HMA/WRFchem_HMA/frame -I/glade/work/rkumar/NASA_HMA/WRFchem_HMA/share -I/glade/work/rkumar/NASA_HMA/WRFchem_HMA/phys -I/glade/work/rkumar/NASA_HMA/WRFchem_HMA/chem -I/glade/work/rkumar/NASA_HMA/WRFchem_HMA/inc -I/glade/u/apps/ch/opt/netcdf/4.8.1/intel/19.1.1//include  -real-size `expr 8 \* 4` -i4  module_sf_noah_seaice.f90

real	0m0.874s
user	0m0.318s
sys	0m0.488s
rm -f module_sf_noahmp_glacier.o
sed -e "s/grid%mu/gridmu/g" -e "s/grid%Mu/gridMu/g" -e "s/^\!.*'.*//" -e "s/^ *\!.*'.*//" module_sf_noahmp_glacier.F > module_sf_noahmp_glacier.G
/lib/cpp -P -nostdinc -I/glade/work/rkumar/NASA_HMA/WRFchem_HMA/inc -DEM_CORE=1 -DNMM_CORE=0 -DNMM_MAX_DIM=2600 -DCOAMPS_CORE=0 -DDA_CORE=0 -DEXP_CORE=0 -DIWORDSIZE=4 -DDWORDSIZE=8 -DRWORDSIZE=4 -DLWORDSIZE=4 -DNONSTANDARD_SYSTEM_FUNC  -DWRF_USE_CLM  -DSNICAR_FRC    -DDM_PARALLEL -DNETCDF -DUSE_ALLOCATABLES -DGRIB1 -DINTIO -DKEEP_INT_AROUND -DLIMIT_ARGS -DCONFIG_BUF_LEN=65536 -DMAX_DOMAINS_F=21 -DMAX_HISTORY=25 -DNMM_NEST=0 -DWRF_CHEM -DBUILD_CHEM=1 -DWRF_KPP -I. -traditional-cpp   module_sf_noahmp_glacier.G  > module_sf_noahmp_glacier.H
sed -e "s/gridmu/grid%mu/g" -e "s/gridMu/grid%Mu/g" module_sf_noahmp_glacier.H > module_sf_noahmp_glacier.bb
/glade/work/rkumar/NASA_HMA/WRFchem_HMA/tools/standard.exe module_sf_noahmp_glacier.bb | /lib/cpp -P -nostdinc -traditional-cpp > module_sf_noahmp_glacier.f90
rm -f module_sf_noahmp_glacier.G module_sf_noahmp_glacier.H module_sf_noahmp_glacier.bb
time mpif90 -f90=ifort -o module_sf_noahmp_glacier.o -c -O3 -ip -fp-model precise -w -ftz -align all -fno-alias -FR -convert big_endian    -I../dyn_em -I../dyn_nmm   -I/glade/work/rkumar/NASA_HMA/WRFchem_HMA/external/esmf_time_f90  -I/glade/work/rkumar/NASA_HMA/WRFchem_HMA/main -I/glade/work/rkumar/NASA_HMA/WRFchem_HMA/external/io_netcdf -I/glade/work/rkumar/NASA_HMA/WRFchem_HMA/external/io_int -I/glade/work/rkumar/NASA_HMA/WRFchem_HMA/frame -I/glade/work/rkumar/NASA_HMA/WRFchem_HMA/share -I/glade/work/rkumar/NASA_HMA/WRFchem_HMA/phys -I/glade/work/rkumar/NASA_HMA/WRFchem_HMA/chem -I/glade/work/rkumar/NASA_HMA/WRFchem_HMA/inc -I/glade/u/apps/ch/opt/netcdf/4.8.1/intel/19.1.1//include  -real-size `expr 8 \* 4` -i4  module_sf_noahmp_glacier.f90

real	0m3.445s
user	0m2.767s
sys	0m0.582s
rm -f module_sf_pxlsm_data.o
sed -e "s/grid%mu/gridmu/g" -e "s/grid%Mu/gridMu/g" -e "s/^\!.*'.*//" -e "s/^ *\!.*'.*//" module_sf_pxlsm_data.F > module_sf_pxlsm_data.G
/lib/cpp -P -nostdinc -I/glade/work/rkumar/NASA_HMA/WRFchem_HMA/inc -DEM_CORE=1 -DNMM_CORE=0 -DNMM_MAX_DIM=2600 -DCOAMPS_CORE=0 -DDA_CORE=0 -DEXP_CORE=0 -DIWORDSIZE=4 -DDWORDSIZE=8 -DRWORDSIZE=4 -DLWORDSIZE=4 -DNONSTANDARD_SYSTEM_FUNC  -DWRF_USE_CLM  -DSNICAR_FRC    -DDM_PARALLEL -DNETCDF -DUSE_ALLOCATABLES -DGRIB1 -DINTIO -DKEEP_INT_AROUND -DLIMIT_ARGS -DCONFIG_BUF_LEN=65536 -DMAX_DOMAINS_F=21 -DMAX_HISTORY=25 -DNMM_NEST=0 -DWRF_CHEM -DBUILD_CHEM=1 -DWRF_KPP -I. -traditional-cpp   module_sf_pxlsm_data.G  > module_sf_pxlsm_data.H
sed -e "s/gridmu/grid%mu/g" -e "s/gridMu/grid%Mu/g" module_sf_pxlsm_data.H > module_sf_pxlsm_data.bb
/glade/work/rkumar/NASA_HMA/WRFchem_HMA/tools/standard.exe module_sf_pxlsm_data.bb | /lib/cpp -P -nostdinc -traditional-cpp > module_sf_pxlsm_data.f90
rm -f module_sf_pxlsm_data.G module_sf_pxlsm_data.H module_sf_pxlsm_data.bb
time mpif90 -f90=ifort -o module_sf_pxlsm_data.o -c -O3 -ip -fp-model precise -w -ftz -align all -fno-alias -FR -convert big_endian    -I../dyn_em -I../dyn_nmm   -I/glade/work/rkumar/NASA_HMA/WRFchem_HMA/external/esmf_time_f90  -I/glade/work/rkumar/NASA_HMA/WRFchem_HMA/main -I/glade/work/rkumar/NASA_HMA/WRFchem_HMA/external/io_netcdf -I/glade/work/rkumar/NASA_HMA/WRFchem_HMA/external/io_int -I/glade/work/rkumar/NASA_HMA/WRFchem_HMA/frame -I/glade/work/rkumar/NASA_HMA/WRFchem_HMA/share -I/glade/work/rkumar/NASA_HMA/WRFchem_HMA/phys -I/glade/work/rkumar/NASA_HMA/WRFchem_HMA/chem -I/glade/work/rkumar/NASA_HMA/WRFchem_HMA/inc -I/glade/u/apps/ch/opt/netcdf/4.8.1/intel/19.1.1//include  -real-size `expr 8 \* 4` -i4  module_sf_pxlsm_data.f90

real	0m0.575s
user	0m0.049s
sys	0m0.477s
rm -f module_sf_ruclsm.o
/glade/work/rkumar/NASA_HMA/WRFchem_HMA/tools/standard.exe module_sf_ruclsm.F > module_sf_ruclsm.b 
/lib/cpp -P -nostdinc -I/glade/work/rkumar/NASA_HMA/WRFchem_HMA/inc -DEM_CORE=1 -DNMM_CORE=0 -DNMM_MAX_DIM=2600 -DCOAMPS_CORE=0 -DDA_CORE=0 -DEXP_CORE=0 -DIWORDSIZE=4 -DDWORDSIZE=8 -DRWORDSIZE=4 -DLWORDSIZE=4 -DNONSTANDARD_SYSTEM_FUNC  -DWRF_USE_CLM  -DSNICAR_FRC    -DDM_PARALLEL -DNETCDF -DUSE_ALLOCATABLES -DGRIB1 -DINTIO -DKEEP_INT_AROUND -DLIMIT_ARGS -DCONFIG_BUF_LEN=65536 -DMAX_DOMAINS_F=21 -DMAX_HISTORY=25 -DNMM_NEST=0 -DWRF_CHEM -DBUILD_CHEM=1 -DWRF_KPP -I. -traditional-cpp   module_sf_ruclsm.b  > module_sf_ruclsm.f90
rm -f module_sf_ruclsm.b
if fgrep -iq '!$OMP' module_sf_ruclsm.f90 ; then \
          echo COMPILING module_sf_ruclsm.F WITH OMP ; \
          if [ -n "" ] ; then echo COMPILING module_sf_ruclsm.F WITH OMP ; fi ; \
  time mpif90 -f90=ifort -c -real-size `expr 8 \* 4` -i4 -O3 -ip -fp-model precise -w -ftz -align all -fno-alias -FR -convert big_endian   -I../dyn_em -I../dyn_nmm   -I/glade/work/rkumar/NASA_HMA/WRFchem_HMA/external/esmf_time_f90  -I/glade/work/rkumar/NASA_HMA/WRFchem_HMA/main -I/glade/work/rkumar/NASA_HMA/WRFchem_HMA/external/io_netcdf -I/glade/work/rkumar/NASA_HMA/WRFchem_HMA/external/io_int -I/glade/work/rkumar/NASA_HMA/WRFchem_HMA/frame -I/glade/work/rkumar/NASA_HMA/WRFchem_HMA/share -I/glade/work/rkumar/NASA_HMA/WRFchem_HMA/phys -I/glade/work/rkumar/NASA_HMA/WRFchem_HMA/chem -I/glade/work/rkumar/NASA_HMA/WRFchem_HMA/inc -I/glade/u/apps/ch/opt/netcdf/4.8.1/intel/19.1.1//include    module_sf_ruclsm.f90 ; \
        else \
          if [ -n "" ] ; then echo COMPILING module_sf_ruclsm.F WITHOUT OMP ; fi ; \
  time mpif90 -f90=ifort -c -real-size `expr 8 \* 4` -i4 -O3 -ip -fp-model precise -w -ftz -align all -fno-alias -FR -convert big_endian   -I../dyn_em -I../dyn_nmm   -I/glade/work/rkumar/NASA_HMA/WRFchem_HMA/external/esmf_time_f90  -I/glade/work/rkumar/NASA_HMA/WRFchem_HMA/main -I/glade/work/rkumar/NASA_HMA/WRFchem_HMA/external/io_netcdf -I/glade/work/rkumar/NASA_HMA/WRFchem_HMA/external/io_int -I/glade/work/rkumar/NASA_HMA/WRFchem_HMA/frame -I/glade/work/rkumar/NASA_HMA/WRFchem_HMA/share -I/glade/work/rkumar/NASA_HMA/WRFchem_HMA/phys -I/glade/work/rkumar/NASA_HMA/WRFchem_HMA/chem -I/glade/work/rkumar/NASA_HMA/WRFchem_HMA/inc -I/glade/u/apps/ch/opt/netcdf/4.8.1/intel/19.1.1//include   module_sf_ruclsm.f90 ; \
        fi

real	0m2.653s
user	0m2.100s
sys	0m0.492s
rm -f module_sf_sfcdiags.o
sed -e "s/grid%mu/gridmu/g" -e "s/grid%Mu/gridMu/g" -e "s/^\!.*'.*//" -e "s/^ *\!.*'.*//" module_sf_sfcdiags.F > module_sf_sfcdiags.G
/lib/cpp -P -nostdinc -I/glade/work/rkumar/NASA_HMA/WRFchem_HMA/inc -DEM_CORE=1 -DNMM_CORE=0 -DNMM_MAX_DIM=2600 -DCOAMPS_CORE=0 -DDA_CORE=0 -DEXP_CORE=0 -DIWORDSIZE=4 -DDWORDSIZE=8 -DRWORDSIZE=4 -DLWORDSIZE=4 -DNONSTANDARD_SYSTEM_FUNC  -DWRF_USE_CLM  -DSNICAR_FRC    -DDM_PARALLEL -DNETCDF -DUSE_ALLOCATABLES -DGRIB1 -DINTIO -DKEEP_INT_AROUND -DLIMIT_ARGS -DCONFIG_BUF_LEN=65536 -DMAX_DOMAINS_F=21 -DMAX_HISTORY=25 -DNMM_NEST=0 -DWRF_CHEM -DBUILD_CHEM=1 -DWRF_KPP -I. -traditional-cpp   module_sf_sfcdiags.G  > module_sf_sfcdiags.H
sed -e "s/gridmu/grid%mu/g" -e "s/gridMu/grid%Mu/g" module_sf_sfcdiags.H > module_sf_sfcdiags.bb
/glade/work/rkumar/NASA_HMA/WRFchem_HMA/tools/standard.exe module_sf_sfcdiags.bb | /lib/cpp -P -nostdinc -traditional-cpp > module_sf_sfcdiags.f90
rm -f module_sf_sfcdiags.G module_sf_sfcdiags.H module_sf_sfcdiags.bb
time mpif90 -f90=ifort -o module_sf_sfcdiags.o -c -O3 -ip -fp-model precise -w -ftz -align all -fno-alias -FR -convert big_endian    -I../dyn_em -I../dyn_nmm   -I/glade/work/rkumar/NASA_HMA/WRFchem_HMA/external/esmf_time_f90  -I/glade/work/rkumar/NASA_HMA/WRFchem_HMA/main -I/glade/work/rkumar/NASA_HMA/WRFchem_HMA/external/io_netcdf -I/glade/work/rkumar/NASA_HMA/WRFchem_HMA/external/io_int -I/glade/work/rkumar/NASA_HMA/WRFchem_HMA/frame -I/glade/work/rkumar/NASA_HMA/WRFchem_HMA/share -I/glade/work/rkumar/NASA_HMA/WRFchem_HMA/phys -I/glade/work/rkumar/NASA_HMA/WRFchem_HMA/chem -I/glade/work/rkumar/NASA_HMA/WRFchem_HMA/inc -I/glade/u/apps/ch/opt/netcdf/4.8.1/intel/19.1.1//include  -real-size `expr 8 \* 4` -i4  module_sf_sfcdiags.f90

real	0m0.626s
user	0m0.093s
sys	0m0.472s
rm -f module_sf_sfcdiags_ruclsm.o
sed -e "s/grid%mu/gridmu/g" -e "s/grid%Mu/gridMu/g" -e "s/^\!.*'.*//" -e "s/^ *\!.*'.*//" module_sf_sfcdiags_ruclsm.F > module_sf_sfcdiags_ruclsm.G
/lib/cpp -P -nostdinc -I/glade/work/rkumar/NASA_HMA/WRFchem_HMA/inc -DEM_CORE=1 -DNMM_CORE=0 -DNMM_MAX_DIM=2600 -DCOAMPS_CORE=0 -DDA_CORE=0 -DEXP_CORE=0 -DIWORDSIZE=4 -DDWORDSIZE=8 -DRWORDSIZE=4 -DLWORDSIZE=4 -DNONSTANDARD_SYSTEM_FUNC  -DWRF_USE_CLM  -DSNICAR_FRC    -DDM_PARALLEL -DNETCDF -DUSE_ALLOCATABLES -DGRIB1 -DINTIO -DKEEP_INT_AROUND -DLIMIT_ARGS -DCONFIG_BUF_LEN=65536 -DMAX_DOMAINS_F=21 -DMAX_HISTORY=25 -DNMM_NEST=0 -DWRF_CHEM -DBUILD_CHEM=1 -DWRF_KPP -I. -traditional-cpp   module_sf_sfcdiags_ruclsm.G  > module_sf_sfcdiags_ruclsm.H
sed -e "s/gridmu/grid%mu/g" -e "s/gridMu/grid%Mu/g" module_sf_sfcdiags_ruclsm.H > module_sf_sfcdiags_ruclsm.bb
/glade/work/rkumar/NASA_HMA/WRFchem_HMA/tools/standard.exe module_sf_sfcdiags_ruclsm.bb | /lib/cpp -P -nostdinc -traditional-cpp > module_sf_sfcdiags_ruclsm.f90
rm -f module_sf_sfcdiags_ruclsm.G module_sf_sfcdiags_ruclsm.H module_sf_sfcdiags_ruclsm.bb
time mpif90 -f90=ifort -o module_sf_sfcdiags_ruclsm.o -c -O3 -ip -fp-model precise -w -ftz -align all -fno-alias -FR -convert big_endian    -I../dyn_em -I../dyn_nmm   -I/glade/work/rkumar/NASA_HMA/WRFchem_HMA/external/esmf_time_f90  -I/glade/work/rkumar/NASA_HMA/WRFchem_HMA/main -I/glade/work/rkumar/NASA_HMA/WRFchem_HMA/external/io_netcdf -I/glade/work/rkumar/NASA_HMA/WRFchem_HMA/external/io_int -I/glade/work/rkumar/NASA_HMA/WRFchem_HMA/frame -I/glade/work/rkumar/NASA_HMA/WRFchem_HMA/share -I/glade/work/rkumar/NASA_HMA/WRFchem_HMA/phys -I/glade/work/rkumar/NASA_HMA/WRFchem_HMA/chem -I/glade/work/rkumar/NASA_HMA/WRFchem_HMA/inc -I/glade/u/apps/ch/opt/netcdf/4.8.1/intel/19.1.1//include  -real-size `expr 8 \* 4` -i4  module_sf_sfcdiags_ruclsm.f90

real	0m0.646s
user	0m0.110s
sys	0m0.487s
rm -f module_sf_sstskin.o
sed -e "s/grid%mu/gridmu/g" -e "s/grid%Mu/gridMu/g" -e "s/^\!.*'.*//" -e "s/^ *\!.*'.*//" module_sf_sstskin.F > module_sf_sstskin.G
/lib/cpp -P -nostdinc -I/glade/work/rkumar/NASA_HMA/WRFchem_HMA/inc -DEM_CORE=1 -DNMM_CORE=0 -DNMM_MAX_DIM=2600 -DCOAMPS_CORE=0 -DDA_CORE=0 -DEXP_CORE=0 -DIWORDSIZE=4 -DDWORDSIZE=8 -DRWORDSIZE=4 -DLWORDSIZE=4 -DNONSTANDARD_SYSTEM_FUNC  -DWRF_USE_CLM  -DSNICAR_FRC    -DDM_PARALLEL -DNETCDF -DUSE_ALLOCATABLES -DGRIB1 -DINTIO -DKEEP_INT_AROUND -DLIMIT_ARGS -DCONFIG_BUF_LEN=65536 -DMAX_DOMAINS_F=21 -DMAX_HISTORY=25 -DNMM_NEST=0 -DWRF_CHEM -DBUILD_CHEM=1 -DWRF_KPP -I. -traditional-cpp   module_sf_sstskin.G  > module_sf_sstskin.H
sed -e "s/gridmu/grid%mu/g" -e "s/gridMu/grid%Mu/g" module_sf_sstskin.H > module_sf_sstskin.bb
/glade/work/rkumar/NASA_HMA/WRFchem_HMA/tools/standard.exe module_sf_sstskin.bb | /lib/cpp -P -nostdinc -traditional-cpp > module_sf_sstskin.f90
rm -f module_sf_sstskin.G module_sf_sstskin.H module_sf_sstskin.bb
time mpif90 -f90=ifort -o module_sf_sstskin.o -c -O3 -ip -fp-model precise -w -ftz -align all -fno-alias -FR -convert big_endian    -I../dyn_em -I../dyn_nmm   -I/glade/work/rkumar/NASA_HMA/WRFchem_HMA/external/esmf_time_f90  -I/glade/work/rkumar/NASA_HMA/WRFchem_HMA/main -I/glade/work/rkumar/NASA_HMA/WRFchem_HMA/external/io_netcdf -I/glade/work/rkumar/NASA_HMA/WRFchem_HMA/external/io_int -I/glade/work/rkumar/NASA_HMA/WRFchem_HMA/frame -I/glade/work/rkumar/NASA_HMA/WRFchem_HMA/share -I/glade/work/rkumar/NASA_HMA/WRFchem_HMA/phys -I/glade/work/rkumar/NASA_HMA/WRFchem_HMA/chem -I/glade/work/rkumar/NASA_HMA/WRFchem_HMA/inc -I/glade/u/apps/ch/opt/netcdf/4.8.1/intel/19.1.1//include  -real-size `expr 8 \* 4` -i4  module_sf_sstskin.f90

real	0m0.617s
user	0m0.063s
sys	0m0.486s
rm -f module_sf_tmnupdate.o
sed -e "s/grid%mu/gridmu/g" -e "s/grid%Mu/gridMu/g" -e "s/^\!.*'.*//" -e "s/^ *\!.*'.*//" module_sf_tmnupdate.F > module_sf_tmnupdate.G
/lib/cpp -P -nostdinc -I/glade/work/rkumar/NASA_HMA/WRFchem_HMA/inc -DEM_CORE=1 -DNMM_CORE=0 -DNMM_MAX_DIM=2600 -DCOAMPS_CORE=0 -DDA_CORE=0 -DEXP_CORE=0 -DIWORDSIZE=4 -DDWORDSIZE=8 -DRWORDSIZE=4 -DLWORDSIZE=4 -DNONSTANDARD_SYSTEM_FUNC  -DWRF_USE_CLM  -DSNICAR_FRC    -DDM_PARALLEL -DNETCDF -DUSE_ALLOCATABLES -DGRIB1 -DINTIO -DKEEP_INT_AROUND -DLIMIT_ARGS -DCONFIG_BUF_LEN=65536 -DMAX_DOMAINS_F=21 -DMAX_HISTORY=25 -DNMM_NEST=0 -DWRF_CHEM -DBUILD_CHEM=1 -DWRF_KPP -I. -traditional-cpp   module_sf_tmnupdate.G  > module_sf_tmnupdate.H
sed -e "s/gridmu/grid%mu/g" -e "s/gridMu/grid%Mu/g" module_sf_tmnupdate.H > module_sf_tmnupdate.bb
/glade/work/rkumar/NASA_HMA/WRFchem_HMA/tools/standard.exe module_sf_tmnupdate.bb | /lib/cpp -P -nostdinc -traditional-cpp > module_sf_tmnupdate.f90
rm -f module_sf_tmnupdate.G module_sf_tmnupdate.H module_sf_tmnupdate.bb
time mpif90 -f90=ifort -o module_sf_tmnupdate.o -c -O3 -ip -fp-model precise -w -ftz -align all -fno-alias -FR -convert big_endian    -I../dyn_em -I../dyn_nmm   -I/glade/work/rkumar/NASA_HMA/WRFchem_HMA/external/esmf_time_f90  -I/glade/work/rkumar/NASA_HMA/WRFchem_HMA/main -I/glade/work/rkumar/NASA_HMA/WRFchem_HMA/external/io_netcdf -I/glade/work/rkumar/NASA_HMA/WRFchem_HMA/external/io_int -I/glade/work/rkumar/NASA_HMA/WRFchem_HMA/frame -I/glade/work/rkumar/NASA_HMA/WRFchem_HMA/share -I/glade/work/rkumar/NASA_HMA/WRFchem_HMA/phys -I/glade/work/rkumar/NASA_HMA/WRFchem_HMA/chem -I/glade/work/rkumar/NASA_HMA/WRFchem_HMA/inc -I/glade/u/apps/ch/opt/netcdf/4.8.1/intel/19.1.1//include  -real-size `expr 8 \* 4` -i4  module_sf_tmnupdate.f90

real	0m0.679s
user	0m0.173s
sys	0m0.448s
rm -f module_sf_oml.o
sed -e "s/grid%mu/gridmu/g" -e "s/grid%Mu/gridMu/g" -e "s/^\!.*'.*//" -e "s/^ *\!.*'.*//" module_sf_oml.F > module_sf_oml.G
/lib/cpp -P -nostdinc -I/glade/work/rkumar/NASA_HMA/WRFchem_HMA/inc -DEM_CORE=1 -DNMM_CORE=0 -DNMM_MAX_DIM=2600 -DCOAMPS_CORE=0 -DDA_CORE=0 -DEXP_CORE=0 -DIWORDSIZE=4 -DDWORDSIZE=8 -DRWORDSIZE=4 -DLWORDSIZE=4 -DNONSTANDARD_SYSTEM_FUNC  -DWRF_USE_CLM  -DSNICAR_FRC    -DDM_PARALLEL -DNETCDF -DUSE_ALLOCATABLES -DGRIB1 -DINTIO -DKEEP_INT_AROUND -DLIMIT_ARGS -DCONFIG_BUF_LEN=65536 -DMAX_DOMAINS_F=21 -DMAX_HISTORY=25 -DNMM_NEST=0 -DWRF_CHEM -DBUILD_CHEM=1 -DWRF_KPP -I. -traditional-cpp   module_sf_oml.G  > module_sf_oml.H
sed -e "s/gridmu/grid%mu/g" -e "s/gridMu/grid%Mu/g" module_sf_oml.H > module_sf_oml.bb
/glade/work/rkumar/NASA_HMA/WRFchem_HMA/tools/standard.exe module_sf_oml.bb | /lib/cpp -P -nostdinc -traditional-cpp > module_sf_oml.f90
rm -f module_sf_oml.G module_sf_oml.H module_sf_oml.bb
time mpif90 -f90=ifort -o module_sf_oml.o -c -O3 -ip -fp-model precise -w -ftz -align all -fno-alias -FR -convert big_endian    -I../dyn_em -I../dyn_nmm   -I/glade/work/rkumar/NASA_HMA/WRFchem_HMA/external/esmf_time_f90  -I/glade/work/rkumar/NASA_HMA/WRFchem_HMA/main -I/glade/work/rkumar/NASA_HMA/WRFchem_HMA/external/io_netcdf -I/glade/work/rkumar/NASA_HMA/WRFchem_HMA/external/io_int -I/glade/work/rkumar/NASA_HMA/WRFchem_HMA/frame -I/glade/work/rkumar/NASA_HMA/WRFchem_HMA/share -I/glade/work/rkumar/NASA_HMA/WRFchem_HMA/phys -I/glade/work/rkumar/NASA_HMA/WRFchem_HMA/chem -I/glade/work/rkumar/NASA_HMA/WRFchem_HMA/inc -I/glade/u/apps/ch/opt/netcdf/4.8.1/intel/19.1.1//include  -real-size `expr 8 \* 4` -i4  module_sf_oml.f90

real	0m0.699s
user	0m0.172s
sys	0m0.469s
rm -f module_sf_3dpwp.o
sed -e "s/grid%mu/gridmu/g" -e "s/grid%Mu/gridMu/g" -e "s/^\!.*'.*//" -e "s/^ *\!.*'.*//" module_sf_3dpwp.F > module_sf_3dpwp.G
/lib/cpp -P -nostdinc -I/glade/work/rkumar/NASA_HMA/WRFchem_HMA/inc -DEM_CORE=1 -DNMM_CORE=0 -DNMM_MAX_DIM=2600 -DCOAMPS_CORE=0 -DDA_CORE=0 -DEXP_CORE=0 -DIWORDSIZE=4 -DDWORDSIZE=8 -DRWORDSIZE=4 -DLWORDSIZE=4 -DNONSTANDARD_SYSTEM_FUNC  -DWRF_USE_CLM  -DSNICAR_FRC    -DDM_PARALLEL -DNETCDF -DUSE_ALLOCATABLES -DGRIB1 -DINTIO -DKEEP_INT_AROUND -DLIMIT_ARGS -DCONFIG_BUF_LEN=65536 -DMAX_DOMAINS_F=21 -DMAX_HISTORY=25 -DNMM_NEST=0 -DWRF_CHEM -DBUILD_CHEM=1 -DWRF_KPP -I. -traditional-cpp   module_sf_3dpwp.G  > module_sf_3dpwp.H
sed -e "s/gridmu/grid%mu/g" -e "s/gridMu/grid%Mu/g" module_sf_3dpwp.H > module_sf_3dpwp.bb
/glade/work/rkumar/NASA_HMA/WRFchem_HMA/tools/standard.exe module_sf_3dpwp.bb | /lib/cpp -P -nostdinc -traditional-cpp > module_sf_3dpwp.f90
rm -f module_sf_3dpwp.G module_sf_3dpwp.H module_sf_3dpwp.bb
time mpif90 -f90=ifort -o module_sf_3dpwp.o -c -O3 -ip -fp-model precise -w -ftz -align all -fno-alias -FR -convert big_endian    -I../dyn_em -I../dyn_nmm   -I/glade/work/rkumar/NASA_HMA/WRFchem_HMA/external/esmf_time_f90  -I/glade/work/rkumar/NASA_HMA/WRFchem_HMA/main -I/glade/work/rkumar/NASA_HMA/WRFchem_HMA/external/io_netcdf -I/glade/work/rkumar/NASA_HMA/WRFchem_HMA/external/io_int -I/glade/work/rkumar/NASA_HMA/WRFchem_HMA/frame -I/glade/work/rkumar/NASA_HMA/WRFchem_HMA/share -I/glade/work/rkumar/NASA_HMA/WRFchem_HMA/phys -I/glade/work/rkumar/NASA_HMA/WRFchem_HMA/chem -I/glade/work/rkumar/NASA_HMA/WRFchem_HMA/inc -I/glade/u/apps/ch/opt/netcdf/4.8.1/intel/19.1.1//include  -real-size `expr 8 \* 4` -i4  module_sf_3dpwp.f90

real	0m7.155s
user	0m6.517s
sys	0m0.575s
rm -f module_sf_qnsesfc.o
sed -e "s/grid%mu/gridmu/g" -e "s/grid%Mu/gridMu/g" -e "s/^\!.*'.*//" -e "s/^ *\!.*'.*//" module_sf_qnsesfc.F > module_sf_qnsesfc.G
/lib/cpp -P -nostdinc -I/glade/work/rkumar/NASA_HMA/WRFchem_HMA/inc -DEM_CORE=1 -DNMM_CORE=0 -DNMM_MAX_DIM=2600 -DCOAMPS_CORE=0 -DDA_CORE=0 -DEXP_CORE=0 -DIWORDSIZE=4 -DDWORDSIZE=8 -DRWORDSIZE=4 -DLWORDSIZE=4 -DNONSTANDARD_SYSTEM_FUNC  -DWRF_USE_CLM  -DSNICAR_FRC    -DDM_PARALLEL -DNETCDF -DUSE_ALLOCATABLES -DGRIB1 -DINTIO -DKEEP_INT_AROUND -DLIMIT_ARGS -DCONFIG_BUF_LEN=65536 -DMAX_DOMAINS_F=21 -DMAX_HISTORY=25 -DNMM_NEST=0 -DWRF_CHEM -DBUILD_CHEM=1 -DWRF_KPP -I. -traditional-cpp   module_sf_qnsesfc.G  > module_sf_qnsesfc.H
sed -e "s/gridmu/grid%mu/g" -e "s/gridMu/grid%Mu/g" module_sf_qnsesfc.H > module_sf_qnsesfc.bb
/glade/work/rkumar/NASA_HMA/WRFchem_HMA/tools/standard.exe module_sf_qnsesfc.bb | /lib/cpp -P -nostdinc -traditional-cpp > module_sf_qnsesfc.f90
rm -f module_sf_qnsesfc.G module_sf_qnsesfc.H module_sf_qnsesfc.bb
time mpif90 -f90=ifort -o module_sf_qnsesfc.o -c -O3 -ip -fp-model precise -w -ftz -align all -fno-alias -FR -convert big_endian    -I../dyn_em -I../dyn_nmm   -I/glade/work/rkumar/NASA_HMA/WRFchem_HMA/external/esmf_time_f90  -I/glade/work/rkumar/NASA_HMA/WRFchem_HMA/main -I/glade/work/rkumar/NASA_HMA/WRFchem_HMA/external/io_netcdf -I/glade/work/rkumar/NASA_HMA/WRFchem_HMA/external/io_int -I/glade/work/rkumar/NASA_HMA/WRFchem_HMA/frame -I/glade/work/rkumar/NASA_HMA/WRFchem_HMA/share -I/glade/work/rkumar/NASA_HMA/WRFchem_HMA/phys -I/glade/work/rkumar/NASA_HMA/WRFchem_HMA/chem -I/glade/work/rkumar/NASA_HMA/WRFchem_HMA/inc -I/glade/u/apps/ch/opt/netcdf/4.8.1/intel/19.1.1//include  -real-size `expr 8 \* 4` -i4  module_sf_qnsesfc.f90

real	0m1.247s
user	0m0.740s
sys	0m0.446s
rm -f module_sf_mynn.o
sed -e "s/grid%mu/gridmu/g" -e "s/grid%Mu/gridMu/g" -e "s/^\!.*'.*//" -e "s/^ *\!.*'.*//" module_sf_mynn.F > module_sf_mynn.G
/lib/cpp -P -nostdinc -I/glade/work/rkumar/NASA_HMA/WRFchem_HMA/inc -DEM_CORE=1 -DNMM_CORE=0 -DNMM_MAX_DIM=2600 -DCOAMPS_CORE=0 -DDA_CORE=0 -DEXP_CORE=0 -DIWORDSIZE=4 -DDWORDSIZE=8 -DRWORDSIZE=4 -DLWORDSIZE=4 -DNONSTANDARD_SYSTEM_FUNC  -DWRF_USE_CLM  -DSNICAR_FRC    -DDM_PARALLEL -DNETCDF -DUSE_ALLOCATABLES -DGRIB1 -DINTIO -DKEEP_INT_AROUND -DLIMIT_ARGS -DCONFIG_BUF_LEN=65536 -DMAX_DOMAINS_F=21 -DMAX_HISTORY=25 -DNMM_NEST=0 -DWRF_CHEM -DBUILD_CHEM=1 -DWRF_KPP -I. -traditional-cpp   module_sf_mynn.G  > module_sf_mynn.H
sed -e "s/gridmu/grid%mu/g" -e "s/gridMu/grid%Mu/g" module_sf_mynn.H > module_sf_mynn.bb
/glade/work/rkumar/NASA_HMA/WRFchem_HMA/tools/standard.exe module_sf_mynn.bb | /lib/cpp -P -nostdinc -traditional-cpp > module_sf_mynn.f90
rm -f module_sf_mynn.G module_sf_mynn.H module_sf_mynn.bb
time mpif90 -f90=ifort -o module_sf_mynn.o -c -O3 -ip -fp-model precise -w -ftz -align all -fno-alias -FR -convert big_endian    -I../dyn_em -I../dyn_nmm   -I/glade/work/rkumar/NASA_HMA/WRFchem_HMA/external/esmf_time_f90  -I/glade/work/rkumar/NASA_HMA/WRFchem_HMA/main -I/glade/work/rkumar/NASA_HMA/WRFchem_HMA/external/io_netcdf -I/glade/work/rkumar/NASA_HMA/WRFchem_HMA/external/io_int -I/glade/work/rkumar/NASA_HMA/WRFchem_HMA/frame -I/glade/work/rkumar/NASA_HMA/WRFchem_HMA/share -I/glade/work/rkumar/NASA_HMA/WRFchem_HMA/phys -I/glade/work/rkumar/NASA_HMA/WRFchem_HMA/chem -I/glade/work/rkumar/NASA_HMA/WRFchem_HMA/inc -I/glade/u/apps/ch/opt/netcdf/4.8.1/intel/19.1.1//include  -real-size `expr 8 \* 4` -i4  module_sf_mynn.f90

real	0m4.406s
user	0m3.783s
sys	0m0.556s
rm -f module_sf_fogdes.o
sed -e "s/grid%mu/gridmu/g" -e "s/grid%Mu/gridMu/g" -e "s/^\!.*'.*//" -e "s/^ *\!.*'.*//" module_sf_fogdes.F > module_sf_fogdes.G
/lib/cpp -P -nostdinc -I/glade/work/rkumar/NASA_HMA/WRFchem_HMA/inc -DEM_CORE=1 -DNMM_CORE=0 -DNMM_MAX_DIM=2600 -DCOAMPS_CORE=0 -DDA_CORE=0 -DEXP_CORE=0 -DIWORDSIZE=4 -DDWORDSIZE=8 -DRWORDSIZE=4 -DLWORDSIZE=4 -DNONSTANDARD_SYSTEM_FUNC  -DWRF_USE_CLM  -DSNICAR_FRC    -DDM_PARALLEL -DNETCDF -DUSE_ALLOCATABLES -DGRIB1 -DINTIO -DKEEP_INT_AROUND -DLIMIT_ARGS -DCONFIG_BUF_LEN=65536 -DMAX_DOMAINS_F=21 -DMAX_HISTORY=25 -DNMM_NEST=0 -DWRF_CHEM -DBUILD_CHEM=1 -DWRF_KPP -I. -traditional-cpp   module_sf_fogdes.G  > module_sf_fogdes.H
sed -e "s/gridmu/grid%mu/g" -e "s/gridMu/grid%Mu/g" module_sf_fogdes.H > module_sf_fogdes.bb
/glade/work/rkumar/NASA_HMA/WRFchem_HMA/tools/standard.exe module_sf_fogdes.bb | /lib/cpp -P -nostdinc -traditional-cpp > module_sf_fogdes.f90
rm -f module_sf_fogdes.G module_sf_fogdes.H module_sf_fogdes.bb
time mpif90 -f90=ifort -o module_sf_fogdes.o -c -O3 -ip -fp-model precise -w -ftz -align all -fno-alias -FR -convert big_endian    -I../dyn_em -I../dyn_nmm   -I/glade/work/rkumar/NASA_HMA/WRFchem_HMA/external/esmf_time_f90  -I/glade/work/rkumar/NASA_HMA/WRFchem_HMA/main -I/glade/work/rkumar/NASA_HMA/WRFchem_HMA/external/io_netcdf -I/glade/work/rkumar/NASA_HMA/WRFchem_HMA/external/io_int -I/glade/work/rkumar/NASA_HMA/WRFchem_HMA/frame -I/glade/work/rkumar/NASA_HMA/WRFchem_HMA/share -I/glade/work/rkumar/NASA_HMA/WRFchem_HMA/phys -I/glade/work/rkumar/NASA_HMA/WRFchem_HMA/chem -I/glade/work/rkumar/NASA_HMA/WRFchem_HMA/inc -I/glade/u/apps/ch/opt/netcdf/4.8.1/intel/19.1.1//include  -real-size `expr 8 \* 4` -i4  module_sf_fogdes.f90

real	0m0.774s
user	0m0.267s
sys	0m0.448s
rm -f module_sf_pxsfclay.o
sed -e "s/grid%mu/gridmu/g" -e "s/grid%Mu/gridMu/g" -e "s/^\!.*'.*//" -e "s/^ *\!.*'.*//" module_sf_pxsfclay.F > module_sf_pxsfclay.G
/lib/cpp -P -nostdinc -I/glade/work/rkumar/NASA_HMA/WRFchem_HMA/inc -DEM_CORE=1 -DNMM_CORE=0 -DNMM_MAX_DIM=2600 -DCOAMPS_CORE=0 -DDA_CORE=0 -DEXP_CORE=0 -DIWORDSIZE=4 -DDWORDSIZE=8 -DRWORDSIZE=4 -DLWORDSIZE=4 -DNONSTANDARD_SYSTEM_FUNC  -DWRF_USE_CLM  -DSNICAR_FRC    -DDM_PARALLEL -DNETCDF -DUSE_ALLOCATABLES -DGRIB1 -DINTIO -DKEEP_INT_AROUND -DLIMIT_ARGS -DCONFIG_BUF_LEN=65536 -DMAX_DOMAINS_F=21 -DMAX_HISTORY=25 -DNMM_NEST=0 -DWRF_CHEM -DBUILD_CHEM=1 -DWRF_KPP -I. -traditional-cpp   module_sf_pxsfclay.G  > module_sf_pxsfclay.H
sed -e "s/gridmu/grid%mu/g" -e "s/gridMu/grid%Mu/g" module_sf_pxsfclay.H > module_sf_pxsfclay.bb
/glade/work/rkumar/NASA_HMA/WRFchem_HMA/tools/standard.exe module_sf_pxsfclay.bb | /lib/cpp -P -nostdinc -traditional-cpp > module_sf_pxsfclay.f90
rm -f module_sf_pxsfclay.G module_sf_pxsfclay.H module_sf_pxsfclay.bb
time mpif90 -f90=ifort -o module_sf_pxsfclay.o -c -O3 -ip -fp-model precise -w -ftz -align all -fno-alias -FR -convert big_endian    -I../dyn_em -I../dyn_nmm   -I/glade/work/rkumar/NASA_HMA/WRFchem_HMA/external/esmf_time_f90  -I/glade/work/rkumar/NASA_HMA/WRFchem_HMA/main -I/glade/work/rkumar/NASA_HMA/WRFchem_HMA/external/io_netcdf -I/glade/work/rkumar/NASA_HMA/WRFchem_HMA/external/io_int -I/glade/work/rkumar/NASA_HMA/WRFchem_HMA/frame -I/glade/work/rkumar/NASA_HMA/WRFchem_HMA/share -I/glade/work/rkumar/NASA_HMA/WRFchem_HMA/phys -I/glade/work/rkumar/NASA_HMA/WRFchem_HMA/chem -I/glade/work/rkumar/NASA_HMA/WRFchem_HMA/inc -I/glade/u/apps/ch/opt/netcdf/4.8.1/intel/19.1.1//include  -real-size `expr 8 \* 4` -i4  module_sf_pxsfclay.f90

real	0m1.638s
user	0m1.096s
sys	0m0.483s
rm -f module_sf_temfsfclay.o
sed -e "s/grid%mu/gridmu/g" -e "s/grid%Mu/gridMu/g" -e "s/^\!.*'.*//" -e "s/^ *\!.*'.*//" module_sf_temfsfclay.F > module_sf_temfsfclay.G
/lib/cpp -P -nostdinc -I/glade/work/rkumar/NASA_HMA/WRFchem_HMA/inc -DEM_CORE=1 -DNMM_CORE=0 -DNMM_MAX_DIM=2600 -DCOAMPS_CORE=0 -DDA_CORE=0 -DEXP_CORE=0 -DIWORDSIZE=4 -DDWORDSIZE=8 -DRWORDSIZE=4 -DLWORDSIZE=4 -DNONSTANDARD_SYSTEM_FUNC  -DWRF_USE_CLM  -DSNICAR_FRC    -DDM_PARALLEL -DNETCDF -DUSE_ALLOCATABLES -DGRIB1 -DINTIO -DKEEP_INT_AROUND -DLIMIT_ARGS -DCONFIG_BUF_LEN=65536 -DMAX_DOMAINS_F=21 -DMAX_HISTORY=25 -DNMM_NEST=0 -DWRF_CHEM -DBUILD_CHEM=1 -DWRF_KPP -I. -traditional-cpp   module_sf_temfsfclay.G  > module_sf_temfsfclay.H
sed -e "s/gridmu/grid%mu/g" -e "s/gridMu/grid%Mu/g" module_sf_temfsfclay.H > module_sf_temfsfclay.bb
/glade/work/rkumar/NASA_HMA/WRFchem_HMA/tools/standard.exe module_sf_temfsfclay.bb | /lib/cpp -P -nostdinc -traditional-cpp > module_sf_temfsfclay.f90
rm -f module_sf_temfsfclay.G module_sf_temfsfclay.H module_sf_temfsfclay.bb
time mpif90 -f90=ifort -o module_sf_temfsfclay.o -c -O3 -ip -fp-model precise -w -ftz -align all -fno-alias -FR -convert big_endian    -I../dyn_em -I../dyn_nmm   -I/glade/work/rkumar/NASA_HMA/WRFchem_HMA/external/esmf_time_f90  -I/glade/work/rkumar/NASA_HMA/WRFchem_HMA/main -I/glade/work/rkumar/NASA_HMA/WRFchem_HMA/external/io_netcdf -I/glade/work/rkumar/NASA_HMA/WRFchem_HMA/external/io_int -I/glade/work/rkumar/NASA_HMA/WRFchem_HMA/frame -I/glade/work/rkumar/NASA_HMA/WRFchem_HMA/share -I/glade/work/rkumar/NASA_HMA/WRFchem_HMA/phys -I/glade/work/rkumar/NASA_HMA/WRFchem_HMA/chem -I/glade/work/rkumar/NASA_HMA/WRFchem_HMA/inc -I/glade/u/apps/ch/opt/netcdf/4.8.1/intel/19.1.1//include  -real-size `expr 8 \* 4` -i4  module_sf_temfsfclay.f90

real	0m1.027s
user	0m0.485s
sys	0m0.485s
rm -f module_sf_idealscmsfclay.o
sed -e "s/grid%mu/gridmu/g" -e "s/grid%Mu/gridMu/g" -e "s/^\!.*'.*//" -e "s/^ *\!.*'.*//" module_sf_idealscmsfclay.F > module_sf_idealscmsfclay.G
/lib/cpp -P -nostdinc -I/glade/work/rkumar/NASA_HMA/WRFchem_HMA/inc -DEM_CORE=1 -DNMM_CORE=0 -DNMM_MAX_DIM=2600 -DCOAMPS_CORE=0 -DDA_CORE=0 -DEXP_CORE=0 -DIWORDSIZE=4 -DDWORDSIZE=8 -DRWORDSIZE=4 -DLWORDSIZE=4 -DNONSTANDARD_SYSTEM_FUNC  -DWRF_USE_CLM  -DSNICAR_FRC    -DDM_PARALLEL -DNETCDF -DUSE_ALLOCATABLES -DGRIB1 -DINTIO -DKEEP_INT_AROUND -DLIMIT_ARGS -DCONFIG_BUF_LEN=65536 -DMAX_DOMAINS_F=21 -DMAX_HISTORY=25 -DNMM_NEST=0 -DWRF_CHEM -DBUILD_CHEM=1 -DWRF_KPP -I. -traditional-cpp   module_sf_idealscmsfclay.G  > module_sf_idealscmsfclay.H
sed -e "s/gridmu/grid%mu/g" -e "s/gridMu/grid%Mu/g" module_sf_idealscmsfclay.H > module_sf_idealscmsfclay.bb
/glade/work/rkumar/NASA_HMA/WRFchem_HMA/tools/standard.exe module_sf_idealscmsfclay.bb | /lib/cpp -P -nostdinc -traditional-cpp > module_sf_idealscmsfclay.f90

real	0m0.845s
user	0m0.324s
sys	0m0.470s
rm -f module_sf_scmflux.o
rm -f module_sf_idealscmsfclay.G module_sf_idealscmsfclay.H module_sf_idealscmsfclay.bb
sed -e "s/grid%mu/gridmu/g" -e "s/grid%Mu/gridMu/g" -e "s/^\!.*'.*//" -e "s/^ *\!.*'.*//" module_sf_scmflux.F > module_sf_scmflux.G
time mpif90 -f90=ifort -o module_sf_idealscmsfclay.o -c -O3 -ip -fp-model precise -w -ftz -align all -fno-alias -FR -convert big_endian    -I../dyn_em -I../dyn_nmm   -I/glade/work/rkumar/NASA_HMA/WRFchem_HMA/external/esmf_time_f90  -I/glade/work/rkumar/NASA_HMA/WRFchem_HMA/main -I/glade/work/rkumar/NASA_HMA/WRFchem_HMA/external/io_netcdf -I/glade/work/rkumar/NASA_HMA/WRFchem_HMA/external/io_int -I/glade/work/rkumar/NASA_HMA/WRFchem_HMA/frame -I/glade/work/rkumar/NASA_HMA/WRFchem_HMA/share -I/glade/work/rkumar/NASA_HMA/WRFchem_HMA/phys -I/glade/work/rkumar/NASA_HMA/WRFchem_HMA/chem -I/glade/work/rkumar/NASA_HMA/WRFchem_HMA/inc -I/glade/u/apps/ch/opt/netcdf/4.8.1/intel/19.1.1//include  -real-size `expr 8 \* 4` -i4  module_sf_idealscmsfclay.f90
/lib/cpp -P -nostdinc -I/glade/work/rkumar/NASA_HMA/WRFchem_HMA/inc -DEM_CORE=1 -DNMM_CORE=0 -DNMM_MAX_DIM=2600 -DCOAMPS_CORE=0 -DDA_CORE=0 -DEXP_CORE=0 -DIWORDSIZE=4 -DDWORDSIZE=8 -DRWORDSIZE=4 -DLWORDSIZE=4 -DNONSTANDARD_SYSTEM_FUNC  -DWRF_USE_CLM  -DSNICAR_FRC    -DDM_PARALLEL -DNETCDF -DUSE_ALLOCATABLES -DGRIB1 -DINTIO -DKEEP_INT_AROUND -DLIMIT_ARGS -DCONFIG_BUF_LEN=65536 -DMAX_DOMAINS_F=21 -DMAX_HISTORY=25 -DNMM_NEST=0 -DWRF_CHEM -DBUILD_CHEM=1 -DWRF_KPP -I. -traditional-cpp   module_sf_scmflux.G  > module_sf_scmflux.H
sed -e "s/gridmu/grid%mu/g" -e "s/gridMu/grid%Mu/g" module_sf_scmflux.H > module_sf_scmflux.bb
/glade/work/rkumar/NASA_HMA/WRFchem_HMA/tools/standard.exe module_sf_scmflux.bb | /lib/cpp -P -nostdinc -traditional-cpp > module_sf_scmflux.f90
rm -f module_sf_scmflux.G module_sf_scmflux.H module_sf_scmflux.bb
time mpif90 -f90=ifort -o module_sf_scmflux.o -c -O3 -ip -fp-model precise -w -ftz -align all -fno-alias -FR -convert big_endian    -I../dyn_em -I../dyn_nmm   -I/glade/work/rkumar/NASA_HMA/WRFchem_HMA/external/esmf_time_f90  -I/glade/work/rkumar/NASA_HMA/WRFchem_HMA/main -I/glade/work/rkumar/NASA_HMA/WRFchem_HMA/external/io_netcdf -I/glade/work/rkumar/NASA_HMA/WRFchem_HMA/external/io_int -I/glade/work/rkumar/NASA_HMA/WRFchem_HMA/frame -I/glade/work/rkumar/NASA_HMA/WRFchem_HMA/share -I/glade/work/rkumar/NASA_HMA/WRFchem_HMA/phys -I/glade/work/rkumar/NASA_HMA/WRFchem_HMA/chem -I/glade/work/rkumar/NASA_HMA/WRFchem_HMA/inc -I/glade/u/apps/ch/opt/netcdf/4.8.1/intel/19.1.1//include  -real-size `expr 8 \* 4` -i4  module_sf_scmflux.f90

real	0m0.789s
user	0m0.141s
sys	0m0.597s
rm -f module_sf_scmskintemp.o
sed -e "s/grid%mu/gridmu/g" -e "s/grid%Mu/gridMu/g" -e "s/^\!.*'.*//" -e "s/^ *\!.*'.*//" module_sf_scmskintemp.F > module_sf_scmskintemp.G
/lib/cpp -P -nostdinc -I/glade/work/rkumar/NASA_HMA/WRFchem_HMA/inc -DEM_CORE=1 -DNMM_CORE=0 -DNMM_MAX_DIM=2600 -DCOAMPS_CORE=0 -DDA_CORE=0 -DEXP_CORE=0 -DIWORDSIZE=4 -DDWORDSIZE=8 -DRWORDSIZE=4 -DLWORDSIZE=4 -DNONSTANDARD_SYSTEM_FUNC  -DWRF_USE_CLM  -DSNICAR_FRC    -DDM_PARALLEL -DNETCDF -DUSE_ALLOCATABLES -DGRIB1 -DINTIO -DKEEP_INT_AROUND -DLIMIT_ARGS -DCONFIG_BUF_LEN=65536 -DMAX_DOMAINS_F=21 -DMAX_HISTORY=25 -DNMM_NEST=0 -DWRF_CHEM -DBUILD_CHEM=1 -DWRF_KPP -I. -traditional-cpp   module_sf_scmskintemp.G  > module_sf_scmskintemp.H
sed -e "s/gridmu/grid%mu/g" -e "s/gridMu/grid%Mu/g" module_sf_scmskintemp.H > module_sf_scmskintemp.bb
/glade/work/rkumar/NASA_HMA/WRFchem_HMA/tools/standard.exe module_sf_scmskintemp.bb | /lib/cpp -P -nostdinc -traditional-cpp > module_sf_scmskintemp.f90
rm -f module_sf_scmskintemp.G module_sf_scmskintemp.H module_sf_scmskintemp.bb

real	0m0.753s
user	0m0.204s
sys	0m0.523s
rm -f module_physics_addtendc.o
sed -e "s/grid%mu/gridmu/g" -e "s/grid%Mu/gridMu/g" -e "s/^\!.*'.*//" -e "s/^ *\!.*'.*//" module_physics_addtendc.F > module_physics_addtendc.G
time mpif90 -f90=ifort -o module_sf_scmskintemp.o -c -O3 -ip -fp-model precise -w -ftz -align all -fno-alias -FR -convert big_endian    -I../dyn_em -I../dyn_nmm   -I/glade/work/rkumar/NASA_HMA/WRFchem_HMA/external/esmf_time_f90  -I/glade/work/rkumar/NASA_HMA/WRFchem_HMA/main -I/glade/work/rkumar/NASA_HMA/WRFchem_HMA/external/io_netcdf -I/glade/work/rkumar/NASA_HMA/WRFchem_HMA/external/io_int -I/glade/work/rkumar/NASA_HMA/WRFchem_HMA/frame -I/glade/work/rkumar/NASA_HMA/WRFchem_HMA/share -I/glade/work/rkumar/NASA_HMA/WRFchem_HMA/phys -I/glade/work/rkumar/NASA_HMA/WRFchem_HMA/chem -I/glade/work/rkumar/NASA_HMA/WRFchem_HMA/inc -I/glade/u/apps/ch/opt/netcdf/4.8.1/intel/19.1.1//include  -real-size `expr 8 \* 4` -i4  module_sf_scmskintemp.f90
/lib/cpp -P -nostdinc -I/glade/work/rkumar/NASA_HMA/WRFchem_HMA/inc -DEM_CORE=1 -DNMM_CORE=0 -DNMM_MAX_DIM=2600 -DCOAMPS_CORE=0 -DDA_CORE=0 -DEXP_CORE=0 -DIWORDSIZE=4 -DDWORDSIZE=8 -DRWORDSIZE=4 -DLWORDSIZE=4 -DNONSTANDARD_SYSTEM_FUNC  -DWRF_USE_CLM  -DSNICAR_FRC    -DDM_PARALLEL -DNETCDF -DUSE_ALLOCATABLES -DGRIB1 -DINTIO -DKEEP_INT_AROUND -DLIMIT_ARGS -DCONFIG_BUF_LEN=65536 -DMAX_DOMAINS_F=21 -DMAX_HISTORY=25 -DNMM_NEST=0 -DWRF_CHEM -DBUILD_CHEM=1 -DWRF_KPP -I. -traditional-cpp   module_physics_addtendc.G  > module_physics_addtendc.H
sed -e "s/gridmu/grid%mu/g" -e "s/gridMu/grid%Mu/g" module_physics_addtendc.H > module_physics_addtendc.bb
/glade/work/rkumar/NASA_HMA/WRFchem_HMA/tools/standard.exe module_physics_addtendc.bb | /lib/cpp -P -nostdinc -traditional-cpp > module_physics_addtendc.f90
rm -f module_physics_addtendc.G module_physics_addtendc.H module_physics_addtendc.bb
time mpif90 -f90=ifort -o module_physics_addtendc.o -c -O3 -ip -fp-model precise -w -ftz -align all -fno-alias -FR -convert big_endian    -I../dyn_em -I../dyn_nmm   -I/glade/work/rkumar/NASA_HMA/WRFchem_HMA/external/esmf_time_f90  -I/glade/work/rkumar/NASA_HMA/WRFchem_HMA/main -I/glade/work/rkumar/NASA_HMA/WRFchem_HMA/external/io_netcdf -I/glade/work/rkumar/NASA_HMA/WRFchem_HMA/external/io_int -I/glade/work/rkumar/NASA_HMA/WRFchem_HMA/frame -I/glade/work/rkumar/NASA_HMA/WRFchem_HMA/share -I/glade/work/rkumar/NASA_HMA/WRFchem_HMA/phys -I/glade/work/rkumar/NASA_HMA/WRFchem_HMA/chem -I/glade/work/rkumar/NASA_HMA/WRFchem_HMA/inc -I/glade/u/apps/ch/opt/netcdf/4.8.1/intel/19.1.1//include  -real-size `expr 8 \* 4` -i4  module_physics_addtendc.f90

real	0m0.654s
user	0m0.080s
sys	0m0.542s
rm -f module_sf_lake.o
sed -e "s/grid%mu/gridmu/g" -e "s/grid%Mu/gridMu/g" -e "s/^\!.*'.*//" -e "s/^ *\!.*'.*//" module_sf_lake.F > module_sf_lake.G
/lib/cpp -P -nostdinc -I/glade/work/rkumar/NASA_HMA/WRFchem_HMA/inc -DEM_CORE=1 -DNMM_CORE=0 -DNMM_MAX_DIM=2600 -DCOAMPS_CORE=0 -DDA_CORE=0 -DEXP_CORE=0 -DIWORDSIZE=4 -DDWORDSIZE=8 -DRWORDSIZE=4 -DLWORDSIZE=4 -DNONSTANDARD_SYSTEM_FUNC  -DWRF_USE_CLM  -DSNICAR_FRC    -DDM_PARALLEL -DNETCDF -DUSE_ALLOCATABLES -DGRIB1 -DINTIO -DKEEP_INT_AROUND -DLIMIT_ARGS -DCONFIG_BUF_LEN=65536 -DMAX_DOMAINS_F=21 -DMAX_HISTORY=25 -DNMM_NEST=0 -DWRF_CHEM -DBUILD_CHEM=1 -DWRF_KPP -I. -traditional-cpp   module_sf_lake.G  > module_sf_lake.H
sed -e "s/gridmu/grid%mu/g" -e "s/gridMu/grid%Mu/g" module_sf_lake.H > module_sf_lake.bb
/glade/work/rkumar/NASA_HMA/WRFchem_HMA/tools/standard.exe module_sf_lake.bb | /lib/cpp -P -nostdinc -traditional-cpp > module_sf_lake.f90
rm -f module_sf_lake.G module_sf_lake.H module_sf_lake.bb
time mpif90 -f90=ifort -o module_sf_lake.o -c -O3 -ip -fp-model precise -w -ftz -align all -fno-alias -FR -convert big_endian    -I../dyn_em -I../dyn_nmm   -I/glade/work/rkumar/NASA_HMA/WRFchem_HMA/external/esmf_time_f90  -I/glade/work/rkumar/NASA_HMA/WRFchem_HMA/main -I/glade/work/rkumar/NASA_HMA/WRFchem_HMA/external/io_netcdf -I/glade/work/rkumar/NASA_HMA/WRFchem_HMA/external/io_int -I/glade/work/rkumar/NASA_HMA/WRFchem_HMA/frame -I/glade/work/rkumar/NASA_HMA/WRFchem_HMA/share -I/glade/work/rkumar/NASA_HMA/WRFchem_HMA/phys -I/glade/work/rkumar/NASA_HMA/WRFchem_HMA/chem -I/glade/work/rkumar/NASA_HMA/WRFchem_HMA/inc -I/glade/u/apps/ch/opt/netcdf/4.8.1/intel/19.1.1//include  -real-size `expr 8 \* 4` -i4  module_sf_lake.f90

real	0m5.432s
user	0m4.815s
sys	0m0.563s
rm -f module_fdda_psufddagd.o
sed -e "s/grid%mu/gridmu/g" -e "s/grid%Mu/gridMu/g" -e "s/^\!.*'.*//" -e "s/^ *\!.*'.*//" module_fdda_psufddagd.F > module_fdda_psufddagd.G
/lib/cpp -P -nostdinc -I/glade/work/rkumar/NASA_HMA/WRFchem_HMA/inc -DEM_CORE=1 -DNMM_CORE=0 -DNMM_MAX_DIM=2600 -DCOAMPS_CORE=0 -DDA_CORE=0 -DEXP_CORE=0 -DIWORDSIZE=4 -DDWORDSIZE=8 -DRWORDSIZE=4 -DLWORDSIZE=4 -DNONSTANDARD_SYSTEM_FUNC  -DWRF_USE_CLM  -DSNICAR_FRC    -DDM_PARALLEL -DNETCDF -DUSE_ALLOCATABLES -DGRIB1 -DINTIO -DKEEP_INT_AROUND -DLIMIT_ARGS -DCONFIG_BUF_LEN=65536 -DMAX_DOMAINS_F=21 -DMAX_HISTORY=25 -DNMM_NEST=0 -DWRF_CHEM -DBUILD_CHEM=1 -DWRF_KPP -I. -traditional-cpp   module_fdda_psufddagd.G  > module_fdda_psufddagd.H
sed -e "s/gridmu/grid%mu/g" -e "s/gridMu/grid%Mu/g" module_fdda_psufddagd.H > module_fdda_psufddagd.bb
/glade/work/rkumar/NASA_HMA/WRFchem_HMA/tools/standard.exe module_fdda_psufddagd.bb | /lib/cpp -P -nostdinc -traditional-cpp > module_fdda_psufddagd.f90
rm -f module_fdda_psufddagd.G module_fdda_psufddagd.H module_fdda_psufddagd.bb
time mpif90 -f90=ifort -o module_fdda_psufddagd.o -c -O3 -ip -fp-model precise -w -ftz -align all -fno-alias -FR -convert big_endian    -I../dyn_em -I../dyn_nmm   -I/glade/work/rkumar/NASA_HMA/WRFchem_HMA/external/esmf_time_f90  -I/glade/work/rkumar/NASA_HMA/WRFchem_HMA/main -I/glade/work/rkumar/NASA_HMA/WRFchem_HMA/external/io_netcdf -I/glade/work/rkumar/NASA_HMA/WRFchem_HMA/external/io_int -I/glade/work/rkumar/NASA_HMA/WRFchem_HMA/frame -I/glade/work/rkumar/NASA_HMA/WRFchem_HMA/share -I/glade/work/rkumar/NASA_HMA/WRFchem_HMA/phys -I/glade/work/rkumar/NASA_HMA/WRFchem_HMA/chem -I/glade/work/rkumar/NASA_HMA/WRFchem_HMA/inc -I/glade/u/apps/ch/opt/netcdf/4.8.1/intel/19.1.1//include  -real-size `expr 8 \* 4` -i4  module_fdda_psufddagd.f90

real	0m5.982s
user	0m5.347s
sys	0m0.577s
rm -f module_fdda_spnudging.o
sed -e "s/grid%mu/gridmu/g" -e "s/grid%Mu/gridMu/g" -e "s/^\!.*'.*//" -e "s/^ *\!.*'.*//" module_fdda_spnudging.F > module_fdda_spnudging.G
/lib/cpp -P -nostdinc -I/glade/work/rkumar/NASA_HMA/WRFchem_HMA/inc -DEM_CORE=1 -DNMM_CORE=0 -DNMM_MAX_DIM=2600 -DCOAMPS_CORE=0 -DDA_CORE=0 -DEXP_CORE=0 -DIWORDSIZE=4 -DDWORDSIZE=8 -DRWORDSIZE=4 -DLWORDSIZE=4 -DNONSTANDARD_SYSTEM_FUNC  -DWRF_USE_CLM  -DSNICAR_FRC    -DDM_PARALLEL -DNETCDF -DUSE_ALLOCATABLES -DGRIB1 -DINTIO -DKEEP_INT_AROUND -DLIMIT_ARGS -DCONFIG_BUF_LEN=65536 -DMAX_DOMAINS_F=21 -DMAX_HISTORY=25 -DNMM_NEST=0 -DWRF_CHEM -DBUILD_CHEM=1 -DWRF_KPP -I. -traditional-cpp   module_fdda_spnudging.G  > module_fdda_spnudging.H
sed -e "s/gridmu/grid%mu/g" -e "s/gridMu/grid%Mu/g" module_fdda_spnudging.H > module_fdda_spnudging.bb
/glade/work/rkumar/NASA_HMA/WRFchem_HMA/tools/standard.exe module_fdda_spnudging.bb | /lib/cpp -P -nostdinc -traditional-cpp > module_fdda_spnudging.f90
rm -f module_fdda_spnudging.G module_fdda_spnudging.H module_fdda_spnudging.bb
time mpif90 -f90=ifort -o module_fdda_spnudging.o -c -O3 -ip -fp-model precise -w -ftz -align all -fno-alias -FR -convert big_endian    -I../dyn_em -I../dyn_nmm   -I/glade/work/rkumar/NASA_HMA/WRFchem_HMA/external/esmf_time_f90  -I/glade/work/rkumar/NASA_HMA/WRFchem_HMA/main -I/glade/work/rkumar/NASA_HMA/WRFchem_HMA/external/io_netcdf -I/glade/work/rkumar/NASA_HMA/WRFchem_HMA/external/io_int -I/glade/work/rkumar/NASA_HMA/WRFchem_HMA/frame -I/glade/work/rkumar/NASA_HMA/WRFchem_HMA/share -I/glade/work/rkumar/NASA_HMA/WRFchem_HMA/phys -I/glade/work/rkumar/NASA_HMA/WRFchem_HMA/chem -I/glade/work/rkumar/NASA_HMA/WRFchem_HMA/inc -I/glade/u/apps/ch/opt/netcdf/4.8.1/intel/19.1.1//include  -real-size `expr 8 \* 4` -i4  module_fdda_spnudging.f90

real	0m3.222s
user	0m2.647s
sys	0m0.518s
rm -f module_fddaobs_rtfdda.o
sed -e "s/grid%mu/gridmu/g" -e "s/grid%Mu/gridMu/g" -e "s/^\!.*'.*//" -e "s/^ *\!.*'.*//" module_fddaobs_rtfdda.F > module_fddaobs_rtfdda.G
/lib/cpp -P -nostdinc -I/glade/work/rkumar/NASA_HMA/WRFchem_HMA/inc -DEM_CORE=1 -DNMM_CORE=0 -DNMM_MAX_DIM=2600 -DCOAMPS_CORE=0 -DDA_CORE=0 -DEXP_CORE=0 -DIWORDSIZE=4 -DDWORDSIZE=8 -DRWORDSIZE=4 -DLWORDSIZE=4 -DNONSTANDARD_SYSTEM_FUNC  -DWRF_USE_CLM  -DSNICAR_FRC    -DDM_PARALLEL -DNETCDF -DUSE_ALLOCATABLES -DGRIB1 -DINTIO -DKEEP_INT_AROUND -DLIMIT_ARGS -DCONFIG_BUF_LEN=65536 -DMAX_DOMAINS_F=21 -DMAX_HISTORY=25 -DNMM_NEST=0 -DWRF_CHEM -DBUILD_CHEM=1 -DWRF_KPP -I. -traditional-cpp   module_fddaobs_rtfdda.G  > module_fddaobs_rtfdda.H
sed -e "s/gridmu/grid%mu/g" -e "s/gridMu/grid%Mu/g" module_fddaobs_rtfdda.H > module_fddaobs_rtfdda.bb
/glade/work/rkumar/NASA_HMA/WRFchem_HMA/tools/standard.exe module_fddaobs_rtfdda.bb | /lib/cpp -P -nostdinc -traditional-cpp > module_fddaobs_rtfdda.f90
rm -f module_fddaobs_rtfdda.G module_fddaobs_rtfdda.H module_fddaobs_rtfdda.bb
time mpif90 -f90=ifort -o module_fddaobs_rtfdda.o -c -O3 -ip -fp-model precise -w -ftz -align all -fno-alias -FR -convert big_endian    -I../dyn_em -I../dyn_nmm   -I/glade/work/rkumar/NASA_HMA/WRFchem_HMA/external/esmf_time_f90  -I/glade/work/rkumar/NASA_HMA/WRFchem_HMA/main -I/glade/work/rkumar/NASA_HMA/WRFchem_HMA/external/io_netcdf -I/glade/work/rkumar/NASA_HMA/WRFchem_HMA/external/io_int -I/glade/work/rkumar/NASA_HMA/WRFchem_HMA/frame -I/glade/work/rkumar/NASA_HMA/WRFchem_HMA/share -I/glade/work/rkumar/NASA_HMA/WRFchem_HMA/phys -I/glade/work/rkumar/NASA_HMA/WRFchem_HMA/chem -I/glade/work/rkumar/NASA_HMA/WRFchem_HMA/inc -I/glade/u/apps/ch/opt/netcdf/4.8.1/intel/19.1.1//include  -real-size `expr 8 \* 4` -i4  module_fddaobs_rtfdda.f90

real	0m5.362s
user	0m4.692s
sys	0m0.607s
rm -f module_wind_fitch.o
sed -e "s/grid%mu/gridmu/g" -e "s/grid%Mu/gridMu/g" -e "s/^\!.*'.*//" -e "s/^ *\!.*'.*//" module_wind_fitch.F > module_wind_fitch.G
/lib/cpp -P -nostdinc -I/glade/work/rkumar/NASA_HMA/WRFchem_HMA/inc -DEM_CORE=1 -DNMM_CORE=0 -DNMM_MAX_DIM=2600 -DCOAMPS_CORE=0 -DDA_CORE=0 -DEXP_CORE=0 -DIWORDSIZE=4 -DDWORDSIZE=8 -DRWORDSIZE=4 -DLWORDSIZE=4 -DNONSTANDARD_SYSTEM_FUNC  -DWRF_USE_CLM  -DSNICAR_FRC    -DDM_PARALLEL -DNETCDF -DUSE_ALLOCATABLES -DGRIB1 -DINTIO -DKEEP_INT_AROUND -DLIMIT_ARGS -DCONFIG_BUF_LEN=65536 -DMAX_DOMAINS_F=21 -DMAX_HISTORY=25 -DNMM_NEST=0 -DWRF_CHEM -DBUILD_CHEM=1 -DWRF_KPP -I. -traditional-cpp   module_wind_fitch.G  > module_wind_fitch.H
sed -e "s/gridmu/grid%mu/g" -e "s/gridMu/grid%Mu/g" module_wind_fitch.H > module_wind_fitch.bb
/glade/work/rkumar/NASA_HMA/WRFchem_HMA/tools/standard.exe module_wind_fitch.bb | /lib/cpp -P -nostdinc -traditional-cpp > module_wind_fitch.f90
rm -f module_wind_fitch.G module_wind_fitch.H module_wind_fitch.bb
time mpif90 -f90=ifort -o module_wind_fitch.o -c -O3 -ip -fp-model precise -w -ftz -align all -fno-alias -FR -convert big_endian    -I../dyn_em -I../dyn_nmm   -I/glade/work/rkumar/NASA_HMA/WRFchem_HMA/external/esmf_time_f90  -I/glade/work/rkumar/NASA_HMA/WRFchem_HMA/main -I/glade/work/rkumar/NASA_HMA/WRFchem_HMA/external/io_netcdf -I/glade/work/rkumar/NASA_HMA/WRFchem_HMA/external/io_int -I/glade/work/rkumar/NASA_HMA/WRFchem_HMA/frame -I/glade/work/rkumar/NASA_HMA/WRFchem_HMA/share -I/glade/work/rkumar/NASA_HMA/WRFchem_HMA/phys -I/glade/work/rkumar/NASA_HMA/WRFchem_HMA/chem -I/glade/work/rkumar/NASA_HMA/WRFchem_HMA/inc -I/glade/u/apps/ch/opt/netcdf/4.8.1/intel/19.1.1//include  -real-size `expr 8 \* 4` -i4  module_wind_fitch.f90

real	0m0.984s
user	0m0.458s
sys	0m0.468s
rm -f module_microphysics_zero_out.o
sed -e "s/grid%mu/gridmu/g" -e "s/grid%Mu/gridMu/g" -e "s/^\!.*'.*//" -e "s/^ *\!.*'.*//" module_microphysics_zero_out.F > module_microphysics_zero_out.G
/lib/cpp -P -nostdinc -I/glade/work/rkumar/NASA_HMA/WRFchem_HMA/inc -DEM_CORE=1 -DNMM_CORE=0 -DNMM_MAX_DIM=2600 -DCOAMPS_CORE=0 -DDA_CORE=0 -DEXP_CORE=0 -DIWORDSIZE=4 -DDWORDSIZE=8 -DRWORDSIZE=4 -DLWORDSIZE=4 -DNONSTANDARD_SYSTEM_FUNC  -DWRF_USE_CLM  -DSNICAR_FRC    -DDM_PARALLEL -DNETCDF -DUSE_ALLOCATABLES -DGRIB1 -DINTIO -DKEEP_INT_AROUND -DLIMIT_ARGS -DCONFIG_BUF_LEN=65536 -DMAX_DOMAINS_F=21 -DMAX_HISTORY=25 -DNMM_NEST=0 -DWRF_CHEM -DBUILD_CHEM=1 -DWRF_KPP -I. -traditional-cpp   module_microphysics_zero_out.G  > module_microphysics_zero_out.H
sed -e "s/gridmu/grid%mu/g" -e "s/gridMu/grid%Mu/g" module_microphysics_zero_out.H > module_microphysics_zero_out.bb
/glade/work/rkumar/NASA_HMA/WRFchem_HMA/tools/standard.exe module_microphysics_zero_out.bb | /lib/cpp -P -nostdinc -traditional-cpp > module_microphysics_zero_out.f90
rm -f module_microphysics_zero_out.G module_microphysics_zero_out.H module_microphysics_zero_out.bb
time mpif90 -f90=ifort -o module_microphysics_zero_out.o -c -O3 -ip -fp-model precise -w -ftz -align all -fno-alias -FR -convert big_endian    -I../dyn_em -I../dyn_nmm   -I/glade/work/rkumar/NASA_HMA/WRFchem_HMA/external/esmf_time_f90  -I/glade/work/rkumar/NASA_HMA/WRFchem_HMA/main -I/glade/work/rkumar/NASA_HMA/WRFchem_HMA/external/io_netcdf -I/glade/work/rkumar/NASA_HMA/WRFchem_HMA/external/io_int -I/glade/work/rkumar/NASA_HMA/WRFchem_HMA/frame -I/glade/work/rkumar/NASA_HMA/WRFchem_HMA/share -I/glade/work/rkumar/NASA_HMA/WRFchem_HMA/phys -I/glade/work/rkumar/NASA_HMA/WRFchem_HMA/chem -I/glade/work/rkumar/NASA_HMA/WRFchem_HMA/inc -I/glade/u/apps/ch/opt/netcdf/4.8.1/intel/19.1.1//include  -real-size `expr 8 \* 4` -i4  module_microphysics_zero_out.f90

real	0m4.643s
user	0m3.990s
sys	0m0.593s
rm -f module_ltng_crmpr92.o
sed -e "s/grid%mu/gridmu/g" -e "s/grid%Mu/gridMu/g" -e "s/^\!.*'.*//" -e "s/^ *\!.*'.*//" module_ltng_crmpr92.F > module_ltng_crmpr92.G
/lib/cpp -P -nostdinc -I/glade/work/rkumar/NASA_HMA/WRFchem_HMA/inc -DEM_CORE=1 -DNMM_CORE=0 -DNMM_MAX_DIM=2600 -DCOAMPS_CORE=0 -DDA_CORE=0 -DEXP_CORE=0 -DIWORDSIZE=4 -DDWORDSIZE=8 -DRWORDSIZE=4 -DLWORDSIZE=4 -DNONSTANDARD_SYSTEM_FUNC  -DWRF_USE_CLM  -DSNICAR_FRC    -DDM_PARALLEL -DNETCDF -DUSE_ALLOCATABLES -DGRIB1 -DINTIO -DKEEP_INT_AROUND -DLIMIT_ARGS -DCONFIG_BUF_LEN=65536 -DMAX_DOMAINS_F=21 -DMAX_HISTORY=25 -DNMM_NEST=0 -DWRF_CHEM -DBUILD_CHEM=1 -DWRF_KPP -I. -traditional-cpp   module_ltng_crmpr92.G  > module_ltng_crmpr92.H
sed -e "s/gridmu/grid%mu/g" -e "s/gridMu/grid%Mu/g" module_ltng_crmpr92.H > module_ltng_crmpr92.bb
/glade/work/rkumar/NASA_HMA/WRFchem_HMA/tools/standard.exe module_ltng_crmpr92.bb | /lib/cpp -P -nostdinc -traditional-cpp > module_ltng_crmpr92.f90
rm -f module_ltng_crmpr92.G module_ltng_crmpr92.H module_ltng_crmpr92.bb
time mpif90 -f90=ifort -o module_ltng_crmpr92.o -c -O3 -ip -fp-model precise -w -ftz -align all -fno-alias -FR -convert big_endian    -I../dyn_em -I../dyn_nmm   -I/glade/work/rkumar/NASA_HMA/WRFchem_HMA/external/esmf_time_f90  -I/glade/work/rkumar/NASA_HMA/WRFchem_HMA/main -I/glade/work/rkumar/NASA_HMA/WRFchem_HMA/external/io_netcdf -I/glade/work/rkumar/NASA_HMA/WRFchem_HMA/external/io_int -I/glade/work/rkumar/NASA_HMA/WRFchem_HMA/frame -I/glade/work/rkumar/NASA_HMA/WRFchem_HMA/share -I/glade/work/rkumar/NASA_HMA/WRFchem_HMA/phys -I/glade/work/rkumar/NASA_HMA/WRFchem_HMA/chem -I/glade/work/rkumar/NASA_HMA/WRFchem_HMA/inc -I/glade/u/apps/ch/opt/netcdf/4.8.1/intel/19.1.1//include  -real-size `expr 8 \* 4` -i4  module_ltng_crmpr92.f90

real	0m0.995s
user	0m0.430s
sys	0m0.508s
rm -f module_ltng_cpmpr92z.o
sed -e "s/grid%mu/gridmu/g" -e "s/grid%Mu/gridMu/g" -e "s/^\!.*'.*//" -e "s/^ *\!.*'.*//" module_ltng_cpmpr92z.F > module_ltng_cpmpr92z.G
/lib/cpp -P -nostdinc -I/glade/work/rkumar/NASA_HMA/WRFchem_HMA/inc -DEM_CORE=1 -DNMM_CORE=0 -DNMM_MAX_DIM=2600 -DCOAMPS_CORE=0 -DDA_CORE=0 -DEXP_CORE=0 -DIWORDSIZE=4 -DDWORDSIZE=8 -DRWORDSIZE=4 -DLWORDSIZE=4 -DNONSTANDARD_SYSTEM_FUNC  -DWRF_USE_CLM  -DSNICAR_FRC    -DDM_PARALLEL -DNETCDF -DUSE_ALLOCATABLES -DGRIB1 -DINTIO -DKEEP_INT_AROUND -DLIMIT_ARGS -DCONFIG_BUF_LEN=65536 -DMAX_DOMAINS_F=21 -DMAX_HISTORY=25 -DNMM_NEST=0 -DWRF_CHEM -DBUILD_CHEM=1 -DWRF_KPP -I. -traditional-cpp   module_ltng_cpmpr92z.G  > module_ltng_cpmpr92z.H
sed -e "s/gridmu/grid%mu/g" -e "s/gridMu/grid%Mu/g" module_ltng_cpmpr92z.H > module_ltng_cpmpr92z.bb
/glade/work/rkumar/NASA_HMA/WRFchem_HMA/tools/standard.exe module_ltng_cpmpr92z.bb | /lib/cpp -P -nostdinc -traditional-cpp > module_ltng_cpmpr92z.f90
rm -f module_ltng_cpmpr92z.G module_ltng_cpmpr92z.H module_ltng_cpmpr92z.bb
time mpif90 -f90=ifort -o module_ltng_cpmpr92z.o -c -O3 -ip -fp-model precise -w -ftz -align all -fno-alias -FR -convert big_endian    -I../dyn_em -I../dyn_nmm   -I/glade/work/rkumar/NASA_HMA/WRFchem_HMA/external/esmf_time_f90  -I/glade/work/rkumar/NASA_HMA/WRFchem_HMA/main -I/glade/work/rkumar/NASA_HMA/WRFchem_HMA/external/io_netcdf -I/glade/work/rkumar/NASA_HMA/WRFchem_HMA/external/io_int -I/glade/work/rkumar/NASA_HMA/WRFchem_HMA/frame -I/glade/work/rkumar/NASA_HMA/WRFchem_HMA/share -I/glade/work/rkumar/NASA_HMA/WRFchem_HMA/phys -I/glade/work/rkumar/NASA_HMA/WRFchem_HMA/chem -I/glade/work/rkumar/NASA_HMA/WRFchem_HMA/inc -I/glade/u/apps/ch/opt/netcdf/4.8.1/intel/19.1.1//include  -real-size `expr 8 \* 4` -i4  module_ltng_cpmpr92z.f90

real	0m0.823s
user	0m0.266s
sys	0m0.504s
rm -f module_ltng_iccg.o
sed -e "s/grid%mu/gridmu/g" -e "s/grid%Mu/gridMu/g" -e "s/^\!.*'.*//" -e "s/^ *\!.*'.*//" module_ltng_iccg.F > module_ltng_iccg.G
/lib/cpp -P -nostdinc -I/glade/work/rkumar/NASA_HMA/WRFchem_HMA/inc -DEM_CORE=1 -DNMM_CORE=0 -DNMM_MAX_DIM=2600 -DCOAMPS_CORE=0 -DDA_CORE=0 -DEXP_CORE=0 -DIWORDSIZE=4 -DDWORDSIZE=8 -DRWORDSIZE=4 -DLWORDSIZE=4 -DNONSTANDARD_SYSTEM_FUNC  -DWRF_USE_CLM  -DSNICAR_FRC    -DDM_PARALLEL -DNETCDF -DUSE_ALLOCATABLES -DGRIB1 -DINTIO -DKEEP_INT_AROUND -DLIMIT_ARGS -DCONFIG_BUF_LEN=65536 -DMAX_DOMAINS_F=21 -DMAX_HISTORY=25 -DNMM_NEST=0 -DWRF_CHEM -DBUILD_CHEM=1 -DWRF_KPP -I. -traditional-cpp   module_ltng_iccg.G  > module_ltng_iccg.H
sed -e "s/gridmu/grid%mu/g" -e "s/gridMu/grid%Mu/g" module_ltng_iccg.H > module_ltng_iccg.bb
/glade/work/rkumar/NASA_HMA/WRFchem_HMA/tools/standard.exe module_ltng_iccg.bb | /lib/cpp -P -nostdinc -traditional-cpp > module_ltng_iccg.f90
rm -f module_ltng_iccg.G module_ltng_iccg.H module_ltng_iccg.bb
time mpif90 -f90=ifort -o module_ltng_iccg.o -c -O3 -ip -fp-model precise -w -ftz -align all -fno-alias -FR -convert big_endian    -I../dyn_em -I../dyn_nmm   -I/glade/work/rkumar/NASA_HMA/WRFchem_HMA/external/esmf_time_f90  -I/glade/work/rkumar/NASA_HMA/WRFchem_HMA/main -I/glade/work/rkumar/NASA_HMA/WRFchem_HMA/external/io_netcdf -I/glade/work/rkumar/NASA_HMA/WRFchem_HMA/external/io_int -I/glade/work/rkumar/NASA_HMA/WRFchem_HMA/frame -I/glade/work/rkumar/NASA_HMA/WRFchem_HMA/share -I/glade/work/rkumar/NASA_HMA/WRFchem_HMA/phys -I/glade/work/rkumar/NASA_HMA/WRFchem_HMA/chem -I/glade/work/rkumar/NASA_HMA/WRFchem_HMA/inc -I/glade/u/apps/ch/opt/netcdf/4.8.1/intel/19.1.1//include  -real-size `expr 8 \* 4` -i4  module_ltng_iccg.f90

real	0m0.690s
user	0m0.092s
sys	0m0.540s
rm -f module_fddagd_driver.o
sed -e "s/grid%mu/gridmu/g" -e "s/grid%Mu/gridMu/g" -e "s/^\!.*'.*//" -e "s/^ *\!.*'.*//" module_fddagd_driver.F > module_fddagd_driver.G
/lib/cpp -P -nostdinc -I/glade/work/rkumar/NASA_HMA/WRFchem_HMA/inc -DEM_CORE=1 -DNMM_CORE=0 -DNMM_MAX_DIM=2600 -DCOAMPS_CORE=0 -DDA_CORE=0 -DEXP_CORE=0 -DIWORDSIZE=4 -DDWORDSIZE=8 -DRWORDSIZE=4 -DLWORDSIZE=4 -DNONSTANDARD_SYSTEM_FUNC  -DWRF_USE_CLM  -DSNICAR_FRC    -DDM_PARALLEL -DNETCDF -DUSE_ALLOCATABLES -DGRIB1 -DINTIO -DKEEP_INT_AROUND -DLIMIT_ARGS -DCONFIG_BUF_LEN=65536 -DMAX_DOMAINS_F=21 -DMAX_HISTORY=25 -DNMM_NEST=0 -DWRF_CHEM -DBUILD_CHEM=1 -DWRF_KPP -I. -traditional-cpp   module_fddagd_driver.G  > module_fddagd_driver.H
sed -e "s/gridmu/grid%mu/g" -e "s/gridMu/grid%Mu/g" module_fddagd_driver.H > module_fddagd_driver.bb
/glade/work/rkumar/NASA_HMA/WRFchem_HMA/tools/standard.exe module_fddagd_driver.bb | /lib/cpp -P -nostdinc -traditional-cpp > module_fddagd_driver.f90
rm -f module_fddagd_driver.G module_fddagd_driver.H module_fddagd_driver.bb
time mpif90 -f90=ifort -o module_fddagd_driver.o -c -O3 -ip -fp-model precise -w -ftz -align all -fno-alias -FR -convert big_endian    -I../dyn_em -I../dyn_nmm   -I/glade/work/rkumar/NASA_HMA/WRFchem_HMA/external/esmf_time_f90  -I/glade/work/rkumar/NASA_HMA/WRFchem_HMA/main -I/glade/work/rkumar/NASA_HMA/WRFchem_HMA/external/io_netcdf -I/glade/work/rkumar/NASA_HMA/WRFchem_HMA/external/io_int -I/glade/work/rkumar/NASA_HMA/WRFchem_HMA/frame -I/glade/work/rkumar/NASA_HMA/WRFchem_HMA/share -I/glade/work/rkumar/NASA_HMA/WRFchem_HMA/phys -I/glade/work/rkumar/NASA_HMA/WRFchem_HMA/chem -I/glade/work/rkumar/NASA_HMA/WRFchem_HMA/inc -I/glade/u/apps/ch/opt/netcdf/4.8.1/intel/19.1.1//include  -real-size `expr 8 \* 4` -i4  module_fddagd_driver.f90

real	0m0.787s
user	0m0.223s
sys	0m0.503s
rm -f module_fddaobs_driver.o
sed -e "s/grid%mu/gridmu/g" -e "s/grid%Mu/gridMu/g" -e "s/^\!.*'.*//" -e "s/^ *\!.*'.*//" module_fddaobs_driver.F > module_fddaobs_driver.G
/lib/cpp -P -nostdinc -I/glade/work/rkumar/NASA_HMA/WRFchem_HMA/inc -DEM_CORE=1 -DNMM_CORE=0 -DNMM_MAX_DIM=2600 -DCOAMPS_CORE=0 -DDA_CORE=0 -DEXP_CORE=0 -DIWORDSIZE=4 -DDWORDSIZE=8 -DRWORDSIZE=4 -DLWORDSIZE=4 -DNONSTANDARD_SYSTEM_FUNC  -DWRF_USE_CLM  -DSNICAR_FRC    -DDM_PARALLEL -DNETCDF -DUSE_ALLOCATABLES -DGRIB1 -DINTIO -DKEEP_INT_AROUND -DLIMIT_ARGS -DCONFIG_BUF_LEN=65536 -DMAX_DOMAINS_F=21 -DMAX_HISTORY=25 -DNMM_NEST=0 -DWRF_CHEM -DBUILD_CHEM=1 -DWRF_KPP -I. -traditional-cpp   module_fddaobs_driver.G  > module_fddaobs_driver.H
sed -e "s/gridmu/grid%mu/g" -e "s/gridMu/grid%Mu/g" module_fddaobs_driver.H > module_fddaobs_driver.bb
/glade/work/rkumar/NASA_HMA/WRFchem_HMA/tools/standard.exe module_fddaobs_driver.bb | /lib/cpp -P -nostdinc -traditional-cpp > module_fddaobs_driver.f90
rm -f module_fddaobs_driver.G module_fddaobs_driver.H module_fddaobs_driver.bb
time mpif90 -f90=ifort -o module_fddaobs_driver.o -c -O3 -ip -fp-model precise -w -ftz -align all -fno-alias -FR -convert big_endian    -I../dyn_em -I../dyn_nmm   -I/glade/work/rkumar/NASA_HMA/WRFchem_HMA/external/esmf_time_f90  -I/glade/work/rkumar/NASA_HMA/WRFchem_HMA/main -I/glade/work/rkumar/NASA_HMA/WRFchem_HMA/external/io_netcdf -I/glade/work/rkumar/NASA_HMA/WRFchem_HMA/external/io_int -I/glade/work/rkumar/NASA_HMA/WRFchem_HMA/frame -I/glade/work/rkumar/NASA_HMA/WRFchem_HMA/share -I/glade/work/rkumar/NASA_HMA/WRFchem_HMA/phys -I/glade/work/rkumar/NASA_HMA/WRFchem_HMA/chem -I/glade/work/rkumar/NASA_HMA/WRFchem_HMA/inc -I/glade/u/apps/ch/opt/netcdf/4.8.1/intel/19.1.1//include  -real-size `expr 8 \* 4` -i4  module_fddaobs_driver.f90

real	0m1.442s
user	0m0.873s
sys	0m0.524s
rm -f module_diag_misc.o
sed -e "s/grid%mu/gridmu/g" -e "s/grid%Mu/gridMu/g" -e "s/^\!.*'.*//" -e "s/^ *\!.*'.*//" module_diag_misc.F > module_diag_misc.G
/lib/cpp -P -nostdinc -I/glade/work/rkumar/NASA_HMA/WRFchem_HMA/inc -DEM_CORE=1 -DNMM_CORE=0 -DNMM_MAX_DIM=2600 -DCOAMPS_CORE=0 -DDA_CORE=0 -DEXP_CORE=0 -DIWORDSIZE=4 -DDWORDSIZE=8 -DRWORDSIZE=4 -DLWORDSIZE=4 -DNONSTANDARD_SYSTEM_FUNC  -DWRF_USE_CLM  -DSNICAR_FRC    -DDM_PARALLEL -DNETCDF -DUSE_ALLOCATABLES -DGRIB1 -DINTIO -DKEEP_INT_AROUND -DLIMIT_ARGS -DCONFIG_BUF_LEN=65536 -DMAX_DOMAINS_F=21 -DMAX_HISTORY=25 -DNMM_NEST=0 -DWRF_CHEM -DBUILD_CHEM=1 -DWRF_KPP -I. -traditional-cpp   module_diag_misc.G  > module_diag_misc.H
sed -e "s/gridmu/grid%mu/g" -e "s/gridMu/grid%Mu/g" module_diag_misc.H > module_diag_misc.bb
/glade/work/rkumar/NASA_HMA/WRFchem_HMA/tools/standard.exe module_diag_misc.bb | /lib/cpp -P -nostdinc -traditional-cpp > module_diag_misc.f90
rm -f module_diag_misc.G module_diag_misc.H module_diag_misc.bb
time mpif90 -f90=ifort -o module_diag_misc.o -c -O3 -ip -fp-model precise -w -ftz -align all -fno-alias -FR -convert big_endian    -I../dyn_em -I../dyn_nmm   -I/glade/work/rkumar/NASA_HMA/WRFchem_HMA/external/esmf_time_f90  -I/glade/work/rkumar/NASA_HMA/WRFchem_HMA/main -I/glade/work/rkumar/NASA_HMA/WRFchem_HMA/external/io_netcdf -I/glade/work/rkumar/NASA_HMA/WRFchem_HMA/external/io_int -I/glade/work/rkumar/NASA_HMA/WRFchem_HMA/frame -I/glade/work/rkumar/NASA_HMA/WRFchem_HMA/share -I/glade/work/rkumar/NASA_HMA/WRFchem_HMA/phys -I/glade/work/rkumar/NASA_HMA/WRFchem_HMA/chem -I/glade/work/rkumar/NASA_HMA/WRFchem_HMA/inc -I/glade/u/apps/ch/opt/netcdf/4.8.1/intel/19.1.1//include  -real-size `expr 8 \* 4` -i4  module_diag_misc.f90

real	0m2.459s
user	0m1.841s
sys	0m0.561s
rm -f module_diag_cl.o
sed -e "s/grid%mu/gridmu/g" -e "s/grid%Mu/gridMu/g" -e "s/^\!.*'.*//" -e "s/^ *\!.*'.*//" module_diag_cl.F > module_diag_cl.G
/lib/cpp -P -nostdinc -I/glade/work/rkumar/NASA_HMA/WRFchem_HMA/inc -DEM_CORE=1 -DNMM_CORE=0 -DNMM_MAX_DIM=2600 -DCOAMPS_CORE=0 -DDA_CORE=0 -DEXP_CORE=0 -DIWORDSIZE=4 -DDWORDSIZE=8 -DRWORDSIZE=4 -DLWORDSIZE=4 -DNONSTANDARD_SYSTEM_FUNC  -DWRF_USE_CLM  -DSNICAR_FRC    -DDM_PARALLEL -DNETCDF -DUSE_ALLOCATABLES -DGRIB1 -DINTIO -DKEEP_INT_AROUND -DLIMIT_ARGS -DCONFIG_BUF_LEN=65536 -DMAX_DOMAINS_F=21 -DMAX_HISTORY=25 -DNMM_NEST=0 -DWRF_CHEM -DBUILD_CHEM=1 -DWRF_KPP -I. -traditional-cpp   module_diag_cl.G  > module_diag_cl.H
sed -e "s/gridmu/grid%mu/g" -e "s/gridMu/grid%Mu/g" module_diag_cl.H > module_diag_cl.bb
/glade/work/rkumar/NASA_HMA/WRFchem_HMA/tools/standard.exe module_diag_cl.bb | /lib/cpp -P -nostdinc -traditional-cpp > module_diag_cl.f90
rm -f module_diag_cl.G module_diag_cl.H module_diag_cl.bb
time mpif90 -f90=ifort -o module_diag_cl.o -c -O3 -ip -fp-model precise -w -ftz -align all -fno-alias -FR -convert big_endian    -I../dyn_em -I../dyn_nmm   -I/glade/work/rkumar/NASA_HMA/WRFchem_HMA/external/esmf_time_f90  -I/glade/work/rkumar/NASA_HMA/WRFchem_HMA/main -I/glade/work/rkumar/NASA_HMA/WRFchem_HMA/external/io_netcdf -I/glade/work/rkumar/NASA_HMA/WRFchem_HMA/external/io_int -I/glade/work/rkumar/NASA_HMA/WRFchem_HMA/frame -I/glade/work/rkumar/NASA_HMA/WRFchem_HMA/share -I/glade/work/rkumar/NASA_HMA/WRFchem_HMA/phys -I/glade/work/rkumar/NASA_HMA/WRFchem_HMA/chem -I/glade/work/rkumar/NASA_HMA/WRFchem_HMA/inc -I/glade/u/apps/ch/opt/netcdf/4.8.1/intel/19.1.1//include  -real-size `expr 8 \* 4` -i4  module_diag_cl.f90

real	0m1.802s
user	0m1.214s
sys	0m0.529s
rm -f module_diag_pld.o
sed -e "s/grid%mu/gridmu/g" -e "s/grid%Mu/gridMu/g" -e "s/^\!.*'.*//" -e "s/^ *\!.*'.*//" module_diag_pld.F > module_diag_pld.G
/lib/cpp -P -nostdinc -I/glade/work/rkumar/NASA_HMA/WRFchem_HMA/inc -DEM_CORE=1 -DNMM_CORE=0 -DNMM_MAX_DIM=2600 -DCOAMPS_CORE=0 -DDA_CORE=0 -DEXP_CORE=0 -DIWORDSIZE=4 -DDWORDSIZE=8 -DRWORDSIZE=4 -DLWORDSIZE=4 -DNONSTANDARD_SYSTEM_FUNC  -DWRF_USE_CLM  -DSNICAR_FRC    -DDM_PARALLEL -DNETCDF -DUSE_ALLOCATABLES -DGRIB1 -DINTIO -DKEEP_INT_AROUND -DLIMIT_ARGS -DCONFIG_BUF_LEN=65536 -DMAX_DOMAINS_F=21 -DMAX_HISTORY=25 -DNMM_NEST=0 -DWRF_CHEM -DBUILD_CHEM=1 -DWRF_KPP -I. -traditional-cpp   module_diag_pld.G  > module_diag_pld.H
sed -e "s/gridmu/grid%mu/g" -e "s/gridMu/grid%Mu/g" module_diag_pld.H > module_diag_pld.bb
/glade/work/rkumar/NASA_HMA/WRFchem_HMA/tools/standard.exe module_diag_pld.bb | /lib/cpp -P -nostdinc -traditional-cpp > module_diag_pld.f90
rm -f module_diag_pld.G module_diag_pld.H module_diag_pld.bb
time mpif90 -f90=ifort -o module_diag_pld.o -c -O3 -ip -fp-model precise -w -ftz -align all -fno-alias -FR -convert big_endian    -I../dyn_em -I../dyn_nmm   -I/glade/work/rkumar/NASA_HMA/WRFchem_HMA/external/esmf_time_f90  -I/glade/work/rkumar/NASA_HMA/WRFchem_HMA/main -I/glade/work/rkumar/NASA_HMA/WRFchem_HMA/external/io_netcdf -I/glade/work/rkumar/NASA_HMA/WRFchem_HMA/external/io_int -I/glade/work/rkumar/NASA_HMA/WRFchem_HMA/frame -I/glade/work/rkumar/NASA_HMA/WRFchem_HMA/share -I/glade/work/rkumar/NASA_HMA/WRFchem_HMA/phys -I/glade/work/rkumar/NASA_HMA/WRFchem_HMA/chem -I/glade/work/rkumar/NASA_HMA/WRFchem_HMA/inc -I/glade/u/apps/ch/opt/netcdf/4.8.1/intel/19.1.1//include  -real-size `expr 8 \* 4` -i4  module_diag_pld.f90

real	0m2.737s
user	0m2.121s
sys	0m0.554s
rm -f module_diag_zld.o
sed -e "s/grid%mu/gridmu/g" -e "s/grid%Mu/gridMu/g" -e "s/^\!.*'.*//" -e "s/^ *\!.*'.*//" module_diag_zld.F > module_diag_zld.G
/lib/cpp -P -nostdinc -I/glade/work/rkumar/NASA_HMA/WRFchem_HMA/inc -DEM_CORE=1 -DNMM_CORE=0 -DNMM_MAX_DIM=2600 -DCOAMPS_CORE=0 -DDA_CORE=0 -DEXP_CORE=0 -DIWORDSIZE=4 -DDWORDSIZE=8 -DRWORDSIZE=4 -DLWORDSIZE=4 -DNONSTANDARD_SYSTEM_FUNC  -DWRF_USE_CLM  -DSNICAR_FRC    -DDM_PARALLEL -DNETCDF -DUSE_ALLOCATABLES -DGRIB1 -DINTIO -DKEEP_INT_AROUND -DLIMIT_ARGS -DCONFIG_BUF_LEN=65536 -DMAX_DOMAINS_F=21 -DMAX_HISTORY=25 -DNMM_NEST=0 -DWRF_CHEM -DBUILD_CHEM=1 -DWRF_KPP -I. -traditional-cpp   module_diag_zld.G  > module_diag_zld.H
sed -e "s/gridmu/grid%mu/g" -e "s/gridMu/grid%Mu/g" module_diag_zld.H > module_diag_zld.bb
/glade/work/rkumar/NASA_HMA/WRFchem_HMA/tools/standard.exe module_diag_zld.bb | /lib/cpp -P -nostdinc -traditional-cpp > module_diag_zld.f90
rm -f module_diag_zld.G module_diag_zld.H module_diag_zld.bb
time mpif90 -f90=ifort -o module_diag_zld.o -c -O3 -ip -fp-model precise -w -ftz -align all -fno-alias -FR -convert big_endian    -I../dyn_em -I../dyn_nmm   -I/glade/work/rkumar/NASA_HMA/WRFchem_HMA/external/esmf_time_f90  -I/glade/work/rkumar/NASA_HMA/WRFchem_HMA/main -I/glade/work/rkumar/NASA_HMA/WRFchem_HMA/external/io_netcdf -I/glade/work/rkumar/NASA_HMA/WRFchem_HMA/external/io_int -I/glade/work/rkumar/NASA_HMA/WRFchem_HMA/frame -I/glade/work/rkumar/NASA_HMA/WRFchem_HMA/share -I/glade/work/rkumar/NASA_HMA/WRFchem_HMA/phys -I/glade/work/rkumar/NASA_HMA/WRFchem_HMA/chem -I/glade/work/rkumar/NASA_HMA/WRFchem_HMA/inc -I/glade/u/apps/ch/opt/netcdf/4.8.1/intel/19.1.1//include  -real-size `expr 8 \* 4` -i4  module_diag_zld.f90

real	0m0.788s
user	0m0.237s
sys	0m0.523s
rm -f module_diag_afwa.o
sed -e "s/grid%mu/gridmu/g" -e "s/grid%Mu/gridMu/g" -e "s/^\!.*'.*//" -e "s/^ *\!.*'.*//" module_diag_afwa.F > module_diag_afwa.G
/lib/cpp -P -nostdinc -I/glade/work/rkumar/NASA_HMA/WRFchem_HMA/inc -DEM_CORE=1 -DNMM_CORE=0 -DNMM_MAX_DIM=2600 -DCOAMPS_CORE=0 -DDA_CORE=0 -DEXP_CORE=0 -DIWORDSIZE=4 -DDWORDSIZE=8 -DRWORDSIZE=4 -DLWORDSIZE=4 -DNONSTANDARD_SYSTEM_FUNC  -DWRF_USE_CLM  -DSNICAR_FRC    -DDM_PARALLEL -DNETCDF -DUSE_ALLOCATABLES -DGRIB1 -DINTIO -DKEEP_INT_AROUND -DLIMIT_ARGS -DCONFIG_BUF_LEN=65536 -DMAX_DOMAINS_F=21 -DMAX_HISTORY=25 -DNMM_NEST=0 -DWRF_CHEM -DBUILD_CHEM=1 -DWRF_KPP -I. -traditional-cpp   module_diag_afwa.G  > module_diag_afwa.H
sed -e "s/gridmu/grid%mu/g" -e "s/gridMu/grid%Mu/g" module_diag_afwa.H > module_diag_afwa.bb
/glade/work/rkumar/NASA_HMA/WRFchem_HMA/tools/standard.exe module_diag_afwa.bb | /lib/cpp -P -nostdinc -traditional-cpp > module_diag_afwa.f90
rm -f module_diag_afwa.G module_diag_afwa.H module_diag_afwa.bb
time mpif90 -f90=ifort -o module_diag_afwa.o -c -O3 -ip -fp-model precise -w -ftz -align all -fno-alias -FR -convert big_endian    -I../dyn_em -I../dyn_nmm   -I/glade/work/rkumar/NASA_HMA/WRFchem_HMA/external/esmf_time_f90  -I/glade/work/rkumar/NASA_HMA/WRFchem_HMA/main -I/glade/work/rkumar/NASA_HMA/WRFchem_HMA/external/io_netcdf -I/glade/work/rkumar/NASA_HMA/WRFchem_HMA/external/io_int -I/glade/work/rkumar/NASA_HMA/WRFchem_HMA/frame -I/glade/work/rkumar/NASA_HMA/WRFchem_HMA/share -I/glade/work/rkumar/NASA_HMA/WRFchem_HMA/phys -I/glade/work/rkumar/NASA_HMA/WRFchem_HMA/chem -I/glade/work/rkumar/NASA_HMA/WRFchem_HMA/inc -I/glade/u/apps/ch/opt/netcdf/4.8.1/intel/19.1.1//include  -real-size `expr 8 \* 4` -i4  module_diag_afwa.f90

real	0m0.741s
user	0m0.201s
sys	0m0.490s
rm -f module_diag_hailcast.o
sed -e "s/grid%mu/gridmu/g" -e "s/grid%Mu/gridMu/g" -e "s/^\!.*'.*//" -e "s/^ *\!.*'.*//" module_diag_hailcast.F > module_diag_hailcast.G
/lib/cpp -P -nostdinc -I/glade/work/rkumar/NASA_HMA/WRFchem_HMA/inc -DEM_CORE=1 -DNMM_CORE=0 -DNMM_MAX_DIM=2600 -DCOAMPS_CORE=0 -DDA_CORE=0 -DEXP_CORE=0 -DIWORDSIZE=4 -DDWORDSIZE=8 -DRWORDSIZE=4 -DLWORDSIZE=4 -DNONSTANDARD_SYSTEM_FUNC  -DWRF_USE_CLM  -DSNICAR_FRC    -DDM_PARALLEL -DNETCDF -DUSE_ALLOCATABLES -DGRIB1 -DINTIO -DKEEP_INT_AROUND -DLIMIT_ARGS -DCONFIG_BUF_LEN=65536 -DMAX_DOMAINS_F=21 -DMAX_HISTORY=25 -DNMM_NEST=0 -DWRF_CHEM -DBUILD_CHEM=1 -DWRF_KPP -I. -traditional-cpp   module_diag_hailcast.G  > module_diag_hailcast.H
sed -e "s/gridmu/grid%mu/g" -e "s/gridMu/grid%Mu/g" module_diag_hailcast.H > module_diag_hailcast.bb
/glade/work/rkumar/NASA_HMA/WRFchem_HMA/tools/standard.exe module_diag_hailcast.bb | /lib/cpp -P -nostdinc -traditional-cpp > module_diag_hailcast.f90
rm -f module_diag_hailcast.G module_diag_hailcast.H module_diag_hailcast.bb
time mpif90 -f90=ifort -o module_diag_hailcast.o -c -O3 -ip -fp-model precise -w -ftz -align all -fno-alias -FR -convert big_endian    -I../dyn_em -I../dyn_nmm   -I/glade/work/rkumar/NASA_HMA/WRFchem_HMA/external/esmf_time_f90  -I/glade/work/rkumar/NASA_HMA/WRFchem_HMA/main -I/glade/work/rkumar/NASA_HMA/WRFchem_HMA/external/io_netcdf -I/glade/work/rkumar/NASA_HMA/WRFchem_HMA/external/io_int -I/glade/work/rkumar/NASA_HMA/WRFchem_HMA/frame -I/glade/work/rkumar/NASA_HMA/WRFchem_HMA/share -I/glade/work/rkumar/NASA_HMA/WRFchem_HMA/phys -I/glade/work/rkumar/NASA_HMA/WRFchem_HMA/chem -I/glade/work/rkumar/NASA_HMA/WRFchem_HMA/inc -I/glade/u/apps/ch/opt/netcdf/4.8.1/intel/19.1.1//include  -real-size `expr 8 \* 4` -i4  module_diag_hailcast.f90

real	0m2.828s
user	0m2.074s
sys	0m0.660s
rm -f module_fr_fire_util.o
sed -e "s/grid%mu/gridmu/g" -e "s/grid%Mu/gridMu/g" -e "s/^\!.*'.*//" -e "s/^ *\!.*'.*//" module_fr_fire_util.F > module_fr_fire_util.G
/lib/cpp -P -nostdinc -I/glade/work/rkumar/NASA_HMA/WRFchem_HMA/inc -DEM_CORE=1 -DNMM_CORE=0 -DNMM_MAX_DIM=2600 -DCOAMPS_CORE=0 -DDA_CORE=0 -DEXP_CORE=0 -DIWORDSIZE=4 -DDWORDSIZE=8 -DRWORDSIZE=4 -DLWORDSIZE=4 -DNONSTANDARD_SYSTEM_FUNC  -DWRF_USE_CLM  -DSNICAR_FRC    -DDM_PARALLEL -DNETCDF -DUSE_ALLOCATABLES -DGRIB1 -DINTIO -DKEEP_INT_AROUND -DLIMIT_ARGS -DCONFIG_BUF_LEN=65536 -DMAX_DOMAINS_F=21 -DMAX_HISTORY=25 -DNMM_NEST=0 -DWRF_CHEM -DBUILD_CHEM=1 -DWRF_KPP -I. -traditional-cpp   module_fr_fire_util.G  > module_fr_fire_util.H
sed -e "s/gridmu/grid%mu/g" -e "s/gridMu/grid%Mu/g" module_fr_fire_util.H > module_fr_fire_util.bb
/glade/work/rkumar/NASA_HMA/WRFchem_HMA/tools/standard.exe module_fr_fire_util.bb | /lib/cpp -P -nostdinc -traditional-cpp > module_fr_fire_util.f90
rm -f module_fr_fire_util.G module_fr_fire_util.H module_fr_fire_util.bb
time mpif90 -f90=ifort -o module_fr_fire_util.o -c -O3 -ip -fp-model precise -w -ftz -align all -fno-alias -FR -convert big_endian    -I../dyn_em -I../dyn_nmm   -I/glade/work/rkumar/NASA_HMA/WRFchem_HMA/external/esmf_time_f90  -I/glade/work/rkumar/NASA_HMA/WRFchem_HMA/main -I/glade/work/rkumar/NASA_HMA/WRFchem_HMA/external/io_netcdf -I/glade/work/rkumar/NASA_HMA/WRFchem_HMA/external/io_int -I/glade/work/rkumar/NASA_HMA/WRFchem_HMA/frame -I/glade/work/rkumar/NASA_HMA/WRFchem_HMA/share -I/glade/work/rkumar/NASA_HMA/WRFchem_HMA/phys -I/glade/work/rkumar/NASA_HMA/WRFchem_HMA/chem -I/glade/work/rkumar/NASA_HMA/WRFchem_HMA/inc -I/glade/u/apps/ch/opt/netcdf/4.8.1/intel/19.1.1//include  -real-size `expr 8 \* 4` -i4  module_fr_fire_util.f90

real	0m2.178s
user	0m1.610s
sys	0m0.506s
rm -f module_cam_support.o
sed -e "s/grid%mu/gridmu/g" -e "s/grid%Mu/gridMu/g" -e "s/^\!.*'.*//" -e "s/^ *\!.*'.*//" module_cam_support.F > module_cam_support.G
/lib/cpp -P -nostdinc -I/glade/work/rkumar/NASA_HMA/WRFchem_HMA/inc -DEM_CORE=1 -DNMM_CORE=0 -DNMM_MAX_DIM=2600 -DCOAMPS_CORE=0 -DDA_CORE=0 -DEXP_CORE=0 -DIWORDSIZE=4 -DDWORDSIZE=8 -DRWORDSIZE=4 -DLWORDSIZE=4 -DNONSTANDARD_SYSTEM_FUNC  -DWRF_USE_CLM  -DSNICAR_FRC    -DDM_PARALLEL -DNETCDF -DUSE_ALLOCATABLES -DGRIB1 -DINTIO -DKEEP_INT_AROUND -DLIMIT_ARGS -DCONFIG_BUF_LEN=65536 -DMAX_DOMAINS_F=21 -DMAX_HISTORY=25 -DNMM_NEST=0 -DWRF_CHEM -DBUILD_CHEM=1 -DWRF_KPP -I. -traditional-cpp   module_cam_support.G  > module_cam_support.H
sed -e "s/gridmu/grid%mu/g" -e "s/gridMu/grid%Mu/g" module_cam_support.H > module_cam_support.bb

real	0m5.563s
user	0m4.789s
sys	0m0.686s
rm -f module_cam_shr_const_mod.o
/glade/work/rkumar/NASA_HMA/WRFchem_HMA/tools/standard.exe module_cam_support.bb | /lib/cpp -P -nostdinc -traditional-cpp > module_cam_support.f90
sed -e "s/grid%mu/gridmu/g" -e "s/grid%Mu/gridMu/g" -e "s/^\!.*'.*//" -e "s/^ *\!.*'.*//" module_cam_shr_const_mod.F > module_cam_shr_const_mod.G
/lib/cpp -P -nostdinc -I/glade/work/rkumar/NASA_HMA/WRFchem_HMA/inc -DEM_CORE=1 -DNMM_CORE=0 -DNMM_MAX_DIM=2600 -DCOAMPS_CORE=0 -DDA_CORE=0 -DEXP_CORE=0 -DIWORDSIZE=4 -DDWORDSIZE=8 -DRWORDSIZE=4 -DLWORDSIZE=4 -DNONSTANDARD_SYSTEM_FUNC  -DWRF_USE_CLM  -DSNICAR_FRC    -DDM_PARALLEL -DNETCDF -DUSE_ALLOCATABLES -DGRIB1 -DINTIO -DKEEP_INT_AROUND -DLIMIT_ARGS -DCONFIG_BUF_LEN=65536 -DMAX_DOMAINS_F=21 -DMAX_HISTORY=25 -DNMM_NEST=0 -DWRF_CHEM -DBUILD_CHEM=1 -DWRF_KPP -I. -traditional-cpp   module_cam_shr_const_mod.G  > module_cam_shr_const_mod.H
rm -f module_cam_support.G module_cam_support.H module_cam_support.bb
sed -e "s/gridmu/grid%mu/g" -e "s/gridMu/grid%Mu/g" module_cam_shr_const_mod.H > module_cam_shr_const_mod.bb
time mpif90 -f90=ifort -o module_cam_support.o -c -O3 -ip -fp-model precise -w -ftz -align all -fno-alias -FR -convert big_endian    -I../dyn_em -I../dyn_nmm   -I/glade/work/rkumar/NASA_HMA/WRFchem_HMA/external/esmf_time_f90  -I/glade/work/rkumar/NASA_HMA/WRFchem_HMA/main -I/glade/work/rkumar/NASA_HMA/WRFchem_HMA/external/io_netcdf -I/glade/work/rkumar/NASA_HMA/WRFchem_HMA/external/io_int -I/glade/work/rkumar/NASA_HMA/WRFchem_HMA/frame -I/glade/work/rkumar/NASA_HMA/WRFchem_HMA/share -I/glade/work/rkumar/NASA_HMA/WRFchem_HMA/phys -I/glade/work/rkumar/NASA_HMA/WRFchem_HMA/chem -I/glade/work/rkumar/NASA_HMA/WRFchem_HMA/inc -I/glade/u/apps/ch/opt/netcdf/4.8.1/intel/19.1.1//include  -real-size `expr 8 \* 4` -i4  module_cam_support.f90
/glade/work/rkumar/NASA_HMA/WRFchem_HMA/tools/standard.exe module_cam_shr_const_mod.bb | /lib/cpp -P -nostdinc -traditional-cpp > module_cam_shr_const_mod.f90
rm -f module_cam_shr_const_mod.G module_cam_shr_const_mod.H module_cam_shr_const_mod.bb
time mpif90 -f90=ifort -o module_cam_shr_const_mod.o -c -O3 -ip -fp-model precise -w -ftz -align all -fno-alias -FR -convert big_endian    -I../dyn_em -I../dyn_nmm   -I/glade/work/rkumar/NASA_HMA/WRFchem_HMA/external/esmf_time_f90  -I/glade/work/rkumar/NASA_HMA/WRFchem_HMA/main -I/glade/work/rkumar/NASA_HMA/WRFchem_HMA/external/io_netcdf -I/glade/work/rkumar/NASA_HMA/WRFchem_HMA/external/io_int -I/glade/work/rkumar/NASA_HMA/WRFchem_HMA/frame -I/glade/work/rkumar/NASA_HMA/WRFchem_HMA/share -I/glade/work/rkumar/NASA_HMA/WRFchem_HMA/phys -I/glade/work/rkumar/NASA_HMA/WRFchem_HMA/chem -I/glade/work/rkumar/NASA_HMA/WRFchem_HMA/inc -I/glade/u/apps/ch/opt/netcdf/4.8.1/intel/19.1.1//include  -real-size `expr 8 \* 4` -i4  module_cam_shr_const_mod.f90

real	0m0.638s
user	0m0.100s
sys	0m0.477s
rm -f module_cam_infnan.o
sed -e "s/grid%mu/gridmu/g" -e "s/grid%Mu/gridMu/g" -e "s/^\!.*'.*//" -e "s/^ *\!.*'.*//" module_cam_infnan.F > module_cam_infnan.G
/lib/cpp -P -nostdinc -I/glade/work/rkumar/NASA_HMA/WRFchem_HMA/inc -DEM_CORE=1 -DNMM_CORE=0 -DNMM_MAX_DIM=2600 -DCOAMPS_CORE=0 -DDA_CORE=0 -DEXP_CORE=0 -DIWORDSIZE=4 -DDWORDSIZE=8 -DRWORDSIZE=4 -DLWORDSIZE=4 -DNONSTANDARD_SYSTEM_FUNC  -DWRF_USE_CLM  -DSNICAR_FRC    -DDM_PARALLEL -DNETCDF -DUSE_ALLOCATABLES -DGRIB1 -DINTIO -DKEEP_INT_AROUND -DLIMIT_ARGS -DCONFIG_BUF_LEN=65536 -DMAX_DOMAINS_F=21 -DMAX_HISTORY=25 -DNMM_NEST=0 -DWRF_CHEM -DBUILD_CHEM=1 -DWRF_KPP -I. -traditional-cpp   module_cam_infnan.G  > module_cam_infnan.H

real	0m0.587s
user	0m0.044s
sys	0m0.490s
rm -f module_gfs_physcons.o
sed -e "s/grid%mu/gridmu/g" -e "s/grid%Mu/gridMu/g" -e "s/^\!.*'.*//" -e "s/^ *\!.*'.*//" module_gfs_physcons.F > module_gfs_physcons.G
sed -e "s/gridmu/grid%mu/g" -e "s/gridMu/grid%Mu/g" module_cam_infnan.H > module_cam_infnan.bb
/lib/cpp -P -nostdinc -I/glade/work/rkumar/NASA_HMA/WRFchem_HMA/inc -DEM_CORE=1 -DNMM_CORE=0 -DNMM_MAX_DIM=2600 -DCOAMPS_CORE=0 -DDA_CORE=0 -DEXP_CORE=0 -DIWORDSIZE=4 -DDWORDSIZE=8 -DRWORDSIZE=4 -DLWORDSIZE=4 -DNONSTANDARD_SYSTEM_FUNC  -DWRF_USE_CLM  -DSNICAR_FRC    -DDM_PARALLEL -DNETCDF -DUSE_ALLOCATABLES -DGRIB1 -DINTIO -DKEEP_INT_AROUND -DLIMIT_ARGS -DCONFIG_BUF_LEN=65536 -DMAX_DOMAINS_F=21 -DMAX_HISTORY=25 -DNMM_NEST=0 -DWRF_CHEM -DBUILD_CHEM=1 -DWRF_KPP -I. -traditional-cpp   module_gfs_physcons.G  > module_gfs_physcons.H
/glade/work/rkumar/NASA_HMA/WRFchem_HMA/tools/standard.exe module_cam_infnan.bb | /lib/cpp -P -nostdinc -traditional-cpp > module_cam_infnan.f90
sed -e "s/gridmu/grid%mu/g" -e "s/gridMu/grid%Mu/g" module_gfs_physcons.H > module_gfs_physcons.bb
/glade/work/rkumar/NASA_HMA/WRFchem_HMA/tools/standard.exe module_gfs_physcons.bb | /lib/cpp -P -nostdinc -traditional-cpp > module_gfs_physcons.f90
rm -f module_cam_infnan.G module_cam_infnan.H module_cam_infnan.bb
time mpif90 -f90=ifort -o module_cam_infnan.o -c -O3 -ip -fp-model precise -w -ftz -align all -fno-alias -FR -convert big_endian    -I../dyn_em -I../dyn_nmm   -I/glade/work/rkumar/NASA_HMA/WRFchem_HMA/external/esmf_time_f90  -I/glade/work/rkumar/NASA_HMA/WRFchem_HMA/main -I/glade/work/rkumar/NASA_HMA/WRFchem_HMA/external/io_netcdf -I/glade/work/rkumar/NASA_HMA/WRFchem_HMA/external/io_int -I/glade/work/rkumar/NASA_HMA/WRFchem_HMA/frame -I/glade/work/rkumar/NASA_HMA/WRFchem_HMA/share -I/glade/work/rkumar/NASA_HMA/WRFchem_HMA/phys -I/glade/work/rkumar/NASA_HMA/WRFchem_HMA/chem -I/glade/work/rkumar/NASA_HMA/WRFchem_HMA/inc -I/glade/u/apps/ch/opt/netcdf/4.8.1/intel/19.1.1//include  -real-size `expr 8 \* 4` -i4  module_cam_infnan.f90
rm -f module_gfs_physcons.G module_gfs_physcons.H module_gfs_physcons.bb
time mpif90 -f90=ifort -o module_gfs_physcons.o -c -O3 -ip -fp-model precise -w -ftz -align all -fno-alias -FR -convert big_endian    -I../dyn_em -I../dyn_nmm   -I/glade/work/rkumar/NASA_HMA/WRFchem_HMA/external/esmf_time_f90  -I/glade/work/rkumar/NASA_HMA/WRFchem_HMA/main -I/glade/work/rkumar/NASA_HMA/WRFchem_HMA/external/io_netcdf -I/glade/work/rkumar/NASA_HMA/WRFchem_HMA/external/io_int -I/glade/work/rkumar/NASA_HMA/WRFchem_HMA/frame -I/glade/work/rkumar/NASA_HMA/WRFchem_HMA/share -I/glade/work/rkumar/NASA_HMA/WRFchem_HMA/phys -I/glade/work/rkumar/NASA_HMA/WRFchem_HMA/chem -I/glade/work/rkumar/NASA_HMA/WRFchem_HMA/inc -I/glade/u/apps/ch/opt/netcdf/4.8.1/intel/19.1.1//include  -real-size `expr 8 \* 4` -i4  module_gfs_physcons.f90

real	0m0.604s
user	0m0.063s
sys	0m0.486s
rm -f module_bl_fogdes.o
sed -e "s/grid%mu/gridmu/g" -e "s/grid%Mu/gridMu/g" -e "s/^\!.*'.*//" -e "s/^ *\!.*'.*//" module_bl_fogdes.F > module_bl_fogdes.G
/lib/cpp -P -nostdinc -I/glade/work/rkumar/NASA_HMA/WRFchem_HMA/inc -DEM_CORE=1 -DNMM_CORE=0 -DNMM_MAX_DIM=2600 -DCOAMPS_CORE=0 -DDA_CORE=0 -DEXP_CORE=0 -DIWORDSIZE=4 -DDWORDSIZE=8 -DRWORDSIZE=4 -DLWORDSIZE=4 -DNONSTANDARD_SYSTEM_FUNC  -DWRF_USE_CLM  -DSNICAR_FRC    -DDM_PARALLEL -DNETCDF -DUSE_ALLOCATABLES -DGRIB1 -DINTIO -DKEEP_INT_AROUND -DLIMIT_ARGS -DCONFIG_BUF_LEN=65536 -DMAX_DOMAINS_F=21 -DMAX_HISTORY=25 -DNMM_NEST=0 -DWRF_CHEM -DBUILD_CHEM=1 -DWRF_KPP -I. -traditional-cpp   module_bl_fogdes.G  > module_bl_fogdes.H

real	0m0.593s
user	0m0.056s
sys	0m0.483s
rm -f module_cu_gf_sh.o
sed -e "s/grid%mu/gridmu/g" -e "s/grid%Mu/gridMu/g" -e "s/^\!.*'.*//" -e "s/^ *\!.*'.*//" module_cu_gf_sh.F > module_cu_gf_sh.G
sed -e "s/gridmu/grid%mu/g" -e "s/gridMu/grid%Mu/g" module_bl_fogdes.H > module_bl_fogdes.bb
/lib/cpp -P -nostdinc -I/glade/work/rkumar/NASA_HMA/WRFchem_HMA/inc -DEM_CORE=1 -DNMM_CORE=0 -DNMM_MAX_DIM=2600 -DCOAMPS_CORE=0 -DDA_CORE=0 -DEXP_CORE=0 -DIWORDSIZE=4 -DDWORDSIZE=8 -DRWORDSIZE=4 -DLWORDSIZE=4 -DNONSTANDARD_SYSTEM_FUNC  -DWRF_USE_CLM  -DSNICAR_FRC    -DDM_PARALLEL -DNETCDF -DUSE_ALLOCATABLES -DGRIB1 -DINTIO -DKEEP_INT_AROUND -DLIMIT_ARGS -DCONFIG_BUF_LEN=65536 -DMAX_DOMAINS_F=21 -DMAX_HISTORY=25 -DNMM_NEST=0 -DWRF_CHEM -DBUILD_CHEM=1 -DWRF_KPP -I. -traditional-cpp   module_cu_gf_sh.G  > module_cu_gf_sh.H
/glade/work/rkumar/NASA_HMA/WRFchem_HMA/tools/standard.exe module_bl_fogdes.bb | /lib/cpp -P -nostdinc -traditional-cpp > module_bl_fogdes.f90
sed -e "s/gridmu/grid%mu/g" -e "s/gridMu/grid%Mu/g" module_cu_gf_sh.H > module_cu_gf_sh.bb
/glade/work/rkumar/NASA_HMA/WRFchem_HMA/tools/standard.exe module_cu_gf_sh.bb | /lib/cpp -P -nostdinc -traditional-cpp > module_cu_gf_sh.f90
rm -f module_bl_fogdes.G module_bl_fogdes.H module_bl_fogdes.bb
rm -f module_cu_gf_sh.G module_cu_gf_sh.H module_cu_gf_sh.bb
time mpif90 -f90=ifort -o module_bl_fogdes.o -c -O3 -ip -fp-model precise -w -ftz -align all -fno-alias -FR -convert big_endian    -I../dyn_em -I../dyn_nmm   -I/glade/work/rkumar/NASA_HMA/WRFchem_HMA/external/esmf_time_f90  -I/glade/work/rkumar/NASA_HMA/WRFchem_HMA/main -I/glade/work/rkumar/NASA_HMA/WRFchem_HMA/external/io_netcdf -I/glade/work/rkumar/NASA_HMA/WRFchem_HMA/external/io_int -I/glade/work/rkumar/NASA_HMA/WRFchem_HMA/frame -I/glade/work/rkumar/NASA_HMA/WRFchem_HMA/share -I/glade/work/rkumar/NASA_HMA/WRFchem_HMA/phys -I/glade/work/rkumar/NASA_HMA/WRFchem_HMA/chem -I/glade/work/rkumar/NASA_HMA/WRFchem_HMA/inc -I/glade/u/apps/ch/opt/netcdf/4.8.1/intel/19.1.1//include  -real-size `expr 8 \* 4` -i4  module_bl_fogdes.f90
time mpif90 -f90=ifort -o module_cu_gf_sh.o -c -O3 -ip -fp-model precise -w -ftz -align all -fno-alias -FR -convert big_endian    -I../dyn_em -I../dyn_nmm   -I/glade/work/rkumar/NASA_HMA/WRFchem_HMA/external/esmf_time_f90  -I/glade/work/rkumar/NASA_HMA/WRFchem_HMA/main -I/glade/work/rkumar/NASA_HMA/WRFchem_HMA/external/io_netcdf -I/glade/work/rkumar/NASA_HMA/WRFchem_HMA/external/io_int -I/glade/work/rkumar/NASA_HMA/WRFchem_HMA/frame -I/glade/work/rkumar/NASA_HMA/WRFchem_HMA/share -I/glade/work/rkumar/NASA_HMA/WRFchem_HMA/phys -I/glade/work/rkumar/NASA_HMA/WRFchem_HMA/chem -I/glade/work/rkumar/NASA_HMA/WRFchem_HMA/inc -I/glade/u/apps/ch/opt/netcdf/4.8.1/intel/19.1.1//include  -real-size `expr 8 \* 4` -i4  module_cu_gf_sh.f90

real	0m0.745s
user	0m0.098s
sys	0m0.649s
rm -f module_ra_rrtm.o
sed -e "s/grid%mu/gridmu/g" -e "s/grid%Mu/gridMu/g" -e "s/^\!.*'.*//" -e "s/^ *\!.*'.*//" module_ra_rrtm.F > module_ra_rrtm.G
/lib/cpp -P -nostdinc -I/glade/work/rkumar/NASA_HMA/WRFchem_HMA/inc -DEM_CORE=1 -DNMM_CORE=0 -DNMM_MAX_DIM=2600 -DCOAMPS_CORE=0 -DDA_CORE=0 -DEXP_CORE=0 -DIWORDSIZE=4 -DDWORDSIZE=8 -DRWORDSIZE=4 -DLWORDSIZE=4 -DNONSTANDARD_SYSTEM_FUNC  -DWRF_USE_CLM  -DSNICAR_FRC    -DDM_PARALLEL -DNETCDF -DUSE_ALLOCATABLES -DGRIB1 -DINTIO -DKEEP_INT_AROUND -DLIMIT_ARGS -DCONFIG_BUF_LEN=65536 -DMAX_DOMAINS_F=21 -DMAX_HISTORY=25 -DNMM_NEST=0 -DWRF_CHEM -DBUILD_CHEM=1 -DWRF_KPP -I. -traditional-cpp   module_ra_rrtm.G  > module_ra_rrtm.H
sed -e "s/gridmu/grid%mu/g" -e "s/gridMu/grid%Mu/g" module_ra_rrtm.H > module_ra_rrtm.bb
/glade/work/rkumar/NASA_HMA/WRFchem_HMA/tools/standard.exe module_ra_rrtm.bb | /lib/cpp -P -nostdinc -traditional-cpp > module_ra_rrtm.f90
rm -f module_ra_rrtm.G module_ra_rrtm.H module_ra_rrtm.bb
time mpif90 -f90=ifort -o module_ra_rrtm.o -c -O3 -ip -fp-model precise -w -ftz -align all -fno-alias -FR -convert big_endian    -I../dyn_em -I../dyn_nmm   -I/glade/work/rkumar/NASA_HMA/WRFchem_HMA/external/esmf_time_f90  -I/glade/work/rkumar/NASA_HMA/WRFchem_HMA/main -I/glade/work/rkumar/NASA_HMA/WRFchem_HMA/external/io_netcdf -I/glade/work/rkumar/NASA_HMA/WRFchem_HMA/external/io_int -I/glade/work/rkumar/NASA_HMA/WRFchem_HMA/frame -I/glade/work/rkumar/NASA_HMA/WRFchem_HMA/share -I/glade/work/rkumar/NASA_HMA/WRFchem_HMA/phys -I/glade/work/rkumar/NASA_HMA/WRFchem_HMA/chem -I/glade/work/rkumar/NASA_HMA/WRFchem_HMA/inc -I/glade/u/apps/ch/opt/netcdf/4.8.1/intel/19.1.1//include  -real-size `expr 8 \* 4` -i4  module_ra_rrtm.f90

real	0m2.130s
user	0m1.452s
sys	0m0.684s
rm -f module_ra_rrtmg_lw.o
sed -e "s/grid%mu/gridmu/g" -e "s/grid%Mu/gridMu/g" -e "s/^\!.*'.*//" -e "s/^ *\!.*'.*//" module_ra_rrtmg_lw.F > module_ra_rrtmg_lw.G
/lib/cpp -P -nostdinc -I/glade/work/rkumar/NASA_HMA/WRFchem_HMA/inc -DEM_CORE=1 -DNMM_CORE=0 -DNMM_MAX_DIM=2600 -DCOAMPS_CORE=0 -DDA_CORE=0 -DEXP_CORE=0 -DIWORDSIZE=4 -DDWORDSIZE=8 -DRWORDSIZE=4 -DLWORDSIZE=4 -DNONSTANDARD_SYSTEM_FUNC  -DWRF_USE_CLM  -DSNICAR_FRC    -DDM_PARALLEL -DNETCDF -DUSE_ALLOCATABLES -DGRIB1 -DINTIO -DKEEP_INT_AROUND -DLIMIT_ARGS -DCONFIG_BUF_LEN=65536 -DMAX_DOMAINS_F=21 -DMAX_HISTORY=25 -DNMM_NEST=0 -DWRF_CHEM -DBUILD_CHEM=1 -DWRF_KPP -I. -traditional-cpp   module_ra_rrtmg_lw.G  > module_ra_rrtmg_lw.H
sed -e "s/gridmu/grid%mu/g" -e "s/gridMu/grid%Mu/g" module_ra_rrtmg_lw.H > module_ra_rrtmg_lw.bb
/glade/work/rkumar/NASA_HMA/WRFchem_HMA/tools/standard.exe module_ra_rrtmg_lw.bb | /lib/cpp -P -nostdinc -traditional-cpp > module_ra_rrtmg_lw.f90
rm -f module_ra_rrtmg_lw.G module_ra_rrtmg_lw.H module_ra_rrtmg_lw.bb
time mpif90 -f90=ifort -o module_ra_rrtmg_lw.o -c -O3 -ip -fp-model precise -w -ftz -align all -fno-alias -FR -convert big_endian    -I../dyn_em -I../dyn_nmm   -I/glade/work/rkumar/NASA_HMA/WRFchem_HMA/external/esmf_time_f90  -I/glade/work/rkumar/NASA_HMA/WRFchem_HMA/main -I/glade/work/rkumar/NASA_HMA/WRFchem_HMA/external/io_netcdf -I/glade/work/rkumar/NASA_HMA/WRFchem_HMA/external/io_int -I/glade/work/rkumar/NASA_HMA/WRFchem_HMA/frame -I/glade/work/rkumar/NASA_HMA/WRFchem_HMA/share -I/glade/work/rkumar/NASA_HMA/WRFchem_HMA/phys -I/glade/work/rkumar/NASA_HMA/WRFchem_HMA/chem -I/glade/work/rkumar/NASA_HMA/WRFchem_HMA/inc -I/glade/u/apps/ch/opt/netcdf/4.8.1/intel/19.1.1//include  -real-size `expr 8 \* 4` -i4  module_ra_rrtmg_lw.f90

real	0m5.558s
user	0m4.943s
sys	0m0.555s
rm -f module_ra_rrtmg_lwf.o
sed -e "s/grid%mu/gridmu/g" -e "s/grid%Mu/gridMu/g" -e "s/^\!.*'.*//" -e "s/^ *\!.*'.*//" module_ra_rrtmg_lwf.F > module_ra_rrtmg_lwf.G
/lib/cpp -P -nostdinc -I/glade/work/rkumar/NASA_HMA/WRFchem_HMA/inc -DEM_CORE=1 -DNMM_CORE=0 -DNMM_MAX_DIM=2600 -DCOAMPS_CORE=0 -DDA_CORE=0 -DEXP_CORE=0 -DIWORDSIZE=4 -DDWORDSIZE=8 -DRWORDSIZE=4 -DLWORDSIZE=4 -DNONSTANDARD_SYSTEM_FUNC  -DWRF_USE_CLM  -DSNICAR_FRC    -DDM_PARALLEL -DNETCDF -DUSE_ALLOCATABLES -DGRIB1 -DINTIO -DKEEP_INT_AROUND -DLIMIT_ARGS -DCONFIG_BUF_LEN=65536 -DMAX_DOMAINS_F=21 -DMAX_HISTORY=25 -DNMM_NEST=0 -DWRF_CHEM -DBUILD_CHEM=1 -DWRF_KPP -I. -traditional-cpp   module_ra_rrtmg_lwf.G  > module_ra_rrtmg_lwf.H
sed -e "s/gridmu/grid%mu/g" -e "s/gridMu/grid%Mu/g" module_ra_rrtmg_lwf.H > module_ra_rrtmg_lwf.bb
/glade/work/rkumar/NASA_HMA/WRFchem_HMA/tools/standard.exe module_ra_rrtmg_lwf.bb | /lib/cpp -P -nostdinc -traditional-cpp > module_ra_rrtmg_lwf.f90
rm -f module_ra_rrtmg_lwf.G module_ra_rrtmg_lwf.H module_ra_rrtmg_lwf.bb
time mpif90 -f90=ifort -o module_ra_rrtmg_lwf.o -c -O3 -ip -fp-model precise -w -ftz -align all -fno-alias -FR -convert big_endian    -I../dyn_em -I../dyn_nmm   -I/glade/work/rkumar/NASA_HMA/WRFchem_HMA/external/esmf_time_f90  -I/glade/work/rkumar/NASA_HMA/WRFchem_HMA/main -I/glade/work/rkumar/NASA_HMA/WRFchem_HMA/external/io_netcdf -I/glade/work/rkumar/NASA_HMA/WRFchem_HMA/external/io_int -I/glade/work/rkumar/NASA_HMA/WRFchem_HMA/frame -I/glade/work/rkumar/NASA_HMA/WRFchem_HMA/share -I/glade/work/rkumar/NASA_HMA/WRFchem_HMA/phys -I/glade/work/rkumar/NASA_HMA/WRFchem_HMA/chem -I/glade/work/rkumar/NASA_HMA/WRFchem_HMA/inc -I/glade/u/apps/ch/opt/netcdf/4.8.1/intel/19.1.1//include  -real-size `expr 8 \* 4` -i4  module_ra_rrtmg_lwf.f90

real	0m25.017s
user	0m24.138s
sys	0m0.815s
rm -f module_ra_cam_support.o
sed -e "s/grid%mu/gridmu/g" -e "s/grid%Mu/gridMu/g" -e "s/^\!.*'.*//" -e "s/^ *\!.*'.*//" module_ra_cam_support.F > module_ra_cam_support.G
/lib/cpp -P -nostdinc -I/glade/work/rkumar/NASA_HMA/WRFchem_HMA/inc -DEM_CORE=1 -DNMM_CORE=0 -DNMM_MAX_DIM=2600 -DCOAMPS_CORE=0 -DDA_CORE=0 -DEXP_CORE=0 -DIWORDSIZE=4 -DDWORDSIZE=8 -DRWORDSIZE=4 -DLWORDSIZE=4 -DNONSTANDARD_SYSTEM_FUNC  -DWRF_USE_CLM  -DSNICAR_FRC    -DDM_PARALLEL -DNETCDF -DUSE_ALLOCATABLES -DGRIB1 -DINTIO -DKEEP_INT_AROUND -DLIMIT_ARGS -DCONFIG_BUF_LEN=65536 -DMAX_DOMAINS_F=21 -DMAX_HISTORY=25 -DNMM_NEST=0 -DWRF_CHEM -DBUILD_CHEM=1 -DWRF_KPP -I. -traditional-cpp   module_ra_cam_support.G  > module_ra_cam_support.H
sed -e "s/gridmu/grid%mu/g" -e "s/gridMu/grid%Mu/g" module_ra_cam_support.H > module_ra_cam_support.bb
/glade/work/rkumar/NASA_HMA/WRFchem_HMA/tools/standard.exe module_ra_cam_support.bb | /lib/cpp -P -nostdinc -traditional-cpp > module_ra_cam_support.f90
rm -f module_ra_cam_support.G module_ra_cam_support.H module_ra_cam_support.bb
time mpif90 -f90=ifort -o module_ra_cam_support.o -c -O3 -ip -fp-model precise -w -ftz -align all -fno-alias -FR -convert big_endian    -I../dyn_em -I../dyn_nmm   -I/glade/work/rkumar/NASA_HMA/WRFchem_HMA/external/esmf_time_f90  -I/glade/work/rkumar/NASA_HMA/WRFchem_HMA/main -I/glade/work/rkumar/NASA_HMA/WRFchem_HMA/external/io_netcdf -I/glade/work/rkumar/NASA_HMA/WRFchem_HMA/external/io_int -I/glade/work/rkumar/NASA_HMA/WRFchem_HMA/frame -I/glade/work/rkumar/NASA_HMA/WRFchem_HMA/share -I/glade/work/rkumar/NASA_HMA/WRFchem_HMA/phys -I/glade/work/rkumar/NASA_HMA/WRFchem_HMA/chem -I/glade/work/rkumar/NASA_HMA/WRFchem_HMA/inc -I/glade/u/apps/ch/opt/netcdf/4.8.1/intel/19.1.1//include  -real-size `expr 8 \* 4` -i4  module_ra_cam_support.f90

real	0m2.634s
user	0m1.906s
sys	0m0.624s
rm -f module_ra_gfdleta.o
sed -e "s/grid%mu/gridmu/g" -e "s/grid%Mu/gridMu/g" -e "s/^\!.*'.*//" -e "s/^ *\!.*'.*//" module_ra_gfdleta.F > module_ra_gfdleta.G
/lib/cpp -P -nostdinc -I/glade/work/rkumar/NASA_HMA/WRFchem_HMA/inc -DEM_CORE=1 -DNMM_CORE=0 -DNMM_MAX_DIM=2600 -DCOAMPS_CORE=0 -DDA_CORE=0 -DEXP_CORE=0 -DIWORDSIZE=4 -DDWORDSIZE=8 -DRWORDSIZE=4 -DLWORDSIZE=4 -DNONSTANDARD_SYSTEM_FUNC  -DWRF_USE_CLM  -DSNICAR_FRC    -DDM_PARALLEL -DNETCDF -DUSE_ALLOCATABLES -DGRIB1 -DINTIO -DKEEP_INT_AROUND -DLIMIT_ARGS -DCONFIG_BUF_LEN=65536 -DMAX_DOMAINS_F=21 -DMAX_HISTORY=25 -DNMM_NEST=0 -DWRF_CHEM -DBUILD_CHEM=1 -DWRF_KPP -I. -traditional-cpp   module_ra_gfdleta.G  > module_ra_gfdleta.H
sed -e "s/gridmu/grid%mu/g" -e "s/gridMu/grid%Mu/g" module_ra_gfdleta.H > module_ra_gfdleta.bb
/glade/work/rkumar/NASA_HMA/WRFchem_HMA/tools/standard.exe module_ra_gfdleta.bb | /lib/cpp -P -nostdinc -traditional-cpp > module_ra_gfdleta.f90
rm -f module_ra_gfdleta.G module_ra_gfdleta.H module_ra_gfdleta.bb
time mpif90 -f90=ifort -o module_ra_gfdleta.o -c -O3 -ip -fp-model precise -w -ftz -align all -fno-alias -FR -convert big_endian    -I../dyn_em -I../dyn_nmm   -I/glade/work/rkumar/NASA_HMA/WRFchem_HMA/external/esmf_time_f90  -I/glade/work/rkumar/NASA_HMA/WRFchem_HMA/main -I/glade/work/rkumar/NASA_HMA/WRFchem_HMA/external/io_netcdf -I/glade/work/rkumar/NASA_HMA/WRFchem_HMA/external/io_int -I/glade/work/rkumar/NASA_HMA/WRFchem_HMA/frame -I/glade/work/rkumar/NASA_HMA/WRFchem_HMA/share -I/glade/work/rkumar/NASA_HMA/WRFchem_HMA/phys -I/glade/work/rkumar/NASA_HMA/WRFchem_HMA/chem -I/glade/work/rkumar/NASA_HMA/WRFchem_HMA/inc -I/glade/u/apps/ch/opt/netcdf/4.8.1/intel/19.1.1//include  -real-size `expr 8 \* 4` -i4  module_ra_gfdleta.f90

real	0m38.262s
user	0m37.472s
sys	0m0.760s
rm -f module_ra_HWRF.o
sed -e "s/grid%mu/gridmu/g" -e "s/grid%Mu/gridMu/g" -e "s/^\!.*'.*//" -e "s/^ *\!.*'.*//" module_ra_HWRF.F > module_ra_HWRF.G
/lib/cpp -P -nostdinc -I/glade/work/rkumar/NASA_HMA/WRFchem_HMA/inc -DEM_CORE=1 -DNMM_CORE=0 -DNMM_MAX_DIM=2600 -DCOAMPS_CORE=0 -DDA_CORE=0 -DEXP_CORE=0 -DIWORDSIZE=4 -DDWORDSIZE=8 -DRWORDSIZE=4 -DLWORDSIZE=4 -DNONSTANDARD_SYSTEM_FUNC  -DWRF_USE_CLM  -DSNICAR_FRC    -DDM_PARALLEL -DNETCDF -DUSE_ALLOCATABLES -DGRIB1 -DINTIO -DKEEP_INT_AROUND -DLIMIT_ARGS -DCONFIG_BUF_LEN=65536 -DMAX_DOMAINS_F=21 -DMAX_HISTORY=25 -DNMM_NEST=0 -DWRF_CHEM -DBUILD_CHEM=1 -DWRF_KPP -I. -traditional-cpp   module_ra_HWRF.G  > module_ra_HWRF.H
sed -e "s/gridmu/grid%mu/g" -e "s/gridMu/grid%Mu/g" module_ra_HWRF.H > module_ra_HWRF.bb
/glade/work/rkumar/NASA_HMA/WRFchem_HMA/tools/standard.exe module_ra_HWRF.bb | /lib/cpp -P -nostdinc -traditional-cpp > module_ra_HWRF.f90
rm -f module_ra_HWRF.G module_ra_HWRF.H module_ra_HWRF.bb
time mpif90 -f90=ifort -o module_ra_HWRF.o -c -O3 -ip -fp-model precise -w -ftz -align all -fno-alias -FR -convert big_endian    -I../dyn_em -I../dyn_nmm   -I/glade/work/rkumar/NASA_HMA/WRFchem_HMA/external/esmf_time_f90  -I/glade/work/rkumar/NASA_HMA/WRFchem_HMA/main -I/glade/work/rkumar/NASA_HMA/WRFchem_HMA/external/io_netcdf -I/glade/work/rkumar/NASA_HMA/WRFchem_HMA/external/io_int -I/glade/work/rkumar/NASA_HMA/WRFchem_HMA/frame -I/glade/work/rkumar/NASA_HMA/WRFchem_HMA/share -I/glade/work/rkumar/NASA_HMA/WRFchem_HMA/phys -I/glade/work/rkumar/NASA_HMA/WRFchem_HMA/chem -I/glade/work/rkumar/NASA_HMA/WRFchem_HMA/inc -I/glade/u/apps/ch/opt/netcdf/4.8.1/intel/19.1.1//include  -real-size `expr 8 \* 4` -i4  module_ra_HWRF.f90

real	0m46.601s
user	0m45.756s
sys	0m0.779s
rm -f module_mp_thompson.o
sed -e "s/grid%mu/gridmu/g" -e "s/grid%Mu/gridMu/g" -e "s/^\!.*'.*//" -e "s/^ *\!.*'.*//" module_mp_thompson.F > module_mp_thompson.G
/lib/cpp -P -nostdinc -I/glade/work/rkumar/NASA_HMA/WRFchem_HMA/inc -DEM_CORE=1 -DNMM_CORE=0 -DNMM_MAX_DIM=2600 -DCOAMPS_CORE=0 -DDA_CORE=0 -DEXP_CORE=0 -DIWORDSIZE=4 -DDWORDSIZE=8 -DRWORDSIZE=4 -DLWORDSIZE=4 -DNONSTANDARD_SYSTEM_FUNC  -DWRF_USE_CLM  -DSNICAR_FRC    -DDM_PARALLEL -DNETCDF -DUSE_ALLOCATABLES -DGRIB1 -DINTIO -DKEEP_INT_AROUND -DLIMIT_ARGS -DCONFIG_BUF_LEN=65536 -DMAX_DOMAINS_F=21 -DMAX_HISTORY=25 -DNMM_NEST=0 -DWRF_CHEM -DBUILD_CHEM=1 -DWRF_KPP -I. -traditional-cpp   module_mp_thompson.G  > module_mp_thompson.H
sed -e "s/gridmu/grid%mu/g" -e "s/gridMu/grid%Mu/g" module_mp_thompson.H > module_mp_thompson.bb
/glade/work/rkumar/NASA_HMA/WRFchem_HMA/tools/standard.exe module_mp_thompson.bb | /lib/cpp -P -nostdinc -traditional-cpp > module_mp_thompson.f90
rm -f module_mp_thompson.G module_mp_thompson.H module_mp_thompson.bb
time mpif90 -f90=ifort -o module_mp_thompson.o -c -O3 -ip -fp-model precise -w -ftz -align all -fno-alias -FR -convert big_endian    -I../dyn_em -I../dyn_nmm   -I/glade/work/rkumar/NASA_HMA/WRFchem_HMA/external/esmf_time_f90  -I/glade/work/rkumar/NASA_HMA/WRFchem_HMA/main -I/glade/work/rkumar/NASA_HMA/WRFchem_HMA/external/io_netcdf -I/glade/work/rkumar/NASA_HMA/WRFchem_HMA/external/io_int -I/glade/work/rkumar/NASA_HMA/WRFchem_HMA/frame -I/glade/work/rkumar/NASA_HMA/WRFchem_HMA/share -I/glade/work/rkumar/NASA_HMA/WRFchem_HMA/phys -I/glade/work/rkumar/NASA_HMA/WRFchem_HMA/chem -I/glade/work/rkumar/NASA_HMA/WRFchem_HMA/inc -I/glade/u/apps/ch/opt/netcdf/4.8.1/intel/19.1.1//include  -real-size `expr 8 \* 4` -i4  module_mp_thompson.f90

real	0m48.349s
user	0m47.444s
sys	0m0.836s
rm -f module_mp_lin.o
sed -e "s/grid%mu/gridmu/g" -e "s/grid%Mu/gridMu/g" -e "s/^\!.*'.*//" -e "s/^ *\!.*'.*//" module_mp_lin.F > module_mp_lin.G
/lib/cpp -P -nostdinc -I/glade/work/rkumar/NASA_HMA/WRFchem_HMA/inc -DEM_CORE=1 -DNMM_CORE=0 -DNMM_MAX_DIM=2600 -DCOAMPS_CORE=0 -DDA_CORE=0 -DEXP_CORE=0 -DIWORDSIZE=4 -DDWORDSIZE=8 -DRWORDSIZE=4 -DLWORDSIZE=4 -DNONSTANDARD_SYSTEM_FUNC  -DWRF_USE_CLM  -DSNICAR_FRC    -DDM_PARALLEL -DNETCDF -DUSE_ALLOCATABLES -DGRIB1 -DINTIO -DKEEP_INT_AROUND -DLIMIT_ARGS -DCONFIG_BUF_LEN=65536 -DMAX_DOMAINS_F=21 -DMAX_HISTORY=25 -DNMM_NEST=0 -DWRF_CHEM -DBUILD_CHEM=1 -DWRF_KPP -I. -traditional-cpp   module_mp_lin.G  > module_mp_lin.H
sed -e "s/gridmu/grid%mu/g" -e "s/gridMu/grid%Mu/g" module_mp_lin.H > module_mp_lin.bb
/glade/work/rkumar/NASA_HMA/WRFchem_HMA/tools/standard.exe module_mp_lin.bb | /lib/cpp -P -nostdinc -traditional-cpp > module_mp_lin.f90
rm -f module_mp_lin.G module_mp_lin.H module_mp_lin.bb
time mpif90 -f90=ifort -o module_mp_lin.o -c -O3 -ip -fp-model precise -w -ftz -align all -fno-alias -FR -convert big_endian    -I../dyn_em -I../dyn_nmm   -I/glade/work/rkumar/NASA_HMA/WRFchem_HMA/external/esmf_time_f90  -I/glade/work/rkumar/NASA_HMA/WRFchem_HMA/main -I/glade/work/rkumar/NASA_HMA/WRFchem_HMA/external/io_netcdf -I/glade/work/rkumar/NASA_HMA/WRFchem_HMA/external/io_int -I/glade/work/rkumar/NASA_HMA/WRFchem_HMA/frame -I/glade/work/rkumar/NASA_HMA/WRFchem_HMA/share -I/glade/work/rkumar/NASA_HMA/WRFchem_HMA/phys -I/glade/work/rkumar/NASA_HMA/WRFchem_HMA/chem -I/glade/work/rkumar/NASA_HMA/WRFchem_HMA/inc -I/glade/u/apps/ch/opt/netcdf/4.8.1/intel/19.1.1//include  -real-size `expr 8 \* 4` -i4  module_mp_lin.f90

real	0m4.297s
user	0m3.677s
sys	0m0.557s
rm -f module_sf_noahmplsm.o
sed -e "s/grid%mu/gridmu/g" -e "s/grid%Mu/gridMu/g" -e "s/^\!.*'.*//" -e "s/^ *\!.*'.*//" module_sf_noahmplsm.F > module_sf_noahmplsm.G
/lib/cpp -P -nostdinc -I/glade/work/rkumar/NASA_HMA/WRFchem_HMA/inc -DEM_CORE=1 -DNMM_CORE=0 -DNMM_MAX_DIM=2600 -DCOAMPS_CORE=0 -DDA_CORE=0 -DEXP_CORE=0 -DIWORDSIZE=4 -DDWORDSIZE=8 -DRWORDSIZE=4 -DLWORDSIZE=4 -DNONSTANDARD_SYSTEM_FUNC  -DWRF_USE_CLM  -DSNICAR_FRC    -DDM_PARALLEL -DNETCDF -DUSE_ALLOCATABLES -DGRIB1 -DINTIO -DKEEP_INT_AROUND -DLIMIT_ARGS -DCONFIG_BUF_LEN=65536 -DMAX_DOMAINS_F=21 -DMAX_HISTORY=25 -DNMM_NEST=0 -DWRF_CHEM -DBUILD_CHEM=1 -DWRF_KPP -I. -traditional-cpp   module_sf_noahmplsm.G  > module_sf_noahmplsm.H
sed -e "s/gridmu/grid%mu/g" -e "s/gridMu/grid%Mu/g" module_sf_noahmplsm.H > module_sf_noahmplsm.bb
/glade/work/rkumar/NASA_HMA/WRFchem_HMA/tools/standard.exe module_sf_noahmplsm.bb | /lib/cpp -P -nostdinc -traditional-cpp > module_sf_noahmplsm.f90
rm -f module_sf_noahmplsm.G module_sf_noahmplsm.H module_sf_noahmplsm.bb
time mpif90 -f90=ifort -o module_sf_noahmplsm.o -c -O3 -ip -fp-model precise -w -ftz -align all -fno-alias -FR -convert big_endian    -I../dyn_em -I../dyn_nmm   -I/glade/work/rkumar/NASA_HMA/WRFchem_HMA/external/esmf_time_f90  -I/glade/work/rkumar/NASA_HMA/WRFchem_HMA/main -I/glade/work/rkumar/NASA_HMA/WRFchem_HMA/external/io_netcdf -I/glade/work/rkumar/NASA_HMA/WRFchem_HMA/external/io_int -I/glade/work/rkumar/NASA_HMA/WRFchem_HMA/frame -I/glade/work/rkumar/NASA_HMA/WRFchem_HMA/share -I/glade/work/rkumar/NASA_HMA/WRFchem_HMA/phys -I/glade/work/rkumar/NASA_HMA/WRFchem_HMA/chem -I/glade/work/rkumar/NASA_HMA/WRFchem_HMA/inc -I/glade/u/apps/ch/opt/netcdf/4.8.1/intel/19.1.1//include  -real-size `expr 8 \* 4` -i4  module_sf_noahmplsm.f90

real	0m13.057s
user	0m12.215s
sys	0m0.738s
rm -f module_sf_bep.o
sed -e "s/grid%mu/gridmu/g" -e "s/grid%Mu/gridMu/g" -e "s/^\!.*'.*//" -e "s/^ *\!.*'.*//" module_sf_bep.F > module_sf_bep.G
/lib/cpp -P -nostdinc -I/glade/work/rkumar/NASA_HMA/WRFchem_HMA/inc -DEM_CORE=1 -DNMM_CORE=0 -DNMM_MAX_DIM=2600 -DCOAMPS_CORE=0 -DDA_CORE=0 -DEXP_CORE=0 -DIWORDSIZE=4 -DDWORDSIZE=8 -DRWORDSIZE=4 -DLWORDSIZE=4 -DNONSTANDARD_SYSTEM_FUNC  -DWRF_USE_CLM  -DSNICAR_FRC    -DDM_PARALLEL -DNETCDF -DUSE_ALLOCATABLES -DGRIB1 -DINTIO -DKEEP_INT_AROUND -DLIMIT_ARGS -DCONFIG_BUF_LEN=65536 -DMAX_DOMAINS_F=21 -DMAX_HISTORY=25 -DNMM_NEST=0 -DWRF_CHEM -DBUILD_CHEM=1 -DWRF_KPP -I. -traditional-cpp   module_sf_bep.G  > module_sf_bep.H
sed -e "s/gridmu/grid%mu/g" -e "s/gridMu/grid%Mu/g" module_sf_bep.H > module_sf_bep.bb
/glade/work/rkumar/NASA_HMA/WRFchem_HMA/tools/standard.exe module_sf_bep.bb | /lib/cpp -P -nostdinc -traditional-cpp > module_sf_bep.f90
rm -f module_sf_bep.G module_sf_bep.H module_sf_bep.bb
time mpif90 -f90=ifort -o module_sf_bep.o -c -O3 -ip -fp-model precise -w -ftz -align all -fno-alias -FR -convert big_endian    -I../dyn_em -I../dyn_nmm   -I/glade/work/rkumar/NASA_HMA/WRFchem_HMA/external/esmf_time_f90  -I/glade/work/rkumar/NASA_HMA/WRFchem_HMA/main -I/glade/work/rkumar/NASA_HMA/WRFchem_HMA/external/io_netcdf -I/glade/work/rkumar/NASA_HMA/WRFchem_HMA/external/io_int -I/glade/work/rkumar/NASA_HMA/WRFchem_HMA/frame -I/glade/work/rkumar/NASA_HMA/WRFchem_HMA/share -I/glade/work/rkumar/NASA_HMA/WRFchem_HMA/phys -I/glade/work/rkumar/NASA_HMA/WRFchem_HMA/chem -I/glade/work/rkumar/NASA_HMA/WRFchem_HMA/inc -I/glade/u/apps/ch/opt/netcdf/4.8.1/intel/19.1.1//include  -real-size `expr 8 \* 4` -i4  module_sf_bep.f90

real	0m6.323s
user	0m5.685s
sys	0m0.562s
rm -f module_sf_bep_bem.o
sed -e "s/grid%mu/gridmu/g" -e "s/grid%Mu/gridMu/g" -e "s/^\!.*'.*//" -e "s/^ *\!.*'.*//" module_sf_bep_bem.F > module_sf_bep_bem.G
/lib/cpp -P -nostdinc -I/glade/work/rkumar/NASA_HMA/WRFchem_HMA/inc -DEM_CORE=1 -DNMM_CORE=0 -DNMM_MAX_DIM=2600 -DCOAMPS_CORE=0 -DDA_CORE=0 -DEXP_CORE=0 -DIWORDSIZE=4 -DDWORDSIZE=8 -DRWORDSIZE=4 -DLWORDSIZE=4 -DNONSTANDARD_SYSTEM_FUNC  -DWRF_USE_CLM  -DSNICAR_FRC    -DDM_PARALLEL -DNETCDF -DUSE_ALLOCATABLES -DGRIB1 -DINTIO -DKEEP_INT_AROUND -DLIMIT_ARGS -DCONFIG_BUF_LEN=65536 -DMAX_DOMAINS_F=21 -DMAX_HISTORY=25 -DNMM_NEST=0 -DWRF_CHEM -DBUILD_CHEM=1 -DWRF_KPP -I. -traditional-cpp   module_sf_bep_bem.G  > module_sf_bep_bem.H
sed -e "s/gridmu/grid%mu/g" -e "s/gridMu/grid%Mu/g" module_sf_bep_bem.H > module_sf_bep_bem.bb
/glade/work/rkumar/NASA_HMA/WRFchem_HMA/tools/standard.exe module_sf_bep_bem.bb | /lib/cpp -P -nostdinc -traditional-cpp > module_sf_bep_bem.f90
rm -f module_sf_bep_bem.G module_sf_bep_bem.H module_sf_bep_bem.bb
time mpif90 -f90=ifort -o module_sf_bep_bem.o -c -O3 -ip -fp-model precise -w -ftz -align all -fno-alias -FR -convert big_endian    -I../dyn_em -I../dyn_nmm   -I/glade/work/rkumar/NASA_HMA/WRFchem_HMA/external/esmf_time_f90  -I/glade/work/rkumar/NASA_HMA/WRFchem_HMA/main -I/glade/work/rkumar/NASA_HMA/WRFchem_HMA/external/io_netcdf -I/glade/work/rkumar/NASA_HMA/WRFchem_HMA/external/io_int -I/glade/work/rkumar/NASA_HMA/WRFchem_HMA/frame -I/glade/work/rkumar/NASA_HMA/WRFchem_HMA/share -I/glade/work/rkumar/NASA_HMA/WRFchem_HMA/phys -I/glade/work/rkumar/NASA_HMA/WRFchem_HMA/chem -I/glade/work/rkumar/NASA_HMA/WRFchem_HMA/inc -I/glade/u/apps/ch/opt/netcdf/4.8.1/intel/19.1.1//include  -real-size `expr 8 \* 4` -i4  module_sf_bep_bem.f90

real	0m6.665s
user	0m6.022s
sys	0m0.566s
rm -f module_sf_clm.o
sed -e "s/grid%mu/gridmu/g" -e "s/grid%Mu/gridMu/g" -e "s/^\!.*'.*//" -e "s/^ *\!.*'.*//" module_sf_clm.F > module_sf_clm.G
/lib/cpp -P -nostdinc -I/glade/work/rkumar/NASA_HMA/WRFchem_HMA/inc -DEM_CORE=1 -DNMM_CORE=0 -DNMM_MAX_DIM=2600 -DCOAMPS_CORE=0 -DDA_CORE=0 -DEXP_CORE=0 -DIWORDSIZE=4 -DDWORDSIZE=8 -DRWORDSIZE=4 -DLWORDSIZE=4 -DNONSTANDARD_SYSTEM_FUNC  -DWRF_USE_CLM  -DSNICAR_FRC    -DDM_PARALLEL -DNETCDF -DUSE_ALLOCATABLES -DGRIB1 -DINTIO -DKEEP_INT_AROUND -DLIMIT_ARGS -DCONFIG_BUF_LEN=65536 -DMAX_DOMAINS_F=21 -DMAX_HISTORY=25 -DNMM_NEST=0 -DWRF_CHEM -DBUILD_CHEM=1 -DWRF_KPP -I. -traditional-cpp   module_sf_clm.G  > module_sf_clm.H
sed -e "s/gridmu/grid%mu/g" -e "s/gridMu/grid%Mu/g" module_sf_clm.H > module_sf_clm.bb
/glade/work/rkumar/NASA_HMA/WRFchem_HMA/tools/standard.exe module_sf_clm.bb | /lib/cpp -P -nostdinc -traditional-cpp > module_sf_clm.f90
rm -f module_sf_clm.G module_sf_clm.H module_sf_clm.bb
time mpif90 -f90=ifort -o module_sf_clm.o -c -O3 -ip -fp-model precise -w -ftz -align all -fno-alias -FR -convert big_endian    -I../dyn_em -I../dyn_nmm   -I/glade/work/rkumar/NASA_HMA/WRFchem_HMA/external/esmf_time_f90  -I/glade/work/rkumar/NASA_HMA/WRFchem_HMA/main -I/glade/work/rkumar/NASA_HMA/WRFchem_HMA/external/io_netcdf -I/glade/work/rkumar/NASA_HMA/WRFchem_HMA/external/io_int -I/glade/work/rkumar/NASA_HMA/WRFchem_HMA/frame -I/glade/work/rkumar/NASA_HMA/WRFchem_HMA/share -I/glade/work/rkumar/NASA_HMA/WRFchem_HMA/phys -I/glade/work/rkumar/NASA_HMA/WRFchem_HMA/chem -I/glade/work/rkumar/NASA_HMA/WRFchem_HMA/inc -I/glade/u/apps/ch/opt/netcdf/4.8.1/intel/19.1.1//include  -real-size `expr 8 \* 4` -i4  module_sf_clm.f90

real	0m35.515s
user	0m34.707s
sys	0m0.743s
rm -f module_sf_noah_seaice_drv.o
sed -e "s/grid%mu/gridmu/g" -e "s/grid%Mu/gridMu/g" -e "s/^\!.*'.*//" -e "s/^ *\!.*'.*//" module_sf_noah_seaice_drv.F > module_sf_noah_seaice_drv.G
/lib/cpp -P -nostdinc -I/glade/work/rkumar/NASA_HMA/WRFchem_HMA/inc -DEM_CORE=1 -DNMM_CORE=0 -DNMM_MAX_DIM=2600 -DCOAMPS_CORE=0 -DDA_CORE=0 -DEXP_CORE=0 -DIWORDSIZE=4 -DDWORDSIZE=8 -DRWORDSIZE=4 -DLWORDSIZE=4 -DNONSTANDARD_SYSTEM_FUNC  -DWRF_USE_CLM  -DSNICAR_FRC    -DDM_PARALLEL -DNETCDF -DUSE_ALLOCATABLES -DGRIB1 -DINTIO -DKEEP_INT_AROUND -DLIMIT_ARGS -DCONFIG_BUF_LEN=65536 -DMAX_DOMAINS_F=21 -DMAX_HISTORY=25 -DNMM_NEST=0 -DWRF_CHEM -DBUILD_CHEM=1 -DWRF_KPP -I. -traditional-cpp   module_sf_noah_seaice_drv.G  > module_sf_noah_seaice_drv.H
sed -e "s/gridmu/grid%mu/g" -e "s/gridMu/grid%Mu/g" module_sf_noah_seaice_drv.H > module_sf_noah_seaice_drv.bb
/glade/work/rkumar/NASA_HMA/WRFchem_HMA/tools/standard.exe module_sf_noah_seaice_drv.bb | /lib/cpp -P -nostdinc -traditional-cpp > module_sf_noah_seaice_drv.f90
rm -f module_sf_noah_seaice_drv.G module_sf_noah_seaice_drv.H module_sf_noah_seaice_drv.bb
time mpif90 -f90=ifort -o module_sf_noah_seaice_drv.o -c -O3 -ip -fp-model precise -w -ftz -align all -fno-alias -FR -convert big_endian    -I../dyn_em -I../dyn_nmm   -I/glade/work/rkumar/NASA_HMA/WRFchem_HMA/external/esmf_time_f90  -I/glade/work/rkumar/NASA_HMA/WRFchem_HMA/main -I/glade/work/rkumar/NASA_HMA/WRFchem_HMA/external/io_netcdf -I/glade/work/rkumar/NASA_HMA/WRFchem_HMA/external/io_int -I/glade/work/rkumar/NASA_HMA/WRFchem_HMA/frame -I/glade/work/rkumar/NASA_HMA/WRFchem_HMA/share -I/glade/work/rkumar/NASA_HMA/WRFchem_HMA/phys -I/glade/work/rkumar/NASA_HMA/WRFchem_HMA/chem -I/glade/work/rkumar/NASA_HMA/WRFchem_HMA/inc -I/glade/u/apps/ch/opt/netcdf/4.8.1/intel/19.1.1//include  -real-size `expr 8 \* 4` -i4  module_sf_noah_seaice_drv.f90

real	0m0.785s
user	0m0.219s
sys	0m0.520s
rm -f module_sf_noahmp_groundwater.o
sed -e "s/grid%mu/gridmu/g" -e "s/grid%Mu/gridMu/g" -e "s/^\!.*'.*//" -e "s/^ *\!.*'.*//" module_sf_noahmp_groundwater.F > module_sf_noahmp_groundwater.G
/lib/cpp -P -nostdinc -I/glade/work/rkumar/NASA_HMA/WRFchem_HMA/inc -DEM_CORE=1 -DNMM_CORE=0 -DNMM_MAX_DIM=2600 -DCOAMPS_CORE=0 -DDA_CORE=0 -DEXP_CORE=0 -DIWORDSIZE=4 -DDWORDSIZE=8 -DRWORDSIZE=4 -DLWORDSIZE=4 -DNONSTANDARD_SYSTEM_FUNC  -DWRF_USE_CLM  -DSNICAR_FRC    -DDM_PARALLEL -DNETCDF -DUSE_ALLOCATABLES -DGRIB1 -DINTIO -DKEEP_INT_AROUND -DLIMIT_ARGS -DCONFIG_BUF_LEN=65536 -DMAX_DOMAINS_F=21 -DMAX_HISTORY=25 -DNMM_NEST=0 -DWRF_CHEM -DBUILD_CHEM=1 -DWRF_KPP -I. -traditional-cpp   module_sf_noahmp_groundwater.G  > module_sf_noahmp_groundwater.H
sed -e "s/gridmu/grid%mu/g" -e "s/gridMu/grid%Mu/g" module_sf_noahmp_groundwater.H > module_sf_noahmp_groundwater.bb
/glade/work/rkumar/NASA_HMA/WRFchem_HMA/tools/standard.exe module_sf_noahmp_groundwater.bb | /lib/cpp -P -nostdinc -traditional-cpp > module_sf_noahmp_groundwater.f90
rm -f module_sf_noahmp_groundwater.G module_sf_noahmp_groundwater.H module_sf_noahmp_groundwater.bb
time mpif90 -f90=ifort -o module_sf_noahmp_groundwater.o -c -O3 -ip -fp-model precise -w -ftz -align all -fno-alias -FR -convert big_endian    -I../dyn_em -I../dyn_nmm   -I/glade/work/rkumar/NASA_HMA/WRFchem_HMA/external/esmf_time_f90  -I/glade/work/rkumar/NASA_HMA/WRFchem_HMA/main -I/glade/work/rkumar/NASA_HMA/WRFchem_HMA/external/io_netcdf -I/glade/work/rkumar/NASA_HMA/WRFchem_HMA/external/io_int -I/glade/work/rkumar/NASA_HMA/WRFchem_HMA/frame -I/glade/work/rkumar/NASA_HMA/WRFchem_HMA/share -I/glade/work/rkumar/NASA_HMA/WRFchem_HMA/phys -I/glade/work/rkumar/NASA_HMA/WRFchem_HMA/chem -I/glade/work/rkumar/NASA_HMA/WRFchem_HMA/inc -I/glade/u/apps/ch/opt/netcdf/4.8.1/intel/19.1.1//include  -real-size `expr 8 \* 4` -i4  module_sf_noahmp_groundwater.f90

real	0m1.199s
user	0m0.631s
sys	0m0.509s
rm -f module_sf_pxlsm.o
sed -e "s/grid%mu/gridmu/g" -e "s/grid%Mu/gridMu/g" -e "s/^\!.*'.*//" -e "s/^ *\!.*'.*//" module_sf_pxlsm.F > module_sf_pxlsm.G
/lib/cpp -P -nostdinc -I/glade/work/rkumar/NASA_HMA/WRFchem_HMA/inc -DEM_CORE=1 -DNMM_CORE=0 -DNMM_MAX_DIM=2600 -DCOAMPS_CORE=0 -DDA_CORE=0 -DEXP_CORE=0 -DIWORDSIZE=4 -DDWORDSIZE=8 -DRWORDSIZE=4 -DLWORDSIZE=4 -DNONSTANDARD_SYSTEM_FUNC  -DWRF_USE_CLM  -DSNICAR_FRC    -DDM_PARALLEL -DNETCDF -DUSE_ALLOCATABLES -DGRIB1 -DINTIO -DKEEP_INT_AROUND -DLIMIT_ARGS -DCONFIG_BUF_LEN=65536 -DMAX_DOMAINS_F=21 -DMAX_HISTORY=25 -DNMM_NEST=0 -DWRF_CHEM -DBUILD_CHEM=1 -DWRF_KPP -I. -traditional-cpp   module_sf_pxlsm.G  > module_sf_pxlsm.H
sed -e "s/gridmu/grid%mu/g" -e "s/gridMu/grid%Mu/g" module_sf_pxlsm.H > module_sf_pxlsm.bb
/glade/work/rkumar/NASA_HMA/WRFchem_HMA/tools/standard.exe module_sf_pxlsm.bb | /lib/cpp -P -nostdinc -traditional-cpp > module_sf_pxlsm.f90
rm -f module_sf_pxlsm.G module_sf_pxlsm.H module_sf_pxlsm.bb
time mpif90 -f90=ifort -o module_sf_pxlsm.o -c -O3 -ip -fp-model precise -w -ftz -align all -fno-alias -FR -convert big_endian    -I../dyn_em -I../dyn_nmm   -I/glade/work/rkumar/NASA_HMA/WRFchem_HMA/external/esmf_time_f90  -I/glade/work/rkumar/NASA_HMA/WRFchem_HMA/main -I/glade/work/rkumar/NASA_HMA/WRFchem_HMA/external/io_netcdf -I/glade/work/rkumar/NASA_HMA/WRFchem_HMA/external/io_int -I/glade/work/rkumar/NASA_HMA/WRFchem_HMA/frame -I/glade/work/rkumar/NASA_HMA/WRFchem_HMA/share -I/glade/work/rkumar/NASA_HMA/WRFchem_HMA/phys -I/glade/work/rkumar/NASA_HMA/WRFchem_HMA/chem -I/glade/work/rkumar/NASA_HMA/WRFchem_HMA/inc -I/glade/u/apps/ch/opt/netcdf/4.8.1/intel/19.1.1//include  -real-size `expr 8 \* 4` -i4  module_sf_pxlsm.f90

real	0m1.577s
user	0m1.007s
sys	0m0.514s
rm -f module_sf_ocean_driver.o
sed -e "s/grid%mu/gridmu/g" -e "s/grid%Mu/gridMu/g" -e "s/^\!.*'.*//" -e "s/^ *\!.*'.*//" module_sf_ocean_driver.F > module_sf_ocean_driver.G
/lib/cpp -P -nostdinc -I/glade/work/rkumar/NASA_HMA/WRFchem_HMA/inc -DEM_CORE=1 -DNMM_CORE=0 -DNMM_MAX_DIM=2600 -DCOAMPS_CORE=0 -DDA_CORE=0 -DEXP_CORE=0 -DIWORDSIZE=4 -DDWORDSIZE=8 -DRWORDSIZE=4 -DLWORDSIZE=4 -DNONSTANDARD_SYSTEM_FUNC  -DWRF_USE_CLM  -DSNICAR_FRC    -DDM_PARALLEL -DNETCDF -DUSE_ALLOCATABLES -DGRIB1 -DINTIO -DKEEP_INT_AROUND -DLIMIT_ARGS -DCONFIG_BUF_LEN=65536 -DMAX_DOMAINS_F=21 -DMAX_HISTORY=25 -DNMM_NEST=0 -DWRF_CHEM -DBUILD_CHEM=1 -DWRF_KPP -I. -traditional-cpp   module_sf_ocean_driver.G  > module_sf_ocean_driver.H
sed -e "s/gridmu/grid%mu/g" -e "s/gridMu/grid%Mu/g" module_sf_ocean_driver.H > module_sf_ocean_driver.bb
/glade/work/rkumar/NASA_HMA/WRFchem_HMA/tools/standard.exe module_sf_ocean_driver.bb | /lib/cpp -P -nostdinc -traditional-cpp > module_sf_ocean_driver.f90
rm -f module_sf_ocean_driver.G module_sf_ocean_driver.H module_sf_ocean_driver.bb
time mpif90 -f90=ifort -o module_sf_ocean_driver.o -c -O3 -ip -fp-model precise -w -ftz -align all -fno-alias -FR -convert big_endian    -I../dyn_em -I../dyn_nmm   -I/glade/work/rkumar/NASA_HMA/WRFchem_HMA/external/esmf_time_f90  -I/glade/work/rkumar/NASA_HMA/WRFchem_HMA/main -I/glade/work/rkumar/NASA_HMA/WRFchem_HMA/external/io_netcdf -I/glade/work/rkumar/NASA_HMA/WRFchem_HMA/external/io_int -I/glade/work/rkumar/NASA_HMA/WRFchem_HMA/frame -I/glade/work/rkumar/NASA_HMA/WRFchem_HMA/share -I/glade/work/rkumar/NASA_HMA/WRFchem_HMA/phys -I/glade/work/rkumar/NASA_HMA/WRFchem_HMA/chem -I/glade/work/rkumar/NASA_HMA/WRFchem_HMA/inc -I/glade/u/apps/ch/opt/netcdf/4.8.1/intel/19.1.1//include  -real-size `expr 8 \* 4` -i4  module_sf_ocean_driver.f90

real	0m0.732s
user	0m0.091s
sys	0m0.576s
rm -f module_lightning_driver.o
sed -e "s/grid%mu/gridmu/g" -e "s/grid%Mu/gridMu/g" -e "s/^\!.*'.*//" -e "s/^ *\!.*'.*//" module_lightning_driver.F > module_lightning_driver.G
/lib/cpp -P -nostdinc -I/glade/work/rkumar/NASA_HMA/WRFchem_HMA/inc -DEM_CORE=1 -DNMM_CORE=0 -DNMM_MAX_DIM=2600 -DCOAMPS_CORE=0 -DDA_CORE=0 -DEXP_CORE=0 -DIWORDSIZE=4 -DDWORDSIZE=8 -DRWORDSIZE=4 -DLWORDSIZE=4 -DNONSTANDARD_SYSTEM_FUNC  -DWRF_USE_CLM  -DSNICAR_FRC    -DDM_PARALLEL -DNETCDF -DUSE_ALLOCATABLES -DGRIB1 -DINTIO -DKEEP_INT_AROUND -DLIMIT_ARGS -DCONFIG_BUF_LEN=65536 -DMAX_DOMAINS_F=21 -DMAX_HISTORY=25 -DNMM_NEST=0 -DWRF_CHEM -DBUILD_CHEM=1 -DWRF_KPP -I. -traditional-cpp   module_lightning_driver.G  > module_lightning_driver.H
sed -e "s/gridmu/grid%mu/g" -e "s/gridMu/grid%Mu/g" module_lightning_driver.H > module_lightning_driver.bb
/glade/work/rkumar/NASA_HMA/WRFchem_HMA/tools/standard.exe module_lightning_driver.bb | /lib/cpp -P -nostdinc -traditional-cpp > module_lightning_driver.f90
rm -f module_lightning_driver.G module_lightning_driver.H module_lightning_driver.bb
time mpif90 -f90=ifort -o module_lightning_driver.o -c -O3 -ip -fp-model precise -w -ftz -align all -fno-alias -FR -convert big_endian    -I../dyn_em -I../dyn_nmm   -I/glade/work/rkumar/NASA_HMA/WRFchem_HMA/external/esmf_time_f90  -I/glade/work/rkumar/NASA_HMA/WRFchem_HMA/main -I/glade/work/rkumar/NASA_HMA/WRFchem_HMA/external/io_netcdf -I/glade/work/rkumar/NASA_HMA/WRFchem_HMA/external/io_int -I/glade/work/rkumar/NASA_HMA/WRFchem_HMA/frame -I/glade/work/rkumar/NASA_HMA/WRFchem_HMA/share -I/glade/work/rkumar/NASA_HMA/WRFchem_HMA/phys -I/glade/work/rkumar/NASA_HMA/WRFchem_HMA/chem -I/glade/work/rkumar/NASA_HMA/WRFchem_HMA/inc -I/glade/u/apps/ch/opt/netcdf/4.8.1/intel/19.1.1//include  -real-size `expr 8 \* 4` -i4  module_lightning_driver.f90

real	0m0.951s
user	0m0.340s
sys	0m0.578s
rm -f module_diag_rasm.o
sed -e "s/grid%mu/gridmu/g" -e "s/grid%Mu/gridMu/g" -e "s/^\!.*'.*//" -e "s/^ *\!.*'.*//" module_diag_rasm.F > module_diag_rasm.G
/lib/cpp -P -nostdinc -I/glade/work/rkumar/NASA_HMA/WRFchem_HMA/inc -DEM_CORE=1 -DNMM_CORE=0 -DNMM_MAX_DIM=2600 -DCOAMPS_CORE=0 -DDA_CORE=0 -DEXP_CORE=0 -DIWORDSIZE=4 -DDWORDSIZE=8 -DRWORDSIZE=4 -DLWORDSIZE=4 -DNONSTANDARD_SYSTEM_FUNC  -DWRF_USE_CLM  -DSNICAR_FRC    -DDM_PARALLEL -DNETCDF -DUSE_ALLOCATABLES -DGRIB1 -DINTIO -DKEEP_INT_AROUND -DLIMIT_ARGS -DCONFIG_BUF_LEN=65536 -DMAX_DOMAINS_F=21 -DMAX_HISTORY=25 -DNMM_NEST=0 -DWRF_CHEM -DBUILD_CHEM=1 -DWRF_KPP -I. -traditional-cpp   module_diag_rasm.G  > module_diag_rasm.H
sed -e "s/gridmu/grid%mu/g" -e "s/gridMu/grid%Mu/g" module_diag_rasm.H > module_diag_rasm.bb
/glade/work/rkumar/NASA_HMA/WRFchem_HMA/tools/standard.exe module_diag_rasm.bb | /lib/cpp -P -nostdinc -traditional-cpp > module_diag_rasm.f90
rm -f module_diag_rasm.G module_diag_rasm.H module_diag_rasm.bb
time mpif90 -f90=ifort -o module_diag_rasm.o -c -O3 -ip -fp-model precise -w -ftz -align all -fno-alias -FR -convert big_endian    -I../dyn_em -I../dyn_nmm   -I/glade/work/rkumar/NASA_HMA/WRFchem_HMA/external/esmf_time_f90  -I/glade/work/rkumar/NASA_HMA/WRFchem_HMA/main -I/glade/work/rkumar/NASA_HMA/WRFchem_HMA/external/io_netcdf -I/glade/work/rkumar/NASA_HMA/WRFchem_HMA/external/io_int -I/glade/work/rkumar/NASA_HMA/WRFchem_HMA/frame -I/glade/work/rkumar/NASA_HMA/WRFchem_HMA/share -I/glade/work/rkumar/NASA_HMA/WRFchem_HMA/phys -I/glade/work/rkumar/NASA_HMA/WRFchem_HMA/chem -I/glade/work/rkumar/NASA_HMA/WRFchem_HMA/inc -I/glade/u/apps/ch/opt/netcdf/4.8.1/intel/19.1.1//include  -real-size `expr 8 \* 4` -i4  module_diag_rasm.f90

real	0m4.097s
user	0m3.419s
sys	0m0.628s
rm -f module_fr_fire_phys.o
sed -e "s/grid%mu/gridmu/g" -e "s/grid%Mu/gridMu/g" -e "s/^\!.*'.*//" -e "s/^ *\!.*'.*//" module_fr_fire_phys.F > module_fr_fire_phys.G
/lib/cpp -P -nostdinc -I/glade/work/rkumar/NASA_HMA/WRFchem_HMA/inc -DEM_CORE=1 -DNMM_CORE=0 -DNMM_MAX_DIM=2600 -DCOAMPS_CORE=0 -DDA_CORE=0 -DEXP_CORE=0 -DIWORDSIZE=4 -DDWORDSIZE=8 -DRWORDSIZE=4 -DLWORDSIZE=4 -DNONSTANDARD_SYSTEM_FUNC  -DWRF_USE_CLM  -DSNICAR_FRC    -DDM_PARALLEL -DNETCDF -DUSE_ALLOCATABLES -DGRIB1 -DINTIO -DKEEP_INT_AROUND -DLIMIT_ARGS -DCONFIG_BUF_LEN=65536 -DMAX_DOMAINS_F=21 -DMAX_HISTORY=25 -DNMM_NEST=0 -DWRF_CHEM -DBUILD_CHEM=1 -DWRF_KPP -I. -traditional-cpp   module_fr_fire_phys.G  > module_fr_fire_phys.H
sed -e "s/gridmu/grid%mu/g" -e "s/gridMu/grid%Mu/g" module_fr_fire_phys.H > module_fr_fire_phys.bb
/glade/work/rkumar/NASA_HMA/WRFchem_HMA/tools/standard.exe module_fr_fire_phys.bb | /lib/cpp -P -nostdinc -traditional-cpp > module_fr_fire_phys.f90
rm -f module_fr_fire_phys.G module_fr_fire_phys.H module_fr_fire_phys.bb
time mpif90 -f90=ifort -o module_fr_fire_phys.o -c -O3 -ip -fp-model precise -w -ftz -align all -fno-alias -FR -convert big_endian    -I../dyn_em -I../dyn_nmm   -I/glade/work/rkumar/NASA_HMA/WRFchem_HMA/external/esmf_time_f90  -I/glade/work/rkumar/NASA_HMA/WRFchem_HMA/main -I/glade/work/rkumar/NASA_HMA/WRFchem_HMA/external/io_netcdf -I/glade/work/rkumar/NASA_HMA/WRFchem_HMA/external/io_int -I/glade/work/rkumar/NASA_HMA/WRFchem_HMA/frame -I/glade/work/rkumar/NASA_HMA/WRFchem_HMA/share -I/glade/work/rkumar/NASA_HMA/WRFchem_HMA/phys -I/glade/work/rkumar/NASA_HMA/WRFchem_HMA/chem -I/glade/work/rkumar/NASA_HMA/WRFchem_HMA/inc -I/glade/u/apps/ch/opt/netcdf/4.8.1/intel/19.1.1//include  -real-size `expr 8 \* 4` -i4  module_fr_fire_phys.f90

real	0m1.195s
user	0m0.574s
sys	0m0.537s
rm -f module_fr_fire_atm.o
sed -e "s/grid%mu/gridmu/g" -e "s/grid%Mu/gridMu/g" -e "s/^\!.*'.*//" -e "s/^ *\!.*'.*//" module_fr_fire_atm.F > module_fr_fire_atm.G
/lib/cpp -P -nostdinc -I/glade/work/rkumar/NASA_HMA/WRFchem_HMA/inc -DEM_CORE=1 -DNMM_CORE=0 -DNMM_MAX_DIM=2600 -DCOAMPS_CORE=0 -DDA_CORE=0 -DEXP_CORE=0 -DIWORDSIZE=4 -DDWORDSIZE=8 -DRWORDSIZE=4 -DLWORDSIZE=4 -DNONSTANDARD_SYSTEM_FUNC  -DWRF_USE_CLM  -DSNICAR_FRC    -DDM_PARALLEL -DNETCDF -DUSE_ALLOCATABLES -DGRIB1 -DINTIO -DKEEP_INT_AROUND -DLIMIT_ARGS -DCONFIG_BUF_LEN=65536 -DMAX_DOMAINS_F=21 -DMAX_HISTORY=25 -DNMM_NEST=0 -DWRF_CHEM -DBUILD_CHEM=1 -DWRF_KPP -I. -traditional-cpp   module_fr_fire_atm.G  > module_fr_fire_atm.H
sed -e "s/gridmu/grid%mu/g" -e "s/gridMu/grid%Mu/g" module_fr_fire_atm.H > module_fr_fire_atm.bb
/glade/work/rkumar/NASA_HMA/WRFchem_HMA/tools/standard.exe module_fr_fire_atm.bb | /lib/cpp -P -nostdinc -traditional-cpp > module_fr_fire_atm.f90
rm -f module_fr_fire_atm.G module_fr_fire_atm.H module_fr_fire_atm.bb
time mpif90 -f90=ifort -o module_fr_fire_atm.o -c -O3 -ip -fp-model precise -w -ftz -align all -fno-alias -FR -convert big_endian    -I../dyn_em -I../dyn_nmm   -I/glade/work/rkumar/NASA_HMA/WRFchem_HMA/external/esmf_time_f90  -I/glade/work/rkumar/NASA_HMA/WRFchem_HMA/main -I/glade/work/rkumar/NASA_HMA/WRFchem_HMA/external/io_netcdf -I/glade/work/rkumar/NASA_HMA/WRFchem_HMA/external/io_int -I/glade/work/rkumar/NASA_HMA/WRFchem_HMA/frame -I/glade/work/rkumar/NASA_HMA/WRFchem_HMA/share -I/glade/work/rkumar/NASA_HMA/WRFchem_HMA/phys -I/glade/work/rkumar/NASA_HMA/WRFchem_HMA/chem -I/glade/work/rkumar/NASA_HMA/WRFchem_HMA/inc -I/glade/u/apps/ch/opt/netcdf/4.8.1/intel/19.1.1//include  -real-size `expr 8 \* 4` -i4  module_fr_fire_atm.f90

real	0m0.799s
user	0m0.185s
sys	0m0.575s
rm -f module_cam_physconst.o
sed -e "s/grid%mu/gridmu/g" -e "s/grid%Mu/gridMu/g" -e "s/^\!.*'.*//" -e "s/^ *\!.*'.*//" module_cam_physconst.F > module_cam_physconst.G
/lib/cpp -P -nostdinc -I/glade/work/rkumar/NASA_HMA/WRFchem_HMA/inc -DEM_CORE=1 -DNMM_CORE=0 -DNMM_MAX_DIM=2600 -DCOAMPS_CORE=0 -DDA_CORE=0 -DEXP_CORE=0 -DIWORDSIZE=4 -DDWORDSIZE=8 -DRWORDSIZE=4 -DLWORDSIZE=4 -DNONSTANDARD_SYSTEM_FUNC  -DWRF_USE_CLM  -DSNICAR_FRC    -DDM_PARALLEL -DNETCDF -DUSE_ALLOCATABLES -DGRIB1 -DINTIO -DKEEP_INT_AROUND -DLIMIT_ARGS -DCONFIG_BUF_LEN=65536 -DMAX_DOMAINS_F=21 -DMAX_HISTORY=25 -DNMM_NEST=0 -DWRF_CHEM -DBUILD_CHEM=1 -DWRF_KPP -I. -traditional-cpp   module_cam_physconst.G  > module_cam_physconst.H
sed -e "s/gridmu/grid%mu/g" -e "s/gridMu/grid%Mu/g" module_cam_physconst.H > module_cam_physconst.bb
/glade/work/rkumar/NASA_HMA/WRFchem_HMA/tools/standard.exe module_cam_physconst.bb | /lib/cpp -P -nostdinc -traditional-cpp > module_cam_physconst.f90
rm -f module_cam_physconst.G module_cam_physconst.H module_cam_physconst.bb
time mpif90 -f90=ifort -o module_cam_physconst.o -c -O3 -ip -fp-model precise -w -ftz -align all -fno-alias -FR -convert big_endian    -I../dyn_em -I../dyn_nmm   -I/glade/work/rkumar/NASA_HMA/WRFchem_HMA/external/esmf_time_f90  -I/glade/work/rkumar/NASA_HMA/WRFchem_HMA/main -I/glade/work/rkumar/NASA_HMA/WRFchem_HMA/external/io_netcdf -I/glade/work/rkumar/NASA_HMA/WRFchem_HMA/external/io_int -I/glade/work/rkumar/NASA_HMA/WRFchem_HMA/frame -I/glade/work/rkumar/NASA_HMA/WRFchem_HMA/share -I/glade/work/rkumar/NASA_HMA/WRFchem_HMA/phys -I/glade/work/rkumar/NASA_HMA/WRFchem_HMA/chem -I/glade/work/rkumar/NASA_HMA/WRFchem_HMA/inc -I/glade/u/apps/ch/opt/netcdf/4.8.1/intel/19.1.1//include  -real-size `expr 8 \* 4` -i4  module_cam_physconst.f90

real	0m0.616s
user	0m0.070s
sys	0m0.474s
rm -f module_cam_trb_mtn_stress.o
sed -e "s/grid%mu/gridmu/g" -e "s/grid%Mu/gridMu/g" -e "s/^\!.*'.*//" -e "s/^ *\!.*'.*//" module_cam_trb_mtn_stress.F > module_cam_trb_mtn_stress.G
/lib/cpp -P -nostdinc -I/glade/work/rkumar/NASA_HMA/WRFchem_HMA/inc -DEM_CORE=1 -DNMM_CORE=0 -DNMM_MAX_DIM=2600 -DCOAMPS_CORE=0 -DDA_CORE=0 -DEXP_CORE=0 -DIWORDSIZE=4 -DDWORDSIZE=8 -DRWORDSIZE=4 -DLWORDSIZE=4 -DNONSTANDARD_SYSTEM_FUNC  -DWRF_USE_CLM  -DSNICAR_FRC    -DDM_PARALLEL -DNETCDF -DUSE_ALLOCATABLES -DGRIB1 -DINTIO -DKEEP_INT_AROUND -DLIMIT_ARGS -DCONFIG_BUF_LEN=65536 -DMAX_DOMAINS_F=21 -DMAX_HISTORY=25 -DNMM_NEST=0 -DWRF_CHEM -DBUILD_CHEM=1 -DWRF_KPP -I. -traditional-cpp   module_cam_trb_mtn_stress.G  > module_cam_trb_mtn_stress.H
sed -e "s/gridmu/grid%mu/g" -e "s/gridMu/grid%Mu/g" module_cam_trb_mtn_stress.H > module_cam_trb_mtn_stress.bb
/glade/work/rkumar/NASA_HMA/WRFchem_HMA/tools/standard.exe module_cam_trb_mtn_stress.bb | /lib/cpp -P -nostdinc -traditional-cpp > module_cam_trb_mtn_stress.f90
rm -f module_cam_trb_mtn_stress.G module_cam_trb_mtn_stress.H module_cam_trb_mtn_stress.bb
time mpif90 -f90=ifort -o module_cam_trb_mtn_stress.o -c -O3 -ip -fp-model precise -w -ftz -align all -fno-alias -FR -convert big_endian    -I../dyn_em -I../dyn_nmm   -I/glade/work/rkumar/NASA_HMA/WRFchem_HMA/external/esmf_time_f90  -I/glade/work/rkumar/NASA_HMA/WRFchem_HMA/main -I/glade/work/rkumar/NASA_HMA/WRFchem_HMA/external/io_netcdf -I/glade/work/rkumar/NASA_HMA/WRFchem_HMA/external/io_int -I/glade/work/rkumar/NASA_HMA/WRFchem_HMA/frame -I/glade/work/rkumar/NASA_HMA/WRFchem_HMA/share -I/glade/work/rkumar/NASA_HMA/WRFchem_HMA/phys -I/glade/work/rkumar/NASA_HMA/WRFchem_HMA/chem -I/glade/work/rkumar/NASA_HMA/WRFchem_HMA/inc -I/glade/u/apps/ch/opt/netcdf/4.8.1/intel/19.1.1//include  -real-size `expr 8 \* 4` -i4  module_cam_trb_mtn_stress.f90

real	0m0.790s
user	0m0.076s
sys	0m0.561s
rm -f module_cam_upper_bc.o
sed -e "s/grid%mu/gridmu/g" -e "s/grid%Mu/gridMu/g" -e "s/^\!.*'.*//" -e "s/^ *\!.*'.*//" module_cam_upper_bc.F > module_cam_upper_bc.G
/lib/cpp -P -nostdinc -I/glade/work/rkumar/NASA_HMA/WRFchem_HMA/inc -DEM_CORE=1 -DNMM_CORE=0 -DNMM_MAX_DIM=2600 -DCOAMPS_CORE=0 -DDA_CORE=0 -DEXP_CORE=0 -DIWORDSIZE=4 -DDWORDSIZE=8 -DRWORDSIZE=4 -DLWORDSIZE=4 -DNONSTANDARD_SYSTEM_FUNC  -DWRF_USE_CLM  -DSNICAR_FRC    -DDM_PARALLEL -DNETCDF -DUSE_ALLOCATABLES -DGRIB1 -DINTIO -DKEEP_INT_AROUND -DLIMIT_ARGS -DCONFIG_BUF_LEN=65536 -DMAX_DOMAINS_F=21 -DMAX_HISTORY=25 -DNMM_NEST=0 -DWRF_CHEM -DBUILD_CHEM=1 -DWRF_KPP -I. -traditional-cpp   module_cam_upper_bc.G  > module_cam_upper_bc.H
sed -e "s/gridmu/grid%mu/g" -e "s/gridMu/grid%Mu/g" module_cam_upper_bc.H > module_cam_upper_bc.bb
/glade/work/rkumar/NASA_HMA/WRFchem_HMA/tools/standard.exe module_cam_upper_bc.bb | /lib/cpp -P -nostdinc -traditional-cpp > module_cam_upper_bc.f90
rm -f module_cam_upper_bc.G module_cam_upper_bc.H module_cam_upper_bc.bb
time mpif90 -f90=ifort -o module_cam_upper_bc.o -c -O3 -ip -fp-model precise -w -ftz -align all -fno-alias -FR -convert big_endian    -I../dyn_em -I../dyn_nmm   -I/glade/work/rkumar/NASA_HMA/WRFchem_HMA/external/esmf_time_f90  -I/glade/work/rkumar/NASA_HMA/WRFchem_HMA/main -I/glade/work/rkumar/NASA_HMA/WRFchem_HMA/external/io_netcdf -I/glade/work/rkumar/NASA_HMA/WRFchem_HMA/external/io_int -I/glade/work/rkumar/NASA_HMA/WRFchem_HMA/frame -I/glade/work/rkumar/NASA_HMA/WRFchem_HMA/share -I/glade/work/rkumar/NASA_HMA/WRFchem_HMA/phys -I/glade/work/rkumar/NASA_HMA/WRFchem_HMA/chem -I/glade/work/rkumar/NASA_HMA/WRFchem_HMA/inc -I/glade/u/apps/ch/opt/netcdf/4.8.1/intel/19.1.1//include  -real-size `expr 8 \* 4` -i4  module_cam_upper_bc.f90

real	0m0.668s
user	0m0.067s
sys	0m0.558s
rm -f module_cam_bl_diffusion_solver.o
sed -e "s/grid%mu/gridmu/g" -e "s/grid%Mu/gridMu/g" -e "s/^\!.*'.*//" -e "s/^ *\!.*'.*//" module_cam_bl_diffusion_solver.F > module_cam_bl_diffusion_solver.G
/lib/cpp -P -nostdinc -I/glade/work/rkumar/NASA_HMA/WRFchem_HMA/inc -DEM_CORE=1 -DNMM_CORE=0 -DNMM_MAX_DIM=2600 -DCOAMPS_CORE=0 -DDA_CORE=0 -DEXP_CORE=0 -DIWORDSIZE=4 -DDWORDSIZE=8 -DRWORDSIZE=4 -DLWORDSIZE=4 -DNONSTANDARD_SYSTEM_FUNC  -DWRF_USE_CLM  -DSNICAR_FRC    -DDM_PARALLEL -DNETCDF -DUSE_ALLOCATABLES -DGRIB1 -DINTIO -DKEEP_INT_AROUND -DLIMIT_ARGS -DCONFIG_BUF_LEN=65536 -DMAX_DOMAINS_F=21 -DMAX_HISTORY=25 -DNMM_NEST=0 -DWRF_CHEM -DBUILD_CHEM=1 -DWRF_KPP -I. -traditional-cpp   module_cam_bl_diffusion_solver.G  > module_cam_bl_diffusion_solver.H
sed -e "s/gridmu/grid%mu/g" -e "s/gridMu/grid%Mu/g" module_cam_bl_diffusion_solver.H > module_cam_bl_diffusion_solver.bb
/glade/work/rkumar/NASA_HMA/WRFchem_HMA/tools/standard.exe module_cam_bl_diffusion_solver.bb | /lib/cpp -P -nostdinc -traditional-cpp > module_cam_bl_diffusion_solver.f90
rm -f module_cam_bl_diffusion_solver.G module_cam_bl_diffusion_solver.H module_cam_bl_diffusion_solver.bb
time mpif90 -f90=ifort -o module_cam_bl_diffusion_solver.o -c -O3 -ip -fp-model precise -w -ftz -align all -fno-alias -FR -convert big_endian    -I../dyn_em -I../dyn_nmm   -I/glade/work/rkumar/NASA_HMA/WRFchem_HMA/external/esmf_time_f90  -I/glade/work/rkumar/NASA_HMA/WRFchem_HMA/main -I/glade/work/rkumar/NASA_HMA/WRFchem_HMA/external/io_netcdf -I/glade/work/rkumar/NASA_HMA/WRFchem_HMA/external/io_int -I/glade/work/rkumar/NASA_HMA/WRFchem_HMA/frame -I/glade/work/rkumar/NASA_HMA/WRFchem_HMA/share -I/glade/work/rkumar/NASA_HMA/WRFchem_HMA/phys -I/glade/work/rkumar/NASA_HMA/WRFchem_HMA/chem -I/glade/work/rkumar/NASA_HMA/WRFchem_HMA/inc -I/glade/u/apps/ch/opt/netcdf/4.8.1/intel/19.1.1//include  -real-size `expr 8 \* 4` -i4  module_cam_bl_diffusion_solver.f90

real	0m4.014s
user	0m3.309s
sys	0m0.626s
rm -f module_cam_mp_radconstants.o
sed -e "s/grid%mu/gridmu/g" -e "s/grid%Mu/gridMu/g" -e "s/^\!.*'.*//" -e "s/^ *\!.*'.*//" module_cam_mp_radconstants.F > module_cam_mp_radconstants.G
/lib/cpp -P -nostdinc -I/glade/work/rkumar/NASA_HMA/WRFchem_HMA/inc -DEM_CORE=1 -DNMM_CORE=0 -DNMM_MAX_DIM=2600 -DCOAMPS_CORE=0 -DDA_CORE=0 -DEXP_CORE=0 -DIWORDSIZE=4 -DDWORDSIZE=8 -DRWORDSIZE=4 -DLWORDSIZE=4 -DNONSTANDARD_SYSTEM_FUNC  -DWRF_USE_CLM  -DSNICAR_FRC    -DDM_PARALLEL -DNETCDF -DUSE_ALLOCATABLES -DGRIB1 -DINTIO -DKEEP_INT_AROUND -DLIMIT_ARGS -DCONFIG_BUF_LEN=65536 -DMAX_DOMAINS_F=21 -DMAX_HISTORY=25 -DNMM_NEST=0 -DWRF_CHEM -DBUILD_CHEM=1 -DWRF_KPP -I. -traditional-cpp   module_cam_mp_radconstants.G  > module_cam_mp_radconstants.H
sed -e "s/gridmu/grid%mu/g" -e "s/gridMu/grid%Mu/g" module_cam_mp_radconstants.H > module_cam_mp_radconstants.bb
/glade/work/rkumar/NASA_HMA/WRFchem_HMA/tools/standard.exe module_cam_mp_radconstants.bb | /lib/cpp -P -nostdinc -traditional-cpp > module_cam_mp_radconstants.f90
rm -f module_cam_mp_radconstants.G module_cam_mp_radconstants.H module_cam_mp_radconstants.bb
time mpif90 -f90=ifort -o module_cam_mp_radconstants.o -c -O3 -ip -fp-model precise -w -ftz -align all -fno-alias -FR -convert big_endian    -I../dyn_em -I../dyn_nmm   -I/glade/work/rkumar/NASA_HMA/WRFchem_HMA/external/esmf_time_f90  -I/glade/work/rkumar/NASA_HMA/WRFchem_HMA/main -I/glade/work/rkumar/NASA_HMA/WRFchem_HMA/external/io_netcdf -I/glade/work/rkumar/NASA_HMA/WRFchem_HMA/external/io_int -I/glade/work/rkumar/NASA_HMA/WRFchem_HMA/frame -I/glade/work/rkumar/NASA_HMA/WRFchem_HMA/share -I/glade/work/rkumar/NASA_HMA/WRFchem_HMA/phys -I/glade/work/rkumar/NASA_HMA/WRFchem_HMA/chem -I/glade/work/rkumar/NASA_HMA/WRFchem_HMA/inc -I/glade/u/apps/ch/opt/netcdf/4.8.1/intel/19.1.1//include  -real-size `expr 8 \* 4` -i4  module_cam_mp_radconstants.f90

real	0m0.697s
user	0m0.119s
sys	0m0.541s
rm -f module_cam_mp_conv_water.o
sed -e "s/grid%mu/gridmu/g" -e "s/grid%Mu/gridMu/g" -e "s/^\!.*'.*//" -e "s/^ *\!.*'.*//" module_cam_mp_conv_water.F > module_cam_mp_conv_water.G
/lib/cpp -P -nostdinc -I/glade/work/rkumar/NASA_HMA/WRFchem_HMA/inc -DEM_CORE=1 -DNMM_CORE=0 -DNMM_MAX_DIM=2600 -DCOAMPS_CORE=0 -DDA_CORE=0 -DEXP_CORE=0 -DIWORDSIZE=4 -DDWORDSIZE=8 -DRWORDSIZE=4 -DLWORDSIZE=4 -DNONSTANDARD_SYSTEM_FUNC  -DWRF_USE_CLM  -DSNICAR_FRC    -DDM_PARALLEL -DNETCDF -DUSE_ALLOCATABLES -DGRIB1 -DINTIO -DKEEP_INT_AROUND -DLIMIT_ARGS -DCONFIG_BUF_LEN=65536 -DMAX_DOMAINS_F=21 -DMAX_HISTORY=25 -DNMM_NEST=0 -DWRF_CHEM -DBUILD_CHEM=1 -DWRF_KPP -I. -traditional-cpp   module_cam_mp_conv_water.G  > module_cam_mp_conv_water.H
sed -e "s/gridmu/grid%mu/g" -e "s/gridMu/grid%Mu/g" module_cam_mp_conv_water.H > module_cam_mp_conv_water.bb
/glade/work/rkumar/NASA_HMA/WRFchem_HMA/tools/standard.exe module_cam_mp_conv_water.bb | /lib/cpp -P -nostdinc -traditional-cpp > module_cam_mp_conv_water.f90
rm -f module_cam_mp_conv_water.G module_cam_mp_conv_water.H module_cam_mp_conv_water.bb
time mpif90 -f90=ifort -o module_cam_mp_conv_water.o -c -O3 -ip -fp-model precise -w -ftz -align all -fno-alias -FR -convert big_endian    -I../dyn_em -I../dyn_nmm   -I/glade/work/rkumar/NASA_HMA/WRFchem_HMA/external/esmf_time_f90  -I/glade/work/rkumar/NASA_HMA/WRFchem_HMA/main -I/glade/work/rkumar/NASA_HMA/WRFchem_HMA/external/io_netcdf -I/glade/work/rkumar/NASA_HMA/WRFchem_HMA/external/io_int -I/glade/work/rkumar/NASA_HMA/WRFchem_HMA/frame -I/glade/work/rkumar/NASA_HMA/WRFchem_HMA/share -I/glade/work/rkumar/NASA_HMA/WRFchem_HMA/phys -I/glade/work/rkumar/NASA_HMA/WRFchem_HMA/chem -I/glade/work/rkumar/NASA_HMA/WRFchem_HMA/inc -I/glade/u/apps/ch/opt/netcdf/4.8.1/intel/19.1.1//include  -real-size `expr 8 \* 4` -i4  module_cam_mp_conv_water.f90

real	0m0.644s
user	0m0.080s
sys	0m0.501s
rm -f module_cam_mp_qneg3.o
sed -e "s/grid%mu/gridmu/g" -e "s/grid%Mu/gridMu/g" -e "s/^\!.*'.*//" -e "s/^ *\!.*'.*//" module_cam_mp_qneg3.F > module_cam_mp_qneg3.G
/lib/cpp -P -nostdinc -I/glade/work/rkumar/NASA_HMA/WRFchem_HMA/inc -DEM_CORE=1 -DNMM_CORE=0 -DNMM_MAX_DIM=2600 -DCOAMPS_CORE=0 -DDA_CORE=0 -DEXP_CORE=0 -DIWORDSIZE=4 -DDWORDSIZE=8 -DRWORDSIZE=4 -DLWORDSIZE=4 -DNONSTANDARD_SYSTEM_FUNC  -DWRF_USE_CLM  -DSNICAR_FRC    -DDM_PARALLEL -DNETCDF -DUSE_ALLOCATABLES -DGRIB1 -DINTIO -DKEEP_INT_AROUND -DLIMIT_ARGS -DCONFIG_BUF_LEN=65536 -DMAX_DOMAINS_F=21 -DMAX_HISTORY=25 -DNMM_NEST=0 -DWRF_CHEM -DBUILD_CHEM=1 -DWRF_KPP -I. -traditional-cpp   module_cam_mp_qneg3.G  > module_cam_mp_qneg3.H
sed -e "s/gridmu/grid%mu/g" -e "s/gridMu/grid%Mu/g" module_cam_mp_qneg3.H > module_cam_mp_qneg3.bb
/glade/work/rkumar/NASA_HMA/WRFchem_HMA/tools/standard.exe module_cam_mp_qneg3.bb | /lib/cpp -P -nostdinc -traditional-cpp > module_cam_mp_qneg3.f90
rm -f module_cam_mp_qneg3.G module_cam_mp_qneg3.H module_cam_mp_qneg3.bb
time mpif90 -f90=ifort -o module_cam_mp_qneg3.o -c -O3 -ip -fp-model precise -w -ftz -align all -fno-alias -FR -convert big_endian    -I../dyn_em -I../dyn_nmm   -I/glade/work/rkumar/NASA_HMA/WRFchem_HMA/external/esmf_time_f90  -I/glade/work/rkumar/NASA_HMA/WRFchem_HMA/main -I/glade/work/rkumar/NASA_HMA/WRFchem_HMA/external/io_netcdf -I/glade/work/rkumar/NASA_HMA/WRFchem_HMA/external/io_int -I/glade/work/rkumar/NASA_HMA/WRFchem_HMA/frame -I/glade/work/rkumar/NASA_HMA/WRFchem_HMA/share -I/glade/work/rkumar/NASA_HMA/WRFchem_HMA/phys -I/glade/work/rkumar/NASA_HMA/WRFchem_HMA/chem -I/glade/work/rkumar/NASA_HMA/WRFchem_HMA/inc -I/glade/u/apps/ch/opt/netcdf/4.8.1/intel/19.1.1//include  -real-size `expr 8 \* 4` -i4  module_cam_mp_qneg3.f90

real	0m0.774s
user	0m0.150s
sys	0m0.566s
rm -f module_bl_gfs.o
sed -e "s/grid%mu/gridmu/g" -e "s/grid%Mu/gridMu/g" -e "s/^\!.*'.*//" -e "s/^ *\!.*'.*//" module_bl_gfs.F > module_bl_gfs.G
/lib/cpp -P -nostdinc -I/glade/work/rkumar/NASA_HMA/WRFchem_HMA/inc -DEM_CORE=1 -DNMM_CORE=0 -DNMM_MAX_DIM=2600 -DCOAMPS_CORE=0 -DDA_CORE=0 -DEXP_CORE=0 -DIWORDSIZE=4 -DDWORDSIZE=8 -DRWORDSIZE=4 -DLWORDSIZE=4 -DNONSTANDARD_SYSTEM_FUNC  -DWRF_USE_CLM  -DSNICAR_FRC    -DDM_PARALLEL -DNETCDF -DUSE_ALLOCATABLES -DGRIB1 -DINTIO -DKEEP_INT_AROUND -DLIMIT_ARGS -DCONFIG_BUF_LEN=65536 -DMAX_DOMAINS_F=21 -DMAX_HISTORY=25 -DNMM_NEST=0 -DWRF_CHEM -DBUILD_CHEM=1 -DWRF_KPP -I. -traditional-cpp   module_bl_gfs.G  > module_bl_gfs.H
sed -e "s/gridmu/grid%mu/g" -e "s/gridMu/grid%Mu/g" module_bl_gfs.H > module_bl_gfs.bb
/glade/work/rkumar/NASA_HMA/WRFchem_HMA/tools/standard.exe module_bl_gfs.bb | /lib/cpp -P -nostdinc -traditional-cpp > module_bl_gfs.f90
rm -f module_bl_gfs.G module_bl_gfs.H module_bl_gfs.bb
time mpif90 -f90=ifort -o module_bl_gfs.o -c -O3 -ip -fp-model precise -w -ftz -align all -fno-alias -FR -convert big_endian    -I../dyn_em -I../dyn_nmm   -I/glade/work/rkumar/NASA_HMA/WRFchem_HMA/external/esmf_time_f90  -I/glade/work/rkumar/NASA_HMA/WRFchem_HMA/main -I/glade/work/rkumar/NASA_HMA/WRFchem_HMA/external/io_netcdf -I/glade/work/rkumar/NASA_HMA/WRFchem_HMA/external/io_int -I/glade/work/rkumar/NASA_HMA/WRFchem_HMA/frame -I/glade/work/rkumar/NASA_HMA/WRFchem_HMA/share -I/glade/work/rkumar/NASA_HMA/WRFchem_HMA/phys -I/glade/work/rkumar/NASA_HMA/WRFchem_HMA/chem -I/glade/work/rkumar/NASA_HMA/WRFchem_HMA/inc -I/glade/u/apps/ch/opt/netcdf/4.8.1/intel/19.1.1//include  -real-size `expr 8 \* 4` -i4  module_bl_gfs.f90

real	0m4.868s
user	0m4.262s
sys	0m0.539s
rm -f module_bl_gfsedmf.o
sed -e "s/grid%mu/gridmu/g" -e "s/grid%Mu/gridMu/g" -e "s/^\!.*'.*//" -e "s/^ *\!.*'.*//" module_bl_gfsedmf.F > module_bl_gfsedmf.G
/lib/cpp -P -nostdinc -I/glade/work/rkumar/NASA_HMA/WRFchem_HMA/inc -DEM_CORE=1 -DNMM_CORE=0 -DNMM_MAX_DIM=2600 -DCOAMPS_CORE=0 -DDA_CORE=0 -DEXP_CORE=0 -DIWORDSIZE=4 -DDWORDSIZE=8 -DRWORDSIZE=4 -DLWORDSIZE=4 -DNONSTANDARD_SYSTEM_FUNC  -DWRF_USE_CLM  -DSNICAR_FRC    -DDM_PARALLEL -DNETCDF -DUSE_ALLOCATABLES -DGRIB1 -DINTIO -DKEEP_INT_AROUND -DLIMIT_ARGS -DCONFIG_BUF_LEN=65536 -DMAX_DOMAINS_F=21 -DMAX_HISTORY=25 -DNMM_NEST=0 -DWRF_CHEM -DBUILD_CHEM=1 -DWRF_KPP -I. -traditional-cpp   module_bl_gfsedmf.G  > module_bl_gfsedmf.H
sed -e "s/gridmu/grid%mu/g" -e "s/gridMu/grid%Mu/g" module_bl_gfsedmf.H > module_bl_gfsedmf.bb
/glade/work/rkumar/NASA_HMA/WRFchem_HMA/tools/standard.exe module_bl_gfsedmf.bb | /lib/cpp -P -nostdinc -traditional-cpp > module_bl_gfsedmf.f90
rm -f module_bl_gfsedmf.G module_bl_gfsedmf.H module_bl_gfsedmf.bb
time mpif90 -f90=ifort -o module_bl_gfsedmf.o -c -O3 -ip -fp-model precise -w -ftz -align all -fno-alias -FR -convert big_endian    -I../dyn_em -I../dyn_nmm   -I/glade/work/rkumar/NASA_HMA/WRFchem_HMA/external/esmf_time_f90  -I/glade/work/rkumar/NASA_HMA/WRFchem_HMA/main -I/glade/work/rkumar/NASA_HMA/WRFchem_HMA/external/io_netcdf -I/glade/work/rkumar/NASA_HMA/WRFchem_HMA/external/io_int -I/glade/work/rkumar/NASA_HMA/WRFchem_HMA/frame -I/glade/work/rkumar/NASA_HMA/WRFchem_HMA/share -I/glade/work/rkumar/NASA_HMA/WRFchem_HMA/phys -I/glade/work/rkumar/NASA_HMA/WRFchem_HMA/chem -I/glade/work/rkumar/NASA_HMA/WRFchem_HMA/inc -I/glade/u/apps/ch/opt/netcdf/4.8.1/intel/19.1.1//include  -real-size `expr 8 \* 4` -i4  module_bl_gfsedmf.f90

real	0m0.651s
user	0m0.059s
sys	0m0.519s
rm -f module_gfs_funcphys.o
sed -e "s/grid%mu/gridmu/g" -e "s/grid%Mu/gridMu/g" -e "s/^\!.*'.*//" -e "s/^ *\!.*'.*//" module_gfs_funcphys.F > module_gfs_funcphys.G
/lib/cpp -P -nostdinc -I/glade/work/rkumar/NASA_HMA/WRFchem_HMA/inc -DEM_CORE=1 -DNMM_CORE=0 -DNMM_MAX_DIM=2600 -DCOAMPS_CORE=0 -DDA_CORE=0 -DEXP_CORE=0 -DIWORDSIZE=4 -DDWORDSIZE=8 -DRWORDSIZE=4 -DLWORDSIZE=4 -DNONSTANDARD_SYSTEM_FUNC  -DWRF_USE_CLM  -DSNICAR_FRC    -DDM_PARALLEL -DNETCDF -DUSE_ALLOCATABLES -DGRIB1 -DINTIO -DKEEP_INT_AROUND -DLIMIT_ARGS -DCONFIG_BUF_LEN=65536 -DMAX_DOMAINS_F=21 -DMAX_HISTORY=25 -DNMM_NEST=0 -DWRF_CHEM -DBUILD_CHEM=1 -DWRF_KPP -I. -traditional-cpp   module_gfs_funcphys.G  > module_gfs_funcphys.H
sed -e "s/gridmu/grid%mu/g" -e "s/gridMu/grid%Mu/g" module_gfs_funcphys.H > module_gfs_funcphys.bb
/glade/work/rkumar/NASA_HMA/WRFchem_HMA/tools/standard.exe module_gfs_funcphys.bb | /lib/cpp -P -nostdinc -traditional-cpp > module_gfs_funcphys.f90
rm -f module_gfs_funcphys.G module_gfs_funcphys.H module_gfs_funcphys.bb
time mpif90 -f90=ifort -o module_gfs_funcphys.o -c -O3 -ip -fp-model precise -w -ftz -align all -fno-alias -FR -convert big_endian    -I../dyn_em -I../dyn_nmm   -I/glade/work/rkumar/NASA_HMA/WRFchem_HMA/external/esmf_time_f90  -I/glade/work/rkumar/NASA_HMA/WRFchem_HMA/main -I/glade/work/rkumar/NASA_HMA/WRFchem_HMA/external/io_netcdf -I/glade/work/rkumar/NASA_HMA/WRFchem_HMA/external/io_int -I/glade/work/rkumar/NASA_HMA/WRFchem_HMA/frame -I/glade/work/rkumar/NASA_HMA/WRFchem_HMA/share -I/glade/work/rkumar/NASA_HMA/WRFchem_HMA/phys -I/glade/work/rkumar/NASA_HMA/WRFchem_HMA/chem -I/glade/work/rkumar/NASA_HMA/WRFchem_HMA/inc -I/glade/u/apps/ch/opt/netcdf/4.8.1/intel/19.1.1//include  -real-size `expr 8 \* 4` -i4  module_gfs_funcphys.f90

real	0m1.872s
user	0m1.299s
sys	0m0.511s
rm -f module_cu_gf_wrfdrv.o
sed -e "s/grid%mu/gridmu/g" -e "s/grid%Mu/gridMu/g" -e "s/^\!.*'.*//" -e "s/^ *\!.*'.*//" module_cu_gf_wrfdrv.F > module_cu_gf_wrfdrv.G
/lib/cpp -P -nostdinc -I/glade/work/rkumar/NASA_HMA/WRFchem_HMA/inc -DEM_CORE=1 -DNMM_CORE=0 -DNMM_MAX_DIM=2600 -DCOAMPS_CORE=0 -DDA_CORE=0 -DEXP_CORE=0 -DIWORDSIZE=4 -DDWORDSIZE=8 -DRWORDSIZE=4 -DLWORDSIZE=4 -DNONSTANDARD_SYSTEM_FUNC  -DWRF_USE_CLM  -DSNICAR_FRC    -DDM_PARALLEL -DNETCDF -DUSE_ALLOCATABLES -DGRIB1 -DINTIO -DKEEP_INT_AROUND -DLIMIT_ARGS -DCONFIG_BUF_LEN=65536 -DMAX_DOMAINS_F=21 -DMAX_HISTORY=25 -DNMM_NEST=0 -DWRF_CHEM -DBUILD_CHEM=1 -DWRF_KPP -I. -traditional-cpp   module_cu_gf_wrfdrv.G  > module_cu_gf_wrfdrv.H
sed -e "s/gridmu/grid%mu/g" -e "s/gridMu/grid%Mu/g" module_cu_gf_wrfdrv.H > module_cu_gf_wrfdrv.bb
/glade/work/rkumar/NASA_HMA/WRFchem_HMA/tools/standard.exe module_cu_gf_wrfdrv.bb | /lib/cpp -P -nostdinc -traditional-cpp > module_cu_gf_wrfdrv.f90
rm -f module_cu_gf_wrfdrv.G module_cu_gf_wrfdrv.H module_cu_gf_wrfdrv.bb
time mpif90 -f90=ifort -o module_cu_gf_wrfdrv.o -c -O3 -ip -fp-model precise -w -ftz -align all -fno-alias -FR -convert big_endian    -I../dyn_em -I../dyn_nmm   -I/glade/work/rkumar/NASA_HMA/WRFchem_HMA/external/esmf_time_f90  -I/glade/work/rkumar/NASA_HMA/WRFchem_HMA/main -I/glade/work/rkumar/NASA_HMA/WRFchem_HMA/external/io_netcdf -I/glade/work/rkumar/NASA_HMA/WRFchem_HMA/external/io_int -I/glade/work/rkumar/NASA_HMA/WRFchem_HMA/frame -I/glade/work/rkumar/NASA_HMA/WRFchem_HMA/share -I/glade/work/rkumar/NASA_HMA/WRFchem_HMA/phys -I/glade/work/rkumar/NASA_HMA/WRFchem_HMA/chem -I/glade/work/rkumar/NASA_HMA/WRFchem_HMA/inc -I/glade/u/apps/ch/opt/netcdf/4.8.1/intel/19.1.1//include  -real-size `expr 8 \* 4` -i4  module_cu_gf_wrfdrv.f90

real	0m3.581s
user	0m2.961s
sys	0m0.566s
rm -f module_cu_sas.o
sed -e "s/grid%mu/gridmu/g" -e "s/grid%Mu/gridMu/g" -e "s/^\!.*'.*//" -e "s/^ *\!.*'.*//" module_cu_sas.F > module_cu_sas.G
/lib/cpp -P -nostdinc -I/glade/work/rkumar/NASA_HMA/WRFchem_HMA/inc -DEM_CORE=1 -DNMM_CORE=0 -DNMM_MAX_DIM=2600 -DCOAMPS_CORE=0 -DDA_CORE=0 -DEXP_CORE=0 -DIWORDSIZE=4 -DDWORDSIZE=8 -DRWORDSIZE=4 -DLWORDSIZE=4 -DNONSTANDARD_SYSTEM_FUNC  -DWRF_USE_CLM  -DSNICAR_FRC    -DDM_PARALLEL -DNETCDF -DUSE_ALLOCATABLES -DGRIB1 -DINTIO -DKEEP_INT_AROUND -DLIMIT_ARGS -DCONFIG_BUF_LEN=65536 -DMAX_DOMAINS_F=21 -DMAX_HISTORY=25 -DNMM_NEST=0 -DWRF_CHEM -DBUILD_CHEM=1 -DWRF_KPP -I. -traditional-cpp   module_cu_sas.G  > module_cu_sas.H
sed -e "s/gridmu/grid%mu/g" -e "s/gridMu/grid%Mu/g" module_cu_sas.H > module_cu_sas.bb
/glade/work/rkumar/NASA_HMA/WRFchem_HMA/tools/standard.exe module_cu_sas.bb | /lib/cpp -P -nostdinc -traditional-cpp > module_cu_sas.f90
rm -f module_cu_sas.G module_cu_sas.H module_cu_sas.bb
time mpif90 -f90=ifort -o module_cu_sas.o -c -O3 -ip -fp-model precise -w -ftz -align all -fno-alias -FR -convert big_endian    -I../dyn_em -I../dyn_nmm   -I/glade/work/rkumar/NASA_HMA/WRFchem_HMA/external/esmf_time_f90  -I/glade/work/rkumar/NASA_HMA/WRFchem_HMA/main -I/glade/work/rkumar/NASA_HMA/WRFchem_HMA/external/io_netcdf -I/glade/work/rkumar/NASA_HMA/WRFchem_HMA/external/io_int -I/glade/work/rkumar/NASA_HMA/WRFchem_HMA/frame -I/glade/work/rkumar/NASA_HMA/WRFchem_HMA/share -I/glade/work/rkumar/NASA_HMA/WRFchem_HMA/phys -I/glade/work/rkumar/NASA_HMA/WRFchem_HMA/chem -I/glade/work/rkumar/NASA_HMA/WRFchem_HMA/inc -I/glade/u/apps/ch/opt/netcdf/4.8.1/intel/19.1.1//include  -real-size `expr 8 \* 4` -i4  module_cu_sas.f90

real	0m8.919s
user	0m8.195s
sys	0m0.690s
rm -f module_cu_scalesas.o
sed -e "s/grid%mu/gridmu/g" -e "s/grid%Mu/gridMu/g" -e "s/^\!.*'.*//" -e "s/^ *\!.*'.*//" module_cu_scalesas.F > module_cu_scalesas.G
/lib/cpp -P -nostdinc -I/glade/work/rkumar/NASA_HMA/WRFchem_HMA/inc -DEM_CORE=1 -DNMM_CORE=0 -DNMM_MAX_DIM=2600 -DCOAMPS_CORE=0 -DDA_CORE=0 -DEXP_CORE=0 -DIWORDSIZE=4 -DDWORDSIZE=8 -DRWORDSIZE=4 -DLWORDSIZE=4 -DNONSTANDARD_SYSTEM_FUNC  -DWRF_USE_CLM  -DSNICAR_FRC    -DDM_PARALLEL -DNETCDF -DUSE_ALLOCATABLES -DGRIB1 -DINTIO -DKEEP_INT_AROUND -DLIMIT_ARGS -DCONFIG_BUF_LEN=65536 -DMAX_DOMAINS_F=21 -DMAX_HISTORY=25 -DNMM_NEST=0 -DWRF_CHEM -DBUILD_CHEM=1 -DWRF_KPP -I. -traditional-cpp   module_cu_scalesas.G  > module_cu_scalesas.H
sed -e "s/gridmu/grid%mu/g" -e "s/gridMu/grid%Mu/g" module_cu_scalesas.H > module_cu_scalesas.bb
/glade/work/rkumar/NASA_HMA/WRFchem_HMA/tools/standard.exe module_cu_scalesas.bb | /lib/cpp -P -nostdinc -traditional-cpp > module_cu_scalesas.f90
rm -f module_cu_scalesas.G module_cu_scalesas.H module_cu_scalesas.bb
time mpif90 -f90=ifort -o module_cu_scalesas.o -c -O3 -ip -fp-model precise -w -ftz -align all -fno-alias -FR -convert big_endian    -I../dyn_em -I../dyn_nmm   -I/glade/work/rkumar/NASA_HMA/WRFchem_HMA/external/esmf_time_f90  -I/glade/work/rkumar/NASA_HMA/WRFchem_HMA/main -I/glade/work/rkumar/NASA_HMA/WRFchem_HMA/external/io_netcdf -I/glade/work/rkumar/NASA_HMA/WRFchem_HMA/external/io_int -I/glade/work/rkumar/NASA_HMA/WRFchem_HMA/frame -I/glade/work/rkumar/NASA_HMA/WRFchem_HMA/share -I/glade/work/rkumar/NASA_HMA/WRFchem_HMA/phys -I/glade/work/rkumar/NASA_HMA/WRFchem_HMA/chem -I/glade/work/rkumar/NASA_HMA/WRFchem_HMA/inc -I/glade/u/apps/ch/opt/netcdf/4.8.1/intel/19.1.1//include  -real-size `expr 8 \* 4` -i4  module_cu_scalesas.f90

real	0m7.551s
user	0m6.902s
sys	0m0.580s
rm -f module_cu_osas.o
sed -e "s/grid%mu/gridmu/g" -e "s/grid%Mu/gridMu/g" -e "s/^\!.*'.*//" -e "s/^ *\!.*'.*//" module_cu_osas.F > module_cu_osas.G
/lib/cpp -P -nostdinc -I/glade/work/rkumar/NASA_HMA/WRFchem_HMA/inc -DEM_CORE=1 -DNMM_CORE=0 -DNMM_MAX_DIM=2600 -DCOAMPS_CORE=0 -DDA_CORE=0 -DEXP_CORE=0 -DIWORDSIZE=4 -DDWORDSIZE=8 -DRWORDSIZE=4 -DLWORDSIZE=4 -DNONSTANDARD_SYSTEM_FUNC  -DWRF_USE_CLM  -DSNICAR_FRC    -DDM_PARALLEL -DNETCDF -DUSE_ALLOCATABLES -DGRIB1 -DINTIO -DKEEP_INT_AROUND -DLIMIT_ARGS -DCONFIG_BUF_LEN=65536 -DMAX_DOMAINS_F=21 -DMAX_HISTORY=25 -DNMM_NEST=0 -DWRF_CHEM -DBUILD_CHEM=1 -DWRF_KPP -I. -traditional-cpp   module_cu_osas.G  > module_cu_osas.H
sed -e "s/gridmu/grid%mu/g" -e "s/gridMu/grid%Mu/g" module_cu_osas.H > module_cu_osas.bb
/glade/work/rkumar/NASA_HMA/WRFchem_HMA/tools/standard.exe module_cu_osas.bb | /lib/cpp -P -nostdinc -traditional-cpp > module_cu_osas.f90
rm -f module_cu_osas.G module_cu_osas.H module_cu_osas.bb
time mpif90 -f90=ifort -o module_cu_osas.o -c -O3 -ip -fp-model precise -w -ftz -align all -fno-alias -FR -convert big_endian    -I../dyn_em -I../dyn_nmm   -I/glade/work/rkumar/NASA_HMA/WRFchem_HMA/external/esmf_time_f90  -I/glade/work/rkumar/NASA_HMA/WRFchem_HMA/main -I/glade/work/rkumar/NASA_HMA/WRFchem_HMA/external/io_netcdf -I/glade/work/rkumar/NASA_HMA/WRFchem_HMA/external/io_int -I/glade/work/rkumar/NASA_HMA/WRFchem_HMA/frame -I/glade/work/rkumar/NASA_HMA/WRFchem_HMA/share -I/glade/work/rkumar/NASA_HMA/WRFchem_HMA/phys -I/glade/work/rkumar/NASA_HMA/WRFchem_HMA/chem -I/glade/work/rkumar/NASA_HMA/WRFchem_HMA/inc -I/glade/u/apps/ch/opt/netcdf/4.8.1/intel/19.1.1//include  -real-size `expr 8 \* 4` -i4  module_cu_osas.f90

real	0m4.678s
user	0m4.085s
sys	0m0.534s
rm -f module_ra_rrtmg_sw.o
sed -e "s/grid%mu/gridmu/g" -e "s/grid%Mu/gridMu/g" -e "s/^\!.*'.*//" -e "s/^ *\!.*'.*//" module_ra_rrtmg_sw.F > module_ra_rrtmg_sw.G
/lib/cpp -P -nostdinc -I/glade/work/rkumar/NASA_HMA/WRFchem_HMA/inc -DEM_CORE=1 -DNMM_CORE=0 -DNMM_MAX_DIM=2600 -DCOAMPS_CORE=0 -DDA_CORE=0 -DEXP_CORE=0 -DIWORDSIZE=4 -DDWORDSIZE=8 -DRWORDSIZE=4 -DLWORDSIZE=4 -DNONSTANDARD_SYSTEM_FUNC  -DWRF_USE_CLM  -DSNICAR_FRC    -DDM_PARALLEL -DNETCDF -DUSE_ALLOCATABLES -DGRIB1 -DINTIO -DKEEP_INT_AROUND -DLIMIT_ARGS -DCONFIG_BUF_LEN=65536 -DMAX_DOMAINS_F=21 -DMAX_HISTORY=25 -DNMM_NEST=0 -DWRF_CHEM -DBUILD_CHEM=1 -DWRF_KPP -I. -traditional-cpp   module_ra_rrtmg_sw.G  > module_ra_rrtmg_sw.H
sed -e "s/gridmu/grid%mu/g" -e "s/gridMu/grid%Mu/g" module_ra_rrtmg_sw.H > module_ra_rrtmg_sw.bb
/glade/work/rkumar/NASA_HMA/WRFchem_HMA/tools/standard.exe module_ra_rrtmg_sw.bb | /lib/cpp -P -nostdinc -traditional-cpp > module_ra_rrtmg_sw.f90
rm -f module_ra_rrtmg_sw.G module_ra_rrtmg_sw.H module_ra_rrtmg_sw.bb
time mpif90 -f90=ifort -o module_ra_rrtmg_sw.o -c -O3 -ip -fp-model precise -w -ftz -align all -fno-alias -FR -convert big_endian    -I../dyn_em -I../dyn_nmm   -I/glade/work/rkumar/NASA_HMA/WRFchem_HMA/external/esmf_time_f90  -I/glade/work/rkumar/NASA_HMA/WRFchem_HMA/main -I/glade/work/rkumar/NASA_HMA/WRFchem_HMA/external/io_netcdf -I/glade/work/rkumar/NASA_HMA/WRFchem_HMA/external/io_int -I/glade/work/rkumar/NASA_HMA/WRFchem_HMA/frame -I/glade/work/rkumar/NASA_HMA/WRFchem_HMA/share -I/glade/work/rkumar/NASA_HMA/WRFchem_HMA/phys -I/glade/work/rkumar/NASA_HMA/WRFchem_HMA/chem -I/glade/work/rkumar/NASA_HMA/WRFchem_HMA/inc -I/glade/u/apps/ch/opt/netcdf/4.8.1/intel/19.1.1//include  -real-size `expr 8 \* 4` -i4  module_ra_rrtmg_sw.f90

real	1m15.904s
user	1m15.068s
sys	0m0.745s
rm -f module_ra_rrtmg_swf.o
sed -e "s/grid%mu/gridmu/g" -e "s/grid%Mu/gridMu/g" -e "s/^\!.*'.*//" -e "s/^ *\!.*'.*//" module_ra_rrtmg_swf.F > module_ra_rrtmg_swf.G
/lib/cpp -P -nostdinc -I/glade/work/rkumar/NASA_HMA/WRFchem_HMA/inc -DEM_CORE=1 -DNMM_CORE=0 -DNMM_MAX_DIM=2600 -DCOAMPS_CORE=0 -DDA_CORE=0 -DEXP_CORE=0 -DIWORDSIZE=4 -DDWORDSIZE=8 -DRWORDSIZE=4 -DLWORDSIZE=4 -DNONSTANDARD_SYSTEM_FUNC  -DWRF_USE_CLM  -DSNICAR_FRC    -DDM_PARALLEL -DNETCDF -DUSE_ALLOCATABLES -DGRIB1 -DINTIO -DKEEP_INT_AROUND -DLIMIT_ARGS -DCONFIG_BUF_LEN=65536 -DMAX_DOMAINS_F=21 -DMAX_HISTORY=25 -DNMM_NEST=0 -DWRF_CHEM -DBUILD_CHEM=1 -DWRF_KPP -I. -traditional-cpp   module_ra_rrtmg_swf.G  > module_ra_rrtmg_swf.H
sed -e "s/gridmu/grid%mu/g" -e "s/gridMu/grid%Mu/g" module_ra_rrtmg_swf.H > module_ra_rrtmg_swf.bb
/glade/work/rkumar/NASA_HMA/WRFchem_HMA/tools/standard.exe module_ra_rrtmg_swf.bb | /lib/cpp -P -nostdinc -traditional-cpp > module_ra_rrtmg_swf.f90
rm -f module_ra_rrtmg_swf.G module_ra_rrtmg_swf.H module_ra_rrtmg_swf.bb
time mpif90 -f90=ifort -o module_ra_rrtmg_swf.o -c -O3 -ip -fp-model precise -w -ftz -align all -fno-alias -FR -convert big_endian    -I../dyn_em -I../dyn_nmm   -I/glade/work/rkumar/NASA_HMA/WRFchem_HMA/external/esmf_time_f90  -I/glade/work/rkumar/NASA_HMA/WRFchem_HMA/main -I/glade/work/rkumar/NASA_HMA/WRFchem_HMA/external/io_netcdf -I/glade/work/rkumar/NASA_HMA/WRFchem_HMA/external/io_int -I/glade/work/rkumar/NASA_HMA/WRFchem_HMA/frame -I/glade/work/rkumar/NASA_HMA/WRFchem_HMA/share -I/glade/work/rkumar/NASA_HMA/WRFchem_HMA/phys -I/glade/work/rkumar/NASA_HMA/WRFchem_HMA/chem -I/glade/work/rkumar/NASA_HMA/WRFchem_HMA/inc -I/glade/u/apps/ch/opt/netcdf/4.8.1/intel/19.1.1//include  -real-size `expr 8 \* 4` -i4  module_ra_rrtmg_swf.f90

real	0m42.340s
user	0m41.502s
sys	0m0.754s
rm -f module_ra_cam.o
sed -e "s/grid%mu/gridmu/g" -e "s/grid%Mu/gridMu/g" -e "s/^\!.*'.*//" -e "s/^ *\!.*'.*//" module_ra_cam.F > module_ra_cam.G
/lib/cpp -P -nostdinc -I/glade/work/rkumar/NASA_HMA/WRFchem_HMA/inc -DEM_CORE=1 -DNMM_CORE=0 -DNMM_MAX_DIM=2600 -DCOAMPS_CORE=0 -DDA_CORE=0 -DEXP_CORE=0 -DIWORDSIZE=4 -DDWORDSIZE=8 -DRWORDSIZE=4 -DLWORDSIZE=4 -DNONSTANDARD_SYSTEM_FUNC  -DWRF_USE_CLM  -DSNICAR_FRC    -DDM_PARALLEL -DNETCDF -DUSE_ALLOCATABLES -DGRIB1 -DINTIO -DKEEP_INT_AROUND -DLIMIT_ARGS -DCONFIG_BUF_LEN=65536 -DMAX_DOMAINS_F=21 -DMAX_HISTORY=25 -DNMM_NEST=0 -DWRF_CHEM -DBUILD_CHEM=1 -DWRF_KPP -I. -traditional-cpp   module_ra_cam.G  > module_ra_cam.H
sed -e "s/gridmu/grid%mu/g" -e "s/gridMu/grid%Mu/g" module_ra_cam.H > module_ra_cam.bb
/glade/work/rkumar/NASA_HMA/WRFchem_HMA/tools/standard.exe module_ra_cam.bb | /lib/cpp -P -nostdinc -traditional-cpp > module_ra_cam.f90
rm -f module_ra_cam.G module_ra_cam.H module_ra_cam.bb
time mpif90 -f90=ifort -o module_ra_cam.o -c -O3 -ip -fp-model precise -w -ftz -align all -fno-alias -FR -convert big_endian    -I../dyn_em -I../dyn_nmm   -I/glade/work/rkumar/NASA_HMA/WRFchem_HMA/external/esmf_time_f90  -I/glade/work/rkumar/NASA_HMA/WRFchem_HMA/main -I/glade/work/rkumar/NASA_HMA/WRFchem_HMA/external/io_netcdf -I/glade/work/rkumar/NASA_HMA/WRFchem_HMA/external/io_int -I/glade/work/rkumar/NASA_HMA/WRFchem_HMA/frame -I/glade/work/rkumar/NASA_HMA/WRFchem_HMA/share -I/glade/work/rkumar/NASA_HMA/WRFchem_HMA/phys -I/glade/work/rkumar/NASA_HMA/WRFchem_HMA/chem -I/glade/work/rkumar/NASA_HMA/WRFchem_HMA/inc -I/glade/u/apps/ch/opt/netcdf/4.8.1/intel/19.1.1//include  -real-size `expr 8 \* 4` -i4  module_ra_cam.f90

real	0m15.032s
user	0m14.340s
sys	0m0.628s
rm -f module_sf_gfs.o
sed -e "s/grid%mu/gridmu/g" -e "s/grid%Mu/gridMu/g" -e "s/^\!.*'.*//" -e "s/^ *\!.*'.*//" module_sf_gfs.F > module_sf_gfs.G
/lib/cpp -P -nostdinc -I/glade/work/rkumar/NASA_HMA/WRFchem_HMA/inc -DEM_CORE=1 -DNMM_CORE=0 -DNMM_MAX_DIM=2600 -DCOAMPS_CORE=0 -DDA_CORE=0 -DEXP_CORE=0 -DIWORDSIZE=4 -DDWORDSIZE=8 -DRWORDSIZE=4 -DLWORDSIZE=4 -DNONSTANDARD_SYSTEM_FUNC  -DWRF_USE_CLM  -DSNICAR_FRC    -DDM_PARALLEL -DNETCDF -DUSE_ALLOCATABLES -DGRIB1 -DINTIO -DKEEP_INT_AROUND -DLIMIT_ARGS -DCONFIG_BUF_LEN=65536 -DMAX_DOMAINS_F=21 -DMAX_HISTORY=25 -DNMM_NEST=0 -DWRF_CHEM -DBUILD_CHEM=1 -DWRF_KPP -I. -traditional-cpp   module_sf_gfs.G  > module_sf_gfs.H
sed -e "s/gridmu/grid%mu/g" -e "s/gridMu/grid%Mu/g" module_sf_gfs.H > module_sf_gfs.bb
/glade/work/rkumar/NASA_HMA/WRFchem_HMA/tools/standard.exe module_sf_gfs.bb | /lib/cpp -P -nostdinc -traditional-cpp > module_sf_gfs.f90
rm -f module_sf_gfs.G module_sf_gfs.H module_sf_gfs.bb
time mpif90 -f90=ifort -o module_sf_gfs.o -c -O3 -ip -fp-model precise -w -ftz -align all -fno-alias -FR -convert big_endian    -I../dyn_em -I../dyn_nmm   -I/glade/work/rkumar/NASA_HMA/WRFchem_HMA/external/esmf_time_f90  -I/glade/work/rkumar/NASA_HMA/WRFchem_HMA/main -I/glade/work/rkumar/NASA_HMA/WRFchem_HMA/external/io_netcdf -I/glade/work/rkumar/NASA_HMA/WRFchem_HMA/external/io_int -I/glade/work/rkumar/NASA_HMA/WRFchem_HMA/frame -I/glade/work/rkumar/NASA_HMA/WRFchem_HMA/share -I/glade/work/rkumar/NASA_HMA/WRFchem_HMA/phys -I/glade/work/rkumar/NASA_HMA/WRFchem_HMA/chem -I/glade/work/rkumar/NASA_HMA/WRFchem_HMA/inc -I/glade/u/apps/ch/opt/netcdf/4.8.1/intel/19.1.1//include  -real-size `expr 8 \* 4` -i4  module_sf_gfs.f90

real	0m1.293s
user	0m0.720s
sys	0m0.513s
rm -f module_sf_gfdl.o
sed -e "s/grid%mu/gridmu/g" -e "s/grid%Mu/gridMu/g" -e "s/^\!.*'.*//" -e "s/^ *\!.*'.*//" module_sf_gfdl.F > module_sf_gfdl.G
/lib/cpp -P -nostdinc -I/glade/work/rkumar/NASA_HMA/WRFchem_HMA/inc -DEM_CORE=1 -DNMM_CORE=0 -DNMM_MAX_DIM=2600 -DCOAMPS_CORE=0 -DDA_CORE=0 -DEXP_CORE=0 -DIWORDSIZE=4 -DDWORDSIZE=8 -DRWORDSIZE=4 -DLWORDSIZE=4 -DNONSTANDARD_SYSTEM_FUNC  -DWRF_USE_CLM  -DSNICAR_FRC    -DDM_PARALLEL -DNETCDF -DUSE_ALLOCATABLES -DGRIB1 -DINTIO -DKEEP_INT_AROUND -DLIMIT_ARGS -DCONFIG_BUF_LEN=65536 -DMAX_DOMAINS_F=21 -DMAX_HISTORY=25 -DNMM_NEST=0 -DWRF_CHEM -DBUILD_CHEM=1 -DWRF_KPP -I. -traditional-cpp   module_sf_gfdl.G  > module_sf_gfdl.H
sed -e "s/gridmu/grid%mu/g" -e "s/gridMu/grid%Mu/g" module_sf_gfdl.H > module_sf_gfdl.bb
/glade/work/rkumar/NASA_HMA/WRFchem_HMA/tools/standard.exe module_sf_gfdl.bb | /lib/cpp -P -nostdinc -traditional-cpp > module_sf_gfdl.f90
rm -f module_sf_gfdl.G module_sf_gfdl.H module_sf_gfdl.bb
time mpif90 -f90=ifort -o module_sf_gfdl.o -c -O3 -ip -fp-model precise -w -ftz -align all -fno-alias -FR -convert big_endian    -I../dyn_em -I../dyn_nmm   -I/glade/work/rkumar/NASA_HMA/WRFchem_HMA/external/esmf_time_f90  -I/glade/work/rkumar/NASA_HMA/WRFchem_HMA/main -I/glade/work/rkumar/NASA_HMA/WRFchem_HMA/external/io_netcdf -I/glade/work/rkumar/NASA_HMA/WRFchem_HMA/external/io_int -I/glade/work/rkumar/NASA_HMA/WRFchem_HMA/frame -I/glade/work/rkumar/NASA_HMA/WRFchem_HMA/share -I/glade/work/rkumar/NASA_HMA/WRFchem_HMA/phys -I/glade/work/rkumar/NASA_HMA/WRFchem_HMA/chem -I/glade/work/rkumar/NASA_HMA/WRFchem_HMA/inc -I/glade/u/apps/ch/opt/netcdf/4.8.1/intel/19.1.1//include  -real-size `expr 8 \* 4` -i4  module_sf_gfdl.f90

real	0m1.769s
user	0m1.193s
sys	0m0.511s
rm -f module_sf_noahlsm_glacial_only.o
sed -e "s/grid%mu/gridmu/g" -e "s/grid%Mu/gridMu/g" -e "s/^\!.*'.*//" -e "s/^ *\!.*'.*//" module_sf_noahlsm_glacial_only.F > module_sf_noahlsm_glacial_only.G
/lib/cpp -P -nostdinc -I/glade/work/rkumar/NASA_HMA/WRFchem_HMA/inc -DEM_CORE=1 -DNMM_CORE=0 -DNMM_MAX_DIM=2600 -DCOAMPS_CORE=0 -DDA_CORE=0 -DEXP_CORE=0 -DIWORDSIZE=4 -DDWORDSIZE=8 -DRWORDSIZE=4 -DLWORDSIZE=4 -DNONSTANDARD_SYSTEM_FUNC  -DWRF_USE_CLM  -DSNICAR_FRC    -DDM_PARALLEL -DNETCDF -DUSE_ALLOCATABLES -DGRIB1 -DINTIO -DKEEP_INT_AROUND -DLIMIT_ARGS -DCONFIG_BUF_LEN=65536 -DMAX_DOMAINS_F=21 -DMAX_HISTORY=25 -DNMM_NEST=0 -DWRF_CHEM -DBUILD_CHEM=1 -DWRF_KPP -I. -traditional-cpp   module_sf_noahlsm_glacial_only.G  > module_sf_noahlsm_glacial_only.H
sed -e "s/gridmu/grid%mu/g" -e "s/gridMu/grid%Mu/g" module_sf_noahlsm_glacial_only.H > module_sf_noahlsm_glacial_only.bb
/glade/work/rkumar/NASA_HMA/WRFchem_HMA/tools/standard.exe module_sf_noahlsm_glacial_only.bb | /lib/cpp -P -nostdinc -traditional-cpp > module_sf_noahlsm_glacial_only.f90
rm -f module_sf_noahlsm_glacial_only.G module_sf_noahlsm_glacial_only.H module_sf_noahlsm_glacial_only.bb
time mpif90 -f90=ifort -o module_sf_noahlsm_glacial_only.o -c -O3 -ip -fp-model precise -w -ftz -align all -fno-alias -FR -convert big_endian    -I../dyn_em -I../dyn_nmm   -I/glade/work/rkumar/NASA_HMA/WRFchem_HMA/external/esmf_time_f90  -I/glade/work/rkumar/NASA_HMA/WRFchem_HMA/main -I/glade/work/rkumar/NASA_HMA/WRFchem_HMA/external/io_netcdf -I/glade/work/rkumar/NASA_HMA/WRFchem_HMA/external/io_int -I/glade/work/rkumar/NASA_HMA/WRFchem_HMA/frame -I/glade/work/rkumar/NASA_HMA/WRFchem_HMA/share -I/glade/work/rkumar/NASA_HMA/WRFchem_HMA/phys -I/glade/work/rkumar/NASA_HMA/WRFchem_HMA/chem -I/glade/work/rkumar/NASA_HMA/WRFchem_HMA/inc -I/glade/u/apps/ch/opt/netcdf/4.8.1/intel/19.1.1//include  -real-size `expr 8 \* 4` -i4  module_sf_noahlsm_glacial_only.f90

real	0m0.965s
user	0m0.412s
sys	0m0.497s
rm -f module_sf_noahmpdrv.o
sed -e "s/grid%mu/gridmu/g" -e "s/grid%Mu/gridMu/g" -e "s/^\!.*'.*//" -e "s/^ *\!.*'.*//" module_sf_noahmpdrv.F > module_sf_noahmpdrv.G
/lib/cpp -P -nostdinc -I/glade/work/rkumar/NASA_HMA/WRFchem_HMA/inc -DEM_CORE=1 -DNMM_CORE=0 -DNMM_MAX_DIM=2600 -DCOAMPS_CORE=0 -DDA_CORE=0 -DEXP_CORE=0 -DIWORDSIZE=4 -DDWORDSIZE=8 -DRWORDSIZE=4 -DLWORDSIZE=4 -DNONSTANDARD_SYSTEM_FUNC  -DWRF_USE_CLM  -DSNICAR_FRC    -DDM_PARALLEL -DNETCDF -DUSE_ALLOCATABLES -DGRIB1 -DINTIO -DKEEP_INT_AROUND -DLIMIT_ARGS -DCONFIG_BUF_LEN=65536 -DMAX_DOMAINS_F=21 -DMAX_HISTORY=25 -DNMM_NEST=0 -DWRF_CHEM -DBUILD_CHEM=1 -DWRF_KPP -I. -traditional-cpp   module_sf_noahmpdrv.G  > module_sf_noahmpdrv.H
sed -e "s/gridmu/grid%mu/g" -e "s/gridMu/grid%Mu/g" module_sf_noahmpdrv.H > module_sf_noahmpdrv.bb
/glade/work/rkumar/NASA_HMA/WRFchem_HMA/tools/standard.exe module_sf_noahmpdrv.bb | /lib/cpp -P -nostdinc -traditional-cpp > module_sf_noahmpdrv.f90
rm -f module_sf_noahmpdrv.G module_sf_noahmpdrv.H module_sf_noahmpdrv.bb
time mpif90 -f90=ifort -o module_sf_noahmpdrv.o -c -O3 -ip -fp-model precise -w -ftz -align all -fno-alias -FR -convert big_endian    -I../dyn_em -I../dyn_nmm   -I/glade/work/rkumar/NASA_HMA/WRFchem_HMA/external/esmf_time_f90  -I/glade/work/rkumar/NASA_HMA/WRFchem_HMA/main -I/glade/work/rkumar/NASA_HMA/WRFchem_HMA/external/io_netcdf -I/glade/work/rkumar/NASA_HMA/WRFchem_HMA/external/io_int -I/glade/work/rkumar/NASA_HMA/WRFchem_HMA/frame -I/glade/work/rkumar/NASA_HMA/WRFchem_HMA/share -I/glade/work/rkumar/NASA_HMA/WRFchem_HMA/phys -I/glade/work/rkumar/NASA_HMA/WRFchem_HMA/chem -I/glade/work/rkumar/NASA_HMA/WRFchem_HMA/inc -I/glade/u/apps/ch/opt/netcdf/4.8.1/intel/19.1.1//include  -real-size `expr 8 \* 4` -i4  module_sf_noahmpdrv.f90

real	0m4.048s
user	0m3.405s
sys	0m0.589s
rm -f module_diagnostics_driver.o
sed -e "s/grid%mu/gridmu/g" -e "s/grid%Mu/gridMu/g" -e "s/^\!.*'.*//" -e "s/^ *\!.*'.*//" module_diagnostics_driver.F > module_diagnostics_driver.G
/lib/cpp -P -nostdinc -I/glade/work/rkumar/NASA_HMA/WRFchem_HMA/inc -DEM_CORE=1 -DNMM_CORE=0 -DNMM_MAX_DIM=2600 -DCOAMPS_CORE=0 -DDA_CORE=0 -DEXP_CORE=0 -DIWORDSIZE=4 -DDWORDSIZE=8 -DRWORDSIZE=4 -DLWORDSIZE=4 -DNONSTANDARD_SYSTEM_FUNC  -DWRF_USE_CLM  -DSNICAR_FRC    -DDM_PARALLEL -DNETCDF -DUSE_ALLOCATABLES -DGRIB1 -DINTIO -DKEEP_INT_AROUND -DLIMIT_ARGS -DCONFIG_BUF_LEN=65536 -DMAX_DOMAINS_F=21 -DMAX_HISTORY=25 -DNMM_NEST=0 -DWRF_CHEM -DBUILD_CHEM=1 -DWRF_KPP -I. -traditional-cpp   module_diagnostics_driver.G  > module_diagnostics_driver.H
sed -e "s/gridmu/grid%mu/g" -e "s/gridMu/grid%Mu/g" module_diagnostics_driver.H > module_diagnostics_driver.bb
/glade/work/rkumar/NASA_HMA/WRFchem_HMA/tools/standard.exe module_diagnostics_driver.bb | /lib/cpp -P -nostdinc -traditional-cpp > module_diagnostics_driver.f90
rm -f module_diagnostics_driver.G module_diagnostics_driver.H module_diagnostics_driver.bb
time mpif90 -f90=ifort -o module_diagnostics_driver.o -c -O3 -ip -fp-model precise -w -ftz -align all -fno-alias -FR -convert big_endian    -I../dyn_em -I../dyn_nmm   -I/glade/work/rkumar/NASA_HMA/WRFchem_HMA/external/esmf_time_f90  -I/glade/work/rkumar/NASA_HMA/WRFchem_HMA/main -I/glade/work/rkumar/NASA_HMA/WRFchem_HMA/external/io_netcdf -I/glade/work/rkumar/NASA_HMA/WRFchem_HMA/external/io_int -I/glade/work/rkumar/NASA_HMA/WRFchem_HMA/frame -I/glade/work/rkumar/NASA_HMA/WRFchem_HMA/share -I/glade/work/rkumar/NASA_HMA/WRFchem_HMA/phys -I/glade/work/rkumar/NASA_HMA/WRFchem_HMA/chem -I/glade/work/rkumar/NASA_HMA/WRFchem_HMA/inc -I/glade/u/apps/ch/opt/netcdf/4.8.1/intel/19.1.1//include  -real-size `expr 8 \* 4` -i4  module_diagnostics_driver.f90

real	0m8.244s
user	0m7.467s
sys	0m0.683s
rm -f module_fr_fire_core.o
sed -e "s/grid%mu/gridmu/g" -e "s/grid%Mu/gridMu/g" -e "s/^\!.*'.*//" -e "s/^ *\!.*'.*//" module_fr_fire_core.F > module_fr_fire_core.G
/lib/cpp -P -nostdinc -I/glade/work/rkumar/NASA_HMA/WRFchem_HMA/inc -DEM_CORE=1 -DNMM_CORE=0 -DNMM_MAX_DIM=2600 -DCOAMPS_CORE=0 -DDA_CORE=0 -DEXP_CORE=0 -DIWORDSIZE=4 -DDWORDSIZE=8 -DRWORDSIZE=4 -DLWORDSIZE=4 -DNONSTANDARD_SYSTEM_FUNC  -DWRF_USE_CLM  -DSNICAR_FRC    -DDM_PARALLEL -DNETCDF -DUSE_ALLOCATABLES -DGRIB1 -DINTIO -DKEEP_INT_AROUND -DLIMIT_ARGS -DCONFIG_BUF_LEN=65536 -DMAX_DOMAINS_F=21 -DMAX_HISTORY=25 -DNMM_NEST=0 -DWRF_CHEM -DBUILD_CHEM=1 -DWRF_KPP -I. -traditional-cpp   module_fr_fire_core.G  > module_fr_fire_core.H
sed -e "s/gridmu/grid%mu/g" -e "s/gridMu/grid%Mu/g" module_fr_fire_core.H > module_fr_fire_core.bb
/glade/work/rkumar/NASA_HMA/WRFchem_HMA/tools/standard.exe module_fr_fire_core.bb | /lib/cpp -P -nostdinc -traditional-cpp > module_fr_fire_core.f90
rm -f module_fr_fire_core.G module_fr_fire_core.H module_fr_fire_core.bb
time mpif90 -f90=ifort -o module_fr_fire_core.o -c -O3 -ip -fp-model precise -w -ftz -align all -fno-alias -FR -convert big_endian    -I../dyn_em -I../dyn_nmm   -I/glade/work/rkumar/NASA_HMA/WRFchem_HMA/external/esmf_time_f90  -I/glade/work/rkumar/NASA_HMA/WRFchem_HMA/main -I/glade/work/rkumar/NASA_HMA/WRFchem_HMA/external/io_netcdf -I/glade/work/rkumar/NASA_HMA/WRFchem_HMA/external/io_int -I/glade/work/rkumar/NASA_HMA/WRFchem_HMA/frame -I/glade/work/rkumar/NASA_HMA/WRFchem_HMA/share -I/glade/work/rkumar/NASA_HMA/WRFchem_HMA/phys -I/glade/work/rkumar/NASA_HMA/WRFchem_HMA/chem -I/glade/work/rkumar/NASA_HMA/WRFchem_HMA/inc -I/glade/u/apps/ch/opt/netcdf/4.8.1/intel/19.1.1//include  -real-size `expr 8 \* 4` -i4  module_fr_fire_core.f90

real	0m1.275s
user	0m0.707s
sys	0m0.503s
rm -f module_cam_gffgch.o
sed -e "s/grid%mu/gridmu/g" -e "s/grid%Mu/gridMu/g" -e "s/^\!.*'.*//" -e "s/^ *\!.*'.*//" module_cam_gffgch.F > module_cam_gffgch.G
/lib/cpp -P -nostdinc -I/glade/work/rkumar/NASA_HMA/WRFchem_HMA/inc -DEM_CORE=1 -DNMM_CORE=0 -DNMM_MAX_DIM=2600 -DCOAMPS_CORE=0 -DDA_CORE=0 -DEXP_CORE=0 -DIWORDSIZE=4 -DDWORDSIZE=8 -DRWORDSIZE=4 -DLWORDSIZE=4 -DNONSTANDARD_SYSTEM_FUNC  -DWRF_USE_CLM  -DSNICAR_FRC    -DDM_PARALLEL -DNETCDF -DUSE_ALLOCATABLES -DGRIB1 -DINTIO -DKEEP_INT_AROUND -DLIMIT_ARGS -DCONFIG_BUF_LEN=65536 -DMAX_DOMAINS_F=21 -DMAX_HISTORY=25 -DNMM_NEST=0 -DWRF_CHEM -DBUILD_CHEM=1 -DWRF_KPP -I. -traditional-cpp   module_cam_gffgch.G  > module_cam_gffgch.H
sed -e "s/gridmu/grid%mu/g" -e "s/gridMu/grid%Mu/g" module_cam_gffgch.H > module_cam_gffgch.bb
/glade/work/rkumar/NASA_HMA/WRFchem_HMA/tools/standard.exe module_cam_gffgch.bb | /lib/cpp -P -nostdinc -traditional-cpp > module_cam_gffgch.f90
rm -f module_cam_gffgch.G module_cam_gffgch.H module_cam_gffgch.bb
time mpif90 -f90=ifort -o module_cam_gffgch.o -c -O3 -ip -fp-model precise -w -ftz -align all -fno-alias -FR -convert big_endian    -I../dyn_em -I../dyn_nmm   -I/glade/work/rkumar/NASA_HMA/WRFchem_HMA/external/esmf_time_f90  -I/glade/work/rkumar/NASA_HMA/WRFchem_HMA/main -I/glade/work/rkumar/NASA_HMA/WRFchem_HMA/external/io_netcdf -I/glade/work/rkumar/NASA_HMA/WRFchem_HMA/external/io_int -I/glade/work/rkumar/NASA_HMA/WRFchem_HMA/frame -I/glade/work/rkumar/NASA_HMA/WRFchem_HMA/share -I/glade/work/rkumar/NASA_HMA/WRFchem_HMA/phys -I/glade/work/rkumar/NASA_HMA/WRFchem_HMA/chem -I/glade/work/rkumar/NASA_HMA/WRFchem_HMA/inc -I/glade/u/apps/ch/opt/netcdf/4.8.1/intel/19.1.1//include  -real-size `expr 8 \* 4` -i4  module_cam_gffgch.f90

real	0m0.602s
user	0m0.056s
sys	0m0.494s
rm -f module_cam_constituents.o
sed -e "s/grid%mu/gridmu/g" -e "s/grid%Mu/gridMu/g" -e "s/^\!.*'.*//" -e "s/^ *\!.*'.*//" module_cam_constituents.F > module_cam_constituents.G
/lib/cpp -P -nostdinc -I/glade/work/rkumar/NASA_HMA/WRFchem_HMA/inc -DEM_CORE=1 -DNMM_CORE=0 -DNMM_MAX_DIM=2600 -DCOAMPS_CORE=0 -DDA_CORE=0 -DEXP_CORE=0 -DIWORDSIZE=4 -DDWORDSIZE=8 -DRWORDSIZE=4 -DLWORDSIZE=4 -DNONSTANDARD_SYSTEM_FUNC  -DWRF_USE_CLM  -DSNICAR_FRC    -DDM_PARALLEL -DNETCDF -DUSE_ALLOCATABLES -DGRIB1 -DINTIO -DKEEP_INT_AROUND -DLIMIT_ARGS -DCONFIG_BUF_LEN=65536 -DMAX_DOMAINS_F=21 -DMAX_HISTORY=25 -DNMM_NEST=0 -DWRF_CHEM -DBUILD_CHEM=1 -DWRF_KPP -I. -traditional-cpp   module_cam_constituents.G  > module_cam_constituents.H
sed -e "s/gridmu/grid%mu/g" -e "s/gridMu/grid%Mu/g" module_cam_constituents.H > module_cam_constituents.bb
/glade/work/rkumar/NASA_HMA/WRFchem_HMA/tools/standard.exe module_cam_constituents.bb | /lib/cpp -P -nostdinc -traditional-cpp > module_cam_constituents.f90
rm -f module_cam_constituents.G module_cam_constituents.H module_cam_constituents.bb
time mpif90 -f90=ifort -o module_cam_constituents.o -c -O3 -ip -fp-model precise -w -ftz -align all -fno-alias -FR -convert big_endian    -I../dyn_em -I../dyn_nmm   -I/glade/work/rkumar/NASA_HMA/WRFchem_HMA/external/esmf_time_f90  -I/glade/work/rkumar/NASA_HMA/WRFchem_HMA/main -I/glade/work/rkumar/NASA_HMA/WRFchem_HMA/external/io_netcdf -I/glade/work/rkumar/NASA_HMA/WRFchem_HMA/external/io_int -I/glade/work/rkumar/NASA_HMA/WRFchem_HMA/frame -I/glade/work/rkumar/NASA_HMA/WRFchem_HMA/share -I/glade/work/rkumar/NASA_HMA/WRFchem_HMA/phys -I/glade/work/rkumar/NASA_HMA/WRFchem_HMA/chem -I/glade/work/rkumar/NASA_HMA/WRFchem_HMA/inc -I/glade/u/apps/ch/opt/netcdf/4.8.1/intel/19.1.1//include  -real-size `expr 8 \* 4` -i4  module_cam_constituents.f90

real	0m0.694s
user	0m0.151s
sys	0m0.481s
rm -f module_cam_bl_eddy_diff.o
sed -e "s/grid%mu/gridmu/g" -e "s/grid%Mu/gridMu/g" -e "s/^\!.*'.*//" -e "s/^ *\!.*'.*//" module_cam_bl_eddy_diff.F > module_cam_bl_eddy_diff.G
/lib/cpp -P -nostdinc -I/glade/work/rkumar/NASA_HMA/WRFchem_HMA/inc -DEM_CORE=1 -DNMM_CORE=0 -DNMM_MAX_DIM=2600 -DCOAMPS_CORE=0 -DDA_CORE=0 -DEXP_CORE=0 -DIWORDSIZE=4 -DDWORDSIZE=8 -DRWORDSIZE=4 -DLWORDSIZE=4 -DNONSTANDARD_SYSTEM_FUNC  -DWRF_USE_CLM  -DSNICAR_FRC    -DDM_PARALLEL -DNETCDF -DUSE_ALLOCATABLES -DGRIB1 -DINTIO -DKEEP_INT_AROUND -DLIMIT_ARGS -DCONFIG_BUF_LEN=65536 -DMAX_DOMAINS_F=21 -DMAX_HISTORY=25 -DNMM_NEST=0 -DWRF_CHEM -DBUILD_CHEM=1 -DWRF_KPP -I. -traditional-cpp   module_cam_bl_eddy_diff.G  > module_cam_bl_eddy_diff.H
sed -e "s/gridmu/grid%mu/g" -e "s/gridMu/grid%Mu/g" module_cam_bl_eddy_diff.H > module_cam_bl_eddy_diff.bb
/glade/work/rkumar/NASA_HMA/WRFchem_HMA/tools/standard.exe module_cam_bl_eddy_diff.bb | /lib/cpp -P -nostdinc -traditional-cpp > module_cam_bl_eddy_diff.f90
rm -f module_cam_bl_eddy_diff.G module_cam_bl_eddy_diff.H module_cam_bl_eddy_diff.bb
time mpif90 -f90=ifort -o module_cam_bl_eddy_diff.o -c -O3 -ip -fp-model precise -w -ftz -align all -fno-alias -FR -convert big_endian    -I../dyn_em -I../dyn_nmm   -I/glade/work/rkumar/NASA_HMA/WRFchem_HMA/external/esmf_time_f90  -I/glade/work/rkumar/NASA_HMA/WRFchem_HMA/main -I/glade/work/rkumar/NASA_HMA/WRFchem_HMA/external/io_netcdf -I/glade/work/rkumar/NASA_HMA/WRFchem_HMA/external/io_int -I/glade/work/rkumar/NASA_HMA/WRFchem_HMA/frame -I/glade/work/rkumar/NASA_HMA/WRFchem_HMA/share -I/glade/work/rkumar/NASA_HMA/WRFchem_HMA/phys -I/glade/work/rkumar/NASA_HMA/WRFchem_HMA/chem -I/glade/work/rkumar/NASA_HMA/WRFchem_HMA/inc -I/glade/u/apps/ch/opt/netcdf/4.8.1/intel/19.1.1//include  -real-size `expr 8 \* 4` -i4  module_cam_bl_eddy_diff.f90

real	0m5.378s
user	0m4.782s
sys	0m0.528s
rm -f module_data_cam_mam_aero.o
sed -e "s/grid%mu/gridmu/g" -e "s/grid%Mu/gridMu/g" -e "s/^\!.*'.*//" -e "s/^ *\!.*'.*//" module_data_cam_mam_aero.F > module_data_cam_mam_aero.G
/lib/cpp -P -nostdinc -I/glade/work/rkumar/NASA_HMA/WRFchem_HMA/inc -DEM_CORE=1 -DNMM_CORE=0 -DNMM_MAX_DIM=2600 -DCOAMPS_CORE=0 -DDA_CORE=0 -DEXP_CORE=0 -DIWORDSIZE=4 -DDWORDSIZE=8 -DRWORDSIZE=4 -DLWORDSIZE=4 -DNONSTANDARD_SYSTEM_FUNC  -DWRF_USE_CLM  -DSNICAR_FRC    -DDM_PARALLEL -DNETCDF -DUSE_ALLOCATABLES -DGRIB1 -DINTIO -DKEEP_INT_AROUND -DLIMIT_ARGS -DCONFIG_BUF_LEN=65536 -DMAX_DOMAINS_F=21 -DMAX_HISTORY=25 -DNMM_NEST=0 -DWRF_CHEM -DBUILD_CHEM=1 -DWRF_KPP -I. -traditional-cpp   module_data_cam_mam_aero.G  > module_data_cam_mam_aero.H
sed -e "s/gridmu/grid%mu/g" -e "s/gridMu/grid%Mu/g" module_data_cam_mam_aero.H > module_data_cam_mam_aero.bb
/glade/work/rkumar/NASA_HMA/WRFchem_HMA/tools/standard.exe module_data_cam_mam_aero.bb | /lib/cpp -P -nostdinc -traditional-cpp > module_data_cam_mam_aero.f90
rm -f module_data_cam_mam_aero.G module_data_cam_mam_aero.H module_data_cam_mam_aero.bb
time mpif90 -f90=ifort -o module_data_cam_mam_aero.o -c -O3 -ip -fp-model precise -w -ftz -align all -fno-alias -FR -convert big_endian    -I../dyn_em -I../dyn_nmm   -I/glade/work/rkumar/NASA_HMA/WRFchem_HMA/external/esmf_time_f90  -I/glade/work/rkumar/NASA_HMA/WRFchem_HMA/main -I/glade/work/rkumar/NASA_HMA/WRFchem_HMA/external/io_netcdf -I/glade/work/rkumar/NASA_HMA/WRFchem_HMA/external/io_int -I/glade/work/rkumar/NASA_HMA/WRFchem_HMA/frame -I/glade/work/rkumar/NASA_HMA/WRFchem_HMA/share -I/glade/work/rkumar/NASA_HMA/WRFchem_HMA/phys -I/glade/work/rkumar/NASA_HMA/WRFchem_HMA/chem -I/glade/work/rkumar/NASA_HMA/WRFchem_HMA/inc -I/glade/u/apps/ch/opt/netcdf/4.8.1/intel/19.1.1//include  -real-size `expr 8 \* 4` -i4  module_data_cam_mam_aero.f90

real	0m0.580s
user	0m0.046s
sys	0m0.494s
rm -f module_cu_tiedtke.o
sed -e "s/grid%mu/gridmu/g" -e "s/grid%Mu/gridMu/g" -e "s/^\!.*'.*//" -e "s/^ *\!.*'.*//" module_cu_tiedtke.F > module_cu_tiedtke.G
/lib/cpp -P -nostdinc -I/glade/work/rkumar/NASA_HMA/WRFchem_HMA/inc -DEM_CORE=1 -DNMM_CORE=0 -DNMM_MAX_DIM=2600 -DCOAMPS_CORE=0 -DDA_CORE=0 -DEXP_CORE=0 -DIWORDSIZE=4 -DDWORDSIZE=8 -DRWORDSIZE=4 -DLWORDSIZE=4 -DNONSTANDARD_SYSTEM_FUNC  -DWRF_USE_CLM  -DSNICAR_FRC    -DDM_PARALLEL -DNETCDF -DUSE_ALLOCATABLES -DGRIB1 -DINTIO -DKEEP_INT_AROUND -DLIMIT_ARGS -DCONFIG_BUF_LEN=65536 -DMAX_DOMAINS_F=21 -DMAX_HISTORY=25 -DNMM_NEST=0 -DWRF_CHEM -DBUILD_CHEM=1 -DWRF_KPP -I. -traditional-cpp   module_cu_tiedtke.G  > module_cu_tiedtke.H
sed -e "s/gridmu/grid%mu/g" -e "s/gridMu/grid%Mu/g" module_cu_tiedtke.H > module_cu_tiedtke.bb
/glade/work/rkumar/NASA_HMA/WRFchem_HMA/tools/standard.exe module_cu_tiedtke.bb | /lib/cpp -P -nostdinc -traditional-cpp > module_cu_tiedtke.f90
rm -f module_cu_tiedtke.G module_cu_tiedtke.H module_cu_tiedtke.bb
time mpif90 -f90=ifort -o module_cu_tiedtke.o -c -O3 -ip -fp-model precise -w -ftz -align all -fno-alias -FR -convert big_endian    -I../dyn_em -I../dyn_nmm   -I/glade/work/rkumar/NASA_HMA/WRFchem_HMA/external/esmf_time_f90  -I/glade/work/rkumar/NASA_HMA/WRFchem_HMA/main -I/glade/work/rkumar/NASA_HMA/WRFchem_HMA/external/io_netcdf -I/glade/work/rkumar/NASA_HMA/WRFchem_HMA/external/io_int -I/glade/work/rkumar/NASA_HMA/WRFchem_HMA/frame -I/glade/work/rkumar/NASA_HMA/WRFchem_HMA/share -I/glade/work/rkumar/NASA_HMA/WRFchem_HMA/phys -I/glade/work/rkumar/NASA_HMA/WRFchem_HMA/chem -I/glade/work/rkumar/NASA_HMA/WRFchem_HMA/inc -I/glade/u/apps/ch/opt/netcdf/4.8.1/intel/19.1.1//include  -real-size `expr 8 \* 4` -i4  module_cu_tiedtke.f90

real	0m5.279s
user	0m4.608s
sys	0m0.589s
rm -f module_radiation_driver.o
sed -e "s/grid%mu/gridmu/g" -e "s/grid%Mu/gridMu/g" -e "s/^\!.*'.*//" -e "s/^ *\!.*'.*//" module_radiation_driver.F > module_radiation_driver.G
/lib/cpp -P -nostdinc -I/glade/work/rkumar/NASA_HMA/WRFchem_HMA/inc -DEM_CORE=1 -DNMM_CORE=0 -DNMM_MAX_DIM=2600 -DCOAMPS_CORE=0 -DDA_CORE=0 -DEXP_CORE=0 -DIWORDSIZE=4 -DDWORDSIZE=8 -DRWORDSIZE=4 -DLWORDSIZE=4 -DNONSTANDARD_SYSTEM_FUNC  -DWRF_USE_CLM  -DSNICAR_FRC    -DDM_PARALLEL -DNETCDF -DUSE_ALLOCATABLES -DGRIB1 -DINTIO -DKEEP_INT_AROUND -DLIMIT_ARGS -DCONFIG_BUF_LEN=65536 -DMAX_DOMAINS_F=21 -DMAX_HISTORY=25 -DNMM_NEST=0 -DWRF_CHEM -DBUILD_CHEM=1 -DWRF_KPP -I. -traditional-cpp   module_radiation_driver.G  > module_radiation_driver.H
sed -e "s/gridmu/grid%mu/g" -e "s/gridMu/grid%Mu/g" module_radiation_driver.H > module_radiation_driver.bb
/glade/work/rkumar/NASA_HMA/WRFchem_HMA/tools/standard.exe module_radiation_driver.bb | /lib/cpp -P -nostdinc -traditional-cpp > module_radiation_driver.f90
rm -f module_radiation_driver.G module_radiation_driver.H module_radiation_driver.bb
time mpif90 -f90=ifort -o module_radiation_driver.o -c -O3 -ip -fp-model precise -w -ftz -align all -fno-alias -FR -convert big_endian    -I../dyn_em -I../dyn_nmm   -I/glade/work/rkumar/NASA_HMA/WRFchem_HMA/external/esmf_time_f90  -I/glade/work/rkumar/NASA_HMA/WRFchem_HMA/main -I/glade/work/rkumar/NASA_HMA/WRFchem_HMA/external/io_netcdf -I/glade/work/rkumar/NASA_HMA/WRFchem_HMA/external/io_int -I/glade/work/rkumar/NASA_HMA/WRFchem_HMA/frame -I/glade/work/rkumar/NASA_HMA/WRFchem_HMA/share -I/glade/work/rkumar/NASA_HMA/WRFchem_HMA/phys -I/glade/work/rkumar/NASA_HMA/WRFchem_HMA/chem -I/glade/work/rkumar/NASA_HMA/WRFchem_HMA/inc -I/glade/u/apps/ch/opt/netcdf/4.8.1/intel/19.1.1//include  -real-size `expr 8 \* 4` -i4  module_radiation_driver.f90

real	0m16.167s
user	0m14.370s
sys	0m1.201s
rm -f module_sf_noahdrv.o
sed -e "s/grid%mu/gridmu/g" -e "s/grid%Mu/gridMu/g" -e "s/^\!.*'.*//" -e "s/^ *\!.*'.*//" module_sf_noahdrv.F > module_sf_noahdrv.G
/lib/cpp -P -nostdinc -I/glade/work/rkumar/NASA_HMA/WRFchem_HMA/inc -DEM_CORE=1 -DNMM_CORE=0 -DNMM_MAX_DIM=2600 -DCOAMPS_CORE=0 -DDA_CORE=0 -DEXP_CORE=0 -DIWORDSIZE=4 -DDWORDSIZE=8 -DRWORDSIZE=4 -DLWORDSIZE=4 -DNONSTANDARD_SYSTEM_FUNC  -DWRF_USE_CLM  -DSNICAR_FRC    -DDM_PARALLEL -DNETCDF -DUSE_ALLOCATABLES -DGRIB1 -DINTIO -DKEEP_INT_AROUND -DLIMIT_ARGS -DCONFIG_BUF_LEN=65536 -DMAX_DOMAINS_F=21 -DMAX_HISTORY=25 -DNMM_NEST=0 -DWRF_CHEM -DBUILD_CHEM=1 -DWRF_KPP -I. -traditional-cpp   module_sf_noahdrv.G  > module_sf_noahdrv.H
sed -e "s/gridmu/grid%mu/g" -e "s/gridMu/grid%Mu/g" module_sf_noahdrv.H > module_sf_noahdrv.bb
/glade/work/rkumar/NASA_HMA/WRFchem_HMA/tools/standard.exe module_sf_noahdrv.bb | /lib/cpp -P -nostdinc -traditional-cpp > module_sf_noahdrv.f90
rm -f module_sf_noahdrv.G module_sf_noahdrv.H module_sf_noahdrv.bb
time mpif90 -f90=ifort -o module_sf_noahdrv.o -c -O3 -ip -fp-model precise -w -ftz -align all -fno-alias -FR -convert big_endian    -I../dyn_em -I../dyn_nmm   -I/glade/work/rkumar/NASA_HMA/WRFchem_HMA/external/esmf_time_f90  -I/glade/work/rkumar/NASA_HMA/WRFchem_HMA/main -I/glade/work/rkumar/NASA_HMA/WRFchem_HMA/external/io_netcdf -I/glade/work/rkumar/NASA_HMA/WRFchem_HMA/external/io_int -I/glade/work/rkumar/NASA_HMA/WRFchem_HMA/frame -I/glade/work/rkumar/NASA_HMA/WRFchem_HMA/share -I/glade/work/rkumar/NASA_HMA/WRFchem_HMA/phys -I/glade/work/rkumar/NASA_HMA/WRFchem_HMA/chem -I/glade/work/rkumar/NASA_HMA/WRFchem_HMA/inc -I/glade/u/apps/ch/opt/netcdf/4.8.1/intel/19.1.1//include  -real-size `expr 8 \* 4` -i4  module_sf_noahdrv.f90

real	0m6.838s
user	0m6.133s
sys	0m0.655s
rm -f module_fr_fire_model.o
sed -e "s/grid%mu/gridmu/g" -e "s/grid%Mu/gridMu/g" -e "s/^\!.*'.*//" -e "s/^ *\!.*'.*//" module_fr_fire_model.F > module_fr_fire_model.G
/lib/cpp -P -nostdinc -I/glade/work/rkumar/NASA_HMA/WRFchem_HMA/inc -DEM_CORE=1 -DNMM_CORE=0 -DNMM_MAX_DIM=2600 -DCOAMPS_CORE=0 -DDA_CORE=0 -DEXP_CORE=0 -DIWORDSIZE=4 -DDWORDSIZE=8 -DRWORDSIZE=4 -DLWORDSIZE=4 -DNONSTANDARD_SYSTEM_FUNC  -DWRF_USE_CLM  -DSNICAR_FRC    -DDM_PARALLEL -DNETCDF -DUSE_ALLOCATABLES -DGRIB1 -DINTIO -DKEEP_INT_AROUND -DLIMIT_ARGS -DCONFIG_BUF_LEN=65536 -DMAX_DOMAINS_F=21 -DMAX_HISTORY=25 -DNMM_NEST=0 -DWRF_CHEM -DBUILD_CHEM=1 -DWRF_KPP -I. -traditional-cpp   module_fr_fire_model.G  > module_fr_fire_model.H
sed -e "s/gridmu/grid%mu/g" -e "s/gridMu/grid%Mu/g" module_fr_fire_model.H > module_fr_fire_model.bb
/glade/work/rkumar/NASA_HMA/WRFchem_HMA/tools/standard.exe module_fr_fire_model.bb | /lib/cpp -P -nostdinc -traditional-cpp > module_fr_fire_model.f90
rm -f module_fr_fire_model.G module_fr_fire_model.H module_fr_fire_model.bb
time mpif90 -f90=ifort -o module_fr_fire_model.o -c -O3 -ip -fp-model precise -w -ftz -align all -fno-alias -FR -convert big_endian    -I../dyn_em -I../dyn_nmm   -I/glade/work/rkumar/NASA_HMA/WRFchem_HMA/external/esmf_time_f90  -I/glade/work/rkumar/NASA_HMA/WRFchem_HMA/main -I/glade/work/rkumar/NASA_HMA/WRFchem_HMA/external/io_netcdf -I/glade/work/rkumar/NASA_HMA/WRFchem_HMA/external/io_int -I/glade/work/rkumar/NASA_HMA/WRFchem_HMA/frame -I/glade/work/rkumar/NASA_HMA/WRFchem_HMA/share -I/glade/work/rkumar/NASA_HMA/WRFchem_HMA/phys -I/glade/work/rkumar/NASA_HMA/WRFchem_HMA/chem -I/glade/work/rkumar/NASA_HMA/WRFchem_HMA/inc -I/glade/u/apps/ch/opt/netcdf/4.8.1/intel/19.1.1//include  -real-size `expr 8 \* 4` -i4  module_fr_fire_model.f90

real	0m0.871s
user	0m0.305s
sys	0m0.508s
rm -f module_cam_wv_saturation.o
sed -e "s/grid%mu/gridmu/g" -e "s/grid%Mu/gridMu/g" -e "s/^\!.*'.*//" -e "s/^ *\!.*'.*//" module_cam_wv_saturation.F > module_cam_wv_saturation.G
/lib/cpp -P -nostdinc -I/glade/work/rkumar/NASA_HMA/WRFchem_HMA/inc -DEM_CORE=1 -DNMM_CORE=0 -DNMM_MAX_DIM=2600 -DCOAMPS_CORE=0 -DDA_CORE=0 -DEXP_CORE=0 -DIWORDSIZE=4 -DDWORDSIZE=8 -DRWORDSIZE=4 -DLWORDSIZE=4 -DNONSTANDARD_SYSTEM_FUNC  -DWRF_USE_CLM  -DSNICAR_FRC    -DDM_PARALLEL -DNETCDF -DUSE_ALLOCATABLES -DGRIB1 -DINTIO -DKEEP_INT_AROUND -DLIMIT_ARGS -DCONFIG_BUF_LEN=65536 -DMAX_DOMAINS_F=21 -DMAX_HISTORY=25 -DNMM_NEST=0 -DWRF_CHEM -DBUILD_CHEM=1 -DWRF_KPP -I. -traditional-cpp   module_cam_wv_saturation.G  > module_cam_wv_saturation.H
sed -e "s/gridmu/grid%mu/g" -e "s/gridMu/grid%Mu/g" module_cam_wv_saturation.H > module_cam_wv_saturation.bb
/glade/work/rkumar/NASA_HMA/WRFchem_HMA/tools/standard.exe module_cam_wv_saturation.bb | /lib/cpp -P -nostdinc -traditional-cpp > module_cam_wv_saturation.f90
rm -f module_cam_wv_saturation.G module_cam_wv_saturation.H module_cam_wv_saturation.bb
time mpif90 -f90=ifort -o module_cam_wv_saturation.o -c -O3 -ip -fp-model precise -w -ftz -align all -fno-alias -FR -convert big_endian    -I../dyn_em -I../dyn_nmm   -I/glade/work/rkumar/NASA_HMA/WRFchem_HMA/external/esmf_time_f90  -I/glade/work/rkumar/NASA_HMA/WRFchem_HMA/main -I/glade/work/rkumar/NASA_HMA/WRFchem_HMA/external/io_netcdf -I/glade/work/rkumar/NASA_HMA/WRFchem_HMA/external/io_int -I/glade/work/rkumar/NASA_HMA/WRFchem_HMA/frame -I/glade/work/rkumar/NASA_HMA/WRFchem_HMA/share -I/glade/work/rkumar/NASA_HMA/WRFchem_HMA/phys -I/glade/work/rkumar/NASA_HMA/WRFchem_HMA/chem -I/glade/work/rkumar/NASA_HMA/WRFchem_HMA/inc -I/glade/u/apps/ch/opt/netcdf/4.8.1/intel/19.1.1//include  -real-size `expr 8 \* 4` -i4  module_cam_wv_saturation.f90

real	0m0.970s
user	0m0.416s
sys	0m0.487s
rm -f module_cam_molec_diff.o
sed -e "s/grid%mu/gridmu/g" -e "s/grid%Mu/gridMu/g" -e "s/^\!.*'.*//" -e "s/^ *\!.*'.*//" module_cam_molec_diff.F > module_cam_molec_diff.G
/lib/cpp -P -nostdinc -I/glade/work/rkumar/NASA_HMA/WRFchem_HMA/inc -DEM_CORE=1 -DNMM_CORE=0 -DNMM_MAX_DIM=2600 -DCOAMPS_CORE=0 -DDA_CORE=0 -DEXP_CORE=0 -DIWORDSIZE=4 -DDWORDSIZE=8 -DRWORDSIZE=4 -DLWORDSIZE=4 -DNONSTANDARD_SYSTEM_FUNC  -DWRF_USE_CLM  -DSNICAR_FRC    -DDM_PARALLEL -DNETCDF -DUSE_ALLOCATABLES -DGRIB1 -DINTIO -DKEEP_INT_AROUND -DLIMIT_ARGS -DCONFIG_BUF_LEN=65536 -DMAX_DOMAINS_F=21 -DMAX_HISTORY=25 -DNMM_NEST=0 -DWRF_CHEM -DBUILD_CHEM=1 -DWRF_KPP -I. -traditional-cpp   module_cam_molec_diff.G  > module_cam_molec_diff.H
sed -e "s/gridmu/grid%mu/g" -e "s/gridMu/grid%Mu/g" module_cam_molec_diff.H > module_cam_molec_diff.bb
/glade/work/rkumar/NASA_HMA/WRFchem_HMA/tools/standard.exe module_cam_molec_diff.bb | /lib/cpp -P -nostdinc -traditional-cpp > module_cam_molec_diff.f90
rm -f module_cam_molec_diff.G module_cam_molec_diff.H module_cam_molec_diff.bb
time mpif90 -f90=ifort -o module_cam_molec_diff.o -c -O3 -ip -fp-model precise -w -ftz -align all -fno-alias -FR -convert big_endian    -I../dyn_em -I../dyn_nmm   -I/glade/work/rkumar/NASA_HMA/WRFchem_HMA/external/esmf_time_f90  -I/glade/work/rkumar/NASA_HMA/WRFchem_HMA/main -I/glade/work/rkumar/NASA_HMA/WRFchem_HMA/external/io_netcdf -I/glade/work/rkumar/NASA_HMA/WRFchem_HMA/external/io_int -I/glade/work/rkumar/NASA_HMA/WRFchem_HMA/frame -I/glade/work/rkumar/NASA_HMA/WRFchem_HMA/share -I/glade/work/rkumar/NASA_HMA/WRFchem_HMA/phys -I/glade/work/rkumar/NASA_HMA/WRFchem_HMA/chem -I/glade/work/rkumar/NASA_HMA/WRFchem_HMA/inc -I/glade/u/apps/ch/opt/netcdf/4.8.1/intel/19.1.1//include  -real-size `expr 8 \* 4` -i4  module_cam_molec_diff.f90

real	0m1.289s
user	0m0.694s
sys	0m0.526s
rm -f module_cam_mp_ndrop.o
sed -e "s/grid%mu/gridmu/g" -e "s/grid%Mu/gridMu/g" -e "s/^\!.*'.*//" -e "s/^ *\!.*'.*//" module_cam_mp_ndrop.F > module_cam_mp_ndrop.G
/lib/cpp -P -nostdinc -I/glade/work/rkumar/NASA_HMA/WRFchem_HMA/inc -DEM_CORE=1 -DNMM_CORE=0 -DNMM_MAX_DIM=2600 -DCOAMPS_CORE=0 -DDA_CORE=0 -DEXP_CORE=0 -DIWORDSIZE=4 -DDWORDSIZE=8 -DRWORDSIZE=4 -DLWORDSIZE=4 -DNONSTANDARD_SYSTEM_FUNC  -DWRF_USE_CLM  -DSNICAR_FRC    -DDM_PARALLEL -DNETCDF -DUSE_ALLOCATABLES -DGRIB1 -DINTIO -DKEEP_INT_AROUND -DLIMIT_ARGS -DCONFIG_BUF_LEN=65536 -DMAX_DOMAINS_F=21 -DMAX_HISTORY=25 -DNMM_NEST=0 -DWRF_CHEM -DBUILD_CHEM=1 -DWRF_KPP -I. -traditional-cpp   module_cam_mp_ndrop.G  > module_cam_mp_ndrop.H
sed -e "s/gridmu/grid%mu/g" -e "s/gridMu/grid%Mu/g" module_cam_mp_ndrop.H > module_cam_mp_ndrop.bb
/glade/work/rkumar/NASA_HMA/WRFchem_HMA/tools/standard.exe module_cam_mp_ndrop.bb | /lib/cpp -P -nostdinc -traditional-cpp > module_cam_mp_ndrop.f90
rm -f module_cam_mp_ndrop.G module_cam_mp_ndrop.H module_cam_mp_ndrop.bb
time mpif90 -f90=ifort -o module_cam_mp_ndrop.o -c -O3 -ip -fp-model precise -w -ftz -align all -fno-alias -FR -convert big_endian    -I../dyn_em -I../dyn_nmm   -I/glade/work/rkumar/NASA_HMA/WRFchem_HMA/external/esmf_time_f90  -I/glade/work/rkumar/NASA_HMA/WRFchem_HMA/main -I/glade/work/rkumar/NASA_HMA/WRFchem_HMA/external/io_netcdf -I/glade/work/rkumar/NASA_HMA/WRFchem_HMA/external/io_int -I/glade/work/rkumar/NASA_HMA/WRFchem_HMA/frame -I/glade/work/rkumar/NASA_HMA/WRFchem_HMA/share -I/glade/work/rkumar/NASA_HMA/WRFchem_HMA/phys -I/glade/work/rkumar/NASA_HMA/WRFchem_HMA/chem -I/glade/work/rkumar/NASA_HMA/WRFchem_HMA/inc -I/glade/u/apps/ch/opt/netcdf/4.8.1/intel/19.1.1//include  -real-size `expr 8 \* 4` -i4  module_cam_mp_ndrop.f90

real	0m4.554s
user	0m3.914s
sys	0m0.562s
rm -f module_cam_mp_cldwat2m_micro.o
sed -e "s/grid%mu/gridmu/g" -e "s/grid%Mu/gridMu/g" -e "s/^\!.*'.*//" -e "s/^ *\!.*'.*//" module_cam_mp_cldwat2m_micro.F > module_cam_mp_cldwat2m_micro.G
/lib/cpp -P -nostdinc -I/glade/work/rkumar/NASA_HMA/WRFchem_HMA/inc -DEM_CORE=1 -DNMM_CORE=0 -DNMM_MAX_DIM=2600 -DCOAMPS_CORE=0 -DDA_CORE=0 -DEXP_CORE=0 -DIWORDSIZE=4 -DDWORDSIZE=8 -DRWORDSIZE=4 -DLWORDSIZE=4 -DNONSTANDARD_SYSTEM_FUNC  -DWRF_USE_CLM  -DSNICAR_FRC    -DDM_PARALLEL -DNETCDF -DUSE_ALLOCATABLES -DGRIB1 -DINTIO -DKEEP_INT_AROUND -DLIMIT_ARGS -DCONFIG_BUF_LEN=65536 -DMAX_DOMAINS_F=21 -DMAX_HISTORY=25 -DNMM_NEST=0 -DWRF_CHEM -DBUILD_CHEM=1 -DWRF_KPP -I. -traditional-cpp   module_cam_mp_cldwat2m_micro.G  > module_cam_mp_cldwat2m_micro.H
sed -e "s/gridmu/grid%mu/g" -e "s/gridMu/grid%Mu/g" module_cam_mp_cldwat2m_micro.H > module_cam_mp_cldwat2m_micro.bb
/glade/work/rkumar/NASA_HMA/WRFchem_HMA/tools/standard.exe module_cam_mp_cldwat2m_micro.bb | /lib/cpp -P -nostdinc -traditional-cpp > module_cam_mp_cldwat2m_micro.f90
rm -f module_cam_mp_cldwat2m_micro.G module_cam_mp_cldwat2m_micro.H module_cam_mp_cldwat2m_micro.bb
time mpif90 -f90=ifort -o module_cam_mp_cldwat2m_micro.o -c -O3 -ip -fp-model precise -w -ftz -align all -fno-alias -FR -convert big_endian    -I../dyn_em -I../dyn_nmm   -I/glade/work/rkumar/NASA_HMA/WRFchem_HMA/external/esmf_time_f90  -I/glade/work/rkumar/NASA_HMA/WRFchem_HMA/main -I/glade/work/rkumar/NASA_HMA/WRFchem_HMA/external/io_netcdf -I/glade/work/rkumar/NASA_HMA/WRFchem_HMA/external/io_int -I/glade/work/rkumar/NASA_HMA/WRFchem_HMA/frame -I/glade/work/rkumar/NASA_HMA/WRFchem_HMA/share -I/glade/work/rkumar/NASA_HMA/WRFchem_HMA/phys -I/glade/work/rkumar/NASA_HMA/WRFchem_HMA/chem -I/glade/work/rkumar/NASA_HMA/WRFchem_HMA/inc -I/glade/u/apps/ch/opt/netcdf/4.8.1/intel/19.1.1//include  -real-size `expr 8 \* 4` -i4  module_cam_mp_cldwat2m_micro.f90

real	0m9.430s
user	0m8.725s
sys	0m0.648s
rm -f module_cam_mp_modal_aero_initialize_data_phys.o
sed -e "s/grid%mu/gridmu/g" -e "s/grid%Mu/gridMu/g" -e "s/^\!.*'.*//" -e "s/^ *\!.*'.*//" module_cam_mp_modal_aero_initialize_data_phys.F > module_cam_mp_modal_aero_initialize_data_phys.G
/lib/cpp -P -nostdinc -I/glade/work/rkumar/NASA_HMA/WRFchem_HMA/inc -DEM_CORE=1 -DNMM_CORE=0 -DNMM_MAX_DIM=2600 -DCOAMPS_CORE=0 -DDA_CORE=0 -DEXP_CORE=0 -DIWORDSIZE=4 -DDWORDSIZE=8 -DRWORDSIZE=4 -DLWORDSIZE=4 -DNONSTANDARD_SYSTEM_FUNC  -DWRF_USE_CLM  -DSNICAR_FRC    -DDM_PARALLEL -DNETCDF -DUSE_ALLOCATABLES -DGRIB1 -DINTIO -DKEEP_INT_AROUND -DLIMIT_ARGS -DCONFIG_BUF_LEN=65536 -DMAX_DOMAINS_F=21 -DMAX_HISTORY=25 -DNMM_NEST=0 -DWRF_CHEM -DBUILD_CHEM=1 -DWRF_KPP -I. -traditional-cpp   module_cam_mp_modal_aero_initialize_data_phys.G  > module_cam_mp_modal_aero_initialize_data_phys.H
sed -e "s/gridmu/grid%mu/g" -e "s/gridMu/grid%Mu/g" module_cam_mp_modal_aero_initialize_data_phys.H > module_cam_mp_modal_aero_initialize_data_phys.bb
/glade/work/rkumar/NASA_HMA/WRFchem_HMA/tools/standard.exe module_cam_mp_modal_aero_initialize_data_phys.bb | /lib/cpp -P -nostdinc -traditional-cpp > module_cam_mp_modal_aero_initialize_data_phys.f90
rm -f module_cam_mp_modal_aero_initialize_data_phys.G module_cam_mp_modal_aero_initialize_data_phys.H module_cam_mp_modal_aero_initialize_data_phys.bb
time mpif90 -f90=ifort -o module_cam_mp_modal_aero_initialize_data_phys.o -c -O3 -ip -fp-model precise -w -ftz -align all -fno-alias -FR -convert big_endian    -I../dyn_em -I../dyn_nmm   -I/glade/work/rkumar/NASA_HMA/WRFchem_HMA/external/esmf_time_f90  -I/glade/work/rkumar/NASA_HMA/WRFchem_HMA/main -I/glade/work/rkumar/NASA_HMA/WRFchem_HMA/external/io_netcdf -I/glade/work/rkumar/NASA_HMA/WRFchem_HMA/external/io_int -I/glade/work/rkumar/NASA_HMA/WRFchem_HMA/frame -I/glade/work/rkumar/NASA_HMA/WRFchem_HMA/share -I/glade/work/rkumar/NASA_HMA/WRFchem_HMA/phys -I/glade/work/rkumar/NASA_HMA/WRFchem_HMA/chem -I/glade/work/rkumar/NASA_HMA/WRFchem_HMA/inc -I/glade/u/apps/ch/opt/netcdf/4.8.1/intel/19.1.1//include  -real-size `expr 8 \* 4` -i4  module_cam_mp_modal_aero_initialize_data_phys.f90

real	0m0.665s
user	0m0.123s
sys	0m0.493s
rm -f module_data_cam_mam_asect.o
sed -e "s/grid%mu/gridmu/g" -e "s/grid%Mu/gridMu/g" -e "s/^\!.*'.*//" -e "s/^ *\!.*'.*//" module_data_cam_mam_asect.F > module_data_cam_mam_asect.G
/lib/cpp -P -nostdinc -I/glade/work/rkumar/NASA_HMA/WRFchem_HMA/inc -DEM_CORE=1 -DNMM_CORE=0 -DNMM_MAX_DIM=2600 -DCOAMPS_CORE=0 -DDA_CORE=0 -DEXP_CORE=0 -DIWORDSIZE=4 -DDWORDSIZE=8 -DRWORDSIZE=4 -DLWORDSIZE=4 -DNONSTANDARD_SYSTEM_FUNC  -DWRF_USE_CLM  -DSNICAR_FRC    -DDM_PARALLEL -DNETCDF -DUSE_ALLOCATABLES -DGRIB1 -DINTIO -DKEEP_INT_AROUND -DLIMIT_ARGS -DCONFIG_BUF_LEN=65536 -DMAX_DOMAINS_F=21 -DMAX_HISTORY=25 -DNMM_NEST=0 -DWRF_CHEM -DBUILD_CHEM=1 -DWRF_KPP -I. -traditional-cpp   module_data_cam_mam_asect.G  > module_data_cam_mam_asect.H
sed -e "s/gridmu/grid%mu/g" -e "s/gridMu/grid%Mu/g" module_data_cam_mam_asect.H > module_data_cam_mam_asect.bb
/glade/work/rkumar/NASA_HMA/WRFchem_HMA/tools/standard.exe module_data_cam_mam_asect.bb | /lib/cpp -P -nostdinc -traditional-cpp > module_data_cam_mam_asect.f90
rm -f module_data_cam_mam_asect.G module_data_cam_mam_asect.H module_data_cam_mam_asect.bb
time mpif90 -f90=ifort -o module_data_cam_mam_asect.o -c -O3 -ip -fp-model precise -w -ftz -align all -fno-alias -FR -convert big_endian    -I../dyn_em -I../dyn_nmm   -I/glade/work/rkumar/NASA_HMA/WRFchem_HMA/external/esmf_time_f90  -I/glade/work/rkumar/NASA_HMA/WRFchem_HMA/main -I/glade/work/rkumar/NASA_HMA/WRFchem_HMA/external/io_netcdf -I/glade/work/rkumar/NASA_HMA/WRFchem_HMA/external/io_int -I/glade/work/rkumar/NASA_HMA/WRFchem_HMA/frame -I/glade/work/rkumar/NASA_HMA/WRFchem_HMA/share -I/glade/work/rkumar/NASA_HMA/WRFchem_HMA/phys -I/glade/work/rkumar/NASA_HMA/WRFchem_HMA/chem -I/glade/work/rkumar/NASA_HMA/WRFchem_HMA/inc -I/glade/u/apps/ch/opt/netcdf/4.8.1/intel/19.1.1//include  -real-size `expr 8 \* 4` -i4  module_data_cam_mam_asect.f90

real	0m0.654s
user	0m0.042s
sys	0m0.575s
rm -f module_mixactivate.o
sed -e "s/grid%mu/gridmu/g" -e "s/grid%Mu/gridMu/g" -e "s/^\!.*'.*//" -e "s/^ *\!.*'.*//" module_mixactivate.F > module_mixactivate.G
/lib/cpp -P -nostdinc -I/glade/work/rkumar/NASA_HMA/WRFchem_HMA/inc -DEM_CORE=1 -DNMM_CORE=0 -DNMM_MAX_DIM=2600 -DCOAMPS_CORE=0 -DDA_CORE=0 -DEXP_CORE=0 -DIWORDSIZE=4 -DDWORDSIZE=8 -DRWORDSIZE=4 -DLWORDSIZE=4 -DNONSTANDARD_SYSTEM_FUNC  -DWRF_USE_CLM  -DSNICAR_FRC    -DDM_PARALLEL -DNETCDF -DUSE_ALLOCATABLES -DGRIB1 -DINTIO -DKEEP_INT_AROUND -DLIMIT_ARGS -DCONFIG_BUF_LEN=65536 -DMAX_DOMAINS_F=21 -DMAX_HISTORY=25 -DNMM_NEST=0 -DWRF_CHEM -DBUILD_CHEM=1 -DWRF_KPP -I. -traditional-cpp   module_mixactivate.G  > module_mixactivate.H
sed -e "s/gridmu/grid%mu/g" -e "s/gridMu/grid%Mu/g" module_mixactivate.H > module_mixactivate.bb
/glade/work/rkumar/NASA_HMA/WRFchem_HMA/tools/standard.exe module_mixactivate.bb | /lib/cpp -P -nostdinc -traditional-cpp > module_mixactivate.f90
rm -f module_mixactivate.G module_mixactivate.H module_mixactivate.bb
time mpif90 -f90=ifort -o module_mixactivate.o -c -O3 -ip -fp-model precise -w -ftz -align all -fno-alias -FR -convert big_endian    -I../dyn_em -I../dyn_nmm   -I/glade/work/rkumar/NASA_HMA/WRFchem_HMA/external/esmf_time_f90  -I/glade/work/rkumar/NASA_HMA/WRFchem_HMA/main -I/glade/work/rkumar/NASA_HMA/WRFchem_HMA/external/io_netcdf -I/glade/work/rkumar/NASA_HMA/WRFchem_HMA/external/io_int -I/glade/work/rkumar/NASA_HMA/WRFchem_HMA/frame -I/glade/work/rkumar/NASA_HMA/WRFchem_HMA/share -I/glade/work/rkumar/NASA_HMA/WRFchem_HMA/phys -I/glade/work/rkumar/NASA_HMA/WRFchem_HMA/chem -I/glade/work/rkumar/NASA_HMA/WRFchem_HMA/inc -I/glade/u/apps/ch/opt/netcdf/4.8.1/intel/19.1.1//include  -real-size `expr 8 \* 4` -i4  module_mixactivate.f90

real	0m6.745s
user	0m6.105s
sys	0m0.578s
rm -f module_fr_fire_driver.o
sed -e "s/grid%mu/gridmu/g" -e "s/grid%Mu/gridMu/g" -e "s/^\!.*'.*//" -e "s/^ *\!.*'.*//" module_fr_fire_driver.F > module_fr_fire_driver.G
/lib/cpp -P -nostdinc -I/glade/work/rkumar/NASA_HMA/WRFchem_HMA/inc -DEM_CORE=1 -DNMM_CORE=0 -DNMM_MAX_DIM=2600 -DCOAMPS_CORE=0 -DDA_CORE=0 -DEXP_CORE=0 -DIWORDSIZE=4 -DDWORDSIZE=8 -DRWORDSIZE=4 -DLWORDSIZE=4 -DNONSTANDARD_SYSTEM_FUNC  -DWRF_USE_CLM  -DSNICAR_FRC    -DDM_PARALLEL -DNETCDF -DUSE_ALLOCATABLES -DGRIB1 -DINTIO -DKEEP_INT_AROUND -DLIMIT_ARGS -DCONFIG_BUF_LEN=65536 -DMAX_DOMAINS_F=21 -DMAX_HISTORY=25 -DNMM_NEST=0 -DWRF_CHEM -DBUILD_CHEM=1 -DWRF_KPP -I. -traditional-cpp   module_fr_fire_driver.G  > module_fr_fire_driver.H
sed -e "s/gridmu/grid%mu/g" -e "s/gridMu/grid%Mu/g" module_fr_fire_driver.H > module_fr_fire_driver.bb
/glade/work/rkumar/NASA_HMA/WRFchem_HMA/tools/standard.exe module_fr_fire_driver.bb | /lib/cpp -P -nostdinc -traditional-cpp > module_fr_fire_driver.f90
rm -f module_fr_fire_driver.G module_fr_fire_driver.H module_fr_fire_driver.bb
time mpif90 -f90=ifort -o module_fr_fire_driver.o -c -O3 -ip -fp-model precise -w -ftz -align all -fno-alias -FR -convert big_endian    -I../dyn_em -I../dyn_nmm   -I/glade/work/rkumar/NASA_HMA/WRFchem_HMA/external/esmf_time_f90  -I/glade/work/rkumar/NASA_HMA/WRFchem_HMA/main -I/glade/work/rkumar/NASA_HMA/WRFchem_HMA/external/io_netcdf -I/glade/work/rkumar/NASA_HMA/WRFchem_HMA/external/io_int -I/glade/work/rkumar/NASA_HMA/WRFchem_HMA/frame -I/glade/work/rkumar/NASA_HMA/WRFchem_HMA/share -I/glade/work/rkumar/NASA_HMA/WRFchem_HMA/phys -I/glade/work/rkumar/NASA_HMA/WRFchem_HMA/chem -I/glade/work/rkumar/NASA_HMA/WRFchem_HMA/inc -I/glade/u/apps/ch/opt/netcdf/4.8.1/intel/19.1.1//include  -real-size `expr 8 \* 4` -i4  module_fr_fire_driver.f90

real	0m4.035s
user	0m2.521s
sys	0m0.999s
rm -f module_cam_cldwat.o
sed -e "s/grid%mu/gridmu/g" -e "s/grid%Mu/gridMu/g" -e "s/^\!.*'.*//" -e "s/^ *\!.*'.*//" module_cam_cldwat.F > module_cam_cldwat.G
/lib/cpp -P -nostdinc -I/glade/work/rkumar/NASA_HMA/WRFchem_HMA/inc -DEM_CORE=1 -DNMM_CORE=0 -DNMM_MAX_DIM=2600 -DCOAMPS_CORE=0 -DDA_CORE=0 -DEXP_CORE=0 -DIWORDSIZE=4 -DDWORDSIZE=8 -DRWORDSIZE=4 -DLWORDSIZE=4 -DNONSTANDARD_SYSTEM_FUNC  -DWRF_USE_CLM  -DSNICAR_FRC    -DDM_PARALLEL -DNETCDF -DUSE_ALLOCATABLES -DGRIB1 -DINTIO -DKEEP_INT_AROUND -DLIMIT_ARGS -DCONFIG_BUF_LEN=65536 -DMAX_DOMAINS_F=21 -DMAX_HISTORY=25 -DNMM_NEST=0 -DWRF_CHEM -DBUILD_CHEM=1 -DWRF_KPP -I. -traditional-cpp   module_cam_cldwat.G  > module_cam_cldwat.H
sed -e "s/gridmu/grid%mu/g" -e "s/gridMu/grid%Mu/g" module_cam_cldwat.H > module_cam_cldwat.bb
/glade/work/rkumar/NASA_HMA/WRFchem_HMA/tools/standard.exe module_cam_cldwat.bb | /lib/cpp -P -nostdinc -traditional-cpp > module_cam_cldwat.f90
rm -f module_cam_cldwat.G module_cam_cldwat.H module_cam_cldwat.bb
time mpif90 -f90=ifort -o module_cam_cldwat.o -c -O3 -ip -fp-model precise -w -ftz -align all -fno-alias -FR -convert big_endian    -I../dyn_em -I../dyn_nmm   -I/glade/work/rkumar/NASA_HMA/WRFchem_HMA/external/esmf_time_f90  -I/glade/work/rkumar/NASA_HMA/WRFchem_HMA/main -I/glade/work/rkumar/NASA_HMA/WRFchem_HMA/external/io_netcdf -I/glade/work/rkumar/NASA_HMA/WRFchem_HMA/external/io_int -I/glade/work/rkumar/NASA_HMA/WRFchem_HMA/frame -I/glade/work/rkumar/NASA_HMA/WRFchem_HMA/share -I/glade/work/rkumar/NASA_HMA/WRFchem_HMA/phys -I/glade/work/rkumar/NASA_HMA/WRFchem_HMA/chem -I/glade/work/rkumar/NASA_HMA/WRFchem_HMA/inc -I/glade/u/apps/ch/opt/netcdf/4.8.1/intel/19.1.1//include  -real-size `expr 8 \* 4` -i4  module_cam_cldwat.f90

real	0m0.622s
user	0m0.075s
sys	0m0.497s
rm -f module_cam_esinti.o
sed -e "s/grid%mu/gridmu/g" -e "s/grid%Mu/gridMu/g" -e "s/^\!.*'.*//" -e "s/^ *\!.*'.*//" module_cam_esinti.F > module_cam_esinti.G
/lib/cpp -P -nostdinc -I/glade/work/rkumar/NASA_HMA/WRFchem_HMA/inc -DEM_CORE=1 -DNMM_CORE=0 -DNMM_MAX_DIM=2600 -DCOAMPS_CORE=0 -DDA_CORE=0 -DEXP_CORE=0 -DIWORDSIZE=4 -DDWORDSIZE=8 -DRWORDSIZE=4 -DLWORDSIZE=4 -DNONSTANDARD_SYSTEM_FUNC  -DWRF_USE_CLM  -DSNICAR_FRC    -DDM_PARALLEL -DNETCDF -DUSE_ALLOCATABLES -DGRIB1 -DINTIO -DKEEP_INT_AROUND -DLIMIT_ARGS -DCONFIG_BUF_LEN=65536 -DMAX_DOMAINS_F=21 -DMAX_HISTORY=25 -DNMM_NEST=0 -DWRF_CHEM -DBUILD_CHEM=1 -DWRF_KPP -I. -traditional-cpp   module_cam_esinti.G  > module_cam_esinti.H
sed -e "s/gridmu/grid%mu/g" -e "s/gridMu/grid%Mu/g" module_cam_esinti.H > module_cam_esinti.bb
/glade/work/rkumar/NASA_HMA/WRFchem_HMA/tools/standard.exe module_cam_esinti.bb | /lib/cpp -P -nostdinc -traditional-cpp > module_cam_esinti.f90
rm -f module_cam_esinti.G module_cam_esinti.H module_cam_esinti.bb
time mpif90 -f90=ifort -o module_cam_esinti.o -c -O3 -ip -fp-model precise -w -ftz -align all -fno-alias -FR -convert big_endian    -I../dyn_em -I../dyn_nmm   -I/glade/work/rkumar/NASA_HMA/WRFchem_HMA/external/esmf_time_f90  -I/glade/work/rkumar/NASA_HMA/WRFchem_HMA/main -I/glade/work/rkumar/NASA_HMA/WRFchem_HMA/external/io_netcdf -I/glade/work/rkumar/NASA_HMA/WRFchem_HMA/external/io_int -I/glade/work/rkumar/NASA_HMA/WRFchem_HMA/frame -I/glade/work/rkumar/NASA_HMA/WRFchem_HMA/share -I/glade/work/rkumar/NASA_HMA/WRFchem_HMA/phys -I/glade/work/rkumar/NASA_HMA/WRFchem_HMA/chem -I/glade/work/rkumar/NASA_HMA/WRFchem_HMA/inc -I/glade/u/apps/ch/opt/netcdf/4.8.1/intel/19.1.1//include  -real-size `expr 8 \* 4` -i4  module_cam_esinti.f90

real	0m0.605s
user	0m0.043s
sys	0m0.507s
rm -f module_cam_mp_microp_aero.o
sed -e "s/grid%mu/gridmu/g" -e "s/grid%Mu/gridMu/g" -e "s/^\!.*'.*//" -e "s/^ *\!.*'.*//" module_cam_mp_microp_aero.F > module_cam_mp_microp_aero.G
/lib/cpp -P -nostdinc -I/glade/work/rkumar/NASA_HMA/WRFchem_HMA/inc -DEM_CORE=1 -DNMM_CORE=0 -DNMM_MAX_DIM=2600 -DCOAMPS_CORE=0 -DDA_CORE=0 -DEXP_CORE=0 -DIWORDSIZE=4 -DDWORDSIZE=8 -DRWORDSIZE=4 -DLWORDSIZE=4 -DNONSTANDARD_SYSTEM_FUNC  -DWRF_USE_CLM  -DSNICAR_FRC    -DDM_PARALLEL -DNETCDF -DUSE_ALLOCATABLES -DGRIB1 -DINTIO -DKEEP_INT_AROUND -DLIMIT_ARGS -DCONFIG_BUF_LEN=65536 -DMAX_DOMAINS_F=21 -DMAX_HISTORY=25 -DNMM_NEST=0 -DWRF_CHEM -DBUILD_CHEM=1 -DWRF_KPP -I. -traditional-cpp   module_cam_mp_microp_aero.G  > module_cam_mp_microp_aero.H
sed -e "s/gridmu/grid%mu/g" -e "s/gridMu/grid%Mu/g" module_cam_mp_microp_aero.H > module_cam_mp_microp_aero.bb
/glade/work/rkumar/NASA_HMA/WRFchem_HMA/tools/standard.exe module_cam_mp_microp_aero.bb | /lib/cpp -P -nostdinc -traditional-cpp > module_cam_mp_microp_aero.f90
rm -f module_cam_mp_microp_aero.G module_cam_mp_microp_aero.H module_cam_mp_microp_aero.bb
time mpif90 -f90=ifort -o module_cam_mp_microp_aero.o -c -O3 -ip -fp-model precise -w -ftz -align all -fno-alias -FR -convert big_endian    -I../dyn_em -I../dyn_nmm   -I/glade/work/rkumar/NASA_HMA/WRFchem_HMA/external/esmf_time_f90  -I/glade/work/rkumar/NASA_HMA/WRFchem_HMA/main -I/glade/work/rkumar/NASA_HMA/WRFchem_HMA/external/io_netcdf -I/glade/work/rkumar/NASA_HMA/WRFchem_HMA/external/io_int -I/glade/work/rkumar/NASA_HMA/WRFchem_HMA/frame -I/glade/work/rkumar/NASA_HMA/WRFchem_HMA/share -I/glade/work/rkumar/NASA_HMA/WRFchem_HMA/phys -I/glade/work/rkumar/NASA_HMA/WRFchem_HMA/chem -I/glade/work/rkumar/NASA_HMA/WRFchem_HMA/inc -I/glade/u/apps/ch/opt/netcdf/4.8.1/intel/19.1.1//include  -real-size `expr 8 \* 4` -i4  module_cam_mp_microp_aero.f90

real	0m1.531s
user	0m0.956s
sys	0m0.523s
rm -f module_bl_camuwpbl_driver.o
sed -e "s/grid%mu/gridmu/g" -e "s/grid%Mu/gridMu/g" -e "s/^\!.*'.*//" -e "s/^ *\!.*'.*//" module_bl_camuwpbl_driver.F > module_bl_camuwpbl_driver.G
/lib/cpp -P -nostdinc -I/glade/work/rkumar/NASA_HMA/WRFchem_HMA/inc -DEM_CORE=1 -DNMM_CORE=0 -DNMM_MAX_DIM=2600 -DCOAMPS_CORE=0 -DDA_CORE=0 -DEXP_CORE=0 -DIWORDSIZE=4 -DDWORDSIZE=8 -DRWORDSIZE=4 -DLWORDSIZE=4 -DNONSTANDARD_SYSTEM_FUNC  -DWRF_USE_CLM  -DSNICAR_FRC    -DDM_PARALLEL -DNETCDF -DUSE_ALLOCATABLES -DGRIB1 -DINTIO -DKEEP_INT_AROUND -DLIMIT_ARGS -DCONFIG_BUF_LEN=65536 -DMAX_DOMAINS_F=21 -DMAX_HISTORY=25 -DNMM_NEST=0 -DWRF_CHEM -DBUILD_CHEM=1 -DWRF_KPP -I. -traditional-cpp   module_bl_camuwpbl_driver.G  > module_bl_camuwpbl_driver.H
sed -e "s/gridmu/grid%mu/g" -e "s/gridMu/grid%Mu/g" module_bl_camuwpbl_driver.H > module_bl_camuwpbl_driver.bb
/glade/work/rkumar/NASA_HMA/WRFchem_HMA/tools/standard.exe module_bl_camuwpbl_driver.bb | /lib/cpp -P -nostdinc -traditional-cpp > module_bl_camuwpbl_driver.f90
rm -f module_bl_camuwpbl_driver.G module_bl_camuwpbl_driver.H module_bl_camuwpbl_driver.bb
time mpif90 -f90=ifort -o module_bl_camuwpbl_driver.o -c -O3 -ip -fp-model precise -w -ftz -align all -fno-alias -FR -convert big_endian    -I../dyn_em -I../dyn_nmm   -I/glade/work/rkumar/NASA_HMA/WRFchem_HMA/external/esmf_time_f90  -I/glade/work/rkumar/NASA_HMA/WRFchem_HMA/main -I/glade/work/rkumar/NASA_HMA/WRFchem_HMA/external/io_netcdf -I/glade/work/rkumar/NASA_HMA/WRFchem_HMA/external/io_int -I/glade/work/rkumar/NASA_HMA/WRFchem_HMA/frame -I/glade/work/rkumar/NASA_HMA/WRFchem_HMA/share -I/glade/work/rkumar/NASA_HMA/WRFchem_HMA/phys -I/glade/work/rkumar/NASA_HMA/WRFchem_HMA/chem -I/glade/work/rkumar/NASA_HMA/WRFchem_HMA/inc -I/glade/u/apps/ch/opt/netcdf/4.8.1/intel/19.1.1//include  -real-size `expr 8 \* 4` -i4  module_bl_camuwpbl_driver.f90

real	0m6.630s
user	0m5.963s
sys	0m0.616s
rm -f module_mp_cammgmp_driver.o
sed -e "s/grid%mu/gridmu/g" -e "s/grid%Mu/gridMu/g" -e "s/^\!.*'.*//" -e "s/^ *\!.*'.*//" module_mp_cammgmp_driver.F > module_mp_cammgmp_driver.G
/lib/cpp -P -nostdinc -I/glade/work/rkumar/NASA_HMA/WRFchem_HMA/inc -DEM_CORE=1 -DNMM_CORE=0 -DNMM_MAX_DIM=2600 -DCOAMPS_CORE=0 -DDA_CORE=0 -DEXP_CORE=0 -DIWORDSIZE=4 -DDWORDSIZE=8 -DRWORDSIZE=4 -DLWORDSIZE=4 -DNONSTANDARD_SYSTEM_FUNC  -DWRF_USE_CLM  -DSNICAR_FRC    -DDM_PARALLEL -DNETCDF -DUSE_ALLOCATABLES -DGRIB1 -DINTIO -DKEEP_INT_AROUND -DLIMIT_ARGS -DCONFIG_BUF_LEN=65536 -DMAX_DOMAINS_F=21 -DMAX_HISTORY=25 -DNMM_NEST=0 -DWRF_CHEM -DBUILD_CHEM=1 -DWRF_KPP -I. -traditional-cpp   module_mp_cammgmp_driver.G  > module_mp_cammgmp_driver.H
sed -e "s/gridmu/grid%mu/g" -e "s/gridMu/grid%Mu/g" module_mp_cammgmp_driver.H > module_mp_cammgmp_driver.bb
/glade/work/rkumar/NASA_HMA/WRFchem_HMA/tools/standard.exe module_mp_cammgmp_driver.bb | /lib/cpp -P -nostdinc -traditional-cpp > module_mp_cammgmp_driver.f90
rm -f module_mp_cammgmp_driver.G module_mp_cammgmp_driver.H module_mp_cammgmp_driver.bb
time mpif90 -f90=ifort -o module_mp_cammgmp_driver.o -c -O3 -ip -fp-model precise -w -ftz -align all -fno-alias -FR -convert big_endian    -I../dyn_em -I../dyn_nmm   -I/glade/work/rkumar/NASA_HMA/WRFchem_HMA/external/esmf_time_f90  -I/glade/work/rkumar/NASA_HMA/WRFchem_HMA/main -I/glade/work/rkumar/NASA_HMA/WRFchem_HMA/external/io_netcdf -I/glade/work/rkumar/NASA_HMA/WRFchem_HMA/external/io_int -I/glade/work/rkumar/NASA_HMA/WRFchem_HMA/frame -I/glade/work/rkumar/NASA_HMA/WRFchem_HMA/share -I/glade/work/rkumar/NASA_HMA/WRFchem_HMA/phys -I/glade/work/rkumar/NASA_HMA/WRFchem_HMA/chem -I/glade/work/rkumar/NASA_HMA/WRFchem_HMA/inc -I/glade/u/apps/ch/opt/netcdf/4.8.1/intel/19.1.1//include  -real-size `expr 8 \* 4` -i4  module_mp_cammgmp_driver.f90

real	0m6.697s
user	0m5.912s
sys	0m0.742s
rm -f module_shcu_camuwshcu.o
sed -e "s/grid%mu/gridmu/g" -e "s/grid%Mu/gridMu/g" -e "s/^\!.*'.*//" -e "s/^ *\!.*'.*//" module_shcu_camuwshcu.F > module_shcu_camuwshcu.G
/lib/cpp -P -nostdinc -I/glade/work/rkumar/NASA_HMA/WRFchem_HMA/inc -DEM_CORE=1 -DNMM_CORE=0 -DNMM_MAX_DIM=2600 -DCOAMPS_CORE=0 -DDA_CORE=0 -DEXP_CORE=0 -DIWORDSIZE=4 -DDWORDSIZE=8 -DRWORDSIZE=4 -DLWORDSIZE=4 -DNONSTANDARD_SYSTEM_FUNC  -DWRF_USE_CLM  -DSNICAR_FRC    -DDM_PARALLEL -DNETCDF -DUSE_ALLOCATABLES -DGRIB1 -DINTIO -DKEEP_INT_AROUND -DLIMIT_ARGS -DCONFIG_BUF_LEN=65536 -DMAX_DOMAINS_F=21 -DMAX_HISTORY=25 -DNMM_NEST=0 -DWRF_CHEM -DBUILD_CHEM=1 -DWRF_KPP -I. -traditional-cpp   module_shcu_camuwshcu.G  > module_shcu_camuwshcu.H
sed -e "s/gridmu/grid%mu/g" -e "s/gridMu/grid%Mu/g" module_shcu_camuwshcu.H > module_shcu_camuwshcu.bb
/glade/work/rkumar/NASA_HMA/WRFchem_HMA/tools/standard.exe module_shcu_camuwshcu.bb | /lib/cpp -P -nostdinc -traditional-cpp > module_shcu_camuwshcu.f90
rm -f module_shcu_camuwshcu.G module_shcu_camuwshcu.H module_shcu_camuwshcu.bb
time mpif90 -f90=ifort -o module_shcu_camuwshcu.o -c -O3 -ip -fp-model precise -w -ftz -align all -fno-alias -FR -convert big_endian    -I../dyn_em -I../dyn_nmm   -I/glade/work/rkumar/NASA_HMA/WRFchem_HMA/external/esmf_time_f90  -I/glade/work/rkumar/NASA_HMA/WRFchem_HMA/main -I/glade/work/rkumar/NASA_HMA/WRFchem_HMA/external/io_netcdf -I/glade/work/rkumar/NASA_HMA/WRFchem_HMA/external/io_int -I/glade/work/rkumar/NASA_HMA/WRFchem_HMA/frame -I/glade/work/rkumar/NASA_HMA/WRFchem_HMA/share -I/glade/work/rkumar/NASA_HMA/WRFchem_HMA/phys -I/glade/work/rkumar/NASA_HMA/WRFchem_HMA/chem -I/glade/work/rkumar/NASA_HMA/WRFchem_HMA/inc -I/glade/u/apps/ch/opt/netcdf/4.8.1/intel/19.1.1//include  -real-size `expr 8 \* 4` -i4  module_shcu_camuwshcu.f90

real	0m16.086s
user	0m15.283s
sys	0m0.712s
rm -f module_cu_camzm.o
sed -e "s/grid%mu/gridmu/g" -e "s/grid%Mu/gridMu/g" -e "s/^\!.*'.*//" -e "s/^ *\!.*'.*//" module_cu_camzm.F > module_cu_camzm.G
/lib/cpp -P -nostdinc -I/glade/work/rkumar/NASA_HMA/WRFchem_HMA/inc -DEM_CORE=1 -DNMM_CORE=0 -DNMM_MAX_DIM=2600 -DCOAMPS_CORE=0 -DDA_CORE=0 -DEXP_CORE=0 -DIWORDSIZE=4 -DDWORDSIZE=8 -DRWORDSIZE=4 -DLWORDSIZE=4 -DNONSTANDARD_SYSTEM_FUNC  -DWRF_USE_CLM  -DSNICAR_FRC    -DDM_PARALLEL -DNETCDF -DUSE_ALLOCATABLES -DGRIB1 -DINTIO -DKEEP_INT_AROUND -DLIMIT_ARGS -DCONFIG_BUF_LEN=65536 -DMAX_DOMAINS_F=21 -DMAX_HISTORY=25 -DNMM_NEST=0 -DWRF_CHEM -DBUILD_CHEM=1 -DWRF_KPP -I. -traditional-cpp   module_cu_camzm.G  > module_cu_camzm.H
sed -e "s/gridmu/grid%mu/g" -e "s/gridMu/grid%Mu/g" module_cu_camzm.H > module_cu_camzm.bb
/glade/work/rkumar/NASA_HMA/WRFchem_HMA/tools/standard.exe module_cu_camzm.bb | /lib/cpp -P -nostdinc -traditional-cpp > module_cu_camzm.f90
rm -f module_cu_camzm.G module_cu_camzm.H module_cu_camzm.bb
time mpif90 -f90=ifort -o module_cu_camzm.o -c -O3 -ip -fp-model precise -w -ftz -align all -fno-alias -FR -convert big_endian    -I../dyn_em -I../dyn_nmm   -I/glade/work/rkumar/NASA_HMA/WRFchem_HMA/external/esmf_time_f90  -I/glade/work/rkumar/NASA_HMA/WRFchem_HMA/main -I/glade/work/rkumar/NASA_HMA/WRFchem_HMA/external/io_netcdf -I/glade/work/rkumar/NASA_HMA/WRFchem_HMA/external/io_int -I/glade/work/rkumar/NASA_HMA/WRFchem_HMA/frame -I/glade/work/rkumar/NASA_HMA/WRFchem_HMA/share -I/glade/work/rkumar/NASA_HMA/WRFchem_HMA/phys -I/glade/work/rkumar/NASA_HMA/WRFchem_HMA/chem -I/glade/work/rkumar/NASA_HMA/WRFchem_HMA/inc -I/glade/u/apps/ch/opt/netcdf/4.8.1/intel/19.1.1//include  -real-size `expr 8 \* 4` -i4  module_cu_camzm.f90

real	0m6.095s
user	0m5.519s
sys	0m0.514s
rm -f module_cu_kfcup.o
sed -e "s/grid%mu/gridmu/g" -e "s/grid%Mu/gridMu/g" -e "s/^\!.*'.*//" -e "s/^ *\!.*'.*//" module_cu_kfcup.F > module_cu_kfcup.G
/lib/cpp -P -nostdinc -I/glade/work/rkumar/NASA_HMA/WRFchem_HMA/inc -DEM_CORE=1 -DNMM_CORE=0 -DNMM_MAX_DIM=2600 -DCOAMPS_CORE=0 -DDA_CORE=0 -DEXP_CORE=0 -DIWORDSIZE=4 -DDWORDSIZE=8 -DRWORDSIZE=4 -DLWORDSIZE=4 -DNONSTANDARD_SYSTEM_FUNC  -DWRF_USE_CLM  -DSNICAR_FRC    -DDM_PARALLEL -DNETCDF -DUSE_ALLOCATABLES -DGRIB1 -DINTIO -DKEEP_INT_AROUND -DLIMIT_ARGS -DCONFIG_BUF_LEN=65536 -DMAX_DOMAINS_F=21 -DMAX_HISTORY=25 -DNMM_NEST=0 -DWRF_CHEM -DBUILD_CHEM=1 -DWRF_KPP -I. -traditional-cpp   module_cu_kfcup.G  > module_cu_kfcup.H
sed -e "s/gridmu/grid%mu/g" -e "s/gridMu/grid%Mu/g" module_cu_kfcup.H > module_cu_kfcup.bb
/glade/work/rkumar/NASA_HMA/WRFchem_HMA/tools/standard.exe module_cu_kfcup.bb | /lib/cpp -P -nostdinc -traditional-cpp > module_cu_kfcup.f90
rm -f module_cu_kfcup.G module_cu_kfcup.H module_cu_kfcup.bb
time mpif90 -f90=ifort -o module_cu_kfcup.o -c -O3 -ip -fp-model precise -w -ftz -align all -fno-alias -FR -convert big_endian    -I../dyn_em -I../dyn_nmm   -I/glade/work/rkumar/NASA_HMA/WRFchem_HMA/external/esmf_time_f90  -I/glade/work/rkumar/NASA_HMA/WRFchem_HMA/main -I/glade/work/rkumar/NASA_HMA/WRFchem_HMA/external/io_netcdf -I/glade/work/rkumar/NASA_HMA/WRFchem_HMA/external/io_int -I/glade/work/rkumar/NASA_HMA/WRFchem_HMA/frame -I/glade/work/rkumar/NASA_HMA/WRFchem_HMA/share -I/glade/work/rkumar/NASA_HMA/WRFchem_HMA/phys -I/glade/work/rkumar/NASA_HMA/WRFchem_HMA/chem -I/glade/work/rkumar/NASA_HMA/WRFchem_HMA/inc -I/glade/u/apps/ch/opt/netcdf/4.8.1/intel/19.1.1//include  -real-size `expr 8 \* 4` -i4  module_cu_kfcup.f90

real	0m19.297s
user	0m18.596s
sys	0m0.626s
rm -f module_pbl_driver.o
sed -e "s/grid%mu/gridmu/g" -e "s/grid%Mu/gridMu/g" -e "s/^\!.*'.*//" -e "s/^ *\!.*'.*//" module_pbl_driver.F > module_pbl_driver.G
/lib/cpp -P -nostdinc -I/glade/work/rkumar/NASA_HMA/WRFchem_HMA/inc -DEM_CORE=1 -DNMM_CORE=0 -DNMM_MAX_DIM=2600 -DCOAMPS_CORE=0 -DDA_CORE=0 -DEXP_CORE=0 -DIWORDSIZE=4 -DDWORDSIZE=8 -DRWORDSIZE=4 -DLWORDSIZE=4 -DNONSTANDARD_SYSTEM_FUNC  -DWRF_USE_CLM  -DSNICAR_FRC    -DDM_PARALLEL -DNETCDF -DUSE_ALLOCATABLES -DGRIB1 -DINTIO -DKEEP_INT_AROUND -DLIMIT_ARGS -DCONFIG_BUF_LEN=65536 -DMAX_DOMAINS_F=21 -DMAX_HISTORY=25 -DNMM_NEST=0 -DWRF_CHEM -DBUILD_CHEM=1 -DWRF_KPP -I. -traditional-cpp   module_pbl_driver.G  > module_pbl_driver.H
sed -e "s/gridmu/grid%mu/g" -e "s/gridMu/grid%Mu/g" module_pbl_driver.H > module_pbl_driver.bb
/glade/work/rkumar/NASA_HMA/WRFchem_HMA/tools/standard.exe module_pbl_driver.bb | /lib/cpp -P -nostdinc -traditional-cpp > module_pbl_driver.f90
rm -f module_pbl_driver.G module_pbl_driver.H module_pbl_driver.bb
time mpif90 -f90=ifort -o module_pbl_driver.o -c -O3 -ip -fp-model precise -w -ftz -align all -fno-alias -FR -convert big_endian    -I../dyn_em -I../dyn_nmm   -I/glade/work/rkumar/NASA_HMA/WRFchem_HMA/external/esmf_time_f90  -I/glade/work/rkumar/NASA_HMA/WRFchem_HMA/main -I/glade/work/rkumar/NASA_HMA/WRFchem_HMA/external/io_netcdf -I/glade/work/rkumar/NASA_HMA/WRFchem_HMA/external/io_int -I/glade/work/rkumar/NASA_HMA/WRFchem_HMA/frame -I/glade/work/rkumar/NASA_HMA/WRFchem_HMA/share -I/glade/work/rkumar/NASA_HMA/WRFchem_HMA/phys -I/glade/work/rkumar/NASA_HMA/WRFchem_HMA/chem -I/glade/work/rkumar/NASA_HMA/WRFchem_HMA/inc -I/glade/u/apps/ch/opt/netcdf/4.8.1/intel/19.1.1//include  -real-size `expr 8 \* 4` -i4  module_pbl_driver.f90

real	0m3.292s
user	0m2.672s
sys	0m0.566s
rm -f module_microphysics_driver.o
sed -e "s/grid%mu/gridmu/g" -e "s/grid%Mu/gridMu/g" -e "s/^\!.*'.*//" -e "s/^ *\!.*'.*//" module_microphysics_driver.F > module_microphysics_driver.G
/lib/cpp -P -nostdinc -I/glade/work/rkumar/NASA_HMA/WRFchem_HMA/inc -DEM_CORE=1 -DNMM_CORE=0 -DNMM_MAX_DIM=2600 -DCOAMPS_CORE=0 -DDA_CORE=0 -DEXP_CORE=0 -DIWORDSIZE=4 -DDWORDSIZE=8 -DRWORDSIZE=4 -DLWORDSIZE=4 -DNONSTANDARD_SYSTEM_FUNC  -DWRF_USE_CLM  -DSNICAR_FRC    -DDM_PARALLEL -DNETCDF -DUSE_ALLOCATABLES -DGRIB1 -DINTIO -DKEEP_INT_AROUND -DLIMIT_ARGS -DCONFIG_BUF_LEN=65536 -DMAX_DOMAINS_F=21 -DMAX_HISTORY=25 -DNMM_NEST=0 -DWRF_CHEM -DBUILD_CHEM=1 -DWRF_KPP -I. -traditional-cpp   module_microphysics_driver.G  > module_microphysics_driver.H
sed -e "s/gridmu/grid%mu/g" -e "s/gridMu/grid%Mu/g" module_microphysics_driver.H > module_microphysics_driver.bb
/glade/work/rkumar/NASA_HMA/WRFchem_HMA/tools/standard.exe module_microphysics_driver.bb | /lib/cpp -P -nostdinc -traditional-cpp > module_microphysics_driver.f90
rm -f module_microphysics_driver.G module_microphysics_driver.H module_microphysics_driver.bb
time mpif90 -f90=ifort -o module_microphysics_driver.o -c -O3 -ip -fp-model precise -w -ftz -align all -fno-alias -FR -convert big_endian    -I../dyn_em -I../dyn_nmm   -I/glade/work/rkumar/NASA_HMA/WRFchem_HMA/external/esmf_time_f90  -I/glade/work/rkumar/NASA_HMA/WRFchem_HMA/main -I/glade/work/rkumar/NASA_HMA/WRFchem_HMA/external/io_netcdf -I/glade/work/rkumar/NASA_HMA/WRFchem_HMA/external/io_int -I/glade/work/rkumar/NASA_HMA/WRFchem_HMA/frame -I/glade/work/rkumar/NASA_HMA/WRFchem_HMA/share -I/glade/work/rkumar/NASA_HMA/WRFchem_HMA/phys -I/glade/work/rkumar/NASA_HMA/WRFchem_HMA/chem -I/glade/work/rkumar/NASA_HMA/WRFchem_HMA/inc -I/glade/u/apps/ch/opt/netcdf/4.8.1/intel/19.1.1//include  -real-size `expr 8 \* 4` -i4  module_microphysics_driver.f90

real	0m2.296s
user	0m1.588s
sys	0m0.556s
rm -f module_fr_fire_driver_wrf.o
sed -e "s/grid%mu/gridmu/g" -e "s/grid%Mu/gridMu/g" -e "s/^\!.*'.*//" -e "s/^ *\!.*'.*//" module_fr_fire_driver_wrf.F > module_fr_fire_driver_wrf.G
/lib/cpp -P -nostdinc -I/glade/work/rkumar/NASA_HMA/WRFchem_HMA/inc -DEM_CORE=1 -DNMM_CORE=0 -DNMM_MAX_DIM=2600 -DCOAMPS_CORE=0 -DDA_CORE=0 -DEXP_CORE=0 -DIWORDSIZE=4 -DDWORDSIZE=8 -DRWORDSIZE=4 -DLWORDSIZE=4 -DNONSTANDARD_SYSTEM_FUNC  -DWRF_USE_CLM  -DSNICAR_FRC    -DDM_PARALLEL -DNETCDF -DUSE_ALLOCATABLES -DGRIB1 -DINTIO -DKEEP_INT_AROUND -DLIMIT_ARGS -DCONFIG_BUF_LEN=65536 -DMAX_DOMAINS_F=21 -DMAX_HISTORY=25 -DNMM_NEST=0 -DWRF_CHEM -DBUILD_CHEM=1 -DWRF_KPP -I. -traditional-cpp   module_fr_fire_driver_wrf.G  > module_fr_fire_driver_wrf.H
sed -e "s/gridmu/grid%mu/g" -e "s/gridMu/grid%Mu/g" module_fr_fire_driver_wrf.H > module_fr_fire_driver_wrf.bb
/glade/work/rkumar/NASA_HMA/WRFchem_HMA/tools/standard.exe module_fr_fire_driver_wrf.bb | /lib/cpp -P -nostdinc -traditional-cpp > module_fr_fire_driver_wrf.f90
rm -f module_fr_fire_driver_wrf.G module_fr_fire_driver_wrf.H module_fr_fire_driver_wrf.bb
time mpif90 -f90=ifort -o module_fr_fire_driver_wrf.o -c -O3 -ip -fp-model precise -w -ftz -align all -fno-alias -FR -convert big_endian    -I../dyn_em -I../dyn_nmm   -I/glade/work/rkumar/NASA_HMA/WRFchem_HMA/external/esmf_time_f90  -I/glade/work/rkumar/NASA_HMA/WRFchem_HMA/main -I/glade/work/rkumar/NASA_HMA/WRFchem_HMA/external/io_netcdf -I/glade/work/rkumar/NASA_HMA/WRFchem_HMA/external/io_int -I/glade/work/rkumar/NASA_HMA/WRFchem_HMA/frame -I/glade/work/rkumar/NASA_HMA/WRFchem_HMA/share -I/glade/work/rkumar/NASA_HMA/WRFchem_HMA/phys -I/glade/work/rkumar/NASA_HMA/WRFchem_HMA/chem -I/glade/work/rkumar/NASA_HMA/WRFchem_HMA/inc -I/glade/u/apps/ch/opt/netcdf/4.8.1/intel/19.1.1//include  -real-size `expr 8 \* 4` -i4  module_fr_fire_driver_wrf.f90

real	0m3.595s
user	0m2.999s
sys	0m0.533s
rm -f module_shcu_camuwshcu_driver.o
sed -e "s/grid%mu/gridmu/g" -e "s/grid%Mu/gridMu/g" -e "s/^\!.*'.*//" -e "s/^ *\!.*'.*//" module_shcu_camuwshcu_driver.F > module_shcu_camuwshcu_driver.G
/lib/cpp -P -nostdinc -I/glade/work/rkumar/NASA_HMA/WRFchem_HMA/inc -DEM_CORE=1 -DNMM_CORE=0 -DNMM_MAX_DIM=2600 -DCOAMPS_CORE=0 -DDA_CORE=0 -DEXP_CORE=0 -DIWORDSIZE=4 -DDWORDSIZE=8 -DRWORDSIZE=4 -DLWORDSIZE=4 -DNONSTANDARD_SYSTEM_FUNC  -DWRF_USE_CLM  -DSNICAR_FRC    -DDM_PARALLEL -DNETCDF -DUSE_ALLOCATABLES -DGRIB1 -DINTIO -DKEEP_INT_AROUND -DLIMIT_ARGS -DCONFIG_BUF_LEN=65536 -DMAX_DOMAINS_F=21 -DMAX_HISTORY=25 -DNMM_NEST=0 -DWRF_CHEM -DBUILD_CHEM=1 -DWRF_KPP -I. -traditional-cpp   module_shcu_camuwshcu_driver.G  > module_shcu_camuwshcu_driver.H
sed -e "s/gridmu/grid%mu/g" -e "s/gridMu/grid%Mu/g" module_shcu_camuwshcu_driver.H > module_shcu_camuwshcu_driver.bb
/glade/work/rkumar/NASA_HMA/WRFchem_HMA/tools/standard.exe module_shcu_camuwshcu_driver.bb | /lib/cpp -P -nostdinc -traditional-cpp > module_shcu_camuwshcu_driver.f90
rm -f module_shcu_camuwshcu_driver.G module_shcu_camuwshcu_driver.H module_shcu_camuwshcu_driver.bb
time mpif90 -f90=ifort -o module_shcu_camuwshcu_driver.o -c -O3 -ip -fp-model precise -w -ftz -align all -fno-alias -FR -convert big_endian    -I../dyn_em -I../dyn_nmm   -I/glade/work/rkumar/NASA_HMA/WRFchem_HMA/external/esmf_time_f90  -I/glade/work/rkumar/NASA_HMA/WRFchem_HMA/main -I/glade/work/rkumar/NASA_HMA/WRFchem_HMA/external/io_netcdf -I/glade/work/rkumar/NASA_HMA/WRFchem_HMA/external/io_int -I/glade/work/rkumar/NASA_HMA/WRFchem_HMA/frame -I/glade/work/rkumar/NASA_HMA/WRFchem_HMA/share -I/glade/work/rkumar/NASA_HMA/WRFchem_HMA/phys -I/glade/work/rkumar/NASA_HMA/WRFchem_HMA/chem -I/glade/work/rkumar/NASA_HMA/WRFchem_HMA/inc -I/glade/u/apps/ch/opt/netcdf/4.8.1/intel/19.1.1//include  -real-size `expr 8 \* 4` -i4  module_shcu_camuwshcu_driver.f90

real	0m1.792s
user	0m1.224s
sys	0m0.513s
rm -f module_cu_camzm_driver.o
sed -e "s/grid%mu/gridmu/g" -e "s/grid%Mu/gridMu/g" -e "s/^\!.*'.*//" -e "s/^ *\!.*'.*//" module_cu_camzm_driver.F > module_cu_camzm_driver.G
/lib/cpp -P -nostdinc -I/glade/work/rkumar/NASA_HMA/WRFchem_HMA/inc -DEM_CORE=1 -DNMM_CORE=0 -DNMM_MAX_DIM=2600 -DCOAMPS_CORE=0 -DDA_CORE=0 -DEXP_CORE=0 -DIWORDSIZE=4 -DDWORDSIZE=8 -DRWORDSIZE=4 -DLWORDSIZE=4 -DNONSTANDARD_SYSTEM_FUNC  -DWRF_USE_CLM  -DSNICAR_FRC    -DDM_PARALLEL -DNETCDF -DUSE_ALLOCATABLES -DGRIB1 -DINTIO -DKEEP_INT_AROUND -DLIMIT_ARGS -DCONFIG_BUF_LEN=65536 -DMAX_DOMAINS_F=21 -DMAX_HISTORY=25 -DNMM_NEST=0 -DWRF_CHEM -DBUILD_CHEM=1 -DWRF_KPP -I. -traditional-cpp   module_cu_camzm_driver.G  > module_cu_camzm_driver.H
sed -e "s/gridmu/grid%mu/g" -e "s/gridMu/grid%Mu/g" module_cu_camzm_driver.H > module_cu_camzm_driver.bb
/glade/work/rkumar/NASA_HMA/WRFchem_HMA/tools/standard.exe module_cu_camzm_driver.bb | /lib/cpp -P -nostdinc -traditional-cpp > module_cu_camzm_driver.f90
rm -f module_cu_camzm_driver.G module_cu_camzm_driver.H module_cu_camzm_driver.bb
time mpif90 -f90=ifort -o module_cu_camzm_driver.o -c -O3 -ip -fp-model precise -w -ftz -align all -fno-alias -FR -convert big_endian    -I../dyn_em -I../dyn_nmm   -I/glade/work/rkumar/NASA_HMA/WRFchem_HMA/external/esmf_time_f90  -I/glade/work/rkumar/NASA_HMA/WRFchem_HMA/main -I/glade/work/rkumar/NASA_HMA/WRFchem_HMA/external/io_netcdf -I/glade/work/rkumar/NASA_HMA/WRFchem_HMA/external/io_int -I/glade/work/rkumar/NASA_HMA/WRFchem_HMA/frame -I/glade/work/rkumar/NASA_HMA/WRFchem_HMA/share -I/glade/work/rkumar/NASA_HMA/WRFchem_HMA/phys -I/glade/work/rkumar/NASA_HMA/WRFchem_HMA/chem -I/glade/work/rkumar/NASA_HMA/WRFchem_HMA/inc -I/glade/u/apps/ch/opt/netcdf/4.8.1/intel/19.1.1//include  -real-size `expr 8 \* 4` -i4  module_cu_camzm_driver.f90

real	0m7.359s
user	0m6.765s
sys	0m0.565s
rm -f module_shallowcu_driver.o
sed -e "s/grid%mu/gridmu/g" -e "s/grid%Mu/gridMu/g" -e "s/^\!.*'.*//" -e "s/^ *\!.*'.*//" module_shallowcu_driver.F > module_shallowcu_driver.G
/lib/cpp -P -nostdinc -I/glade/work/rkumar/NASA_HMA/WRFchem_HMA/inc -DEM_CORE=1 -DNMM_CORE=0 -DNMM_MAX_DIM=2600 -DCOAMPS_CORE=0 -DDA_CORE=0 -DEXP_CORE=0 -DIWORDSIZE=4 -DDWORDSIZE=8 -DRWORDSIZE=4 -DLWORDSIZE=4 -DNONSTANDARD_SYSTEM_FUNC  -DWRF_USE_CLM  -DSNICAR_FRC    -DDM_PARALLEL -DNETCDF -DUSE_ALLOCATABLES -DGRIB1 -DINTIO -DKEEP_INT_AROUND -DLIMIT_ARGS -DCONFIG_BUF_LEN=65536 -DMAX_DOMAINS_F=21 -DMAX_HISTORY=25 -DNMM_NEST=0 -DWRF_CHEM -DBUILD_CHEM=1 -DWRF_KPP -I. -traditional-cpp   module_shallowcu_driver.G  > module_shallowcu_driver.H
sed -e "s/gridmu/grid%mu/g" -e "s/gridMu/grid%Mu/g" module_shallowcu_driver.H > module_shallowcu_driver.bb
/glade/work/rkumar/NASA_HMA/WRFchem_HMA/tools/standard.exe module_shallowcu_driver.bb | /lib/cpp -P -nostdinc -traditional-cpp > module_shallowcu_driver.f90
rm -f module_shallowcu_driver.G module_shallowcu_driver.H module_shallowcu_driver.bb
time mpif90 -f90=ifort -o module_shallowcu_driver.o -c -O3 -ip -fp-model precise -w -ftz -align all -fno-alias -FR -convert big_endian    -I../dyn_em -I../dyn_nmm   -I/glade/work/rkumar/NASA_HMA/WRFchem_HMA/external/esmf_time_f90  -I/glade/work/rkumar/NASA_HMA/WRFchem_HMA/main -I/glade/work/rkumar/NASA_HMA/WRFchem_HMA/external/io_netcdf -I/glade/work/rkumar/NASA_HMA/WRFchem_HMA/external/io_int -I/glade/work/rkumar/NASA_HMA/WRFchem_HMA/frame -I/glade/work/rkumar/NASA_HMA/WRFchem_HMA/share -I/glade/work/rkumar/NASA_HMA/WRFchem_HMA/phys -I/glade/work/rkumar/NASA_HMA/WRFchem_HMA/chem -I/glade/work/rkumar/NASA_HMA/WRFchem_HMA/inc -I/glade/u/apps/ch/opt/netcdf/4.8.1/intel/19.1.1//include  -real-size `expr 8 \* 4` -i4  module_shallowcu_driver.f90

real	0m1.355s
user	0m0.767s
sys	0m0.527s
rm -f module_cumulus_driver.o
sed -e "s/grid%mu/gridmu/g" -e "s/grid%Mu/gridMu/g" -e "s/^\!.*'.*//" -e "s/^ *\!.*'.*//" module_cumulus_driver.F > module_cumulus_driver.G
/lib/cpp -P -nostdinc -I/glade/work/rkumar/NASA_HMA/WRFchem_HMA/inc -DEM_CORE=1 -DNMM_CORE=0 -DNMM_MAX_DIM=2600 -DCOAMPS_CORE=0 -DDA_CORE=0 -DEXP_CORE=0 -DIWORDSIZE=4 -DDWORDSIZE=8 -DRWORDSIZE=4 -DLWORDSIZE=4 -DNONSTANDARD_SYSTEM_FUNC  -DWRF_USE_CLM  -DSNICAR_FRC    -DDM_PARALLEL -DNETCDF -DUSE_ALLOCATABLES -DGRIB1 -DINTIO -DKEEP_INT_AROUND -DLIMIT_ARGS -DCONFIG_BUF_LEN=65536 -DMAX_DOMAINS_F=21 -DMAX_HISTORY=25 -DNMM_NEST=0 -DWRF_CHEM -DBUILD_CHEM=1 -DWRF_KPP -I. -traditional-cpp   module_cumulus_driver.G  > module_cumulus_driver.H
sed -e "s/gridmu/grid%mu/g" -e "s/gridMu/grid%Mu/g" module_cumulus_driver.H > module_cumulus_driver.bb
/glade/work/rkumar/NASA_HMA/WRFchem_HMA/tools/standard.exe module_cumulus_driver.bb | /lib/cpp -P -nostdinc -traditional-cpp > module_cumulus_driver.f90
rm -f module_cumulus_driver.G module_cumulus_driver.H module_cumulus_driver.bb
time mpif90 -f90=ifort -o module_cumulus_driver.o -c -O3 -ip -fp-model precise -w -ftz -align all -fno-alias -FR -convert big_endian    -I../dyn_em -I../dyn_nmm   -I/glade/work/rkumar/NASA_HMA/WRFchem_HMA/external/esmf_time_f90  -I/glade/work/rkumar/NASA_HMA/WRFchem_HMA/main -I/glade/work/rkumar/NASA_HMA/WRFchem_HMA/external/io_netcdf -I/glade/work/rkumar/NASA_HMA/WRFchem_HMA/external/io_int -I/glade/work/rkumar/NASA_HMA/WRFchem_HMA/frame -I/glade/work/rkumar/NASA_HMA/WRFchem_HMA/share -I/glade/work/rkumar/NASA_HMA/WRFchem_HMA/phys -I/glade/work/rkumar/NASA_HMA/WRFchem_HMA/chem -I/glade/work/rkumar/NASA_HMA/WRFchem_HMA/inc -I/glade/u/apps/ch/opt/netcdf/4.8.1/intel/19.1.1//include  -real-size `expr 8 \* 4` -i4  module_cumulus_driver.f90

real	0m3.156s
user	0m1.821s
sys	0m0.945s

real	14m23.203s
user	14m20.181s
sys	0m2.728s
rm -f module_physics_init.o
rm -f module_surface_driver.o
sed -e "s/grid%mu/gridmu/g" -e "s/grid%Mu/gridMu/g" -e "s/^\!.*'.*//" -e "s/^ *\!.*'.*//" module_surface_driver.F > module_surface_driver.G
/lib/cpp -P -nostdinc -I/glade/work/rkumar/NASA_HMA/WRFchem_HMA/inc -DEM_CORE=1 -DNMM_CORE=0 -DNMM_MAX_DIM=2600 -DCOAMPS_CORE=0 -DDA_CORE=0 -DEXP_CORE=0 -DIWORDSIZE=4 -DDWORDSIZE=8 -DRWORDSIZE=4 -DLWORDSIZE=4 -DNONSTANDARD_SYSTEM_FUNC  -DWRF_USE_CLM  -DSNICAR_FRC    -DDM_PARALLEL -DNETCDF -DUSE_ALLOCATABLES -DGRIB1 -DINTIO -DKEEP_INT_AROUND -DLIMIT_ARGS -DCONFIG_BUF_LEN=65536 -DMAX_DOMAINS_F=21 -DMAX_HISTORY=25 -DNMM_NEST=0 -DWRF_CHEM -DBUILD_CHEM=1 -DWRF_KPP -I. -traditional-cpp   module_physics_init.F  > module_physics_init.bb
/lib/cpp -P -nostdinc -I/glade/work/rkumar/NASA_HMA/WRFchem_HMA/inc -DEM_CORE=1 -DNMM_CORE=0 -DNMM_MAX_DIM=2600 -DCOAMPS_CORE=0 -DDA_CORE=0 -DEXP_CORE=0 -DIWORDSIZE=4 -DDWORDSIZE=8 -DRWORDSIZE=4 -DLWORDSIZE=4 -DNONSTANDARD_SYSTEM_FUNC  -DWRF_USE_CLM  -DSNICAR_FRC    -DDM_PARALLEL -DNETCDF -DUSE_ALLOCATABLES -DGRIB1 -DINTIO -DKEEP_INT_AROUND -DLIMIT_ARGS -DCONFIG_BUF_LEN=65536 -DMAX_DOMAINS_F=21 -DMAX_HISTORY=25 -DNMM_NEST=0 -DWRF_CHEM -DBUILD_CHEM=1 -DWRF_KPP -I. -traditional-cpp   module_surface_driver.G  > module_surface_driver.H
/glade/work/rkumar/NASA_HMA/WRFchem_HMA/tools/standard.exe module_physics_init.bb | /lib/cpp -P -nostdinc -traditional-cpp > module_physics_init.f90
sed -e "s/gridmu/grid%mu/g" -e "s/gridMu/grid%Mu/g" module_surface_driver.H > module_surface_driver.bb
/glade/work/rkumar/NASA_HMA/WRFchem_HMA/tools/standard.exe module_surface_driver.bb | /lib/cpp -P -nostdinc -traditional-cpp > module_surface_driver.f90
rm -f module_physics_init.b module_physics_init.bb
time mpif90 -f90=ifort -c -real-size `expr 8 \* 4` -i4  -O0 -fno-inline -no-ip -ip -fp-model precise -w -ftz -align all -fno-alias -FR -convert big_endian   -I../dyn_em -I../dyn_nmm   -I/glade/work/rkumar/NASA_HMA/WRFchem_HMA/external/esmf_time_f90  -I/glade/work/rkumar/NASA_HMA/WRFchem_HMA/main -I/glade/work/rkumar/NASA_HMA/WRFchem_HMA/external/io_netcdf -I/glade/work/rkumar/NASA_HMA/WRFchem_HMA/external/io_int -I/glade/work/rkumar/NASA_HMA/WRFchem_HMA/frame -I/glade/work/rkumar/NASA_HMA/WRFchem_HMA/share -I/glade/work/rkumar/NASA_HMA/WRFchem_HMA/phys -I/glade/work/rkumar/NASA_HMA/WRFchem_HMA/chem -I/glade/work/rkumar/NASA_HMA/WRFchem_HMA/inc -I/glade/u/apps/ch/opt/netcdf/4.8.1/intel/19.1.1//include  module_physics_init.f90
rm -f module_surface_driver.G module_surface_driver.H module_surface_driver.bb
time mpif90 -f90=ifort -o module_surface_driver.o -c -O3 -ip -fp-model precise -w -ftz -align all -fno-alias -FR -convert big_endian    -I../dyn_em -I../dyn_nmm   -I/glade/work/rkumar/NASA_HMA/WRFchem_HMA/external/esmf_time_f90  -I/glade/work/rkumar/NASA_HMA/WRFchem_HMA/main -I/glade/work/rkumar/NASA_HMA/WRFchem_HMA/external/io_netcdf -I/glade/work/rkumar/NASA_HMA/WRFchem_HMA/external/io_int -I/glade/work/rkumar/NASA_HMA/WRFchem_HMA/frame -I/glade/work/rkumar/NASA_HMA/WRFchem_HMA/share -I/glade/work/rkumar/NASA_HMA/WRFchem_HMA/phys -I/glade/work/rkumar/NASA_HMA/WRFchem_HMA/chem -I/glade/work/rkumar/NASA_HMA/WRFchem_HMA/inc -I/glade/u/apps/ch/opt/netcdf/4.8.1/intel/19.1.1//include  -real-size `expr 8 \* 4` -i4  module_surface_driver.f90

real	0m2.947s
user	0m2.131s
sys	0m0.682s

real	0m16.988s
user	0m16.146s
sys	0m0.755s
make[3]: Leaving directory '/glade/work/rkumar/NASA_HMA/WRFchem_HMA/phys'
make[2]: Leaving directory '/glade/work/rkumar/NASA_HMA/WRFchem_HMA/phys'
make[1]: Leaving directory '/glade/work/rkumar/NASA_HMA/WRFchem_HMA'
if [ 1  -eq 1 ]    ; then make -i -r MODULE_DIRS="-I../dyn_em -I../dyn_nmm   -I/glade/work/rkumar/NASA_HMA/WRFchem_HMA/external/esmf_time_f90  -I/glade/work/rkumar/NASA_HMA/WRFchem_HMA/main -I/glade/work/rkumar/NASA_HMA/WRFchem_HMA/external/io_netcdf -I/glade/work/rkumar/NASA_HMA/WRFchem_HMA/external/io_int -I/glade/work/rkumar/NASA_HMA/WRFchem_HMA/frame -I/glade/work/rkumar/NASA_HMA/WRFchem_HMA/share -I/glade/work/rkumar/NASA_HMA/WRFchem_HMA/phys -I/glade/work/rkumar/NASA_HMA/WRFchem_HMA/chem -I/glade/work/rkumar/NASA_HMA/WRFchem_HMA/inc -I/glade/u/apps/ch/opt/netcdf/4.8.1/intel/19.1.1//include " chemics ; fi
make[1]: Entering directory '/glade/work/rkumar/NASA_HMA/WRFchem_HMA'
--------------------------------------
if [ 1 -eq 1 ] ; then ( cd chem ; make -i -r ) ; fi
make[2]: Entering directory '/glade/work/rkumar/NASA_HMA/WRFchem_HMA/chem'
rm -f module_data_isrpia_data.o
sed -e "s/grid%mu/gridmu/g" -e "s/grid%Mu/gridMu/g" -e "s/^\!.*'.*//" -e "s/^ *\!.*'.*//" module_data_isrpia_data.F > module_data_isrpia_data.G
/lib/cpp -P -nostdinc -I/glade/work/rkumar/NASA_HMA/WRFchem_HMA/inc -DEM_CORE=1 -DNMM_CORE=0 -DNMM_MAX_DIM=2600 -DCOAMPS_CORE=0 -DDA_CORE=0 -DEXP_CORE=0 -DIWORDSIZE=4 -DDWORDSIZE=8 -DRWORDSIZE=4 -DLWORDSIZE=4 -DNONSTANDARD_SYSTEM_FUNC  -DWRF_USE_CLM  -DSNICAR_FRC    -DDM_PARALLEL -DNETCDF -DUSE_ALLOCATABLES -DGRIB1 -DINTIO -DKEEP_INT_AROUND -DLIMIT_ARGS -DCONFIG_BUF_LEN=65536 -DMAX_DOMAINS_F=21 -DMAX_HISTORY=25 -DNMM_NEST=0 -DWRF_CHEM -DBUILD_CHEM=1 -DWRF_KPP -I. -traditional-cpp   module_data_isrpia_data.G  > module_data_isrpia_data.H
sed -e "s/gridmu/grid%mu/g" -e "s/gridMu/grid%Mu/g" module_data_isrpia_data.H > module_data_isrpia_data.bb
/glade/work/rkumar/NASA_HMA/WRFchem_HMA/tools/standard.exe module_data_isrpia_data.bb | /lib/cpp -P -nostdinc -traditional-cpp > module_data_isrpia_data.f90
rm -f module_data_isrpia_data.G module_data_isrpia_data.H module_data_isrpia_data.bb
time mpif90 -f90=ifort -o module_data_isrpia_data.o -c -O3 -ip -fp-model precise -w -ftz -align all -fno-alias -FR -convert big_endian    -I../dyn_em -I../dyn_nmm   -I/glade/work/rkumar/NASA_HMA/WRFchem_HMA/external/esmf_time_f90  -I/glade/work/rkumar/NASA_HMA/WRFchem_HMA/main -I/glade/work/rkumar/NASA_HMA/WRFchem_HMA/external/io_netcdf -I/glade/work/rkumar/NASA_HMA/WRFchem_HMA/external/io_int -I/glade/work/rkumar/NASA_HMA/WRFchem_HMA/frame -I/glade/work/rkumar/NASA_HMA/WRFchem_HMA/share -I/glade/work/rkumar/NASA_HMA/WRFchem_HMA/phys -I/glade/work/rkumar/NASA_HMA/WRFchem_HMA/chem -I/glade/work/rkumar/NASA_HMA/WRFchem_HMA/inc -I/glade/u/apps/ch/opt/netcdf/4.8.1/intel/19.1.1//include  -real-size `expr 8 \* 4` -i4  module_data_isrpia_data.f90

real	0m0.618s
user	0m0.072s
sys	0m0.484s
rm -f module_data_ISRPIA.o
sed -e "s/grid%mu/gridmu/g" -e "s/grid%Mu/gridMu/g" -e "s/^\!.*'.*//" -e "s/^ *\!.*'.*//" module_data_ISRPIA.F > module_data_ISRPIA.G
/lib/cpp -P -nostdinc -I/glade/work/rkumar/NASA_HMA/WRFchem_HMA/inc -DEM_CORE=1 -DNMM_CORE=0 -DNMM_MAX_DIM=2600 -DCOAMPS_CORE=0 -DDA_CORE=0 -DEXP_CORE=0 -DIWORDSIZE=4 -DDWORDSIZE=8 -DRWORDSIZE=4 -DLWORDSIZE=4 -DNONSTANDARD_SYSTEM_FUNC  -DWRF_USE_CLM  -DSNICAR_FRC    -DDM_PARALLEL -DNETCDF -DUSE_ALLOCATABLES -DGRIB1 -DINTIO -DKEEP_INT_AROUND -DLIMIT_ARGS -DCONFIG_BUF_LEN=65536 -DMAX_DOMAINS_F=21 -DMAX_HISTORY=25 -DNMM_NEST=0 -DWRF_CHEM -DBUILD_CHEM=1 -DWRF_KPP -I. -traditional-cpp   module_data_ISRPIA.G  > module_data_ISRPIA.H
sed -e "s/gridmu/grid%mu/g" -e "s/gridMu/grid%Mu/g" module_data_ISRPIA.H > module_data_ISRPIA.bb
/glade/work/rkumar/NASA_HMA/WRFchem_HMA/tools/standard.exe module_data_ISRPIA.bb | /lib/cpp -P -nostdinc -traditional-cpp > module_data_ISRPIA.f90
rm -f module_data_ISRPIA.G module_data_ISRPIA.H module_data_ISRPIA.bb
time mpif90 -f90=ifort -o module_data_ISRPIA.o -c -O3 -ip -fp-model precise -w -ftz -align all -fno-alias -FR -convert big_endian    -I../dyn_em -I../dyn_nmm   -I/glade/work/rkumar/NASA_HMA/WRFchem_HMA/external/esmf_time_f90  -I/glade/work/rkumar/NASA_HMA/WRFchem_HMA/main -I/glade/work/rkumar/NASA_HMA/WRFchem_HMA/external/io_netcdf -I/glade/work/rkumar/NASA_HMA/WRFchem_HMA/external/io_int -I/glade/work/rkumar/NASA_HMA/WRFchem_HMA/frame -I/glade/work/rkumar/NASA_HMA/WRFchem_HMA/share -I/glade/work/rkumar/NASA_HMA/WRFchem_HMA/phys -I/glade/work/rkumar/NASA_HMA/WRFchem_HMA/chem -I/glade/work/rkumar/NASA_HMA/WRFchem_HMA/inc -I/glade/u/apps/ch/opt/netcdf/4.8.1/intel/19.1.1//include  -real-size `expr 8 \* 4` -i4  module_data_ISRPIA.f90

real	0m0.579s
user	0m0.055s
sys	0m0.462s
rm -f module_data_isrpia_asrc.o
sed -e "s/grid%mu/gridmu/g" -e "s/grid%Mu/gridMu/g" -e "s/^\!.*'.*//" -e "s/^ *\!.*'.*//" module_data_isrpia_asrc.F > module_data_isrpia_asrc.G
/lib/cpp -P -nostdinc -I/glade/work/rkumar/NASA_HMA/WRFchem_HMA/inc -DEM_CORE=1 -DNMM_CORE=0 -DNMM_MAX_DIM=2600 -DCOAMPS_CORE=0 -DDA_CORE=0 -DEXP_CORE=0 -DIWORDSIZE=4 -DDWORDSIZE=8 -DRWORDSIZE=4 -DLWORDSIZE=4 -DNONSTANDARD_SYSTEM_FUNC  -DWRF_USE_CLM  -DSNICAR_FRC    -DDM_PARALLEL -DNETCDF -DUSE_ALLOCATABLES -DGRIB1 -DINTIO -DKEEP_INT_AROUND -DLIMIT_ARGS -DCONFIG_BUF_LEN=65536 -DMAX_DOMAINS_F=21 -DMAX_HISTORY=25 -DNMM_NEST=0 -DWRF_CHEM -DBUILD_CHEM=1 -DWRF_KPP -I. -traditional-cpp   module_data_isrpia_asrc.G  > module_data_isrpia_asrc.H
sed -e "s/gridmu/grid%mu/g" -e "s/gridMu/grid%Mu/g" module_data_isrpia_asrc.H > module_data_isrpia_asrc.bb
/glade/work/rkumar/NASA_HMA/WRFchem_HMA/tools/standard.exe module_data_isrpia_asrc.bb | /lib/cpp -P -nostdinc -traditional-cpp > module_data_isrpia_asrc.f90
rm -f module_data_isrpia_asrc.G module_data_isrpia_asrc.H module_data_isrpia_asrc.bb
time mpif90 -f90=ifort -o module_data_isrpia_asrc.o -c -O3 -ip -fp-model precise -w -ftz -align all -fno-alias -FR -convert big_endian    -I../dyn_em -I../dyn_nmm   -I/glade/work/rkumar/NASA_HMA/WRFchem_HMA/external/esmf_time_f90  -I/glade/work/rkumar/NASA_HMA/WRFchem_HMA/main -I/glade/work/rkumar/NASA_HMA/WRFchem_HMA/external/io_netcdf -I/glade/work/rkumar/NASA_HMA/WRFchem_HMA/external/io_int -I/glade/work/rkumar/NASA_HMA/WRFchem_HMA/frame -I/glade/work/rkumar/NASA_HMA/WRFchem_HMA/share -I/glade/work/rkumar/NASA_HMA/WRFchem_HMA/phys -I/glade/work/rkumar/NASA_HMA/WRFchem_HMA/chem -I/glade/work/rkumar/NASA_HMA/WRFchem_HMA/inc -I/glade/u/apps/ch/opt/netcdf/4.8.1/intel/19.1.1//include  -real-size `expr 8 \* 4` -i4  module_data_isrpia_asrc.f90

real	0m0.589s
user	0m0.076s
sys	0m0.444s
rm -f module_data_isrpia_solut.o
sed -e "s/grid%mu/gridmu/g" -e "s/grid%Mu/gridMu/g" -e "s/^\!.*'.*//" -e "s/^ *\!.*'.*//" module_data_isrpia_solut.F > module_data_isrpia_solut.G
/lib/cpp -P -nostdinc -I/glade/work/rkumar/NASA_HMA/WRFchem_HMA/inc -DEM_CORE=1 -DNMM_CORE=0 -DNMM_MAX_DIM=2600 -DCOAMPS_CORE=0 -DDA_CORE=0 -DEXP_CORE=0 -DIWORDSIZE=4 -DDWORDSIZE=8 -DRWORDSIZE=4 -DLWORDSIZE=4 -DNONSTANDARD_SYSTEM_FUNC  -DWRF_USE_CLM  -DSNICAR_FRC    -DDM_PARALLEL -DNETCDF -DUSE_ALLOCATABLES -DGRIB1 -DINTIO -DKEEP_INT_AROUND -DLIMIT_ARGS -DCONFIG_BUF_LEN=65536 -DMAX_DOMAINS_F=21 -DMAX_HISTORY=25 -DNMM_NEST=0 -DWRF_CHEM -DBUILD_CHEM=1 -DWRF_KPP -I. -traditional-cpp   module_data_isrpia_solut.G  > module_data_isrpia_solut.H
sed -e "s/gridmu/grid%mu/g" -e "s/gridMu/grid%Mu/g" module_data_isrpia_solut.H > module_data_isrpia_solut.bb
/glade/work/rkumar/NASA_HMA/WRFchem_HMA/tools/standard.exe module_data_isrpia_solut.bb | /lib/cpp -P -nostdinc -traditional-cpp > module_data_isrpia_solut.f90
rm -f module_data_isrpia_solut.G module_data_isrpia_solut.H module_data_isrpia_solut.bb
time mpif90 -f90=ifort -o module_data_isrpia_solut.o -c -O3 -ip -fp-model precise -w -ftz -align all -fno-alias -FR -convert big_endian    -I../dyn_em -I../dyn_nmm   -I/glade/work/rkumar/NASA_HMA/WRFchem_HMA/external/esmf_time_f90  -I/glade/work/rkumar/NASA_HMA/WRFchem_HMA/main -I/glade/work/rkumar/NASA_HMA/WRFchem_HMA/external/io_netcdf -I/glade/work/rkumar/NASA_HMA/WRFchem_HMA/external/io_int -I/glade/work/rkumar/NASA_HMA/WRFchem_HMA/frame -I/glade/work/rkumar/NASA_HMA/WRFchem_HMA/share -I/glade/work/rkumar/NASA_HMA/WRFchem_HMA/phys -I/glade/work/rkumar/NASA_HMA/WRFchem_HMA/chem -I/glade/work/rkumar/NASA_HMA/WRFchem_HMA/inc -I/glade/u/apps/ch/opt/netcdf/4.8.1/intel/19.1.1//include  -real-size `expr 8 \* 4` -i4  module_data_isrpia_solut.f90

real	0m0.601s
user	0m0.068s
sys	0m0.453s
rm -f module_data_isrpia_kmc198.o
sed -e "s/grid%mu/gridmu/g" -e "s/grid%Mu/gridMu/g" -e "s/^\!.*'.*//" -e "s/^ *\!.*'.*//" module_data_isrpia_kmc198.F > module_data_isrpia_kmc198.G
/lib/cpp -P -nostdinc -I/glade/work/rkumar/NASA_HMA/WRFchem_HMA/inc -DEM_CORE=1 -DNMM_CORE=0 -DNMM_MAX_DIM=2600 -DCOAMPS_CORE=0 -DDA_CORE=0 -DEXP_CORE=0 -DIWORDSIZE=4 -DDWORDSIZE=8 -DRWORDSIZE=4 -DLWORDSIZE=4 -DNONSTANDARD_SYSTEM_FUNC  -DWRF_USE_CLM  -DSNICAR_FRC    -DDM_PARALLEL -DNETCDF -DUSE_ALLOCATABLES -DGRIB1 -DINTIO -DKEEP_INT_AROUND -DLIMIT_ARGS -DCONFIG_BUF_LEN=65536 -DMAX_DOMAINS_F=21 -DMAX_HISTORY=25 -DNMM_NEST=0 -DWRF_CHEM -DBUILD_CHEM=1 -DWRF_KPP -I. -traditional-cpp   module_data_isrpia_kmc198.G  > module_data_isrpia_kmc198.H
sed -e "s/gridmu/grid%mu/g" -e "s/gridMu/grid%Mu/g" module_data_isrpia_kmc198.H > module_data_isrpia_kmc198.bb
/glade/work/rkumar/NASA_HMA/WRFchem_HMA/tools/standard.exe module_data_isrpia_kmc198.bb | /lib/cpp -P -nostdinc -traditional-cpp > module_data_isrpia_kmc198.f90
rm -f module_data_isrpia_kmc198.G module_data_isrpia_kmc198.H module_data_isrpia_kmc198.bb
time mpif90 -f90=ifort -o module_data_isrpia_kmc198.o -c -O3 -ip -fp-model precise -w -ftz -align all -fno-alias -FR -convert big_endian    -I../dyn_em -I../dyn_nmm   -I/glade/work/rkumar/NASA_HMA/WRFchem_HMA/external/esmf_time_f90  -I/glade/work/rkumar/NASA_HMA/WRFchem_HMA/main -I/glade/work/rkumar/NASA_HMA/WRFchem_HMA/external/io_netcdf -I/glade/work/rkumar/NASA_HMA/WRFchem_HMA/external/io_int -I/glade/work/rkumar/NASA_HMA/WRFchem_HMA/frame -I/glade/work/rkumar/NASA_HMA/WRFchem_HMA/share -I/glade/work/rkumar/NASA_HMA/WRFchem_HMA/phys -I/glade/work/rkumar/NASA_HMA/WRFchem_HMA/chem -I/glade/work/rkumar/NASA_HMA/WRFchem_HMA/inc -I/glade/u/apps/ch/opt/netcdf/4.8.1/intel/19.1.1//include  -real-size `expr 8 \* 4` -i4  module_data_isrpia_kmc198.f90

real	0m0.614s
user	0m0.104s
sys	0m0.451s
rm -f module_data_isrpia_kmc223.o
sed -e "s/grid%mu/gridmu/g" -e "s/grid%Mu/gridMu/g" -e "s/^\!.*'.*//" -e "s/^ *\!.*'.*//" module_data_isrpia_kmc223.F > module_data_isrpia_kmc223.G
/lib/cpp -P -nostdinc -I/glade/work/rkumar/NASA_HMA/WRFchem_HMA/inc -DEM_CORE=1 -DNMM_CORE=0 -DNMM_MAX_DIM=2600 -DCOAMPS_CORE=0 -DDA_CORE=0 -DEXP_CORE=0 -DIWORDSIZE=4 -DDWORDSIZE=8 -DRWORDSIZE=4 -DLWORDSIZE=4 -DNONSTANDARD_SYSTEM_FUNC  -DWRF_USE_CLM  -DSNICAR_FRC    -DDM_PARALLEL -DNETCDF -DUSE_ALLOCATABLES -DGRIB1 -DINTIO -DKEEP_INT_AROUND -DLIMIT_ARGS -DCONFIG_BUF_LEN=65536 -DMAX_DOMAINS_F=21 -DMAX_HISTORY=25 -DNMM_NEST=0 -DWRF_CHEM -DBUILD_CHEM=1 -DWRF_KPP -I. -traditional-cpp   module_data_isrpia_kmc223.G  > module_data_isrpia_kmc223.H
sed -e "s/gridmu/grid%mu/g" -e "s/gridMu/grid%Mu/g" module_data_isrpia_kmc223.H > module_data_isrpia_kmc223.bb
/glade/work/rkumar/NASA_HMA/WRFchem_HMA/tools/standard.exe module_data_isrpia_kmc223.bb | /lib/cpp -P -nostdinc -traditional-cpp > module_data_isrpia_kmc223.f90
rm -f module_data_isrpia_kmc223.G module_data_isrpia_kmc223.H module_data_isrpia_kmc223.bb
time mpif90 -f90=ifort -o module_data_isrpia_kmc223.o -c -O3 -ip -fp-model precise -w -ftz -align all -fno-alias -FR -convert big_endian    -I../dyn_em -I../dyn_nmm   -I/glade/work/rkumar/NASA_HMA/WRFchem_HMA/external/esmf_time_f90  -I/glade/work/rkumar/NASA_HMA/WRFchem_HMA/main -I/glade/work/rkumar/NASA_HMA/WRFchem_HMA/external/io_netcdf -I/glade/work/rkumar/NASA_HMA/WRFchem_HMA/external/io_int -I/glade/work/rkumar/NASA_HMA/WRFchem_HMA/frame -I/glade/work/rkumar/NASA_HMA/WRFchem_HMA/share -I/glade/work/rkumar/NASA_HMA/WRFchem_HMA/phys -I/glade/work/rkumar/NASA_HMA/WRFchem_HMA/chem -I/glade/work/rkumar/NASA_HMA/WRFchem_HMA/inc -I/glade/u/apps/ch/opt/netcdf/4.8.1/intel/19.1.1//include  -real-size `expr 8 \* 4` -i4  module_data_isrpia_kmc223.f90

real	0m0.640s
user	0m0.102s
sys	0m0.500s
rm -f module_data_isrpia_kmc248.o
sed -e "s/grid%mu/gridmu/g" -e "s/grid%Mu/gridMu/g" -e "s/^\!.*'.*//" -e "s/^ *\!.*'.*//" module_data_isrpia_kmc248.F > module_data_isrpia_kmc248.G
/lib/cpp -P -nostdinc -I/glade/work/rkumar/NASA_HMA/WRFchem_HMA/inc -DEM_CORE=1 -DNMM_CORE=0 -DNMM_MAX_DIM=2600 -DCOAMPS_CORE=0 -DDA_CORE=0 -DEXP_CORE=0 -DIWORDSIZE=4 -DDWORDSIZE=8 -DRWORDSIZE=4 -DLWORDSIZE=4 -DNONSTANDARD_SYSTEM_FUNC  -DWRF_USE_CLM  -DSNICAR_FRC    -DDM_PARALLEL -DNETCDF -DUSE_ALLOCATABLES -DGRIB1 -DINTIO -DKEEP_INT_AROUND -DLIMIT_ARGS -DCONFIG_BUF_LEN=65536 -DMAX_DOMAINS_F=21 -DMAX_HISTORY=25 -DNMM_NEST=0 -DWRF_CHEM -DBUILD_CHEM=1 -DWRF_KPP -I. -traditional-cpp   module_data_isrpia_kmc248.G  > module_data_isrpia_kmc248.H
sed -e "s/gridmu/grid%mu/g" -e "s/gridMu/grid%Mu/g" module_data_isrpia_kmc248.H > module_data_isrpia_kmc248.bb
/glade/work/rkumar/NASA_HMA/WRFchem_HMA/tools/standard.exe module_data_isrpia_kmc248.bb | /lib/cpp -P -nostdinc -traditional-cpp > module_data_isrpia_kmc248.f90
rm -f module_data_isrpia_kmc248.G module_data_isrpia_kmc248.H module_data_isrpia_kmc248.bb
time mpif90 -f90=ifort -o module_data_isrpia_kmc248.o -c -O3 -ip -fp-model precise -w -ftz -align all -fno-alias -FR -convert big_endian    -I../dyn_em -I../dyn_nmm   -I/glade/work/rkumar/NASA_HMA/WRFchem_HMA/external/esmf_time_f90  -I/glade/work/rkumar/NASA_HMA/WRFchem_HMA/main -I/glade/work/rkumar/NASA_HMA/WRFchem_HMA/external/io_netcdf -I/glade/work/rkumar/NASA_HMA/WRFchem_HMA/external/io_int -I/glade/work/rkumar/NASA_HMA/WRFchem_HMA/frame -I/glade/work/rkumar/NASA_HMA/WRFchem_HMA/share -I/glade/work/rkumar/NASA_HMA/WRFchem_HMA/phys -I/glade/work/rkumar/NASA_HMA/WRFchem_HMA/chem -I/glade/work/rkumar/NASA_HMA/WRFchem_HMA/inc -I/glade/u/apps/ch/opt/netcdf/4.8.1/intel/19.1.1//include  -real-size `expr 8 \* 4` -i4  module_data_isrpia_kmc248.f90

real	0m0.612s
user	0m0.092s
sys	0m0.460s
rm -f module_data_isrpia_kmc273.o
sed -e "s/grid%mu/gridmu/g" -e "s/grid%Mu/gridMu/g" -e "s/^\!.*'.*//" -e "s/^ *\!.*'.*//" module_data_isrpia_kmc273.F > module_data_isrpia_kmc273.G
/lib/cpp -P -nostdinc -I/glade/work/rkumar/NASA_HMA/WRFchem_HMA/inc -DEM_CORE=1 -DNMM_CORE=0 -DNMM_MAX_DIM=2600 -DCOAMPS_CORE=0 -DDA_CORE=0 -DEXP_CORE=0 -DIWORDSIZE=4 -DDWORDSIZE=8 -DRWORDSIZE=4 -DLWORDSIZE=4 -DNONSTANDARD_SYSTEM_FUNC  -DWRF_USE_CLM  -DSNICAR_FRC    -DDM_PARALLEL -DNETCDF -DUSE_ALLOCATABLES -DGRIB1 -DINTIO -DKEEP_INT_AROUND -DLIMIT_ARGS -DCONFIG_BUF_LEN=65536 -DMAX_DOMAINS_F=21 -DMAX_HISTORY=25 -DNMM_NEST=0 -DWRF_CHEM -DBUILD_CHEM=1 -DWRF_KPP -I. -traditional-cpp   module_data_isrpia_kmc273.G  > module_data_isrpia_kmc273.H
sed -e "s/gridmu/grid%mu/g" -e "s/gridMu/grid%Mu/g" module_data_isrpia_kmc273.H > module_data_isrpia_kmc273.bb
/glade/work/rkumar/NASA_HMA/WRFchem_HMA/tools/standard.exe module_data_isrpia_kmc273.bb | /lib/cpp -P -nostdinc -traditional-cpp > module_data_isrpia_kmc273.f90
rm -f module_data_isrpia_kmc273.G module_data_isrpia_kmc273.H module_data_isrpia_kmc273.bb
time mpif90 -f90=ifort -o module_data_isrpia_kmc273.o -c -O3 -ip -fp-model precise -w -ftz -align all -fno-alias -FR -convert big_endian    -I../dyn_em -I../dyn_nmm   -I/glade/work/rkumar/NASA_HMA/WRFchem_HMA/external/esmf_time_f90  -I/glade/work/rkumar/NASA_HMA/WRFchem_HMA/main -I/glade/work/rkumar/NASA_HMA/WRFchem_HMA/external/io_netcdf -I/glade/work/rkumar/NASA_HMA/WRFchem_HMA/external/io_int -I/glade/work/rkumar/NASA_HMA/WRFchem_HMA/frame -I/glade/work/rkumar/NASA_HMA/WRFchem_HMA/share -I/glade/work/rkumar/NASA_HMA/WRFchem_HMA/phys -I/glade/work/rkumar/NASA_HMA/WRFchem_HMA/chem -I/glade/work/rkumar/NASA_HMA/WRFchem_HMA/inc -I/glade/u/apps/ch/opt/netcdf/4.8.1/intel/19.1.1//include  -real-size `expr 8 \* 4` -i4  module_data_isrpia_kmc273.f90

real	0m0.643s
user	0m0.074s
sys	0m0.496s
rm -f module_data_isrpia_kmc298.o
sed -e "s/grid%mu/gridmu/g" -e "s/grid%Mu/gridMu/g" -e "s/^\!.*'.*//" -e "s/^ *\!.*'.*//" module_data_isrpia_kmc298.F > module_data_isrpia_kmc298.G
/lib/cpp -P -nostdinc -I/glade/work/rkumar/NASA_HMA/WRFchem_HMA/inc -DEM_CORE=1 -DNMM_CORE=0 -DNMM_MAX_DIM=2600 -DCOAMPS_CORE=0 -DDA_CORE=0 -DEXP_CORE=0 -DIWORDSIZE=4 -DDWORDSIZE=8 -DRWORDSIZE=4 -DLWORDSIZE=4 -DNONSTANDARD_SYSTEM_FUNC  -DWRF_USE_CLM  -DSNICAR_FRC    -DDM_PARALLEL -DNETCDF -DUSE_ALLOCATABLES -DGRIB1 -DINTIO -DKEEP_INT_AROUND -DLIMIT_ARGS -DCONFIG_BUF_LEN=65536 -DMAX_DOMAINS_F=21 -DMAX_HISTORY=25 -DNMM_NEST=0 -DWRF_CHEM -DBUILD_CHEM=1 -DWRF_KPP -I. -traditional-cpp   module_data_isrpia_kmc298.G  > module_data_isrpia_kmc298.H
sed -e "s/gridmu/grid%mu/g" -e "s/gridMu/grid%Mu/g" module_data_isrpia_kmc298.H > module_data_isrpia_kmc298.bb
/glade/work/rkumar/NASA_HMA/WRFchem_HMA/tools/standard.exe module_data_isrpia_kmc298.bb | /lib/cpp -P -nostdinc -traditional-cpp > module_data_isrpia_kmc298.f90
rm -f module_data_isrpia_kmc298.G module_data_isrpia_kmc298.H module_data_isrpia_kmc298.bb
time mpif90 -f90=ifort -o module_data_isrpia_kmc298.o -c -O3 -ip -fp-model precise -w -ftz -align all -fno-alias -FR -convert big_endian    -I../dyn_em -I../dyn_nmm   -I/glade/work/rkumar/NASA_HMA/WRFchem_HMA/external/esmf_time_f90  -I/glade/work/rkumar/NASA_HMA/WRFchem_HMA/main -I/glade/work/rkumar/NASA_HMA/WRFchem_HMA/external/io_netcdf -I/glade/work/rkumar/NASA_HMA/WRFchem_HMA/external/io_int -I/glade/work/rkumar/NASA_HMA/WRFchem_HMA/frame -I/glade/work/rkumar/NASA_HMA/WRFchem_HMA/share -I/glade/work/rkumar/NASA_HMA/WRFchem_HMA/phys -I/glade/work/rkumar/NASA_HMA/WRFchem_HMA/chem -I/glade/work/rkumar/NASA_HMA/WRFchem_HMA/inc -I/glade/u/apps/ch/opt/netcdf/4.8.1/intel/19.1.1//include  -real-size `expr 8 \* 4` -i4  module_data_isrpia_kmc298.f90

real	0m0.606s
user	0m0.083s
sys	0m0.447s
rm -f module_data_isrpia_kmc323.o
sed -e "s/grid%mu/gridmu/g" -e "s/grid%Mu/gridMu/g" -e "s/^\!.*'.*//" -e "s/^ *\!.*'.*//" module_data_isrpia_kmc323.F > module_data_isrpia_kmc323.G
/lib/cpp -P -nostdinc -I/glade/work/rkumar/NASA_HMA/WRFchem_HMA/inc -DEM_CORE=1 -DNMM_CORE=0 -DNMM_MAX_DIM=2600 -DCOAMPS_CORE=0 -DDA_CORE=0 -DEXP_CORE=0 -DIWORDSIZE=4 -DDWORDSIZE=8 -DRWORDSIZE=4 -DLWORDSIZE=4 -DNONSTANDARD_SYSTEM_FUNC  -DWRF_USE_CLM  -DSNICAR_FRC    -DDM_PARALLEL -DNETCDF -DUSE_ALLOCATABLES -DGRIB1 -DINTIO -DKEEP_INT_AROUND -DLIMIT_ARGS -DCONFIG_BUF_LEN=65536 -DMAX_DOMAINS_F=21 -DMAX_HISTORY=25 -DNMM_NEST=0 -DWRF_CHEM -DBUILD_CHEM=1 -DWRF_KPP -I. -traditional-cpp   module_data_isrpia_kmc323.G  > module_data_isrpia_kmc323.H
sed -e "s/gridmu/grid%mu/g" -e "s/gridMu/grid%Mu/g" module_data_isrpia_kmc323.H > module_data_isrpia_kmc323.bb
/glade/work/rkumar/NASA_HMA/WRFchem_HMA/tools/standard.exe module_data_isrpia_kmc323.bb | /lib/cpp -P -nostdinc -traditional-cpp > module_data_isrpia_kmc323.f90
rm -f module_data_isrpia_kmc323.G module_data_isrpia_kmc323.H module_data_isrpia_kmc323.bb
time mpif90 -f90=ifort -o module_data_isrpia_kmc323.o -c -O3 -ip -fp-model precise -w -ftz -align all -fno-alias -FR -convert big_endian    -I../dyn_em -I../dyn_nmm   -I/glade/work/rkumar/NASA_HMA/WRFchem_HMA/external/esmf_time_f90  -I/glade/work/rkumar/NASA_HMA/WRFchem_HMA/main -I/glade/work/rkumar/NASA_HMA/WRFchem_HMA/external/io_netcdf -I/glade/work/rkumar/NASA_HMA/WRFchem_HMA/external/io_int -I/glade/work/rkumar/NASA_HMA/WRFchem_HMA/frame -I/glade/work/rkumar/NASA_HMA/WRFchem_HMA/share -I/glade/work/rkumar/NASA_HMA/WRFchem_HMA/phys -I/glade/work/rkumar/NASA_HMA/WRFchem_HMA/chem -I/glade/work/rkumar/NASA_HMA/WRFchem_HMA/inc -I/glade/u/apps/ch/opt/netcdf/4.8.1/intel/19.1.1//include  -real-size `expr 8 \* 4` -i4  module_data_isrpia_kmc323.f90

real	0m0.609s
user	0m0.065s
sys	0m0.477s
rm -f module_data_isrpia_expnc.o
sed -e "s/grid%mu/gridmu/g" -e "s/grid%Mu/gridMu/g" -e "s/^\!.*'.*//" -e "s/^ *\!.*'.*//" module_data_isrpia_expnc.F > module_data_isrpia_expnc.G
/lib/cpp -P -nostdinc -I/glade/work/rkumar/NASA_HMA/WRFchem_HMA/inc -DEM_CORE=1 -DNMM_CORE=0 -DNMM_MAX_DIM=2600 -DCOAMPS_CORE=0 -DDA_CORE=0 -DEXP_CORE=0 -DIWORDSIZE=4 -DDWORDSIZE=8 -DRWORDSIZE=4 -DLWORDSIZE=4 -DNONSTANDARD_SYSTEM_FUNC  -DWRF_USE_CLM  -DSNICAR_FRC    -DDM_PARALLEL -DNETCDF -DUSE_ALLOCATABLES -DGRIB1 -DINTIO -DKEEP_INT_AROUND -DLIMIT_ARGS -DCONFIG_BUF_LEN=65536 -DMAX_DOMAINS_F=21 -DMAX_HISTORY=25 -DNMM_NEST=0 -DWRF_CHEM -DBUILD_CHEM=1 -DWRF_KPP -I. -traditional-cpp   module_data_isrpia_expnc.G  > module_data_isrpia_expnc.H
sed -e "s/gridmu/grid%mu/g" -e "s/gridMu/grid%Mu/g" module_data_isrpia_expnc.H > module_data_isrpia_expnc.bb
/glade/work/rkumar/NASA_HMA/WRFchem_HMA/tools/standard.exe module_data_isrpia_expnc.bb | /lib/cpp -P -nostdinc -traditional-cpp > module_data_isrpia_expnc.f90
rm -f module_data_isrpia_expnc.G module_data_isrpia_expnc.H module_data_isrpia_expnc.bb
time mpif90 -f90=ifort -o module_data_isrpia_expnc.o -c -O3 -ip -fp-model precise -w -ftz -align all -fno-alias -FR -convert big_endian    -I../dyn_em -I../dyn_nmm   -I/glade/work/rkumar/NASA_HMA/WRFchem_HMA/external/esmf_time_f90  -I/glade/work/rkumar/NASA_HMA/WRFchem_HMA/main -I/glade/work/rkumar/NASA_HMA/WRFchem_HMA/external/io_netcdf -I/glade/work/rkumar/NASA_HMA/WRFchem_HMA/external/io_int -I/glade/work/rkumar/NASA_HMA/WRFchem_HMA/frame -I/glade/work/rkumar/NASA_HMA/WRFchem_HMA/share -I/glade/work/rkumar/NASA_HMA/WRFchem_HMA/phys -I/glade/work/rkumar/NASA_HMA/WRFchem_HMA/chem -I/glade/work/rkumar/NASA_HMA/WRFchem_HMA/inc -I/glade/u/apps/ch/opt/netcdf/4.8.1/intel/19.1.1//include  -real-size `expr 8 \* 4` -i4  module_data_isrpia_expnc.f90

real	0m0.590s
user	0m0.057s
sys	0m0.472s
rm -f module_data_isrpia_caseg.o
sed -e "s/grid%mu/gridmu/g" -e "s/grid%Mu/gridMu/g" -e "s/^\!.*'.*//" -e "s/^ *\!.*'.*//" module_data_isrpia_caseg.F > module_data_isrpia_caseg.G
/lib/cpp -P -nostdinc -I/glade/work/rkumar/NASA_HMA/WRFchem_HMA/inc -DEM_CORE=1 -DNMM_CORE=0 -DNMM_MAX_DIM=2600 -DCOAMPS_CORE=0 -DDA_CORE=0 -DEXP_CORE=0 -DIWORDSIZE=4 -DDWORDSIZE=8 -DRWORDSIZE=4 -DLWORDSIZE=4 -DNONSTANDARD_SYSTEM_FUNC  -DWRF_USE_CLM  -DSNICAR_FRC    -DDM_PARALLEL -DNETCDF -DUSE_ALLOCATABLES -DGRIB1 -DINTIO -DKEEP_INT_AROUND -DLIMIT_ARGS -DCONFIG_BUF_LEN=65536 -DMAX_DOMAINS_F=21 -DMAX_HISTORY=25 -DNMM_NEST=0 -DWRF_CHEM -DBUILD_CHEM=1 -DWRF_KPP -I. -traditional-cpp   module_data_isrpia_caseg.G  > module_data_isrpia_caseg.H
sed -e "s/gridmu/grid%mu/g" -e "s/gridMu/grid%Mu/g" module_data_isrpia_caseg.H > module_data_isrpia_caseg.bb
/glade/work/rkumar/NASA_HMA/WRFchem_HMA/tools/standard.exe module_data_isrpia_caseg.bb | /lib/cpp -P -nostdinc -traditional-cpp > module_data_isrpia_caseg.f90
rm -f module_data_isrpia_caseg.G module_data_isrpia_caseg.H module_data_isrpia_caseg.bb
time mpif90 -f90=ifort -o module_data_isrpia_caseg.o -c -O3 -ip -fp-model precise -w -ftz -align all -fno-alias -FR -convert big_endian    -I../dyn_em -I../dyn_nmm   -I/glade/work/rkumar/NASA_HMA/WRFchem_HMA/external/esmf_time_f90  -I/glade/work/rkumar/NASA_HMA/WRFchem_HMA/main -I/glade/work/rkumar/NASA_HMA/WRFchem_HMA/external/io_netcdf -I/glade/work/rkumar/NASA_HMA/WRFchem_HMA/external/io_int -I/glade/work/rkumar/NASA_HMA/WRFchem_HMA/frame -I/glade/work/rkumar/NASA_HMA/WRFchem_HMA/share -I/glade/work/rkumar/NASA_HMA/WRFchem_HMA/phys -I/glade/work/rkumar/NASA_HMA/WRFchem_HMA/chem -I/glade/work/rkumar/NASA_HMA/WRFchem_HMA/inc -I/glade/u/apps/ch/opt/netcdf/4.8.1/intel/19.1.1//include  -real-size `expr 8 \* 4` -i4  module_data_isrpia_caseg.f90

real	0m0.588s
user	0m0.059s
sys	0m0.474s
rm -f module_data_isrpia_casej.o
sed -e "s/grid%mu/gridmu/g" -e "s/grid%Mu/gridMu/g" -e "s/^\!.*'.*//" -e "s/^ *\!.*'.*//" module_data_isrpia_casej.F > module_data_isrpia_casej.G
/lib/cpp -P -nostdinc -I/glade/work/rkumar/NASA_HMA/WRFchem_HMA/inc -DEM_CORE=1 -DNMM_CORE=0 -DNMM_MAX_DIM=2600 -DCOAMPS_CORE=0 -DDA_CORE=0 -DEXP_CORE=0 -DIWORDSIZE=4 -DDWORDSIZE=8 -DRWORDSIZE=4 -DLWORDSIZE=4 -DNONSTANDARD_SYSTEM_FUNC  -DWRF_USE_CLM  -DSNICAR_FRC    -DDM_PARALLEL -DNETCDF -DUSE_ALLOCATABLES -DGRIB1 -DINTIO -DKEEP_INT_AROUND -DLIMIT_ARGS -DCONFIG_BUF_LEN=65536 -DMAX_DOMAINS_F=21 -DMAX_HISTORY=25 -DNMM_NEST=0 -DWRF_CHEM -DBUILD_CHEM=1 -DWRF_KPP -I. -traditional-cpp   module_data_isrpia_casej.G  > module_data_isrpia_casej.H
sed -e "s/gridmu/grid%mu/g" -e "s/gridMu/grid%Mu/g" module_data_isrpia_casej.H > module_data_isrpia_casej.bb
/glade/work/rkumar/NASA_HMA/WRFchem_HMA/tools/standard.exe module_data_isrpia_casej.bb | /lib/cpp -P -nostdinc -traditional-cpp > module_data_isrpia_casej.f90
rm -f module_data_isrpia_casej.G module_data_isrpia_casej.H module_data_isrpia_casej.bb
time mpif90 -f90=ifort -o module_data_isrpia_casej.o -c -O3 -ip -fp-model precise -w -ftz -align all -fno-alias -FR -convert big_endian    -I../dyn_em -I../dyn_nmm   -I/glade/work/rkumar/NASA_HMA/WRFchem_HMA/external/esmf_time_f90  -I/glade/work/rkumar/NASA_HMA/WRFchem_HMA/main -I/glade/work/rkumar/NASA_HMA/WRFchem_HMA/external/io_netcdf -I/glade/work/rkumar/NASA_HMA/WRFchem_HMA/external/io_int -I/glade/work/rkumar/NASA_HMA/WRFchem_HMA/frame -I/glade/work/rkumar/NASA_HMA/WRFchem_HMA/share -I/glade/work/rkumar/NASA_HMA/WRFchem_HMA/phys -I/glade/work/rkumar/NASA_HMA/WRFchem_HMA/chem -I/glade/work/rkumar/NASA_HMA/WRFchem_HMA/inc -I/glade/u/apps/ch/opt/netcdf/4.8.1/intel/19.1.1//include  -real-size `expr 8 \* 4` -i4  module_data_isrpia_casej.f90

real	0m0.590s
user	0m0.055s
sys	0m0.480s
rm -f isofwd.o
sed -e "s/grid%mu/gridmu/g" -e "s/grid%Mu/gridMu/g" -e "s/^\!.*'.*//" -e "s/^ *\!.*'.*//" isofwd.F > isofwd.G
/lib/cpp -P -nostdinc -I/glade/work/rkumar/NASA_HMA/WRFchem_HMA/inc -DEM_CORE=1 -DNMM_CORE=0 -DNMM_MAX_DIM=2600 -DCOAMPS_CORE=0 -DDA_CORE=0 -DEXP_CORE=0 -DIWORDSIZE=4 -DDWORDSIZE=8 -DRWORDSIZE=4 -DLWORDSIZE=4 -DNONSTANDARD_SYSTEM_FUNC  -DWRF_USE_CLM  -DSNICAR_FRC    -DDM_PARALLEL -DNETCDF -DUSE_ALLOCATABLES -DGRIB1 -DINTIO -DKEEP_INT_AROUND -DLIMIT_ARGS -DCONFIG_BUF_LEN=65536 -DMAX_DOMAINS_F=21 -DMAX_HISTORY=25 -DNMM_NEST=0 -DWRF_CHEM -DBUILD_CHEM=1 -DWRF_KPP -I. -traditional-cpp   isofwd.G  > isofwd.H
sed -e "s/gridmu/grid%mu/g" -e "s/gridMu/grid%Mu/g" isofwd.H > isofwd.bb
/glade/work/rkumar/NASA_HMA/WRFchem_HMA/tools/standard.exe isofwd.bb | /lib/cpp -P -nostdinc -traditional-cpp > isofwd.f90
rm -f isofwd.G isofwd.H isofwd.bb
time mpif90 -f90=ifort -o isofwd.o -c -O3 -ip -fp-model precise -w -ftz -align all -fno-alias -FR -convert big_endian    -I../dyn_em -I../dyn_nmm   -I/glade/work/rkumar/NASA_HMA/WRFchem_HMA/external/esmf_time_f90  -I/glade/work/rkumar/NASA_HMA/WRFchem_HMA/main -I/glade/work/rkumar/NASA_HMA/WRFchem_HMA/external/io_netcdf -I/glade/work/rkumar/NASA_HMA/WRFchem_HMA/external/io_int -I/glade/work/rkumar/NASA_HMA/WRFchem_HMA/frame -I/glade/work/rkumar/NASA_HMA/WRFchem_HMA/share -I/glade/work/rkumar/NASA_HMA/WRFchem_HMA/phys -I/glade/work/rkumar/NASA_HMA/WRFchem_HMA/chem -I/glade/work/rkumar/NASA_HMA/WRFchem_HMA/inc -I/glade/u/apps/ch/opt/netcdf/4.8.1/intel/19.1.1//include  -real-size `expr 8 \* 4` -i4  isofwd.f90

real	0m4.058s
user	0m3.455s
sys	0m0.577s
rm -f isorev.o
sed -e "s/grid%mu/gridmu/g" -e "s/grid%Mu/gridMu/g" -e "s/^\!.*'.*//" -e "s/^ *\!.*'.*//" isorev.F > isorev.G
/lib/cpp -P -nostdinc -I/glade/work/rkumar/NASA_HMA/WRFchem_HMA/inc -DEM_CORE=1 -DNMM_CORE=0 -DNMM_MAX_DIM=2600 -DCOAMPS_CORE=0 -DDA_CORE=0 -DEXP_CORE=0 -DIWORDSIZE=4 -DDWORDSIZE=8 -DRWORDSIZE=4 -DLWORDSIZE=4 -DNONSTANDARD_SYSTEM_FUNC  -DWRF_USE_CLM  -DSNICAR_FRC    -DDM_PARALLEL -DNETCDF -DUSE_ALLOCATABLES -DGRIB1 -DINTIO -DKEEP_INT_AROUND -DLIMIT_ARGS -DCONFIG_BUF_LEN=65536 -DMAX_DOMAINS_F=21 -DMAX_HISTORY=25 -DNMM_NEST=0 -DWRF_CHEM -DBUILD_CHEM=1 -DWRF_KPP -I. -traditional-cpp   isorev.G  > isorev.H
sed -e "s/gridmu/grid%mu/g" -e "s/gridMu/grid%Mu/g" isorev.H > isorev.bb
/glade/work/rkumar/NASA_HMA/WRFchem_HMA/tools/standard.exe isorev.bb | /lib/cpp -P -nostdinc -traditional-cpp > isorev.f90
rm -f isorev.G isorev.H isorev.bb
time mpif90 -f90=ifort -o isorev.o -c -O3 -ip -fp-model precise -w -ftz -align all -fno-alias -FR -convert big_endian    -I../dyn_em -I../dyn_nmm   -I/glade/work/rkumar/NASA_HMA/WRFchem_HMA/external/esmf_time_f90  -I/glade/work/rkumar/NASA_HMA/WRFchem_HMA/main -I/glade/work/rkumar/NASA_HMA/WRFchem_HMA/external/io_netcdf -I/glade/work/rkumar/NASA_HMA/WRFchem_HMA/external/io_int -I/glade/work/rkumar/NASA_HMA/WRFchem_HMA/frame -I/glade/work/rkumar/NASA_HMA/WRFchem_HMA/share -I/glade/work/rkumar/NASA_HMA/WRFchem_HMA/phys -I/glade/work/rkumar/NASA_HMA/WRFchem_HMA/chem -I/glade/work/rkumar/NASA_HMA/WRFchem_HMA/inc -I/glade/u/apps/ch/opt/netcdf/4.8.1/intel/19.1.1//include  -real-size `expr 8 \* 4` -i4  isorev.f90

real	0m2.445s
user	0m1.902s
sys	0m0.492s
rm -f isocom.o
sed -e "s/grid%mu/gridmu/g" -e "s/grid%Mu/gridMu/g" -e "s/^\!.*'.*//" -e "s/^ *\!.*'.*//" isocom.F > isocom.G
/lib/cpp -P -nostdinc -I/glade/work/rkumar/NASA_HMA/WRFchem_HMA/inc -DEM_CORE=1 -DNMM_CORE=0 -DNMM_MAX_DIM=2600 -DCOAMPS_CORE=0 -DDA_CORE=0 -DEXP_CORE=0 -DIWORDSIZE=4 -DDWORDSIZE=8 -DRWORDSIZE=4 -DLWORDSIZE=4 -DNONSTANDARD_SYSTEM_FUNC  -DWRF_USE_CLM  -DSNICAR_FRC    -DDM_PARALLEL -DNETCDF -DUSE_ALLOCATABLES -DGRIB1 -DINTIO -DKEEP_INT_AROUND -DLIMIT_ARGS -DCONFIG_BUF_LEN=65536 -DMAX_DOMAINS_F=21 -DMAX_HISTORY=25 -DNMM_NEST=0 -DWRF_CHEM -DBUILD_CHEM=1 -DWRF_KPP -I. -traditional-cpp   isocom.G  > isocom.H
sed -e "s/gridmu/grid%mu/g" -e "s/gridMu/grid%Mu/g" isocom.H > isocom.bb
/glade/work/rkumar/NASA_HMA/WRFchem_HMA/tools/standard.exe isocom.bb | /lib/cpp -P -nostdinc -traditional-cpp > isocom.f90
rm -f isocom.G isocom.H isocom.bb
time mpif90 -f90=ifort -o isocom.o -c -O3 -ip -fp-model precise -w -ftz -align all -fno-alias -FR -convert big_endian    -I../dyn_em -I../dyn_nmm   -I/glade/work/rkumar/NASA_HMA/WRFchem_HMA/external/esmf_time_f90  -I/glade/work/rkumar/NASA_HMA/WRFchem_HMA/main -I/glade/work/rkumar/NASA_HMA/WRFchem_HMA/external/io_netcdf -I/glade/work/rkumar/NASA_HMA/WRFchem_HMA/external/io_int -I/glade/work/rkumar/NASA_HMA/WRFchem_HMA/frame -I/glade/work/rkumar/NASA_HMA/WRFchem_HMA/share -I/glade/work/rkumar/NASA_HMA/WRFchem_HMA/phys -I/glade/work/rkumar/NASA_HMA/WRFchem_HMA/chem -I/glade/work/rkumar/NASA_HMA/WRFchem_HMA/inc -I/glade/u/apps/ch/opt/netcdf/4.8.1/intel/19.1.1//include  -real-size `expr 8 \* 4` -i4  isocom.f90

real	0m1.497s
user	0m0.879s
sys	0m0.533s
rm -f moduleHETDATA.o
sed -e "s/grid%mu/gridmu/g" -e "s/grid%Mu/gridMu/g" -e "s/^\!.*'.*//" -e "s/^ *\!.*'.*//" moduleHETDATA.F > moduleHETDATA.G
/lib/cpp -P -nostdinc -I/glade/work/rkumar/NASA_HMA/WRFchem_HMA/inc -DEM_CORE=1 -DNMM_CORE=0 -DNMM_MAX_DIM=2600 -DCOAMPS_CORE=0 -DDA_CORE=0 -DEXP_CORE=0 -DIWORDSIZE=4 -DDWORDSIZE=8 -DRWORDSIZE=4 -DLWORDSIZE=4 -DNONSTANDARD_SYSTEM_FUNC  -DWRF_USE_CLM  -DSNICAR_FRC    -DDM_PARALLEL -DNETCDF -DUSE_ALLOCATABLES -DGRIB1 -DINTIO -DKEEP_INT_AROUND -DLIMIT_ARGS -DCONFIG_BUF_LEN=65536 -DMAX_DOMAINS_F=21 -DMAX_HISTORY=25 -DNMM_NEST=0 -DWRF_CHEM -DBUILD_CHEM=1 -DWRF_KPP -I. -traditional-cpp   moduleHETDATA.G  > moduleHETDATA.H
sed -e "s/gridmu/grid%mu/g" -e "s/gridMu/grid%Mu/g" moduleHETDATA.H > moduleHETDATA.bb
/glade/work/rkumar/NASA_HMA/WRFchem_HMA/tools/standard.exe moduleHETDATA.bb | /lib/cpp -P -nostdinc -traditional-cpp > moduleHETDATA.f90
rm -f moduleHETDATA.G moduleHETDATA.H moduleHETDATA.bb
time mpif90 -f90=ifort -o moduleHETDATA.o -c -O3 -ip -fp-model precise -w -ftz -align all -fno-alias -FR -convert big_endian    -I../dyn_em -I../dyn_nmm   -I/glade/work/rkumar/NASA_HMA/WRFchem_HMA/external/esmf_time_f90  -I/glade/work/rkumar/NASA_HMA/WRFchem_HMA/main -I/glade/work/rkumar/NASA_HMA/WRFchem_HMA/external/io_netcdf -I/glade/work/rkumar/NASA_HMA/WRFchem_HMA/external/io_int -I/glade/work/rkumar/NASA_HMA/WRFchem_HMA/frame -I/glade/work/rkumar/NASA_HMA/WRFchem_HMA/share -I/glade/work/rkumar/NASA_HMA/WRFchem_HMA/phys -I/glade/work/rkumar/NASA_HMA/WRFchem_HMA/chem -I/glade/work/rkumar/NASA_HMA/WRFchem_HMA/inc -I/glade/u/apps/ch/opt/netcdf/4.8.1/intel/19.1.1//include  -real-size `expr 8 \* 4` -i4  moduleHETDATA.f90

real	0m0.593s
user	0m0.076s
sys	0m0.472s
rm -f moduleHETAERO.o
sed -e "s/grid%mu/gridmu/g" -e "s/grid%Mu/gridMu/g" -e "s/^\!.*'.*//" -e "s/^ *\!.*'.*//" moduleHETAERO.F > moduleHETAERO.G
/lib/cpp -P -nostdinc -I/glade/work/rkumar/NASA_HMA/WRFchem_HMA/inc -DEM_CORE=1 -DNMM_CORE=0 -DNMM_MAX_DIM=2600 -DCOAMPS_CORE=0 -DDA_CORE=0 -DEXP_CORE=0 -DIWORDSIZE=4 -DDWORDSIZE=8 -DRWORDSIZE=4 -DLWORDSIZE=4 -DNONSTANDARD_SYSTEM_FUNC  -DWRF_USE_CLM  -DSNICAR_FRC    -DDM_PARALLEL -DNETCDF -DUSE_ALLOCATABLES -DGRIB1 -DINTIO -DKEEP_INT_AROUND -DLIMIT_ARGS -DCONFIG_BUF_LEN=65536 -DMAX_DOMAINS_F=21 -DMAX_HISTORY=25 -DNMM_NEST=0 -DWRF_CHEM -DBUILD_CHEM=1 -DWRF_KPP -I. -traditional-cpp   moduleHETAERO.G  > moduleHETAERO.H
sed -e "s/gridmu/grid%mu/g" -e "s/gridMu/grid%Mu/g" moduleHETAERO.H > moduleHETAERO.bb
/glade/work/rkumar/NASA_HMA/WRFchem_HMA/tools/standard.exe moduleHETAERO.bb | /lib/cpp -P -nostdinc -traditional-cpp > moduleHETAERO.f90
rm -f moduleHETAERO.G moduleHETAERO.H moduleHETAERO.bb
time mpif90 -f90=ifort -o moduleHETAERO.o -c -O3 -ip -fp-model precise -w -ftz -align all -fno-alias -FR -convert big_endian    -I../dyn_em -I../dyn_nmm   -I/glade/work/rkumar/NASA_HMA/WRFchem_HMA/external/esmf_time_f90  -I/glade/work/rkumar/NASA_HMA/WRFchem_HMA/main -I/glade/work/rkumar/NASA_HMA/WRFchem_HMA/external/io_netcdf -I/glade/work/rkumar/NASA_HMA/WRFchem_HMA/external/io_int -I/glade/work/rkumar/NASA_HMA/WRFchem_HMA/frame -I/glade/work/rkumar/NASA_HMA/WRFchem_HMA/share -I/glade/work/rkumar/NASA_HMA/WRFchem_HMA/phys -I/glade/work/rkumar/NASA_HMA/WRFchem_HMA/chem -I/glade/work/rkumar/NASA_HMA/WRFchem_HMA/inc -I/glade/u/apps/ch/opt/netcdf/4.8.1/intel/19.1.1//include  -real-size `expr 8 \* 4` -i4  moduleHETAERO.f90

real	0m0.589s
user	0m0.061s
sys	0m0.476s
rm -f moduleAERODATA.o
sed -e "s/grid%mu/gridmu/g" -e "s/grid%Mu/gridMu/g" -e "s/^\!.*'.*//" -e "s/^ *\!.*'.*//" moduleAERODATA.F > moduleAERODATA.G
/lib/cpp -P -nostdinc -I/glade/work/rkumar/NASA_HMA/WRFchem_HMA/inc -DEM_CORE=1 -DNMM_CORE=0 -DNMM_MAX_DIM=2600 -DCOAMPS_CORE=0 -DDA_CORE=0 -DEXP_CORE=0 -DIWORDSIZE=4 -DDWORDSIZE=8 -DRWORDSIZE=4 -DLWORDSIZE=4 -DNONSTANDARD_SYSTEM_FUNC  -DWRF_USE_CLM  -DSNICAR_FRC    -DDM_PARALLEL -DNETCDF -DUSE_ALLOCATABLES -DGRIB1 -DINTIO -DKEEP_INT_AROUND -DLIMIT_ARGS -DCONFIG_BUF_LEN=65536 -DMAX_DOMAINS_F=21 -DMAX_HISTORY=25 -DNMM_NEST=0 -DWRF_CHEM -DBUILD_CHEM=1 -DWRF_KPP -I. -traditional-cpp   moduleAERODATA.G  > moduleAERODATA.H
sed -e "s/gridmu/grid%mu/g" -e "s/gridMu/grid%Mu/g" moduleAERODATA.H > moduleAERODATA.bb
/glade/work/rkumar/NASA_HMA/WRFchem_HMA/tools/standard.exe moduleAERODATA.bb | /lib/cpp -P -nostdinc -traditional-cpp > moduleAERODATA.f90
rm -f moduleAERODATA.G moduleAERODATA.H moduleAERODATA.bb
time mpif90 -f90=ifort -o moduleAERODATA.o -c -O3 -ip -fp-model precise -w -ftz -align all -fno-alias -FR -convert big_endian    -I../dyn_em -I../dyn_nmm   -I/glade/work/rkumar/NASA_HMA/WRFchem_HMA/external/esmf_time_f90  -I/glade/work/rkumar/NASA_HMA/WRFchem_HMA/main -I/glade/work/rkumar/NASA_HMA/WRFchem_HMA/external/io_netcdf -I/glade/work/rkumar/NASA_HMA/WRFchem_HMA/external/io_int -I/glade/work/rkumar/NASA_HMA/WRFchem_HMA/frame -I/glade/work/rkumar/NASA_HMA/WRFchem_HMA/share -I/glade/work/rkumar/NASA_HMA/WRFchem_HMA/phys -I/glade/work/rkumar/NASA_HMA/WRFchem_HMA/chem -I/glade/work/rkumar/NASA_HMA/WRFchem_HMA/inc -I/glade/u/apps/ch/opt/netcdf/4.8.1/intel/19.1.1//include  -real-size `expr 8 \* 4` -i4  moduleAERODATA.f90

real	0m0.601s
user	0m0.069s
sys	0m0.479s
rm -f aerorate_so2.o
sed -e "s/grid%mu/gridmu/g" -e "s/grid%Mu/gridMu/g" -e "s/^\!.*'.*//" -e "s/^ *\!.*'.*//" aerorate_so2.F > aerorate_so2.G
/lib/cpp -P -nostdinc -I/glade/work/rkumar/NASA_HMA/WRFchem_HMA/inc -DEM_CORE=1 -DNMM_CORE=0 -DNMM_MAX_DIM=2600 -DCOAMPS_CORE=0 -DDA_CORE=0 -DEXP_CORE=0 -DIWORDSIZE=4 -DDWORDSIZE=8 -DRWORDSIZE=4 -DLWORDSIZE=4 -DNONSTANDARD_SYSTEM_FUNC  -DWRF_USE_CLM  -DSNICAR_FRC    -DDM_PARALLEL -DNETCDF -DUSE_ALLOCATABLES -DGRIB1 -DINTIO -DKEEP_INT_AROUND -DLIMIT_ARGS -DCONFIG_BUF_LEN=65536 -DMAX_DOMAINS_F=21 -DMAX_HISTORY=25 -DNMM_NEST=0 -DWRF_CHEM -DBUILD_CHEM=1 -DWRF_KPP -I. -traditional-cpp   aerorate_so2.G  > aerorate_so2.H
sed -e "s/gridmu/grid%mu/g" -e "s/gridMu/grid%Mu/g" aerorate_so2.H > aerorate_so2.bb
/glade/work/rkumar/NASA_HMA/WRFchem_HMA/tools/standard.exe aerorate_so2.bb | /lib/cpp -P -nostdinc -traditional-cpp > aerorate_so2.f90
rm -f aerorate_so2.G aerorate_so2.H aerorate_so2.bb
time mpif90 -f90=ifort -o aerorate_so2.o -c -O3 -ip -fp-model precise -w -ftz -align all -fno-alias -FR -convert big_endian    -I../dyn_em -I../dyn_nmm   -I/glade/work/rkumar/NASA_HMA/WRFchem_HMA/external/esmf_time_f90  -I/glade/work/rkumar/NASA_HMA/WRFchem_HMA/main -I/glade/work/rkumar/NASA_HMA/WRFchem_HMA/external/io_netcdf -I/glade/work/rkumar/NASA_HMA/WRFchem_HMA/external/io_int -I/glade/work/rkumar/NASA_HMA/WRFchem_HMA/frame -I/glade/work/rkumar/NASA_HMA/WRFchem_HMA/share -I/glade/work/rkumar/NASA_HMA/WRFchem_HMA/phys -I/glade/work/rkumar/NASA_HMA/WRFchem_HMA/chem -I/glade/work/rkumar/NASA_HMA/WRFchem_HMA/inc -I/glade/u/apps/ch/opt/netcdf/4.8.1/intel/19.1.1//include  -real-size `expr 8 \* 4` -i4  aerorate_so2.f90

real	0m0.632s
user	0m0.078s
sys	0m0.503s
rm -f module_aer_opt_out.o
sed -e "s/grid%mu/gridmu/g" -e "s/grid%Mu/gridMu/g" -e "s/^\!.*'.*//" -e "s/^ *\!.*'.*//" module_aer_opt_out.F > module_aer_opt_out.G
/lib/cpp -P -nostdinc -I/glade/work/rkumar/NASA_HMA/WRFchem_HMA/inc -DEM_CORE=1 -DNMM_CORE=0 -DNMM_MAX_DIM=2600 -DCOAMPS_CORE=0 -DDA_CORE=0 -DEXP_CORE=0 -DIWORDSIZE=4 -DDWORDSIZE=8 -DRWORDSIZE=4 -DLWORDSIZE=4 -DNONSTANDARD_SYSTEM_FUNC  -DWRF_USE_CLM  -DSNICAR_FRC    -DDM_PARALLEL -DNETCDF -DUSE_ALLOCATABLES -DGRIB1 -DINTIO -DKEEP_INT_AROUND -DLIMIT_ARGS -DCONFIG_BUF_LEN=65536 -DMAX_DOMAINS_F=21 -DMAX_HISTORY=25 -DNMM_NEST=0 -DWRF_CHEM -DBUILD_CHEM=1 -DWRF_KPP -I. -traditional-cpp   module_aer_opt_out.G  > module_aer_opt_out.H
sed -e "s/gridmu/grid%mu/g" -e "s/gridMu/grid%Mu/g" module_aer_opt_out.H > module_aer_opt_out.bb
/glade/work/rkumar/NASA_HMA/WRFchem_HMA/tools/standard.exe module_aer_opt_out.bb | /lib/cpp -P -nostdinc -traditional-cpp > module_aer_opt_out.f90
rm -f module_aer_opt_out.G module_aer_opt_out.H module_aer_opt_out.bb
time mpif90 -f90=ifort -o module_aer_opt_out.o -c -O3 -ip -fp-model precise -w -ftz -align all -fno-alias -FR -convert big_endian    -I../dyn_em -I../dyn_nmm   -I/glade/work/rkumar/NASA_HMA/WRFchem_HMA/external/esmf_time_f90  -I/glade/work/rkumar/NASA_HMA/WRFchem_HMA/main -I/glade/work/rkumar/NASA_HMA/WRFchem_HMA/external/io_netcdf -I/glade/work/rkumar/NASA_HMA/WRFchem_HMA/external/io_int -I/glade/work/rkumar/NASA_HMA/WRFchem_HMA/frame -I/glade/work/rkumar/NASA_HMA/WRFchem_HMA/share -I/glade/work/rkumar/NASA_HMA/WRFchem_HMA/phys -I/glade/work/rkumar/NASA_HMA/WRFchem_HMA/chem -I/glade/work/rkumar/NASA_HMA/WRFchem_HMA/inc -I/glade/u/apps/ch/opt/netcdf/4.8.1/intel/19.1.1//include  -real-size `expr 8 \* 4` -i4  module_aer_opt_out.f90

real	0m0.702s
user	0m0.137s
sys	0m0.542s
rm -f module_add_emiss_burn.o
sed -e "s/grid%mu/gridmu/g" -e "s/grid%Mu/gridMu/g" -e "s/^\!.*'.*//" -e "s/^ *\!.*'.*//" module_add_emiss_burn.F > module_add_emiss_burn.G
/lib/cpp -P -nostdinc -I/glade/work/rkumar/NASA_HMA/WRFchem_HMA/inc -DEM_CORE=1 -DNMM_CORE=0 -DNMM_MAX_DIM=2600 -DCOAMPS_CORE=0 -DDA_CORE=0 -DEXP_CORE=0 -DIWORDSIZE=4 -DDWORDSIZE=8 -DRWORDSIZE=4 -DLWORDSIZE=4 -DNONSTANDARD_SYSTEM_FUNC  -DWRF_USE_CLM  -DSNICAR_FRC    -DDM_PARALLEL -DNETCDF -DUSE_ALLOCATABLES -DGRIB1 -DINTIO -DKEEP_INT_AROUND -DLIMIT_ARGS -DCONFIG_BUF_LEN=65536 -DMAX_DOMAINS_F=21 -DMAX_HISTORY=25 -DNMM_NEST=0 -DWRF_CHEM -DBUILD_CHEM=1 -DWRF_KPP -I. -traditional-cpp   module_add_emiss_burn.G  > module_add_emiss_burn.H
sed -e "s/gridmu/grid%mu/g" -e "s/gridMu/grid%Mu/g" module_add_emiss_burn.H > module_add_emiss_burn.bb
/glade/work/rkumar/NASA_HMA/WRFchem_HMA/tools/standard.exe module_add_emiss_burn.bb | /lib/cpp -P -nostdinc -traditional-cpp > module_add_emiss_burn.f90
rm -f module_add_emiss_burn.G module_add_emiss_burn.H module_add_emiss_burn.bb
time mpif90 -f90=ifort -o module_add_emiss_burn.o -c -O3 -ip -fp-model precise -w -ftz -align all -fno-alias -FR -convert big_endian    -I../dyn_em -I../dyn_nmm   -I/glade/work/rkumar/NASA_HMA/WRFchem_HMA/external/esmf_time_f90  -I/glade/work/rkumar/NASA_HMA/WRFchem_HMA/main -I/glade/work/rkumar/NASA_HMA/WRFchem_HMA/external/io_netcdf -I/glade/work/rkumar/NASA_HMA/WRFchem_HMA/external/io_int -I/glade/work/rkumar/NASA_HMA/WRFchem_HMA/frame -I/glade/work/rkumar/NASA_HMA/WRFchem_HMA/share -I/glade/work/rkumar/NASA_HMA/WRFchem_HMA/phys -I/glade/work/rkumar/NASA_HMA/WRFchem_HMA/chem -I/glade/work/rkumar/NASA_HMA/WRFchem_HMA/inc -I/glade/u/apps/ch/opt/netcdf/4.8.1/intel/19.1.1//include  -real-size `expr 8 \* 4` -i4  module_add_emiss_burn.f90

real	0m5.537s
user	0m4.857s
sys	0m0.630s
rm -f module_add_emis_cptec.o
sed -e "s/grid%mu/gridmu/g" -e "s/grid%Mu/gridMu/g" -e "s/^\!.*'.*//" -e "s/^ *\!.*'.*//" module_add_emis_cptec.F > module_add_emis_cptec.G
/lib/cpp -P -nostdinc -I/glade/work/rkumar/NASA_HMA/WRFchem_HMA/inc -DEM_CORE=1 -DNMM_CORE=0 -DNMM_MAX_DIM=2600 -DCOAMPS_CORE=0 -DDA_CORE=0 -DEXP_CORE=0 -DIWORDSIZE=4 -DDWORDSIZE=8 -DRWORDSIZE=4 -DLWORDSIZE=4 -DNONSTANDARD_SYSTEM_FUNC  -DWRF_USE_CLM  -DSNICAR_FRC    -DDM_PARALLEL -DNETCDF -DUSE_ALLOCATABLES -DGRIB1 -DINTIO -DKEEP_INT_AROUND -DLIMIT_ARGS -DCONFIG_BUF_LEN=65536 -DMAX_DOMAINS_F=21 -DMAX_HISTORY=25 -DNMM_NEST=0 -DWRF_CHEM -DBUILD_CHEM=1 -DWRF_KPP -I. -traditional-cpp   module_add_emis_cptec.G  > module_add_emis_cptec.H
sed -e "s/gridmu/grid%mu/g" -e "s/gridMu/grid%Mu/g" module_add_emis_cptec.H > module_add_emis_cptec.bb
/glade/work/rkumar/NASA_HMA/WRFchem_HMA/tools/standard.exe module_add_emis_cptec.bb | /lib/cpp -P -nostdinc -traditional-cpp > module_add_emis_cptec.f90
rm -f module_add_emis_cptec.G module_add_emis_cptec.H module_add_emis_cptec.bb
time mpif90 -f90=ifort -o module_add_emis_cptec.o -c -O3 -ip -fp-model precise -w -ftz -align all -fno-alias -FR -convert big_endian    -I../dyn_em -I../dyn_nmm   -I/glade/work/rkumar/NASA_HMA/WRFchem_HMA/external/esmf_time_f90  -I/glade/work/rkumar/NASA_HMA/WRFchem_HMA/main -I/glade/work/rkumar/NASA_HMA/WRFchem_HMA/external/io_netcdf -I/glade/work/rkumar/NASA_HMA/WRFchem_HMA/external/io_int -I/glade/work/rkumar/NASA_HMA/WRFchem_HMA/frame -I/glade/work/rkumar/NASA_HMA/WRFchem_HMA/share -I/glade/work/rkumar/NASA_HMA/WRFchem_HMA/phys -I/glade/work/rkumar/NASA_HMA/WRFchem_HMA/chem -I/glade/work/rkumar/NASA_HMA/WRFchem_HMA/inc -I/glade/u/apps/ch/opt/netcdf/4.8.1/intel/19.1.1//include  -real-size `expr 8 \* 4` -i4  module_add_emis_cptec.f90

real	0m3.703s
user	0m3.090s
sys	0m0.558s
rm -f module_bioemi_beis314.o
sed -e "s/grid%mu/gridmu/g" -e "s/grid%Mu/gridMu/g" -e "s/^\!.*'.*//" -e "s/^ *\!.*'.*//" module_bioemi_beis314.F > module_bioemi_beis314.G
/lib/cpp -P -nostdinc -I/glade/work/rkumar/NASA_HMA/WRFchem_HMA/inc -DEM_CORE=1 -DNMM_CORE=0 -DNMM_MAX_DIM=2600 -DCOAMPS_CORE=0 -DDA_CORE=0 -DEXP_CORE=0 -DIWORDSIZE=4 -DDWORDSIZE=8 -DRWORDSIZE=4 -DLWORDSIZE=4 -DNONSTANDARD_SYSTEM_FUNC  -DWRF_USE_CLM  -DSNICAR_FRC    -DDM_PARALLEL -DNETCDF -DUSE_ALLOCATABLES -DGRIB1 -DINTIO -DKEEP_INT_AROUND -DLIMIT_ARGS -DCONFIG_BUF_LEN=65536 -DMAX_DOMAINS_F=21 -DMAX_HISTORY=25 -DNMM_NEST=0 -DWRF_CHEM -DBUILD_CHEM=1 -DWRF_KPP -I. -traditional-cpp   module_bioemi_beis314.G  > module_bioemi_beis314.H
sed -e "s/gridmu/grid%mu/g" -e "s/gridMu/grid%Mu/g" module_bioemi_beis314.H > module_bioemi_beis314.bb
/glade/work/rkumar/NASA_HMA/WRFchem_HMA/tools/standard.exe module_bioemi_beis314.bb | /lib/cpp -P -nostdinc -traditional-cpp > module_bioemi_beis314.f90
rm -f module_bioemi_beis314.G module_bioemi_beis314.H module_bioemi_beis314.bb
time mpif90 -f90=ifort -o module_bioemi_beis314.o -c -O3 -ip -fp-model precise -w -ftz -align all -fno-alias -FR -convert big_endian    -I../dyn_em -I../dyn_nmm   -I/glade/work/rkumar/NASA_HMA/WRFchem_HMA/external/esmf_time_f90  -I/glade/work/rkumar/NASA_HMA/WRFchem_HMA/main -I/glade/work/rkumar/NASA_HMA/WRFchem_HMA/external/io_netcdf -I/glade/work/rkumar/NASA_HMA/WRFchem_HMA/external/io_int -I/glade/work/rkumar/NASA_HMA/WRFchem_HMA/frame -I/glade/work/rkumar/NASA_HMA/WRFchem_HMA/share -I/glade/work/rkumar/NASA_HMA/WRFchem_HMA/phys -I/glade/work/rkumar/NASA_HMA/WRFchem_HMA/chem -I/glade/work/rkumar/NASA_HMA/WRFchem_HMA/inc -I/glade/u/apps/ch/opt/netcdf/4.8.1/intel/19.1.1//include  -real-size `expr 8 \* 4` -i4  module_bioemi_beis314.f90

real	0m0.958s
user	0m0.321s
sys	0m0.518s
rm -f module_chem_utilities.o
sed -e "s/grid%mu/gridmu/g" -e "s/grid%Mu/gridMu/g" -e "s/^\!.*'.*//" -e "s/^ *\!.*'.*//" module_chem_utilities.F > module_chem_utilities.G
/lib/cpp -P -nostdinc -I/glade/work/rkumar/NASA_HMA/WRFchem_HMA/inc -DEM_CORE=1 -DNMM_CORE=0 -DNMM_MAX_DIM=2600 -DCOAMPS_CORE=0 -DDA_CORE=0 -DEXP_CORE=0 -DIWORDSIZE=4 -DDWORDSIZE=8 -DRWORDSIZE=4 -DLWORDSIZE=4 -DNONSTANDARD_SYSTEM_FUNC  -DWRF_USE_CLM  -DSNICAR_FRC    -DDM_PARALLEL -DNETCDF -DUSE_ALLOCATABLES -DGRIB1 -DINTIO -DKEEP_INT_AROUND -DLIMIT_ARGS -DCONFIG_BUF_LEN=65536 -DMAX_DOMAINS_F=21 -DMAX_HISTORY=25 -DNMM_NEST=0 -DWRF_CHEM -DBUILD_CHEM=1 -DWRF_KPP -I. -traditional-cpp   module_chem_utilities.G  > module_chem_utilities.H
sed -e "s/gridmu/grid%mu/g" -e "s/gridMu/grid%Mu/g" module_chem_utilities.H > module_chem_utilities.bb
/glade/work/rkumar/NASA_HMA/WRFchem_HMA/tools/standard.exe module_chem_utilities.bb | /lib/cpp -P -nostdinc -traditional-cpp > module_chem_utilities.f90
rm -f module_chem_utilities.G module_chem_utilities.H module_chem_utilities.bb
time mpif90 -f90=ifort -o module_chem_utilities.o -c -O3 -ip -fp-model precise -w -ftz -align all -fno-alias -FR -convert big_endian    -I../dyn_em -I../dyn_nmm   -I/glade/work/rkumar/NASA_HMA/WRFchem_HMA/external/esmf_time_f90  -I/glade/work/rkumar/NASA_HMA/WRFchem_HMA/main -I/glade/work/rkumar/NASA_HMA/WRFchem_HMA/external/io_netcdf -I/glade/work/rkumar/NASA_HMA/WRFchem_HMA/external/io_int -I/glade/work/rkumar/NASA_HMA/WRFchem_HMA/frame -I/glade/work/rkumar/NASA_HMA/WRFchem_HMA/share -I/glade/work/rkumar/NASA_HMA/WRFchem_HMA/phys -I/glade/work/rkumar/NASA_HMA/WRFchem_HMA/chem -I/glade/work/rkumar/NASA_HMA/WRFchem_HMA/inc -I/glade/u/apps/ch/opt/netcdf/4.8.1/intel/19.1.1//include  -real-size `expr 8 \* 4` -i4  module_chem_utilities.f90

real	0m1.840s
user	0m1.307s
sys	0m0.476s
rm -f module_cmu_dvode_solver.o
sed -e "s/grid%mu/gridmu/g" -e "s/grid%Mu/gridMu/g" -e "s/^\!.*'.*//" -e "s/^ *\!.*'.*//" module_cmu_dvode_solver.F > module_cmu_dvode_solver.G
/lib/cpp -P -nostdinc -I/glade/work/rkumar/NASA_HMA/WRFchem_HMA/inc -DEM_CORE=1 -DNMM_CORE=0 -DNMM_MAX_DIM=2600 -DCOAMPS_CORE=0 -DDA_CORE=0 -DEXP_CORE=0 -DIWORDSIZE=4 -DDWORDSIZE=8 -DRWORDSIZE=4 -DLWORDSIZE=4 -DNONSTANDARD_SYSTEM_FUNC  -DWRF_USE_CLM  -DSNICAR_FRC    -DDM_PARALLEL -DNETCDF -DUSE_ALLOCATABLES -DGRIB1 -DINTIO -DKEEP_INT_AROUND -DLIMIT_ARGS -DCONFIG_BUF_LEN=65536 -DMAX_DOMAINS_F=21 -DMAX_HISTORY=25 -DNMM_NEST=0 -DWRF_CHEM -DBUILD_CHEM=1 -DWRF_KPP -I. -traditional-cpp   module_cmu_dvode_solver.G  > module_cmu_dvode_solver.H
sed -e "s/gridmu/grid%mu/g" -e "s/gridMu/grid%Mu/g" module_cmu_dvode_solver.H > module_cmu_dvode_solver.bb
/glade/work/rkumar/NASA_HMA/WRFchem_HMA/tools/standard.exe module_cmu_dvode_solver.bb | /lib/cpp -P -nostdinc -traditional-cpp > module_cmu_dvode_solver.f90
rm -f module_cmu_dvode_solver.G module_cmu_dvode_solver.H module_cmu_dvode_solver.bb
time mpif90 -f90=ifort -o module_cmu_dvode_solver.o -c -O3 -ip -fp-model precise -w -ftz -align all -fno-alias -FR -convert big_endian    -I../dyn_em -I../dyn_nmm   -I/glade/work/rkumar/NASA_HMA/WRFchem_HMA/external/esmf_time_f90  -I/glade/work/rkumar/NASA_HMA/WRFchem_HMA/main -I/glade/work/rkumar/NASA_HMA/WRFchem_HMA/external/io_netcdf -I/glade/work/rkumar/NASA_HMA/WRFchem_HMA/external/io_int -I/glade/work/rkumar/NASA_HMA/WRFchem_HMA/frame -I/glade/work/rkumar/NASA_HMA/WRFchem_HMA/share -I/glade/work/rkumar/NASA_HMA/WRFchem_HMA/phys -I/glade/work/rkumar/NASA_HMA/WRFchem_HMA/chem -I/glade/work/rkumar/NASA_HMA/WRFchem_HMA/inc -I/glade/u/apps/ch/opt/netcdf/4.8.1/intel/19.1.1//include  -real-size `expr 8 \* 4` -i4  module_cmu_dvode_solver.f90

real	0m4.834s
user	0m4.256s
sys	0m0.520s
rm -f module_ctrans_aqchem.o
sed -e "s/grid%mu/gridmu/g" -e "s/grid%Mu/gridMu/g" -e "s/^\!.*'.*//" -e "s/^ *\!.*'.*//" module_ctrans_aqchem.F > module_ctrans_aqchem.G
/lib/cpp -P -nostdinc -I/glade/work/rkumar/NASA_HMA/WRFchem_HMA/inc -DEM_CORE=1 -DNMM_CORE=0 -DNMM_MAX_DIM=2600 -DCOAMPS_CORE=0 -DDA_CORE=0 -DEXP_CORE=0 -DIWORDSIZE=4 -DDWORDSIZE=8 -DRWORDSIZE=4 -DLWORDSIZE=4 -DNONSTANDARD_SYSTEM_FUNC  -DWRF_USE_CLM  -DSNICAR_FRC    -DDM_PARALLEL -DNETCDF -DUSE_ALLOCATABLES -DGRIB1 -DINTIO -DKEEP_INT_AROUND -DLIMIT_ARGS -DCONFIG_BUF_LEN=65536 -DMAX_DOMAINS_F=21 -DMAX_HISTORY=25 -DNMM_NEST=0 -DWRF_CHEM -DBUILD_CHEM=1 -DWRF_KPP -I. -traditional-cpp   module_ctrans_aqchem.G  > module_ctrans_aqchem.H
sed -e "s/gridmu/grid%mu/g" -e "s/gridMu/grid%Mu/g" module_ctrans_aqchem.H > module_ctrans_aqchem.bb
/glade/work/rkumar/NASA_HMA/WRFchem_HMA/tools/standard.exe module_ctrans_aqchem.bb | /lib/cpp -P -nostdinc -traditional-cpp > module_ctrans_aqchem.f90
rm -f module_ctrans_aqchem.G module_ctrans_aqchem.H module_ctrans_aqchem.bb
time mpif90 -f90=ifort -o module_ctrans_aqchem.o -c -O3 -ip -fp-model precise -w -ftz -align all -fno-alias -FR -convert big_endian    -I../dyn_em -I../dyn_nmm   -I/glade/work/rkumar/NASA_HMA/WRFchem_HMA/external/esmf_time_f90  -I/glade/work/rkumar/NASA_HMA/WRFchem_HMA/main -I/glade/work/rkumar/NASA_HMA/WRFchem_HMA/external/io_netcdf -I/glade/work/rkumar/NASA_HMA/WRFchem_HMA/external/io_int -I/glade/work/rkumar/NASA_HMA/WRFchem_HMA/frame -I/glade/work/rkumar/NASA_HMA/WRFchem_HMA/share -I/glade/work/rkumar/NASA_HMA/WRFchem_HMA/phys -I/glade/work/rkumar/NASA_HMA/WRFchem_HMA/chem -I/glade/work/rkumar/NASA_HMA/WRFchem_HMA/inc -I/glade/u/apps/ch/opt/netcdf/4.8.1/intel/19.1.1//include  -real-size `expr 8 \* 4` -i4  module_ctrans_aqchem.f90

real	0m1.157s
user	0m0.609s
sys	0m0.524s
rm -f module_peg_util.o
sed -e "s/grid%mu/gridmu/g" -e "s/grid%Mu/gridMu/g" -e "s/^\!.*'.*//" -e "s/^ *\!.*'.*//" module_peg_util.F > module_peg_util.G
/lib/cpp -P -nostdinc -I/glade/work/rkumar/NASA_HMA/WRFchem_HMA/inc -DEM_CORE=1 -DNMM_CORE=0 -DNMM_MAX_DIM=2600 -DCOAMPS_CORE=0 -DDA_CORE=0 -DEXP_CORE=0 -DIWORDSIZE=4 -DDWORDSIZE=8 -DRWORDSIZE=4 -DLWORDSIZE=4 -DNONSTANDARD_SYSTEM_FUNC  -DWRF_USE_CLM  -DSNICAR_FRC    -DDM_PARALLEL -DNETCDF -DUSE_ALLOCATABLES -DGRIB1 -DINTIO -DKEEP_INT_AROUND -DLIMIT_ARGS -DCONFIG_BUF_LEN=65536 -DMAX_DOMAINS_F=21 -DMAX_HISTORY=25 -DNMM_NEST=0 -DWRF_CHEM -DBUILD_CHEM=1 -DWRF_KPP -I. -traditional-cpp   module_peg_util.G  > module_peg_util.H
sed -e "s/gridmu/grid%mu/g" -e "s/gridMu/grid%Mu/g" module_peg_util.H > module_peg_util.bb
/glade/work/rkumar/NASA_HMA/WRFchem_HMA/tools/standard.exe module_peg_util.bb | /lib/cpp -P -nostdinc -traditional-cpp > module_peg_util.f90
rm -f module_peg_util.G module_peg_util.H module_peg_util.bb
time mpif90 -f90=ifort -o module_peg_util.o -c -O3 -ip -fp-model precise -w -ftz -align all -fno-alias -FR -convert big_endian    -I../dyn_em -I../dyn_nmm   -I/glade/work/rkumar/NASA_HMA/WRFchem_HMA/external/esmf_time_f90  -I/glade/work/rkumar/NASA_HMA/WRFchem_HMA/main -I/glade/work/rkumar/NASA_HMA/WRFchem_HMA/external/io_netcdf -I/glade/work/rkumar/NASA_HMA/WRFchem_HMA/external/io_int -I/glade/work/rkumar/NASA_HMA/WRFchem_HMA/frame -I/glade/work/rkumar/NASA_HMA/WRFchem_HMA/share -I/glade/work/rkumar/NASA_HMA/WRFchem_HMA/phys -I/glade/work/rkumar/NASA_HMA/WRFchem_HMA/chem -I/glade/work/rkumar/NASA_HMA/WRFchem_HMA/inc -I/glade/u/apps/ch/opt/netcdf/4.8.1/intel/19.1.1//include  -real-size `expr 8 \* 4` -i4  module_peg_util.f90

real	0m0.634s
user	0m0.072s
sys	0m0.486s
rm -f module_data_cbmz.o
sed -e "s/grid%mu/gridmu/g" -e "s/grid%Mu/gridMu/g" -e "s/^\!.*'.*//" -e "s/^ *\!.*'.*//" module_data_cbmz.F > module_data_cbmz.G
/lib/cpp -P -nostdinc -I/glade/work/rkumar/NASA_HMA/WRFchem_HMA/inc -DEM_CORE=1 -DNMM_CORE=0 -DNMM_MAX_DIM=2600 -DCOAMPS_CORE=0 -DDA_CORE=0 -DEXP_CORE=0 -DIWORDSIZE=4 -DDWORDSIZE=8 -DRWORDSIZE=4 -DLWORDSIZE=4 -DNONSTANDARD_SYSTEM_FUNC  -DWRF_USE_CLM  -DSNICAR_FRC    -DDM_PARALLEL -DNETCDF -DUSE_ALLOCATABLES -DGRIB1 -DINTIO -DKEEP_INT_AROUND -DLIMIT_ARGS -DCONFIG_BUF_LEN=65536 -DMAX_DOMAINS_F=21 -DMAX_HISTORY=25 -DNMM_NEST=0 -DWRF_CHEM -DBUILD_CHEM=1 -DWRF_KPP -I. -traditional-cpp   module_data_cbmz.G  > module_data_cbmz.H
sed -e "s/gridmu/grid%mu/g" -e "s/gridMu/grid%Mu/g" module_data_cbmz.H > module_data_cbmz.bb
/glade/work/rkumar/NASA_HMA/WRFchem_HMA/tools/standard.exe module_data_cbmz.bb | /lib/cpp -P -nostdinc -traditional-cpp > module_data_cbmz.f90
rm -f module_data_cbmz.G module_data_cbmz.H module_data_cbmz.bb
time mpif90 -f90=ifort -o module_data_cbmz.o -c -O3 -ip -fp-model precise -w -ftz -align all -fno-alias -FR -convert big_endian    -I../dyn_em -I../dyn_nmm   -I/glade/work/rkumar/NASA_HMA/WRFchem_HMA/external/esmf_time_f90  -I/glade/work/rkumar/NASA_HMA/WRFchem_HMA/main -I/glade/work/rkumar/NASA_HMA/WRFchem_HMA/external/io_netcdf -I/glade/work/rkumar/NASA_HMA/WRFchem_HMA/external/io_int -I/glade/work/rkumar/NASA_HMA/WRFchem_HMA/frame -I/glade/work/rkumar/NASA_HMA/WRFchem_HMA/share -I/glade/work/rkumar/NASA_HMA/WRFchem_HMA/phys -I/glade/work/rkumar/NASA_HMA/WRFchem_HMA/chem -I/glade/work/rkumar/NASA_HMA/WRFchem_HMA/inc -I/glade/u/apps/ch/opt/netcdf/4.8.1/intel/19.1.1//include  -real-size `expr 8 \* 4` -i4  module_data_cbmz.f90

real	0m0.602s
user	0m0.066s
sys	0m0.476s
rm -f module_data_cmu_bulkaqchem.o
sed -e "s/grid%mu/gridmu/g" -e "s/grid%Mu/gridMu/g" -e "s/^\!.*'.*//" -e "s/^ *\!.*'.*//" module_data_cmu_bulkaqchem.F > module_data_cmu_bulkaqchem.G
/lib/cpp -P -nostdinc -I/glade/work/rkumar/NASA_HMA/WRFchem_HMA/inc -DEM_CORE=1 -DNMM_CORE=0 -DNMM_MAX_DIM=2600 -DCOAMPS_CORE=0 -DDA_CORE=0 -DEXP_CORE=0 -DIWORDSIZE=4 -DDWORDSIZE=8 -DRWORDSIZE=4 -DLWORDSIZE=4 -DNONSTANDARD_SYSTEM_FUNC  -DWRF_USE_CLM  -DSNICAR_FRC    -DDM_PARALLEL -DNETCDF -DUSE_ALLOCATABLES -DGRIB1 -DINTIO -DKEEP_INT_AROUND -DLIMIT_ARGS -DCONFIG_BUF_LEN=65536 -DMAX_DOMAINS_F=21 -DMAX_HISTORY=25 -DNMM_NEST=0 -DWRF_CHEM -DBUILD_CHEM=1 -DWRF_KPP -I. -traditional-cpp   module_data_cmu_bulkaqchem.G  > module_data_cmu_bulkaqchem.H
sed -e "s/gridmu/grid%mu/g" -e "s/gridMu/grid%Mu/g" module_data_cmu_bulkaqchem.H > module_data_cmu_bulkaqchem.bb
/glade/work/rkumar/NASA_HMA/WRFchem_HMA/tools/standard.exe module_data_cmu_bulkaqchem.bb | /lib/cpp -P -nostdinc -traditional-cpp > module_data_cmu_bulkaqchem.f90
rm -f module_data_cmu_bulkaqchem.G module_data_cmu_bulkaqchem.H module_data_cmu_bulkaqchem.bb
time mpif90 -f90=ifort -o module_data_cmu_bulkaqchem.o -c -O3 -ip -fp-model precise -w -ftz -align all -fno-alias -FR -convert big_endian    -I../dyn_em -I../dyn_nmm   -I/glade/work/rkumar/NASA_HMA/WRFchem_HMA/external/esmf_time_f90  -I/glade/work/rkumar/NASA_HMA/WRFchem_HMA/main -I/glade/work/rkumar/NASA_HMA/WRFchem_HMA/external/io_netcdf -I/glade/work/rkumar/NASA_HMA/WRFchem_HMA/external/io_int -I/glade/work/rkumar/NASA_HMA/WRFchem_HMA/frame -I/glade/work/rkumar/NASA_HMA/WRFchem_HMA/share -I/glade/work/rkumar/NASA_HMA/WRFchem_HMA/phys -I/glade/work/rkumar/NASA_HMA/WRFchem_HMA/chem -I/glade/work/rkumar/NASA_HMA/WRFchem_HMA/inc -I/glade/u/apps/ch/opt/netcdf/4.8.1/intel/19.1.1//include  -real-size `expr 8 \* 4` -i4  module_data_cmu_bulkaqchem.f90

real	0m0.626s
user	0m0.079s
sys	0m0.512s
rm -f module_data_gocartchem.o
sed -e "s/grid%mu/gridmu/g" -e "s/grid%Mu/gridMu/g" -e "s/^\!.*'.*//" -e "s/^ *\!.*'.*//" module_data_gocartchem.F > module_data_gocartchem.G
/lib/cpp -P -nostdinc -I/glade/work/rkumar/NASA_HMA/WRFchem_HMA/inc -DEM_CORE=1 -DNMM_CORE=0 -DNMM_MAX_DIM=2600 -DCOAMPS_CORE=0 -DDA_CORE=0 -DEXP_CORE=0 -DIWORDSIZE=4 -DDWORDSIZE=8 -DRWORDSIZE=4 -DLWORDSIZE=4 -DNONSTANDARD_SYSTEM_FUNC  -DWRF_USE_CLM  -DSNICAR_FRC    -DDM_PARALLEL -DNETCDF -DUSE_ALLOCATABLES -DGRIB1 -DINTIO -DKEEP_INT_AROUND -DLIMIT_ARGS -DCONFIG_BUF_LEN=65536 -DMAX_DOMAINS_F=21 -DMAX_HISTORY=25 -DNMM_NEST=0 -DWRF_CHEM -DBUILD_CHEM=1 -DWRF_KPP -I. -traditional-cpp   module_data_gocartchem.G  > module_data_gocartchem.H
sed -e "s/gridmu/grid%mu/g" -e "s/gridMu/grid%Mu/g" module_data_gocartchem.H > module_data_gocartchem.bb
/glade/work/rkumar/NASA_HMA/WRFchem_HMA/tools/standard.exe module_data_gocartchem.bb | /lib/cpp -P -nostdinc -traditional-cpp > module_data_gocartchem.f90
rm -f module_data_gocartchem.G module_data_gocartchem.H module_data_gocartchem.bb
time mpif90 -f90=ifort -o module_data_gocartchem.o -c -O3 -ip -fp-model precise -w -ftz -align all -fno-alias -FR -convert big_endian    -I../dyn_em -I../dyn_nmm   -I/glade/work/rkumar/NASA_HMA/WRFchem_HMA/external/esmf_time_f90  -I/glade/work/rkumar/NASA_HMA/WRFchem_HMA/main -I/glade/work/rkumar/NASA_HMA/WRFchem_HMA/external/io_netcdf -I/glade/work/rkumar/NASA_HMA/WRFchem_HMA/external/io_int -I/glade/work/rkumar/NASA_HMA/WRFchem_HMA/frame -I/glade/work/rkumar/NASA_HMA/WRFchem_HMA/share -I/glade/work/rkumar/NASA_HMA/WRFchem_HMA/phys -I/glade/work/rkumar/NASA_HMA/WRFchem_HMA/chem -I/glade/work/rkumar/NASA_HMA/WRFchem_HMA/inc -I/glade/u/apps/ch/opt/netcdf/4.8.1/intel/19.1.1//include  -real-size `expr 8 \* 4` -i4  module_data_gocartchem.f90

real	0m0.626s
user	0m0.035s
sys	0m0.538s
rm -f module_data_gocart_seas.o
sed -e "s/grid%mu/gridmu/g" -e "s/grid%Mu/gridMu/g" -e "s/^\!.*'.*//" -e "s/^ *\!.*'.*//" module_data_gocart_seas.F > module_data_gocart_seas.G
/lib/cpp -P -nostdinc -I/glade/work/rkumar/NASA_HMA/WRFchem_HMA/inc -DEM_CORE=1 -DNMM_CORE=0 -DNMM_MAX_DIM=2600 -DCOAMPS_CORE=0 -DDA_CORE=0 -DEXP_CORE=0 -DIWORDSIZE=4 -DDWORDSIZE=8 -DRWORDSIZE=4 -DLWORDSIZE=4 -DNONSTANDARD_SYSTEM_FUNC  -DWRF_USE_CLM  -DSNICAR_FRC    -DDM_PARALLEL -DNETCDF -DUSE_ALLOCATABLES -DGRIB1 -DINTIO -DKEEP_INT_AROUND -DLIMIT_ARGS -DCONFIG_BUF_LEN=65536 -DMAX_DOMAINS_F=21 -DMAX_HISTORY=25 -DNMM_NEST=0 -DWRF_CHEM -DBUILD_CHEM=1 -DWRF_KPP -I. -traditional-cpp   module_data_gocart_seas.G  > module_data_gocart_seas.H
sed -e "s/gridmu/grid%mu/g" -e "s/gridMu/grid%Mu/g" module_data_gocart_seas.H > module_data_gocart_seas.bb
/glade/work/rkumar/NASA_HMA/WRFchem_HMA/tools/standard.exe module_data_gocart_seas.bb | /lib/cpp -P -nostdinc -traditional-cpp > module_data_gocart_seas.f90
rm -f module_data_gocart_seas.G module_data_gocart_seas.H module_data_gocart_seas.bb
time mpif90 -f90=ifort -o module_data_gocart_seas.o -c -O3 -ip -fp-model precise -w -ftz -align all -fno-alias -FR -convert big_endian    -I../dyn_em -I../dyn_nmm   -I/glade/work/rkumar/NASA_HMA/WRFchem_HMA/external/esmf_time_f90  -I/glade/work/rkumar/NASA_HMA/WRFchem_HMA/main -I/glade/work/rkumar/NASA_HMA/WRFchem_HMA/external/io_netcdf -I/glade/work/rkumar/NASA_HMA/WRFchem_HMA/external/io_int -I/glade/work/rkumar/NASA_HMA/WRFchem_HMA/frame -I/glade/work/rkumar/NASA_HMA/WRFchem_HMA/share -I/glade/work/rkumar/NASA_HMA/WRFchem_HMA/phys -I/glade/work/rkumar/NASA_HMA/WRFchem_HMA/chem -I/glade/work/rkumar/NASA_HMA/WRFchem_HMA/inc -I/glade/u/apps/ch/opt/netcdf/4.8.1/intel/19.1.1//include  -real-size `expr 8 \* 4` -i4  module_data_gocart_seas.f90

real	0m0.607s
user	0m0.056s
sys	0m0.486s
rm -f module_data_mosaic_other.o
sed -e "s/grid%mu/gridmu/g" -e "s/grid%Mu/gridMu/g" -e "s/^\!.*'.*//" -e "s/^ *\!.*'.*//" module_data_mosaic_other.F > module_data_mosaic_other.G
/lib/cpp -P -nostdinc -I/glade/work/rkumar/NASA_HMA/WRFchem_HMA/inc -DEM_CORE=1 -DNMM_CORE=0 -DNMM_MAX_DIM=2600 -DCOAMPS_CORE=0 -DDA_CORE=0 -DEXP_CORE=0 -DIWORDSIZE=4 -DDWORDSIZE=8 -DRWORDSIZE=4 -DLWORDSIZE=4 -DNONSTANDARD_SYSTEM_FUNC  -DWRF_USE_CLM  -DSNICAR_FRC    -DDM_PARALLEL -DNETCDF -DUSE_ALLOCATABLES -DGRIB1 -DINTIO -DKEEP_INT_AROUND -DLIMIT_ARGS -DCONFIG_BUF_LEN=65536 -DMAX_DOMAINS_F=21 -DMAX_HISTORY=25 -DNMM_NEST=0 -DWRF_CHEM -DBUILD_CHEM=1 -DWRF_KPP -I. -traditional-cpp   module_data_mosaic_other.G  > module_data_mosaic_other.H
sed -e "s/gridmu/grid%mu/g" -e "s/gridMu/grid%Mu/g" module_data_mosaic_other.H > module_data_mosaic_other.bb
/glade/work/rkumar/NASA_HMA/WRFchem_HMA/tools/standard.exe module_data_mosaic_other.bb | /lib/cpp -P -nostdinc -traditional-cpp > module_data_mosaic_other.f90
rm -f module_data_mosaic_other.G module_data_mosaic_other.H module_data_mosaic_other.bb
time mpif90 -f90=ifort -o module_data_mosaic_other.o -c -O3 -ip -fp-model precise -w -ftz -align all -fno-alias -FR -convert big_endian    -I../dyn_em -I../dyn_nmm   -I/glade/work/rkumar/NASA_HMA/WRFchem_HMA/external/esmf_time_f90  -I/glade/work/rkumar/NASA_HMA/WRFchem_HMA/main -I/glade/work/rkumar/NASA_HMA/WRFchem_HMA/external/io_netcdf -I/glade/work/rkumar/NASA_HMA/WRFchem_HMA/external/io_int -I/glade/work/rkumar/NASA_HMA/WRFchem_HMA/frame -I/glade/work/rkumar/NASA_HMA/WRFchem_HMA/share -I/glade/work/rkumar/NASA_HMA/WRFchem_HMA/phys -I/glade/work/rkumar/NASA_HMA/WRFchem_HMA/chem -I/glade/work/rkumar/NASA_HMA/WRFchem_HMA/inc -I/glade/u/apps/ch/opt/netcdf/4.8.1/intel/19.1.1//include  -real-size `expr 8 \* 4` -i4  module_data_mosaic_other.f90

real	0m0.591s
user	0m0.046s
sys	0m0.495s
rm -f module_data_mosaic_therm.o
sed -e "s/grid%mu/gridmu/g" -e "s/grid%Mu/gridMu/g" -e "s/^\!.*'.*//" -e "s/^ *\!.*'.*//" module_data_mosaic_therm.F > module_data_mosaic_therm.G
/lib/cpp -P -nostdinc -I/glade/work/rkumar/NASA_HMA/WRFchem_HMA/inc -DEM_CORE=1 -DNMM_CORE=0 -DNMM_MAX_DIM=2600 -DCOAMPS_CORE=0 -DDA_CORE=0 -DEXP_CORE=0 -DIWORDSIZE=4 -DDWORDSIZE=8 -DRWORDSIZE=4 -DLWORDSIZE=4 -DNONSTANDARD_SYSTEM_FUNC  -DWRF_USE_CLM  -DSNICAR_FRC    -DDM_PARALLEL -DNETCDF -DUSE_ALLOCATABLES -DGRIB1 -DINTIO -DKEEP_INT_AROUND -DLIMIT_ARGS -DCONFIG_BUF_LEN=65536 -DMAX_DOMAINS_F=21 -DMAX_HISTORY=25 -DNMM_NEST=0 -DWRF_CHEM -DBUILD_CHEM=1 -DWRF_KPP -I. -traditional-cpp   module_data_mosaic_therm.G  > module_data_mosaic_therm.H
sed -e "s/gridmu/grid%mu/g" -e "s/gridMu/grid%Mu/g" module_data_mosaic_therm.H > module_data_mosaic_therm.bb
/glade/work/rkumar/NASA_HMA/WRFchem_HMA/tools/standard.exe module_data_mosaic_therm.bb | /lib/cpp -P -nostdinc -traditional-cpp > module_data_mosaic_therm.f90
rm -f module_data_mosaic_therm.G module_data_mosaic_therm.H module_data_mosaic_therm.bb
time mpif90 -f90=ifort -o module_data_mosaic_therm.o -c -O3 -ip -fp-model precise -w -ftz -align all -fno-alias -FR -convert big_endian    -I../dyn_em -I../dyn_nmm   -I/glade/work/rkumar/NASA_HMA/WRFchem_HMA/external/esmf_time_f90  -I/glade/work/rkumar/NASA_HMA/WRFchem_HMA/main -I/glade/work/rkumar/NASA_HMA/WRFchem_HMA/external/io_netcdf -I/glade/work/rkumar/NASA_HMA/WRFchem_HMA/external/io_int -I/glade/work/rkumar/NASA_HMA/WRFchem_HMA/frame -I/glade/work/rkumar/NASA_HMA/WRFchem_HMA/share -I/glade/work/rkumar/NASA_HMA/WRFchem_HMA/phys -I/glade/work/rkumar/NASA_HMA/WRFchem_HMA/chem -I/glade/work/rkumar/NASA_HMA/WRFchem_HMA/inc -I/glade/u/apps/ch/opt/netcdf/4.8.1/intel/19.1.1//include  -real-size `expr 8 \* 4` -i4  module_data_mosaic_therm.f90

real	0m0.689s
user	0m0.040s
sys	0m0.561s
rm -f module_data_radm2.o
sed -e "s/grid%mu/gridmu/g" -e "s/grid%Mu/gridMu/g" -e "s/^\!.*'.*//" -e "s/^ *\!.*'.*//" module_data_radm2.F > module_data_radm2.G
/lib/cpp -P -nostdinc -I/glade/work/rkumar/NASA_HMA/WRFchem_HMA/inc -DEM_CORE=1 -DNMM_CORE=0 -DNMM_MAX_DIM=2600 -DCOAMPS_CORE=0 -DDA_CORE=0 -DEXP_CORE=0 -DIWORDSIZE=4 -DDWORDSIZE=8 -DRWORDSIZE=4 -DLWORDSIZE=4 -DNONSTANDARD_SYSTEM_FUNC  -DWRF_USE_CLM  -DSNICAR_FRC    -DDM_PARALLEL -DNETCDF -DUSE_ALLOCATABLES -DGRIB1 -DINTIO -DKEEP_INT_AROUND -DLIMIT_ARGS -DCONFIG_BUF_LEN=65536 -DMAX_DOMAINS_F=21 -DMAX_HISTORY=25 -DNMM_NEST=0 -DWRF_CHEM -DBUILD_CHEM=1 -DWRF_KPP -I. -traditional-cpp   module_data_radm2.G  > module_data_radm2.H
sed -e "s/gridmu/grid%mu/g" -e "s/gridMu/grid%Mu/g" module_data_radm2.H > module_data_radm2.bb
/glade/work/rkumar/NASA_HMA/WRFchem_HMA/tools/standard.exe module_data_radm2.bb | /lib/cpp -P -nostdinc -traditional-cpp > module_data_radm2.f90
rm -f module_data_radm2.G module_data_radm2.H module_data_radm2.bb
time mpif90 -f90=ifort -o module_data_radm2.o -c -O3 -ip -fp-model precise -w -ftz -align all -fno-alias -FR -convert big_endian    -I../dyn_em -I../dyn_nmm   -I/glade/work/rkumar/NASA_HMA/WRFchem_HMA/external/esmf_time_f90  -I/glade/work/rkumar/NASA_HMA/WRFchem_HMA/main -I/glade/work/rkumar/NASA_HMA/WRFchem_HMA/external/io_netcdf -I/glade/work/rkumar/NASA_HMA/WRFchem_HMA/external/io_int -I/glade/work/rkumar/NASA_HMA/WRFchem_HMA/frame -I/glade/work/rkumar/NASA_HMA/WRFchem_HMA/share -I/glade/work/rkumar/NASA_HMA/WRFchem_HMA/phys -I/glade/work/rkumar/NASA_HMA/WRFchem_HMA/chem -I/glade/work/rkumar/NASA_HMA/WRFchem_HMA/inc -I/glade/u/apps/ch/opt/netcdf/4.8.1/intel/19.1.1//include  -real-size `expr 8 \* 4` -i4  module_data_radm2.f90

real	0m0.598s
user	0m0.051s
sys	0m0.500s
rm -f module_data_rrtmgaeropt.o
sed -e "s/grid%mu/gridmu/g" -e "s/grid%Mu/gridMu/g" -e "s/^\!.*'.*//" -e "s/^ *\!.*'.*//" module_data_rrtmgaeropt.F > module_data_rrtmgaeropt.G
/lib/cpp -P -nostdinc -I/glade/work/rkumar/NASA_HMA/WRFchem_HMA/inc -DEM_CORE=1 -DNMM_CORE=0 -DNMM_MAX_DIM=2600 -DCOAMPS_CORE=0 -DDA_CORE=0 -DEXP_CORE=0 -DIWORDSIZE=4 -DDWORDSIZE=8 -DRWORDSIZE=4 -DLWORDSIZE=4 -DNONSTANDARD_SYSTEM_FUNC  -DWRF_USE_CLM  -DSNICAR_FRC    -DDM_PARALLEL -DNETCDF -DUSE_ALLOCATABLES -DGRIB1 -DINTIO -DKEEP_INT_AROUND -DLIMIT_ARGS -DCONFIG_BUF_LEN=65536 -DMAX_DOMAINS_F=21 -DMAX_HISTORY=25 -DNMM_NEST=0 -DWRF_CHEM -DBUILD_CHEM=1 -DWRF_KPP -I. -traditional-cpp   module_data_rrtmgaeropt.G  > module_data_rrtmgaeropt.H
sed -e "s/gridmu/grid%mu/g" -e "s/gridMu/grid%Mu/g" module_data_rrtmgaeropt.H > module_data_rrtmgaeropt.bb
/glade/work/rkumar/NASA_HMA/WRFchem_HMA/tools/standard.exe module_data_rrtmgaeropt.bb | /lib/cpp -P -nostdinc -traditional-cpp > module_data_rrtmgaeropt.f90
rm -f module_data_rrtmgaeropt.G module_data_rrtmgaeropt.H module_data_rrtmgaeropt.bb
time mpif90 -f90=ifort -o module_data_rrtmgaeropt.o -c -O3 -ip -fp-model precise -w -ftz -align all -fno-alias -FR -convert big_endian    -I../dyn_em -I../dyn_nmm   -I/glade/work/rkumar/NASA_HMA/WRFchem_HMA/external/esmf_time_f90  -I/glade/work/rkumar/NASA_HMA/WRFchem_HMA/main -I/glade/work/rkumar/NASA_HMA/WRFchem_HMA/external/io_netcdf -I/glade/work/rkumar/NASA_HMA/WRFchem_HMA/external/io_int -I/glade/work/rkumar/NASA_HMA/WRFchem_HMA/frame -I/glade/work/rkumar/NASA_HMA/WRFchem_HMA/share -I/glade/work/rkumar/NASA_HMA/WRFchem_HMA/phys -I/glade/work/rkumar/NASA_HMA/WRFchem_HMA/chem -I/glade/work/rkumar/NASA_HMA/WRFchem_HMA/inc -I/glade/u/apps/ch/opt/netcdf/4.8.1/intel/19.1.1//include  -real-size `expr 8 \* 4` -i4  module_data_rrtmgaeropt.f90

real	0m0.629s
user	0m0.074s
sys	0m0.486s
rm -f module_data_megan2.o
sed -e "s/grid%mu/gridmu/g" -e "s/grid%Mu/gridMu/g" -e "s/^\!.*'.*//" -e "s/^ *\!.*'.*//" module_data_megan2.F > module_data_megan2.G
/lib/cpp -P -nostdinc -I/glade/work/rkumar/NASA_HMA/WRFchem_HMA/inc -DEM_CORE=1 -DNMM_CORE=0 -DNMM_MAX_DIM=2600 -DCOAMPS_CORE=0 -DDA_CORE=0 -DEXP_CORE=0 -DIWORDSIZE=4 -DDWORDSIZE=8 -DRWORDSIZE=4 -DLWORDSIZE=4 -DNONSTANDARD_SYSTEM_FUNC  -DWRF_USE_CLM  -DSNICAR_FRC    -DDM_PARALLEL -DNETCDF -DUSE_ALLOCATABLES -DGRIB1 -DINTIO -DKEEP_INT_AROUND -DLIMIT_ARGS -DCONFIG_BUF_LEN=65536 -DMAX_DOMAINS_F=21 -DMAX_HISTORY=25 -DNMM_NEST=0 -DWRF_CHEM -DBUILD_CHEM=1 -DWRF_KPP -I. -traditional-cpp   module_data_megan2.G  > module_data_megan2.H
sed -e "s/gridmu/grid%mu/g" -e "s/gridMu/grid%Mu/g" module_data_megan2.H > module_data_megan2.bb
/glade/work/rkumar/NASA_HMA/WRFchem_HMA/tools/standard.exe module_data_megan2.bb | /lib/cpp -P -nostdinc -traditional-cpp > module_data_megan2.f90
rm -f module_data_megan2.G module_data_megan2.H module_data_megan2.bb
time mpif90 -f90=ifort -o module_data_megan2.o -c -O3 -ip -fp-model precise -w -ftz -align all -fno-alias -FR -convert big_endian    -I../dyn_em -I../dyn_nmm   -I/glade/work/rkumar/NASA_HMA/WRFchem_HMA/external/esmf_time_f90  -I/glade/work/rkumar/NASA_HMA/WRFchem_HMA/main -I/glade/work/rkumar/NASA_HMA/WRFchem_HMA/external/io_netcdf -I/glade/work/rkumar/NASA_HMA/WRFchem_HMA/external/io_int -I/glade/work/rkumar/NASA_HMA/WRFchem_HMA/frame -I/glade/work/rkumar/NASA_HMA/WRFchem_HMA/share -I/glade/work/rkumar/NASA_HMA/WRFchem_HMA/phys -I/glade/work/rkumar/NASA_HMA/WRFchem_HMA/chem -I/glade/work/rkumar/NASA_HMA/WRFchem_HMA/inc -I/glade/u/apps/ch/opt/netcdf/4.8.1/intel/19.1.1//include  -real-size `expr 8 \* 4` -i4  module_data_megan2.f90

real	0m0.587s
user	0m0.041s
sys	0m0.497s
rm -f module_data_soa_vbs.o
sed -e "s/grid%mu/gridmu/g" -e "s/grid%Mu/gridMu/g" -e "s/^\!.*'.*//" -e "s/^ *\!.*'.*//" module_data_soa_vbs.F > module_data_soa_vbs.G
/lib/cpp -P -nostdinc -I/glade/work/rkumar/NASA_HMA/WRFchem_HMA/inc -DEM_CORE=1 -DNMM_CORE=0 -DNMM_MAX_DIM=2600 -DCOAMPS_CORE=0 -DDA_CORE=0 -DEXP_CORE=0 -DIWORDSIZE=4 -DDWORDSIZE=8 -DRWORDSIZE=4 -DLWORDSIZE=4 -DNONSTANDARD_SYSTEM_FUNC  -DWRF_USE_CLM  -DSNICAR_FRC    -DDM_PARALLEL -DNETCDF -DUSE_ALLOCATABLES -DGRIB1 -DINTIO -DKEEP_INT_AROUND -DLIMIT_ARGS -DCONFIG_BUF_LEN=65536 -DMAX_DOMAINS_F=21 -DMAX_HISTORY=25 -DNMM_NEST=0 -DWRF_CHEM -DBUILD_CHEM=1 -DWRF_KPP -I. -traditional-cpp   module_data_soa_vbs.G  > module_data_soa_vbs.H
sed -e "s/gridmu/grid%mu/g" -e "s/gridMu/grid%Mu/g" module_data_soa_vbs.H > module_data_soa_vbs.bb
/glade/work/rkumar/NASA_HMA/WRFchem_HMA/tools/standard.exe module_data_soa_vbs.bb | /lib/cpp -P -nostdinc -traditional-cpp > module_data_soa_vbs.f90
rm -f module_data_soa_vbs.G module_data_soa_vbs.H module_data_soa_vbs.bb
time mpif90 -f90=ifort -o module_data_soa_vbs.o -c -O3 -ip -fp-model precise -w -ftz -align all -fno-alias -FR -convert big_endian    -I../dyn_em -I../dyn_nmm   -I/glade/work/rkumar/NASA_HMA/WRFchem_HMA/external/esmf_time_f90  -I/glade/work/rkumar/NASA_HMA/WRFchem_HMA/main -I/glade/work/rkumar/NASA_HMA/WRFchem_HMA/external/io_netcdf -I/glade/work/rkumar/NASA_HMA/WRFchem_HMA/external/io_int -I/glade/work/rkumar/NASA_HMA/WRFchem_HMA/frame -I/glade/work/rkumar/NASA_HMA/WRFchem_HMA/share -I/glade/work/rkumar/NASA_HMA/WRFchem_HMA/phys -I/glade/work/rkumar/NASA_HMA/WRFchem_HMA/chem -I/glade/work/rkumar/NASA_HMA/WRFchem_HMA/inc -I/glade/u/apps/ch/opt/netcdf/4.8.1/intel/19.1.1//include  -real-size `expr 8 \* 4` -i4  module_data_soa_vbs.f90

real	0m0.600s
user	0m0.047s
sys	0m0.504s
rm -f module_data_sorgam.o
sed -e "s/grid%mu/gridmu/g" -e "s/grid%Mu/gridMu/g" -e "s/^\!.*'.*//" -e "s/^ *\!.*'.*//" module_data_sorgam.F > module_data_sorgam.G
/lib/cpp -P -nostdinc -I/glade/work/rkumar/NASA_HMA/WRFchem_HMA/inc -DEM_CORE=1 -DNMM_CORE=0 -DNMM_MAX_DIM=2600 -DCOAMPS_CORE=0 -DDA_CORE=0 -DEXP_CORE=0 -DIWORDSIZE=4 -DDWORDSIZE=8 -DRWORDSIZE=4 -DLWORDSIZE=4 -DNONSTANDARD_SYSTEM_FUNC  -DWRF_USE_CLM  -DSNICAR_FRC    -DDM_PARALLEL -DNETCDF -DUSE_ALLOCATABLES -DGRIB1 -DINTIO -DKEEP_INT_AROUND -DLIMIT_ARGS -DCONFIG_BUF_LEN=65536 -DMAX_DOMAINS_F=21 -DMAX_HISTORY=25 -DNMM_NEST=0 -DWRF_CHEM -DBUILD_CHEM=1 -DWRF_KPP -I. -traditional-cpp   module_data_sorgam.G  > module_data_sorgam.H
sed -e "s/gridmu/grid%mu/g" -e "s/gridMu/grid%Mu/g" module_data_sorgam.H > module_data_sorgam.bb
/glade/work/rkumar/NASA_HMA/WRFchem_HMA/tools/standard.exe module_data_sorgam.bb | /lib/cpp -P -nostdinc -traditional-cpp > module_data_sorgam.f90
rm -f module_data_sorgam.G module_data_sorgam.H module_data_sorgam.bb
time mpif90 -f90=ifort -o module_data_sorgam.o -c -O3 -ip -fp-model precise -w -ftz -align all -fno-alias -FR -convert big_endian    -I../dyn_em -I../dyn_nmm   -I/glade/work/rkumar/NASA_HMA/WRFchem_HMA/external/esmf_time_f90  -I/glade/work/rkumar/NASA_HMA/WRFchem_HMA/main -I/glade/work/rkumar/NASA_HMA/WRFchem_HMA/external/io_netcdf -I/glade/work/rkumar/NASA_HMA/WRFchem_HMA/external/io_int -I/glade/work/rkumar/NASA_HMA/WRFchem_HMA/frame -I/glade/work/rkumar/NASA_HMA/WRFchem_HMA/share -I/glade/work/rkumar/NASA_HMA/WRFchem_HMA/phys -I/glade/work/rkumar/NASA_HMA/WRFchem_HMA/chem -I/glade/work/rkumar/NASA_HMA/WRFchem_HMA/inc -I/glade/u/apps/ch/opt/netcdf/4.8.1/intel/19.1.1//include  -real-size `expr 8 \* 4` -i4  module_data_sorgam.f90

real	0m0.616s
user	0m0.082s
sys	0m0.502s
rm -f module_data_sorgam_vbs.o
sed -e "s/grid%mu/gridmu/g" -e "s/grid%Mu/gridMu/g" -e "s/^\!.*'.*//" -e "s/^ *\!.*'.*//" module_data_sorgam_vbs.F > module_data_sorgam_vbs.G
/lib/cpp -P -nostdinc -I/glade/work/rkumar/NASA_HMA/WRFchem_HMA/inc -DEM_CORE=1 -DNMM_CORE=0 -DNMM_MAX_DIM=2600 -DCOAMPS_CORE=0 -DDA_CORE=0 -DEXP_CORE=0 -DIWORDSIZE=4 -DDWORDSIZE=8 -DRWORDSIZE=4 -DLWORDSIZE=4 -DNONSTANDARD_SYSTEM_FUNC  -DWRF_USE_CLM  -DSNICAR_FRC    -DDM_PARALLEL -DNETCDF -DUSE_ALLOCATABLES -DGRIB1 -DINTIO -DKEEP_INT_AROUND -DLIMIT_ARGS -DCONFIG_BUF_LEN=65536 -DMAX_DOMAINS_F=21 -DMAX_HISTORY=25 -DNMM_NEST=0 -DWRF_CHEM -DBUILD_CHEM=1 -DWRF_KPP -I. -traditional-cpp   module_data_sorgam_vbs.G  > module_data_sorgam_vbs.H
sed -e "s/gridmu/grid%mu/g" -e "s/gridMu/grid%Mu/g" module_data_sorgam_vbs.H > module_data_sorgam_vbs.bb
/glade/work/rkumar/NASA_HMA/WRFchem_HMA/tools/standard.exe module_data_sorgam_vbs.bb | /lib/cpp -P -nostdinc -traditional-cpp > module_data_sorgam_vbs.f90
rm -f module_data_sorgam_vbs.G module_data_sorgam_vbs.H module_data_sorgam_vbs.bb
time mpif90 -f90=ifort -o module_data_sorgam_vbs.o -c -O3 -ip -fp-model precise -w -ftz -align all -fno-alias -FR -convert big_endian    -I../dyn_em -I../dyn_nmm   -I/glade/work/rkumar/NASA_HMA/WRFchem_HMA/external/esmf_time_f90  -I/glade/work/rkumar/NASA_HMA/WRFchem_HMA/main -I/glade/work/rkumar/NASA_HMA/WRFchem_HMA/external/io_netcdf -I/glade/work/rkumar/NASA_HMA/WRFchem_HMA/external/io_int -I/glade/work/rkumar/NASA_HMA/WRFchem_HMA/frame -I/glade/work/rkumar/NASA_HMA/WRFchem_HMA/share -I/glade/work/rkumar/NASA_HMA/WRFchem_HMA/phys -I/glade/work/rkumar/NASA_HMA/WRFchem_HMA/chem -I/glade/work/rkumar/NASA_HMA/WRFchem_HMA/inc -I/glade/u/apps/ch/opt/netcdf/4.8.1/intel/19.1.1//include  -real-size `expr 8 \* 4` -i4  module_data_sorgam_vbs.f90

real	0m0.633s
user	0m0.051s
sys	0m0.531s
rm -f module_kpp_saprc99_mosaic_8bin_vbs2_aq_Precision.o
sed -e "s/grid%mu/gridmu/g" -e "s/grid%Mu/gridMu/g" -e "s/^\!.*'.*//" -e "s/^ *\!.*'.*//" module_kpp_saprc99_mosaic_8bin_vbs2_aq_Precision.F > module_kpp_saprc99_mosaic_8bin_vbs2_aq_Precision.G
/lib/cpp -P -nostdinc -I/glade/work/rkumar/NASA_HMA/WRFchem_HMA/inc -DEM_CORE=1 -DNMM_CORE=0 -DNMM_MAX_DIM=2600 -DCOAMPS_CORE=0 -DDA_CORE=0 -DEXP_CORE=0 -DIWORDSIZE=4 -DDWORDSIZE=8 -DRWORDSIZE=4 -DLWORDSIZE=4 -DNONSTANDARD_SYSTEM_FUNC  -DWRF_USE_CLM  -DSNICAR_FRC    -DDM_PARALLEL -DNETCDF -DUSE_ALLOCATABLES -DGRIB1 -DINTIO -DKEEP_INT_AROUND -DLIMIT_ARGS -DCONFIG_BUF_LEN=65536 -DMAX_DOMAINS_F=21 -DMAX_HISTORY=25 -DNMM_NEST=0 -DWRF_CHEM -DBUILD_CHEM=1 -DWRF_KPP -I. -traditional-cpp   module_kpp_saprc99_mosaic_8bin_vbs2_aq_Precision.G  > module_kpp_saprc99_mosaic_8bin_vbs2_aq_Precision.H
sed -e "s/gridmu/grid%mu/g" -e "s/gridMu/grid%Mu/g" module_kpp_saprc99_mosaic_8bin_vbs2_aq_Precision.H > module_kpp_saprc99_mosaic_8bin_vbs2_aq_Precision.bb
/glade/work/rkumar/NASA_HMA/WRFchem_HMA/tools/standard.exe module_kpp_saprc99_mosaic_8bin_vbs2_aq_Precision.bb | /lib/cpp -P -nostdinc -traditional-cpp > module_kpp_saprc99_mosaic_8bin_vbs2_aq_Precision.f90
rm -f module_kpp_saprc99_mosaic_8bin_vbs2_aq_Precision.G module_kpp_saprc99_mosaic_8bin_vbs2_aq_Precision.H module_kpp_saprc99_mosaic_8bin_vbs2_aq_Precision.bb
time mpif90 -f90=ifort -o module_kpp_saprc99_mosaic_8bin_vbs2_aq_Precision.o -c -O3 -ip -fp-model precise -w -ftz -align all -fno-alias -FR -convert big_endian    -I../dyn_em -I../dyn_nmm   -I/glade/work/rkumar/NASA_HMA/WRFchem_HMA/external/esmf_time_f90  -I/glade/work/rkumar/NASA_HMA/WRFchem_HMA/main -I/glade/work/rkumar/NASA_HMA/WRFchem_HMA/external/io_netcdf -I/glade/work/rkumar/NASA_HMA/WRFchem_HMA/external/io_int -I/glade/work/rkumar/NASA_HMA/WRFchem_HMA/frame -I/glade/work/rkumar/NASA_HMA/WRFchem_HMA/share -I/glade/work/rkumar/NASA_HMA/WRFchem_HMA/phys -I/glade/work/rkumar/NASA_HMA/WRFchem_HMA/chem -I/glade/work/rkumar/NASA_HMA/WRFchem_HMA/inc -I/glade/u/apps/ch/opt/netcdf/4.8.1/intel/19.1.1//include  -real-size `expr 8 \* 4` -i4  module_kpp_saprc99_mosaic_8bin_vbs2_aq_Precision.f90

real	0m0.585s
user	0m0.070s
sys	0m0.469s
rm -f module_kpp_saprc99_mosaic_8bin_vbs2_aq_Parameters.o
sed -e "s/grid%mu/gridmu/g" -e "s/grid%Mu/gridMu/g" -e "s/^\!.*'.*//" -e "s/^ *\!.*'.*//" module_kpp_saprc99_mosaic_8bin_vbs2_aq_Parameters.F > module_kpp_saprc99_mosaic_8bin_vbs2_aq_Parameters.G
/lib/cpp -P -nostdinc -I/glade/work/rkumar/NASA_HMA/WRFchem_HMA/inc -DEM_CORE=1 -DNMM_CORE=0 -DNMM_MAX_DIM=2600 -DCOAMPS_CORE=0 -DDA_CORE=0 -DEXP_CORE=0 -DIWORDSIZE=4 -DDWORDSIZE=8 -DRWORDSIZE=4 -DLWORDSIZE=4 -DNONSTANDARD_SYSTEM_FUNC  -DWRF_USE_CLM  -DSNICAR_FRC    -DDM_PARALLEL -DNETCDF -DUSE_ALLOCATABLES -DGRIB1 -DINTIO -DKEEP_INT_AROUND -DLIMIT_ARGS -DCONFIG_BUF_LEN=65536 -DMAX_DOMAINS_F=21 -DMAX_HISTORY=25 -DNMM_NEST=0 -DWRF_CHEM -DBUILD_CHEM=1 -DWRF_KPP -I. -traditional-cpp   module_kpp_saprc99_mosaic_8bin_vbs2_aq_Parameters.G  > module_kpp_saprc99_mosaic_8bin_vbs2_aq_Parameters.H
sed -e "s/gridmu/grid%mu/g" -e "s/gridMu/grid%Mu/g" module_kpp_saprc99_mosaic_8bin_vbs2_aq_Parameters.H > module_kpp_saprc99_mosaic_8bin_vbs2_aq_Parameters.bb
/glade/work/rkumar/NASA_HMA/WRFchem_HMA/tools/standard.exe module_kpp_saprc99_mosaic_8bin_vbs2_aq_Parameters.bb | /lib/cpp -P -nostdinc -traditional-cpp > module_kpp_saprc99_mosaic_8bin_vbs2_aq_Parameters.f90
rm -f module_kpp_saprc99_mosaic_8bin_vbs2_aq_Parameters.G module_kpp_saprc99_mosaic_8bin_vbs2_aq_Parameters.H module_kpp_saprc99_mosaic_8bin_vbs2_aq_Parameters.bb
time mpif90 -f90=ifort -o module_kpp_saprc99_mosaic_8bin_vbs2_aq_Parameters.o -c -O3 -ip -fp-model precise -w -ftz -align all -fno-alias -FR -convert big_endian    -I../dyn_em -I../dyn_nmm   -I/glade/work/rkumar/NASA_HMA/WRFchem_HMA/external/esmf_time_f90  -I/glade/work/rkumar/NASA_HMA/WRFchem_HMA/main -I/glade/work/rkumar/NASA_HMA/WRFchem_HMA/external/io_netcdf -I/glade/work/rkumar/NASA_HMA/WRFchem_HMA/external/io_int -I/glade/work/rkumar/NASA_HMA/WRFchem_HMA/frame -I/glade/work/rkumar/NASA_HMA/WRFchem_HMA/share -I/glade/work/rkumar/NASA_HMA/WRFchem_HMA/phys -I/glade/work/rkumar/NASA_HMA/WRFchem_HMA/chem -I/glade/work/rkumar/NASA_HMA/WRFchem_HMA/inc -I/glade/u/apps/ch/opt/netcdf/4.8.1/intel/19.1.1//include  -real-size `expr 8 \* 4` -i4  module_kpp_saprc99_mosaic_8bin_vbs2_aq_Parameters.f90

real	0m0.617s
user	0m0.039s
sys	0m0.520s
rm -f module_kpp_saprc99_mosaic_8bin_vbs2_aq_JacobianSP.o
sed -e "s/grid%mu/gridmu/g" -e "s/grid%Mu/gridMu/g" -e "s/^\!.*'.*//" -e "s/^ *\!.*'.*//" module_kpp_saprc99_mosaic_8bin_vbs2_aq_JacobianSP.F > module_kpp_saprc99_mosaic_8bin_vbs2_aq_JacobianSP.G
/lib/cpp -P -nostdinc -I/glade/work/rkumar/NASA_HMA/WRFchem_HMA/inc -DEM_CORE=1 -DNMM_CORE=0 -DNMM_MAX_DIM=2600 -DCOAMPS_CORE=0 -DDA_CORE=0 -DEXP_CORE=0 -DIWORDSIZE=4 -DDWORDSIZE=8 -DRWORDSIZE=4 -DLWORDSIZE=4 -DNONSTANDARD_SYSTEM_FUNC  -DWRF_USE_CLM  -DSNICAR_FRC    -DDM_PARALLEL -DNETCDF -DUSE_ALLOCATABLES -DGRIB1 -DINTIO -DKEEP_INT_AROUND -DLIMIT_ARGS -DCONFIG_BUF_LEN=65536 -DMAX_DOMAINS_F=21 -DMAX_HISTORY=25 -DNMM_NEST=0 -DWRF_CHEM -DBUILD_CHEM=1 -DWRF_KPP -I. -traditional-cpp   module_kpp_saprc99_mosaic_8bin_vbs2_aq_JacobianSP.G  > module_kpp_saprc99_mosaic_8bin_vbs2_aq_JacobianSP.H
sed -e "s/gridmu/grid%mu/g" -e "s/gridMu/grid%Mu/g" module_kpp_saprc99_mosaic_8bin_vbs2_aq_JacobianSP.H > module_kpp_saprc99_mosaic_8bin_vbs2_aq_JacobianSP.bb
/glade/work/rkumar/NASA_HMA/WRFchem_HMA/tools/standard.exe module_kpp_saprc99_mosaic_8bin_vbs2_aq_JacobianSP.bb | /lib/cpp -P -nostdinc -traditional-cpp > module_kpp_saprc99_mosaic_8bin_vbs2_aq_JacobianSP.f90
rm -f module_kpp_saprc99_mosaic_8bin_vbs2_aq_JacobianSP.G module_kpp_saprc99_mosaic_8bin_vbs2_aq_JacobianSP.H module_kpp_saprc99_mosaic_8bin_vbs2_aq_JacobianSP.bb
time mpif90 -f90=ifort -o module_kpp_saprc99_mosaic_8bin_vbs2_aq_JacobianSP.o -c -O3 -ip -fp-model precise -w -ftz -align all -fno-alias -FR -convert big_endian    -I../dyn_em -I../dyn_nmm   -I/glade/work/rkumar/NASA_HMA/WRFchem_HMA/external/esmf_time_f90  -I/glade/work/rkumar/NASA_HMA/WRFchem_HMA/main -I/glade/work/rkumar/NASA_HMA/WRFchem_HMA/external/io_netcdf -I/glade/work/rkumar/NASA_HMA/WRFchem_HMA/external/io_int -I/glade/work/rkumar/NASA_HMA/WRFchem_HMA/frame -I/glade/work/rkumar/NASA_HMA/WRFchem_HMA/share -I/glade/work/rkumar/NASA_HMA/WRFchem_HMA/phys -I/glade/work/rkumar/NASA_HMA/WRFchem_HMA/chem -I/glade/work/rkumar/NASA_HMA/WRFchem_HMA/inc -I/glade/u/apps/ch/opt/netcdf/4.8.1/intel/19.1.1//include  -real-size `expr 8 \* 4` -i4  module_kpp_saprc99_mosaic_8bin_vbs2_aq_JacobianSP.f90

real	0m0.646s
user	0m0.071s
sys	0m0.499s
rm -f module_kpp_saprc99_mosaic_8bin_vbs2_aq_Jacobian.o
sed -e "s/grid%mu/gridmu/g" -e "s/grid%Mu/gridMu/g" -e "s/^\!.*'.*//" -e "s/^ *\!.*'.*//" module_kpp_saprc99_mosaic_8bin_vbs2_aq_Jacobian.F > module_kpp_saprc99_mosaic_8bin_vbs2_aq_Jacobian.G
/lib/cpp -P -nostdinc -I/glade/work/rkumar/NASA_HMA/WRFchem_HMA/inc -DEM_CORE=1 -DNMM_CORE=0 -DNMM_MAX_DIM=2600 -DCOAMPS_CORE=0 -DDA_CORE=0 -DEXP_CORE=0 -DIWORDSIZE=4 -DDWORDSIZE=8 -DRWORDSIZE=4 -DLWORDSIZE=4 -DNONSTANDARD_SYSTEM_FUNC  -DWRF_USE_CLM  -DSNICAR_FRC    -DDM_PARALLEL -DNETCDF -DUSE_ALLOCATABLES -DGRIB1 -DINTIO -DKEEP_INT_AROUND -DLIMIT_ARGS -DCONFIG_BUF_LEN=65536 -DMAX_DOMAINS_F=21 -DMAX_HISTORY=25 -DNMM_NEST=0 -DWRF_CHEM -DBUILD_CHEM=1 -DWRF_KPP -I. -traditional-cpp   module_kpp_saprc99_mosaic_8bin_vbs2_aq_Jacobian.G  > module_kpp_saprc99_mosaic_8bin_vbs2_aq_Jacobian.H
sed -e "s/gridmu/grid%mu/g" -e "s/gridMu/grid%Mu/g" module_kpp_saprc99_mosaic_8bin_vbs2_aq_Jacobian.H > module_kpp_saprc99_mosaic_8bin_vbs2_aq_Jacobian.bb
/glade/work/rkumar/NASA_HMA/WRFchem_HMA/tools/standard.exe module_kpp_saprc99_mosaic_8bin_vbs2_aq_Jacobian.bb | /lib/cpp -P -nostdinc -traditional-cpp > module_kpp_saprc99_mosaic_8bin_vbs2_aq_Jacobian.f90
rm -f module_kpp_saprc99_mosaic_8bin_vbs2_aq_Jacobian.G module_kpp_saprc99_mosaic_8bin_vbs2_aq_Jacobian.H module_kpp_saprc99_mosaic_8bin_vbs2_aq_Jacobian.bb
time mpif90 -f90=ifort -o module_kpp_saprc99_mosaic_8bin_vbs2_aq_Jacobian.o -c -O3 -ip -fp-model precise -w -ftz -align all -fno-alias -FR -convert big_endian    -I../dyn_em -I../dyn_nmm   -I/glade/work/rkumar/NASA_HMA/WRFchem_HMA/external/esmf_time_f90  -I/glade/work/rkumar/NASA_HMA/WRFchem_HMA/main -I/glade/work/rkumar/NASA_HMA/WRFchem_HMA/external/io_netcdf -I/glade/work/rkumar/NASA_HMA/WRFchem_HMA/external/io_int -I/glade/work/rkumar/NASA_HMA/WRFchem_HMA/frame -I/glade/work/rkumar/NASA_HMA/WRFchem_HMA/share -I/glade/work/rkumar/NASA_HMA/WRFchem_HMA/phys -I/glade/work/rkumar/NASA_HMA/WRFchem_HMA/chem -I/glade/work/rkumar/NASA_HMA/WRFchem_HMA/inc -I/glade/u/apps/ch/opt/netcdf/4.8.1/intel/19.1.1//include  -real-size `expr 8 \* 4` -i4  module_kpp_saprc99_mosaic_8bin_vbs2_aq_Jacobian.f90

real	0m1.643s
user	0m1.025s
sys	0m0.561s
rm -f module_kpp_saprc99_mosaic_8bin_vbs2_aq_Update_Rconst.o
sed -e "s/grid%mu/gridmu/g" -e "s/grid%Mu/gridMu/g" -e "s/^\!.*'.*//" -e "s/^ *\!.*'.*//" module_kpp_saprc99_mosaic_8bin_vbs2_aq_Update_Rconst.F > module_kpp_saprc99_mosaic_8bin_vbs2_aq_Update_Rconst.G
/lib/cpp -P -nostdinc -I/glade/work/rkumar/NASA_HMA/WRFchem_HMA/inc -DEM_CORE=1 -DNMM_CORE=0 -DNMM_MAX_DIM=2600 -DCOAMPS_CORE=0 -DDA_CORE=0 -DEXP_CORE=0 -DIWORDSIZE=4 -DDWORDSIZE=8 -DRWORDSIZE=4 -DLWORDSIZE=4 -DNONSTANDARD_SYSTEM_FUNC  -DWRF_USE_CLM  -DSNICAR_FRC    -DDM_PARALLEL -DNETCDF -DUSE_ALLOCATABLES -DGRIB1 -DINTIO -DKEEP_INT_AROUND -DLIMIT_ARGS -DCONFIG_BUF_LEN=65536 -DMAX_DOMAINS_F=21 -DMAX_HISTORY=25 -DNMM_NEST=0 -DWRF_CHEM -DBUILD_CHEM=1 -DWRF_KPP -I. -traditional-cpp   module_kpp_saprc99_mosaic_8bin_vbs2_aq_Update_Rconst.G  > module_kpp_saprc99_mosaic_8bin_vbs2_aq_Update_Rconst.H
sed -e "s/gridmu/grid%mu/g" -e "s/gridMu/grid%Mu/g" module_kpp_saprc99_mosaic_8bin_vbs2_aq_Update_Rconst.H > module_kpp_saprc99_mosaic_8bin_vbs2_aq_Update_Rconst.bb
/glade/work/rkumar/NASA_HMA/WRFchem_HMA/tools/standard.exe module_kpp_saprc99_mosaic_8bin_vbs2_aq_Update_Rconst.bb | /lib/cpp -P -nostdinc -traditional-cpp > module_kpp_saprc99_mosaic_8bin_vbs2_aq_Update_Rconst.f90
rm -f module_kpp_saprc99_mosaic_8bin_vbs2_aq_Update_Rconst.G module_kpp_saprc99_mosaic_8bin_vbs2_aq_Update_Rconst.H module_kpp_saprc99_mosaic_8bin_vbs2_aq_Update_Rconst.bb
time mpif90 -f90=ifort -o module_kpp_saprc99_mosaic_8bin_vbs2_aq_Update_Rconst.o -c -O3 -ip -fp-model precise -w -ftz -align all -fno-alias -FR -convert big_endian    -I../dyn_em -I../dyn_nmm   -I/glade/work/rkumar/NASA_HMA/WRFchem_HMA/external/esmf_time_f90  -I/glade/work/rkumar/NASA_HMA/WRFchem_HMA/main -I/glade/work/rkumar/NASA_HMA/WRFchem_HMA/external/io_netcdf -I/glade/work/rkumar/NASA_HMA/WRFchem_HMA/external/io_int -I/glade/work/rkumar/NASA_HMA/WRFchem_HMA/frame -I/glade/work/rkumar/NASA_HMA/WRFchem_HMA/share -I/glade/work/rkumar/NASA_HMA/WRFchem_HMA/phys -I/glade/work/rkumar/NASA_HMA/WRFchem_HMA/chem -I/glade/work/rkumar/NASA_HMA/WRFchem_HMA/inc -I/glade/u/apps/ch/opt/netcdf/4.8.1/intel/19.1.1//include  -real-size `expr 8 \* 4` -i4  module_kpp_saprc99_mosaic_8bin_vbs2_aq_Update_Rconst.f90

real	0m0.747s
user	0m0.262s
sys	0m0.422s
rm -f module_wkppc_constants.o
sed -e "s/grid%mu/gridmu/g" -e "s/grid%Mu/gridMu/g" -e "s/^\!.*'.*//" -e "s/^ *\!.*'.*//" module_wkppc_constants.F > module_wkppc_constants.G
/lib/cpp -P -nostdinc -I/glade/work/rkumar/NASA_HMA/WRFchem_HMA/inc -DEM_CORE=1 -DNMM_CORE=0 -DNMM_MAX_DIM=2600 -DCOAMPS_CORE=0 -DDA_CORE=0 -DEXP_CORE=0 -DIWORDSIZE=4 -DDWORDSIZE=8 -DRWORDSIZE=4 -DLWORDSIZE=4 -DNONSTANDARD_SYSTEM_FUNC  -DWRF_USE_CLM  -DSNICAR_FRC    -DDM_PARALLEL -DNETCDF -DUSE_ALLOCATABLES -DGRIB1 -DINTIO -DKEEP_INT_AROUND -DLIMIT_ARGS -DCONFIG_BUF_LEN=65536 -DMAX_DOMAINS_F=21 -DMAX_HISTORY=25 -DNMM_NEST=0 -DWRF_CHEM -DBUILD_CHEM=1 -DWRF_KPP -I. -traditional-cpp   module_wkppc_constants.G  > module_wkppc_constants.H
sed -e "s/gridmu/grid%mu/g" -e "s/gridMu/grid%Mu/g" module_wkppc_constants.H > module_wkppc_constants.bb
/glade/work/rkumar/NASA_HMA/WRFchem_HMA/tools/standard.exe module_wkppc_constants.bb | /lib/cpp -P -nostdinc -traditional-cpp > module_wkppc_constants.f90
rm -f module_wkppc_constants.G module_wkppc_constants.H module_wkppc_constants.bb
time mpif90 -f90=ifort -o module_wkppc_constants.o -c -O3 -ip -fp-model precise -w -ftz -align all -fno-alias -FR -convert big_endian    -I../dyn_em -I../dyn_nmm   -I/glade/work/rkumar/NASA_HMA/WRFchem_HMA/external/esmf_time_f90  -I/glade/work/rkumar/NASA_HMA/WRFchem_HMA/main -I/glade/work/rkumar/NASA_HMA/WRFchem_HMA/external/io_netcdf -I/glade/work/rkumar/NASA_HMA/WRFchem_HMA/external/io_int -I/glade/work/rkumar/NASA_HMA/WRFchem_HMA/frame -I/glade/work/rkumar/NASA_HMA/WRFchem_HMA/share -I/glade/work/rkumar/NASA_HMA/WRFchem_HMA/phys -I/glade/work/rkumar/NASA_HMA/WRFchem_HMA/chem -I/glade/work/rkumar/NASA_HMA/WRFchem_HMA/inc -I/glade/u/apps/ch/opt/netcdf/4.8.1/intel/19.1.1//include  -real-size `expr 8 \* 4` -i4  module_wkppc_constants.f90

real	0m0.543s
user	0m0.047s
sys	0m0.436s
rm -f module_kpp_saprc99_mosaic_8bin_vbs2_aq_Integr.o
sed -e "s/grid%mu/gridmu/g" -e "s/grid%Mu/gridMu/g" -e "s/^\!.*'.*//" -e "s/^ *\!.*'.*//" module_kpp_saprc99_mosaic_8bin_vbs2_aq_Integr.F > module_kpp_saprc99_mosaic_8bin_vbs2_aq_Integr.G
/lib/cpp -P -nostdinc -I/glade/work/rkumar/NASA_HMA/WRFchem_HMA/inc -DEM_CORE=1 -DNMM_CORE=0 -DNMM_MAX_DIM=2600 -DCOAMPS_CORE=0 -DDA_CORE=0 -DEXP_CORE=0 -DIWORDSIZE=4 -DDWORDSIZE=8 -DRWORDSIZE=4 -DLWORDSIZE=4 -DNONSTANDARD_SYSTEM_FUNC  -DWRF_USE_CLM  -DSNICAR_FRC    -DDM_PARALLEL -DNETCDF -DUSE_ALLOCATABLES -DGRIB1 -DINTIO -DKEEP_INT_AROUND -DLIMIT_ARGS -DCONFIG_BUF_LEN=65536 -DMAX_DOMAINS_F=21 -DMAX_HISTORY=25 -DNMM_NEST=0 -DWRF_CHEM -DBUILD_CHEM=1 -DWRF_KPP -I. -traditional-cpp   module_kpp_saprc99_mosaic_8bin_vbs2_aq_Integr.G  > module_kpp_saprc99_mosaic_8bin_vbs2_aq_Integr.H
sed -e "s/gridmu/grid%mu/g" -e "s/gridMu/grid%Mu/g" module_kpp_saprc99_mosaic_8bin_vbs2_aq_Integr.H > module_kpp_saprc99_mosaic_8bin_vbs2_aq_Integr.bb
/glade/work/rkumar/NASA_HMA/WRFchem_HMA/tools/standard.exe module_kpp_saprc99_mosaic_8bin_vbs2_aq_Integr.bb | /lib/cpp -P -nostdinc -traditional-cpp > module_kpp_saprc99_mosaic_8bin_vbs2_aq_Integr.f90
rm -f module_kpp_saprc99_mosaic_8bin_vbs2_aq_Integr.G module_kpp_saprc99_mosaic_8bin_vbs2_aq_Integr.H module_kpp_saprc99_mosaic_8bin_vbs2_aq_Integr.bb
time mpif90 -f90=ifort -o module_kpp_saprc99_mosaic_8bin_vbs2_aq_Integr.o -c -O3 -ip -fp-model precise -w -ftz -align all -fno-alias -FR -convert big_endian    -I../dyn_em -I../dyn_nmm   -I/glade/work/rkumar/NASA_HMA/WRFchem_HMA/external/esmf_time_f90  -I/glade/work/rkumar/NASA_HMA/WRFchem_HMA/main -I/glade/work/rkumar/NASA_HMA/WRFchem_HMA/external/io_netcdf -I/glade/work/rkumar/NASA_HMA/WRFchem_HMA/external/io_int -I/glade/work/rkumar/NASA_HMA/WRFchem_HMA/frame -I/glade/work/rkumar/NASA_HMA/WRFchem_HMA/share -I/glade/work/rkumar/NASA_HMA/WRFchem_HMA/phys -I/glade/work/rkumar/NASA_HMA/WRFchem_HMA/chem -I/glade/work/rkumar/NASA_HMA/WRFchem_HMA/inc -I/glade/u/apps/ch/opt/netcdf/4.8.1/intel/19.1.1//include  -real-size `expr 8 \* 4` -i4  module_kpp_saprc99_mosaic_8bin_vbs2_aq_Integr.f90

real	0m15.324s
user	0m14.639s
sys	0m0.612s
rm -f module_kpp_saprc99_mosaic_8bin_vbs2_aq_interface.o
sed -e "s/grid%mu/gridmu/g" -e "s/grid%Mu/gridMu/g" -e "s/^\!.*'.*//" -e "s/^ *\!.*'.*//" module_kpp_saprc99_mosaic_8bin_vbs2_aq_interface.F > module_kpp_saprc99_mosaic_8bin_vbs2_aq_interface.G
/lib/cpp -P -nostdinc -I/glade/work/rkumar/NASA_HMA/WRFchem_HMA/inc -DEM_CORE=1 -DNMM_CORE=0 -DNMM_MAX_DIM=2600 -DCOAMPS_CORE=0 -DDA_CORE=0 -DEXP_CORE=0 -DIWORDSIZE=4 -DDWORDSIZE=8 -DRWORDSIZE=4 -DLWORDSIZE=4 -DNONSTANDARD_SYSTEM_FUNC  -DWRF_USE_CLM  -DSNICAR_FRC    -DDM_PARALLEL -DNETCDF -DUSE_ALLOCATABLES -DGRIB1 -DINTIO -DKEEP_INT_AROUND -DLIMIT_ARGS -DCONFIG_BUF_LEN=65536 -DMAX_DOMAINS_F=21 -DMAX_HISTORY=25 -DNMM_NEST=0 -DWRF_CHEM -DBUILD_CHEM=1 -DWRF_KPP -I. -traditional-cpp   module_kpp_saprc99_mosaic_8bin_vbs2_aq_interface.G  > module_kpp_saprc99_mosaic_8bin_vbs2_aq_interface.H
sed -e "s/gridmu/grid%mu/g" -e "s/gridMu/grid%Mu/g" module_kpp_saprc99_mosaic_8bin_vbs2_aq_interface.H > module_kpp_saprc99_mosaic_8bin_vbs2_aq_interface.bb
/glade/work/rkumar/NASA_HMA/WRFchem_HMA/tools/standard.exe module_kpp_saprc99_mosaic_8bin_vbs2_aq_interface.bb | /lib/cpp -P -nostdinc -traditional-cpp > module_kpp_saprc99_mosaic_8bin_vbs2_aq_interface.f90
rm -f module_kpp_saprc99_mosaic_8bin_vbs2_aq_interface.G module_kpp_saprc99_mosaic_8bin_vbs2_aq_interface.H module_kpp_saprc99_mosaic_8bin_vbs2_aq_interface.bb
time mpif90 -f90=ifort -o module_kpp_saprc99_mosaic_8bin_vbs2_aq_interface.o -c -O3 -ip -fp-model precise -w -ftz -align all -fno-alias -FR -convert big_endian    -I../dyn_em -I../dyn_nmm   -I/glade/work/rkumar/NASA_HMA/WRFchem_HMA/external/esmf_time_f90  -I/glade/work/rkumar/NASA_HMA/WRFchem_HMA/main -I/glade/work/rkumar/NASA_HMA/WRFchem_HMA/external/io_netcdf -I/glade/work/rkumar/NASA_HMA/WRFchem_HMA/external/io_int -I/glade/work/rkumar/NASA_HMA/WRFchem_HMA/frame -I/glade/work/rkumar/NASA_HMA/WRFchem_HMA/share -I/glade/work/rkumar/NASA_HMA/WRFchem_HMA/phys -I/glade/work/rkumar/NASA_HMA/WRFchem_HMA/chem -I/glade/work/rkumar/NASA_HMA/WRFchem_HMA/inc -I/glade/u/apps/ch/opt/netcdf/4.8.1/intel/19.1.1//include  -real-size `expr 8 \* 4` -i4  module_kpp_saprc99_mosaic_8bin_vbs2_aq_interface.f90

real	0m1.581s
user	0m1.006s
sys	0m0.518s
rm -f module_kpp_radm2sorg_Precision.o
sed -e "s/grid%mu/gridmu/g" -e "s/grid%Mu/gridMu/g" -e "s/^\!.*'.*//" -e "s/^ *\!.*'.*//" module_kpp_radm2sorg_Precision.F > module_kpp_radm2sorg_Precision.G
/lib/cpp -P -nostdinc -I/glade/work/rkumar/NASA_HMA/WRFchem_HMA/inc -DEM_CORE=1 -DNMM_CORE=0 -DNMM_MAX_DIM=2600 -DCOAMPS_CORE=0 -DDA_CORE=0 -DEXP_CORE=0 -DIWORDSIZE=4 -DDWORDSIZE=8 -DRWORDSIZE=4 -DLWORDSIZE=4 -DNONSTANDARD_SYSTEM_FUNC  -DWRF_USE_CLM  -DSNICAR_FRC    -DDM_PARALLEL -DNETCDF -DUSE_ALLOCATABLES -DGRIB1 -DINTIO -DKEEP_INT_AROUND -DLIMIT_ARGS -DCONFIG_BUF_LEN=65536 -DMAX_DOMAINS_F=21 -DMAX_HISTORY=25 -DNMM_NEST=0 -DWRF_CHEM -DBUILD_CHEM=1 -DWRF_KPP -I. -traditional-cpp   module_kpp_radm2sorg_Precision.G  > module_kpp_radm2sorg_Precision.H
sed -e "s/gridmu/grid%mu/g" -e "s/gridMu/grid%Mu/g" module_kpp_radm2sorg_Precision.H > module_kpp_radm2sorg_Precision.bb
/glade/work/rkumar/NASA_HMA/WRFchem_HMA/tools/standard.exe module_kpp_radm2sorg_Precision.bb | /lib/cpp -P -nostdinc -traditional-cpp > module_kpp_radm2sorg_Precision.f90
rm -f module_kpp_radm2sorg_Precision.G module_kpp_radm2sorg_Precision.H module_kpp_radm2sorg_Precision.bb
time mpif90 -f90=ifort -o module_kpp_radm2sorg_Precision.o -c -O3 -ip -fp-model precise -w -ftz -align all -fno-alias -FR -convert big_endian    -I../dyn_em -I../dyn_nmm   -I/glade/work/rkumar/NASA_HMA/WRFchem_HMA/external/esmf_time_f90  -I/glade/work/rkumar/NASA_HMA/WRFchem_HMA/main -I/glade/work/rkumar/NASA_HMA/WRFchem_HMA/external/io_netcdf -I/glade/work/rkumar/NASA_HMA/WRFchem_HMA/external/io_int -I/glade/work/rkumar/NASA_HMA/WRFchem_HMA/frame -I/glade/work/rkumar/NASA_HMA/WRFchem_HMA/share -I/glade/work/rkumar/NASA_HMA/WRFchem_HMA/phys -I/glade/work/rkumar/NASA_HMA/WRFchem_HMA/chem -I/glade/work/rkumar/NASA_HMA/WRFchem_HMA/inc -I/glade/u/apps/ch/opt/netcdf/4.8.1/intel/19.1.1//include  -real-size `expr 8 \* 4` -i4  module_kpp_radm2sorg_Precision.f90

real	0m0.603s
user	0m0.050s
sys	0m0.506s
rm -f module_kpp_radm2sorg_Parameters.o
sed -e "s/grid%mu/gridmu/g" -e "s/grid%Mu/gridMu/g" -e "s/^\!.*'.*//" -e "s/^ *\!.*'.*//" module_kpp_radm2sorg_Parameters.F > module_kpp_radm2sorg_Parameters.G
/lib/cpp -P -nostdinc -I/glade/work/rkumar/NASA_HMA/WRFchem_HMA/inc -DEM_CORE=1 -DNMM_CORE=0 -DNMM_MAX_DIM=2600 -DCOAMPS_CORE=0 -DDA_CORE=0 -DEXP_CORE=0 -DIWORDSIZE=4 -DDWORDSIZE=8 -DRWORDSIZE=4 -DLWORDSIZE=4 -DNONSTANDARD_SYSTEM_FUNC  -DWRF_USE_CLM  -DSNICAR_FRC    -DDM_PARALLEL -DNETCDF -DUSE_ALLOCATABLES -DGRIB1 -DINTIO -DKEEP_INT_AROUND -DLIMIT_ARGS -DCONFIG_BUF_LEN=65536 -DMAX_DOMAINS_F=21 -DMAX_HISTORY=25 -DNMM_NEST=0 -DWRF_CHEM -DBUILD_CHEM=1 -DWRF_KPP -I. -traditional-cpp   module_kpp_radm2sorg_Parameters.G  > module_kpp_radm2sorg_Parameters.H
sed -e "s/gridmu/grid%mu/g" -e "s/gridMu/grid%Mu/g" module_kpp_radm2sorg_Parameters.H > module_kpp_radm2sorg_Parameters.bb
/glade/work/rkumar/NASA_HMA/WRFchem_HMA/tools/standard.exe module_kpp_radm2sorg_Parameters.bb | /lib/cpp -P -nostdinc -traditional-cpp > module_kpp_radm2sorg_Parameters.f90
rm -f module_kpp_radm2sorg_Parameters.G module_kpp_radm2sorg_Parameters.H module_kpp_radm2sorg_Parameters.bb
time mpif90 -f90=ifort -o module_kpp_radm2sorg_Parameters.o -c -O3 -ip -fp-model precise -w -ftz -align all -fno-alias -FR -convert big_endian    -I../dyn_em -I../dyn_nmm   -I/glade/work/rkumar/NASA_HMA/WRFchem_HMA/external/esmf_time_f90  -I/glade/work/rkumar/NASA_HMA/WRFchem_HMA/main -I/glade/work/rkumar/NASA_HMA/WRFchem_HMA/external/io_netcdf -I/glade/work/rkumar/NASA_HMA/WRFchem_HMA/external/io_int -I/glade/work/rkumar/NASA_HMA/WRFchem_HMA/frame -I/glade/work/rkumar/NASA_HMA/WRFchem_HMA/share -I/glade/work/rkumar/NASA_HMA/WRFchem_HMA/phys -I/glade/work/rkumar/NASA_HMA/WRFchem_HMA/chem -I/glade/work/rkumar/NASA_HMA/WRFchem_HMA/inc -I/glade/u/apps/ch/opt/netcdf/4.8.1/intel/19.1.1//include  -real-size `expr 8 \* 4` -i4  module_kpp_radm2sorg_Parameters.f90

real	0m0.581s
user	0m0.057s
sys	0m0.479s
rm -f module_kpp_radm2sorg_JacobianSP.o
sed -e "s/grid%mu/gridmu/g" -e "s/grid%Mu/gridMu/g" -e "s/^\!.*'.*//" -e "s/^ *\!.*'.*//" module_kpp_radm2sorg_JacobianSP.F > module_kpp_radm2sorg_JacobianSP.G
/lib/cpp -P -nostdinc -I/glade/work/rkumar/NASA_HMA/WRFchem_HMA/inc -DEM_CORE=1 -DNMM_CORE=0 -DNMM_MAX_DIM=2600 -DCOAMPS_CORE=0 -DDA_CORE=0 -DEXP_CORE=0 -DIWORDSIZE=4 -DDWORDSIZE=8 -DRWORDSIZE=4 -DLWORDSIZE=4 -DNONSTANDARD_SYSTEM_FUNC  -DWRF_USE_CLM  -DSNICAR_FRC    -DDM_PARALLEL -DNETCDF -DUSE_ALLOCATABLES -DGRIB1 -DINTIO -DKEEP_INT_AROUND -DLIMIT_ARGS -DCONFIG_BUF_LEN=65536 -DMAX_DOMAINS_F=21 -DMAX_HISTORY=25 -DNMM_NEST=0 -DWRF_CHEM -DBUILD_CHEM=1 -DWRF_KPP -I. -traditional-cpp   module_kpp_radm2sorg_JacobianSP.G  > module_kpp_radm2sorg_JacobianSP.H
sed -e "s/gridmu/grid%mu/g" -e "s/gridMu/grid%Mu/g" module_kpp_radm2sorg_JacobianSP.H > module_kpp_radm2sorg_JacobianSP.bb
/glade/work/rkumar/NASA_HMA/WRFchem_HMA/tools/standard.exe module_kpp_radm2sorg_JacobianSP.bb | /lib/cpp -P -nostdinc -traditional-cpp > module_kpp_radm2sorg_JacobianSP.f90
rm -f module_kpp_radm2sorg_JacobianSP.G module_kpp_radm2sorg_JacobianSP.H module_kpp_radm2sorg_JacobianSP.bb
time mpif90 -f90=ifort -o module_kpp_radm2sorg_JacobianSP.o -c -O3 -ip -fp-model precise -w -ftz -align all -fno-alias -FR -convert big_endian    -I../dyn_em -I../dyn_nmm   -I/glade/work/rkumar/NASA_HMA/WRFchem_HMA/external/esmf_time_f90  -I/glade/work/rkumar/NASA_HMA/WRFchem_HMA/main -I/glade/work/rkumar/NASA_HMA/WRFchem_HMA/external/io_netcdf -I/glade/work/rkumar/NASA_HMA/WRFchem_HMA/external/io_int -I/glade/work/rkumar/NASA_HMA/WRFchem_HMA/frame -I/glade/work/rkumar/NASA_HMA/WRFchem_HMA/share -I/glade/work/rkumar/NASA_HMA/WRFchem_HMA/phys -I/glade/work/rkumar/NASA_HMA/WRFchem_HMA/chem -I/glade/work/rkumar/NASA_HMA/WRFchem_HMA/inc -I/glade/u/apps/ch/opt/netcdf/4.8.1/intel/19.1.1//include  -real-size `expr 8 \* 4` -i4  module_kpp_radm2sorg_JacobianSP.f90

real	0m0.596s
user	0m0.051s
sys	0m0.484s
rm -f module_kpp_radm2sorg_Jacobian.o
sed -e "s/grid%mu/gridmu/g" -e "s/grid%Mu/gridMu/g" -e "s/^\!.*'.*//" -e "s/^ *\!.*'.*//" module_kpp_radm2sorg_Jacobian.F > module_kpp_radm2sorg_Jacobian.G
/lib/cpp -P -nostdinc -I/glade/work/rkumar/NASA_HMA/WRFchem_HMA/inc -DEM_CORE=1 -DNMM_CORE=0 -DNMM_MAX_DIM=2600 -DCOAMPS_CORE=0 -DDA_CORE=0 -DEXP_CORE=0 -DIWORDSIZE=4 -DDWORDSIZE=8 -DRWORDSIZE=4 -DLWORDSIZE=4 -DNONSTANDARD_SYSTEM_FUNC  -DWRF_USE_CLM  -DSNICAR_FRC    -DDM_PARALLEL -DNETCDF -DUSE_ALLOCATABLES -DGRIB1 -DINTIO -DKEEP_INT_AROUND -DLIMIT_ARGS -DCONFIG_BUF_LEN=65536 -DMAX_DOMAINS_F=21 -DMAX_HISTORY=25 -DNMM_NEST=0 -DWRF_CHEM -DBUILD_CHEM=1 -DWRF_KPP -I. -traditional-cpp   module_kpp_radm2sorg_Jacobian.G  > module_kpp_radm2sorg_Jacobian.H
sed -e "s/gridmu/grid%mu/g" -e "s/gridMu/grid%Mu/g" module_kpp_radm2sorg_Jacobian.H > module_kpp_radm2sorg_Jacobian.bb
/glade/work/rkumar/NASA_HMA/WRFchem_HMA/tools/standard.exe module_kpp_radm2sorg_Jacobian.bb | /lib/cpp -P -nostdinc -traditional-cpp > module_kpp_radm2sorg_Jacobian.f90
rm -f module_kpp_radm2sorg_Jacobian.G module_kpp_radm2sorg_Jacobian.H module_kpp_radm2sorg_Jacobian.bb
time mpif90 -f90=ifort -o module_kpp_radm2sorg_Jacobian.o -c -O3 -ip -fp-model precise -w -ftz -align all -fno-alias -FR -convert big_endian    -I../dyn_em -I../dyn_nmm   -I/glade/work/rkumar/NASA_HMA/WRFchem_HMA/external/esmf_time_f90  -I/glade/work/rkumar/NASA_HMA/WRFchem_HMA/main -I/glade/work/rkumar/NASA_HMA/WRFchem_HMA/external/io_netcdf -I/glade/work/rkumar/NASA_HMA/WRFchem_HMA/external/io_int -I/glade/work/rkumar/NASA_HMA/WRFchem_HMA/frame -I/glade/work/rkumar/NASA_HMA/WRFchem_HMA/share -I/glade/work/rkumar/NASA_HMA/WRFchem_HMA/phys -I/glade/work/rkumar/NASA_HMA/WRFchem_HMA/chem -I/glade/work/rkumar/NASA_HMA/WRFchem_HMA/inc -I/glade/u/apps/ch/opt/netcdf/4.8.1/intel/19.1.1//include  -real-size `expr 8 \* 4` -i4  module_kpp_radm2sorg_Jacobian.f90

real	0m1.002s
user	0m0.459s
sys	0m0.485s
rm -f module_kpp_radm2sorg_Update_Rconst.o
sed -e "s/grid%mu/gridmu/g" -e "s/grid%Mu/gridMu/g" -e "s/^\!.*'.*//" -e "s/^ *\!.*'.*//" module_kpp_radm2sorg_Update_Rconst.F > module_kpp_radm2sorg_Update_Rconst.G
/lib/cpp -P -nostdinc -I/glade/work/rkumar/NASA_HMA/WRFchem_HMA/inc -DEM_CORE=1 -DNMM_CORE=0 -DNMM_MAX_DIM=2600 -DCOAMPS_CORE=0 -DDA_CORE=0 -DEXP_CORE=0 -DIWORDSIZE=4 -DDWORDSIZE=8 -DRWORDSIZE=4 -DLWORDSIZE=4 -DNONSTANDARD_SYSTEM_FUNC  -DWRF_USE_CLM  -DSNICAR_FRC    -DDM_PARALLEL -DNETCDF -DUSE_ALLOCATABLES -DGRIB1 -DINTIO -DKEEP_INT_AROUND -DLIMIT_ARGS -DCONFIG_BUF_LEN=65536 -DMAX_DOMAINS_F=21 -DMAX_HISTORY=25 -DNMM_NEST=0 -DWRF_CHEM -DBUILD_CHEM=1 -DWRF_KPP -I. -traditional-cpp   module_kpp_radm2sorg_Update_Rconst.G  > module_kpp_radm2sorg_Update_Rconst.H
sed -e "s/gridmu/grid%mu/g" -e "s/gridMu/grid%Mu/g" module_kpp_radm2sorg_Update_Rconst.H > module_kpp_radm2sorg_Update_Rconst.bb
/glade/work/rkumar/NASA_HMA/WRFchem_HMA/tools/standard.exe module_kpp_radm2sorg_Update_Rconst.bb | /lib/cpp -P -nostdinc -traditional-cpp > module_kpp_radm2sorg_Update_Rconst.f90
rm -f module_kpp_radm2sorg_Update_Rconst.G module_kpp_radm2sorg_Update_Rconst.H module_kpp_radm2sorg_Update_Rconst.bb
time mpif90 -f90=ifort -o module_kpp_radm2sorg_Update_Rconst.o -c -O3 -ip -fp-model precise -w -ftz -align all -fno-alias -FR -convert big_endian    -I../dyn_em -I../dyn_nmm   -I/glade/work/rkumar/NASA_HMA/WRFchem_HMA/external/esmf_time_f90  -I/glade/work/rkumar/NASA_HMA/WRFchem_HMA/main -I/glade/work/rkumar/NASA_HMA/WRFchem_HMA/external/io_netcdf -I/glade/work/rkumar/NASA_HMA/WRFchem_HMA/external/io_int -I/glade/work/rkumar/NASA_HMA/WRFchem_HMA/frame -I/glade/work/rkumar/NASA_HMA/WRFchem_HMA/share -I/glade/work/rkumar/NASA_HMA/WRFchem_HMA/phys -I/glade/work/rkumar/NASA_HMA/WRFchem_HMA/chem -I/glade/work/rkumar/NASA_HMA/WRFchem_HMA/inc -I/glade/u/apps/ch/opt/netcdf/4.8.1/intel/19.1.1//include  -real-size `expr 8 \* 4` -i4  module_kpp_radm2sorg_Update_Rconst.f90

real	0m0.769s
user	0m0.170s
sys	0m0.519s
rm -f module_kpp_radm2sorg_Integr.o
sed -e "s/grid%mu/gridmu/g" -e "s/grid%Mu/gridMu/g" -e "s/^\!.*'.*//" -e "s/^ *\!.*'.*//" module_kpp_radm2sorg_Integr.F > module_kpp_radm2sorg_Integr.G
/lib/cpp -P -nostdinc -I/glade/work/rkumar/NASA_HMA/WRFchem_HMA/inc -DEM_CORE=1 -DNMM_CORE=0 -DNMM_MAX_DIM=2600 -DCOAMPS_CORE=0 -DDA_CORE=0 -DEXP_CORE=0 -DIWORDSIZE=4 -DDWORDSIZE=8 -DRWORDSIZE=4 -DLWORDSIZE=4 -DNONSTANDARD_SYSTEM_FUNC  -DWRF_USE_CLM  -DSNICAR_FRC    -DDM_PARALLEL -DNETCDF -DUSE_ALLOCATABLES -DGRIB1 -DINTIO -DKEEP_INT_AROUND -DLIMIT_ARGS -DCONFIG_BUF_LEN=65536 -DMAX_DOMAINS_F=21 -DMAX_HISTORY=25 -DNMM_NEST=0 -DWRF_CHEM -DBUILD_CHEM=1 -DWRF_KPP -I. -traditional-cpp   module_kpp_radm2sorg_Integr.G  > module_kpp_radm2sorg_Integr.H
sed -e "s/gridmu/grid%mu/g" -e "s/gridMu/grid%Mu/g" module_kpp_radm2sorg_Integr.H > module_kpp_radm2sorg_Integr.bb
/glade/work/rkumar/NASA_HMA/WRFchem_HMA/tools/standard.exe module_kpp_radm2sorg_Integr.bb | /lib/cpp -P -nostdinc -traditional-cpp > module_kpp_radm2sorg_Integr.f90
rm -f module_kpp_radm2sorg_Integr.G module_kpp_radm2sorg_Integr.H module_kpp_radm2sorg_Integr.bb
time mpif90 -f90=ifort -o module_kpp_radm2sorg_Integr.o -c -O3 -ip -fp-model precise -w -ftz -align all -fno-alias -FR -convert big_endian    -I../dyn_em -I../dyn_nmm   -I/glade/work/rkumar/NASA_HMA/WRFchem_HMA/external/esmf_time_f90  -I/glade/work/rkumar/NASA_HMA/WRFchem_HMA/main -I/glade/work/rkumar/NASA_HMA/WRFchem_HMA/external/io_netcdf -I/glade/work/rkumar/NASA_HMA/WRFchem_HMA/external/io_int -I/glade/work/rkumar/NASA_HMA/WRFchem_HMA/frame -I/glade/work/rkumar/NASA_HMA/WRFchem_HMA/share -I/glade/work/rkumar/NASA_HMA/WRFchem_HMA/phys -I/glade/work/rkumar/NASA_HMA/WRFchem_HMA/chem -I/glade/work/rkumar/NASA_HMA/WRFchem_HMA/inc -I/glade/u/apps/ch/opt/netcdf/4.8.1/intel/19.1.1//include  -real-size `expr 8 \* 4` -i4  module_kpp_radm2sorg_Integr.f90

real	0m8.046s
user	0m7.375s
sys	0m0.614s
rm -f module_kpp_radm2sorg_interface.o
sed -e "s/grid%mu/gridmu/g" -e "s/grid%Mu/gridMu/g" -e "s/^\!.*'.*//" -e "s/^ *\!.*'.*//" module_kpp_radm2sorg_interface.F > module_kpp_radm2sorg_interface.G
/lib/cpp -P -nostdinc -I/glade/work/rkumar/NASA_HMA/WRFchem_HMA/inc -DEM_CORE=1 -DNMM_CORE=0 -DNMM_MAX_DIM=2600 -DCOAMPS_CORE=0 -DDA_CORE=0 -DEXP_CORE=0 -DIWORDSIZE=4 -DDWORDSIZE=8 -DRWORDSIZE=4 -DLWORDSIZE=4 -DNONSTANDARD_SYSTEM_FUNC  -DWRF_USE_CLM  -DSNICAR_FRC    -DDM_PARALLEL -DNETCDF -DUSE_ALLOCATABLES -DGRIB1 -DINTIO -DKEEP_INT_AROUND -DLIMIT_ARGS -DCONFIG_BUF_LEN=65536 -DMAX_DOMAINS_F=21 -DMAX_HISTORY=25 -DNMM_NEST=0 -DWRF_CHEM -DBUILD_CHEM=1 -DWRF_KPP -I. -traditional-cpp   module_kpp_radm2sorg_interface.G  > module_kpp_radm2sorg_interface.H
sed -e "s/gridmu/grid%mu/g" -e "s/gridMu/grid%Mu/g" module_kpp_radm2sorg_interface.H > module_kpp_radm2sorg_interface.bb
/glade/work/rkumar/NASA_HMA/WRFchem_HMA/tools/standard.exe module_kpp_radm2sorg_interface.bb | /lib/cpp -P -nostdinc -traditional-cpp > module_kpp_radm2sorg_interface.f90
rm -f module_kpp_radm2sorg_interface.G module_kpp_radm2sorg_interface.H module_kpp_radm2sorg_interface.bb
time mpif90 -f90=ifort -o module_kpp_radm2sorg_interface.o -c -O3 -ip -fp-model precise -w -ftz -align all -fno-alias -FR -convert big_endian    -I../dyn_em -I../dyn_nmm   -I/glade/work/rkumar/NASA_HMA/WRFchem_HMA/external/esmf_time_f90  -I/glade/work/rkumar/NASA_HMA/WRFchem_HMA/main -I/glade/work/rkumar/NASA_HMA/WRFchem_HMA/external/io_netcdf -I/glade/work/rkumar/NASA_HMA/WRFchem_HMA/external/io_int -I/glade/work/rkumar/NASA_HMA/WRFchem_HMA/frame -I/glade/work/rkumar/NASA_HMA/WRFchem_HMA/share -I/glade/work/rkumar/NASA_HMA/WRFchem_HMA/phys -I/glade/work/rkumar/NASA_HMA/WRFchem_HMA/chem -I/glade/work/rkumar/NASA_HMA/WRFchem_HMA/inc -I/glade/u/apps/ch/opt/netcdf/4.8.1/intel/19.1.1//include  -real-size `expr 8 \* 4` -i4  module_kpp_radm2sorg_interface.f90

real	0m1.509s
user	0m0.837s
sys	0m0.592s
rm -f module_kpp_racm_soa_vbs_aqchem_Precision.o
sed -e "s/grid%mu/gridmu/g" -e "s/grid%Mu/gridMu/g" -e "s/^\!.*'.*//" -e "s/^ *\!.*'.*//" module_kpp_racm_soa_vbs_aqchem_Precision.F > module_kpp_racm_soa_vbs_aqchem_Precision.G
/lib/cpp -P -nostdinc -I/glade/work/rkumar/NASA_HMA/WRFchem_HMA/inc -DEM_CORE=1 -DNMM_CORE=0 -DNMM_MAX_DIM=2600 -DCOAMPS_CORE=0 -DDA_CORE=0 -DEXP_CORE=0 -DIWORDSIZE=4 -DDWORDSIZE=8 -DRWORDSIZE=4 -DLWORDSIZE=4 -DNONSTANDARD_SYSTEM_FUNC  -DWRF_USE_CLM  -DSNICAR_FRC    -DDM_PARALLEL -DNETCDF -DUSE_ALLOCATABLES -DGRIB1 -DINTIO -DKEEP_INT_AROUND -DLIMIT_ARGS -DCONFIG_BUF_LEN=65536 -DMAX_DOMAINS_F=21 -DMAX_HISTORY=25 -DNMM_NEST=0 -DWRF_CHEM -DBUILD_CHEM=1 -DWRF_KPP -I. -traditional-cpp   module_kpp_racm_soa_vbs_aqchem_Precision.G  > module_kpp_racm_soa_vbs_aqchem_Precision.H
sed -e "s/gridmu/grid%mu/g" -e "s/gridMu/grid%Mu/g" module_kpp_racm_soa_vbs_aqchem_Precision.H > module_kpp_racm_soa_vbs_aqchem_Precision.bb
/glade/work/rkumar/NASA_HMA/WRFchem_HMA/tools/standard.exe module_kpp_racm_soa_vbs_aqchem_Precision.bb | /lib/cpp -P -nostdinc -traditional-cpp > module_kpp_racm_soa_vbs_aqchem_Precision.f90
rm -f module_kpp_racm_soa_vbs_aqchem_Precision.G module_kpp_racm_soa_vbs_aqchem_Precision.H module_kpp_racm_soa_vbs_aqchem_Precision.bb
time mpif90 -f90=ifort -o module_kpp_racm_soa_vbs_aqchem_Precision.o -c -O3 -ip -fp-model precise -w -ftz -align all -fno-alias -FR -convert big_endian    -I../dyn_em -I../dyn_nmm   -I/glade/work/rkumar/NASA_HMA/WRFchem_HMA/external/esmf_time_f90  -I/glade/work/rkumar/NASA_HMA/WRFchem_HMA/main -I/glade/work/rkumar/NASA_HMA/WRFchem_HMA/external/io_netcdf -I/glade/work/rkumar/NASA_HMA/WRFchem_HMA/external/io_int -I/glade/work/rkumar/NASA_HMA/WRFchem_HMA/frame -I/glade/work/rkumar/NASA_HMA/WRFchem_HMA/share -I/glade/work/rkumar/NASA_HMA/WRFchem_HMA/phys -I/glade/work/rkumar/NASA_HMA/WRFchem_HMA/chem -I/glade/work/rkumar/NASA_HMA/WRFchem_HMA/inc -I/glade/u/apps/ch/opt/netcdf/4.8.1/intel/19.1.1//include  -real-size `expr 8 \* 4` -i4  module_kpp_racm_soa_vbs_aqchem_Precision.f90

real	0m0.583s
user	0m0.058s
sys	0m0.502s
rm -f module_kpp_racm_soa_vbs_aqchem_Parameters.o
sed -e "s/grid%mu/gridmu/g" -e "s/grid%Mu/gridMu/g" -e "s/^\!.*'.*//" -e "s/^ *\!.*'.*//" module_kpp_racm_soa_vbs_aqchem_Parameters.F > module_kpp_racm_soa_vbs_aqchem_Parameters.G
/lib/cpp -P -nostdinc -I/glade/work/rkumar/NASA_HMA/WRFchem_HMA/inc -DEM_CORE=1 -DNMM_CORE=0 -DNMM_MAX_DIM=2600 -DCOAMPS_CORE=0 -DDA_CORE=0 -DEXP_CORE=0 -DIWORDSIZE=4 -DDWORDSIZE=8 -DRWORDSIZE=4 -DLWORDSIZE=4 -DNONSTANDARD_SYSTEM_FUNC  -DWRF_USE_CLM  -DSNICAR_FRC    -DDM_PARALLEL -DNETCDF -DUSE_ALLOCATABLES -DGRIB1 -DINTIO -DKEEP_INT_AROUND -DLIMIT_ARGS -DCONFIG_BUF_LEN=65536 -DMAX_DOMAINS_F=21 -DMAX_HISTORY=25 -DNMM_NEST=0 -DWRF_CHEM -DBUILD_CHEM=1 -DWRF_KPP -I. -traditional-cpp   module_kpp_racm_soa_vbs_aqchem_Parameters.G  > module_kpp_racm_soa_vbs_aqchem_Parameters.H
sed -e "s/gridmu/grid%mu/g" -e "s/gridMu/grid%Mu/g" module_kpp_racm_soa_vbs_aqchem_Parameters.H > module_kpp_racm_soa_vbs_aqchem_Parameters.bb
/glade/work/rkumar/NASA_HMA/WRFchem_HMA/tools/standard.exe module_kpp_racm_soa_vbs_aqchem_Parameters.bb | /lib/cpp -P -nostdinc -traditional-cpp > module_kpp_racm_soa_vbs_aqchem_Parameters.f90
rm -f module_kpp_racm_soa_vbs_aqchem_Parameters.G module_kpp_racm_soa_vbs_aqchem_Parameters.H module_kpp_racm_soa_vbs_aqchem_Parameters.bb
time mpif90 -f90=ifort -o module_kpp_racm_soa_vbs_aqchem_Parameters.o -c -O3 -ip -fp-model precise -w -ftz -align all -fno-alias -FR -convert big_endian    -I../dyn_em -I../dyn_nmm   -I/glade/work/rkumar/NASA_HMA/WRFchem_HMA/external/esmf_time_f90  -I/glade/work/rkumar/NASA_HMA/WRFchem_HMA/main -I/glade/work/rkumar/NASA_HMA/WRFchem_HMA/external/io_netcdf -I/glade/work/rkumar/NASA_HMA/WRFchem_HMA/external/io_int -I/glade/work/rkumar/NASA_HMA/WRFchem_HMA/frame -I/glade/work/rkumar/NASA_HMA/WRFchem_HMA/share -I/glade/work/rkumar/NASA_HMA/WRFchem_HMA/phys -I/glade/work/rkumar/NASA_HMA/WRFchem_HMA/chem -I/glade/work/rkumar/NASA_HMA/WRFchem_HMA/inc -I/glade/u/apps/ch/opt/netcdf/4.8.1/intel/19.1.1//include  -real-size `expr 8 \* 4` -i4  module_kpp_racm_soa_vbs_aqchem_Parameters.f90

real	0m0.602s
user	0m0.077s
sys	0m0.479s
rm -f module_kpp_racm_soa_vbs_aqchem_JacobianSP.o
sed -e "s/grid%mu/gridmu/g" -e "s/grid%Mu/gridMu/g" -e "s/^\!.*'.*//" -e "s/^ *\!.*'.*//" module_kpp_racm_soa_vbs_aqchem_JacobianSP.F > module_kpp_racm_soa_vbs_aqchem_JacobianSP.G
/lib/cpp -P -nostdinc -I/glade/work/rkumar/NASA_HMA/WRFchem_HMA/inc -DEM_CORE=1 -DNMM_CORE=0 -DNMM_MAX_DIM=2600 -DCOAMPS_CORE=0 -DDA_CORE=0 -DEXP_CORE=0 -DIWORDSIZE=4 -DDWORDSIZE=8 -DRWORDSIZE=4 -DLWORDSIZE=4 -DNONSTANDARD_SYSTEM_FUNC  -DWRF_USE_CLM  -DSNICAR_FRC    -DDM_PARALLEL -DNETCDF -DUSE_ALLOCATABLES -DGRIB1 -DINTIO -DKEEP_INT_AROUND -DLIMIT_ARGS -DCONFIG_BUF_LEN=65536 -DMAX_DOMAINS_F=21 -DMAX_HISTORY=25 -DNMM_NEST=0 -DWRF_CHEM -DBUILD_CHEM=1 -DWRF_KPP -I. -traditional-cpp   module_kpp_racm_soa_vbs_aqchem_JacobianSP.G  > module_kpp_racm_soa_vbs_aqchem_JacobianSP.H
sed -e "s/gridmu/grid%mu/g" -e "s/gridMu/grid%Mu/g" module_kpp_racm_soa_vbs_aqchem_JacobianSP.H > module_kpp_racm_soa_vbs_aqchem_JacobianSP.bb
/glade/work/rkumar/NASA_HMA/WRFchem_HMA/tools/standard.exe module_kpp_racm_soa_vbs_aqchem_JacobianSP.bb | /lib/cpp -P -nostdinc -traditional-cpp > module_kpp_racm_soa_vbs_aqchem_JacobianSP.f90
rm -f module_kpp_racm_soa_vbs_aqchem_JacobianSP.G module_kpp_racm_soa_vbs_aqchem_JacobianSP.H module_kpp_racm_soa_vbs_aqchem_JacobianSP.bb
time mpif90 -f90=ifort -o module_kpp_racm_soa_vbs_aqchem_JacobianSP.o -c -O3 -ip -fp-model precise -w -ftz -align all -fno-alias -FR -convert big_endian    -I../dyn_em -I../dyn_nmm   -I/glade/work/rkumar/NASA_HMA/WRFchem_HMA/external/esmf_time_f90  -I/glade/work/rkumar/NASA_HMA/WRFchem_HMA/main -I/glade/work/rkumar/NASA_HMA/WRFchem_HMA/external/io_netcdf -I/glade/work/rkumar/NASA_HMA/WRFchem_HMA/external/io_int -I/glade/work/rkumar/NASA_HMA/WRFchem_HMA/frame -I/glade/work/rkumar/NASA_HMA/WRFchem_HMA/share -I/glade/work/rkumar/NASA_HMA/WRFchem_HMA/phys -I/glade/work/rkumar/NASA_HMA/WRFchem_HMA/chem -I/glade/work/rkumar/NASA_HMA/WRFchem_HMA/inc -I/glade/u/apps/ch/opt/netcdf/4.8.1/intel/19.1.1//include  -real-size `expr 8 \* 4` -i4  module_kpp_racm_soa_vbs_aqchem_JacobianSP.f90

real	0m0.578s
user	0m0.089s
sys	0m0.472s
rm -f module_kpp_racm_soa_vbs_aqchem_Jacobian.o
sed -e "s/grid%mu/gridmu/g" -e "s/grid%Mu/gridMu/g" -e "s/^\!.*'.*//" -e "s/^ *\!.*'.*//" module_kpp_racm_soa_vbs_aqchem_Jacobian.F > module_kpp_racm_soa_vbs_aqchem_Jacobian.G
/lib/cpp -P -nostdinc -I/glade/work/rkumar/NASA_HMA/WRFchem_HMA/inc -DEM_CORE=1 -DNMM_CORE=0 -DNMM_MAX_DIM=2600 -DCOAMPS_CORE=0 -DDA_CORE=0 -DEXP_CORE=0 -DIWORDSIZE=4 -DDWORDSIZE=8 -DRWORDSIZE=4 -DLWORDSIZE=4 -DNONSTANDARD_SYSTEM_FUNC  -DWRF_USE_CLM  -DSNICAR_FRC    -DDM_PARALLEL -DNETCDF -DUSE_ALLOCATABLES -DGRIB1 -DINTIO -DKEEP_INT_AROUND -DLIMIT_ARGS -DCONFIG_BUF_LEN=65536 -DMAX_DOMAINS_F=21 -DMAX_HISTORY=25 -DNMM_NEST=0 -DWRF_CHEM -DBUILD_CHEM=1 -DWRF_KPP -I. -traditional-cpp   module_kpp_racm_soa_vbs_aqchem_Jacobian.G  > module_kpp_racm_soa_vbs_aqchem_Jacobian.H
sed -e "s/gridmu/grid%mu/g" -e "s/gridMu/grid%Mu/g" module_kpp_racm_soa_vbs_aqchem_Jacobian.H > module_kpp_racm_soa_vbs_aqchem_Jacobian.bb
/glade/work/rkumar/NASA_HMA/WRFchem_HMA/tools/standard.exe module_kpp_racm_soa_vbs_aqchem_Jacobian.bb | /lib/cpp -P -nostdinc -traditional-cpp > module_kpp_racm_soa_vbs_aqchem_Jacobian.f90
rm -f module_kpp_racm_soa_vbs_aqchem_Jacobian.G module_kpp_racm_soa_vbs_aqchem_Jacobian.H module_kpp_racm_soa_vbs_aqchem_Jacobian.bb
time mpif90 -f90=ifort -o module_kpp_racm_soa_vbs_aqchem_Jacobian.o -c -O3 -ip -fp-model precise -w -ftz -align all -fno-alias -FR -convert big_endian    -I../dyn_em -I../dyn_nmm   -I/glade/work/rkumar/NASA_HMA/WRFchem_HMA/external/esmf_time_f90  -I/glade/work/rkumar/NASA_HMA/WRFchem_HMA/main -I/glade/work/rkumar/NASA_HMA/WRFchem_HMA/external/io_netcdf -I/glade/work/rkumar/NASA_HMA/WRFchem_HMA/external/io_int -I/glade/work/rkumar/NASA_HMA/WRFchem_HMA/frame -I/glade/work/rkumar/NASA_HMA/WRFchem_HMA/share -I/glade/work/rkumar/NASA_HMA/WRFchem_HMA/phys -I/glade/work/rkumar/NASA_HMA/WRFchem_HMA/chem -I/glade/work/rkumar/NASA_HMA/WRFchem_HMA/inc -I/glade/u/apps/ch/opt/netcdf/4.8.1/intel/19.1.1//include  -real-size `expr 8 \* 4` -i4  module_kpp_racm_soa_vbs_aqchem_Jacobian.f90

real	0m1.476s
user	0m0.949s
sys	0m0.473s
rm -f module_kpp_racm_soa_vbs_aqchem_Update_Rconst.o
sed -e "s/grid%mu/gridmu/g" -e "s/grid%Mu/gridMu/g" -e "s/^\!.*'.*//" -e "s/^ *\!.*'.*//" module_kpp_racm_soa_vbs_aqchem_Update_Rconst.F > module_kpp_racm_soa_vbs_aqchem_Update_Rconst.G
/lib/cpp -P -nostdinc -I/glade/work/rkumar/NASA_HMA/WRFchem_HMA/inc -DEM_CORE=1 -DNMM_CORE=0 -DNMM_MAX_DIM=2600 -DCOAMPS_CORE=0 -DDA_CORE=0 -DEXP_CORE=0 -DIWORDSIZE=4 -DDWORDSIZE=8 -DRWORDSIZE=4 -DLWORDSIZE=4 -DNONSTANDARD_SYSTEM_FUNC  -DWRF_USE_CLM  -DSNICAR_FRC    -DDM_PARALLEL -DNETCDF -DUSE_ALLOCATABLES -DGRIB1 -DINTIO -DKEEP_INT_AROUND -DLIMIT_ARGS -DCONFIG_BUF_LEN=65536 -DMAX_DOMAINS_F=21 -DMAX_HISTORY=25 -DNMM_NEST=0 -DWRF_CHEM -DBUILD_CHEM=1 -DWRF_KPP -I. -traditional-cpp   module_kpp_racm_soa_vbs_aqchem_Update_Rconst.G  > module_kpp_racm_soa_vbs_aqchem_Update_Rconst.H
sed -e "s/gridmu/grid%mu/g" -e "s/gridMu/grid%Mu/g" module_kpp_racm_soa_vbs_aqchem_Update_Rconst.H > module_kpp_racm_soa_vbs_aqchem_Update_Rconst.bb
/glade/work/rkumar/NASA_HMA/WRFchem_HMA/tools/standard.exe module_kpp_racm_soa_vbs_aqchem_Update_Rconst.bb | /lib/cpp -P -nostdinc -traditional-cpp > module_kpp_racm_soa_vbs_aqchem_Update_Rconst.f90
rm -f module_kpp_racm_soa_vbs_aqchem_Update_Rconst.G module_kpp_racm_soa_vbs_aqchem_Update_Rconst.H module_kpp_racm_soa_vbs_aqchem_Update_Rconst.bb
time mpif90 -f90=ifort -o module_kpp_racm_soa_vbs_aqchem_Update_Rconst.o -c -O3 -ip -fp-model precise -w -ftz -align all -fno-alias -FR -convert big_endian    -I../dyn_em -I../dyn_nmm   -I/glade/work/rkumar/NASA_HMA/WRFchem_HMA/external/esmf_time_f90  -I/glade/work/rkumar/NASA_HMA/WRFchem_HMA/main -I/glade/work/rkumar/NASA_HMA/WRFchem_HMA/external/io_netcdf -I/glade/work/rkumar/NASA_HMA/WRFchem_HMA/external/io_int -I/glade/work/rkumar/NASA_HMA/WRFchem_HMA/frame -I/glade/work/rkumar/NASA_HMA/WRFchem_HMA/share -I/glade/work/rkumar/NASA_HMA/WRFchem_HMA/phys -I/glade/work/rkumar/NASA_HMA/WRFchem_HMA/chem -I/glade/work/rkumar/NASA_HMA/WRFchem_HMA/inc -I/glade/u/apps/ch/opt/netcdf/4.8.1/intel/19.1.1//include  -real-size `expr 8 \* 4` -i4  module_kpp_racm_soa_vbs_aqchem_Update_Rconst.f90

real	0m0.897s
user	0m0.249s
sys	0m0.567s
rm -f module_kpp_racm_soa_vbs_aqchem_Integr.o
sed -e "s/grid%mu/gridmu/g" -e "s/grid%Mu/gridMu/g" -e "s/^\!.*'.*//" -e "s/^ *\!.*'.*//" module_kpp_racm_soa_vbs_aqchem_Integr.F > module_kpp_racm_soa_vbs_aqchem_Integr.G
/lib/cpp -P -nostdinc -I/glade/work/rkumar/NASA_HMA/WRFchem_HMA/inc -DEM_CORE=1 -DNMM_CORE=0 -DNMM_MAX_DIM=2600 -DCOAMPS_CORE=0 -DDA_CORE=0 -DEXP_CORE=0 -DIWORDSIZE=4 -DDWORDSIZE=8 -DRWORDSIZE=4 -DLWORDSIZE=4 -DNONSTANDARD_SYSTEM_FUNC  -DWRF_USE_CLM  -DSNICAR_FRC    -DDM_PARALLEL -DNETCDF -DUSE_ALLOCATABLES -DGRIB1 -DINTIO -DKEEP_INT_AROUND -DLIMIT_ARGS -DCONFIG_BUF_LEN=65536 -DMAX_DOMAINS_F=21 -DMAX_HISTORY=25 -DNMM_NEST=0 -DWRF_CHEM -DBUILD_CHEM=1 -DWRF_KPP -I. -traditional-cpp   module_kpp_racm_soa_vbs_aqchem_Integr.G  > module_kpp_racm_soa_vbs_aqchem_Integr.H
sed -e "s/gridmu/grid%mu/g" -e "s/gridMu/grid%Mu/g" module_kpp_racm_soa_vbs_aqchem_Integr.H > module_kpp_racm_soa_vbs_aqchem_Integr.bb
/glade/work/rkumar/NASA_HMA/WRFchem_HMA/tools/standard.exe module_kpp_racm_soa_vbs_aqchem_Integr.bb | /lib/cpp -P -nostdinc -traditional-cpp > module_kpp_racm_soa_vbs_aqchem_Integr.f90
rm -f module_kpp_racm_soa_vbs_aqchem_Integr.G module_kpp_racm_soa_vbs_aqchem_Integr.H module_kpp_racm_soa_vbs_aqchem_Integr.bb
time mpif90 -f90=ifort -o module_kpp_racm_soa_vbs_aqchem_Integr.o -c -O3 -ip -fp-model precise -w -ftz -align all -fno-alias -FR -convert big_endian    -I../dyn_em -I../dyn_nmm   -I/glade/work/rkumar/NASA_HMA/WRFchem_HMA/external/esmf_time_f90  -I/glade/work/rkumar/NASA_HMA/WRFchem_HMA/main -I/glade/work/rkumar/NASA_HMA/WRFchem_HMA/external/io_netcdf -I/glade/work/rkumar/NASA_HMA/WRFchem_HMA/external/io_int -I/glade/work/rkumar/NASA_HMA/WRFchem_HMA/frame -I/glade/work/rkumar/NASA_HMA/WRFchem_HMA/share -I/glade/work/rkumar/NASA_HMA/WRFchem_HMA/phys -I/glade/work/rkumar/NASA_HMA/WRFchem_HMA/chem -I/glade/work/rkumar/NASA_HMA/WRFchem_HMA/inc -I/glade/u/apps/ch/opt/netcdf/4.8.1/intel/19.1.1//include  -real-size `expr 8 \* 4` -i4  module_kpp_racm_soa_vbs_aqchem_Integr.f90

real	0m22.406s
user	0m21.634s
sys	0m0.712s
rm -f module_kpp_racm_soa_vbs_aqchem_interface.o
sed -e "s/grid%mu/gridmu/g" -e "s/grid%Mu/gridMu/g" -e "s/^\!.*'.*//" -e "s/^ *\!.*'.*//" module_kpp_racm_soa_vbs_aqchem_interface.F > module_kpp_racm_soa_vbs_aqchem_interface.G
/lib/cpp -P -nostdinc -I/glade/work/rkumar/NASA_HMA/WRFchem_HMA/inc -DEM_CORE=1 -DNMM_CORE=0 -DNMM_MAX_DIM=2600 -DCOAMPS_CORE=0 -DDA_CORE=0 -DEXP_CORE=0 -DIWORDSIZE=4 -DDWORDSIZE=8 -DRWORDSIZE=4 -DLWORDSIZE=4 -DNONSTANDARD_SYSTEM_FUNC  -DWRF_USE_CLM  -DSNICAR_FRC    -DDM_PARALLEL -DNETCDF -DUSE_ALLOCATABLES -DGRIB1 -DINTIO -DKEEP_INT_AROUND -DLIMIT_ARGS -DCONFIG_BUF_LEN=65536 -DMAX_DOMAINS_F=21 -DMAX_HISTORY=25 -DNMM_NEST=0 -DWRF_CHEM -DBUILD_CHEM=1 -DWRF_KPP -I. -traditional-cpp   module_kpp_racm_soa_vbs_aqchem_interface.G  > module_kpp_racm_soa_vbs_aqchem_interface.H
sed -e "s/gridmu/grid%mu/g" -e "s/gridMu/grid%Mu/g" module_kpp_racm_soa_vbs_aqchem_interface.H > module_kpp_racm_soa_vbs_aqchem_interface.bb
/glade/work/rkumar/NASA_HMA/WRFchem_HMA/tools/standard.exe module_kpp_racm_soa_vbs_aqchem_interface.bb | /lib/cpp -P -nostdinc -traditional-cpp > module_kpp_racm_soa_vbs_aqchem_interface.f90
rm -f module_kpp_racm_soa_vbs_aqchem_interface.G module_kpp_racm_soa_vbs_aqchem_interface.H module_kpp_racm_soa_vbs_aqchem_interface.bb
time mpif90 -f90=ifort -o module_kpp_racm_soa_vbs_aqchem_interface.o -c -O3 -ip -fp-model precise -w -ftz -align all -fno-alias -FR -convert big_endian    -I../dyn_em -I../dyn_nmm   -I/glade/work/rkumar/NASA_HMA/WRFchem_HMA/external/esmf_time_f90  -I/glade/work/rkumar/NASA_HMA/WRFchem_HMA/main -I/glade/work/rkumar/NASA_HMA/WRFchem_HMA/external/io_netcdf -I/glade/work/rkumar/NASA_HMA/WRFchem_HMA/external/io_int -I/glade/work/rkumar/NASA_HMA/WRFchem_HMA/frame -I/glade/work/rkumar/NASA_HMA/WRFchem_HMA/share -I/glade/work/rkumar/NASA_HMA/WRFchem_HMA/phys -I/glade/work/rkumar/NASA_HMA/WRFchem_HMA/chem -I/glade/work/rkumar/NASA_HMA/WRFchem_HMA/inc -I/glade/u/apps/ch/opt/netcdf/4.8.1/intel/19.1.1//include  -real-size `expr 8 \* 4` -i4  module_kpp_racm_soa_vbs_aqchem_interface.f90

real	0m1.785s
user	0m1.234s
sys	0m0.490s
rm -f module_kpp_cb05_sorg_vbs_aq_Precision.o
sed -e "s/grid%mu/gridmu/g" -e "s/grid%Mu/gridMu/g" -e "s/^\!.*'.*//" -e "s/^ *\!.*'.*//" module_kpp_cb05_sorg_vbs_aq_Precision.F > module_kpp_cb05_sorg_vbs_aq_Precision.G
/lib/cpp -P -nostdinc -I/glade/work/rkumar/NASA_HMA/WRFchem_HMA/inc -DEM_CORE=1 -DNMM_CORE=0 -DNMM_MAX_DIM=2600 -DCOAMPS_CORE=0 -DDA_CORE=0 -DEXP_CORE=0 -DIWORDSIZE=4 -DDWORDSIZE=8 -DRWORDSIZE=4 -DLWORDSIZE=4 -DNONSTANDARD_SYSTEM_FUNC  -DWRF_USE_CLM  -DSNICAR_FRC    -DDM_PARALLEL -DNETCDF -DUSE_ALLOCATABLES -DGRIB1 -DINTIO -DKEEP_INT_AROUND -DLIMIT_ARGS -DCONFIG_BUF_LEN=65536 -DMAX_DOMAINS_F=21 -DMAX_HISTORY=25 -DNMM_NEST=0 -DWRF_CHEM -DBUILD_CHEM=1 -DWRF_KPP -I. -traditional-cpp   module_kpp_cb05_sorg_vbs_aq_Precision.G  > module_kpp_cb05_sorg_vbs_aq_Precision.H
sed -e "s/gridmu/grid%mu/g" -e "s/gridMu/grid%Mu/g" module_kpp_cb05_sorg_vbs_aq_Precision.H > module_kpp_cb05_sorg_vbs_aq_Precision.bb
/glade/work/rkumar/NASA_HMA/WRFchem_HMA/tools/standard.exe module_kpp_cb05_sorg_vbs_aq_Precision.bb | /lib/cpp -P -nostdinc -traditional-cpp > module_kpp_cb05_sorg_vbs_aq_Precision.f90
rm -f module_kpp_cb05_sorg_vbs_aq_Precision.G module_kpp_cb05_sorg_vbs_aq_Precision.H module_kpp_cb05_sorg_vbs_aq_Precision.bb
time mpif90 -f90=ifort -o module_kpp_cb05_sorg_vbs_aq_Precision.o -c -O3 -ip -fp-model precise -w -ftz -align all -fno-alias -FR -convert big_endian    -I../dyn_em -I../dyn_nmm   -I/glade/work/rkumar/NASA_HMA/WRFchem_HMA/external/esmf_time_f90  -I/glade/work/rkumar/NASA_HMA/WRFchem_HMA/main -I/glade/work/rkumar/NASA_HMA/WRFchem_HMA/external/io_netcdf -I/glade/work/rkumar/NASA_HMA/WRFchem_HMA/external/io_int -I/glade/work/rkumar/NASA_HMA/WRFchem_HMA/frame -I/glade/work/rkumar/NASA_HMA/WRFchem_HMA/share -I/glade/work/rkumar/NASA_HMA/WRFchem_HMA/phys -I/glade/work/rkumar/NASA_HMA/WRFchem_HMA/chem -I/glade/work/rkumar/NASA_HMA/WRFchem_HMA/inc -I/glade/u/apps/ch/opt/netcdf/4.8.1/intel/19.1.1//include  -real-size `expr 8 \* 4` -i4  module_kpp_cb05_sorg_vbs_aq_Precision.f90

real	0m0.643s
user	0m0.065s
sys	0m0.529s
rm -f module_kpp_cb05_sorg_vbs_aq_Parameters.o
sed -e "s/grid%mu/gridmu/g" -e "s/grid%Mu/gridMu/g" -e "s/^\!.*'.*//" -e "s/^ *\!.*'.*//" module_kpp_cb05_sorg_vbs_aq_Parameters.F > module_kpp_cb05_sorg_vbs_aq_Parameters.G
/lib/cpp -P -nostdinc -I/glade/work/rkumar/NASA_HMA/WRFchem_HMA/inc -DEM_CORE=1 -DNMM_CORE=0 -DNMM_MAX_DIM=2600 -DCOAMPS_CORE=0 -DDA_CORE=0 -DEXP_CORE=0 -DIWORDSIZE=4 -DDWORDSIZE=8 -DRWORDSIZE=4 -DLWORDSIZE=4 -DNONSTANDARD_SYSTEM_FUNC  -DWRF_USE_CLM  -DSNICAR_FRC    -DDM_PARALLEL -DNETCDF -DUSE_ALLOCATABLES -DGRIB1 -DINTIO -DKEEP_INT_AROUND -DLIMIT_ARGS -DCONFIG_BUF_LEN=65536 -DMAX_DOMAINS_F=21 -DMAX_HISTORY=25 -DNMM_NEST=0 -DWRF_CHEM -DBUILD_CHEM=1 -DWRF_KPP -I. -traditional-cpp   module_kpp_cb05_sorg_vbs_aq_Parameters.G  > module_kpp_cb05_sorg_vbs_aq_Parameters.H
sed -e "s/gridmu/grid%mu/g" -e "s/gridMu/grid%Mu/g" module_kpp_cb05_sorg_vbs_aq_Parameters.H > module_kpp_cb05_sorg_vbs_aq_Parameters.bb
/glade/work/rkumar/NASA_HMA/WRFchem_HMA/tools/standard.exe module_kpp_cb05_sorg_vbs_aq_Parameters.bb | /lib/cpp -P -nostdinc -traditional-cpp > module_kpp_cb05_sorg_vbs_aq_Parameters.f90
rm -f module_kpp_cb05_sorg_vbs_aq_Parameters.G module_kpp_cb05_sorg_vbs_aq_Parameters.H module_kpp_cb05_sorg_vbs_aq_Parameters.bb
time mpif90 -f90=ifort -o module_kpp_cb05_sorg_vbs_aq_Parameters.o -c -O3 -ip -fp-model precise -w -ftz -align all -fno-alias -FR -convert big_endian    -I../dyn_em -I../dyn_nmm   -I/glade/work/rkumar/NASA_HMA/WRFchem_HMA/external/esmf_time_f90  -I/glade/work/rkumar/NASA_HMA/WRFchem_HMA/main -I/glade/work/rkumar/NASA_HMA/WRFchem_HMA/external/io_netcdf -I/glade/work/rkumar/NASA_HMA/WRFchem_HMA/external/io_int -I/glade/work/rkumar/NASA_HMA/WRFchem_HMA/frame -I/glade/work/rkumar/NASA_HMA/WRFchem_HMA/share -I/glade/work/rkumar/NASA_HMA/WRFchem_HMA/phys -I/glade/work/rkumar/NASA_HMA/WRFchem_HMA/chem -I/glade/work/rkumar/NASA_HMA/WRFchem_HMA/inc -I/glade/u/apps/ch/opt/netcdf/4.8.1/intel/19.1.1//include  -real-size `expr 8 \* 4` -i4  module_kpp_cb05_sorg_vbs_aq_Parameters.f90

real	0m0.576s
user	0m0.063s
sys	0m0.468s
rm -f module_kpp_cb05_sorg_vbs_aq_JacobianSP.o
sed -e "s/grid%mu/gridmu/g" -e "s/grid%Mu/gridMu/g" -e "s/^\!.*'.*//" -e "s/^ *\!.*'.*//" module_kpp_cb05_sorg_vbs_aq_JacobianSP.F > module_kpp_cb05_sorg_vbs_aq_JacobianSP.G
/lib/cpp -P -nostdinc -I/glade/work/rkumar/NASA_HMA/WRFchem_HMA/inc -DEM_CORE=1 -DNMM_CORE=0 -DNMM_MAX_DIM=2600 -DCOAMPS_CORE=0 -DDA_CORE=0 -DEXP_CORE=0 -DIWORDSIZE=4 -DDWORDSIZE=8 -DRWORDSIZE=4 -DLWORDSIZE=4 -DNONSTANDARD_SYSTEM_FUNC  -DWRF_USE_CLM  -DSNICAR_FRC    -DDM_PARALLEL -DNETCDF -DUSE_ALLOCATABLES -DGRIB1 -DINTIO -DKEEP_INT_AROUND -DLIMIT_ARGS -DCONFIG_BUF_LEN=65536 -DMAX_DOMAINS_F=21 -DMAX_HISTORY=25 -DNMM_NEST=0 -DWRF_CHEM -DBUILD_CHEM=1 -DWRF_KPP -I. -traditional-cpp   module_kpp_cb05_sorg_vbs_aq_JacobianSP.G  > module_kpp_cb05_sorg_vbs_aq_JacobianSP.H
sed -e "s/gridmu/grid%mu/g" -e "s/gridMu/grid%Mu/g" module_kpp_cb05_sorg_vbs_aq_JacobianSP.H > module_kpp_cb05_sorg_vbs_aq_JacobianSP.bb
/glade/work/rkumar/NASA_HMA/WRFchem_HMA/tools/standard.exe module_kpp_cb05_sorg_vbs_aq_JacobianSP.bb | /lib/cpp -P -nostdinc -traditional-cpp > module_kpp_cb05_sorg_vbs_aq_JacobianSP.f90
rm -f module_kpp_cb05_sorg_vbs_aq_JacobianSP.G module_kpp_cb05_sorg_vbs_aq_JacobianSP.H module_kpp_cb05_sorg_vbs_aq_JacobianSP.bb
time mpif90 -f90=ifort -o module_kpp_cb05_sorg_vbs_aq_JacobianSP.o -c -O3 -ip -fp-model precise -w -ftz -align all -fno-alias -FR -convert big_endian    -I../dyn_em -I../dyn_nmm   -I/glade/work/rkumar/NASA_HMA/WRFchem_HMA/external/esmf_time_f90  -I/glade/work/rkumar/NASA_HMA/WRFchem_HMA/main -I/glade/work/rkumar/NASA_HMA/WRFchem_HMA/external/io_netcdf -I/glade/work/rkumar/NASA_HMA/WRFchem_HMA/external/io_int -I/glade/work/rkumar/NASA_HMA/WRFchem_HMA/frame -I/glade/work/rkumar/NASA_HMA/WRFchem_HMA/share -I/glade/work/rkumar/NASA_HMA/WRFchem_HMA/phys -I/glade/work/rkumar/NASA_HMA/WRFchem_HMA/chem -I/glade/work/rkumar/NASA_HMA/WRFchem_HMA/inc -I/glade/u/apps/ch/opt/netcdf/4.8.1/intel/19.1.1//include  -real-size `expr 8 \* 4` -i4  module_kpp_cb05_sorg_vbs_aq_JacobianSP.f90

real	0m0.576s
user	0m0.061s
sys	0m0.462s
rm -f module_kpp_cb05_sorg_vbs_aq_Jacobian.o
sed -e "s/grid%mu/gridmu/g" -e "s/grid%Mu/gridMu/g" -e "s/^\!.*'.*//" -e "s/^ *\!.*'.*//" module_kpp_cb05_sorg_vbs_aq_Jacobian.F > module_kpp_cb05_sorg_vbs_aq_Jacobian.G
/lib/cpp -P -nostdinc -I/glade/work/rkumar/NASA_HMA/WRFchem_HMA/inc -DEM_CORE=1 -DNMM_CORE=0 -DNMM_MAX_DIM=2600 -DCOAMPS_CORE=0 -DDA_CORE=0 -DEXP_CORE=0 -DIWORDSIZE=4 -DDWORDSIZE=8 -DRWORDSIZE=4 -DLWORDSIZE=4 -DNONSTANDARD_SYSTEM_FUNC  -DWRF_USE_CLM  -DSNICAR_FRC    -DDM_PARALLEL -DNETCDF -DUSE_ALLOCATABLES -DGRIB1 -DINTIO -DKEEP_INT_AROUND -DLIMIT_ARGS -DCONFIG_BUF_LEN=65536 -DMAX_DOMAINS_F=21 -DMAX_HISTORY=25 -DNMM_NEST=0 -DWRF_CHEM -DBUILD_CHEM=1 -DWRF_KPP -I. -traditional-cpp   module_kpp_cb05_sorg_vbs_aq_Jacobian.G  > module_kpp_cb05_sorg_vbs_aq_Jacobian.H
sed -e "s/gridmu/grid%mu/g" -e "s/gridMu/grid%Mu/g" module_kpp_cb05_sorg_vbs_aq_Jacobian.H > module_kpp_cb05_sorg_vbs_aq_Jacobian.bb
/glade/work/rkumar/NASA_HMA/WRFchem_HMA/tools/standard.exe module_kpp_cb05_sorg_vbs_aq_Jacobian.bb | /lib/cpp -P -nostdinc -traditional-cpp > module_kpp_cb05_sorg_vbs_aq_Jacobian.f90
rm -f module_kpp_cb05_sorg_vbs_aq_Jacobian.G module_kpp_cb05_sorg_vbs_aq_Jacobian.H module_kpp_cb05_sorg_vbs_aq_Jacobian.bb
time mpif90 -f90=ifort -o module_kpp_cb05_sorg_vbs_aq_Jacobian.o -c -O3 -ip -fp-model precise -w -ftz -align all -fno-alias -FR -convert big_endian    -I../dyn_em -I../dyn_nmm   -I/glade/work/rkumar/NASA_HMA/WRFchem_HMA/external/esmf_time_f90  -I/glade/work/rkumar/NASA_HMA/WRFchem_HMA/main -I/glade/work/rkumar/NASA_HMA/WRFchem_HMA/external/io_netcdf -I/glade/work/rkumar/NASA_HMA/WRFchem_HMA/external/io_int -I/glade/work/rkumar/NASA_HMA/WRFchem_HMA/frame -I/glade/work/rkumar/NASA_HMA/WRFchem_HMA/share -I/glade/work/rkumar/NASA_HMA/WRFchem_HMA/phys -I/glade/work/rkumar/NASA_HMA/WRFchem_HMA/chem -I/glade/work/rkumar/NASA_HMA/WRFchem_HMA/inc -I/glade/u/apps/ch/opt/netcdf/4.8.1/intel/19.1.1//include  -real-size `expr 8 \* 4` -i4  module_kpp_cb05_sorg_vbs_aq_Jacobian.f90

real	0m1.276s
user	0m0.705s
sys	0m0.526s
rm -f module_kpp_cb05_sorg_vbs_aq_Update_Rconst.o
sed -e "s/grid%mu/gridmu/g" -e "s/grid%Mu/gridMu/g" -e "s/^\!.*'.*//" -e "s/^ *\!.*'.*//" module_kpp_cb05_sorg_vbs_aq_Update_Rconst.F > module_kpp_cb05_sorg_vbs_aq_Update_Rconst.G
/lib/cpp -P -nostdinc -I/glade/work/rkumar/NASA_HMA/WRFchem_HMA/inc -DEM_CORE=1 -DNMM_CORE=0 -DNMM_MAX_DIM=2600 -DCOAMPS_CORE=0 -DDA_CORE=0 -DEXP_CORE=0 -DIWORDSIZE=4 -DDWORDSIZE=8 -DRWORDSIZE=4 -DLWORDSIZE=4 -DNONSTANDARD_SYSTEM_FUNC  -DWRF_USE_CLM  -DSNICAR_FRC    -DDM_PARALLEL -DNETCDF -DUSE_ALLOCATABLES -DGRIB1 -DINTIO -DKEEP_INT_AROUND -DLIMIT_ARGS -DCONFIG_BUF_LEN=65536 -DMAX_DOMAINS_F=21 -DMAX_HISTORY=25 -DNMM_NEST=0 -DWRF_CHEM -DBUILD_CHEM=1 -DWRF_KPP -I. -traditional-cpp   module_kpp_cb05_sorg_vbs_aq_Update_Rconst.G  > module_kpp_cb05_sorg_vbs_aq_Update_Rconst.H
sed -e "s/gridmu/grid%mu/g" -e "s/gridMu/grid%Mu/g" module_kpp_cb05_sorg_vbs_aq_Update_Rconst.H > module_kpp_cb05_sorg_vbs_aq_Update_Rconst.bb
/glade/work/rkumar/NASA_HMA/WRFchem_HMA/tools/standard.exe module_kpp_cb05_sorg_vbs_aq_Update_Rconst.bb | /lib/cpp -P -nostdinc -traditional-cpp > module_kpp_cb05_sorg_vbs_aq_Update_Rconst.f90
rm -f module_kpp_cb05_sorg_vbs_aq_Update_Rconst.G module_kpp_cb05_sorg_vbs_aq_Update_Rconst.H module_kpp_cb05_sorg_vbs_aq_Update_Rconst.bb
time mpif90 -f90=ifort -o module_kpp_cb05_sorg_vbs_aq_Update_Rconst.o -c -O3 -ip -fp-model precise -w -ftz -align all -fno-alias -FR -convert big_endian    -I../dyn_em -I../dyn_nmm   -I/glade/work/rkumar/NASA_HMA/WRFchem_HMA/external/esmf_time_f90  -I/glade/work/rkumar/NASA_HMA/WRFchem_HMA/main -I/glade/work/rkumar/NASA_HMA/WRFchem_HMA/external/io_netcdf -I/glade/work/rkumar/NASA_HMA/WRFchem_HMA/external/io_int -I/glade/work/rkumar/NASA_HMA/WRFchem_HMA/frame -I/glade/work/rkumar/NASA_HMA/WRFchem_HMA/share -I/glade/work/rkumar/NASA_HMA/WRFchem_HMA/phys -I/glade/work/rkumar/NASA_HMA/WRFchem_HMA/chem -I/glade/work/rkumar/NASA_HMA/WRFchem_HMA/inc -I/glade/u/apps/ch/opt/netcdf/4.8.1/intel/19.1.1//include  -real-size `expr 8 \* 4` -i4  module_kpp_cb05_sorg_vbs_aq_Update_Rconst.f90

real	0m0.789s
user	0m0.223s
sys	0m0.499s
rm -f module_kpp_cb05_sorg_vbs_aq_Integr.o
sed -e "s/grid%mu/gridmu/g" -e "s/grid%Mu/gridMu/g" -e "s/^\!.*'.*//" -e "s/^ *\!.*'.*//" module_kpp_cb05_sorg_vbs_aq_Integr.F > module_kpp_cb05_sorg_vbs_aq_Integr.G
/lib/cpp -P -nostdinc -I/glade/work/rkumar/NASA_HMA/WRFchem_HMA/inc -DEM_CORE=1 -DNMM_CORE=0 -DNMM_MAX_DIM=2600 -DCOAMPS_CORE=0 -DDA_CORE=0 -DEXP_CORE=0 -DIWORDSIZE=4 -DDWORDSIZE=8 -DRWORDSIZE=4 -DLWORDSIZE=4 -DNONSTANDARD_SYSTEM_FUNC  -DWRF_USE_CLM  -DSNICAR_FRC    -DDM_PARALLEL -DNETCDF -DUSE_ALLOCATABLES -DGRIB1 -DINTIO -DKEEP_INT_AROUND -DLIMIT_ARGS -DCONFIG_BUF_LEN=65536 -DMAX_DOMAINS_F=21 -DMAX_HISTORY=25 -DNMM_NEST=0 -DWRF_CHEM -DBUILD_CHEM=1 -DWRF_KPP -I. -traditional-cpp   module_kpp_cb05_sorg_vbs_aq_Integr.G  > module_kpp_cb05_sorg_vbs_aq_Integr.H
sed -e "s/gridmu/grid%mu/g" -e "s/gridMu/grid%Mu/g" module_kpp_cb05_sorg_vbs_aq_Integr.H > module_kpp_cb05_sorg_vbs_aq_Integr.bb
/glade/work/rkumar/NASA_HMA/WRFchem_HMA/tools/standard.exe module_kpp_cb05_sorg_vbs_aq_Integr.bb | /lib/cpp -P -nostdinc -traditional-cpp > module_kpp_cb05_sorg_vbs_aq_Integr.f90
rm -f module_kpp_cb05_sorg_vbs_aq_Integr.G module_kpp_cb05_sorg_vbs_aq_Integr.H module_kpp_cb05_sorg_vbs_aq_Integr.bb
time mpif90 -f90=ifort -o module_kpp_cb05_sorg_vbs_aq_Integr.o -c -O3 -ip -fp-model precise -w -ftz -align all -fno-alias -FR -convert big_endian    -I../dyn_em -I../dyn_nmm   -I/glade/work/rkumar/NASA_HMA/WRFchem_HMA/external/esmf_time_f90  -I/glade/work/rkumar/NASA_HMA/WRFchem_HMA/main -I/glade/work/rkumar/NASA_HMA/WRFchem_HMA/external/io_netcdf -I/glade/work/rkumar/NASA_HMA/WRFchem_HMA/external/io_int -I/glade/work/rkumar/NASA_HMA/WRFchem_HMA/frame -I/glade/work/rkumar/NASA_HMA/WRFchem_HMA/share -I/glade/work/rkumar/NASA_HMA/WRFchem_HMA/phys -I/glade/work/rkumar/NASA_HMA/WRFchem_HMA/chem -I/glade/work/rkumar/NASA_HMA/WRFchem_HMA/inc -I/glade/u/apps/ch/opt/netcdf/4.8.1/intel/19.1.1//include  -real-size `expr 8 \* 4` -i4  module_kpp_cb05_sorg_vbs_aq_Integr.f90

real	0m9.933s
user	0m9.199s
sys	0m0.656s
rm -f module_kpp_cb05_sorg_vbs_aq_interface.o
sed -e "s/grid%mu/gridmu/g" -e "s/grid%Mu/gridMu/g" -e "s/^\!.*'.*//" -e "s/^ *\!.*'.*//" module_kpp_cb05_sorg_vbs_aq_interface.F > module_kpp_cb05_sorg_vbs_aq_interface.G
/lib/cpp -P -nostdinc -I/glade/work/rkumar/NASA_HMA/WRFchem_HMA/inc -DEM_CORE=1 -DNMM_CORE=0 -DNMM_MAX_DIM=2600 -DCOAMPS_CORE=0 -DDA_CORE=0 -DEXP_CORE=0 -DIWORDSIZE=4 -DDWORDSIZE=8 -DRWORDSIZE=4 -DLWORDSIZE=4 -DNONSTANDARD_SYSTEM_FUNC  -DWRF_USE_CLM  -DSNICAR_FRC    -DDM_PARALLEL -DNETCDF -DUSE_ALLOCATABLES -DGRIB1 -DINTIO -DKEEP_INT_AROUND -DLIMIT_ARGS -DCONFIG_BUF_LEN=65536 -DMAX_DOMAINS_F=21 -DMAX_HISTORY=25 -DNMM_NEST=0 -DWRF_CHEM -DBUILD_CHEM=1 -DWRF_KPP -I. -traditional-cpp   module_kpp_cb05_sorg_vbs_aq_interface.G  > module_kpp_cb05_sorg_vbs_aq_interface.H
sed -e "s/gridmu/grid%mu/g" -e "s/gridMu/grid%Mu/g" module_kpp_cb05_sorg_vbs_aq_interface.H > module_kpp_cb05_sorg_vbs_aq_interface.bb
/glade/work/rkumar/NASA_HMA/WRFchem_HMA/tools/standard.exe module_kpp_cb05_sorg_vbs_aq_interface.bb | /lib/cpp -P -nostdinc -traditional-cpp > module_kpp_cb05_sorg_vbs_aq_interface.f90
rm -f module_kpp_cb05_sorg_vbs_aq_interface.G module_kpp_cb05_sorg_vbs_aq_interface.H module_kpp_cb05_sorg_vbs_aq_interface.bb
time mpif90 -f90=ifort -o module_kpp_cb05_sorg_vbs_aq_interface.o -c -O3 -ip -fp-model precise -w -ftz -align all -fno-alias -FR -convert big_endian    -I../dyn_em -I../dyn_nmm   -I/glade/work/rkumar/NASA_HMA/WRFchem_HMA/external/esmf_time_f90  -I/glade/work/rkumar/NASA_HMA/WRFchem_HMA/main -I/glade/work/rkumar/NASA_HMA/WRFchem_HMA/external/io_netcdf -I/glade/work/rkumar/NASA_HMA/WRFchem_HMA/external/io_int -I/glade/work/rkumar/NASA_HMA/WRFchem_HMA/frame -I/glade/work/rkumar/NASA_HMA/WRFchem_HMA/share -I/glade/work/rkumar/NASA_HMA/WRFchem_HMA/phys -I/glade/work/rkumar/NASA_HMA/WRFchem_HMA/chem -I/glade/work/rkumar/NASA_HMA/WRFchem_HMA/inc -I/glade/u/apps/ch/opt/netcdf/4.8.1/intel/19.1.1//include  -real-size `expr 8 \* 4` -i4  module_kpp_cb05_sorg_vbs_aq_interface.f90

real	0m2.614s
user	0m2.032s
sys	0m0.529s
rm -f module_kpp_racm_Precision.o
sed -e "s/grid%mu/gridmu/g" -e "s/grid%Mu/gridMu/g" -e "s/^\!.*'.*//" -e "s/^ *\!.*'.*//" module_kpp_racm_Precision.F > module_kpp_racm_Precision.G
/lib/cpp -P -nostdinc -I/glade/work/rkumar/NASA_HMA/WRFchem_HMA/inc -DEM_CORE=1 -DNMM_CORE=0 -DNMM_MAX_DIM=2600 -DCOAMPS_CORE=0 -DDA_CORE=0 -DEXP_CORE=0 -DIWORDSIZE=4 -DDWORDSIZE=8 -DRWORDSIZE=4 -DLWORDSIZE=4 -DNONSTANDARD_SYSTEM_FUNC  -DWRF_USE_CLM  -DSNICAR_FRC    -DDM_PARALLEL -DNETCDF -DUSE_ALLOCATABLES -DGRIB1 -DINTIO -DKEEP_INT_AROUND -DLIMIT_ARGS -DCONFIG_BUF_LEN=65536 -DMAX_DOMAINS_F=21 -DMAX_HISTORY=25 -DNMM_NEST=0 -DWRF_CHEM -DBUILD_CHEM=1 -DWRF_KPP -I. -traditional-cpp   module_kpp_racm_Precision.G  > module_kpp_racm_Precision.H
sed -e "s/gridmu/grid%mu/g" -e "s/gridMu/grid%Mu/g" module_kpp_racm_Precision.H > module_kpp_racm_Precision.bb
/glade/work/rkumar/NASA_HMA/WRFchem_HMA/tools/standard.exe module_kpp_racm_Precision.bb | /lib/cpp -P -nostdinc -traditional-cpp > module_kpp_racm_Precision.f90
rm -f module_kpp_racm_Precision.G module_kpp_racm_Precision.H module_kpp_racm_Precision.bb
time mpif90 -f90=ifort -o module_kpp_racm_Precision.o -c -O3 -ip -fp-model precise -w -ftz -align all -fno-alias -FR -convert big_endian    -I../dyn_em -I../dyn_nmm   -I/glade/work/rkumar/NASA_HMA/WRFchem_HMA/external/esmf_time_f90  -I/glade/work/rkumar/NASA_HMA/WRFchem_HMA/main -I/glade/work/rkumar/NASA_HMA/WRFchem_HMA/external/io_netcdf -I/glade/work/rkumar/NASA_HMA/WRFchem_HMA/external/io_int -I/glade/work/rkumar/NASA_HMA/WRFchem_HMA/frame -I/glade/work/rkumar/NASA_HMA/WRFchem_HMA/share -I/glade/work/rkumar/NASA_HMA/WRFchem_HMA/phys -I/glade/work/rkumar/NASA_HMA/WRFchem_HMA/chem -I/glade/work/rkumar/NASA_HMA/WRFchem_HMA/inc -I/glade/u/apps/ch/opt/netcdf/4.8.1/intel/19.1.1//include  -real-size `expr 8 \* 4` -i4  module_kpp_racm_Precision.f90

real	0m0.598s
user	0m0.051s
sys	0m0.481s
rm -f module_kpp_racm_Parameters.o
sed -e "s/grid%mu/gridmu/g" -e "s/grid%Mu/gridMu/g" -e "s/^\!.*'.*//" -e "s/^ *\!.*'.*//" module_kpp_racm_Parameters.F > module_kpp_racm_Parameters.G
/lib/cpp -P -nostdinc -I/glade/work/rkumar/NASA_HMA/WRFchem_HMA/inc -DEM_CORE=1 -DNMM_CORE=0 -DNMM_MAX_DIM=2600 -DCOAMPS_CORE=0 -DDA_CORE=0 -DEXP_CORE=0 -DIWORDSIZE=4 -DDWORDSIZE=8 -DRWORDSIZE=4 -DLWORDSIZE=4 -DNONSTANDARD_SYSTEM_FUNC  -DWRF_USE_CLM  -DSNICAR_FRC    -DDM_PARALLEL -DNETCDF -DUSE_ALLOCATABLES -DGRIB1 -DINTIO -DKEEP_INT_AROUND -DLIMIT_ARGS -DCONFIG_BUF_LEN=65536 -DMAX_DOMAINS_F=21 -DMAX_HISTORY=25 -DNMM_NEST=0 -DWRF_CHEM -DBUILD_CHEM=1 -DWRF_KPP -I. -traditional-cpp   module_kpp_racm_Parameters.G  > module_kpp_racm_Parameters.H
sed -e "s/gridmu/grid%mu/g" -e "s/gridMu/grid%Mu/g" module_kpp_racm_Parameters.H > module_kpp_racm_Parameters.bb
/glade/work/rkumar/NASA_HMA/WRFchem_HMA/tools/standard.exe module_kpp_racm_Parameters.bb | /lib/cpp -P -nostdinc -traditional-cpp > module_kpp_racm_Parameters.f90
rm -f module_kpp_racm_Parameters.G module_kpp_racm_Parameters.H module_kpp_racm_Parameters.bb
time mpif90 -f90=ifort -o module_kpp_racm_Parameters.o -c -O3 -ip -fp-model precise -w -ftz -align all -fno-alias -FR -convert big_endian    -I../dyn_em -I../dyn_nmm   -I/glade/work/rkumar/NASA_HMA/WRFchem_HMA/external/esmf_time_f90  -I/glade/work/rkumar/NASA_HMA/WRFchem_HMA/main -I/glade/work/rkumar/NASA_HMA/WRFchem_HMA/external/io_netcdf -I/glade/work/rkumar/NASA_HMA/WRFchem_HMA/external/io_int -I/glade/work/rkumar/NASA_HMA/WRFchem_HMA/frame -I/glade/work/rkumar/NASA_HMA/WRFchem_HMA/share -I/glade/work/rkumar/NASA_HMA/WRFchem_HMA/phys -I/glade/work/rkumar/NASA_HMA/WRFchem_HMA/chem -I/glade/work/rkumar/NASA_HMA/WRFchem_HMA/inc -I/glade/u/apps/ch/opt/netcdf/4.8.1/intel/19.1.1//include  -real-size `expr 8 \* 4` -i4  module_kpp_racm_Parameters.f90

real	0m0.582s
user	0m0.049s
sys	0m0.470s
rm -f module_kpp_racm_JacobianSP.o
sed -e "s/grid%mu/gridmu/g" -e "s/grid%Mu/gridMu/g" -e "s/^\!.*'.*//" -e "s/^ *\!.*'.*//" module_kpp_racm_JacobianSP.F > module_kpp_racm_JacobianSP.G
/lib/cpp -P -nostdinc -I/glade/work/rkumar/NASA_HMA/WRFchem_HMA/inc -DEM_CORE=1 -DNMM_CORE=0 -DNMM_MAX_DIM=2600 -DCOAMPS_CORE=0 -DDA_CORE=0 -DEXP_CORE=0 -DIWORDSIZE=4 -DDWORDSIZE=8 -DRWORDSIZE=4 -DLWORDSIZE=4 -DNONSTANDARD_SYSTEM_FUNC  -DWRF_USE_CLM  -DSNICAR_FRC    -DDM_PARALLEL -DNETCDF -DUSE_ALLOCATABLES -DGRIB1 -DINTIO -DKEEP_INT_AROUND -DLIMIT_ARGS -DCONFIG_BUF_LEN=65536 -DMAX_DOMAINS_F=21 -DMAX_HISTORY=25 -DNMM_NEST=0 -DWRF_CHEM -DBUILD_CHEM=1 -DWRF_KPP -I. -traditional-cpp   module_kpp_racm_JacobianSP.G  > module_kpp_racm_JacobianSP.H
sed -e "s/gridmu/grid%mu/g" -e "s/gridMu/grid%Mu/g" module_kpp_racm_JacobianSP.H > module_kpp_racm_JacobianSP.bb
/glade/work/rkumar/NASA_HMA/WRFchem_HMA/tools/standard.exe module_kpp_racm_JacobianSP.bb | /lib/cpp -P -nostdinc -traditional-cpp > module_kpp_racm_JacobianSP.f90
rm -f module_kpp_racm_JacobianSP.G module_kpp_racm_JacobianSP.H module_kpp_racm_JacobianSP.bb
time mpif90 -f90=ifort -o module_kpp_racm_JacobianSP.o -c -O3 -ip -fp-model precise -w -ftz -align all -fno-alias -FR -convert big_endian    -I../dyn_em -I../dyn_nmm   -I/glade/work/rkumar/NASA_HMA/WRFchem_HMA/external/esmf_time_f90  -I/glade/work/rkumar/NASA_HMA/WRFchem_HMA/main -I/glade/work/rkumar/NASA_HMA/WRFchem_HMA/external/io_netcdf -I/glade/work/rkumar/NASA_HMA/WRFchem_HMA/external/io_int -I/glade/work/rkumar/NASA_HMA/WRFchem_HMA/frame -I/glade/work/rkumar/NASA_HMA/WRFchem_HMA/share -I/glade/work/rkumar/NASA_HMA/WRFchem_HMA/phys -I/glade/work/rkumar/NASA_HMA/WRFchem_HMA/chem -I/glade/work/rkumar/NASA_HMA/WRFchem_HMA/inc -I/glade/u/apps/ch/opt/netcdf/4.8.1/intel/19.1.1//include  -real-size `expr 8 \* 4` -i4  module_kpp_racm_JacobianSP.f90

real	0m0.579s
user	0m0.062s
sys	0m0.452s
rm -f module_kpp_racm_Jacobian.o
sed -e "s/grid%mu/gridmu/g" -e "s/grid%Mu/gridMu/g" -e "s/^\!.*'.*//" -e "s/^ *\!.*'.*//" module_kpp_racm_Jacobian.F > module_kpp_racm_Jacobian.G
/lib/cpp -P -nostdinc -I/glade/work/rkumar/NASA_HMA/WRFchem_HMA/inc -DEM_CORE=1 -DNMM_CORE=0 -DNMM_MAX_DIM=2600 -DCOAMPS_CORE=0 -DDA_CORE=0 -DEXP_CORE=0 -DIWORDSIZE=4 -DDWORDSIZE=8 -DRWORDSIZE=4 -DLWORDSIZE=4 -DNONSTANDARD_SYSTEM_FUNC  -DWRF_USE_CLM  -DSNICAR_FRC    -DDM_PARALLEL -DNETCDF -DUSE_ALLOCATABLES -DGRIB1 -DINTIO -DKEEP_INT_AROUND -DLIMIT_ARGS -DCONFIG_BUF_LEN=65536 -DMAX_DOMAINS_F=21 -DMAX_HISTORY=25 -DNMM_NEST=0 -DWRF_CHEM -DBUILD_CHEM=1 -DWRF_KPP -I. -traditional-cpp   module_kpp_racm_Jacobian.G  > module_kpp_racm_Jacobian.H
sed -e "s/gridmu/grid%mu/g" -e "s/gridMu/grid%Mu/g" module_kpp_racm_Jacobian.H > module_kpp_racm_Jacobian.bb
/glade/work/rkumar/NASA_HMA/WRFchem_HMA/tools/standard.exe module_kpp_racm_Jacobian.bb | /lib/cpp -P -nostdinc -traditional-cpp > module_kpp_racm_Jacobian.f90
rm -f module_kpp_racm_Jacobian.G module_kpp_racm_Jacobian.H module_kpp_racm_Jacobian.bb
time mpif90 -f90=ifort -o module_kpp_racm_Jacobian.o -c -O3 -ip -fp-model precise -w -ftz -align all -fno-alias -FR -convert big_endian    -I../dyn_em -I../dyn_nmm   -I/glade/work/rkumar/NASA_HMA/WRFchem_HMA/external/esmf_time_f90  -I/glade/work/rkumar/NASA_HMA/WRFchem_HMA/main -I/glade/work/rkumar/NASA_HMA/WRFchem_HMA/external/io_netcdf -I/glade/work/rkumar/NASA_HMA/WRFchem_HMA/external/io_int -I/glade/work/rkumar/NASA_HMA/WRFchem_HMA/frame -I/glade/work/rkumar/NASA_HMA/WRFchem_HMA/share -I/glade/work/rkumar/NASA_HMA/WRFchem_HMA/phys -I/glade/work/rkumar/NASA_HMA/WRFchem_HMA/chem -I/glade/work/rkumar/NASA_HMA/WRFchem_HMA/inc -I/glade/u/apps/ch/opt/netcdf/4.8.1/intel/19.1.1//include  -real-size `expr 8 \* 4` -i4  module_kpp_racm_Jacobian.f90

real	0m1.380s
user	0m0.823s
sys	0m0.491s
rm -f module_kpp_racm_Update_Rconst.o
sed -e "s/grid%mu/gridmu/g" -e "s/grid%Mu/gridMu/g" -e "s/^\!.*'.*//" -e "s/^ *\!.*'.*//" module_kpp_racm_Update_Rconst.F > module_kpp_racm_Update_Rconst.G
/lib/cpp -P -nostdinc -I/glade/work/rkumar/NASA_HMA/WRFchem_HMA/inc -DEM_CORE=1 -DNMM_CORE=0 -DNMM_MAX_DIM=2600 -DCOAMPS_CORE=0 -DDA_CORE=0 -DEXP_CORE=0 -DIWORDSIZE=4 -DDWORDSIZE=8 -DRWORDSIZE=4 -DLWORDSIZE=4 -DNONSTANDARD_SYSTEM_FUNC  -DWRF_USE_CLM  -DSNICAR_FRC    -DDM_PARALLEL -DNETCDF -DUSE_ALLOCATABLES -DGRIB1 -DINTIO -DKEEP_INT_AROUND -DLIMIT_ARGS -DCONFIG_BUF_LEN=65536 -DMAX_DOMAINS_F=21 -DMAX_HISTORY=25 -DNMM_NEST=0 -DWRF_CHEM -DBUILD_CHEM=1 -DWRF_KPP -I. -traditional-cpp   module_kpp_racm_Update_Rconst.G  > module_kpp_racm_Update_Rconst.H
sed -e "s/gridmu/grid%mu/g" -e "s/gridMu/grid%Mu/g" module_kpp_racm_Update_Rconst.H > module_kpp_racm_Update_Rconst.bb
/glade/work/rkumar/NASA_HMA/WRFchem_HMA/tools/standard.exe module_kpp_racm_Update_Rconst.bb | /lib/cpp -P -nostdinc -traditional-cpp > module_kpp_racm_Update_Rconst.f90
rm -f module_kpp_racm_Update_Rconst.G module_kpp_racm_Update_Rconst.H module_kpp_racm_Update_Rconst.bb
time mpif90 -f90=ifort -o module_kpp_racm_Update_Rconst.o -c -O3 -ip -fp-model precise -w -ftz -align all -fno-alias -FR -convert big_endian    -I../dyn_em -I../dyn_nmm   -I/glade/work/rkumar/NASA_HMA/WRFchem_HMA/external/esmf_time_f90  -I/glade/work/rkumar/NASA_HMA/WRFchem_HMA/main -I/glade/work/rkumar/NASA_HMA/WRFchem_HMA/external/io_netcdf -I/glade/work/rkumar/NASA_HMA/WRFchem_HMA/external/io_int -I/glade/work/rkumar/NASA_HMA/WRFchem_HMA/frame -I/glade/work/rkumar/NASA_HMA/WRFchem_HMA/share -I/glade/work/rkumar/NASA_HMA/WRFchem_HMA/phys -I/glade/work/rkumar/NASA_HMA/WRFchem_HMA/chem -I/glade/work/rkumar/NASA_HMA/WRFchem_HMA/inc -I/glade/u/apps/ch/opt/netcdf/4.8.1/intel/19.1.1//include  -real-size `expr 8 \* 4` -i4  module_kpp_racm_Update_Rconst.f90

real	0m0.766s
user	0m0.222s
sys	0m0.479s
rm -f module_kpp_racm_Integr.o
sed -e "s/grid%mu/gridmu/g" -e "s/grid%Mu/gridMu/g" -e "s/^\!.*'.*//" -e "s/^ *\!.*'.*//" module_kpp_racm_Integr.F > module_kpp_racm_Integr.G
/lib/cpp -P -nostdinc -I/glade/work/rkumar/NASA_HMA/WRFchem_HMA/inc -DEM_CORE=1 -DNMM_CORE=0 -DNMM_MAX_DIM=2600 -DCOAMPS_CORE=0 -DDA_CORE=0 -DEXP_CORE=0 -DIWORDSIZE=4 -DDWORDSIZE=8 -DRWORDSIZE=4 -DLWORDSIZE=4 -DNONSTANDARD_SYSTEM_FUNC  -DWRF_USE_CLM  -DSNICAR_FRC    -DDM_PARALLEL -DNETCDF -DUSE_ALLOCATABLES -DGRIB1 -DINTIO -DKEEP_INT_AROUND -DLIMIT_ARGS -DCONFIG_BUF_LEN=65536 -DMAX_DOMAINS_F=21 -DMAX_HISTORY=25 -DNMM_NEST=0 -DWRF_CHEM -DBUILD_CHEM=1 -DWRF_KPP -I. -traditional-cpp   module_kpp_racm_Integr.G  > module_kpp_racm_Integr.H
sed -e "s/gridmu/grid%mu/g" -e "s/gridMu/grid%Mu/g" module_kpp_racm_Integr.H > module_kpp_racm_Integr.bb
/glade/work/rkumar/NASA_HMA/WRFchem_HMA/tools/standard.exe module_kpp_racm_Integr.bb | /lib/cpp -P -nostdinc -traditional-cpp > module_kpp_racm_Integr.f90
rm -f module_kpp_racm_Integr.G module_kpp_racm_Integr.H module_kpp_racm_Integr.bb
time mpif90 -f90=ifort -o module_kpp_racm_Integr.o -c -O3 -ip -fp-model precise -w -ftz -align all -fno-alias -FR -convert big_endian    -I../dyn_em -I../dyn_nmm   -I/glade/work/rkumar/NASA_HMA/WRFchem_HMA/external/esmf_time_f90  -I/glade/work/rkumar/NASA_HMA/WRFchem_HMA/main -I/glade/work/rkumar/NASA_HMA/WRFchem_HMA/external/io_netcdf -I/glade/work/rkumar/NASA_HMA/WRFchem_HMA/external/io_int -I/glade/work/rkumar/NASA_HMA/WRFchem_HMA/frame -I/glade/work/rkumar/NASA_HMA/WRFchem_HMA/share -I/glade/work/rkumar/NASA_HMA/WRFchem_HMA/phys -I/glade/work/rkumar/NASA_HMA/WRFchem_HMA/chem -I/glade/work/rkumar/NASA_HMA/WRFchem_HMA/inc -I/glade/u/apps/ch/opt/netcdf/4.8.1/intel/19.1.1//include  -real-size `expr 8 \* 4` -i4  module_kpp_racm_Integr.f90

real	0m20.063s
user	0m19.058s
sys	0m0.925s
rm -f module_kpp_racm_interface.o
sed -e "s/grid%mu/gridmu/g" -e "s/grid%Mu/gridMu/g" -e "s/^\!.*'.*//" -e "s/^ *\!.*'.*//" module_kpp_racm_interface.F > module_kpp_racm_interface.G
/lib/cpp -P -nostdinc -I/glade/work/rkumar/NASA_HMA/WRFchem_HMA/inc -DEM_CORE=1 -DNMM_CORE=0 -DNMM_MAX_DIM=2600 -DCOAMPS_CORE=0 -DDA_CORE=0 -DEXP_CORE=0 -DIWORDSIZE=4 -DDWORDSIZE=8 -DRWORDSIZE=4 -DLWORDSIZE=4 -DNONSTANDARD_SYSTEM_FUNC  -DWRF_USE_CLM  -DSNICAR_FRC    -DDM_PARALLEL -DNETCDF -DUSE_ALLOCATABLES -DGRIB1 -DINTIO -DKEEP_INT_AROUND -DLIMIT_ARGS -DCONFIG_BUF_LEN=65536 -DMAX_DOMAINS_F=21 -DMAX_HISTORY=25 -DNMM_NEST=0 -DWRF_CHEM -DBUILD_CHEM=1 -DWRF_KPP -I. -traditional-cpp   module_kpp_racm_interface.G  > module_kpp_racm_interface.H
sed -e "s/gridmu/grid%mu/g" -e "s/gridMu/grid%Mu/g" module_kpp_racm_interface.H > module_kpp_racm_interface.bb
/glade/work/rkumar/NASA_HMA/WRFchem_HMA/tools/standard.exe module_kpp_racm_interface.bb | /lib/cpp -P -nostdinc -traditional-cpp > module_kpp_racm_interface.f90
rm -f module_kpp_racm_interface.G module_kpp_racm_interface.H module_kpp_racm_interface.bb
time mpif90 -f90=ifort -o module_kpp_racm_interface.o -c -O3 -ip -fp-model precise -w -ftz -align all -fno-alias -FR -convert big_endian    -I../dyn_em -I../dyn_nmm   -I/glade/work/rkumar/NASA_HMA/WRFchem_HMA/external/esmf_time_f90  -I/glade/work/rkumar/NASA_HMA/WRFchem_HMA/main -I/glade/work/rkumar/NASA_HMA/WRFchem_HMA/external/io_netcdf -I/glade/work/rkumar/NASA_HMA/WRFchem_HMA/external/io_int -I/glade/work/rkumar/NASA_HMA/WRFchem_HMA/frame -I/glade/work/rkumar/NASA_HMA/WRFchem_HMA/share -I/glade/work/rkumar/NASA_HMA/WRFchem_HMA/phys -I/glade/work/rkumar/NASA_HMA/WRFchem_HMA/chem -I/glade/work/rkumar/NASA_HMA/WRFchem_HMA/inc -I/glade/u/apps/ch/opt/netcdf/4.8.1/intel/19.1.1//include  -real-size `expr 8 \* 4` -i4  module_kpp_racm_interface.f90

real	0m1.360s
user	0m0.807s
sys	0m0.482s
rm -f module_kpp_mozart_mosaic_4bin_Precision.o
sed -e "s/grid%mu/gridmu/g" -e "s/grid%Mu/gridMu/g" -e "s/^\!.*'.*//" -e "s/^ *\!.*'.*//" module_kpp_mozart_mosaic_4bin_Precision.F > module_kpp_mozart_mosaic_4bin_Precision.G
/lib/cpp -P -nostdinc -I/glade/work/rkumar/NASA_HMA/WRFchem_HMA/inc -DEM_CORE=1 -DNMM_CORE=0 -DNMM_MAX_DIM=2600 -DCOAMPS_CORE=0 -DDA_CORE=0 -DEXP_CORE=0 -DIWORDSIZE=4 -DDWORDSIZE=8 -DRWORDSIZE=4 -DLWORDSIZE=4 -DNONSTANDARD_SYSTEM_FUNC  -DWRF_USE_CLM  -DSNICAR_FRC    -DDM_PARALLEL -DNETCDF -DUSE_ALLOCATABLES -DGRIB1 -DINTIO -DKEEP_INT_AROUND -DLIMIT_ARGS -DCONFIG_BUF_LEN=65536 -DMAX_DOMAINS_F=21 -DMAX_HISTORY=25 -DNMM_NEST=0 -DWRF_CHEM -DBUILD_CHEM=1 -DWRF_KPP -I. -traditional-cpp   module_kpp_mozart_mosaic_4bin_Precision.G  > module_kpp_mozart_mosaic_4bin_Precision.H
sed -e "s/gridmu/grid%mu/g" -e "s/gridMu/grid%Mu/g" module_kpp_mozart_mosaic_4bin_Precision.H > module_kpp_mozart_mosaic_4bin_Precision.bb
/glade/work/rkumar/NASA_HMA/WRFchem_HMA/tools/standard.exe module_kpp_mozart_mosaic_4bin_Precision.bb | /lib/cpp -P -nostdinc -traditional-cpp > module_kpp_mozart_mosaic_4bin_Precision.f90
rm -f module_kpp_mozart_mosaic_4bin_Precision.G module_kpp_mozart_mosaic_4bin_Precision.H module_kpp_mozart_mosaic_4bin_Precision.bb
time mpif90 -f90=ifort -o module_kpp_mozart_mosaic_4bin_Precision.o -c -O3 -ip -fp-model precise -w -ftz -align all -fno-alias -FR -convert big_endian    -I../dyn_em -I../dyn_nmm   -I/glade/work/rkumar/NASA_HMA/WRFchem_HMA/external/esmf_time_f90  -I/glade/work/rkumar/NASA_HMA/WRFchem_HMA/main -I/glade/work/rkumar/NASA_HMA/WRFchem_HMA/external/io_netcdf -I/glade/work/rkumar/NASA_HMA/WRFchem_HMA/external/io_int -I/glade/work/rkumar/NASA_HMA/WRFchem_HMA/frame -I/glade/work/rkumar/NASA_HMA/WRFchem_HMA/share -I/glade/work/rkumar/NASA_HMA/WRFchem_HMA/phys -I/glade/work/rkumar/NASA_HMA/WRFchem_HMA/chem -I/glade/work/rkumar/NASA_HMA/WRFchem_HMA/inc -I/glade/u/apps/ch/opt/netcdf/4.8.1/intel/19.1.1//include  -real-size `expr 8 \* 4` -i4  module_kpp_mozart_mosaic_4bin_Precision.f90

real	0m0.625s
user	0m0.037s
sys	0m0.519s
rm -f module_kpp_mozart_mosaic_4bin_Parameters.o
sed -e "s/grid%mu/gridmu/g" -e "s/grid%Mu/gridMu/g" -e "s/^\!.*'.*//" -e "s/^ *\!.*'.*//" module_kpp_mozart_mosaic_4bin_Parameters.F > module_kpp_mozart_mosaic_4bin_Parameters.G
/lib/cpp -P -nostdinc -I/glade/work/rkumar/NASA_HMA/WRFchem_HMA/inc -DEM_CORE=1 -DNMM_CORE=0 -DNMM_MAX_DIM=2600 -DCOAMPS_CORE=0 -DDA_CORE=0 -DEXP_CORE=0 -DIWORDSIZE=4 -DDWORDSIZE=8 -DRWORDSIZE=4 -DLWORDSIZE=4 -DNONSTANDARD_SYSTEM_FUNC  -DWRF_USE_CLM  -DSNICAR_FRC    -DDM_PARALLEL -DNETCDF -DUSE_ALLOCATABLES -DGRIB1 -DINTIO -DKEEP_INT_AROUND -DLIMIT_ARGS -DCONFIG_BUF_LEN=65536 -DMAX_DOMAINS_F=21 -DMAX_HISTORY=25 -DNMM_NEST=0 -DWRF_CHEM -DBUILD_CHEM=1 -DWRF_KPP -I. -traditional-cpp   module_kpp_mozart_mosaic_4bin_Parameters.G  > module_kpp_mozart_mosaic_4bin_Parameters.H
sed -e "s/gridmu/grid%mu/g" -e "s/gridMu/grid%Mu/g" module_kpp_mozart_mosaic_4bin_Parameters.H > module_kpp_mozart_mosaic_4bin_Parameters.bb
/glade/work/rkumar/NASA_HMA/WRFchem_HMA/tools/standard.exe module_kpp_mozart_mosaic_4bin_Parameters.bb | /lib/cpp -P -nostdinc -traditional-cpp > module_kpp_mozart_mosaic_4bin_Parameters.f90
rm -f module_kpp_mozart_mosaic_4bin_Parameters.G module_kpp_mozart_mosaic_4bin_Parameters.H module_kpp_mozart_mosaic_4bin_Parameters.bb
time mpif90 -f90=ifort -o module_kpp_mozart_mosaic_4bin_Parameters.o -c -O3 -ip -fp-model precise -w -ftz -align all -fno-alias -FR -convert big_endian    -I../dyn_em -I../dyn_nmm   -I/glade/work/rkumar/NASA_HMA/WRFchem_HMA/external/esmf_time_f90  -I/glade/work/rkumar/NASA_HMA/WRFchem_HMA/main -I/glade/work/rkumar/NASA_HMA/WRFchem_HMA/external/io_netcdf -I/glade/work/rkumar/NASA_HMA/WRFchem_HMA/external/io_int -I/glade/work/rkumar/NASA_HMA/WRFchem_HMA/frame -I/glade/work/rkumar/NASA_HMA/WRFchem_HMA/share -I/glade/work/rkumar/NASA_HMA/WRFchem_HMA/phys -I/glade/work/rkumar/NASA_HMA/WRFchem_HMA/chem -I/glade/work/rkumar/NASA_HMA/WRFchem_HMA/inc -I/glade/u/apps/ch/opt/netcdf/4.8.1/intel/19.1.1//include  -real-size `expr 8 \* 4` -i4  module_kpp_mozart_mosaic_4bin_Parameters.f90

real	0m0.617s
user	0m0.063s
sys	0m0.509s
rm -f module_kpp_mozart_mosaic_4bin_JacobianSP.o
sed -e "s/grid%mu/gridmu/g" -e "s/grid%Mu/gridMu/g" -e "s/^\!.*'.*//" -e "s/^ *\!.*'.*//" module_kpp_mozart_mosaic_4bin_JacobianSP.F > module_kpp_mozart_mosaic_4bin_JacobianSP.G
/lib/cpp -P -nostdinc -I/glade/work/rkumar/NASA_HMA/WRFchem_HMA/inc -DEM_CORE=1 -DNMM_CORE=0 -DNMM_MAX_DIM=2600 -DCOAMPS_CORE=0 -DDA_CORE=0 -DEXP_CORE=0 -DIWORDSIZE=4 -DDWORDSIZE=8 -DRWORDSIZE=4 -DLWORDSIZE=4 -DNONSTANDARD_SYSTEM_FUNC  -DWRF_USE_CLM  -DSNICAR_FRC    -DDM_PARALLEL -DNETCDF -DUSE_ALLOCATABLES -DGRIB1 -DINTIO -DKEEP_INT_AROUND -DLIMIT_ARGS -DCONFIG_BUF_LEN=65536 -DMAX_DOMAINS_F=21 -DMAX_HISTORY=25 -DNMM_NEST=0 -DWRF_CHEM -DBUILD_CHEM=1 -DWRF_KPP -I. -traditional-cpp   module_kpp_mozart_mosaic_4bin_JacobianSP.G  > module_kpp_mozart_mosaic_4bin_JacobianSP.H
sed -e "s/gridmu/grid%mu/g" -e "s/gridMu/grid%Mu/g" module_kpp_mozart_mosaic_4bin_JacobianSP.H > module_kpp_mozart_mosaic_4bin_JacobianSP.bb
/glade/work/rkumar/NASA_HMA/WRFchem_HMA/tools/standard.exe module_kpp_mozart_mosaic_4bin_JacobianSP.bb | /lib/cpp -P -nostdinc -traditional-cpp > module_kpp_mozart_mosaic_4bin_JacobianSP.f90
rm -f module_kpp_mozart_mosaic_4bin_JacobianSP.G module_kpp_mozart_mosaic_4bin_JacobianSP.H module_kpp_mozart_mosaic_4bin_JacobianSP.bb
time mpif90 -f90=ifort -o module_kpp_mozart_mosaic_4bin_JacobianSP.o -c -O3 -ip -fp-model precise -w -ftz -align all -fno-alias -FR -convert big_endian    -I../dyn_em -I../dyn_nmm   -I/glade/work/rkumar/NASA_HMA/WRFchem_HMA/external/esmf_time_f90  -I/glade/work/rkumar/NASA_HMA/WRFchem_HMA/main -I/glade/work/rkumar/NASA_HMA/WRFchem_HMA/external/io_netcdf -I/glade/work/rkumar/NASA_HMA/WRFchem_HMA/external/io_int -I/glade/work/rkumar/NASA_HMA/WRFchem_HMA/frame -I/glade/work/rkumar/NASA_HMA/WRFchem_HMA/share -I/glade/work/rkumar/NASA_HMA/WRFchem_HMA/phys -I/glade/work/rkumar/NASA_HMA/WRFchem_HMA/chem -I/glade/work/rkumar/NASA_HMA/WRFchem_HMA/inc -I/glade/u/apps/ch/opt/netcdf/4.8.1/intel/19.1.1//include  -real-size `expr 8 \* 4` -i4  module_kpp_mozart_mosaic_4bin_JacobianSP.f90

real	0m0.603s
user	0m0.107s
sys	0m0.446s
rm -f module_kpp_mozart_mosaic_4bin_Jacobian.o
sed -e "s/grid%mu/gridmu/g" -e "s/grid%Mu/gridMu/g" -e "s/^\!.*'.*//" -e "s/^ *\!.*'.*//" module_kpp_mozart_mosaic_4bin_Jacobian.F > module_kpp_mozart_mosaic_4bin_Jacobian.G
/lib/cpp -P -nostdinc -I/glade/work/rkumar/NASA_HMA/WRFchem_HMA/inc -DEM_CORE=1 -DNMM_CORE=0 -DNMM_MAX_DIM=2600 -DCOAMPS_CORE=0 -DDA_CORE=0 -DEXP_CORE=0 -DIWORDSIZE=4 -DDWORDSIZE=8 -DRWORDSIZE=4 -DLWORDSIZE=4 -DNONSTANDARD_SYSTEM_FUNC  -DWRF_USE_CLM  -DSNICAR_FRC    -DDM_PARALLEL -DNETCDF -DUSE_ALLOCATABLES -DGRIB1 -DINTIO -DKEEP_INT_AROUND -DLIMIT_ARGS -DCONFIG_BUF_LEN=65536 -DMAX_DOMAINS_F=21 -DMAX_HISTORY=25 -DNMM_NEST=0 -DWRF_CHEM -DBUILD_CHEM=1 -DWRF_KPP -I. -traditional-cpp   module_kpp_mozart_mosaic_4bin_Jacobian.G  > module_kpp_mozart_mosaic_4bin_Jacobian.H
sed -e "s/gridmu/grid%mu/g" -e "s/gridMu/grid%Mu/g" module_kpp_mozart_mosaic_4bin_Jacobian.H > module_kpp_mozart_mosaic_4bin_Jacobian.bb
/glade/work/rkumar/NASA_HMA/WRFchem_HMA/tools/standard.exe module_kpp_mozart_mosaic_4bin_Jacobian.bb | /lib/cpp -P -nostdinc -traditional-cpp > module_kpp_mozart_mosaic_4bin_Jacobian.f90
rm -f module_kpp_mozart_mosaic_4bin_Jacobian.G module_kpp_mozart_mosaic_4bin_Jacobian.H module_kpp_mozart_mosaic_4bin_Jacobian.bb
time mpif90 -f90=ifort -o module_kpp_mozart_mosaic_4bin_Jacobian.o -c -O3 -ip -fp-model precise -w -ftz -align all -fno-alias -FR -convert big_endian    -I../dyn_em -I../dyn_nmm   -I/glade/work/rkumar/NASA_HMA/WRFchem_HMA/external/esmf_time_f90  -I/glade/work/rkumar/NASA_HMA/WRFchem_HMA/main -I/glade/work/rkumar/NASA_HMA/WRFchem_HMA/external/io_netcdf -I/glade/work/rkumar/NASA_HMA/WRFchem_HMA/external/io_int -I/glade/work/rkumar/NASA_HMA/WRFchem_HMA/frame -I/glade/work/rkumar/NASA_HMA/WRFchem_HMA/share -I/glade/work/rkumar/NASA_HMA/WRFchem_HMA/phys -I/glade/work/rkumar/NASA_HMA/WRFchem_HMA/chem -I/glade/work/rkumar/NASA_HMA/WRFchem_HMA/inc -I/glade/u/apps/ch/opt/netcdf/4.8.1/intel/19.1.1//include  -real-size `expr 8 \* 4` -i4  module_kpp_mozart_mosaic_4bin_Jacobian.f90

real	0m2.043s
user	0m1.461s
sys	0m0.536s
rm -f module_kpp_mozart_mosaic_4bin_Update_Rconst.o
sed -e "s/grid%mu/gridmu/g" -e "s/grid%Mu/gridMu/g" -e "s/^\!.*'.*//" -e "s/^ *\!.*'.*//" module_kpp_mozart_mosaic_4bin_Update_Rconst.F > module_kpp_mozart_mosaic_4bin_Update_Rconst.G
/lib/cpp -P -nostdinc -I/glade/work/rkumar/NASA_HMA/WRFchem_HMA/inc -DEM_CORE=1 -DNMM_CORE=0 -DNMM_MAX_DIM=2600 -DCOAMPS_CORE=0 -DDA_CORE=0 -DEXP_CORE=0 -DIWORDSIZE=4 -DDWORDSIZE=8 -DRWORDSIZE=4 -DLWORDSIZE=4 -DNONSTANDARD_SYSTEM_FUNC  -DWRF_USE_CLM  -DSNICAR_FRC    -DDM_PARALLEL -DNETCDF -DUSE_ALLOCATABLES -DGRIB1 -DINTIO -DKEEP_INT_AROUND -DLIMIT_ARGS -DCONFIG_BUF_LEN=65536 -DMAX_DOMAINS_F=21 -DMAX_HISTORY=25 -DNMM_NEST=0 -DWRF_CHEM -DBUILD_CHEM=1 -DWRF_KPP -I. -traditional-cpp   module_kpp_mozart_mosaic_4bin_Update_Rconst.G  > module_kpp_mozart_mosaic_4bin_Update_Rconst.H
sed -e "s/gridmu/grid%mu/g" -e "s/gridMu/grid%Mu/g" module_kpp_mozart_mosaic_4bin_Update_Rconst.H > module_kpp_mozart_mosaic_4bin_Update_Rconst.bb
/glade/work/rkumar/NASA_HMA/WRFchem_HMA/tools/standard.exe module_kpp_mozart_mosaic_4bin_Update_Rconst.bb | /lib/cpp -P -nostdinc -traditional-cpp > module_kpp_mozart_mosaic_4bin_Update_Rconst.f90
rm -f module_kpp_mozart_mosaic_4bin_Update_Rconst.G module_kpp_mozart_mosaic_4bin_Update_Rconst.H module_kpp_mozart_mosaic_4bin_Update_Rconst.bb
time mpif90 -f90=ifort -o module_kpp_mozart_mosaic_4bin_Update_Rconst.o -c -O3 -ip -fp-model precise -w -ftz -align all -fno-alias -FR -convert big_endian    -I../dyn_em -I../dyn_nmm   -I/glade/work/rkumar/NASA_HMA/WRFchem_HMA/external/esmf_time_f90  -I/glade/work/rkumar/NASA_HMA/WRFchem_HMA/main -I/glade/work/rkumar/NASA_HMA/WRFchem_HMA/external/io_netcdf -I/glade/work/rkumar/NASA_HMA/WRFchem_HMA/external/io_int -I/glade/work/rkumar/NASA_HMA/WRFchem_HMA/frame -I/glade/work/rkumar/NASA_HMA/WRFchem_HMA/share -I/glade/work/rkumar/NASA_HMA/WRFchem_HMA/phys -I/glade/work/rkumar/NASA_HMA/WRFchem_HMA/chem -I/glade/work/rkumar/NASA_HMA/WRFchem_HMA/inc -I/glade/u/apps/ch/opt/netcdf/4.8.1/intel/19.1.1//include  -real-size `expr 8 \* 4` -i4  module_kpp_mozart_mosaic_4bin_Update_Rconst.f90

real	0m0.867s
user	0m0.262s
sys	0m0.564s
rm -f module_kpp_mozart_mosaic_4bin_Integr.o
sed -e "s/grid%mu/gridmu/g" -e "s/grid%Mu/gridMu/g" -e "s/^\!.*'.*//" -e "s/^ *\!.*'.*//" module_kpp_mozart_mosaic_4bin_Integr.F > module_kpp_mozart_mosaic_4bin_Integr.G
/lib/cpp -P -nostdinc -I/glade/work/rkumar/NASA_HMA/WRFchem_HMA/inc -DEM_CORE=1 -DNMM_CORE=0 -DNMM_MAX_DIM=2600 -DCOAMPS_CORE=0 -DDA_CORE=0 -DEXP_CORE=0 -DIWORDSIZE=4 -DDWORDSIZE=8 -DRWORDSIZE=4 -DLWORDSIZE=4 -DNONSTANDARD_SYSTEM_FUNC  -DWRF_USE_CLM  -DSNICAR_FRC    -DDM_PARALLEL -DNETCDF -DUSE_ALLOCATABLES -DGRIB1 -DINTIO -DKEEP_INT_AROUND -DLIMIT_ARGS -DCONFIG_BUF_LEN=65536 -DMAX_DOMAINS_F=21 -DMAX_HISTORY=25 -DNMM_NEST=0 -DWRF_CHEM -DBUILD_CHEM=1 -DWRF_KPP -I. -traditional-cpp   module_kpp_mozart_mosaic_4bin_Integr.G  > module_kpp_mozart_mosaic_4bin_Integr.H
sed -e "s/gridmu/grid%mu/g" -e "s/gridMu/grid%Mu/g" module_kpp_mozart_mosaic_4bin_Integr.H > module_kpp_mozart_mosaic_4bin_Integr.bb
/glade/work/rkumar/NASA_HMA/WRFchem_HMA/tools/standard.exe module_kpp_mozart_mosaic_4bin_Integr.bb | /lib/cpp -P -nostdinc -traditional-cpp > module_kpp_mozart_mosaic_4bin_Integr.f90
rm -f module_kpp_mozart_mosaic_4bin_Integr.G module_kpp_mozart_mosaic_4bin_Integr.H module_kpp_mozart_mosaic_4bin_Integr.bb
time mpif90 -f90=ifort -o module_kpp_mozart_mosaic_4bin_Integr.o -c -O3 -ip -fp-model precise -w -ftz -align all -fno-alias -FR -convert big_endian    -I../dyn_em -I../dyn_nmm   -I/glade/work/rkumar/NASA_HMA/WRFchem_HMA/external/esmf_time_f90  -I/glade/work/rkumar/NASA_HMA/WRFchem_HMA/main -I/glade/work/rkumar/NASA_HMA/WRFchem_HMA/external/io_netcdf -I/glade/work/rkumar/NASA_HMA/WRFchem_HMA/external/io_int -I/glade/work/rkumar/NASA_HMA/WRFchem_HMA/frame -I/glade/work/rkumar/NASA_HMA/WRFchem_HMA/share -I/glade/work/rkumar/NASA_HMA/WRFchem_HMA/phys -I/glade/work/rkumar/NASA_HMA/WRFchem_HMA/chem -I/glade/work/rkumar/NASA_HMA/WRFchem_HMA/inc -I/glade/u/apps/ch/opt/netcdf/4.8.1/intel/19.1.1//include  -real-size `expr 8 \* 4` -i4  module_kpp_mozart_mosaic_4bin_Integr.f90

real	0m25.232s
user	0m24.135s
sys	0m1.021s
rm -f module_kpp_mozart_mosaic_4bin_interface.o
sed -e "s/grid%mu/gridmu/g" -e "s/grid%Mu/gridMu/g" -e "s/^\!.*'.*//" -e "s/^ *\!.*'.*//" module_kpp_mozart_mosaic_4bin_interface.F > module_kpp_mozart_mosaic_4bin_interface.G
/lib/cpp -P -nostdinc -I/glade/work/rkumar/NASA_HMA/WRFchem_HMA/inc -DEM_CORE=1 -DNMM_CORE=0 -DNMM_MAX_DIM=2600 -DCOAMPS_CORE=0 -DDA_CORE=0 -DEXP_CORE=0 -DIWORDSIZE=4 -DDWORDSIZE=8 -DRWORDSIZE=4 -DLWORDSIZE=4 -DNONSTANDARD_SYSTEM_FUNC  -DWRF_USE_CLM  -DSNICAR_FRC    -DDM_PARALLEL -DNETCDF -DUSE_ALLOCATABLES -DGRIB1 -DINTIO -DKEEP_INT_AROUND -DLIMIT_ARGS -DCONFIG_BUF_LEN=65536 -DMAX_DOMAINS_F=21 -DMAX_HISTORY=25 -DNMM_NEST=0 -DWRF_CHEM -DBUILD_CHEM=1 -DWRF_KPP -I. -traditional-cpp   module_kpp_mozart_mosaic_4bin_interface.G  > module_kpp_mozart_mosaic_4bin_interface.H
sed -e "s/gridmu/grid%mu/g" -e "s/gridMu/grid%Mu/g" module_kpp_mozart_mosaic_4bin_interface.H > module_kpp_mozart_mosaic_4bin_interface.bb
/glade/work/rkumar/NASA_HMA/WRFchem_HMA/tools/standard.exe module_kpp_mozart_mosaic_4bin_interface.bb | /lib/cpp -P -nostdinc -traditional-cpp > module_kpp_mozart_mosaic_4bin_interface.f90
rm -f module_kpp_mozart_mosaic_4bin_interface.G module_kpp_mozart_mosaic_4bin_interface.H module_kpp_mozart_mosaic_4bin_interface.bb
time mpif90 -f90=ifort -o module_kpp_mozart_mosaic_4bin_interface.o -c -O3 -ip -fp-model precise -w -ftz -align all -fno-alias -FR -convert big_endian    -I../dyn_em -I../dyn_nmm   -I/glade/work/rkumar/NASA_HMA/WRFchem_HMA/external/esmf_time_f90  -I/glade/work/rkumar/NASA_HMA/WRFchem_HMA/main -I/glade/work/rkumar/NASA_HMA/WRFchem_HMA/external/io_netcdf -I/glade/work/rkumar/NASA_HMA/WRFchem_HMA/external/io_int -I/glade/work/rkumar/NASA_HMA/WRFchem_HMA/frame -I/glade/work/rkumar/NASA_HMA/WRFchem_HMA/share -I/glade/work/rkumar/NASA_HMA/WRFchem_HMA/phys -I/glade/work/rkumar/NASA_HMA/WRFchem_HMA/chem -I/glade/work/rkumar/NASA_HMA/WRFchem_HMA/inc -I/glade/u/apps/ch/opt/netcdf/4.8.1/intel/19.1.1//include  -real-size `expr 8 \* 4` -i4  module_kpp_mozart_mosaic_4bin_interface.f90

real	0m2.014s
user	0m1.445s
sys	0m0.497s
rm -f module_kpp_cbm4_Precision.o
sed -e "s/grid%mu/gridmu/g" -e "s/grid%Mu/gridMu/g" -e "s/^\!.*'.*//" -e "s/^ *\!.*'.*//" module_kpp_cbm4_Precision.F > module_kpp_cbm4_Precision.G
/lib/cpp -P -nostdinc -I/glade/work/rkumar/NASA_HMA/WRFchem_HMA/inc -DEM_CORE=1 -DNMM_CORE=0 -DNMM_MAX_DIM=2600 -DCOAMPS_CORE=0 -DDA_CORE=0 -DEXP_CORE=0 -DIWORDSIZE=4 -DDWORDSIZE=8 -DRWORDSIZE=4 -DLWORDSIZE=4 -DNONSTANDARD_SYSTEM_FUNC  -DWRF_USE_CLM  -DSNICAR_FRC    -DDM_PARALLEL -DNETCDF -DUSE_ALLOCATABLES -DGRIB1 -DINTIO -DKEEP_INT_AROUND -DLIMIT_ARGS -DCONFIG_BUF_LEN=65536 -DMAX_DOMAINS_F=21 -DMAX_HISTORY=25 -DNMM_NEST=0 -DWRF_CHEM -DBUILD_CHEM=1 -DWRF_KPP -I. -traditional-cpp   module_kpp_cbm4_Precision.G  > module_kpp_cbm4_Precision.H
sed -e "s/gridmu/grid%mu/g" -e "s/gridMu/grid%Mu/g" module_kpp_cbm4_Precision.H > module_kpp_cbm4_Precision.bb
/glade/work/rkumar/NASA_HMA/WRFchem_HMA/tools/standard.exe module_kpp_cbm4_Precision.bb | /lib/cpp -P -nostdinc -traditional-cpp > module_kpp_cbm4_Precision.f90
rm -f module_kpp_cbm4_Precision.G module_kpp_cbm4_Precision.H module_kpp_cbm4_Precision.bb
time mpif90 -f90=ifort -o module_kpp_cbm4_Precision.o -c -O3 -ip -fp-model precise -w -ftz -align all -fno-alias -FR -convert big_endian    -I../dyn_em -I../dyn_nmm   -I/glade/work/rkumar/NASA_HMA/WRFchem_HMA/external/esmf_time_f90  -I/glade/work/rkumar/NASA_HMA/WRFchem_HMA/main -I/glade/work/rkumar/NASA_HMA/WRFchem_HMA/external/io_netcdf -I/glade/work/rkumar/NASA_HMA/WRFchem_HMA/external/io_int -I/glade/work/rkumar/NASA_HMA/WRFchem_HMA/frame -I/glade/work/rkumar/NASA_HMA/WRFchem_HMA/share -I/glade/work/rkumar/NASA_HMA/WRFchem_HMA/phys -I/glade/work/rkumar/NASA_HMA/WRFchem_HMA/chem -I/glade/work/rkumar/NASA_HMA/WRFchem_HMA/inc -I/glade/u/apps/ch/opt/netcdf/4.8.1/intel/19.1.1//include  -real-size `expr 8 \* 4` -i4  module_kpp_cbm4_Precision.f90

real	0m0.572s
user	0m0.039s
sys	0m0.485s
rm -f module_kpp_cbm4_Parameters.o
sed -e "s/grid%mu/gridmu/g" -e "s/grid%Mu/gridMu/g" -e "s/^\!.*'.*//" -e "s/^ *\!.*'.*//" module_kpp_cbm4_Parameters.F > module_kpp_cbm4_Parameters.G
/lib/cpp -P -nostdinc -I/glade/work/rkumar/NASA_HMA/WRFchem_HMA/inc -DEM_CORE=1 -DNMM_CORE=0 -DNMM_MAX_DIM=2600 -DCOAMPS_CORE=0 -DDA_CORE=0 -DEXP_CORE=0 -DIWORDSIZE=4 -DDWORDSIZE=8 -DRWORDSIZE=4 -DLWORDSIZE=4 -DNONSTANDARD_SYSTEM_FUNC  -DWRF_USE_CLM  -DSNICAR_FRC    -DDM_PARALLEL -DNETCDF -DUSE_ALLOCATABLES -DGRIB1 -DINTIO -DKEEP_INT_AROUND -DLIMIT_ARGS -DCONFIG_BUF_LEN=65536 -DMAX_DOMAINS_F=21 -DMAX_HISTORY=25 -DNMM_NEST=0 -DWRF_CHEM -DBUILD_CHEM=1 -DWRF_KPP -I. -traditional-cpp   module_kpp_cbm4_Parameters.G  > module_kpp_cbm4_Parameters.H
sed -e "s/gridmu/grid%mu/g" -e "s/gridMu/grid%Mu/g" module_kpp_cbm4_Parameters.H > module_kpp_cbm4_Parameters.bb
/glade/work/rkumar/NASA_HMA/WRFchem_HMA/tools/standard.exe module_kpp_cbm4_Parameters.bb | /lib/cpp -P -nostdinc -traditional-cpp > module_kpp_cbm4_Parameters.f90
rm -f module_kpp_cbm4_Parameters.G module_kpp_cbm4_Parameters.H module_kpp_cbm4_Parameters.bb
time mpif90 -f90=ifort -o module_kpp_cbm4_Parameters.o -c -O3 -ip -fp-model precise -w -ftz -align all -fno-alias -FR -convert big_endian    -I../dyn_em -I../dyn_nmm   -I/glade/work/rkumar/NASA_HMA/WRFchem_HMA/external/esmf_time_f90  -I/glade/work/rkumar/NASA_HMA/WRFchem_HMA/main -I/glade/work/rkumar/NASA_HMA/WRFchem_HMA/external/io_netcdf -I/glade/work/rkumar/NASA_HMA/WRFchem_HMA/external/io_int -I/glade/work/rkumar/NASA_HMA/WRFchem_HMA/frame -I/glade/work/rkumar/NASA_HMA/WRFchem_HMA/share -I/glade/work/rkumar/NASA_HMA/WRFchem_HMA/phys -I/glade/work/rkumar/NASA_HMA/WRFchem_HMA/chem -I/glade/work/rkumar/NASA_HMA/WRFchem_HMA/inc -I/glade/u/apps/ch/opt/netcdf/4.8.1/intel/19.1.1//include  -real-size `expr 8 \* 4` -i4  module_kpp_cbm4_Parameters.f90

real	0m0.570s
user	0m0.060s
sys	0m0.448s
rm -f module_kpp_cbm4_JacobianSP.o
sed -e "s/grid%mu/gridmu/g" -e "s/grid%Mu/gridMu/g" -e "s/^\!.*'.*//" -e "s/^ *\!.*'.*//" module_kpp_cbm4_JacobianSP.F > module_kpp_cbm4_JacobianSP.G
/lib/cpp -P -nostdinc -I/glade/work/rkumar/NASA_HMA/WRFchem_HMA/inc -DEM_CORE=1 -DNMM_CORE=0 -DNMM_MAX_DIM=2600 -DCOAMPS_CORE=0 -DDA_CORE=0 -DEXP_CORE=0 -DIWORDSIZE=4 -DDWORDSIZE=8 -DRWORDSIZE=4 -DLWORDSIZE=4 -DNONSTANDARD_SYSTEM_FUNC  -DWRF_USE_CLM  -DSNICAR_FRC    -DDM_PARALLEL -DNETCDF -DUSE_ALLOCATABLES -DGRIB1 -DINTIO -DKEEP_INT_AROUND -DLIMIT_ARGS -DCONFIG_BUF_LEN=65536 -DMAX_DOMAINS_F=21 -DMAX_HISTORY=25 -DNMM_NEST=0 -DWRF_CHEM -DBUILD_CHEM=1 -DWRF_KPP -I. -traditional-cpp   module_kpp_cbm4_JacobianSP.G  > module_kpp_cbm4_JacobianSP.H
sed -e "s/gridmu/grid%mu/g" -e "s/gridMu/grid%Mu/g" module_kpp_cbm4_JacobianSP.H > module_kpp_cbm4_JacobianSP.bb
/glade/work/rkumar/NASA_HMA/WRFchem_HMA/tools/standard.exe module_kpp_cbm4_JacobianSP.bb | /lib/cpp -P -nostdinc -traditional-cpp > module_kpp_cbm4_JacobianSP.f90
rm -f module_kpp_cbm4_JacobianSP.G module_kpp_cbm4_JacobianSP.H module_kpp_cbm4_JacobianSP.bb
time mpif90 -f90=ifort -o module_kpp_cbm4_JacobianSP.o -c -O3 -ip -fp-model precise -w -ftz -align all -fno-alias -FR -convert big_endian    -I../dyn_em -I../dyn_nmm   -I/glade/work/rkumar/NASA_HMA/WRFchem_HMA/external/esmf_time_f90  -I/glade/work/rkumar/NASA_HMA/WRFchem_HMA/main -I/glade/work/rkumar/NASA_HMA/WRFchem_HMA/external/io_netcdf -I/glade/work/rkumar/NASA_HMA/WRFchem_HMA/external/io_int -I/glade/work/rkumar/NASA_HMA/WRFchem_HMA/frame -I/glade/work/rkumar/NASA_HMA/WRFchem_HMA/share -I/glade/work/rkumar/NASA_HMA/WRFchem_HMA/phys -I/glade/work/rkumar/NASA_HMA/WRFchem_HMA/chem -I/glade/work/rkumar/NASA_HMA/WRFchem_HMA/inc -I/glade/u/apps/ch/opt/netcdf/4.8.1/intel/19.1.1//include  -real-size `expr 8 \* 4` -i4  module_kpp_cbm4_JacobianSP.f90

real	0m0.547s
user	0m0.058s
sys	0m0.431s
rm -f module_kpp_cbm4_Jacobian.o
sed -e "s/grid%mu/gridmu/g" -e "s/grid%Mu/gridMu/g" -e "s/^\!.*'.*//" -e "s/^ *\!.*'.*//" module_kpp_cbm4_Jacobian.F > module_kpp_cbm4_Jacobian.G
/lib/cpp -P -nostdinc -I/glade/work/rkumar/NASA_HMA/WRFchem_HMA/inc -DEM_CORE=1 -DNMM_CORE=0 -DNMM_MAX_DIM=2600 -DCOAMPS_CORE=0 -DDA_CORE=0 -DEXP_CORE=0 -DIWORDSIZE=4 -DDWORDSIZE=8 -DRWORDSIZE=4 -DLWORDSIZE=4 -DNONSTANDARD_SYSTEM_FUNC  -DWRF_USE_CLM  -DSNICAR_FRC    -DDM_PARALLEL -DNETCDF -DUSE_ALLOCATABLES -DGRIB1 -DINTIO -DKEEP_INT_AROUND -DLIMIT_ARGS -DCONFIG_BUF_LEN=65536 -DMAX_DOMAINS_F=21 -DMAX_HISTORY=25 -DNMM_NEST=0 -DWRF_CHEM -DBUILD_CHEM=1 -DWRF_KPP -I. -traditional-cpp   module_kpp_cbm4_Jacobian.G  > module_kpp_cbm4_Jacobian.H
sed -e "s/gridmu/grid%mu/g" -e "s/gridMu/grid%Mu/g" module_kpp_cbm4_Jacobian.H > module_kpp_cbm4_Jacobian.bb
/glade/work/rkumar/NASA_HMA/WRFchem_HMA/tools/standard.exe module_kpp_cbm4_Jacobian.bb | /lib/cpp -P -nostdinc -traditional-cpp > module_kpp_cbm4_Jacobian.f90
rm -f module_kpp_cbm4_Jacobian.G module_kpp_cbm4_Jacobian.H module_kpp_cbm4_Jacobian.bb
time mpif90 -f90=ifort -o module_kpp_cbm4_Jacobian.o -c -O3 -ip -fp-model precise -w -ftz -align all -fno-alias -FR -convert big_endian    -I../dyn_em -I../dyn_nmm   -I/glade/work/rkumar/NASA_HMA/WRFchem_HMA/external/esmf_time_f90  -I/glade/work/rkumar/NASA_HMA/WRFchem_HMA/main -I/glade/work/rkumar/NASA_HMA/WRFchem_HMA/external/io_netcdf -I/glade/work/rkumar/NASA_HMA/WRFchem_HMA/external/io_int -I/glade/work/rkumar/NASA_HMA/WRFchem_HMA/frame -I/glade/work/rkumar/NASA_HMA/WRFchem_HMA/share -I/glade/work/rkumar/NASA_HMA/WRFchem_HMA/phys -I/glade/work/rkumar/NASA_HMA/WRFchem_HMA/chem -I/glade/work/rkumar/NASA_HMA/WRFchem_HMA/inc -I/glade/u/apps/ch/opt/netcdf/4.8.1/intel/19.1.1//include  -real-size `expr 8 \* 4` -i4  module_kpp_cbm4_Jacobian.f90

real	0m0.742s
user	0m0.211s
sys	0m0.473s
rm -f module_kpp_cbm4_Update_Rconst.o
sed -e "s/grid%mu/gridmu/g" -e "s/grid%Mu/gridMu/g" -e "s/^\!.*'.*//" -e "s/^ *\!.*'.*//" module_kpp_cbm4_Update_Rconst.F > module_kpp_cbm4_Update_Rconst.G
/lib/cpp -P -nostdinc -I/glade/work/rkumar/NASA_HMA/WRFchem_HMA/inc -DEM_CORE=1 -DNMM_CORE=0 -DNMM_MAX_DIM=2600 -DCOAMPS_CORE=0 -DDA_CORE=0 -DEXP_CORE=0 -DIWORDSIZE=4 -DDWORDSIZE=8 -DRWORDSIZE=4 -DLWORDSIZE=4 -DNONSTANDARD_SYSTEM_FUNC  -DWRF_USE_CLM  -DSNICAR_FRC    -DDM_PARALLEL -DNETCDF -DUSE_ALLOCATABLES -DGRIB1 -DINTIO -DKEEP_INT_AROUND -DLIMIT_ARGS -DCONFIG_BUF_LEN=65536 -DMAX_DOMAINS_F=21 -DMAX_HISTORY=25 -DNMM_NEST=0 -DWRF_CHEM -DBUILD_CHEM=1 -DWRF_KPP -I. -traditional-cpp   module_kpp_cbm4_Update_Rconst.G  > module_kpp_cbm4_Update_Rconst.H
sed -e "s/gridmu/grid%mu/g" -e "s/gridMu/grid%Mu/g" module_kpp_cbm4_Update_Rconst.H > module_kpp_cbm4_Update_Rconst.bb
/glade/work/rkumar/NASA_HMA/WRFchem_HMA/tools/standard.exe module_kpp_cbm4_Update_Rconst.bb | /lib/cpp -P -nostdinc -traditional-cpp > module_kpp_cbm4_Update_Rconst.f90
rm -f module_kpp_cbm4_Update_Rconst.G module_kpp_cbm4_Update_Rconst.H module_kpp_cbm4_Update_Rconst.bb
time mpif90 -f90=ifort -o module_kpp_cbm4_Update_Rconst.o -c -O3 -ip -fp-model precise -w -ftz -align all -fno-alias -FR -convert big_endian    -I../dyn_em -I../dyn_nmm   -I/glade/work/rkumar/NASA_HMA/WRFchem_HMA/external/esmf_time_f90  -I/glade/work/rkumar/NASA_HMA/WRFchem_HMA/main -I/glade/work/rkumar/NASA_HMA/WRFchem_HMA/external/io_netcdf -I/glade/work/rkumar/NASA_HMA/WRFchem_HMA/external/io_int -I/glade/work/rkumar/NASA_HMA/WRFchem_HMA/frame -I/glade/work/rkumar/NASA_HMA/WRFchem_HMA/share -I/glade/work/rkumar/NASA_HMA/WRFchem_HMA/phys -I/glade/work/rkumar/NASA_HMA/WRFchem_HMA/chem -I/glade/work/rkumar/NASA_HMA/WRFchem_HMA/inc -I/glade/u/apps/ch/opt/netcdf/4.8.1/intel/19.1.1//include  -real-size `expr 8 \* 4` -i4  module_kpp_cbm4_Update_Rconst.f90

real	0m0.671s
user	0m0.114s
sys	0m0.505s
rm -f module_kpp_cbm4_Integr.o
sed -e "s/grid%mu/gridmu/g" -e "s/grid%Mu/gridMu/g" -e "s/^\!.*'.*//" -e "s/^ *\!.*'.*//" module_kpp_cbm4_Integr.F > module_kpp_cbm4_Integr.G
/lib/cpp -P -nostdinc -I/glade/work/rkumar/NASA_HMA/WRFchem_HMA/inc -DEM_CORE=1 -DNMM_CORE=0 -DNMM_MAX_DIM=2600 -DCOAMPS_CORE=0 -DDA_CORE=0 -DEXP_CORE=0 -DIWORDSIZE=4 -DDWORDSIZE=8 -DRWORDSIZE=4 -DLWORDSIZE=4 -DNONSTANDARD_SYSTEM_FUNC  -DWRF_USE_CLM  -DSNICAR_FRC    -DDM_PARALLEL -DNETCDF -DUSE_ALLOCATABLES -DGRIB1 -DINTIO -DKEEP_INT_AROUND -DLIMIT_ARGS -DCONFIG_BUF_LEN=65536 -DMAX_DOMAINS_F=21 -DMAX_HISTORY=25 -DNMM_NEST=0 -DWRF_CHEM -DBUILD_CHEM=1 -DWRF_KPP -I. -traditional-cpp   module_kpp_cbm4_Integr.G  > module_kpp_cbm4_Integr.H
sed -e "s/gridmu/grid%mu/g" -e "s/gridMu/grid%Mu/g" module_kpp_cbm4_Integr.H > module_kpp_cbm4_Integr.bb
/glade/work/rkumar/NASA_HMA/WRFchem_HMA/tools/standard.exe module_kpp_cbm4_Integr.bb | /lib/cpp -P -nostdinc -traditional-cpp > module_kpp_cbm4_Integr.f90
rm -f module_kpp_cbm4_Integr.G module_kpp_cbm4_Integr.H module_kpp_cbm4_Integr.bb
time mpif90 -f90=ifort -o module_kpp_cbm4_Integr.o -c -O3 -ip -fp-model precise -w -ftz -align all -fno-alias -FR -convert big_endian    -I../dyn_em -I../dyn_nmm   -I/glade/work/rkumar/NASA_HMA/WRFchem_HMA/external/esmf_time_f90  -I/glade/work/rkumar/NASA_HMA/WRFchem_HMA/main -I/glade/work/rkumar/NASA_HMA/WRFchem_HMA/external/io_netcdf -I/glade/work/rkumar/NASA_HMA/WRFchem_HMA/external/io_int -I/glade/work/rkumar/NASA_HMA/WRFchem_HMA/frame -I/glade/work/rkumar/NASA_HMA/WRFchem_HMA/share -I/glade/work/rkumar/NASA_HMA/WRFchem_HMA/phys -I/glade/work/rkumar/NASA_HMA/WRFchem_HMA/chem -I/glade/work/rkumar/NASA_HMA/WRFchem_HMA/inc -I/glade/u/apps/ch/opt/netcdf/4.8.1/intel/19.1.1//include  -real-size `expr 8 \* 4` -i4  module_kpp_cbm4_Integr.f90

real	0m3.120s
user	0m2.417s
sys	0m0.621s
rm -f module_kpp_cbm4_interface.o
sed -e "s/grid%mu/gridmu/g" -e "s/grid%Mu/gridMu/g" -e "s/^\!.*'.*//" -e "s/^ *\!.*'.*//" module_kpp_cbm4_interface.F > module_kpp_cbm4_interface.G
/lib/cpp -P -nostdinc -I/glade/work/rkumar/NASA_HMA/WRFchem_HMA/inc -DEM_CORE=1 -DNMM_CORE=0 -DNMM_MAX_DIM=2600 -DCOAMPS_CORE=0 -DDA_CORE=0 -DEXP_CORE=0 -DIWORDSIZE=4 -DDWORDSIZE=8 -DRWORDSIZE=4 -DLWORDSIZE=4 -DNONSTANDARD_SYSTEM_FUNC  -DWRF_USE_CLM  -DSNICAR_FRC    -DDM_PARALLEL -DNETCDF -DUSE_ALLOCATABLES -DGRIB1 -DINTIO -DKEEP_INT_AROUND -DLIMIT_ARGS -DCONFIG_BUF_LEN=65536 -DMAX_DOMAINS_F=21 -DMAX_HISTORY=25 -DNMM_NEST=0 -DWRF_CHEM -DBUILD_CHEM=1 -DWRF_KPP -I. -traditional-cpp   module_kpp_cbm4_interface.G  > module_kpp_cbm4_interface.H
sed -e "s/gridmu/grid%mu/g" -e "s/gridMu/grid%Mu/g" module_kpp_cbm4_interface.H > module_kpp_cbm4_interface.bb
/glade/work/rkumar/NASA_HMA/WRFchem_HMA/tools/standard.exe module_kpp_cbm4_interface.bb | /lib/cpp -P -nostdinc -traditional-cpp > module_kpp_cbm4_interface.f90
rm -f module_kpp_cbm4_interface.G module_kpp_cbm4_interface.H module_kpp_cbm4_interface.bb
time mpif90 -f90=ifort -o module_kpp_cbm4_interface.o -c -O3 -ip -fp-model precise -w -ftz -align all -fno-alias -FR -convert big_endian    -I../dyn_em -I../dyn_nmm   -I/glade/work/rkumar/NASA_HMA/WRFchem_HMA/external/esmf_time_f90  -I/glade/work/rkumar/NASA_HMA/WRFchem_HMA/main -I/glade/work/rkumar/NASA_HMA/WRFchem_HMA/external/io_netcdf -I/glade/work/rkumar/NASA_HMA/WRFchem_HMA/external/io_int -I/glade/work/rkumar/NASA_HMA/WRFchem_HMA/frame -I/glade/work/rkumar/NASA_HMA/WRFchem_HMA/share -I/glade/work/rkumar/NASA_HMA/WRFchem_HMA/phys -I/glade/work/rkumar/NASA_HMA/WRFchem_HMA/chem -I/glade/work/rkumar/NASA_HMA/WRFchem_HMA/inc -I/glade/u/apps/ch/opt/netcdf/4.8.1/intel/19.1.1//include  -real-size `expr 8 \* 4` -i4  module_kpp_cbm4_interface.f90

real	0m1.058s
user	0m0.464s
sys	0m0.591s
rm -f module_kpp_nmhc9_Precision.o
sed -e "s/grid%mu/gridmu/g" -e "s/grid%Mu/gridMu/g" -e "s/^\!.*'.*//" -e "s/^ *\!.*'.*//" module_kpp_nmhc9_Precision.F > module_kpp_nmhc9_Precision.G
/lib/cpp -P -nostdinc -I/glade/work/rkumar/NASA_HMA/WRFchem_HMA/inc -DEM_CORE=1 -DNMM_CORE=0 -DNMM_MAX_DIM=2600 -DCOAMPS_CORE=0 -DDA_CORE=0 -DEXP_CORE=0 -DIWORDSIZE=4 -DDWORDSIZE=8 -DRWORDSIZE=4 -DLWORDSIZE=4 -DNONSTANDARD_SYSTEM_FUNC  -DWRF_USE_CLM  -DSNICAR_FRC    -DDM_PARALLEL -DNETCDF -DUSE_ALLOCATABLES -DGRIB1 -DINTIO -DKEEP_INT_AROUND -DLIMIT_ARGS -DCONFIG_BUF_LEN=65536 -DMAX_DOMAINS_F=21 -DMAX_HISTORY=25 -DNMM_NEST=0 -DWRF_CHEM -DBUILD_CHEM=1 -DWRF_KPP -I. -traditional-cpp   module_kpp_nmhc9_Precision.G  > module_kpp_nmhc9_Precision.H
sed -e "s/gridmu/grid%mu/g" -e "s/gridMu/grid%Mu/g" module_kpp_nmhc9_Precision.H > module_kpp_nmhc9_Precision.bb
/glade/work/rkumar/NASA_HMA/WRFchem_HMA/tools/standard.exe module_kpp_nmhc9_Precision.bb | /lib/cpp -P -nostdinc -traditional-cpp > module_kpp_nmhc9_Precision.f90
rm -f module_kpp_nmhc9_Precision.G module_kpp_nmhc9_Precision.H module_kpp_nmhc9_Precision.bb
time mpif90 -f90=ifort -o module_kpp_nmhc9_Precision.o -c -O3 -ip -fp-model precise -w -ftz -align all -fno-alias -FR -convert big_endian    -I../dyn_em -I../dyn_nmm   -I/glade/work/rkumar/NASA_HMA/WRFchem_HMA/external/esmf_time_f90  -I/glade/work/rkumar/NASA_HMA/WRFchem_HMA/main -I/glade/work/rkumar/NASA_HMA/WRFchem_HMA/external/io_netcdf -I/glade/work/rkumar/NASA_HMA/WRFchem_HMA/external/io_int -I/glade/work/rkumar/NASA_HMA/WRFchem_HMA/frame -I/glade/work/rkumar/NASA_HMA/WRFchem_HMA/share -I/glade/work/rkumar/NASA_HMA/WRFchem_HMA/phys -I/glade/work/rkumar/NASA_HMA/WRFchem_HMA/chem -I/glade/work/rkumar/NASA_HMA/WRFchem_HMA/inc -I/glade/u/apps/ch/opt/netcdf/4.8.1/intel/19.1.1//include  -real-size `expr 8 \* 4` -i4  module_kpp_nmhc9_Precision.f90

real	0m0.575s
user	0m0.065s
sys	0m0.447s
rm -f module_kpp_nmhc9_Parameters.o
sed -e "s/grid%mu/gridmu/g" -e "s/grid%Mu/gridMu/g" -e "s/^\!.*'.*//" -e "s/^ *\!.*'.*//" module_kpp_nmhc9_Parameters.F > module_kpp_nmhc9_Parameters.G
/lib/cpp -P -nostdinc -I/glade/work/rkumar/NASA_HMA/WRFchem_HMA/inc -DEM_CORE=1 -DNMM_CORE=0 -DNMM_MAX_DIM=2600 -DCOAMPS_CORE=0 -DDA_CORE=0 -DEXP_CORE=0 -DIWORDSIZE=4 -DDWORDSIZE=8 -DRWORDSIZE=4 -DLWORDSIZE=4 -DNONSTANDARD_SYSTEM_FUNC  -DWRF_USE_CLM  -DSNICAR_FRC    -DDM_PARALLEL -DNETCDF -DUSE_ALLOCATABLES -DGRIB1 -DINTIO -DKEEP_INT_AROUND -DLIMIT_ARGS -DCONFIG_BUF_LEN=65536 -DMAX_DOMAINS_F=21 -DMAX_HISTORY=25 -DNMM_NEST=0 -DWRF_CHEM -DBUILD_CHEM=1 -DWRF_KPP -I. -traditional-cpp   module_kpp_nmhc9_Parameters.G  > module_kpp_nmhc9_Parameters.H
sed -e "s/gridmu/grid%mu/g" -e "s/gridMu/grid%Mu/g" module_kpp_nmhc9_Parameters.H > module_kpp_nmhc9_Parameters.bb
/glade/work/rkumar/NASA_HMA/WRFchem_HMA/tools/standard.exe module_kpp_nmhc9_Parameters.bb | /lib/cpp -P -nostdinc -traditional-cpp > module_kpp_nmhc9_Parameters.f90
rm -f module_kpp_nmhc9_Parameters.G module_kpp_nmhc9_Parameters.H module_kpp_nmhc9_Parameters.bb
time mpif90 -f90=ifort -o module_kpp_nmhc9_Parameters.o -c -O3 -ip -fp-model precise -w -ftz -align all -fno-alias -FR -convert big_endian    -I../dyn_em -I../dyn_nmm   -I/glade/work/rkumar/NASA_HMA/WRFchem_HMA/external/esmf_time_f90  -I/glade/work/rkumar/NASA_HMA/WRFchem_HMA/main -I/glade/work/rkumar/NASA_HMA/WRFchem_HMA/external/io_netcdf -I/glade/work/rkumar/NASA_HMA/WRFchem_HMA/external/io_int -I/glade/work/rkumar/NASA_HMA/WRFchem_HMA/frame -I/glade/work/rkumar/NASA_HMA/WRFchem_HMA/share -I/glade/work/rkumar/NASA_HMA/WRFchem_HMA/phys -I/glade/work/rkumar/NASA_HMA/WRFchem_HMA/chem -I/glade/work/rkumar/NASA_HMA/WRFchem_HMA/inc -I/glade/u/apps/ch/opt/netcdf/4.8.1/intel/19.1.1//include  -real-size `expr 8 \* 4` -i4  module_kpp_nmhc9_Parameters.f90

real	0m0.547s
user	0m0.053s
sys	0m0.433s
rm -f module_kpp_nmhc9_JacobianSP.o
sed -e "s/grid%mu/gridmu/g" -e "s/grid%Mu/gridMu/g" -e "s/^\!.*'.*//" -e "s/^ *\!.*'.*//" module_kpp_nmhc9_JacobianSP.F > module_kpp_nmhc9_JacobianSP.G
/lib/cpp -P -nostdinc -I/glade/work/rkumar/NASA_HMA/WRFchem_HMA/inc -DEM_CORE=1 -DNMM_CORE=0 -DNMM_MAX_DIM=2600 -DCOAMPS_CORE=0 -DDA_CORE=0 -DEXP_CORE=0 -DIWORDSIZE=4 -DDWORDSIZE=8 -DRWORDSIZE=4 -DLWORDSIZE=4 -DNONSTANDARD_SYSTEM_FUNC  -DWRF_USE_CLM  -DSNICAR_FRC    -DDM_PARALLEL -DNETCDF -DUSE_ALLOCATABLES -DGRIB1 -DINTIO -DKEEP_INT_AROUND -DLIMIT_ARGS -DCONFIG_BUF_LEN=65536 -DMAX_DOMAINS_F=21 -DMAX_HISTORY=25 -DNMM_NEST=0 -DWRF_CHEM -DBUILD_CHEM=1 -DWRF_KPP -I. -traditional-cpp   module_kpp_nmhc9_JacobianSP.G  > module_kpp_nmhc9_JacobianSP.H
sed -e "s/gridmu/grid%mu/g" -e "s/gridMu/grid%Mu/g" module_kpp_nmhc9_JacobianSP.H > module_kpp_nmhc9_JacobianSP.bb
/glade/work/rkumar/NASA_HMA/WRFchem_HMA/tools/standard.exe module_kpp_nmhc9_JacobianSP.bb | /lib/cpp -P -nostdinc -traditional-cpp > module_kpp_nmhc9_JacobianSP.f90
rm -f module_kpp_nmhc9_JacobianSP.G module_kpp_nmhc9_JacobianSP.H module_kpp_nmhc9_JacobianSP.bb
time mpif90 -f90=ifort -o module_kpp_nmhc9_JacobianSP.o -c -O3 -ip -fp-model precise -w -ftz -align all -fno-alias -FR -convert big_endian    -I../dyn_em -I../dyn_nmm   -I/glade/work/rkumar/NASA_HMA/WRFchem_HMA/external/esmf_time_f90  -I/glade/work/rkumar/NASA_HMA/WRFchem_HMA/main -I/glade/work/rkumar/NASA_HMA/WRFchem_HMA/external/io_netcdf -I/glade/work/rkumar/NASA_HMA/WRFchem_HMA/external/io_int -I/glade/work/rkumar/NASA_HMA/WRFchem_HMA/frame -I/glade/work/rkumar/NASA_HMA/WRFchem_HMA/share -I/glade/work/rkumar/NASA_HMA/WRFchem_HMA/phys -I/glade/work/rkumar/NASA_HMA/WRFchem_HMA/chem -I/glade/work/rkumar/NASA_HMA/WRFchem_HMA/inc -I/glade/u/apps/ch/opt/netcdf/4.8.1/intel/19.1.1//include  -real-size `expr 8 \* 4` -i4  module_kpp_nmhc9_JacobianSP.f90

real	0m0.622s
user	0m0.062s
sys	0m0.471s
rm -f module_kpp_nmhc9_Jacobian.o
sed -e "s/grid%mu/gridmu/g" -e "s/grid%Mu/gridMu/g" -e "s/^\!.*'.*//" -e "s/^ *\!.*'.*//" module_kpp_nmhc9_Jacobian.F > module_kpp_nmhc9_Jacobian.G
/lib/cpp -P -nostdinc -I/glade/work/rkumar/NASA_HMA/WRFchem_HMA/inc -DEM_CORE=1 -DNMM_CORE=0 -DNMM_MAX_DIM=2600 -DCOAMPS_CORE=0 -DDA_CORE=0 -DEXP_CORE=0 -DIWORDSIZE=4 -DDWORDSIZE=8 -DRWORDSIZE=4 -DLWORDSIZE=4 -DNONSTANDARD_SYSTEM_FUNC  -DWRF_USE_CLM  -DSNICAR_FRC    -DDM_PARALLEL -DNETCDF -DUSE_ALLOCATABLES -DGRIB1 -DINTIO -DKEEP_INT_AROUND -DLIMIT_ARGS -DCONFIG_BUF_LEN=65536 -DMAX_DOMAINS_F=21 -DMAX_HISTORY=25 -DNMM_NEST=0 -DWRF_CHEM -DBUILD_CHEM=1 -DWRF_KPP -I. -traditional-cpp   module_kpp_nmhc9_Jacobian.G  > module_kpp_nmhc9_Jacobian.H
sed -e "s/gridmu/grid%mu/g" -e "s/gridMu/grid%Mu/g" module_kpp_nmhc9_Jacobian.H > module_kpp_nmhc9_Jacobian.bb
/glade/work/rkumar/NASA_HMA/WRFchem_HMA/tools/standard.exe module_kpp_nmhc9_Jacobian.bb | /lib/cpp -P -nostdinc -traditional-cpp > module_kpp_nmhc9_Jacobian.f90
rm -f module_kpp_nmhc9_Jacobian.G module_kpp_nmhc9_Jacobian.H module_kpp_nmhc9_Jacobian.bb
time mpif90 -f90=ifort -o module_kpp_nmhc9_Jacobian.o -c -O3 -ip -fp-model precise -w -ftz -align all -fno-alias -FR -convert big_endian    -I../dyn_em -I../dyn_nmm   -I/glade/work/rkumar/NASA_HMA/WRFchem_HMA/external/esmf_time_f90  -I/glade/work/rkumar/NASA_HMA/WRFchem_HMA/main -I/glade/work/rkumar/NASA_HMA/WRFchem_HMA/external/io_netcdf -I/glade/work/rkumar/NASA_HMA/WRFchem_HMA/external/io_int -I/glade/work/rkumar/NASA_HMA/WRFchem_HMA/frame -I/glade/work/rkumar/NASA_HMA/WRFchem_HMA/share -I/glade/work/rkumar/NASA_HMA/WRFchem_HMA/phys -I/glade/work/rkumar/NASA_HMA/WRFchem_HMA/chem -I/glade/work/rkumar/NASA_HMA/WRFchem_HMA/inc -I/glade/u/apps/ch/opt/netcdf/4.8.1/intel/19.1.1//include  -real-size `expr 8 \* 4` -i4  module_kpp_nmhc9_Jacobian.f90

real	0m0.961s
user	0m0.438s
sys	0m0.457s
rm -f module_kpp_nmhc9_Update_Rconst.o
sed -e "s/grid%mu/gridmu/g" -e "s/grid%Mu/gridMu/g" -e "s/^\!.*'.*//" -e "s/^ *\!.*'.*//" module_kpp_nmhc9_Update_Rconst.F > module_kpp_nmhc9_Update_Rconst.G
/lib/cpp -P -nostdinc -I/glade/work/rkumar/NASA_HMA/WRFchem_HMA/inc -DEM_CORE=1 -DNMM_CORE=0 -DNMM_MAX_DIM=2600 -DCOAMPS_CORE=0 -DDA_CORE=0 -DEXP_CORE=0 -DIWORDSIZE=4 -DDWORDSIZE=8 -DRWORDSIZE=4 -DLWORDSIZE=4 -DNONSTANDARD_SYSTEM_FUNC  -DWRF_USE_CLM  -DSNICAR_FRC    -DDM_PARALLEL -DNETCDF -DUSE_ALLOCATABLES -DGRIB1 -DINTIO -DKEEP_INT_AROUND -DLIMIT_ARGS -DCONFIG_BUF_LEN=65536 -DMAX_DOMAINS_F=21 -DMAX_HISTORY=25 -DNMM_NEST=0 -DWRF_CHEM -DBUILD_CHEM=1 -DWRF_KPP -I. -traditional-cpp   module_kpp_nmhc9_Update_Rconst.G  > module_kpp_nmhc9_Update_Rconst.H
sed -e "s/gridmu/grid%mu/g" -e "s/gridMu/grid%Mu/g" module_kpp_nmhc9_Update_Rconst.H > module_kpp_nmhc9_Update_Rconst.bb
/glade/work/rkumar/NASA_HMA/WRFchem_HMA/tools/standard.exe module_kpp_nmhc9_Update_Rconst.bb | /lib/cpp -P -nostdinc -traditional-cpp > module_kpp_nmhc9_Update_Rconst.f90
rm -f module_kpp_nmhc9_Update_Rconst.G module_kpp_nmhc9_Update_Rconst.H module_kpp_nmhc9_Update_Rconst.bb
time mpif90 -f90=ifort -o module_kpp_nmhc9_Update_Rconst.o -c -O3 -ip -fp-model precise -w -ftz -align all -fno-alias -FR -convert big_endian    -I../dyn_em -I../dyn_nmm   -I/glade/work/rkumar/NASA_HMA/WRFchem_HMA/external/esmf_time_f90  -I/glade/work/rkumar/NASA_HMA/WRFchem_HMA/main -I/glade/work/rkumar/NASA_HMA/WRFchem_HMA/external/io_netcdf -I/glade/work/rkumar/NASA_HMA/WRFchem_HMA/external/io_int -I/glade/work/rkumar/NASA_HMA/WRFchem_HMA/frame -I/glade/work/rkumar/NASA_HMA/WRFchem_HMA/share -I/glade/work/rkumar/NASA_HMA/WRFchem_HMA/phys -I/glade/work/rkumar/NASA_HMA/WRFchem_HMA/chem -I/glade/work/rkumar/NASA_HMA/WRFchem_HMA/inc -I/glade/u/apps/ch/opt/netcdf/4.8.1/intel/19.1.1//include  -real-size `expr 8 \* 4` -i4  module_kpp_nmhc9_Update_Rconst.f90

real	0m0.751s
user	0m0.185s
sys	0m0.505s
rm -f module_kpp_nmhc9_Integr.o
sed -e "s/grid%mu/gridmu/g" -e "s/grid%Mu/gridMu/g" -e "s/^\!.*'.*//" -e "s/^ *\!.*'.*//" module_kpp_nmhc9_Integr.F > module_kpp_nmhc9_Integr.G
/lib/cpp -P -nostdinc -I/glade/work/rkumar/NASA_HMA/WRFchem_HMA/inc -DEM_CORE=1 -DNMM_CORE=0 -DNMM_MAX_DIM=2600 -DCOAMPS_CORE=0 -DDA_CORE=0 -DEXP_CORE=0 -DIWORDSIZE=4 -DDWORDSIZE=8 -DRWORDSIZE=4 -DLWORDSIZE=4 -DNONSTANDARD_SYSTEM_FUNC  -DWRF_USE_CLM  -DSNICAR_FRC    -DDM_PARALLEL -DNETCDF -DUSE_ALLOCATABLES -DGRIB1 -DINTIO -DKEEP_INT_AROUND -DLIMIT_ARGS -DCONFIG_BUF_LEN=65536 -DMAX_DOMAINS_F=21 -DMAX_HISTORY=25 -DNMM_NEST=0 -DWRF_CHEM -DBUILD_CHEM=1 -DWRF_KPP -I. -traditional-cpp   module_kpp_nmhc9_Integr.G  > module_kpp_nmhc9_Integr.H
sed -e "s/gridmu/grid%mu/g" -e "s/gridMu/grid%Mu/g" module_kpp_nmhc9_Integr.H > module_kpp_nmhc9_Integr.bb
/glade/work/rkumar/NASA_HMA/WRFchem_HMA/tools/standard.exe module_kpp_nmhc9_Integr.bb | /lib/cpp -P -nostdinc -traditional-cpp > module_kpp_nmhc9_Integr.f90
rm -f module_kpp_nmhc9_Integr.G module_kpp_nmhc9_Integr.H module_kpp_nmhc9_Integr.bb
time mpif90 -f90=ifort -o module_kpp_nmhc9_Integr.o -c -O3 -ip -fp-model precise -w -ftz -align all -fno-alias -FR -convert big_endian    -I../dyn_em -I../dyn_nmm   -I/glade/work/rkumar/NASA_HMA/WRFchem_HMA/external/esmf_time_f90  -I/glade/work/rkumar/NASA_HMA/WRFchem_HMA/main -I/glade/work/rkumar/NASA_HMA/WRFchem_HMA/external/io_netcdf -I/glade/work/rkumar/NASA_HMA/WRFchem_HMA/external/io_int -I/glade/work/rkumar/NASA_HMA/WRFchem_HMA/frame -I/glade/work/rkumar/NASA_HMA/WRFchem_HMA/share -I/glade/work/rkumar/NASA_HMA/WRFchem_HMA/phys -I/glade/work/rkumar/NASA_HMA/WRFchem_HMA/chem -I/glade/work/rkumar/NASA_HMA/WRFchem_HMA/inc -I/glade/u/apps/ch/opt/netcdf/4.8.1/intel/19.1.1//include  -real-size `expr 8 \* 4` -i4  module_kpp_nmhc9_Integr.f90

real	0m6.208s
user	0m5.627s
sys	0m0.520s
rm -f module_kpp_nmhc9_interface.o
sed -e "s/grid%mu/gridmu/g" -e "s/grid%Mu/gridMu/g" -e "s/^\!.*'.*//" -e "s/^ *\!.*'.*//" module_kpp_nmhc9_interface.F > module_kpp_nmhc9_interface.G
/lib/cpp -P -nostdinc -I/glade/work/rkumar/NASA_HMA/WRFchem_HMA/inc -DEM_CORE=1 -DNMM_CORE=0 -DNMM_MAX_DIM=2600 -DCOAMPS_CORE=0 -DDA_CORE=0 -DEXP_CORE=0 -DIWORDSIZE=4 -DDWORDSIZE=8 -DRWORDSIZE=4 -DLWORDSIZE=4 -DNONSTANDARD_SYSTEM_FUNC  -DWRF_USE_CLM  -DSNICAR_FRC    -DDM_PARALLEL -DNETCDF -DUSE_ALLOCATABLES -DGRIB1 -DINTIO -DKEEP_INT_AROUND -DLIMIT_ARGS -DCONFIG_BUF_LEN=65536 -DMAX_DOMAINS_F=21 -DMAX_HISTORY=25 -DNMM_NEST=0 -DWRF_CHEM -DBUILD_CHEM=1 -DWRF_KPP -I. -traditional-cpp   module_kpp_nmhc9_interface.G  > module_kpp_nmhc9_interface.H
sed -e "s/gridmu/grid%mu/g" -e "s/gridMu/grid%Mu/g" module_kpp_nmhc9_interface.H > module_kpp_nmhc9_interface.bb
/glade/work/rkumar/NASA_HMA/WRFchem_HMA/tools/standard.exe module_kpp_nmhc9_interface.bb | /lib/cpp -P -nostdinc -traditional-cpp > module_kpp_nmhc9_interface.f90
rm -f module_kpp_nmhc9_interface.G module_kpp_nmhc9_interface.H module_kpp_nmhc9_interface.bb
time mpif90 -f90=ifort -o module_kpp_nmhc9_interface.o -c -O3 -ip -fp-model precise -w -ftz -align all -fno-alias -FR -convert big_endian    -I../dyn_em -I../dyn_nmm   -I/glade/work/rkumar/NASA_HMA/WRFchem_HMA/external/esmf_time_f90  -I/glade/work/rkumar/NASA_HMA/WRFchem_HMA/main -I/glade/work/rkumar/NASA_HMA/WRFchem_HMA/external/io_netcdf -I/glade/work/rkumar/NASA_HMA/WRFchem_HMA/external/io_int -I/glade/work/rkumar/NASA_HMA/WRFchem_HMA/frame -I/glade/work/rkumar/NASA_HMA/WRFchem_HMA/share -I/glade/work/rkumar/NASA_HMA/WRFchem_HMA/phys -I/glade/work/rkumar/NASA_HMA/WRFchem_HMA/chem -I/glade/work/rkumar/NASA_HMA/WRFchem_HMA/inc -I/glade/u/apps/ch/opt/netcdf/4.8.1/intel/19.1.1//include  -real-size `expr 8 \* 4` -i4  module_kpp_nmhc9_interface.f90

real	0m1.321s
user	0m0.742s
sys	0m0.536s
rm -f module_kpp_cri_mosaic_8bin_aq_Precision.o
sed -e "s/grid%mu/gridmu/g" -e "s/grid%Mu/gridMu/g" -e "s/^\!.*'.*//" -e "s/^ *\!.*'.*//" module_kpp_cri_mosaic_8bin_aq_Precision.F > module_kpp_cri_mosaic_8bin_aq_Precision.G
/lib/cpp -P -nostdinc -I/glade/work/rkumar/NASA_HMA/WRFchem_HMA/inc -DEM_CORE=1 -DNMM_CORE=0 -DNMM_MAX_DIM=2600 -DCOAMPS_CORE=0 -DDA_CORE=0 -DEXP_CORE=0 -DIWORDSIZE=4 -DDWORDSIZE=8 -DRWORDSIZE=4 -DLWORDSIZE=4 -DNONSTANDARD_SYSTEM_FUNC  -DWRF_USE_CLM  -DSNICAR_FRC    -DDM_PARALLEL -DNETCDF -DUSE_ALLOCATABLES -DGRIB1 -DINTIO -DKEEP_INT_AROUND -DLIMIT_ARGS -DCONFIG_BUF_LEN=65536 -DMAX_DOMAINS_F=21 -DMAX_HISTORY=25 -DNMM_NEST=0 -DWRF_CHEM -DBUILD_CHEM=1 -DWRF_KPP -I. -traditional-cpp   module_kpp_cri_mosaic_8bin_aq_Precision.G  > module_kpp_cri_mosaic_8bin_aq_Precision.H
sed -e "s/gridmu/grid%mu/g" -e "s/gridMu/grid%Mu/g" module_kpp_cri_mosaic_8bin_aq_Precision.H > module_kpp_cri_mosaic_8bin_aq_Precision.bb
/glade/work/rkumar/NASA_HMA/WRFchem_HMA/tools/standard.exe module_kpp_cri_mosaic_8bin_aq_Precision.bb | /lib/cpp -P -nostdinc -traditional-cpp > module_kpp_cri_mosaic_8bin_aq_Precision.f90
rm -f module_kpp_cri_mosaic_8bin_aq_Precision.G module_kpp_cri_mosaic_8bin_aq_Precision.H module_kpp_cri_mosaic_8bin_aq_Precision.bb
time mpif90 -f90=ifort -o module_kpp_cri_mosaic_8bin_aq_Precision.o -c -O3 -ip -fp-model precise -w -ftz -align all -fno-alias -FR -convert big_endian    -I../dyn_em -I../dyn_nmm   -I/glade/work/rkumar/NASA_HMA/WRFchem_HMA/external/esmf_time_f90  -I/glade/work/rkumar/NASA_HMA/WRFchem_HMA/main -I/glade/work/rkumar/NASA_HMA/WRFchem_HMA/external/io_netcdf -I/glade/work/rkumar/NASA_HMA/WRFchem_HMA/external/io_int -I/glade/work/rkumar/NASA_HMA/WRFchem_HMA/frame -I/glade/work/rkumar/NASA_HMA/WRFchem_HMA/share -I/glade/work/rkumar/NASA_HMA/WRFchem_HMA/phys -I/glade/work/rkumar/NASA_HMA/WRFchem_HMA/chem -I/glade/work/rkumar/NASA_HMA/WRFchem_HMA/inc -I/glade/u/apps/ch/opt/netcdf/4.8.1/intel/19.1.1//include  -real-size `expr 8 \* 4` -i4  module_kpp_cri_mosaic_8bin_aq_Precision.f90

real	0m0.558s
user	0m0.053s
sys	0m0.451s
rm -f module_kpp_cri_mosaic_8bin_aq_Parameters.o
sed -e "s/grid%mu/gridmu/g" -e "s/grid%Mu/gridMu/g" -e "s/^\!.*'.*//" -e "s/^ *\!.*'.*//" module_kpp_cri_mosaic_8bin_aq_Parameters.F > module_kpp_cri_mosaic_8bin_aq_Parameters.G
/lib/cpp -P -nostdinc -I/glade/work/rkumar/NASA_HMA/WRFchem_HMA/inc -DEM_CORE=1 -DNMM_CORE=0 -DNMM_MAX_DIM=2600 -DCOAMPS_CORE=0 -DDA_CORE=0 -DEXP_CORE=0 -DIWORDSIZE=4 -DDWORDSIZE=8 -DRWORDSIZE=4 -DLWORDSIZE=4 -DNONSTANDARD_SYSTEM_FUNC  -DWRF_USE_CLM  -DSNICAR_FRC    -DDM_PARALLEL -DNETCDF -DUSE_ALLOCATABLES -DGRIB1 -DINTIO -DKEEP_INT_AROUND -DLIMIT_ARGS -DCONFIG_BUF_LEN=65536 -DMAX_DOMAINS_F=21 -DMAX_HISTORY=25 -DNMM_NEST=0 -DWRF_CHEM -DBUILD_CHEM=1 -DWRF_KPP -I. -traditional-cpp   module_kpp_cri_mosaic_8bin_aq_Parameters.G  > module_kpp_cri_mosaic_8bin_aq_Parameters.H
sed -e "s/gridmu/grid%mu/g" -e "s/gridMu/grid%Mu/g" module_kpp_cri_mosaic_8bin_aq_Parameters.H > module_kpp_cri_mosaic_8bin_aq_Parameters.bb
/glade/work/rkumar/NASA_HMA/WRFchem_HMA/tools/standard.exe module_kpp_cri_mosaic_8bin_aq_Parameters.bb | /lib/cpp -P -nostdinc -traditional-cpp > module_kpp_cri_mosaic_8bin_aq_Parameters.f90
rm -f module_kpp_cri_mosaic_8bin_aq_Parameters.G module_kpp_cri_mosaic_8bin_aq_Parameters.H module_kpp_cri_mosaic_8bin_aq_Parameters.bb
time mpif90 -f90=ifort -o module_kpp_cri_mosaic_8bin_aq_Parameters.o -c -O3 -ip -fp-model precise -w -ftz -align all -fno-alias -FR -convert big_endian    -I../dyn_em -I../dyn_nmm   -I/glade/work/rkumar/NASA_HMA/WRFchem_HMA/external/esmf_time_f90  -I/glade/work/rkumar/NASA_HMA/WRFchem_HMA/main -I/glade/work/rkumar/NASA_HMA/WRFchem_HMA/external/io_netcdf -I/glade/work/rkumar/NASA_HMA/WRFchem_HMA/external/io_int -I/glade/work/rkumar/NASA_HMA/WRFchem_HMA/frame -I/glade/work/rkumar/NASA_HMA/WRFchem_HMA/share -I/glade/work/rkumar/NASA_HMA/WRFchem_HMA/phys -I/glade/work/rkumar/NASA_HMA/WRFchem_HMA/chem -I/glade/work/rkumar/NASA_HMA/WRFchem_HMA/inc -I/glade/u/apps/ch/opt/netcdf/4.8.1/intel/19.1.1//include  -real-size `expr 8 \* 4` -i4  module_kpp_cri_mosaic_8bin_aq_Parameters.f90

real	0m0.593s
user	0m0.053s
sys	0m0.491s
rm -f module_kpp_cri_mosaic_8bin_aq_JacobianSP.o
sed -e "s/grid%mu/gridmu/g" -e "s/grid%Mu/gridMu/g" -e "s/^\!.*'.*//" -e "s/^ *\!.*'.*//" module_kpp_cri_mosaic_8bin_aq_JacobianSP.F > module_kpp_cri_mosaic_8bin_aq_JacobianSP.G
/lib/cpp -P -nostdinc -I/glade/work/rkumar/NASA_HMA/WRFchem_HMA/inc -DEM_CORE=1 -DNMM_CORE=0 -DNMM_MAX_DIM=2600 -DCOAMPS_CORE=0 -DDA_CORE=0 -DEXP_CORE=0 -DIWORDSIZE=4 -DDWORDSIZE=8 -DRWORDSIZE=4 -DLWORDSIZE=4 -DNONSTANDARD_SYSTEM_FUNC  -DWRF_USE_CLM  -DSNICAR_FRC    -DDM_PARALLEL -DNETCDF -DUSE_ALLOCATABLES -DGRIB1 -DINTIO -DKEEP_INT_AROUND -DLIMIT_ARGS -DCONFIG_BUF_LEN=65536 -DMAX_DOMAINS_F=21 -DMAX_HISTORY=25 -DNMM_NEST=0 -DWRF_CHEM -DBUILD_CHEM=1 -DWRF_KPP -I. -traditional-cpp   module_kpp_cri_mosaic_8bin_aq_JacobianSP.G  > module_kpp_cri_mosaic_8bin_aq_JacobianSP.H
sed -e "s/gridmu/grid%mu/g" -e "s/gridMu/grid%Mu/g" module_kpp_cri_mosaic_8bin_aq_JacobianSP.H > module_kpp_cri_mosaic_8bin_aq_JacobianSP.bb
/glade/work/rkumar/NASA_HMA/WRFchem_HMA/tools/standard.exe module_kpp_cri_mosaic_8bin_aq_JacobianSP.bb | /lib/cpp -P -nostdinc -traditional-cpp > module_kpp_cri_mosaic_8bin_aq_JacobianSP.f90
rm -f module_kpp_cri_mosaic_8bin_aq_JacobianSP.G module_kpp_cri_mosaic_8bin_aq_JacobianSP.H module_kpp_cri_mosaic_8bin_aq_JacobianSP.bb
time mpif90 -f90=ifort -o module_kpp_cri_mosaic_8bin_aq_JacobianSP.o -c -O3 -ip -fp-model precise -w -ftz -align all -fno-alias -FR -convert big_endian    -I../dyn_em -I../dyn_nmm   -I/glade/work/rkumar/NASA_HMA/WRFchem_HMA/external/esmf_time_f90  -I/glade/work/rkumar/NASA_HMA/WRFchem_HMA/main -I/glade/work/rkumar/NASA_HMA/WRFchem_HMA/external/io_netcdf -I/glade/work/rkumar/NASA_HMA/WRFchem_HMA/external/io_int -I/glade/work/rkumar/NASA_HMA/WRFchem_HMA/frame -I/glade/work/rkumar/NASA_HMA/WRFchem_HMA/share -I/glade/work/rkumar/NASA_HMA/WRFchem_HMA/phys -I/glade/work/rkumar/NASA_HMA/WRFchem_HMA/chem -I/glade/work/rkumar/NASA_HMA/WRFchem_HMA/inc -I/glade/u/apps/ch/opt/netcdf/4.8.1/intel/19.1.1//include  -real-size `expr 8 \* 4` -i4  module_kpp_cri_mosaic_8bin_aq_JacobianSP.f90

real	0m0.681s
user	0m0.112s
sys	0m0.508s
rm -f module_kpp_cri_mosaic_8bin_aq_Jacobian.o
sed -e "s/grid%mu/gridmu/g" -e "s/grid%Mu/gridMu/g" -e "s/^\!.*'.*//" -e "s/^ *\!.*'.*//" module_kpp_cri_mosaic_8bin_aq_Jacobian.F > module_kpp_cri_mosaic_8bin_aq_Jacobian.G
/lib/cpp -P -nostdinc -I/glade/work/rkumar/NASA_HMA/WRFchem_HMA/inc -DEM_CORE=1 -DNMM_CORE=0 -DNMM_MAX_DIM=2600 -DCOAMPS_CORE=0 -DDA_CORE=0 -DEXP_CORE=0 -DIWORDSIZE=4 -DDWORDSIZE=8 -DRWORDSIZE=4 -DLWORDSIZE=4 -DNONSTANDARD_SYSTEM_FUNC  -DWRF_USE_CLM  -DSNICAR_FRC    -DDM_PARALLEL -DNETCDF -DUSE_ALLOCATABLES -DGRIB1 -DINTIO -DKEEP_INT_AROUND -DLIMIT_ARGS -DCONFIG_BUF_LEN=65536 -DMAX_DOMAINS_F=21 -DMAX_HISTORY=25 -DNMM_NEST=0 -DWRF_CHEM -DBUILD_CHEM=1 -DWRF_KPP -I. -traditional-cpp   module_kpp_cri_mosaic_8bin_aq_Jacobian.G  > module_kpp_cri_mosaic_8bin_aq_Jacobian.H
sed -e "s/gridmu/grid%mu/g" -e "s/gridMu/grid%Mu/g" module_kpp_cri_mosaic_8bin_aq_Jacobian.H > module_kpp_cri_mosaic_8bin_aq_Jacobian.bb
/glade/work/rkumar/NASA_HMA/WRFchem_HMA/tools/standard.exe module_kpp_cri_mosaic_8bin_aq_Jacobian.bb | /lib/cpp -P -nostdinc -traditional-cpp > module_kpp_cri_mosaic_8bin_aq_Jacobian.f90
rm -f module_kpp_cri_mosaic_8bin_aq_Jacobian.G module_kpp_cri_mosaic_8bin_aq_Jacobian.H module_kpp_cri_mosaic_8bin_aq_Jacobian.bb
time mpif90 -f90=ifort -o module_kpp_cri_mosaic_8bin_aq_Jacobian.o -c -O3 -ip -fp-model precise -w -ftz -align all -fno-alias -FR -convert big_endian    -I../dyn_em -I../dyn_nmm   -I/glade/work/rkumar/NASA_HMA/WRFchem_HMA/external/esmf_time_f90  -I/glade/work/rkumar/NASA_HMA/WRFchem_HMA/main -I/glade/work/rkumar/NASA_HMA/WRFchem_HMA/external/io_netcdf -I/glade/work/rkumar/NASA_HMA/WRFchem_HMA/external/io_int -I/glade/work/rkumar/NASA_HMA/WRFchem_HMA/frame -I/glade/work/rkumar/NASA_HMA/WRFchem_HMA/share -I/glade/work/rkumar/NASA_HMA/WRFchem_HMA/phys -I/glade/work/rkumar/NASA_HMA/WRFchem_HMA/chem -I/glade/work/rkumar/NASA_HMA/WRFchem_HMA/inc -I/glade/u/apps/ch/opt/netcdf/4.8.1/intel/19.1.1//include  -real-size `expr 8 \* 4` -i4  module_kpp_cri_mosaic_8bin_aq_Jacobian.f90

real	0m3.503s
user	0m2.853s
sys	0m0.568s
rm -f module_kpp_cri_mosaic_8bin_aq_Update_Rconst.o
sed -e "s/grid%mu/gridmu/g" -e "s/grid%Mu/gridMu/g" -e "s/^\!.*'.*//" -e "s/^ *\!.*'.*//" module_kpp_cri_mosaic_8bin_aq_Update_Rconst.F > module_kpp_cri_mosaic_8bin_aq_Update_Rconst.G
/lib/cpp -P -nostdinc -I/glade/work/rkumar/NASA_HMA/WRFchem_HMA/inc -DEM_CORE=1 -DNMM_CORE=0 -DNMM_MAX_DIM=2600 -DCOAMPS_CORE=0 -DDA_CORE=0 -DEXP_CORE=0 -DIWORDSIZE=4 -DDWORDSIZE=8 -DRWORDSIZE=4 -DLWORDSIZE=4 -DNONSTANDARD_SYSTEM_FUNC  -DWRF_USE_CLM  -DSNICAR_FRC    -DDM_PARALLEL -DNETCDF -DUSE_ALLOCATABLES -DGRIB1 -DINTIO -DKEEP_INT_AROUND -DLIMIT_ARGS -DCONFIG_BUF_LEN=65536 -DMAX_DOMAINS_F=21 -DMAX_HISTORY=25 -DNMM_NEST=0 -DWRF_CHEM -DBUILD_CHEM=1 -DWRF_KPP -I. -traditional-cpp   module_kpp_cri_mosaic_8bin_aq_Update_Rconst.G  > module_kpp_cri_mosaic_8bin_aq_Update_Rconst.H
sed -e "s/gridmu/grid%mu/g" -e "s/gridMu/grid%Mu/g" module_kpp_cri_mosaic_8bin_aq_Update_Rconst.H > module_kpp_cri_mosaic_8bin_aq_Update_Rconst.bb
/glade/work/rkumar/NASA_HMA/WRFchem_HMA/tools/standard.exe module_kpp_cri_mosaic_8bin_aq_Update_Rconst.bb | /lib/cpp -P -nostdinc -traditional-cpp > module_kpp_cri_mosaic_8bin_aq_Update_Rconst.f90
rm -f module_kpp_cri_mosaic_8bin_aq_Update_Rconst.G module_kpp_cri_mosaic_8bin_aq_Update_Rconst.H module_kpp_cri_mosaic_8bin_aq_Update_Rconst.bb
time mpif90 -f90=ifort -o module_kpp_cri_mosaic_8bin_aq_Update_Rconst.o -c -O3 -ip -fp-model precise -w -ftz -align all -fno-alias -FR -convert big_endian    -I../dyn_em -I../dyn_nmm   -I/glade/work/rkumar/NASA_HMA/WRFchem_HMA/external/esmf_time_f90  -I/glade/work/rkumar/NASA_HMA/WRFchem_HMA/main -I/glade/work/rkumar/NASA_HMA/WRFchem_HMA/external/io_netcdf -I/glade/work/rkumar/NASA_HMA/WRFchem_HMA/external/io_int -I/glade/work/rkumar/NASA_HMA/WRFchem_HMA/frame -I/glade/work/rkumar/NASA_HMA/WRFchem_HMA/share -I/glade/work/rkumar/NASA_HMA/WRFchem_HMA/phys -I/glade/work/rkumar/NASA_HMA/WRFchem_HMA/chem -I/glade/work/rkumar/NASA_HMA/WRFchem_HMA/inc -I/glade/u/apps/ch/opt/netcdf/4.8.1/intel/19.1.1//include  -real-size `expr 8 \* 4` -i4  module_kpp_cri_mosaic_8bin_aq_Update_Rconst.f90

real	0m1.059s
user	0m0.475s
sys	0m0.526s
rm -f module_kpp_cri_mosaic_8bin_aq_Integr.o
sed -e "s/grid%mu/gridmu/g" -e "s/grid%Mu/gridMu/g" -e "s/^\!.*'.*//" -e "s/^ *\!.*'.*//" module_kpp_cri_mosaic_8bin_aq_Integr.F > module_kpp_cri_mosaic_8bin_aq_Integr.G
/lib/cpp -P -nostdinc -I/glade/work/rkumar/NASA_HMA/WRFchem_HMA/inc -DEM_CORE=1 -DNMM_CORE=0 -DNMM_MAX_DIM=2600 -DCOAMPS_CORE=0 -DDA_CORE=0 -DEXP_CORE=0 -DIWORDSIZE=4 -DDWORDSIZE=8 -DRWORDSIZE=4 -DLWORDSIZE=4 -DNONSTANDARD_SYSTEM_FUNC  -DWRF_USE_CLM  -DSNICAR_FRC    -DDM_PARALLEL -DNETCDF -DUSE_ALLOCATABLES -DGRIB1 -DINTIO -DKEEP_INT_AROUND -DLIMIT_ARGS -DCONFIG_BUF_LEN=65536 -DMAX_DOMAINS_F=21 -DMAX_HISTORY=25 -DNMM_NEST=0 -DWRF_CHEM -DBUILD_CHEM=1 -DWRF_KPP -I. -traditional-cpp   module_kpp_cri_mosaic_8bin_aq_Integr.G  > module_kpp_cri_mosaic_8bin_aq_Integr.H
sed -e "s/gridmu/grid%mu/g" -e "s/gridMu/grid%Mu/g" module_kpp_cri_mosaic_8bin_aq_Integr.H > module_kpp_cri_mosaic_8bin_aq_Integr.bb
/glade/work/rkumar/NASA_HMA/WRFchem_HMA/tools/standard.exe module_kpp_cri_mosaic_8bin_aq_Integr.bb | /lib/cpp -P -nostdinc -traditional-cpp > module_kpp_cri_mosaic_8bin_aq_Integr.f90
rm -f module_kpp_cri_mosaic_8bin_aq_Integr.G module_kpp_cri_mosaic_8bin_aq_Integr.H module_kpp_cri_mosaic_8bin_aq_Integr.bb
time mpif90 -f90=ifort -o module_kpp_cri_mosaic_8bin_aq_Integr.o -c -O3 -ip -fp-model precise -w -ftz -align all -fno-alias -FR -convert big_endian    -I../dyn_em -I../dyn_nmm   -I/glade/work/rkumar/NASA_HMA/WRFchem_HMA/external/esmf_time_f90  -I/glade/work/rkumar/NASA_HMA/WRFchem_HMA/main -I/glade/work/rkumar/NASA_HMA/WRFchem_HMA/external/io_netcdf -I/glade/work/rkumar/NASA_HMA/WRFchem_HMA/external/io_int -I/glade/work/rkumar/NASA_HMA/WRFchem_HMA/frame -I/glade/work/rkumar/NASA_HMA/WRFchem_HMA/share -I/glade/work/rkumar/NASA_HMA/WRFchem_HMA/phys -I/glade/work/rkumar/NASA_HMA/WRFchem_HMA/chem -I/glade/work/rkumar/NASA_HMA/WRFchem_HMA/inc -I/glade/u/apps/ch/opt/netcdf/4.8.1/intel/19.1.1//include  -real-size `expr 8 \* 4` -i4  module_kpp_cri_mosaic_8bin_aq_Integr.f90

real	1m26.290s
user	1m25.185s
sys	0m1.023s
rm -f module_kpp_cri_mosaic_8bin_aq_interface.o
sed -e "s/grid%mu/gridmu/g" -e "s/grid%Mu/gridMu/g" -e "s/^\!.*'.*//" -e "s/^ *\!.*'.*//" module_kpp_cri_mosaic_8bin_aq_interface.F > module_kpp_cri_mosaic_8bin_aq_interface.G
/lib/cpp -P -nostdinc -I/glade/work/rkumar/NASA_HMA/WRFchem_HMA/inc -DEM_CORE=1 -DNMM_CORE=0 -DNMM_MAX_DIM=2600 -DCOAMPS_CORE=0 -DDA_CORE=0 -DEXP_CORE=0 -DIWORDSIZE=4 -DDWORDSIZE=8 -DRWORDSIZE=4 -DLWORDSIZE=4 -DNONSTANDARD_SYSTEM_FUNC  -DWRF_USE_CLM  -DSNICAR_FRC    -DDM_PARALLEL -DNETCDF -DUSE_ALLOCATABLES -DGRIB1 -DINTIO -DKEEP_INT_AROUND -DLIMIT_ARGS -DCONFIG_BUF_LEN=65536 -DMAX_DOMAINS_F=21 -DMAX_HISTORY=25 -DNMM_NEST=0 -DWRF_CHEM -DBUILD_CHEM=1 -DWRF_KPP -I. -traditional-cpp   module_kpp_cri_mosaic_8bin_aq_interface.G  > module_kpp_cri_mosaic_8bin_aq_interface.H
sed -e "s/gridmu/grid%mu/g" -e "s/gridMu/grid%Mu/g" module_kpp_cri_mosaic_8bin_aq_interface.H > module_kpp_cri_mosaic_8bin_aq_interface.bb
/glade/work/rkumar/NASA_HMA/WRFchem_HMA/tools/standard.exe module_kpp_cri_mosaic_8bin_aq_interface.bb | /lib/cpp -P -nostdinc -traditional-cpp > module_kpp_cri_mosaic_8bin_aq_interface.f90
rm -f module_kpp_cri_mosaic_8bin_aq_interface.G module_kpp_cri_mosaic_8bin_aq_interface.H module_kpp_cri_mosaic_8bin_aq_interface.bb
time mpif90 -f90=ifort -o module_kpp_cri_mosaic_8bin_aq_interface.o -c -O3 -ip -fp-model precise -w -ftz -align all -fno-alias -FR -convert big_endian    -I../dyn_em -I../dyn_nmm   -I/glade/work/rkumar/NASA_HMA/WRFchem_HMA/external/esmf_time_f90  -I/glade/work/rkumar/NASA_HMA/WRFchem_HMA/main -I/glade/work/rkumar/NASA_HMA/WRFchem_HMA/external/io_netcdf -I/glade/work/rkumar/NASA_HMA/WRFchem_HMA/external/io_int -I/glade/work/rkumar/NASA_HMA/WRFchem_HMA/frame -I/glade/work/rkumar/NASA_HMA/WRFchem_HMA/share -I/glade/work/rkumar/NASA_HMA/WRFchem_HMA/phys -I/glade/work/rkumar/NASA_HMA/WRFchem_HMA/chem -I/glade/work/rkumar/NASA_HMA/WRFchem_HMA/inc -I/glade/u/apps/ch/opt/netcdf/4.8.1/intel/19.1.1//include  -real-size `expr 8 \* 4` -i4  module_kpp_cri_mosaic_8bin_aq_interface.f90

real	0m4.043s
user	0m3.380s
sys	0m0.590s
rm -f module_kpp_racmpm_Precision.o
sed -e "s/grid%mu/gridmu/g" -e "s/grid%Mu/gridMu/g" -e "s/^\!.*'.*//" -e "s/^ *\!.*'.*//" module_kpp_racmpm_Precision.F > module_kpp_racmpm_Precision.G
/lib/cpp -P -nostdinc -I/glade/work/rkumar/NASA_HMA/WRFchem_HMA/inc -DEM_CORE=1 -DNMM_CORE=0 -DNMM_MAX_DIM=2600 -DCOAMPS_CORE=0 -DDA_CORE=0 -DEXP_CORE=0 -DIWORDSIZE=4 -DDWORDSIZE=8 -DRWORDSIZE=4 -DLWORDSIZE=4 -DNONSTANDARD_SYSTEM_FUNC  -DWRF_USE_CLM  -DSNICAR_FRC    -DDM_PARALLEL -DNETCDF -DUSE_ALLOCATABLES -DGRIB1 -DINTIO -DKEEP_INT_AROUND -DLIMIT_ARGS -DCONFIG_BUF_LEN=65536 -DMAX_DOMAINS_F=21 -DMAX_HISTORY=25 -DNMM_NEST=0 -DWRF_CHEM -DBUILD_CHEM=1 -DWRF_KPP -I. -traditional-cpp   module_kpp_racmpm_Precision.G  > module_kpp_racmpm_Precision.H
sed -e "s/gridmu/grid%mu/g" -e "s/gridMu/grid%Mu/g" module_kpp_racmpm_Precision.H > module_kpp_racmpm_Precision.bb
/glade/work/rkumar/NASA_HMA/WRFchem_HMA/tools/standard.exe module_kpp_racmpm_Precision.bb | /lib/cpp -P -nostdinc -traditional-cpp > module_kpp_racmpm_Precision.f90
rm -f module_kpp_racmpm_Precision.G module_kpp_racmpm_Precision.H module_kpp_racmpm_Precision.bb
time mpif90 -f90=ifort -o module_kpp_racmpm_Precision.o -c -O3 -ip -fp-model precise -w -ftz -align all -fno-alias -FR -convert big_endian    -I../dyn_em -I../dyn_nmm   -I/glade/work/rkumar/NASA_HMA/WRFchem_HMA/external/esmf_time_f90  -I/glade/work/rkumar/NASA_HMA/WRFchem_HMA/main -I/glade/work/rkumar/NASA_HMA/WRFchem_HMA/external/io_netcdf -I/glade/work/rkumar/NASA_HMA/WRFchem_HMA/external/io_int -I/glade/work/rkumar/NASA_HMA/WRFchem_HMA/frame -I/glade/work/rkumar/NASA_HMA/WRFchem_HMA/share -I/glade/work/rkumar/NASA_HMA/WRFchem_HMA/phys -I/glade/work/rkumar/NASA_HMA/WRFchem_HMA/chem -I/glade/work/rkumar/NASA_HMA/WRFchem_HMA/inc -I/glade/u/apps/ch/opt/netcdf/4.8.1/intel/19.1.1//include  -real-size `expr 8 \* 4` -i4  module_kpp_racmpm_Precision.f90

real	0m0.599s
user	0m0.041s
sys	0m0.536s
rm -f module_kpp_racmpm_Parameters.o
sed -e "s/grid%mu/gridmu/g" -e "s/grid%Mu/gridMu/g" -e "s/^\!.*'.*//" -e "s/^ *\!.*'.*//" module_kpp_racmpm_Parameters.F > module_kpp_racmpm_Parameters.G
/lib/cpp -P -nostdinc -I/glade/work/rkumar/NASA_HMA/WRFchem_HMA/inc -DEM_CORE=1 -DNMM_CORE=0 -DNMM_MAX_DIM=2600 -DCOAMPS_CORE=0 -DDA_CORE=0 -DEXP_CORE=0 -DIWORDSIZE=4 -DDWORDSIZE=8 -DRWORDSIZE=4 -DLWORDSIZE=4 -DNONSTANDARD_SYSTEM_FUNC  -DWRF_USE_CLM  -DSNICAR_FRC    -DDM_PARALLEL -DNETCDF -DUSE_ALLOCATABLES -DGRIB1 -DINTIO -DKEEP_INT_AROUND -DLIMIT_ARGS -DCONFIG_BUF_LEN=65536 -DMAX_DOMAINS_F=21 -DMAX_HISTORY=25 -DNMM_NEST=0 -DWRF_CHEM -DBUILD_CHEM=1 -DWRF_KPP -I. -traditional-cpp   module_kpp_racmpm_Parameters.G  > module_kpp_racmpm_Parameters.H
sed -e "s/gridmu/grid%mu/g" -e "s/gridMu/grid%Mu/g" module_kpp_racmpm_Parameters.H > module_kpp_racmpm_Parameters.bb
/glade/work/rkumar/NASA_HMA/WRFchem_HMA/tools/standard.exe module_kpp_racmpm_Parameters.bb | /lib/cpp -P -nostdinc -traditional-cpp > module_kpp_racmpm_Parameters.f90
rm -f module_kpp_racmpm_Parameters.G module_kpp_racmpm_Parameters.H module_kpp_racmpm_Parameters.bb
time mpif90 -f90=ifort -o module_kpp_racmpm_Parameters.o -c -O3 -ip -fp-model precise -w -ftz -align all -fno-alias -FR -convert big_endian    -I../dyn_em -I../dyn_nmm   -I/glade/work/rkumar/NASA_HMA/WRFchem_HMA/external/esmf_time_f90  -I/glade/work/rkumar/NASA_HMA/WRFchem_HMA/main -I/glade/work/rkumar/NASA_HMA/WRFchem_HMA/external/io_netcdf -I/glade/work/rkumar/NASA_HMA/WRFchem_HMA/external/io_int -I/glade/work/rkumar/NASA_HMA/WRFchem_HMA/frame -I/glade/work/rkumar/NASA_HMA/WRFchem_HMA/share -I/glade/work/rkumar/NASA_HMA/WRFchem_HMA/phys -I/glade/work/rkumar/NASA_HMA/WRFchem_HMA/chem -I/glade/work/rkumar/NASA_HMA/WRFchem_HMA/inc -I/glade/u/apps/ch/opt/netcdf/4.8.1/intel/19.1.1//include  -real-size `expr 8 \* 4` -i4  module_kpp_racmpm_Parameters.f90

real	0m0.613s
user	0m0.055s
sys	0m0.520s
rm -f module_kpp_racmpm_JacobianSP.o
sed -e "s/grid%mu/gridmu/g" -e "s/grid%Mu/gridMu/g" -e "s/^\!.*'.*//" -e "s/^ *\!.*'.*//" module_kpp_racmpm_JacobianSP.F > module_kpp_racmpm_JacobianSP.G
/lib/cpp -P -nostdinc -I/glade/work/rkumar/NASA_HMA/WRFchem_HMA/inc -DEM_CORE=1 -DNMM_CORE=0 -DNMM_MAX_DIM=2600 -DCOAMPS_CORE=0 -DDA_CORE=0 -DEXP_CORE=0 -DIWORDSIZE=4 -DDWORDSIZE=8 -DRWORDSIZE=4 -DLWORDSIZE=4 -DNONSTANDARD_SYSTEM_FUNC  -DWRF_USE_CLM  -DSNICAR_FRC    -DDM_PARALLEL -DNETCDF -DUSE_ALLOCATABLES -DGRIB1 -DINTIO -DKEEP_INT_AROUND -DLIMIT_ARGS -DCONFIG_BUF_LEN=65536 -DMAX_DOMAINS_F=21 -DMAX_HISTORY=25 -DNMM_NEST=0 -DWRF_CHEM -DBUILD_CHEM=1 -DWRF_KPP -I. -traditional-cpp   module_kpp_racmpm_JacobianSP.G  > module_kpp_racmpm_JacobianSP.H
sed -e "s/gridmu/grid%mu/g" -e "s/gridMu/grid%Mu/g" module_kpp_racmpm_JacobianSP.H > module_kpp_racmpm_JacobianSP.bb
/glade/work/rkumar/NASA_HMA/WRFchem_HMA/tools/standard.exe module_kpp_racmpm_JacobianSP.bb | /lib/cpp -P -nostdinc -traditional-cpp > module_kpp_racmpm_JacobianSP.f90
rm -f module_kpp_racmpm_JacobianSP.G module_kpp_racmpm_JacobianSP.H module_kpp_racmpm_JacobianSP.bb
time mpif90 -f90=ifort -o module_kpp_racmpm_JacobianSP.o -c -O3 -ip -fp-model precise -w -ftz -align all -fno-alias -FR -convert big_endian    -I../dyn_em -I../dyn_nmm   -I/glade/work/rkumar/NASA_HMA/WRFchem_HMA/external/esmf_time_f90  -I/glade/work/rkumar/NASA_HMA/WRFchem_HMA/main -I/glade/work/rkumar/NASA_HMA/WRFchem_HMA/external/io_netcdf -I/glade/work/rkumar/NASA_HMA/WRFchem_HMA/external/io_int -I/glade/work/rkumar/NASA_HMA/WRFchem_HMA/frame -I/glade/work/rkumar/NASA_HMA/WRFchem_HMA/share -I/glade/work/rkumar/NASA_HMA/WRFchem_HMA/phys -I/glade/work/rkumar/NASA_HMA/WRFchem_HMA/chem -I/glade/work/rkumar/NASA_HMA/WRFchem_HMA/inc -I/glade/u/apps/ch/opt/netcdf/4.8.1/intel/19.1.1//include  -real-size `expr 8 \* 4` -i4  module_kpp_racmpm_JacobianSP.f90

real	0m0.619s
user	0m0.069s
sys	0m0.505s
rm -f module_kpp_racmpm_Jacobian.o
sed -e "s/grid%mu/gridmu/g" -e "s/grid%Mu/gridMu/g" -e "s/^\!.*'.*//" -e "s/^ *\!.*'.*//" module_kpp_racmpm_Jacobian.F > module_kpp_racmpm_Jacobian.G
/lib/cpp -P -nostdinc -I/glade/work/rkumar/NASA_HMA/WRFchem_HMA/inc -DEM_CORE=1 -DNMM_CORE=0 -DNMM_MAX_DIM=2600 -DCOAMPS_CORE=0 -DDA_CORE=0 -DEXP_CORE=0 -DIWORDSIZE=4 -DDWORDSIZE=8 -DRWORDSIZE=4 -DLWORDSIZE=4 -DNONSTANDARD_SYSTEM_FUNC  -DWRF_USE_CLM  -DSNICAR_FRC    -DDM_PARALLEL -DNETCDF -DUSE_ALLOCATABLES -DGRIB1 -DINTIO -DKEEP_INT_AROUND -DLIMIT_ARGS -DCONFIG_BUF_LEN=65536 -DMAX_DOMAINS_F=21 -DMAX_HISTORY=25 -DNMM_NEST=0 -DWRF_CHEM -DBUILD_CHEM=1 -DWRF_KPP -I. -traditional-cpp   module_kpp_racmpm_Jacobian.G  > module_kpp_racmpm_Jacobian.H
sed -e "s/gridmu/grid%mu/g" -e "s/gridMu/grid%Mu/g" module_kpp_racmpm_Jacobian.H > module_kpp_racmpm_Jacobian.bb
/glade/work/rkumar/NASA_HMA/WRFchem_HMA/tools/standard.exe module_kpp_racmpm_Jacobian.bb | /lib/cpp -P -nostdinc -traditional-cpp > module_kpp_racmpm_Jacobian.f90
rm -f module_kpp_racmpm_Jacobian.G module_kpp_racmpm_Jacobian.H module_kpp_racmpm_Jacobian.bb
time mpif90 -f90=ifort -o module_kpp_racmpm_Jacobian.o -c -O3 -ip -fp-model precise -w -ftz -align all -fno-alias -FR -convert big_endian    -I../dyn_em -I../dyn_nmm   -I/glade/work/rkumar/NASA_HMA/WRFchem_HMA/external/esmf_time_f90  -I/glade/work/rkumar/NASA_HMA/WRFchem_HMA/main -I/glade/work/rkumar/NASA_HMA/WRFchem_HMA/external/io_netcdf -I/glade/work/rkumar/NASA_HMA/WRFchem_HMA/external/io_int -I/glade/work/rkumar/NASA_HMA/WRFchem_HMA/frame -I/glade/work/rkumar/NASA_HMA/WRFchem_HMA/share -I/glade/work/rkumar/NASA_HMA/WRFchem_HMA/phys -I/glade/work/rkumar/NASA_HMA/WRFchem_HMA/chem -I/glade/work/rkumar/NASA_HMA/WRFchem_HMA/inc -I/glade/u/apps/ch/opt/netcdf/4.8.1/intel/19.1.1//include  -real-size `expr 8 \* 4` -i4  module_kpp_racmpm_Jacobian.f90

real	0m1.566s
user	0m0.866s
sys	0m0.578s
rm -f module_kpp_racmpm_Update_Rconst.o
sed -e "s/grid%mu/gridmu/g" -e "s/grid%Mu/gridMu/g" -e "s/^\!.*'.*//" -e "s/^ *\!.*'.*//" module_kpp_racmpm_Update_Rconst.F > module_kpp_racmpm_Update_Rconst.G
/lib/cpp -P -nostdinc -I/glade/work/rkumar/NASA_HMA/WRFchem_HMA/inc -DEM_CORE=1 -DNMM_CORE=0 -DNMM_MAX_DIM=2600 -DCOAMPS_CORE=0 -DDA_CORE=0 -DEXP_CORE=0 -DIWORDSIZE=4 -DDWORDSIZE=8 -DRWORDSIZE=4 -DLWORDSIZE=4 -DNONSTANDARD_SYSTEM_FUNC  -DWRF_USE_CLM  -DSNICAR_FRC    -DDM_PARALLEL -DNETCDF -DUSE_ALLOCATABLES -DGRIB1 -DINTIO -DKEEP_INT_AROUND -DLIMIT_ARGS -DCONFIG_BUF_LEN=65536 -DMAX_DOMAINS_F=21 -DMAX_HISTORY=25 -DNMM_NEST=0 -DWRF_CHEM -DBUILD_CHEM=1 -DWRF_KPP -I. -traditional-cpp   module_kpp_racmpm_Update_Rconst.G  > module_kpp_racmpm_Update_Rconst.H
sed -e "s/gridmu/grid%mu/g" -e "s/gridMu/grid%Mu/g" module_kpp_racmpm_Update_Rconst.H > module_kpp_racmpm_Update_Rconst.bb
/glade/work/rkumar/NASA_HMA/WRFchem_HMA/tools/standard.exe module_kpp_racmpm_Update_Rconst.bb | /lib/cpp -P -nostdinc -traditional-cpp > module_kpp_racmpm_Update_Rconst.f90
rm -f module_kpp_racmpm_Update_Rconst.G module_kpp_racmpm_Update_Rconst.H module_kpp_racmpm_Update_Rconst.bb
time mpif90 -f90=ifort -o module_kpp_racmpm_Update_Rconst.o -c -O3 -ip -fp-model precise -w -ftz -align all -fno-alias -FR -convert big_endian    -I../dyn_em -I../dyn_nmm   -I/glade/work/rkumar/NASA_HMA/WRFchem_HMA/external/esmf_time_f90  -I/glade/work/rkumar/NASA_HMA/WRFchem_HMA/main -I/glade/work/rkumar/NASA_HMA/WRFchem_HMA/external/io_netcdf -I/glade/work/rkumar/NASA_HMA/WRFchem_HMA/external/io_int -I/glade/work/rkumar/NASA_HMA/WRFchem_HMA/frame -I/glade/work/rkumar/NASA_HMA/WRFchem_HMA/share -I/glade/work/rkumar/NASA_HMA/WRFchem_HMA/phys -I/glade/work/rkumar/NASA_HMA/WRFchem_HMA/chem -I/glade/work/rkumar/NASA_HMA/WRFchem_HMA/inc -I/glade/u/apps/ch/opt/netcdf/4.8.1/intel/19.1.1//include  -real-size `expr 8 \* 4` -i4  module_kpp_racmpm_Update_Rconst.f90

real	0m0.811s
user	0m0.242s
sys	0m0.509s
rm -f module_kpp_racmpm_Integr.o
sed -e "s/grid%mu/gridmu/g" -e "s/grid%Mu/gridMu/g" -e "s/^\!.*'.*//" -e "s/^ *\!.*'.*//" module_kpp_racmpm_Integr.F > module_kpp_racmpm_Integr.G
/lib/cpp -P -nostdinc -I/glade/work/rkumar/NASA_HMA/WRFchem_HMA/inc -DEM_CORE=1 -DNMM_CORE=0 -DNMM_MAX_DIM=2600 -DCOAMPS_CORE=0 -DDA_CORE=0 -DEXP_CORE=0 -DIWORDSIZE=4 -DDWORDSIZE=8 -DRWORDSIZE=4 -DLWORDSIZE=4 -DNONSTANDARD_SYSTEM_FUNC  -DWRF_USE_CLM  -DSNICAR_FRC    -DDM_PARALLEL -DNETCDF -DUSE_ALLOCATABLES -DGRIB1 -DINTIO -DKEEP_INT_AROUND -DLIMIT_ARGS -DCONFIG_BUF_LEN=65536 -DMAX_DOMAINS_F=21 -DMAX_HISTORY=25 -DNMM_NEST=0 -DWRF_CHEM -DBUILD_CHEM=1 -DWRF_KPP -I. -traditional-cpp   module_kpp_racmpm_Integr.G  > module_kpp_racmpm_Integr.H
sed -e "s/gridmu/grid%mu/g" -e "s/gridMu/grid%Mu/g" module_kpp_racmpm_Integr.H > module_kpp_racmpm_Integr.bb
/glade/work/rkumar/NASA_HMA/WRFchem_HMA/tools/standard.exe module_kpp_racmpm_Integr.bb | /lib/cpp -P -nostdinc -traditional-cpp > module_kpp_racmpm_Integr.f90
rm -f module_kpp_racmpm_Integr.G module_kpp_racmpm_Integr.H module_kpp_racmpm_Integr.bb
time mpif90 -f90=ifort -o module_kpp_racmpm_Integr.o -c -O3 -ip -fp-model precise -w -ftz -align all -fno-alias -FR -convert big_endian    -I../dyn_em -I../dyn_nmm   -I/glade/work/rkumar/NASA_HMA/WRFchem_HMA/external/esmf_time_f90  -I/glade/work/rkumar/NASA_HMA/WRFchem_HMA/main -I/glade/work/rkumar/NASA_HMA/WRFchem_HMA/external/io_netcdf -I/glade/work/rkumar/NASA_HMA/WRFchem_HMA/external/io_int -I/glade/work/rkumar/NASA_HMA/WRFchem_HMA/frame -I/glade/work/rkumar/NASA_HMA/WRFchem_HMA/share -I/glade/work/rkumar/NASA_HMA/WRFchem_HMA/phys -I/glade/work/rkumar/NASA_HMA/WRFchem_HMA/chem -I/glade/work/rkumar/NASA_HMA/WRFchem_HMA/inc -I/glade/u/apps/ch/opt/netcdf/4.8.1/intel/19.1.1//include  -real-size `expr 8 \* 4` -i4  module_kpp_racmpm_Integr.f90

real	0m19.366s
user	0m18.614s
sys	0m0.722s
rm -f module_kpp_racmpm_interface.o
sed -e "s/grid%mu/gridmu/g" -e "s/grid%Mu/gridMu/g" -e "s/^\!.*'.*//" -e "s/^ *\!.*'.*//" module_kpp_racmpm_interface.F > module_kpp_racmpm_interface.G
/lib/cpp -P -nostdinc -I/glade/work/rkumar/NASA_HMA/WRFchem_HMA/inc -DEM_CORE=1 -DNMM_CORE=0 -DNMM_MAX_DIM=2600 -DCOAMPS_CORE=0 -DDA_CORE=0 -DEXP_CORE=0 -DIWORDSIZE=4 -DDWORDSIZE=8 -DRWORDSIZE=4 -DLWORDSIZE=4 -DNONSTANDARD_SYSTEM_FUNC  -DWRF_USE_CLM  -DSNICAR_FRC    -DDM_PARALLEL -DNETCDF -DUSE_ALLOCATABLES -DGRIB1 -DINTIO -DKEEP_INT_AROUND -DLIMIT_ARGS -DCONFIG_BUF_LEN=65536 -DMAX_DOMAINS_F=21 -DMAX_HISTORY=25 -DNMM_NEST=0 -DWRF_CHEM -DBUILD_CHEM=1 -DWRF_KPP -I. -traditional-cpp   module_kpp_racmpm_interface.G  > module_kpp_racmpm_interface.H
sed -e "s/gridmu/grid%mu/g" -e "s/gridMu/grid%Mu/g" module_kpp_racmpm_interface.H > module_kpp_racmpm_interface.bb
/glade/work/rkumar/NASA_HMA/WRFchem_HMA/tools/standard.exe module_kpp_racmpm_interface.bb | /lib/cpp -P -nostdinc -traditional-cpp > module_kpp_racmpm_interface.f90
rm -f module_kpp_racmpm_interface.G module_kpp_racmpm_interface.H module_kpp_racmpm_interface.bb
time mpif90 -f90=ifort -o module_kpp_racmpm_interface.o -c -O3 -ip -fp-model precise -w -ftz -align all -fno-alias -FR -convert big_endian    -I../dyn_em -I../dyn_nmm   -I/glade/work/rkumar/NASA_HMA/WRFchem_HMA/external/esmf_time_f90  -I/glade/work/rkumar/NASA_HMA/WRFchem_HMA/main -I/glade/work/rkumar/NASA_HMA/WRFchem_HMA/external/io_netcdf -I/glade/work/rkumar/NASA_HMA/WRFchem_HMA/external/io_int -I/glade/work/rkumar/NASA_HMA/WRFchem_HMA/frame -I/glade/work/rkumar/NASA_HMA/WRFchem_HMA/share -I/glade/work/rkumar/NASA_HMA/WRFchem_HMA/phys -I/glade/work/rkumar/NASA_HMA/WRFchem_HMA/chem -I/glade/work/rkumar/NASA_HMA/WRFchem_HMA/inc -I/glade/u/apps/ch/opt/netcdf/4.8.1/intel/19.1.1//include  -real-size `expr 8 \* 4` -i4  module_kpp_racmpm_interface.f90

real	0m1.342s
user	0m0.780s
sys	0m0.528s
rm -f module_kpp_racm_esrlsorg_Precision.o
sed -e "s/grid%mu/gridmu/g" -e "s/grid%Mu/gridMu/g" -e "s/^\!.*'.*//" -e "s/^ *\!.*'.*//" module_kpp_racm_esrlsorg_Precision.F > module_kpp_racm_esrlsorg_Precision.G
/lib/cpp -P -nostdinc -I/glade/work/rkumar/NASA_HMA/WRFchem_HMA/inc -DEM_CORE=1 -DNMM_CORE=0 -DNMM_MAX_DIM=2600 -DCOAMPS_CORE=0 -DDA_CORE=0 -DEXP_CORE=0 -DIWORDSIZE=4 -DDWORDSIZE=8 -DRWORDSIZE=4 -DLWORDSIZE=4 -DNONSTANDARD_SYSTEM_FUNC  -DWRF_USE_CLM  -DSNICAR_FRC    -DDM_PARALLEL -DNETCDF -DUSE_ALLOCATABLES -DGRIB1 -DINTIO -DKEEP_INT_AROUND -DLIMIT_ARGS -DCONFIG_BUF_LEN=65536 -DMAX_DOMAINS_F=21 -DMAX_HISTORY=25 -DNMM_NEST=0 -DWRF_CHEM -DBUILD_CHEM=1 -DWRF_KPP -I. -traditional-cpp   module_kpp_racm_esrlsorg_Precision.G  > module_kpp_racm_esrlsorg_Precision.H
sed -e "s/gridmu/grid%mu/g" -e "s/gridMu/grid%Mu/g" module_kpp_racm_esrlsorg_Precision.H > module_kpp_racm_esrlsorg_Precision.bb
/glade/work/rkumar/NASA_HMA/WRFchem_HMA/tools/standard.exe module_kpp_racm_esrlsorg_Precision.bb | /lib/cpp -P -nostdinc -traditional-cpp > module_kpp_racm_esrlsorg_Precision.f90
rm -f module_kpp_racm_esrlsorg_Precision.G module_kpp_racm_esrlsorg_Precision.H module_kpp_racm_esrlsorg_Precision.bb
time mpif90 -f90=ifort -o module_kpp_racm_esrlsorg_Precision.o -c -O3 -ip -fp-model precise -w -ftz -align all -fno-alias -FR -convert big_endian    -I../dyn_em -I../dyn_nmm   -I/glade/work/rkumar/NASA_HMA/WRFchem_HMA/external/esmf_time_f90  -I/glade/work/rkumar/NASA_HMA/WRFchem_HMA/main -I/glade/work/rkumar/NASA_HMA/WRFchem_HMA/external/io_netcdf -I/glade/work/rkumar/NASA_HMA/WRFchem_HMA/external/io_int -I/glade/work/rkumar/NASA_HMA/WRFchem_HMA/frame -I/glade/work/rkumar/NASA_HMA/WRFchem_HMA/share -I/glade/work/rkumar/NASA_HMA/WRFchem_HMA/phys -I/glade/work/rkumar/NASA_HMA/WRFchem_HMA/chem -I/glade/work/rkumar/NASA_HMA/WRFchem_HMA/inc -I/glade/u/apps/ch/opt/netcdf/4.8.1/intel/19.1.1//include  -real-size `expr 8 \* 4` -i4  module_kpp_racm_esrlsorg_Precision.f90

real	0m0.600s
user	0m0.077s
sys	0m0.478s
rm -f module_kpp_racm_esrlsorg_Parameters.o
sed -e "s/grid%mu/gridmu/g" -e "s/grid%Mu/gridMu/g" -e "s/^\!.*'.*//" -e "s/^ *\!.*'.*//" module_kpp_racm_esrlsorg_Parameters.F > module_kpp_racm_esrlsorg_Parameters.G
/lib/cpp -P -nostdinc -I/glade/work/rkumar/NASA_HMA/WRFchem_HMA/inc -DEM_CORE=1 -DNMM_CORE=0 -DNMM_MAX_DIM=2600 -DCOAMPS_CORE=0 -DDA_CORE=0 -DEXP_CORE=0 -DIWORDSIZE=4 -DDWORDSIZE=8 -DRWORDSIZE=4 -DLWORDSIZE=4 -DNONSTANDARD_SYSTEM_FUNC  -DWRF_USE_CLM  -DSNICAR_FRC    -DDM_PARALLEL -DNETCDF -DUSE_ALLOCATABLES -DGRIB1 -DINTIO -DKEEP_INT_AROUND -DLIMIT_ARGS -DCONFIG_BUF_LEN=65536 -DMAX_DOMAINS_F=21 -DMAX_HISTORY=25 -DNMM_NEST=0 -DWRF_CHEM -DBUILD_CHEM=1 -DWRF_KPP -I. -traditional-cpp   module_kpp_racm_esrlsorg_Parameters.G  > module_kpp_racm_esrlsorg_Parameters.H
sed -e "s/gridmu/grid%mu/g" -e "s/gridMu/grid%Mu/g" module_kpp_racm_esrlsorg_Parameters.H > module_kpp_racm_esrlsorg_Parameters.bb
/glade/work/rkumar/NASA_HMA/WRFchem_HMA/tools/standard.exe module_kpp_racm_esrlsorg_Parameters.bb | /lib/cpp -P -nostdinc -traditional-cpp > module_kpp_racm_esrlsorg_Parameters.f90
rm -f module_kpp_racm_esrlsorg_Parameters.G module_kpp_racm_esrlsorg_Parameters.H module_kpp_racm_esrlsorg_Parameters.bb
time mpif90 -f90=ifort -o module_kpp_racm_esrlsorg_Parameters.o -c -O3 -ip -fp-model precise -w -ftz -align all -fno-alias -FR -convert big_endian    -I../dyn_em -I../dyn_nmm   -I/glade/work/rkumar/NASA_HMA/WRFchem_HMA/external/esmf_time_f90  -I/glade/work/rkumar/NASA_HMA/WRFchem_HMA/main -I/glade/work/rkumar/NASA_HMA/WRFchem_HMA/external/io_netcdf -I/glade/work/rkumar/NASA_HMA/WRFchem_HMA/external/io_int -I/glade/work/rkumar/NASA_HMA/WRFchem_HMA/frame -I/glade/work/rkumar/NASA_HMA/WRFchem_HMA/share -I/glade/work/rkumar/NASA_HMA/WRFchem_HMA/phys -I/glade/work/rkumar/NASA_HMA/WRFchem_HMA/chem -I/glade/work/rkumar/NASA_HMA/WRFchem_HMA/inc -I/glade/u/apps/ch/opt/netcdf/4.8.1/intel/19.1.1//include  -real-size `expr 8 \* 4` -i4  module_kpp_racm_esrlsorg_Parameters.f90

real	0m0.562s
user	0m0.063s
sys	0m0.447s
rm -f module_kpp_racm_esrlsorg_JacobianSP.o
sed -e "s/grid%mu/gridmu/g" -e "s/grid%Mu/gridMu/g" -e "s/^\!.*'.*//" -e "s/^ *\!.*'.*//" module_kpp_racm_esrlsorg_JacobianSP.F > module_kpp_racm_esrlsorg_JacobianSP.G
/lib/cpp -P -nostdinc -I/glade/work/rkumar/NASA_HMA/WRFchem_HMA/inc -DEM_CORE=1 -DNMM_CORE=0 -DNMM_MAX_DIM=2600 -DCOAMPS_CORE=0 -DDA_CORE=0 -DEXP_CORE=0 -DIWORDSIZE=4 -DDWORDSIZE=8 -DRWORDSIZE=4 -DLWORDSIZE=4 -DNONSTANDARD_SYSTEM_FUNC  -DWRF_USE_CLM  -DSNICAR_FRC    -DDM_PARALLEL -DNETCDF -DUSE_ALLOCATABLES -DGRIB1 -DINTIO -DKEEP_INT_AROUND -DLIMIT_ARGS -DCONFIG_BUF_LEN=65536 -DMAX_DOMAINS_F=21 -DMAX_HISTORY=25 -DNMM_NEST=0 -DWRF_CHEM -DBUILD_CHEM=1 -DWRF_KPP -I. -traditional-cpp   module_kpp_racm_esrlsorg_JacobianSP.G  > module_kpp_racm_esrlsorg_JacobianSP.H
sed -e "s/gridmu/grid%mu/g" -e "s/gridMu/grid%Mu/g" module_kpp_racm_esrlsorg_JacobianSP.H > module_kpp_racm_esrlsorg_JacobianSP.bb
/glade/work/rkumar/NASA_HMA/WRFchem_HMA/tools/standard.exe module_kpp_racm_esrlsorg_JacobianSP.bb | /lib/cpp -P -nostdinc -traditional-cpp > module_kpp_racm_esrlsorg_JacobianSP.f90
rm -f module_kpp_racm_esrlsorg_JacobianSP.G module_kpp_racm_esrlsorg_JacobianSP.H module_kpp_racm_esrlsorg_JacobianSP.bb
time mpif90 -f90=ifort -o module_kpp_racm_esrlsorg_JacobianSP.o -c -O3 -ip -fp-model precise -w -ftz -align all -fno-alias -FR -convert big_endian    -I../dyn_em -I../dyn_nmm   -I/glade/work/rkumar/NASA_HMA/WRFchem_HMA/external/esmf_time_f90  -I/glade/work/rkumar/NASA_HMA/WRFchem_HMA/main -I/glade/work/rkumar/NASA_HMA/WRFchem_HMA/external/io_netcdf -I/glade/work/rkumar/NASA_HMA/WRFchem_HMA/external/io_int -I/glade/work/rkumar/NASA_HMA/WRFchem_HMA/frame -I/glade/work/rkumar/NASA_HMA/WRFchem_HMA/share -I/glade/work/rkumar/NASA_HMA/WRFchem_HMA/phys -I/glade/work/rkumar/NASA_HMA/WRFchem_HMA/chem -I/glade/work/rkumar/NASA_HMA/WRFchem_HMA/inc -I/glade/u/apps/ch/opt/netcdf/4.8.1/intel/19.1.1//include  -real-size `expr 8 \* 4` -i4  module_kpp_racm_esrlsorg_JacobianSP.f90

real	0m0.656s
user	0m0.058s
sys	0m0.555s
rm -f module_kpp_racm_esrlsorg_Jacobian.o
sed -e "s/grid%mu/gridmu/g" -e "s/grid%Mu/gridMu/g" -e "s/^\!.*'.*//" -e "s/^ *\!.*'.*//" module_kpp_racm_esrlsorg_Jacobian.F > module_kpp_racm_esrlsorg_Jacobian.G
/lib/cpp -P -nostdinc -I/glade/work/rkumar/NASA_HMA/WRFchem_HMA/inc -DEM_CORE=1 -DNMM_CORE=0 -DNMM_MAX_DIM=2600 -DCOAMPS_CORE=0 -DDA_CORE=0 -DEXP_CORE=0 -DIWORDSIZE=4 -DDWORDSIZE=8 -DRWORDSIZE=4 -DLWORDSIZE=4 -DNONSTANDARD_SYSTEM_FUNC  -DWRF_USE_CLM  -DSNICAR_FRC    -DDM_PARALLEL -DNETCDF -DUSE_ALLOCATABLES -DGRIB1 -DINTIO -DKEEP_INT_AROUND -DLIMIT_ARGS -DCONFIG_BUF_LEN=65536 -DMAX_DOMAINS_F=21 -DMAX_HISTORY=25 -DNMM_NEST=0 -DWRF_CHEM -DBUILD_CHEM=1 -DWRF_KPP -I. -traditional-cpp   module_kpp_racm_esrlsorg_Jacobian.G  > module_kpp_racm_esrlsorg_Jacobian.H
sed -e "s/gridmu/grid%mu/g" -e "s/gridMu/grid%Mu/g" module_kpp_racm_esrlsorg_Jacobian.H > module_kpp_racm_esrlsorg_Jacobian.bb
/glade/work/rkumar/NASA_HMA/WRFchem_HMA/tools/standard.exe module_kpp_racm_esrlsorg_Jacobian.bb | /lib/cpp -P -nostdinc -traditional-cpp > module_kpp_racm_esrlsorg_Jacobian.f90
rm -f module_kpp_racm_esrlsorg_Jacobian.G module_kpp_racm_esrlsorg_Jacobian.H module_kpp_racm_esrlsorg_Jacobian.bb
time mpif90 -f90=ifort -o module_kpp_racm_esrlsorg_Jacobian.o -c -O3 -ip -fp-model precise -w -ftz -align all -fno-alias -FR -convert big_endian    -I../dyn_em -I../dyn_nmm   -I/glade/work/rkumar/NASA_HMA/WRFchem_HMA/external/esmf_time_f90  -I/glade/work/rkumar/NASA_HMA/WRFchem_HMA/main -I/glade/work/rkumar/NASA_HMA/WRFchem_HMA/external/io_netcdf -I/glade/work/rkumar/NASA_HMA/WRFchem_HMA/external/io_int -I/glade/work/rkumar/NASA_HMA/WRFchem_HMA/frame -I/glade/work/rkumar/NASA_HMA/WRFchem_HMA/share -I/glade/work/rkumar/NASA_HMA/WRFchem_HMA/phys -I/glade/work/rkumar/NASA_HMA/WRFchem_HMA/chem -I/glade/work/rkumar/NASA_HMA/WRFchem_HMA/inc -I/glade/u/apps/ch/opt/netcdf/4.8.1/intel/19.1.1//include  -real-size `expr 8 \* 4` -i4  module_kpp_racm_esrlsorg_Jacobian.f90

real	0m1.484s
user	0m0.886s
sys	0m0.523s
rm -f module_kpp_racm_esrlsorg_Update_Rconst.o
sed -e "s/grid%mu/gridmu/g" -e "s/grid%Mu/gridMu/g" -e "s/^\!.*'.*//" -e "s/^ *\!.*'.*//" module_kpp_racm_esrlsorg_Update_Rconst.F > module_kpp_racm_esrlsorg_Update_Rconst.G
/lib/cpp -P -nostdinc -I/glade/work/rkumar/NASA_HMA/WRFchem_HMA/inc -DEM_CORE=1 -DNMM_CORE=0 -DNMM_MAX_DIM=2600 -DCOAMPS_CORE=0 -DDA_CORE=0 -DEXP_CORE=0 -DIWORDSIZE=4 -DDWORDSIZE=8 -DRWORDSIZE=4 -DLWORDSIZE=4 -DNONSTANDARD_SYSTEM_FUNC  -DWRF_USE_CLM  -DSNICAR_FRC    -DDM_PARALLEL -DNETCDF -DUSE_ALLOCATABLES -DGRIB1 -DINTIO -DKEEP_INT_AROUND -DLIMIT_ARGS -DCONFIG_BUF_LEN=65536 -DMAX_DOMAINS_F=21 -DMAX_HISTORY=25 -DNMM_NEST=0 -DWRF_CHEM -DBUILD_CHEM=1 -DWRF_KPP -I. -traditional-cpp   module_kpp_racm_esrlsorg_Update_Rconst.G  > module_kpp_racm_esrlsorg_Update_Rconst.H
sed -e "s/gridmu/grid%mu/g" -e "s/gridMu/grid%Mu/g" module_kpp_racm_esrlsorg_Update_Rconst.H > module_kpp_racm_esrlsorg_Update_Rconst.bb
/glade/work/rkumar/NASA_HMA/WRFchem_HMA/tools/standard.exe module_kpp_racm_esrlsorg_Update_Rconst.bb | /lib/cpp -P -nostdinc -traditional-cpp > module_kpp_racm_esrlsorg_Update_Rconst.f90
rm -f module_kpp_racm_esrlsorg_Update_Rconst.G module_kpp_racm_esrlsorg_Update_Rconst.H module_kpp_racm_esrlsorg_Update_Rconst.bb
time mpif90 -f90=ifort -o module_kpp_racm_esrlsorg_Update_Rconst.o -c -O3 -ip -fp-model precise -w -ftz -align all -fno-alias -FR -convert big_endian    -I../dyn_em -I../dyn_nmm   -I/glade/work/rkumar/NASA_HMA/WRFchem_HMA/external/esmf_time_f90  -I/glade/work/rkumar/NASA_HMA/WRFchem_HMA/main -I/glade/work/rkumar/NASA_HMA/WRFchem_HMA/external/io_netcdf -I/glade/work/rkumar/NASA_HMA/WRFchem_HMA/external/io_int -I/glade/work/rkumar/NASA_HMA/WRFchem_HMA/frame -I/glade/work/rkumar/NASA_HMA/WRFchem_HMA/share -I/glade/work/rkumar/NASA_HMA/WRFchem_HMA/phys -I/glade/work/rkumar/NASA_HMA/WRFchem_HMA/chem -I/glade/work/rkumar/NASA_HMA/WRFchem_HMA/inc -I/glade/u/apps/ch/opt/netcdf/4.8.1/intel/19.1.1//include  -real-size `expr 8 \* 4` -i4  module_kpp_racm_esrlsorg_Update_Rconst.f90

real	0m0.795s
user	0m0.234s
sys	0m0.504s
rm -f module_kpp_racm_esrlsorg_Integr.o
sed -e "s/grid%mu/gridmu/g" -e "s/grid%Mu/gridMu/g" -e "s/^\!.*'.*//" -e "s/^ *\!.*'.*//" module_kpp_racm_esrlsorg_Integr.F > module_kpp_racm_esrlsorg_Integr.G
/lib/cpp -P -nostdinc -I/glade/work/rkumar/NASA_HMA/WRFchem_HMA/inc -DEM_CORE=1 -DNMM_CORE=0 -DNMM_MAX_DIM=2600 -DCOAMPS_CORE=0 -DDA_CORE=0 -DEXP_CORE=0 -DIWORDSIZE=4 -DDWORDSIZE=8 -DRWORDSIZE=4 -DLWORDSIZE=4 -DNONSTANDARD_SYSTEM_FUNC  -DWRF_USE_CLM  -DSNICAR_FRC    -DDM_PARALLEL -DNETCDF -DUSE_ALLOCATABLES -DGRIB1 -DINTIO -DKEEP_INT_AROUND -DLIMIT_ARGS -DCONFIG_BUF_LEN=65536 -DMAX_DOMAINS_F=21 -DMAX_HISTORY=25 -DNMM_NEST=0 -DWRF_CHEM -DBUILD_CHEM=1 -DWRF_KPP -I. -traditional-cpp   module_kpp_racm_esrlsorg_Integr.G  > module_kpp_racm_esrlsorg_Integr.H
sed -e "s/gridmu/grid%mu/g" -e "s/gridMu/grid%Mu/g" module_kpp_racm_esrlsorg_Integr.H > module_kpp_racm_esrlsorg_Integr.bb
/glade/work/rkumar/NASA_HMA/WRFchem_HMA/tools/standard.exe module_kpp_racm_esrlsorg_Integr.bb | /lib/cpp -P -nostdinc -traditional-cpp > module_kpp_racm_esrlsorg_Integr.f90
rm -f module_kpp_racm_esrlsorg_Integr.G module_kpp_racm_esrlsorg_Integr.H module_kpp_racm_esrlsorg_Integr.bb
time mpif90 -f90=ifort -o module_kpp_racm_esrlsorg_Integr.o -c -O3 -ip -fp-model precise -w -ftz -align all -fno-alias -FR -convert big_endian    -I../dyn_em -I../dyn_nmm   -I/glade/work/rkumar/NASA_HMA/WRFchem_HMA/external/esmf_time_f90  -I/glade/work/rkumar/NASA_HMA/WRFchem_HMA/main -I/glade/work/rkumar/NASA_HMA/WRFchem_HMA/external/io_netcdf -I/glade/work/rkumar/NASA_HMA/WRFchem_HMA/external/io_int -I/glade/work/rkumar/NASA_HMA/WRFchem_HMA/frame -I/glade/work/rkumar/NASA_HMA/WRFchem_HMA/share -I/glade/work/rkumar/NASA_HMA/WRFchem_HMA/phys -I/glade/work/rkumar/NASA_HMA/WRFchem_HMA/chem -I/glade/work/rkumar/NASA_HMA/WRFchem_HMA/inc -I/glade/u/apps/ch/opt/netcdf/4.8.1/intel/19.1.1//include  -real-size `expr 8 \* 4` -i4  module_kpp_racm_esrlsorg_Integr.f90

real	0m18.791s
user	0m18.017s
sys	0m0.706s
rm -f module_kpp_racm_esrlsorg_interface.o
sed -e "s/grid%mu/gridmu/g" -e "s/grid%Mu/gridMu/g" -e "s/^\!.*'.*//" -e "s/^ *\!.*'.*//" module_kpp_racm_esrlsorg_interface.F > module_kpp_racm_esrlsorg_interface.G
/lib/cpp -P -nostdinc -I/glade/work/rkumar/NASA_HMA/WRFchem_HMA/inc -DEM_CORE=1 -DNMM_CORE=0 -DNMM_MAX_DIM=2600 -DCOAMPS_CORE=0 -DDA_CORE=0 -DEXP_CORE=0 -DIWORDSIZE=4 -DDWORDSIZE=8 -DRWORDSIZE=4 -DLWORDSIZE=4 -DNONSTANDARD_SYSTEM_FUNC  -DWRF_USE_CLM  -DSNICAR_FRC    -DDM_PARALLEL -DNETCDF -DUSE_ALLOCATABLES -DGRIB1 -DINTIO -DKEEP_INT_AROUND -DLIMIT_ARGS -DCONFIG_BUF_LEN=65536 -DMAX_DOMAINS_F=21 -DMAX_HISTORY=25 -DNMM_NEST=0 -DWRF_CHEM -DBUILD_CHEM=1 -DWRF_KPP -I. -traditional-cpp   module_kpp_racm_esrlsorg_interface.G  > module_kpp_racm_esrlsorg_interface.H
sed -e "s/gridmu/grid%mu/g" -e "s/gridMu/grid%Mu/g" module_kpp_racm_esrlsorg_interface.H > module_kpp_racm_esrlsorg_interface.bb
/glade/work/rkumar/NASA_HMA/WRFchem_HMA/tools/standard.exe module_kpp_racm_esrlsorg_interface.bb | /lib/cpp -P -nostdinc -traditional-cpp > module_kpp_racm_esrlsorg_interface.f90
rm -f module_kpp_racm_esrlsorg_interface.G module_kpp_racm_esrlsorg_interface.H module_kpp_racm_esrlsorg_interface.bb
time mpif90 -f90=ifort -o module_kpp_racm_esrlsorg_interface.o -c -O3 -ip -fp-model precise -w -ftz -align all -fno-alias -FR -convert big_endian    -I../dyn_em -I../dyn_nmm   -I/glade/work/rkumar/NASA_HMA/WRFchem_HMA/external/esmf_time_f90  -I/glade/work/rkumar/NASA_HMA/WRFchem_HMA/main -I/glade/work/rkumar/NASA_HMA/WRFchem_HMA/external/io_netcdf -I/glade/work/rkumar/NASA_HMA/WRFchem_HMA/external/io_int -I/glade/work/rkumar/NASA_HMA/WRFchem_HMA/frame -I/glade/work/rkumar/NASA_HMA/WRFchem_HMA/share -I/glade/work/rkumar/NASA_HMA/WRFchem_HMA/phys -I/glade/work/rkumar/NASA_HMA/WRFchem_HMA/chem -I/glade/work/rkumar/NASA_HMA/WRFchem_HMA/inc -I/glade/u/apps/ch/opt/netcdf/4.8.1/intel/19.1.1//include  -real-size `expr 8 \* 4` -i4  module_kpp_racm_esrlsorg_interface.f90

real	0m1.685s
user	0m1.118s
sys	0m0.538s
rm -f module_kpp_saprc99_Precision.o
sed -e "s/grid%mu/gridmu/g" -e "s/grid%Mu/gridMu/g" -e "s/^\!.*'.*//" -e "s/^ *\!.*'.*//" module_kpp_saprc99_Precision.F > module_kpp_saprc99_Precision.G
/lib/cpp -P -nostdinc -I/glade/work/rkumar/NASA_HMA/WRFchem_HMA/inc -DEM_CORE=1 -DNMM_CORE=0 -DNMM_MAX_DIM=2600 -DCOAMPS_CORE=0 -DDA_CORE=0 -DEXP_CORE=0 -DIWORDSIZE=4 -DDWORDSIZE=8 -DRWORDSIZE=4 -DLWORDSIZE=4 -DNONSTANDARD_SYSTEM_FUNC  -DWRF_USE_CLM  -DSNICAR_FRC    -DDM_PARALLEL -DNETCDF -DUSE_ALLOCATABLES -DGRIB1 -DINTIO -DKEEP_INT_AROUND -DLIMIT_ARGS -DCONFIG_BUF_LEN=65536 -DMAX_DOMAINS_F=21 -DMAX_HISTORY=25 -DNMM_NEST=0 -DWRF_CHEM -DBUILD_CHEM=1 -DWRF_KPP -I. -traditional-cpp   module_kpp_saprc99_Precision.G  > module_kpp_saprc99_Precision.H
sed -e "s/gridmu/grid%mu/g" -e "s/gridMu/grid%Mu/g" module_kpp_saprc99_Precision.H > module_kpp_saprc99_Precision.bb
/glade/work/rkumar/NASA_HMA/WRFchem_HMA/tools/standard.exe module_kpp_saprc99_Precision.bb | /lib/cpp -P -nostdinc -traditional-cpp > module_kpp_saprc99_Precision.f90
rm -f module_kpp_saprc99_Precision.G module_kpp_saprc99_Precision.H module_kpp_saprc99_Precision.bb
time mpif90 -f90=ifort -o module_kpp_saprc99_Precision.o -c -O3 -ip -fp-model precise -w -ftz -align all -fno-alias -FR -convert big_endian    -I../dyn_em -I../dyn_nmm   -I/glade/work/rkumar/NASA_HMA/WRFchem_HMA/external/esmf_time_f90  -I/glade/work/rkumar/NASA_HMA/WRFchem_HMA/main -I/glade/work/rkumar/NASA_HMA/WRFchem_HMA/external/io_netcdf -I/glade/work/rkumar/NASA_HMA/WRFchem_HMA/external/io_int -I/glade/work/rkumar/NASA_HMA/WRFchem_HMA/frame -I/glade/work/rkumar/NASA_HMA/WRFchem_HMA/share -I/glade/work/rkumar/NASA_HMA/WRFchem_HMA/phys -I/glade/work/rkumar/NASA_HMA/WRFchem_HMA/chem -I/glade/work/rkumar/NASA_HMA/WRFchem_HMA/inc -I/glade/u/apps/ch/opt/netcdf/4.8.1/intel/19.1.1//include  -real-size `expr 8 \* 4` -i4  module_kpp_saprc99_Precision.f90

real	0m0.592s
user	0m0.054s
sys	0m0.471s
rm -f module_kpp_saprc99_Parameters.o
sed -e "s/grid%mu/gridmu/g" -e "s/grid%Mu/gridMu/g" -e "s/^\!.*'.*//" -e "s/^ *\!.*'.*//" module_kpp_saprc99_Parameters.F > module_kpp_saprc99_Parameters.G
/lib/cpp -P -nostdinc -I/glade/work/rkumar/NASA_HMA/WRFchem_HMA/inc -DEM_CORE=1 -DNMM_CORE=0 -DNMM_MAX_DIM=2600 -DCOAMPS_CORE=0 -DDA_CORE=0 -DEXP_CORE=0 -DIWORDSIZE=4 -DDWORDSIZE=8 -DRWORDSIZE=4 -DLWORDSIZE=4 -DNONSTANDARD_SYSTEM_FUNC  -DWRF_USE_CLM  -DSNICAR_FRC    -DDM_PARALLEL -DNETCDF -DUSE_ALLOCATABLES -DGRIB1 -DINTIO -DKEEP_INT_AROUND -DLIMIT_ARGS -DCONFIG_BUF_LEN=65536 -DMAX_DOMAINS_F=21 -DMAX_HISTORY=25 -DNMM_NEST=0 -DWRF_CHEM -DBUILD_CHEM=1 -DWRF_KPP -I. -traditional-cpp   module_kpp_saprc99_Parameters.G  > module_kpp_saprc99_Parameters.H
sed -e "s/gridmu/grid%mu/g" -e "s/gridMu/grid%Mu/g" module_kpp_saprc99_Parameters.H > module_kpp_saprc99_Parameters.bb
/glade/work/rkumar/NASA_HMA/WRFchem_HMA/tools/standard.exe module_kpp_saprc99_Parameters.bb | /lib/cpp -P -nostdinc -traditional-cpp > module_kpp_saprc99_Parameters.f90
rm -f module_kpp_saprc99_Parameters.G module_kpp_saprc99_Parameters.H module_kpp_saprc99_Parameters.bb
time mpif90 -f90=ifort -o module_kpp_saprc99_Parameters.o -c -O3 -ip -fp-model precise -w -ftz -align all -fno-alias -FR -convert big_endian    -I../dyn_em -I../dyn_nmm   -I/glade/work/rkumar/NASA_HMA/WRFchem_HMA/external/esmf_time_f90  -I/glade/work/rkumar/NASA_HMA/WRFchem_HMA/main -I/glade/work/rkumar/NASA_HMA/WRFchem_HMA/external/io_netcdf -I/glade/work/rkumar/NASA_HMA/WRFchem_HMA/external/io_int -I/glade/work/rkumar/NASA_HMA/WRFchem_HMA/frame -I/glade/work/rkumar/NASA_HMA/WRFchem_HMA/share -I/glade/work/rkumar/NASA_HMA/WRFchem_HMA/phys -I/glade/work/rkumar/NASA_HMA/WRFchem_HMA/chem -I/glade/work/rkumar/NASA_HMA/WRFchem_HMA/inc -I/glade/u/apps/ch/opt/netcdf/4.8.1/intel/19.1.1//include  -real-size `expr 8 \* 4` -i4  module_kpp_saprc99_Parameters.f90

real	0m0.580s
user	0m0.052s
sys	0m0.482s
rm -f module_kpp_saprc99_JacobianSP.o
sed -e "s/grid%mu/gridmu/g" -e "s/grid%Mu/gridMu/g" -e "s/^\!.*'.*//" -e "s/^ *\!.*'.*//" module_kpp_saprc99_JacobianSP.F > module_kpp_saprc99_JacobianSP.G
/lib/cpp -P -nostdinc -I/glade/work/rkumar/NASA_HMA/WRFchem_HMA/inc -DEM_CORE=1 -DNMM_CORE=0 -DNMM_MAX_DIM=2600 -DCOAMPS_CORE=0 -DDA_CORE=0 -DEXP_CORE=0 -DIWORDSIZE=4 -DDWORDSIZE=8 -DRWORDSIZE=4 -DLWORDSIZE=4 -DNONSTANDARD_SYSTEM_FUNC  -DWRF_USE_CLM  -DSNICAR_FRC    -DDM_PARALLEL -DNETCDF -DUSE_ALLOCATABLES -DGRIB1 -DINTIO -DKEEP_INT_AROUND -DLIMIT_ARGS -DCONFIG_BUF_LEN=65536 -DMAX_DOMAINS_F=21 -DMAX_HISTORY=25 -DNMM_NEST=0 -DWRF_CHEM -DBUILD_CHEM=1 -DWRF_KPP -I. -traditional-cpp   module_kpp_saprc99_JacobianSP.G  > module_kpp_saprc99_JacobianSP.H
sed -e "s/gridmu/grid%mu/g" -e "s/gridMu/grid%Mu/g" module_kpp_saprc99_JacobianSP.H > module_kpp_saprc99_JacobianSP.bb
/glade/work/rkumar/NASA_HMA/WRFchem_HMA/tools/standard.exe module_kpp_saprc99_JacobianSP.bb | /lib/cpp -P -nostdinc -traditional-cpp > module_kpp_saprc99_JacobianSP.f90
rm -f module_kpp_saprc99_JacobianSP.G module_kpp_saprc99_JacobianSP.H module_kpp_saprc99_JacobianSP.bb
time mpif90 -f90=ifort -o module_kpp_saprc99_JacobianSP.o -c -O3 -ip -fp-model precise -w -ftz -align all -fno-alias -FR -convert big_endian    -I../dyn_em -I../dyn_nmm   -I/glade/work/rkumar/NASA_HMA/WRFchem_HMA/external/esmf_time_f90  -I/glade/work/rkumar/NASA_HMA/WRFchem_HMA/main -I/glade/work/rkumar/NASA_HMA/WRFchem_HMA/external/io_netcdf -I/glade/work/rkumar/NASA_HMA/WRFchem_HMA/external/io_int -I/glade/work/rkumar/NASA_HMA/WRFchem_HMA/frame -I/glade/work/rkumar/NASA_HMA/WRFchem_HMA/share -I/glade/work/rkumar/NASA_HMA/WRFchem_HMA/phys -I/glade/work/rkumar/NASA_HMA/WRFchem_HMA/chem -I/glade/work/rkumar/NASA_HMA/WRFchem_HMA/inc -I/glade/u/apps/ch/opt/netcdf/4.8.1/intel/19.1.1//include  -real-size `expr 8 \* 4` -i4  module_kpp_saprc99_JacobianSP.f90

real	0m0.620s
user	0m0.052s
sys	0m0.511s
rm -f module_kpp_saprc99_Jacobian.o
sed -e "s/grid%mu/gridmu/g" -e "s/grid%Mu/gridMu/g" -e "s/^\!.*'.*//" -e "s/^ *\!.*'.*//" module_kpp_saprc99_Jacobian.F > module_kpp_saprc99_Jacobian.G
/lib/cpp -P -nostdinc -I/glade/work/rkumar/NASA_HMA/WRFchem_HMA/inc -DEM_CORE=1 -DNMM_CORE=0 -DNMM_MAX_DIM=2600 -DCOAMPS_CORE=0 -DDA_CORE=0 -DEXP_CORE=0 -DIWORDSIZE=4 -DDWORDSIZE=8 -DRWORDSIZE=4 -DLWORDSIZE=4 -DNONSTANDARD_SYSTEM_FUNC  -DWRF_USE_CLM  -DSNICAR_FRC    -DDM_PARALLEL -DNETCDF -DUSE_ALLOCATABLES -DGRIB1 -DINTIO -DKEEP_INT_AROUND -DLIMIT_ARGS -DCONFIG_BUF_LEN=65536 -DMAX_DOMAINS_F=21 -DMAX_HISTORY=25 -DNMM_NEST=0 -DWRF_CHEM -DBUILD_CHEM=1 -DWRF_KPP -I. -traditional-cpp   module_kpp_saprc99_Jacobian.G  > module_kpp_saprc99_Jacobian.H
sed -e "s/gridmu/grid%mu/g" -e "s/gridMu/grid%Mu/g" module_kpp_saprc99_Jacobian.H > module_kpp_saprc99_Jacobian.bb
/glade/work/rkumar/NASA_HMA/WRFchem_HMA/tools/standard.exe module_kpp_saprc99_Jacobian.bb | /lib/cpp -P -nostdinc -traditional-cpp > module_kpp_saprc99_Jacobian.f90
rm -f module_kpp_saprc99_Jacobian.G module_kpp_saprc99_Jacobian.H module_kpp_saprc99_Jacobian.bb
time mpif90 -f90=ifort -o module_kpp_saprc99_Jacobian.o -c -O3 -ip -fp-model precise -w -ftz -align all -fno-alias -FR -convert big_endian    -I../dyn_em -I../dyn_nmm   -I/glade/work/rkumar/NASA_HMA/WRFchem_HMA/external/esmf_time_f90  -I/glade/work/rkumar/NASA_HMA/WRFchem_HMA/main -I/glade/work/rkumar/NASA_HMA/WRFchem_HMA/external/io_netcdf -I/glade/work/rkumar/NASA_HMA/WRFchem_HMA/external/io_int -I/glade/work/rkumar/NASA_HMA/WRFchem_HMA/frame -I/glade/work/rkumar/NASA_HMA/WRFchem_HMA/share -I/glade/work/rkumar/NASA_HMA/WRFchem_HMA/phys -I/glade/work/rkumar/NASA_HMA/WRFchem_HMA/chem -I/glade/work/rkumar/NASA_HMA/WRFchem_HMA/inc -I/glade/u/apps/ch/opt/netcdf/4.8.1/intel/19.1.1//include  -real-size `expr 8 \* 4` -i4  module_kpp_saprc99_Jacobian.f90

real	0m1.329s
user	0m0.821s
sys	0m0.464s
rm -f module_kpp_saprc99_Update_Rconst.o
sed -e "s/grid%mu/gridmu/g" -e "s/grid%Mu/gridMu/g" -e "s/^\!.*'.*//" -e "s/^ *\!.*'.*//" module_kpp_saprc99_Update_Rconst.F > module_kpp_saprc99_Update_Rconst.G
/lib/cpp -P -nostdinc -I/glade/work/rkumar/NASA_HMA/WRFchem_HMA/inc -DEM_CORE=1 -DNMM_CORE=0 -DNMM_MAX_DIM=2600 -DCOAMPS_CORE=0 -DDA_CORE=0 -DEXP_CORE=0 -DIWORDSIZE=4 -DDWORDSIZE=8 -DRWORDSIZE=4 -DLWORDSIZE=4 -DNONSTANDARD_SYSTEM_FUNC  -DWRF_USE_CLM  -DSNICAR_FRC    -DDM_PARALLEL -DNETCDF -DUSE_ALLOCATABLES -DGRIB1 -DINTIO -DKEEP_INT_AROUND -DLIMIT_ARGS -DCONFIG_BUF_LEN=65536 -DMAX_DOMAINS_F=21 -DMAX_HISTORY=25 -DNMM_NEST=0 -DWRF_CHEM -DBUILD_CHEM=1 -DWRF_KPP -I. -traditional-cpp   module_kpp_saprc99_Update_Rconst.G  > module_kpp_saprc99_Update_Rconst.H
sed -e "s/gridmu/grid%mu/g" -e "s/gridMu/grid%Mu/g" module_kpp_saprc99_Update_Rconst.H > module_kpp_saprc99_Update_Rconst.bb
/glade/work/rkumar/NASA_HMA/WRFchem_HMA/tools/standard.exe module_kpp_saprc99_Update_Rconst.bb | /lib/cpp -P -nostdinc -traditional-cpp > module_kpp_saprc99_Update_Rconst.f90
rm -f module_kpp_saprc99_Update_Rconst.G module_kpp_saprc99_Update_Rconst.H module_kpp_saprc99_Update_Rconst.bb
time mpif90 -f90=ifort -o module_kpp_saprc99_Update_Rconst.o -c -O3 -ip -fp-model precise -w -ftz -align all -fno-alias -FR -convert big_endian    -I../dyn_em -I../dyn_nmm   -I/glade/work/rkumar/NASA_HMA/WRFchem_HMA/external/esmf_time_f90  -I/glade/work/rkumar/NASA_HMA/WRFchem_HMA/main -I/glade/work/rkumar/NASA_HMA/WRFchem_HMA/external/io_netcdf -I/glade/work/rkumar/NASA_HMA/WRFchem_HMA/external/io_int -I/glade/work/rkumar/NASA_HMA/WRFchem_HMA/frame -I/glade/work/rkumar/NASA_HMA/WRFchem_HMA/share -I/glade/work/rkumar/NASA_HMA/WRFchem_HMA/phys -I/glade/work/rkumar/NASA_HMA/WRFchem_HMA/chem -I/glade/work/rkumar/NASA_HMA/WRFchem_HMA/inc -I/glade/u/apps/ch/opt/netcdf/4.8.1/intel/19.1.1//include  -real-size `expr 8 \* 4` -i4  module_kpp_saprc99_Update_Rconst.f90

real	0m0.775s
user	0m0.251s
sys	0m0.465s
rm -f module_kpp_saprc99_Integr.o
sed -e "s/grid%mu/gridmu/g" -e "s/grid%Mu/gridMu/g" -e "s/^\!.*'.*//" -e "s/^ *\!.*'.*//" module_kpp_saprc99_Integr.F > module_kpp_saprc99_Integr.G
/lib/cpp -P -nostdinc -I/glade/work/rkumar/NASA_HMA/WRFchem_HMA/inc -DEM_CORE=1 -DNMM_CORE=0 -DNMM_MAX_DIM=2600 -DCOAMPS_CORE=0 -DDA_CORE=0 -DEXP_CORE=0 -DIWORDSIZE=4 -DDWORDSIZE=8 -DRWORDSIZE=4 -DLWORDSIZE=4 -DNONSTANDARD_SYSTEM_FUNC  -DWRF_USE_CLM  -DSNICAR_FRC    -DDM_PARALLEL -DNETCDF -DUSE_ALLOCATABLES -DGRIB1 -DINTIO -DKEEP_INT_AROUND -DLIMIT_ARGS -DCONFIG_BUF_LEN=65536 -DMAX_DOMAINS_F=21 -DMAX_HISTORY=25 -DNMM_NEST=0 -DWRF_CHEM -DBUILD_CHEM=1 -DWRF_KPP -I. -traditional-cpp   module_kpp_saprc99_Integr.G  > module_kpp_saprc99_Integr.H
sed -e "s/gridmu/grid%mu/g" -e "s/gridMu/grid%Mu/g" module_kpp_saprc99_Integr.H > module_kpp_saprc99_Integr.bb
/glade/work/rkumar/NASA_HMA/WRFchem_HMA/tools/standard.exe module_kpp_saprc99_Integr.bb | /lib/cpp -P -nostdinc -traditional-cpp > module_kpp_saprc99_Integr.f90
rm -f module_kpp_saprc99_Integr.G module_kpp_saprc99_Integr.H module_kpp_saprc99_Integr.bb
time mpif90 -f90=ifort -o module_kpp_saprc99_Integr.o -c -O3 -ip -fp-model precise -w -ftz -align all -fno-alias -FR -convert big_endian    -I../dyn_em -I../dyn_nmm   -I/glade/work/rkumar/NASA_HMA/WRFchem_HMA/external/esmf_time_f90  -I/glade/work/rkumar/NASA_HMA/WRFchem_HMA/main -I/glade/work/rkumar/NASA_HMA/WRFchem_HMA/external/io_netcdf -I/glade/work/rkumar/NASA_HMA/WRFchem_HMA/external/io_int -I/glade/work/rkumar/NASA_HMA/WRFchem_HMA/frame -I/glade/work/rkumar/NASA_HMA/WRFchem_HMA/share -I/glade/work/rkumar/NASA_HMA/WRFchem_HMA/phys -I/glade/work/rkumar/NASA_HMA/WRFchem_HMA/chem -I/glade/work/rkumar/NASA_HMA/WRFchem_HMA/inc -I/glade/u/apps/ch/opt/netcdf/4.8.1/intel/19.1.1//include  -real-size `expr 8 \* 4` -i4  module_kpp_saprc99_Integr.f90

real	0m13.628s
user	0m12.918s
sys	0m0.650s
rm -f module_kpp_saprc99_interface.o
sed -e "s/grid%mu/gridmu/g" -e "s/grid%Mu/gridMu/g" -e "s/^\!.*'.*//" -e "s/^ *\!.*'.*//" module_kpp_saprc99_interface.F > module_kpp_saprc99_interface.G
/lib/cpp -P -nostdinc -I/glade/work/rkumar/NASA_HMA/WRFchem_HMA/inc -DEM_CORE=1 -DNMM_CORE=0 -DNMM_MAX_DIM=2600 -DCOAMPS_CORE=0 -DDA_CORE=0 -DEXP_CORE=0 -DIWORDSIZE=4 -DDWORDSIZE=8 -DRWORDSIZE=4 -DLWORDSIZE=4 -DNONSTANDARD_SYSTEM_FUNC  -DWRF_USE_CLM  -DSNICAR_FRC    -DDM_PARALLEL -DNETCDF -DUSE_ALLOCATABLES -DGRIB1 -DINTIO -DKEEP_INT_AROUND -DLIMIT_ARGS -DCONFIG_BUF_LEN=65536 -DMAX_DOMAINS_F=21 -DMAX_HISTORY=25 -DNMM_NEST=0 -DWRF_CHEM -DBUILD_CHEM=1 -DWRF_KPP -I. -traditional-cpp   module_kpp_saprc99_interface.G  > module_kpp_saprc99_interface.H
sed -e "s/gridmu/grid%mu/g" -e "s/gridMu/grid%Mu/g" module_kpp_saprc99_interface.H > module_kpp_saprc99_interface.bb
/glade/work/rkumar/NASA_HMA/WRFchem_HMA/tools/standard.exe module_kpp_saprc99_interface.bb | /lib/cpp -P -nostdinc -traditional-cpp > module_kpp_saprc99_interface.f90
rm -f module_kpp_saprc99_interface.G module_kpp_saprc99_interface.H module_kpp_saprc99_interface.bb
time mpif90 -f90=ifort -o module_kpp_saprc99_interface.o -c -O3 -ip -fp-model precise -w -ftz -align all -fno-alias -FR -convert big_endian    -I../dyn_em -I../dyn_nmm   -I/glade/work/rkumar/NASA_HMA/WRFchem_HMA/external/esmf_time_f90  -I/glade/work/rkumar/NASA_HMA/WRFchem_HMA/main -I/glade/work/rkumar/NASA_HMA/WRFchem_HMA/external/io_netcdf -I/glade/work/rkumar/NASA_HMA/WRFchem_HMA/external/io_int -I/glade/work/rkumar/NASA_HMA/WRFchem_HMA/frame -I/glade/work/rkumar/NASA_HMA/WRFchem_HMA/share -I/glade/work/rkumar/NASA_HMA/WRFchem_HMA/phys -I/glade/work/rkumar/NASA_HMA/WRFchem_HMA/chem -I/glade/work/rkumar/NASA_HMA/WRFchem_HMA/inc -I/glade/u/apps/ch/opt/netcdf/4.8.1/intel/19.1.1//include  -real-size `expr 8 \* 4` -i4  module_kpp_saprc99_interface.f90

real	0m1.423s
user	0m0.845s
sys	0m0.540s
rm -f module_kpp_mozart_mosaic_4bin_aq_Precision.o
sed -e "s/grid%mu/gridmu/g" -e "s/grid%Mu/gridMu/g" -e "s/^\!.*'.*//" -e "s/^ *\!.*'.*//" module_kpp_mozart_mosaic_4bin_aq_Precision.F > module_kpp_mozart_mosaic_4bin_aq_Precision.G
/lib/cpp -P -nostdinc -I/glade/work/rkumar/NASA_HMA/WRFchem_HMA/inc -DEM_CORE=1 -DNMM_CORE=0 -DNMM_MAX_DIM=2600 -DCOAMPS_CORE=0 -DDA_CORE=0 -DEXP_CORE=0 -DIWORDSIZE=4 -DDWORDSIZE=8 -DRWORDSIZE=4 -DLWORDSIZE=4 -DNONSTANDARD_SYSTEM_FUNC  -DWRF_USE_CLM  -DSNICAR_FRC    -DDM_PARALLEL -DNETCDF -DUSE_ALLOCATABLES -DGRIB1 -DINTIO -DKEEP_INT_AROUND -DLIMIT_ARGS -DCONFIG_BUF_LEN=65536 -DMAX_DOMAINS_F=21 -DMAX_HISTORY=25 -DNMM_NEST=0 -DWRF_CHEM -DBUILD_CHEM=1 -DWRF_KPP -I. -traditional-cpp   module_kpp_mozart_mosaic_4bin_aq_Precision.G  > module_kpp_mozart_mosaic_4bin_aq_Precision.H
sed -e "s/gridmu/grid%mu/g" -e "s/gridMu/grid%Mu/g" module_kpp_mozart_mosaic_4bin_aq_Precision.H > module_kpp_mozart_mosaic_4bin_aq_Precision.bb
/glade/work/rkumar/NASA_HMA/WRFchem_HMA/tools/standard.exe module_kpp_mozart_mosaic_4bin_aq_Precision.bb | /lib/cpp -P -nostdinc -traditional-cpp > module_kpp_mozart_mosaic_4bin_aq_Precision.f90
rm -f module_kpp_mozart_mosaic_4bin_aq_Precision.G module_kpp_mozart_mosaic_4bin_aq_Precision.H module_kpp_mozart_mosaic_4bin_aq_Precision.bb
time mpif90 -f90=ifort -o module_kpp_mozart_mosaic_4bin_aq_Precision.o -c -O3 -ip -fp-model precise -w -ftz -align all -fno-alias -FR -convert big_endian    -I../dyn_em -I../dyn_nmm   -I/glade/work/rkumar/NASA_HMA/WRFchem_HMA/external/esmf_time_f90  -I/glade/work/rkumar/NASA_HMA/WRFchem_HMA/main -I/glade/work/rkumar/NASA_HMA/WRFchem_HMA/external/io_netcdf -I/glade/work/rkumar/NASA_HMA/WRFchem_HMA/external/io_int -I/glade/work/rkumar/NASA_HMA/WRFchem_HMA/frame -I/glade/work/rkumar/NASA_HMA/WRFchem_HMA/share -I/glade/work/rkumar/NASA_HMA/WRFchem_HMA/phys -I/glade/work/rkumar/NASA_HMA/WRFchem_HMA/chem -I/glade/work/rkumar/NASA_HMA/WRFchem_HMA/inc -I/glade/u/apps/ch/opt/netcdf/4.8.1/intel/19.1.1//include  -real-size `expr 8 \* 4` -i4  module_kpp_mozart_mosaic_4bin_aq_Precision.f90

real	0m0.624s
user	0m0.037s
sys	0m0.587s
rm -f module_kpp_mozart_mosaic_4bin_aq_Parameters.o
sed -e "s/grid%mu/gridmu/g" -e "s/grid%Mu/gridMu/g" -e "s/^\!.*'.*//" -e "s/^ *\!.*'.*//" module_kpp_mozart_mosaic_4bin_aq_Parameters.F > module_kpp_mozart_mosaic_4bin_aq_Parameters.G
/lib/cpp -P -nostdinc -I/glade/work/rkumar/NASA_HMA/WRFchem_HMA/inc -DEM_CORE=1 -DNMM_CORE=0 -DNMM_MAX_DIM=2600 -DCOAMPS_CORE=0 -DDA_CORE=0 -DEXP_CORE=0 -DIWORDSIZE=4 -DDWORDSIZE=8 -DRWORDSIZE=4 -DLWORDSIZE=4 -DNONSTANDARD_SYSTEM_FUNC  -DWRF_USE_CLM  -DSNICAR_FRC    -DDM_PARALLEL -DNETCDF -DUSE_ALLOCATABLES -DGRIB1 -DINTIO -DKEEP_INT_AROUND -DLIMIT_ARGS -DCONFIG_BUF_LEN=65536 -DMAX_DOMAINS_F=21 -DMAX_HISTORY=25 -DNMM_NEST=0 -DWRF_CHEM -DBUILD_CHEM=1 -DWRF_KPP -I. -traditional-cpp   module_kpp_mozart_mosaic_4bin_aq_Parameters.G  > module_kpp_mozart_mosaic_4bin_aq_Parameters.H
sed -e "s/gridmu/grid%mu/g" -e "s/gridMu/grid%Mu/g" module_kpp_mozart_mosaic_4bin_aq_Parameters.H > module_kpp_mozart_mosaic_4bin_aq_Parameters.bb
/glade/work/rkumar/NASA_HMA/WRFchem_HMA/tools/standard.exe module_kpp_mozart_mosaic_4bin_aq_Parameters.bb | /lib/cpp -P -nostdinc -traditional-cpp > module_kpp_mozart_mosaic_4bin_aq_Parameters.f90
rm -f module_kpp_mozart_mosaic_4bin_aq_Parameters.G module_kpp_mozart_mosaic_4bin_aq_Parameters.H module_kpp_mozart_mosaic_4bin_aq_Parameters.bb
time mpif90 -f90=ifort -o module_kpp_mozart_mosaic_4bin_aq_Parameters.o -c -O3 -ip -fp-model precise -w -ftz -align all -fno-alias -FR -convert big_endian    -I../dyn_em -I../dyn_nmm   -I/glade/work/rkumar/NASA_HMA/WRFchem_HMA/external/esmf_time_f90  -I/glade/work/rkumar/NASA_HMA/WRFchem_HMA/main -I/glade/work/rkumar/NASA_HMA/WRFchem_HMA/external/io_netcdf -I/glade/work/rkumar/NASA_HMA/WRFchem_HMA/external/io_int -I/glade/work/rkumar/NASA_HMA/WRFchem_HMA/frame -I/glade/work/rkumar/NASA_HMA/WRFchem_HMA/share -I/glade/work/rkumar/NASA_HMA/WRFchem_HMA/phys -I/glade/work/rkumar/NASA_HMA/WRFchem_HMA/chem -I/glade/work/rkumar/NASA_HMA/WRFchem_HMA/inc -I/glade/u/apps/ch/opt/netcdf/4.8.1/intel/19.1.1//include  -real-size `expr 8 \* 4` -i4  module_kpp_mozart_mosaic_4bin_aq_Parameters.f90

real	0m0.613s
user	0m0.049s
sys	0m0.513s
rm -f module_kpp_mozart_mosaic_4bin_aq_JacobianSP.o
sed -e "s/grid%mu/gridmu/g" -e "s/grid%Mu/gridMu/g" -e "s/^\!.*'.*//" -e "s/^ *\!.*'.*//" module_kpp_mozart_mosaic_4bin_aq_JacobianSP.F > module_kpp_mozart_mosaic_4bin_aq_JacobianSP.G
/lib/cpp -P -nostdinc -I/glade/work/rkumar/NASA_HMA/WRFchem_HMA/inc -DEM_CORE=1 -DNMM_CORE=0 -DNMM_MAX_DIM=2600 -DCOAMPS_CORE=0 -DDA_CORE=0 -DEXP_CORE=0 -DIWORDSIZE=4 -DDWORDSIZE=8 -DRWORDSIZE=4 -DLWORDSIZE=4 -DNONSTANDARD_SYSTEM_FUNC  -DWRF_USE_CLM  -DSNICAR_FRC    -DDM_PARALLEL -DNETCDF -DUSE_ALLOCATABLES -DGRIB1 -DINTIO -DKEEP_INT_AROUND -DLIMIT_ARGS -DCONFIG_BUF_LEN=65536 -DMAX_DOMAINS_F=21 -DMAX_HISTORY=25 -DNMM_NEST=0 -DWRF_CHEM -DBUILD_CHEM=1 -DWRF_KPP -I. -traditional-cpp   module_kpp_mozart_mosaic_4bin_aq_JacobianSP.G  > module_kpp_mozart_mosaic_4bin_aq_JacobianSP.H
sed -e "s/gridmu/grid%mu/g" -e "s/gridMu/grid%Mu/g" module_kpp_mozart_mosaic_4bin_aq_JacobianSP.H > module_kpp_mozart_mosaic_4bin_aq_JacobianSP.bb
/glade/work/rkumar/NASA_HMA/WRFchem_HMA/tools/standard.exe module_kpp_mozart_mosaic_4bin_aq_JacobianSP.bb | /lib/cpp -P -nostdinc -traditional-cpp > module_kpp_mozart_mosaic_4bin_aq_JacobianSP.f90
rm -f module_kpp_mozart_mosaic_4bin_aq_JacobianSP.G module_kpp_mozart_mosaic_4bin_aq_JacobianSP.H module_kpp_mozart_mosaic_4bin_aq_JacobianSP.bb
time mpif90 -f90=ifort -o module_kpp_mozart_mosaic_4bin_aq_JacobianSP.o -c -O3 -ip -fp-model precise -w -ftz -align all -fno-alias -FR -convert big_endian    -I../dyn_em -I../dyn_nmm   -I/glade/work/rkumar/NASA_HMA/WRFchem_HMA/external/esmf_time_f90  -I/glade/work/rkumar/NASA_HMA/WRFchem_HMA/main -I/glade/work/rkumar/NASA_HMA/WRFchem_HMA/external/io_netcdf -I/glade/work/rkumar/NASA_HMA/WRFchem_HMA/external/io_int -I/glade/work/rkumar/NASA_HMA/WRFchem_HMA/frame -I/glade/work/rkumar/NASA_HMA/WRFchem_HMA/share -I/glade/work/rkumar/NASA_HMA/WRFchem_HMA/phys -I/glade/work/rkumar/NASA_HMA/WRFchem_HMA/chem -I/glade/work/rkumar/NASA_HMA/WRFchem_HMA/inc -I/glade/u/apps/ch/opt/netcdf/4.8.1/intel/19.1.1//include  -real-size `expr 8 \* 4` -i4  module_kpp_mozart_mosaic_4bin_aq_JacobianSP.f90

real	0m0.632s
user	0m0.096s
sys	0m0.485s
rm -f module_kpp_mozart_mosaic_4bin_aq_Jacobian.o
sed -e "s/grid%mu/gridmu/g" -e "s/grid%Mu/gridMu/g" -e "s/^\!.*'.*//" -e "s/^ *\!.*'.*//" module_kpp_mozart_mosaic_4bin_aq_Jacobian.F > module_kpp_mozart_mosaic_4bin_aq_Jacobian.G
/lib/cpp -P -nostdinc -I/glade/work/rkumar/NASA_HMA/WRFchem_HMA/inc -DEM_CORE=1 -DNMM_CORE=0 -DNMM_MAX_DIM=2600 -DCOAMPS_CORE=0 -DDA_CORE=0 -DEXP_CORE=0 -DIWORDSIZE=4 -DDWORDSIZE=8 -DRWORDSIZE=4 -DLWORDSIZE=4 -DNONSTANDARD_SYSTEM_FUNC  -DWRF_USE_CLM  -DSNICAR_FRC    -DDM_PARALLEL -DNETCDF -DUSE_ALLOCATABLES -DGRIB1 -DINTIO -DKEEP_INT_AROUND -DLIMIT_ARGS -DCONFIG_BUF_LEN=65536 -DMAX_DOMAINS_F=21 -DMAX_HISTORY=25 -DNMM_NEST=0 -DWRF_CHEM -DBUILD_CHEM=1 -DWRF_KPP -I. -traditional-cpp   module_kpp_mozart_mosaic_4bin_aq_Jacobian.G  > module_kpp_mozart_mosaic_4bin_aq_Jacobian.H
sed -e "s/gridmu/grid%mu/g" -e "s/gridMu/grid%Mu/g" module_kpp_mozart_mosaic_4bin_aq_Jacobian.H > module_kpp_mozart_mosaic_4bin_aq_Jacobian.bb
/glade/work/rkumar/NASA_HMA/WRFchem_HMA/tools/standard.exe module_kpp_mozart_mosaic_4bin_aq_Jacobian.bb | /lib/cpp -P -nostdinc -traditional-cpp > module_kpp_mozart_mosaic_4bin_aq_Jacobian.f90
rm -f module_kpp_mozart_mosaic_4bin_aq_Jacobian.G module_kpp_mozart_mosaic_4bin_aq_Jacobian.H module_kpp_mozart_mosaic_4bin_aq_Jacobian.bb
time mpif90 -f90=ifort -o module_kpp_mozart_mosaic_4bin_aq_Jacobian.o -c -O3 -ip -fp-model precise -w -ftz -align all -fno-alias -FR -convert big_endian    -I../dyn_em -I../dyn_nmm   -I/glade/work/rkumar/NASA_HMA/WRFchem_HMA/external/esmf_time_f90  -I/glade/work/rkumar/NASA_HMA/WRFchem_HMA/main -I/glade/work/rkumar/NASA_HMA/WRFchem_HMA/external/io_netcdf -I/glade/work/rkumar/NASA_HMA/WRFchem_HMA/external/io_int -I/glade/work/rkumar/NASA_HMA/WRFchem_HMA/frame -I/glade/work/rkumar/NASA_HMA/WRFchem_HMA/share -I/glade/work/rkumar/NASA_HMA/WRFchem_HMA/phys -I/glade/work/rkumar/NASA_HMA/WRFchem_HMA/chem -I/glade/work/rkumar/NASA_HMA/WRFchem_HMA/inc -I/glade/u/apps/ch/opt/netcdf/4.8.1/intel/19.1.1//include  -real-size `expr 8 \* 4` -i4  module_kpp_mozart_mosaic_4bin_aq_Jacobian.f90

real	0m2.195s
user	0m1.577s
sys	0m0.534s
rm -f module_kpp_mozart_mosaic_4bin_aq_Update_Rconst.o
sed -e "s/grid%mu/gridmu/g" -e "s/grid%Mu/gridMu/g" -e "s/^\!.*'.*//" -e "s/^ *\!.*'.*//" module_kpp_mozart_mosaic_4bin_aq_Update_Rconst.F > module_kpp_mozart_mosaic_4bin_aq_Update_Rconst.G
/lib/cpp -P -nostdinc -I/glade/work/rkumar/NASA_HMA/WRFchem_HMA/inc -DEM_CORE=1 -DNMM_CORE=0 -DNMM_MAX_DIM=2600 -DCOAMPS_CORE=0 -DDA_CORE=0 -DEXP_CORE=0 -DIWORDSIZE=4 -DDWORDSIZE=8 -DRWORDSIZE=4 -DLWORDSIZE=4 -DNONSTANDARD_SYSTEM_FUNC  -DWRF_USE_CLM  -DSNICAR_FRC    -DDM_PARALLEL -DNETCDF -DUSE_ALLOCATABLES -DGRIB1 -DINTIO -DKEEP_INT_AROUND -DLIMIT_ARGS -DCONFIG_BUF_LEN=65536 -DMAX_DOMAINS_F=21 -DMAX_HISTORY=25 -DNMM_NEST=0 -DWRF_CHEM -DBUILD_CHEM=1 -DWRF_KPP -I. -traditional-cpp   module_kpp_mozart_mosaic_4bin_aq_Update_Rconst.G  > module_kpp_mozart_mosaic_4bin_aq_Update_Rconst.H
sed -e "s/gridmu/grid%mu/g" -e "s/gridMu/grid%Mu/g" module_kpp_mozart_mosaic_4bin_aq_Update_Rconst.H > module_kpp_mozart_mosaic_4bin_aq_Update_Rconst.bb
/glade/work/rkumar/NASA_HMA/WRFchem_HMA/tools/standard.exe module_kpp_mozart_mosaic_4bin_aq_Update_Rconst.bb | /lib/cpp -P -nostdinc -traditional-cpp > module_kpp_mozart_mosaic_4bin_aq_Update_Rconst.f90
rm -f module_kpp_mozart_mosaic_4bin_aq_Update_Rconst.G module_kpp_mozart_mosaic_4bin_aq_Update_Rconst.H module_kpp_mozart_mosaic_4bin_aq_Update_Rconst.bb
time mpif90 -f90=ifort -o module_kpp_mozart_mosaic_4bin_aq_Update_Rconst.o -c -O3 -ip -fp-model precise -w -ftz -align all -fno-alias -FR -convert big_endian    -I../dyn_em -I../dyn_nmm   -I/glade/work/rkumar/NASA_HMA/WRFchem_HMA/external/esmf_time_f90  -I/glade/work/rkumar/NASA_HMA/WRFchem_HMA/main -I/glade/work/rkumar/NASA_HMA/WRFchem_HMA/external/io_netcdf -I/glade/work/rkumar/NASA_HMA/WRFchem_HMA/external/io_int -I/glade/work/rkumar/NASA_HMA/WRFchem_HMA/frame -I/glade/work/rkumar/NASA_HMA/WRFchem_HMA/share -I/glade/work/rkumar/NASA_HMA/WRFchem_HMA/phys -I/glade/work/rkumar/NASA_HMA/WRFchem_HMA/chem -I/glade/work/rkumar/NASA_HMA/WRFchem_HMA/inc -I/glade/u/apps/ch/opt/netcdf/4.8.1/intel/19.1.1//include  -real-size `expr 8 \* 4` -i4  module_kpp_mozart_mosaic_4bin_aq_Update_Rconst.f90

real	0m0.931s
user	0m0.358s
sys	0m0.515s
rm -f module_kpp_mozart_mosaic_4bin_aq_Integr.o
sed -e "s/grid%mu/gridmu/g" -e "s/grid%Mu/gridMu/g" -e "s/^\!.*'.*//" -e "s/^ *\!.*'.*//" module_kpp_mozart_mosaic_4bin_aq_Integr.F > module_kpp_mozart_mosaic_4bin_aq_Integr.G
/lib/cpp -P -nostdinc -I/glade/work/rkumar/NASA_HMA/WRFchem_HMA/inc -DEM_CORE=1 -DNMM_CORE=0 -DNMM_MAX_DIM=2600 -DCOAMPS_CORE=0 -DDA_CORE=0 -DEXP_CORE=0 -DIWORDSIZE=4 -DDWORDSIZE=8 -DRWORDSIZE=4 -DLWORDSIZE=4 -DNONSTANDARD_SYSTEM_FUNC  -DWRF_USE_CLM  -DSNICAR_FRC    -DDM_PARALLEL -DNETCDF -DUSE_ALLOCATABLES -DGRIB1 -DINTIO -DKEEP_INT_AROUND -DLIMIT_ARGS -DCONFIG_BUF_LEN=65536 -DMAX_DOMAINS_F=21 -DMAX_HISTORY=25 -DNMM_NEST=0 -DWRF_CHEM -DBUILD_CHEM=1 -DWRF_KPP -I. -traditional-cpp   module_kpp_mozart_mosaic_4bin_aq_Integr.G  > module_kpp_mozart_mosaic_4bin_aq_Integr.H
sed -e "s/gridmu/grid%mu/g" -e "s/gridMu/grid%Mu/g" module_kpp_mozart_mosaic_4bin_aq_Integr.H > module_kpp_mozart_mosaic_4bin_aq_Integr.bb
/glade/work/rkumar/NASA_HMA/WRFchem_HMA/tools/standard.exe module_kpp_mozart_mosaic_4bin_aq_Integr.bb | /lib/cpp -P -nostdinc -traditional-cpp > module_kpp_mozart_mosaic_4bin_aq_Integr.f90
rm -f module_kpp_mozart_mosaic_4bin_aq_Integr.G module_kpp_mozart_mosaic_4bin_aq_Integr.H module_kpp_mozart_mosaic_4bin_aq_Integr.bb
time mpif90 -f90=ifort -o module_kpp_mozart_mosaic_4bin_aq_Integr.o -c -O3 -ip -fp-model precise -w -ftz -align all -fno-alias -FR -convert big_endian    -I../dyn_em -I../dyn_nmm   -I/glade/work/rkumar/NASA_HMA/WRFchem_HMA/external/esmf_time_f90  -I/glade/work/rkumar/NASA_HMA/WRFchem_HMA/main -I/glade/work/rkumar/NASA_HMA/WRFchem_HMA/external/io_netcdf -I/glade/work/rkumar/NASA_HMA/WRFchem_HMA/external/io_int -I/glade/work/rkumar/NASA_HMA/WRFchem_HMA/frame -I/glade/work/rkumar/NASA_HMA/WRFchem_HMA/share -I/glade/work/rkumar/NASA_HMA/WRFchem_HMA/phys -I/glade/work/rkumar/NASA_HMA/WRFchem_HMA/chem -I/glade/work/rkumar/NASA_HMA/WRFchem_HMA/inc -I/glade/u/apps/ch/opt/netcdf/4.8.1/intel/19.1.1//include  -real-size `expr 8 \* 4` -i4  module_kpp_mozart_mosaic_4bin_aq_Integr.f90

real	0m27.176s
user	0m26.411s
sys	0m0.729s
rm -f module_kpp_mozart_mosaic_4bin_aq_interface.o
sed -e "s/grid%mu/gridmu/g" -e "s/grid%Mu/gridMu/g" -e "s/^\!.*'.*//" -e "s/^ *\!.*'.*//" module_kpp_mozart_mosaic_4bin_aq_interface.F > module_kpp_mozart_mosaic_4bin_aq_interface.G
/lib/cpp -P -nostdinc -I/glade/work/rkumar/NASA_HMA/WRFchem_HMA/inc -DEM_CORE=1 -DNMM_CORE=0 -DNMM_MAX_DIM=2600 -DCOAMPS_CORE=0 -DDA_CORE=0 -DEXP_CORE=0 -DIWORDSIZE=4 -DDWORDSIZE=8 -DRWORDSIZE=4 -DLWORDSIZE=4 -DNONSTANDARD_SYSTEM_FUNC  -DWRF_USE_CLM  -DSNICAR_FRC    -DDM_PARALLEL -DNETCDF -DUSE_ALLOCATABLES -DGRIB1 -DINTIO -DKEEP_INT_AROUND -DLIMIT_ARGS -DCONFIG_BUF_LEN=65536 -DMAX_DOMAINS_F=21 -DMAX_HISTORY=25 -DNMM_NEST=0 -DWRF_CHEM -DBUILD_CHEM=1 -DWRF_KPP -I. -traditional-cpp   module_kpp_mozart_mosaic_4bin_aq_interface.G  > module_kpp_mozart_mosaic_4bin_aq_interface.H
sed -e "s/gridmu/grid%mu/g" -e "s/gridMu/grid%Mu/g" module_kpp_mozart_mosaic_4bin_aq_interface.H > module_kpp_mozart_mosaic_4bin_aq_interface.bb
/glade/work/rkumar/NASA_HMA/WRFchem_HMA/tools/standard.exe module_kpp_mozart_mosaic_4bin_aq_interface.bb | /lib/cpp -P -nostdinc -traditional-cpp > module_kpp_mozart_mosaic_4bin_aq_interface.f90
rm -f module_kpp_mozart_mosaic_4bin_aq_interface.G module_kpp_mozart_mosaic_4bin_aq_interface.H module_kpp_mozart_mosaic_4bin_aq_interface.bb
time mpif90 -f90=ifort -o module_kpp_mozart_mosaic_4bin_aq_interface.o -c -O3 -ip -fp-model precise -w -ftz -align all -fno-alias -FR -convert big_endian    -I../dyn_em -I../dyn_nmm   -I/glade/work/rkumar/NASA_HMA/WRFchem_HMA/external/esmf_time_f90  -I/glade/work/rkumar/NASA_HMA/WRFchem_HMA/main -I/glade/work/rkumar/NASA_HMA/WRFchem_HMA/external/io_netcdf -I/glade/work/rkumar/NASA_HMA/WRFchem_HMA/external/io_int -I/glade/work/rkumar/NASA_HMA/WRFchem_HMA/frame -I/glade/work/rkumar/NASA_HMA/WRFchem_HMA/share -I/glade/work/rkumar/NASA_HMA/WRFchem_HMA/phys -I/glade/work/rkumar/NASA_HMA/WRFchem_HMA/chem -I/glade/work/rkumar/NASA_HMA/WRFchem_HMA/inc -I/glade/u/apps/ch/opt/netcdf/4.8.1/intel/19.1.1//include  -real-size `expr 8 \* 4` -i4  module_kpp_mozart_mosaic_4bin_aq_interface.f90

real	0m2.085s
user	0m1.507s
sys	0m0.519s
rm -f module_kpp_crimech_Precision.o
sed -e "s/grid%mu/gridmu/g" -e "s/grid%Mu/gridMu/g" -e "s/^\!.*'.*//" -e "s/^ *\!.*'.*//" module_kpp_crimech_Precision.F > module_kpp_crimech_Precision.G
/lib/cpp -P -nostdinc -I/glade/work/rkumar/NASA_HMA/WRFchem_HMA/inc -DEM_CORE=1 -DNMM_CORE=0 -DNMM_MAX_DIM=2600 -DCOAMPS_CORE=0 -DDA_CORE=0 -DEXP_CORE=0 -DIWORDSIZE=4 -DDWORDSIZE=8 -DRWORDSIZE=4 -DLWORDSIZE=4 -DNONSTANDARD_SYSTEM_FUNC  -DWRF_USE_CLM  -DSNICAR_FRC    -DDM_PARALLEL -DNETCDF -DUSE_ALLOCATABLES -DGRIB1 -DINTIO -DKEEP_INT_AROUND -DLIMIT_ARGS -DCONFIG_BUF_LEN=65536 -DMAX_DOMAINS_F=21 -DMAX_HISTORY=25 -DNMM_NEST=0 -DWRF_CHEM -DBUILD_CHEM=1 -DWRF_KPP -I. -traditional-cpp   module_kpp_crimech_Precision.G  > module_kpp_crimech_Precision.H
sed -e "s/gridmu/grid%mu/g" -e "s/gridMu/grid%Mu/g" module_kpp_crimech_Precision.H > module_kpp_crimech_Precision.bb
/glade/work/rkumar/NASA_HMA/WRFchem_HMA/tools/standard.exe module_kpp_crimech_Precision.bb | /lib/cpp -P -nostdinc -traditional-cpp > module_kpp_crimech_Precision.f90
rm -f module_kpp_crimech_Precision.G module_kpp_crimech_Precision.H module_kpp_crimech_Precision.bb
time mpif90 -f90=ifort -o module_kpp_crimech_Precision.o -c -O3 -ip -fp-model precise -w -ftz -align all -fno-alias -FR -convert big_endian    -I../dyn_em -I../dyn_nmm   -I/glade/work/rkumar/NASA_HMA/WRFchem_HMA/external/esmf_time_f90  -I/glade/work/rkumar/NASA_HMA/WRFchem_HMA/main -I/glade/work/rkumar/NASA_HMA/WRFchem_HMA/external/io_netcdf -I/glade/work/rkumar/NASA_HMA/WRFchem_HMA/external/io_int -I/glade/work/rkumar/NASA_HMA/WRFchem_HMA/frame -I/glade/work/rkumar/NASA_HMA/WRFchem_HMA/share -I/glade/work/rkumar/NASA_HMA/WRFchem_HMA/phys -I/glade/work/rkumar/NASA_HMA/WRFchem_HMA/chem -I/glade/work/rkumar/NASA_HMA/WRFchem_HMA/inc -I/glade/u/apps/ch/opt/netcdf/4.8.1/intel/19.1.1//include  -real-size `expr 8 \* 4` -i4  module_kpp_crimech_Precision.f90

real	0m0.605s
user	0m0.031s
sys	0m0.515s
rm -f module_kpp_crimech_Parameters.o
sed -e "s/grid%mu/gridmu/g" -e "s/grid%Mu/gridMu/g" -e "s/^\!.*'.*//" -e "s/^ *\!.*'.*//" module_kpp_crimech_Parameters.F > module_kpp_crimech_Parameters.G
/lib/cpp -P -nostdinc -I/glade/work/rkumar/NASA_HMA/WRFchem_HMA/inc -DEM_CORE=1 -DNMM_CORE=0 -DNMM_MAX_DIM=2600 -DCOAMPS_CORE=0 -DDA_CORE=0 -DEXP_CORE=0 -DIWORDSIZE=4 -DDWORDSIZE=8 -DRWORDSIZE=4 -DLWORDSIZE=4 -DNONSTANDARD_SYSTEM_FUNC  -DWRF_USE_CLM  -DSNICAR_FRC    -DDM_PARALLEL -DNETCDF -DUSE_ALLOCATABLES -DGRIB1 -DINTIO -DKEEP_INT_AROUND -DLIMIT_ARGS -DCONFIG_BUF_LEN=65536 -DMAX_DOMAINS_F=21 -DMAX_HISTORY=25 -DNMM_NEST=0 -DWRF_CHEM -DBUILD_CHEM=1 -DWRF_KPP -I. -traditional-cpp   module_kpp_crimech_Parameters.G  > module_kpp_crimech_Parameters.H
sed -e "s/gridmu/grid%mu/g" -e "s/gridMu/grid%Mu/g" module_kpp_crimech_Parameters.H > module_kpp_crimech_Parameters.bb
/glade/work/rkumar/NASA_HMA/WRFchem_HMA/tools/standard.exe module_kpp_crimech_Parameters.bb | /lib/cpp -P -nostdinc -traditional-cpp > module_kpp_crimech_Parameters.f90
rm -f module_kpp_crimech_Parameters.G module_kpp_crimech_Parameters.H module_kpp_crimech_Parameters.bb
time mpif90 -f90=ifort -o module_kpp_crimech_Parameters.o -c -O3 -ip -fp-model precise -w -ftz -align all -fno-alias -FR -convert big_endian    -I../dyn_em -I../dyn_nmm   -I/glade/work/rkumar/NASA_HMA/WRFchem_HMA/external/esmf_time_f90  -I/glade/work/rkumar/NASA_HMA/WRFchem_HMA/main -I/glade/work/rkumar/NASA_HMA/WRFchem_HMA/external/io_netcdf -I/glade/work/rkumar/NASA_HMA/WRFchem_HMA/external/io_int -I/glade/work/rkumar/NASA_HMA/WRFchem_HMA/frame -I/glade/work/rkumar/NASA_HMA/WRFchem_HMA/share -I/glade/work/rkumar/NASA_HMA/WRFchem_HMA/phys -I/glade/work/rkumar/NASA_HMA/WRFchem_HMA/chem -I/glade/work/rkumar/NASA_HMA/WRFchem_HMA/inc -I/glade/u/apps/ch/opt/netcdf/4.8.1/intel/19.1.1//include  -real-size `expr 8 \* 4` -i4  module_kpp_crimech_Parameters.f90

real	0m0.605s
user	0m0.061s
sys	0m0.497s
rm -f module_kpp_crimech_JacobianSP.o
sed -e "s/grid%mu/gridmu/g" -e "s/grid%Mu/gridMu/g" -e "s/^\!.*'.*//" -e "s/^ *\!.*'.*//" module_kpp_crimech_JacobianSP.F > module_kpp_crimech_JacobianSP.G
/lib/cpp -P -nostdinc -I/glade/work/rkumar/NASA_HMA/WRFchem_HMA/inc -DEM_CORE=1 -DNMM_CORE=0 -DNMM_MAX_DIM=2600 -DCOAMPS_CORE=0 -DDA_CORE=0 -DEXP_CORE=0 -DIWORDSIZE=4 -DDWORDSIZE=8 -DRWORDSIZE=4 -DLWORDSIZE=4 -DNONSTANDARD_SYSTEM_FUNC  -DWRF_USE_CLM  -DSNICAR_FRC    -DDM_PARALLEL -DNETCDF -DUSE_ALLOCATABLES -DGRIB1 -DINTIO -DKEEP_INT_AROUND -DLIMIT_ARGS -DCONFIG_BUF_LEN=65536 -DMAX_DOMAINS_F=21 -DMAX_HISTORY=25 -DNMM_NEST=0 -DWRF_CHEM -DBUILD_CHEM=1 -DWRF_KPP -I. -traditional-cpp   module_kpp_crimech_JacobianSP.G  > module_kpp_crimech_JacobianSP.H
sed -e "s/gridmu/grid%mu/g" -e "s/gridMu/grid%Mu/g" module_kpp_crimech_JacobianSP.H > module_kpp_crimech_JacobianSP.bb
/glade/work/rkumar/NASA_HMA/WRFchem_HMA/tools/standard.exe module_kpp_crimech_JacobianSP.bb | /lib/cpp -P -nostdinc -traditional-cpp > module_kpp_crimech_JacobianSP.f90
rm -f module_kpp_crimech_JacobianSP.G module_kpp_crimech_JacobianSP.H module_kpp_crimech_JacobianSP.bb
time mpif90 -f90=ifort -o module_kpp_crimech_JacobianSP.o -c -O3 -ip -fp-model precise -w -ftz -align all -fno-alias -FR -convert big_endian    -I../dyn_em -I../dyn_nmm   -I/glade/work/rkumar/NASA_HMA/WRFchem_HMA/external/esmf_time_f90  -I/glade/work/rkumar/NASA_HMA/WRFchem_HMA/main -I/glade/work/rkumar/NASA_HMA/WRFchem_HMA/external/io_netcdf -I/glade/work/rkumar/NASA_HMA/WRFchem_HMA/external/io_int -I/glade/work/rkumar/NASA_HMA/WRFchem_HMA/frame -I/glade/work/rkumar/NASA_HMA/WRFchem_HMA/share -I/glade/work/rkumar/NASA_HMA/WRFchem_HMA/phys -I/glade/work/rkumar/NASA_HMA/WRFchem_HMA/chem -I/glade/work/rkumar/NASA_HMA/WRFchem_HMA/inc -I/glade/u/apps/ch/opt/netcdf/4.8.1/intel/19.1.1//include  -real-size `expr 8 \* 4` -i4  module_kpp_crimech_JacobianSP.f90

real	0m0.655s
user	0m0.121s
sys	0m0.486s
rm -f module_kpp_crimech_Jacobian.o
sed -e "s/grid%mu/gridmu/g" -e "s/grid%Mu/gridMu/g" -e "s/^\!.*'.*//" -e "s/^ *\!.*'.*//" module_kpp_crimech_Jacobian.F > module_kpp_crimech_Jacobian.G
/lib/cpp -P -nostdinc -I/glade/work/rkumar/NASA_HMA/WRFchem_HMA/inc -DEM_CORE=1 -DNMM_CORE=0 -DNMM_MAX_DIM=2600 -DCOAMPS_CORE=0 -DDA_CORE=0 -DEXP_CORE=0 -DIWORDSIZE=4 -DDWORDSIZE=8 -DRWORDSIZE=4 -DLWORDSIZE=4 -DNONSTANDARD_SYSTEM_FUNC  -DWRF_USE_CLM  -DSNICAR_FRC    -DDM_PARALLEL -DNETCDF -DUSE_ALLOCATABLES -DGRIB1 -DINTIO -DKEEP_INT_AROUND -DLIMIT_ARGS -DCONFIG_BUF_LEN=65536 -DMAX_DOMAINS_F=21 -DMAX_HISTORY=25 -DNMM_NEST=0 -DWRF_CHEM -DBUILD_CHEM=1 -DWRF_KPP -I. -traditional-cpp   module_kpp_crimech_Jacobian.G  > module_kpp_crimech_Jacobian.H
sed -e "s/gridmu/grid%mu/g" -e "s/gridMu/grid%Mu/g" module_kpp_crimech_Jacobian.H > module_kpp_crimech_Jacobian.bb
/glade/work/rkumar/NASA_HMA/WRFchem_HMA/tools/standard.exe module_kpp_crimech_Jacobian.bb | /lib/cpp -P -nostdinc -traditional-cpp > module_kpp_crimech_Jacobian.f90
rm -f module_kpp_crimech_Jacobian.G module_kpp_crimech_Jacobian.H module_kpp_crimech_Jacobian.bb
time mpif90 -f90=ifort -o module_kpp_crimech_Jacobian.o -c -O3 -ip -fp-model precise -w -ftz -align all -fno-alias -FR -convert big_endian    -I../dyn_em -I../dyn_nmm   -I/glade/work/rkumar/NASA_HMA/WRFchem_HMA/external/esmf_time_f90  -I/glade/work/rkumar/NASA_HMA/WRFchem_HMA/main -I/glade/work/rkumar/NASA_HMA/WRFchem_HMA/external/io_netcdf -I/glade/work/rkumar/NASA_HMA/WRFchem_HMA/external/io_int -I/glade/work/rkumar/NASA_HMA/WRFchem_HMA/frame -I/glade/work/rkumar/NASA_HMA/WRFchem_HMA/share -I/glade/work/rkumar/NASA_HMA/WRFchem_HMA/phys -I/glade/work/rkumar/NASA_HMA/WRFchem_HMA/chem -I/glade/work/rkumar/NASA_HMA/WRFchem_HMA/inc -I/glade/u/apps/ch/opt/netcdf/4.8.1/intel/19.1.1//include  -real-size `expr 8 \* 4` -i4  module_kpp_crimech_Jacobian.f90

real	0m3.296s
user	0m2.683s
sys	0m0.556s
rm -f module_kpp_crimech_Update_Rconst.o
sed -e "s/grid%mu/gridmu/g" -e "s/grid%Mu/gridMu/g" -e "s/^\!.*'.*//" -e "s/^ *\!.*'.*//" module_kpp_crimech_Update_Rconst.F > module_kpp_crimech_Update_Rconst.G
/lib/cpp -P -nostdinc -I/glade/work/rkumar/NASA_HMA/WRFchem_HMA/inc -DEM_CORE=1 -DNMM_CORE=0 -DNMM_MAX_DIM=2600 -DCOAMPS_CORE=0 -DDA_CORE=0 -DEXP_CORE=0 -DIWORDSIZE=4 -DDWORDSIZE=8 -DRWORDSIZE=4 -DLWORDSIZE=4 -DNONSTANDARD_SYSTEM_FUNC  -DWRF_USE_CLM  -DSNICAR_FRC    -DDM_PARALLEL -DNETCDF -DUSE_ALLOCATABLES -DGRIB1 -DINTIO -DKEEP_INT_AROUND -DLIMIT_ARGS -DCONFIG_BUF_LEN=65536 -DMAX_DOMAINS_F=21 -DMAX_HISTORY=25 -DNMM_NEST=0 -DWRF_CHEM -DBUILD_CHEM=1 -DWRF_KPP -I. -traditional-cpp   module_kpp_crimech_Update_Rconst.G  > module_kpp_crimech_Update_Rconst.H
sed -e "s/gridmu/grid%mu/g" -e "s/gridMu/grid%Mu/g" module_kpp_crimech_Update_Rconst.H > module_kpp_crimech_Update_Rconst.bb
/glade/work/rkumar/NASA_HMA/WRFchem_HMA/tools/standard.exe module_kpp_crimech_Update_Rconst.bb | /lib/cpp -P -nostdinc -traditional-cpp > module_kpp_crimech_Update_Rconst.f90
rm -f module_kpp_crimech_Update_Rconst.G module_kpp_crimech_Update_Rconst.H module_kpp_crimech_Update_Rconst.bb
time mpif90 -f90=ifort -o module_kpp_crimech_Update_Rconst.o -c -O3 -ip -fp-model precise -w -ftz -align all -fno-alias -FR -convert big_endian    -I../dyn_em -I../dyn_nmm   -I/glade/work/rkumar/NASA_HMA/WRFchem_HMA/external/esmf_time_f90  -I/glade/work/rkumar/NASA_HMA/WRFchem_HMA/main -I/glade/work/rkumar/NASA_HMA/WRFchem_HMA/external/io_netcdf -I/glade/work/rkumar/NASA_HMA/WRFchem_HMA/external/io_int -I/glade/work/rkumar/NASA_HMA/WRFchem_HMA/frame -I/glade/work/rkumar/NASA_HMA/WRFchem_HMA/share -I/glade/work/rkumar/NASA_HMA/WRFchem_HMA/phys -I/glade/work/rkumar/NASA_HMA/WRFchem_HMA/chem -I/glade/work/rkumar/NASA_HMA/WRFchem_HMA/inc -I/glade/u/apps/ch/opt/netcdf/4.8.1/intel/19.1.1//include  -real-size `expr 8 \* 4` -i4  module_kpp_crimech_Update_Rconst.f90

real	0m1.039s
user	0m0.492s
sys	0m0.501s
rm -f module_kpp_crimech_Integr.o
sed -e "s/grid%mu/gridmu/g" -e "s/grid%Mu/gridMu/g" -e "s/^\!.*'.*//" -e "s/^ *\!.*'.*//" module_kpp_crimech_Integr.F > module_kpp_crimech_Integr.G
/lib/cpp -P -nostdinc -I/glade/work/rkumar/NASA_HMA/WRFchem_HMA/inc -DEM_CORE=1 -DNMM_CORE=0 -DNMM_MAX_DIM=2600 -DCOAMPS_CORE=0 -DDA_CORE=0 -DEXP_CORE=0 -DIWORDSIZE=4 -DDWORDSIZE=8 -DRWORDSIZE=4 -DLWORDSIZE=4 -DNONSTANDARD_SYSTEM_FUNC  -DWRF_USE_CLM  -DSNICAR_FRC    -DDM_PARALLEL -DNETCDF -DUSE_ALLOCATABLES -DGRIB1 -DINTIO -DKEEP_INT_AROUND -DLIMIT_ARGS -DCONFIG_BUF_LEN=65536 -DMAX_DOMAINS_F=21 -DMAX_HISTORY=25 -DNMM_NEST=0 -DWRF_CHEM -DBUILD_CHEM=1 -DWRF_KPP -I. -traditional-cpp   module_kpp_crimech_Integr.G  > module_kpp_crimech_Integr.H
sed -e "s/gridmu/grid%mu/g" -e "s/gridMu/grid%Mu/g" module_kpp_crimech_Integr.H > module_kpp_crimech_Integr.bb
/glade/work/rkumar/NASA_HMA/WRFchem_HMA/tools/standard.exe module_kpp_crimech_Integr.bb | /lib/cpp -P -nostdinc -traditional-cpp > module_kpp_crimech_Integr.f90
rm -f module_kpp_crimech_Integr.G module_kpp_crimech_Integr.H module_kpp_crimech_Integr.bb
time mpif90 -f90=ifort -o module_kpp_crimech_Integr.o -c -O3 -ip -fp-model precise -w -ftz -align all -fno-alias -FR -convert big_endian    -I../dyn_em -I../dyn_nmm   -I/glade/work/rkumar/NASA_HMA/WRFchem_HMA/external/esmf_time_f90  -I/glade/work/rkumar/NASA_HMA/WRFchem_HMA/main -I/glade/work/rkumar/NASA_HMA/WRFchem_HMA/external/io_netcdf -I/glade/work/rkumar/NASA_HMA/WRFchem_HMA/external/io_int -I/glade/work/rkumar/NASA_HMA/WRFchem_HMA/frame -I/glade/work/rkumar/NASA_HMA/WRFchem_HMA/share -I/glade/work/rkumar/NASA_HMA/WRFchem_HMA/phys -I/glade/work/rkumar/NASA_HMA/WRFchem_HMA/chem -I/glade/work/rkumar/NASA_HMA/WRFchem_HMA/inc -I/glade/u/apps/ch/opt/netcdf/4.8.1/intel/19.1.1//include  -real-size `expr 8 \* 4` -i4  module_kpp_crimech_Integr.f90

real	1m1.829s
user	1m0.798s
sys	0m0.956s
rm -f module_kpp_crimech_interface.o
sed -e "s/grid%mu/gridmu/g" -e "s/grid%Mu/gridMu/g" -e "s/^\!.*'.*//" -e "s/^ *\!.*'.*//" module_kpp_crimech_interface.F > module_kpp_crimech_interface.G
/lib/cpp -P -nostdinc -I/glade/work/rkumar/NASA_HMA/WRFchem_HMA/inc -DEM_CORE=1 -DNMM_CORE=0 -DNMM_MAX_DIM=2600 -DCOAMPS_CORE=0 -DDA_CORE=0 -DEXP_CORE=0 -DIWORDSIZE=4 -DDWORDSIZE=8 -DRWORDSIZE=4 -DLWORDSIZE=4 -DNONSTANDARD_SYSTEM_FUNC  -DWRF_USE_CLM  -DSNICAR_FRC    -DDM_PARALLEL -DNETCDF -DUSE_ALLOCATABLES -DGRIB1 -DINTIO -DKEEP_INT_AROUND -DLIMIT_ARGS -DCONFIG_BUF_LEN=65536 -DMAX_DOMAINS_F=21 -DMAX_HISTORY=25 -DNMM_NEST=0 -DWRF_CHEM -DBUILD_CHEM=1 -DWRF_KPP -I. -traditional-cpp   module_kpp_crimech_interface.G  > module_kpp_crimech_interface.H
sed -e "s/gridmu/grid%mu/g" -e "s/gridMu/grid%Mu/g" module_kpp_crimech_interface.H > module_kpp_crimech_interface.bb
/glade/work/rkumar/NASA_HMA/WRFchem_HMA/tools/standard.exe module_kpp_crimech_interface.bb | /lib/cpp -P -nostdinc -traditional-cpp > module_kpp_crimech_interface.f90
rm -f module_kpp_crimech_interface.G module_kpp_crimech_interface.H module_kpp_crimech_interface.bb
time mpif90 -f90=ifort -o module_kpp_crimech_interface.o -c -O3 -ip -fp-model precise -w -ftz -align all -fno-alias -FR -convert big_endian    -I../dyn_em -I../dyn_nmm   -I/glade/work/rkumar/NASA_HMA/WRFchem_HMA/external/esmf_time_f90  -I/glade/work/rkumar/NASA_HMA/WRFchem_HMA/main -I/glade/work/rkumar/NASA_HMA/WRFchem_HMA/external/io_netcdf -I/glade/work/rkumar/NASA_HMA/WRFchem_HMA/external/io_int -I/glade/work/rkumar/NASA_HMA/WRFchem_HMA/frame -I/glade/work/rkumar/NASA_HMA/WRFchem_HMA/share -I/glade/work/rkumar/NASA_HMA/WRFchem_HMA/phys -I/glade/work/rkumar/NASA_HMA/WRFchem_HMA/chem -I/glade/work/rkumar/NASA_HMA/WRFchem_HMA/inc -I/glade/u/apps/ch/opt/netcdf/4.8.1/intel/19.1.1//include  -real-size `expr 8 \* 4` -i4  module_kpp_crimech_interface.f90

real	0m3.553s
user	0m2.993s
sys	0m0.510s
rm -f module_kpp_cbmz_mosaic_Precision.o
sed -e "s/grid%mu/gridmu/g" -e "s/grid%Mu/gridMu/g" -e "s/^\!.*'.*//" -e "s/^ *\!.*'.*//" module_kpp_cbmz_mosaic_Precision.F > module_kpp_cbmz_mosaic_Precision.G
/lib/cpp -P -nostdinc -I/glade/work/rkumar/NASA_HMA/WRFchem_HMA/inc -DEM_CORE=1 -DNMM_CORE=0 -DNMM_MAX_DIM=2600 -DCOAMPS_CORE=0 -DDA_CORE=0 -DEXP_CORE=0 -DIWORDSIZE=4 -DDWORDSIZE=8 -DRWORDSIZE=4 -DLWORDSIZE=4 -DNONSTANDARD_SYSTEM_FUNC  -DWRF_USE_CLM  -DSNICAR_FRC    -DDM_PARALLEL -DNETCDF -DUSE_ALLOCATABLES -DGRIB1 -DINTIO -DKEEP_INT_AROUND -DLIMIT_ARGS -DCONFIG_BUF_LEN=65536 -DMAX_DOMAINS_F=21 -DMAX_HISTORY=25 -DNMM_NEST=0 -DWRF_CHEM -DBUILD_CHEM=1 -DWRF_KPP -I. -traditional-cpp   module_kpp_cbmz_mosaic_Precision.G  > module_kpp_cbmz_mosaic_Precision.H
sed -e "s/gridmu/grid%mu/g" -e "s/gridMu/grid%Mu/g" module_kpp_cbmz_mosaic_Precision.H > module_kpp_cbmz_mosaic_Precision.bb
/glade/work/rkumar/NASA_HMA/WRFchem_HMA/tools/standard.exe module_kpp_cbmz_mosaic_Precision.bb | /lib/cpp -P -nostdinc -traditional-cpp > module_kpp_cbmz_mosaic_Precision.f90
rm -f module_kpp_cbmz_mosaic_Precision.G module_kpp_cbmz_mosaic_Precision.H module_kpp_cbmz_mosaic_Precision.bb
time mpif90 -f90=ifort -o module_kpp_cbmz_mosaic_Precision.o -c -O3 -ip -fp-model precise -w -ftz -align all -fno-alias -FR -convert big_endian    -I../dyn_em -I../dyn_nmm   -I/glade/work/rkumar/NASA_HMA/WRFchem_HMA/external/esmf_time_f90  -I/glade/work/rkumar/NASA_HMA/WRFchem_HMA/main -I/glade/work/rkumar/NASA_HMA/WRFchem_HMA/external/io_netcdf -I/glade/work/rkumar/NASA_HMA/WRFchem_HMA/external/io_int -I/glade/work/rkumar/NASA_HMA/WRFchem_HMA/frame -I/glade/work/rkumar/NASA_HMA/WRFchem_HMA/share -I/glade/work/rkumar/NASA_HMA/WRFchem_HMA/phys -I/glade/work/rkumar/NASA_HMA/WRFchem_HMA/chem -I/glade/work/rkumar/NASA_HMA/WRFchem_HMA/inc -I/glade/u/apps/ch/opt/netcdf/4.8.1/intel/19.1.1//include  -real-size `expr 8 \* 4` -i4  module_kpp_cbmz_mosaic_Precision.f90

real	0m0.588s
user	0m0.056s
sys	0m0.491s
rm -f module_kpp_cbmz_mosaic_Parameters.o
sed -e "s/grid%mu/gridmu/g" -e "s/grid%Mu/gridMu/g" -e "s/^\!.*'.*//" -e "s/^ *\!.*'.*//" module_kpp_cbmz_mosaic_Parameters.F > module_kpp_cbmz_mosaic_Parameters.G
/lib/cpp -P -nostdinc -I/glade/work/rkumar/NASA_HMA/WRFchem_HMA/inc -DEM_CORE=1 -DNMM_CORE=0 -DNMM_MAX_DIM=2600 -DCOAMPS_CORE=0 -DDA_CORE=0 -DEXP_CORE=0 -DIWORDSIZE=4 -DDWORDSIZE=8 -DRWORDSIZE=4 -DLWORDSIZE=4 -DNONSTANDARD_SYSTEM_FUNC  -DWRF_USE_CLM  -DSNICAR_FRC    -DDM_PARALLEL -DNETCDF -DUSE_ALLOCATABLES -DGRIB1 -DINTIO -DKEEP_INT_AROUND -DLIMIT_ARGS -DCONFIG_BUF_LEN=65536 -DMAX_DOMAINS_F=21 -DMAX_HISTORY=25 -DNMM_NEST=0 -DWRF_CHEM -DBUILD_CHEM=1 -DWRF_KPP -I. -traditional-cpp   module_kpp_cbmz_mosaic_Parameters.G  > module_kpp_cbmz_mosaic_Parameters.H
sed -e "s/gridmu/grid%mu/g" -e "s/gridMu/grid%Mu/g" module_kpp_cbmz_mosaic_Parameters.H > module_kpp_cbmz_mosaic_Parameters.bb
/glade/work/rkumar/NASA_HMA/WRFchem_HMA/tools/standard.exe module_kpp_cbmz_mosaic_Parameters.bb | /lib/cpp -P -nostdinc -traditional-cpp > module_kpp_cbmz_mosaic_Parameters.f90
rm -f module_kpp_cbmz_mosaic_Parameters.G module_kpp_cbmz_mosaic_Parameters.H module_kpp_cbmz_mosaic_Parameters.bb
time mpif90 -f90=ifort -o module_kpp_cbmz_mosaic_Parameters.o -c -O3 -ip -fp-model precise -w -ftz -align all -fno-alias -FR -convert big_endian    -I../dyn_em -I../dyn_nmm   -I/glade/work/rkumar/NASA_HMA/WRFchem_HMA/external/esmf_time_f90  -I/glade/work/rkumar/NASA_HMA/WRFchem_HMA/main -I/glade/work/rkumar/NASA_HMA/WRFchem_HMA/external/io_netcdf -I/glade/work/rkumar/NASA_HMA/WRFchem_HMA/external/io_int -I/glade/work/rkumar/NASA_HMA/WRFchem_HMA/frame -I/glade/work/rkumar/NASA_HMA/WRFchem_HMA/share -I/glade/work/rkumar/NASA_HMA/WRFchem_HMA/phys -I/glade/work/rkumar/NASA_HMA/WRFchem_HMA/chem -I/glade/work/rkumar/NASA_HMA/WRFchem_HMA/inc -I/glade/u/apps/ch/opt/netcdf/4.8.1/intel/19.1.1//include  -real-size `expr 8 \* 4` -i4  module_kpp_cbmz_mosaic_Parameters.f90

real	0m0.583s
user	0m0.066s
sys	0m0.464s
rm -f module_kpp_cbmz_mosaic_JacobianSP.o
sed -e "s/grid%mu/gridmu/g" -e "s/grid%Mu/gridMu/g" -e "s/^\!.*'.*//" -e "s/^ *\!.*'.*//" module_kpp_cbmz_mosaic_JacobianSP.F > module_kpp_cbmz_mosaic_JacobianSP.G
/lib/cpp -P -nostdinc -I/glade/work/rkumar/NASA_HMA/WRFchem_HMA/inc -DEM_CORE=1 -DNMM_CORE=0 -DNMM_MAX_DIM=2600 -DCOAMPS_CORE=0 -DDA_CORE=0 -DEXP_CORE=0 -DIWORDSIZE=4 -DDWORDSIZE=8 -DRWORDSIZE=4 -DLWORDSIZE=4 -DNONSTANDARD_SYSTEM_FUNC  -DWRF_USE_CLM  -DSNICAR_FRC    -DDM_PARALLEL -DNETCDF -DUSE_ALLOCATABLES -DGRIB1 -DINTIO -DKEEP_INT_AROUND -DLIMIT_ARGS -DCONFIG_BUF_LEN=65536 -DMAX_DOMAINS_F=21 -DMAX_HISTORY=25 -DNMM_NEST=0 -DWRF_CHEM -DBUILD_CHEM=1 -DWRF_KPP -I. -traditional-cpp   module_kpp_cbmz_mosaic_JacobianSP.G  > module_kpp_cbmz_mosaic_JacobianSP.H
sed -e "s/gridmu/grid%mu/g" -e "s/gridMu/grid%Mu/g" module_kpp_cbmz_mosaic_JacobianSP.H > module_kpp_cbmz_mosaic_JacobianSP.bb
/glade/work/rkumar/NASA_HMA/WRFchem_HMA/tools/standard.exe module_kpp_cbmz_mosaic_JacobianSP.bb | /lib/cpp -P -nostdinc -traditional-cpp > module_kpp_cbmz_mosaic_JacobianSP.f90
rm -f module_kpp_cbmz_mosaic_JacobianSP.G module_kpp_cbmz_mosaic_JacobianSP.H module_kpp_cbmz_mosaic_JacobianSP.bb
time mpif90 -f90=ifort -o module_kpp_cbmz_mosaic_JacobianSP.o -c -O3 -ip -fp-model precise -w -ftz -align all -fno-alias -FR -convert big_endian    -I../dyn_em -I../dyn_nmm   -I/glade/work/rkumar/NASA_HMA/WRFchem_HMA/external/esmf_time_f90  -I/glade/work/rkumar/NASA_HMA/WRFchem_HMA/main -I/glade/work/rkumar/NASA_HMA/WRFchem_HMA/external/io_netcdf -I/glade/work/rkumar/NASA_HMA/WRFchem_HMA/external/io_int -I/glade/work/rkumar/NASA_HMA/WRFchem_HMA/frame -I/glade/work/rkumar/NASA_HMA/WRFchem_HMA/share -I/glade/work/rkumar/NASA_HMA/WRFchem_HMA/phys -I/glade/work/rkumar/NASA_HMA/WRFchem_HMA/chem -I/glade/work/rkumar/NASA_HMA/WRFchem_HMA/inc -I/glade/u/apps/ch/opt/netcdf/4.8.1/intel/19.1.1//include  -real-size `expr 8 \* 4` -i4  module_kpp_cbmz_mosaic_JacobianSP.f90

real	0m0.608s
user	0m0.061s
sys	0m0.505s
rm -f module_kpp_cbmz_mosaic_Jacobian.o
sed -e "s/grid%mu/gridmu/g" -e "s/grid%Mu/gridMu/g" -e "s/^\!.*'.*//" -e "s/^ *\!.*'.*//" module_kpp_cbmz_mosaic_Jacobian.F > module_kpp_cbmz_mosaic_Jacobian.G
/lib/cpp -P -nostdinc -I/glade/work/rkumar/NASA_HMA/WRFchem_HMA/inc -DEM_CORE=1 -DNMM_CORE=0 -DNMM_MAX_DIM=2600 -DCOAMPS_CORE=0 -DDA_CORE=0 -DEXP_CORE=0 -DIWORDSIZE=4 -DDWORDSIZE=8 -DRWORDSIZE=4 -DLWORDSIZE=4 -DNONSTANDARD_SYSTEM_FUNC  -DWRF_USE_CLM  -DSNICAR_FRC    -DDM_PARALLEL -DNETCDF -DUSE_ALLOCATABLES -DGRIB1 -DINTIO -DKEEP_INT_AROUND -DLIMIT_ARGS -DCONFIG_BUF_LEN=65536 -DMAX_DOMAINS_F=21 -DMAX_HISTORY=25 -DNMM_NEST=0 -DWRF_CHEM -DBUILD_CHEM=1 -DWRF_KPP -I. -traditional-cpp   module_kpp_cbmz_mosaic_Jacobian.G  > module_kpp_cbmz_mosaic_Jacobian.H
sed -e "s/gridmu/grid%mu/g" -e "s/gridMu/grid%Mu/g" module_kpp_cbmz_mosaic_Jacobian.H > module_kpp_cbmz_mosaic_Jacobian.bb
/glade/work/rkumar/NASA_HMA/WRFchem_HMA/tools/standard.exe module_kpp_cbmz_mosaic_Jacobian.bb | /lib/cpp -P -nostdinc -traditional-cpp > module_kpp_cbmz_mosaic_Jacobian.f90
rm -f module_kpp_cbmz_mosaic_Jacobian.G module_kpp_cbmz_mosaic_Jacobian.H module_kpp_cbmz_mosaic_Jacobian.bb
time mpif90 -f90=ifort -o module_kpp_cbmz_mosaic_Jacobian.o -c -O3 -ip -fp-model precise -w -ftz -align all -fno-alias -FR -convert big_endian    -I../dyn_em -I../dyn_nmm   -I/glade/work/rkumar/NASA_HMA/WRFchem_HMA/external/esmf_time_f90  -I/glade/work/rkumar/NASA_HMA/WRFchem_HMA/main -I/glade/work/rkumar/NASA_HMA/WRFchem_HMA/external/io_netcdf -I/glade/work/rkumar/NASA_HMA/WRFchem_HMA/external/io_int -I/glade/work/rkumar/NASA_HMA/WRFchem_HMA/frame -I/glade/work/rkumar/NASA_HMA/WRFchem_HMA/share -I/glade/work/rkumar/NASA_HMA/WRFchem_HMA/phys -I/glade/work/rkumar/NASA_HMA/WRFchem_HMA/chem -I/glade/work/rkumar/NASA_HMA/WRFchem_HMA/inc -I/glade/u/apps/ch/opt/netcdf/4.8.1/intel/19.1.1//include  -real-size `expr 8 \* 4` -i4  module_kpp_cbmz_mosaic_Jacobian.f90

real	0m1.026s
user	0m0.441s
sys	0m0.525s
rm -f module_kpp_cbmz_mosaic_Update_Rconst.o
sed -e "s/grid%mu/gridmu/g" -e "s/grid%Mu/gridMu/g" -e "s/^\!.*'.*//" -e "s/^ *\!.*'.*//" module_kpp_cbmz_mosaic_Update_Rconst.F > module_kpp_cbmz_mosaic_Update_Rconst.G
/lib/cpp -P -nostdinc -I/glade/work/rkumar/NASA_HMA/WRFchem_HMA/inc -DEM_CORE=1 -DNMM_CORE=0 -DNMM_MAX_DIM=2600 -DCOAMPS_CORE=0 -DDA_CORE=0 -DEXP_CORE=0 -DIWORDSIZE=4 -DDWORDSIZE=8 -DRWORDSIZE=4 -DLWORDSIZE=4 -DNONSTANDARD_SYSTEM_FUNC  -DWRF_USE_CLM  -DSNICAR_FRC    -DDM_PARALLEL -DNETCDF -DUSE_ALLOCATABLES -DGRIB1 -DINTIO -DKEEP_INT_AROUND -DLIMIT_ARGS -DCONFIG_BUF_LEN=65536 -DMAX_DOMAINS_F=21 -DMAX_HISTORY=25 -DNMM_NEST=0 -DWRF_CHEM -DBUILD_CHEM=1 -DWRF_KPP -I. -traditional-cpp   module_kpp_cbmz_mosaic_Update_Rconst.G  > module_kpp_cbmz_mosaic_Update_Rconst.H
sed -e "s/gridmu/grid%mu/g" -e "s/gridMu/grid%Mu/g" module_kpp_cbmz_mosaic_Update_Rconst.H > module_kpp_cbmz_mosaic_Update_Rconst.bb
/glade/work/rkumar/NASA_HMA/WRFchem_HMA/tools/standard.exe module_kpp_cbmz_mosaic_Update_Rconst.bb | /lib/cpp -P -nostdinc -traditional-cpp > module_kpp_cbmz_mosaic_Update_Rconst.f90
rm -f module_kpp_cbmz_mosaic_Update_Rconst.G module_kpp_cbmz_mosaic_Update_Rconst.H module_kpp_cbmz_mosaic_Update_Rconst.bb
time mpif90 -f90=ifort -o module_kpp_cbmz_mosaic_Update_Rconst.o -c -O3 -ip -fp-model precise -w -ftz -align all -fno-alias -FR -convert big_endian    -I../dyn_em -I../dyn_nmm   -I/glade/work/rkumar/NASA_HMA/WRFchem_HMA/external/esmf_time_f90  -I/glade/work/rkumar/NASA_HMA/WRFchem_HMA/main -I/glade/work/rkumar/NASA_HMA/WRFchem_HMA/external/io_netcdf -I/glade/work/rkumar/NASA_HMA/WRFchem_HMA/external/io_int -I/glade/work/rkumar/NASA_HMA/WRFchem_HMA/frame -I/glade/work/rkumar/NASA_HMA/WRFchem_HMA/share -I/glade/work/rkumar/NASA_HMA/WRFchem_HMA/phys -I/glade/work/rkumar/NASA_HMA/WRFchem_HMA/chem -I/glade/work/rkumar/NASA_HMA/WRFchem_HMA/inc -I/glade/u/apps/ch/opt/netcdf/4.8.1/intel/19.1.1//include  -real-size `expr 8 \* 4` -i4  module_kpp_cbmz_mosaic_Update_Rconst.f90

real	0m1.258s
user	0m0.664s
sys	0m0.561s
rm -f module_kpp_cbmz_mosaic_Integr.o
sed -e "s/grid%mu/gridmu/g" -e "s/grid%Mu/gridMu/g" -e "s/^\!.*'.*//" -e "s/^ *\!.*'.*//" module_kpp_cbmz_mosaic_Integr.F > module_kpp_cbmz_mosaic_Integr.G
/lib/cpp -P -nostdinc -I/glade/work/rkumar/NASA_HMA/WRFchem_HMA/inc -DEM_CORE=1 -DNMM_CORE=0 -DNMM_MAX_DIM=2600 -DCOAMPS_CORE=0 -DDA_CORE=0 -DEXP_CORE=0 -DIWORDSIZE=4 -DDWORDSIZE=8 -DRWORDSIZE=4 -DLWORDSIZE=4 -DNONSTANDARD_SYSTEM_FUNC  -DWRF_USE_CLM  -DSNICAR_FRC    -DDM_PARALLEL -DNETCDF -DUSE_ALLOCATABLES -DGRIB1 -DINTIO -DKEEP_INT_AROUND -DLIMIT_ARGS -DCONFIG_BUF_LEN=65536 -DMAX_DOMAINS_F=21 -DMAX_HISTORY=25 -DNMM_NEST=0 -DWRF_CHEM -DBUILD_CHEM=1 -DWRF_KPP -I. -traditional-cpp   module_kpp_cbmz_mosaic_Integr.G  > module_kpp_cbmz_mosaic_Integr.H
sed -e "s/gridmu/grid%mu/g" -e "s/gridMu/grid%Mu/g" module_kpp_cbmz_mosaic_Integr.H > module_kpp_cbmz_mosaic_Integr.bb
/glade/work/rkumar/NASA_HMA/WRFchem_HMA/tools/standard.exe module_kpp_cbmz_mosaic_Integr.bb | /lib/cpp -P -nostdinc -traditional-cpp > module_kpp_cbmz_mosaic_Integr.f90
rm -f module_kpp_cbmz_mosaic_Integr.G module_kpp_cbmz_mosaic_Integr.H module_kpp_cbmz_mosaic_Integr.bb
time mpif90 -f90=ifort -o module_kpp_cbmz_mosaic_Integr.o -c -O3 -ip -fp-model precise -w -ftz -align all -fno-alias -FR -convert big_endian    -I../dyn_em -I../dyn_nmm   -I/glade/work/rkumar/NASA_HMA/WRFchem_HMA/external/esmf_time_f90  -I/glade/work/rkumar/NASA_HMA/WRFchem_HMA/main -I/glade/work/rkumar/NASA_HMA/WRFchem_HMA/external/io_netcdf -I/glade/work/rkumar/NASA_HMA/WRFchem_HMA/external/io_int -I/glade/work/rkumar/NASA_HMA/WRFchem_HMA/frame -I/glade/work/rkumar/NASA_HMA/WRFchem_HMA/share -I/glade/work/rkumar/NASA_HMA/WRFchem_HMA/phys -I/glade/work/rkumar/NASA_HMA/WRFchem_HMA/chem -I/glade/work/rkumar/NASA_HMA/WRFchem_HMA/inc -I/glade/u/apps/ch/opt/netcdf/4.8.1/intel/19.1.1//include  -real-size `expr 8 \* 4` -i4  module_kpp_cbmz_mosaic_Integr.f90

real	0m6.890s
user	0m6.159s
sys	0m0.643s
rm -f module_kpp_cbmz_mosaic_interface.o
sed -e "s/grid%mu/gridmu/g" -e "s/grid%Mu/gridMu/g" -e "s/^\!.*'.*//" -e "s/^ *\!.*'.*//" module_kpp_cbmz_mosaic_interface.F > module_kpp_cbmz_mosaic_interface.G
/lib/cpp -P -nostdinc -I/glade/work/rkumar/NASA_HMA/WRFchem_HMA/inc -DEM_CORE=1 -DNMM_CORE=0 -DNMM_MAX_DIM=2600 -DCOAMPS_CORE=0 -DDA_CORE=0 -DEXP_CORE=0 -DIWORDSIZE=4 -DDWORDSIZE=8 -DRWORDSIZE=4 -DLWORDSIZE=4 -DNONSTANDARD_SYSTEM_FUNC  -DWRF_USE_CLM  -DSNICAR_FRC    -DDM_PARALLEL -DNETCDF -DUSE_ALLOCATABLES -DGRIB1 -DINTIO -DKEEP_INT_AROUND -DLIMIT_ARGS -DCONFIG_BUF_LEN=65536 -DMAX_DOMAINS_F=21 -DMAX_HISTORY=25 -DNMM_NEST=0 -DWRF_CHEM -DBUILD_CHEM=1 -DWRF_KPP -I. -traditional-cpp   module_kpp_cbmz_mosaic_interface.G  > module_kpp_cbmz_mosaic_interface.H
sed -e "s/gridmu/grid%mu/g" -e "s/gridMu/grid%Mu/g" module_kpp_cbmz_mosaic_interface.H > module_kpp_cbmz_mosaic_interface.bb
/glade/work/rkumar/NASA_HMA/WRFchem_HMA/tools/standard.exe module_kpp_cbmz_mosaic_interface.bb | /lib/cpp -P -nostdinc -traditional-cpp > module_kpp_cbmz_mosaic_interface.f90
rm -f module_kpp_cbmz_mosaic_interface.G module_kpp_cbmz_mosaic_interface.H module_kpp_cbmz_mosaic_interface.bb
time mpif90 -f90=ifort -o module_kpp_cbmz_mosaic_interface.o -c -O3 -ip -fp-model precise -w -ftz -align all -fno-alias -FR -convert big_endian    -I../dyn_em -I../dyn_nmm   -I/glade/work/rkumar/NASA_HMA/WRFchem_HMA/external/esmf_time_f90  -I/glade/work/rkumar/NASA_HMA/WRFchem_HMA/main -I/glade/work/rkumar/NASA_HMA/WRFchem_HMA/external/io_netcdf -I/glade/work/rkumar/NASA_HMA/WRFchem_HMA/external/io_int -I/glade/work/rkumar/NASA_HMA/WRFchem_HMA/frame -I/glade/work/rkumar/NASA_HMA/WRFchem_HMA/share -I/glade/work/rkumar/NASA_HMA/WRFchem_HMA/phys -I/glade/work/rkumar/NASA_HMA/WRFchem_HMA/chem -I/glade/work/rkumar/NASA_HMA/WRFchem_HMA/inc -I/glade/u/apps/ch/opt/netcdf/4.8.1/intel/19.1.1//include  -real-size `expr 8 \* 4` -i4  module_kpp_cbmz_mosaic_interface.f90

real	0m1.335s
user	0m0.709s
sys	0m0.564s
rm -f module_kpp_cri_mosaic_4bin_aq_Precision.o
sed -e "s/grid%mu/gridmu/g" -e "s/grid%Mu/gridMu/g" -e "s/^\!.*'.*//" -e "s/^ *\!.*'.*//" module_kpp_cri_mosaic_4bin_aq_Precision.F > module_kpp_cri_mosaic_4bin_aq_Precision.G
/lib/cpp -P -nostdinc -I/glade/work/rkumar/NASA_HMA/WRFchem_HMA/inc -DEM_CORE=1 -DNMM_CORE=0 -DNMM_MAX_DIM=2600 -DCOAMPS_CORE=0 -DDA_CORE=0 -DEXP_CORE=0 -DIWORDSIZE=4 -DDWORDSIZE=8 -DRWORDSIZE=4 -DLWORDSIZE=4 -DNONSTANDARD_SYSTEM_FUNC  -DWRF_USE_CLM  -DSNICAR_FRC    -DDM_PARALLEL -DNETCDF -DUSE_ALLOCATABLES -DGRIB1 -DINTIO -DKEEP_INT_AROUND -DLIMIT_ARGS -DCONFIG_BUF_LEN=65536 -DMAX_DOMAINS_F=21 -DMAX_HISTORY=25 -DNMM_NEST=0 -DWRF_CHEM -DBUILD_CHEM=1 -DWRF_KPP -I. -traditional-cpp   module_kpp_cri_mosaic_4bin_aq_Precision.G  > module_kpp_cri_mosaic_4bin_aq_Precision.H
sed -e "s/gridmu/grid%mu/g" -e "s/gridMu/grid%Mu/g" module_kpp_cri_mosaic_4bin_aq_Precision.H > module_kpp_cri_mosaic_4bin_aq_Precision.bb
/glade/work/rkumar/NASA_HMA/WRFchem_HMA/tools/standard.exe module_kpp_cri_mosaic_4bin_aq_Precision.bb | /lib/cpp -P -nostdinc -traditional-cpp > module_kpp_cri_mosaic_4bin_aq_Precision.f90
rm -f module_kpp_cri_mosaic_4bin_aq_Precision.G module_kpp_cri_mosaic_4bin_aq_Precision.H module_kpp_cri_mosaic_4bin_aq_Precision.bb
time mpif90 -f90=ifort -o module_kpp_cri_mosaic_4bin_aq_Precision.o -c -O3 -ip -fp-model precise -w -ftz -align all -fno-alias -FR -convert big_endian    -I../dyn_em -I../dyn_nmm   -I/glade/work/rkumar/NASA_HMA/WRFchem_HMA/external/esmf_time_f90  -I/glade/work/rkumar/NASA_HMA/WRFchem_HMA/main -I/glade/work/rkumar/NASA_HMA/WRFchem_HMA/external/io_netcdf -I/glade/work/rkumar/NASA_HMA/WRFchem_HMA/external/io_int -I/glade/work/rkumar/NASA_HMA/WRFchem_HMA/frame -I/glade/work/rkumar/NASA_HMA/WRFchem_HMA/share -I/glade/work/rkumar/NASA_HMA/WRFchem_HMA/phys -I/glade/work/rkumar/NASA_HMA/WRFchem_HMA/chem -I/glade/work/rkumar/NASA_HMA/WRFchem_HMA/inc -I/glade/u/apps/ch/opt/netcdf/4.8.1/intel/19.1.1//include  -real-size `expr 8 \* 4` -i4  module_kpp_cri_mosaic_4bin_aq_Precision.f90

real	0m0.598s
user	0m0.076s
sys	0m0.482s
rm -f module_kpp_cri_mosaic_4bin_aq_Parameters.o
sed -e "s/grid%mu/gridmu/g" -e "s/grid%Mu/gridMu/g" -e "s/^\!.*'.*//" -e "s/^ *\!.*'.*//" module_kpp_cri_mosaic_4bin_aq_Parameters.F > module_kpp_cri_mosaic_4bin_aq_Parameters.G
/lib/cpp -P -nostdinc -I/glade/work/rkumar/NASA_HMA/WRFchem_HMA/inc -DEM_CORE=1 -DNMM_CORE=0 -DNMM_MAX_DIM=2600 -DCOAMPS_CORE=0 -DDA_CORE=0 -DEXP_CORE=0 -DIWORDSIZE=4 -DDWORDSIZE=8 -DRWORDSIZE=4 -DLWORDSIZE=4 -DNONSTANDARD_SYSTEM_FUNC  -DWRF_USE_CLM  -DSNICAR_FRC    -DDM_PARALLEL -DNETCDF -DUSE_ALLOCATABLES -DGRIB1 -DINTIO -DKEEP_INT_AROUND -DLIMIT_ARGS -DCONFIG_BUF_LEN=65536 -DMAX_DOMAINS_F=21 -DMAX_HISTORY=25 -DNMM_NEST=0 -DWRF_CHEM -DBUILD_CHEM=1 -DWRF_KPP -I. -traditional-cpp   module_kpp_cri_mosaic_4bin_aq_Parameters.G  > module_kpp_cri_mosaic_4bin_aq_Parameters.H
sed -e "s/gridmu/grid%mu/g" -e "s/gridMu/grid%Mu/g" module_kpp_cri_mosaic_4bin_aq_Parameters.H > module_kpp_cri_mosaic_4bin_aq_Parameters.bb
/glade/work/rkumar/NASA_HMA/WRFchem_HMA/tools/standard.exe module_kpp_cri_mosaic_4bin_aq_Parameters.bb | /lib/cpp -P -nostdinc -traditional-cpp > module_kpp_cri_mosaic_4bin_aq_Parameters.f90
rm -f module_kpp_cri_mosaic_4bin_aq_Parameters.G module_kpp_cri_mosaic_4bin_aq_Parameters.H module_kpp_cri_mosaic_4bin_aq_Parameters.bb
time mpif90 -f90=ifort -o module_kpp_cri_mosaic_4bin_aq_Parameters.o -c -O3 -ip -fp-model precise -w -ftz -align all -fno-alias -FR -convert big_endian    -I../dyn_em -I../dyn_nmm   -I/glade/work/rkumar/NASA_HMA/WRFchem_HMA/external/esmf_time_f90  -I/glade/work/rkumar/NASA_HMA/WRFchem_HMA/main -I/glade/work/rkumar/NASA_HMA/WRFchem_HMA/external/io_netcdf -I/glade/work/rkumar/NASA_HMA/WRFchem_HMA/external/io_int -I/glade/work/rkumar/NASA_HMA/WRFchem_HMA/frame -I/glade/work/rkumar/NASA_HMA/WRFchem_HMA/share -I/glade/work/rkumar/NASA_HMA/WRFchem_HMA/phys -I/glade/work/rkumar/NASA_HMA/WRFchem_HMA/chem -I/glade/work/rkumar/NASA_HMA/WRFchem_HMA/inc -I/glade/u/apps/ch/opt/netcdf/4.8.1/intel/19.1.1//include  -real-size `expr 8 \* 4` -i4  module_kpp_cri_mosaic_4bin_aq_Parameters.f90

real	0m0.616s
user	0m0.055s
sys	0m0.526s
rm -f module_kpp_cri_mosaic_4bin_aq_JacobianSP.o
sed -e "s/grid%mu/gridmu/g" -e "s/grid%Mu/gridMu/g" -e "s/^\!.*'.*//" -e "s/^ *\!.*'.*//" module_kpp_cri_mosaic_4bin_aq_JacobianSP.F > module_kpp_cri_mosaic_4bin_aq_JacobianSP.G
/lib/cpp -P -nostdinc -I/glade/work/rkumar/NASA_HMA/WRFchem_HMA/inc -DEM_CORE=1 -DNMM_CORE=0 -DNMM_MAX_DIM=2600 -DCOAMPS_CORE=0 -DDA_CORE=0 -DEXP_CORE=0 -DIWORDSIZE=4 -DDWORDSIZE=8 -DRWORDSIZE=4 -DLWORDSIZE=4 -DNONSTANDARD_SYSTEM_FUNC  -DWRF_USE_CLM  -DSNICAR_FRC    -DDM_PARALLEL -DNETCDF -DUSE_ALLOCATABLES -DGRIB1 -DINTIO -DKEEP_INT_AROUND -DLIMIT_ARGS -DCONFIG_BUF_LEN=65536 -DMAX_DOMAINS_F=21 -DMAX_HISTORY=25 -DNMM_NEST=0 -DWRF_CHEM -DBUILD_CHEM=1 -DWRF_KPP -I. -traditional-cpp   module_kpp_cri_mosaic_4bin_aq_JacobianSP.G  > module_kpp_cri_mosaic_4bin_aq_JacobianSP.H
sed -e "s/gridmu/grid%mu/g" -e "s/gridMu/grid%Mu/g" module_kpp_cri_mosaic_4bin_aq_JacobianSP.H > module_kpp_cri_mosaic_4bin_aq_JacobianSP.bb
/glade/work/rkumar/NASA_HMA/WRFchem_HMA/tools/standard.exe module_kpp_cri_mosaic_4bin_aq_JacobianSP.bb | /lib/cpp -P -nostdinc -traditional-cpp > module_kpp_cri_mosaic_4bin_aq_JacobianSP.f90
rm -f module_kpp_cri_mosaic_4bin_aq_JacobianSP.G module_kpp_cri_mosaic_4bin_aq_JacobianSP.H module_kpp_cri_mosaic_4bin_aq_JacobianSP.bb
time mpif90 -f90=ifort -o module_kpp_cri_mosaic_4bin_aq_JacobianSP.o -c -O3 -ip -fp-model precise -w -ftz -align all -fno-alias -FR -convert big_endian    -I../dyn_em -I../dyn_nmm   -I/glade/work/rkumar/NASA_HMA/WRFchem_HMA/external/esmf_time_f90  -I/glade/work/rkumar/NASA_HMA/WRFchem_HMA/main -I/glade/work/rkumar/NASA_HMA/WRFchem_HMA/external/io_netcdf -I/glade/work/rkumar/NASA_HMA/WRFchem_HMA/external/io_int -I/glade/work/rkumar/NASA_HMA/WRFchem_HMA/frame -I/glade/work/rkumar/NASA_HMA/WRFchem_HMA/share -I/glade/work/rkumar/NASA_HMA/WRFchem_HMA/phys -I/glade/work/rkumar/NASA_HMA/WRFchem_HMA/chem -I/glade/work/rkumar/NASA_HMA/WRFchem_HMA/inc -I/glade/u/apps/ch/opt/netcdf/4.8.1/intel/19.1.1//include  -real-size `expr 8 \* 4` -i4  module_kpp_cri_mosaic_4bin_aq_JacobianSP.f90

real	0m0.692s
user	0m0.130s
sys	0m0.517s
rm -f module_kpp_cri_mosaic_4bin_aq_Jacobian.o
sed -e "s/grid%mu/gridmu/g" -e "s/grid%Mu/gridMu/g" -e "s/^\!.*'.*//" -e "s/^ *\!.*'.*//" module_kpp_cri_mosaic_4bin_aq_Jacobian.F > module_kpp_cri_mosaic_4bin_aq_Jacobian.G
/lib/cpp -P -nostdinc -I/glade/work/rkumar/NASA_HMA/WRFchem_HMA/inc -DEM_CORE=1 -DNMM_CORE=0 -DNMM_MAX_DIM=2600 -DCOAMPS_CORE=0 -DDA_CORE=0 -DEXP_CORE=0 -DIWORDSIZE=4 -DDWORDSIZE=8 -DRWORDSIZE=4 -DLWORDSIZE=4 -DNONSTANDARD_SYSTEM_FUNC  -DWRF_USE_CLM  -DSNICAR_FRC    -DDM_PARALLEL -DNETCDF -DUSE_ALLOCATABLES -DGRIB1 -DINTIO -DKEEP_INT_AROUND -DLIMIT_ARGS -DCONFIG_BUF_LEN=65536 -DMAX_DOMAINS_F=21 -DMAX_HISTORY=25 -DNMM_NEST=0 -DWRF_CHEM -DBUILD_CHEM=1 -DWRF_KPP -I. -traditional-cpp   module_kpp_cri_mosaic_4bin_aq_Jacobian.G  > module_kpp_cri_mosaic_4bin_aq_Jacobian.H
sed -e "s/gridmu/grid%mu/g" -e "s/gridMu/grid%Mu/g" module_kpp_cri_mosaic_4bin_aq_Jacobian.H > module_kpp_cri_mosaic_4bin_aq_Jacobian.bb
/glade/work/rkumar/NASA_HMA/WRFchem_HMA/tools/standard.exe module_kpp_cri_mosaic_4bin_aq_Jacobian.bb | /lib/cpp -P -nostdinc -traditional-cpp > module_kpp_cri_mosaic_4bin_aq_Jacobian.f90
rm -f module_kpp_cri_mosaic_4bin_aq_Jacobian.G module_kpp_cri_mosaic_4bin_aq_Jacobian.H module_kpp_cri_mosaic_4bin_aq_Jacobian.bb
time mpif90 -f90=ifort -o module_kpp_cri_mosaic_4bin_aq_Jacobian.o -c -O3 -ip -fp-model precise -w -ftz -align all -fno-alias -FR -convert big_endian    -I../dyn_em -I../dyn_nmm   -I/glade/work/rkumar/NASA_HMA/WRFchem_HMA/external/esmf_time_f90  -I/glade/work/rkumar/NASA_HMA/WRFchem_HMA/main -I/glade/work/rkumar/NASA_HMA/WRFchem_HMA/external/io_netcdf -I/glade/work/rkumar/NASA_HMA/WRFchem_HMA/external/io_int -I/glade/work/rkumar/NASA_HMA/WRFchem_HMA/frame -I/glade/work/rkumar/NASA_HMA/WRFchem_HMA/share -I/glade/work/rkumar/NASA_HMA/WRFchem_HMA/phys -I/glade/work/rkumar/NASA_HMA/WRFchem_HMA/chem -I/glade/work/rkumar/NASA_HMA/WRFchem_HMA/inc -I/glade/u/apps/ch/opt/netcdf/4.8.1/intel/19.1.1//include  -real-size `expr 8 \* 4` -i4  module_kpp_cri_mosaic_4bin_aq_Jacobian.f90

real	0m3.452s
user	0m2.865s
sys	0m0.536s
rm -f module_kpp_cri_mosaic_4bin_aq_Update_Rconst.o
sed -e "s/grid%mu/gridmu/g" -e "s/grid%Mu/gridMu/g" -e "s/^\!.*'.*//" -e "s/^ *\!.*'.*//" module_kpp_cri_mosaic_4bin_aq_Update_Rconst.F > module_kpp_cri_mosaic_4bin_aq_Update_Rconst.G
/lib/cpp -P -nostdinc -I/glade/work/rkumar/NASA_HMA/WRFchem_HMA/inc -DEM_CORE=1 -DNMM_CORE=0 -DNMM_MAX_DIM=2600 -DCOAMPS_CORE=0 -DDA_CORE=0 -DEXP_CORE=0 -DIWORDSIZE=4 -DDWORDSIZE=8 -DRWORDSIZE=4 -DLWORDSIZE=4 -DNONSTANDARD_SYSTEM_FUNC  -DWRF_USE_CLM  -DSNICAR_FRC    -DDM_PARALLEL -DNETCDF -DUSE_ALLOCATABLES -DGRIB1 -DINTIO -DKEEP_INT_AROUND -DLIMIT_ARGS -DCONFIG_BUF_LEN=65536 -DMAX_DOMAINS_F=21 -DMAX_HISTORY=25 -DNMM_NEST=0 -DWRF_CHEM -DBUILD_CHEM=1 -DWRF_KPP -I. -traditional-cpp   module_kpp_cri_mosaic_4bin_aq_Update_Rconst.G  > module_kpp_cri_mosaic_4bin_aq_Update_Rconst.H
sed -e "s/gridmu/grid%mu/g" -e "s/gridMu/grid%Mu/g" module_kpp_cri_mosaic_4bin_aq_Update_Rconst.H > module_kpp_cri_mosaic_4bin_aq_Update_Rconst.bb
/glade/work/rkumar/NASA_HMA/WRFchem_HMA/tools/standard.exe module_kpp_cri_mosaic_4bin_aq_Update_Rconst.bb | /lib/cpp -P -nostdinc -traditional-cpp > module_kpp_cri_mosaic_4bin_aq_Update_Rconst.f90
rm -f module_kpp_cri_mosaic_4bin_aq_Update_Rconst.G module_kpp_cri_mosaic_4bin_aq_Update_Rconst.H module_kpp_cri_mosaic_4bin_aq_Update_Rconst.bb
time mpif90 -f90=ifort -o module_kpp_cri_mosaic_4bin_aq_Update_Rconst.o -c -O3 -ip -fp-model precise -w -ftz -align all -fno-alias -FR -convert big_endian    -I../dyn_em -I../dyn_nmm   -I/glade/work/rkumar/NASA_HMA/WRFchem_HMA/external/esmf_time_f90  -I/glade/work/rkumar/NASA_HMA/WRFchem_HMA/main -I/glade/work/rkumar/NASA_HMA/WRFchem_HMA/external/io_netcdf -I/glade/work/rkumar/NASA_HMA/WRFchem_HMA/external/io_int -I/glade/work/rkumar/NASA_HMA/WRFchem_HMA/frame -I/glade/work/rkumar/NASA_HMA/WRFchem_HMA/share -I/glade/work/rkumar/NASA_HMA/WRFchem_HMA/phys -I/glade/work/rkumar/NASA_HMA/WRFchem_HMA/chem -I/glade/work/rkumar/NASA_HMA/WRFchem_HMA/inc -I/glade/u/apps/ch/opt/netcdf/4.8.1/intel/19.1.1//include  -real-size `expr 8 \* 4` -i4  module_kpp_cri_mosaic_4bin_aq_Update_Rconst.f90

real	0m1.088s
user	0m0.492s
sys	0m0.527s
rm -f module_kpp_cri_mosaic_4bin_aq_Integr.o
sed -e "s/grid%mu/gridmu/g" -e "s/grid%Mu/gridMu/g" -e "s/^\!.*'.*//" -e "s/^ *\!.*'.*//" module_kpp_cri_mosaic_4bin_aq_Integr.F > module_kpp_cri_mosaic_4bin_aq_Integr.G
/lib/cpp -P -nostdinc -I/glade/work/rkumar/NASA_HMA/WRFchem_HMA/inc -DEM_CORE=1 -DNMM_CORE=0 -DNMM_MAX_DIM=2600 -DCOAMPS_CORE=0 -DDA_CORE=0 -DEXP_CORE=0 -DIWORDSIZE=4 -DDWORDSIZE=8 -DRWORDSIZE=4 -DLWORDSIZE=4 -DNONSTANDARD_SYSTEM_FUNC  -DWRF_USE_CLM  -DSNICAR_FRC    -DDM_PARALLEL -DNETCDF -DUSE_ALLOCATABLES -DGRIB1 -DINTIO -DKEEP_INT_AROUND -DLIMIT_ARGS -DCONFIG_BUF_LEN=65536 -DMAX_DOMAINS_F=21 -DMAX_HISTORY=25 -DNMM_NEST=0 -DWRF_CHEM -DBUILD_CHEM=1 -DWRF_KPP -I. -traditional-cpp   module_kpp_cri_mosaic_4bin_aq_Integr.G  > module_kpp_cri_mosaic_4bin_aq_Integr.H
sed -e "s/gridmu/grid%mu/g" -e "s/gridMu/grid%Mu/g" module_kpp_cri_mosaic_4bin_aq_Integr.H > module_kpp_cri_mosaic_4bin_aq_Integr.bb
/glade/work/rkumar/NASA_HMA/WRFchem_HMA/tools/standard.exe module_kpp_cri_mosaic_4bin_aq_Integr.bb | /lib/cpp -P -nostdinc -traditional-cpp > module_kpp_cri_mosaic_4bin_aq_Integr.f90
rm -f module_kpp_cri_mosaic_4bin_aq_Integr.G module_kpp_cri_mosaic_4bin_aq_Integr.H module_kpp_cri_mosaic_4bin_aq_Integr.bb
time mpif90 -f90=ifort -o module_kpp_cri_mosaic_4bin_aq_Integr.o -c -O3 -ip -fp-model precise -w -ftz -align all -fno-alias -FR -convert big_endian    -I../dyn_em -I../dyn_nmm   -I/glade/work/rkumar/NASA_HMA/WRFchem_HMA/external/esmf_time_f90  -I/glade/work/rkumar/NASA_HMA/WRFchem_HMA/main -I/glade/work/rkumar/NASA_HMA/WRFchem_HMA/external/io_netcdf -I/glade/work/rkumar/NASA_HMA/WRFchem_HMA/external/io_int -I/glade/work/rkumar/NASA_HMA/WRFchem_HMA/frame -I/glade/work/rkumar/NASA_HMA/WRFchem_HMA/share -I/glade/work/rkumar/NASA_HMA/WRFchem_HMA/phys -I/glade/work/rkumar/NASA_HMA/WRFchem_HMA/chem -I/glade/work/rkumar/NASA_HMA/WRFchem_HMA/inc -I/glade/u/apps/ch/opt/netcdf/4.8.1/intel/19.1.1//include  -real-size `expr 8 \* 4` -i4  module_kpp_cri_mosaic_4bin_aq_Integr.f90

real	1m21.048s
user	1m20.168s
sys	0m0.833s
rm -f module_kpp_cri_mosaic_4bin_aq_interface.o
sed -e "s/grid%mu/gridmu/g" -e "s/grid%Mu/gridMu/g" -e "s/^\!.*'.*//" -e "s/^ *\!.*'.*//" module_kpp_cri_mosaic_4bin_aq_interface.F > module_kpp_cri_mosaic_4bin_aq_interface.G
/lib/cpp -P -nostdinc -I/glade/work/rkumar/NASA_HMA/WRFchem_HMA/inc -DEM_CORE=1 -DNMM_CORE=0 -DNMM_MAX_DIM=2600 -DCOAMPS_CORE=0 -DDA_CORE=0 -DEXP_CORE=0 -DIWORDSIZE=4 -DDWORDSIZE=8 -DRWORDSIZE=4 -DLWORDSIZE=4 -DNONSTANDARD_SYSTEM_FUNC  -DWRF_USE_CLM  -DSNICAR_FRC    -DDM_PARALLEL -DNETCDF -DUSE_ALLOCATABLES -DGRIB1 -DINTIO -DKEEP_INT_AROUND -DLIMIT_ARGS -DCONFIG_BUF_LEN=65536 -DMAX_DOMAINS_F=21 -DMAX_HISTORY=25 -DNMM_NEST=0 -DWRF_CHEM -DBUILD_CHEM=1 -DWRF_KPP -I. -traditional-cpp   module_kpp_cri_mosaic_4bin_aq_interface.G  > module_kpp_cri_mosaic_4bin_aq_interface.H
sed -e "s/gridmu/grid%mu/g" -e "s/gridMu/grid%Mu/g" module_kpp_cri_mosaic_4bin_aq_interface.H > module_kpp_cri_mosaic_4bin_aq_interface.bb
/glade/work/rkumar/NASA_HMA/WRFchem_HMA/tools/standard.exe module_kpp_cri_mosaic_4bin_aq_interface.bb | /lib/cpp -P -nostdinc -traditional-cpp > module_kpp_cri_mosaic_4bin_aq_interface.f90
rm -f module_kpp_cri_mosaic_4bin_aq_interface.G module_kpp_cri_mosaic_4bin_aq_interface.H module_kpp_cri_mosaic_4bin_aq_interface.bb
time mpif90 -f90=ifort -o module_kpp_cri_mosaic_4bin_aq_interface.o -c -O3 -ip -fp-model precise -w -ftz -align all -fno-alias -FR -convert big_endian    -I../dyn_em -I../dyn_nmm   -I/glade/work/rkumar/NASA_HMA/WRFchem_HMA/external/esmf_time_f90  -I/glade/work/rkumar/NASA_HMA/WRFchem_HMA/main -I/glade/work/rkumar/NASA_HMA/WRFchem_HMA/external/io_netcdf -I/glade/work/rkumar/NASA_HMA/WRFchem_HMA/external/io_int -I/glade/work/rkumar/NASA_HMA/WRFchem_HMA/frame -I/glade/work/rkumar/NASA_HMA/WRFchem_HMA/share -I/glade/work/rkumar/NASA_HMA/WRFchem_HMA/phys -I/glade/work/rkumar/NASA_HMA/WRFchem_HMA/chem -I/glade/work/rkumar/NASA_HMA/WRFchem_HMA/inc -I/glade/u/apps/ch/opt/netcdf/4.8.1/intel/19.1.1//include  -real-size `expr 8 \* 4` -i4  module_kpp_cri_mosaic_4bin_aq_interface.f90

real	0m3.656s
user	0m3.078s
sys	0m0.532s
rm -f module_kpp_racmsorg_aqchem_Precision.o
sed -e "s/grid%mu/gridmu/g" -e "s/grid%Mu/gridMu/g" -e "s/^\!.*'.*//" -e "s/^ *\!.*'.*//" module_kpp_racmsorg_aqchem_Precision.F > module_kpp_racmsorg_aqchem_Precision.G
/lib/cpp -P -nostdinc -I/glade/work/rkumar/NASA_HMA/WRFchem_HMA/inc -DEM_CORE=1 -DNMM_CORE=0 -DNMM_MAX_DIM=2600 -DCOAMPS_CORE=0 -DDA_CORE=0 -DEXP_CORE=0 -DIWORDSIZE=4 -DDWORDSIZE=8 -DRWORDSIZE=4 -DLWORDSIZE=4 -DNONSTANDARD_SYSTEM_FUNC  -DWRF_USE_CLM  -DSNICAR_FRC    -DDM_PARALLEL -DNETCDF -DUSE_ALLOCATABLES -DGRIB1 -DINTIO -DKEEP_INT_AROUND -DLIMIT_ARGS -DCONFIG_BUF_LEN=65536 -DMAX_DOMAINS_F=21 -DMAX_HISTORY=25 -DNMM_NEST=0 -DWRF_CHEM -DBUILD_CHEM=1 -DWRF_KPP -I. -traditional-cpp   module_kpp_racmsorg_aqchem_Precision.G  > module_kpp_racmsorg_aqchem_Precision.H
sed -e "s/gridmu/grid%mu/g" -e "s/gridMu/grid%Mu/g" module_kpp_racmsorg_aqchem_Precision.H > module_kpp_racmsorg_aqchem_Precision.bb
/glade/work/rkumar/NASA_HMA/WRFchem_HMA/tools/standard.exe module_kpp_racmsorg_aqchem_Precision.bb | /lib/cpp -P -nostdinc -traditional-cpp > module_kpp_racmsorg_aqchem_Precision.f90
rm -f module_kpp_racmsorg_aqchem_Precision.G module_kpp_racmsorg_aqchem_Precision.H module_kpp_racmsorg_aqchem_Precision.bb
time mpif90 -f90=ifort -o module_kpp_racmsorg_aqchem_Precision.o -c -O3 -ip -fp-model precise -w -ftz -align all -fno-alias -FR -convert big_endian    -I../dyn_em -I../dyn_nmm   -I/glade/work/rkumar/NASA_HMA/WRFchem_HMA/external/esmf_time_f90  -I/glade/work/rkumar/NASA_HMA/WRFchem_HMA/main -I/glade/work/rkumar/NASA_HMA/WRFchem_HMA/external/io_netcdf -I/glade/work/rkumar/NASA_HMA/WRFchem_HMA/external/io_int -I/glade/work/rkumar/NASA_HMA/WRFchem_HMA/frame -I/glade/work/rkumar/NASA_HMA/WRFchem_HMA/share -I/glade/work/rkumar/NASA_HMA/WRFchem_HMA/phys -I/glade/work/rkumar/NASA_HMA/WRFchem_HMA/chem -I/glade/work/rkumar/NASA_HMA/WRFchem_HMA/inc -I/glade/u/apps/ch/opt/netcdf/4.8.1/intel/19.1.1//include  -real-size `expr 8 \* 4` -i4  module_kpp_racmsorg_aqchem_Precision.f90

real	0m0.568s
user	0m0.067s
sys	0m0.450s
rm -f module_kpp_racmsorg_aqchem_Parameters.o
sed -e "s/grid%mu/gridmu/g" -e "s/grid%Mu/gridMu/g" -e "s/^\!.*'.*//" -e "s/^ *\!.*'.*//" module_kpp_racmsorg_aqchem_Parameters.F > module_kpp_racmsorg_aqchem_Parameters.G
/lib/cpp -P -nostdinc -I/glade/work/rkumar/NASA_HMA/WRFchem_HMA/inc -DEM_CORE=1 -DNMM_CORE=0 -DNMM_MAX_DIM=2600 -DCOAMPS_CORE=0 -DDA_CORE=0 -DEXP_CORE=0 -DIWORDSIZE=4 -DDWORDSIZE=8 -DRWORDSIZE=4 -DLWORDSIZE=4 -DNONSTANDARD_SYSTEM_FUNC  -DWRF_USE_CLM  -DSNICAR_FRC    -DDM_PARALLEL -DNETCDF -DUSE_ALLOCATABLES -DGRIB1 -DINTIO -DKEEP_INT_AROUND -DLIMIT_ARGS -DCONFIG_BUF_LEN=65536 -DMAX_DOMAINS_F=21 -DMAX_HISTORY=25 -DNMM_NEST=0 -DWRF_CHEM -DBUILD_CHEM=1 -DWRF_KPP -I. -traditional-cpp   module_kpp_racmsorg_aqchem_Parameters.G  > module_kpp_racmsorg_aqchem_Parameters.H
sed -e "s/gridmu/grid%mu/g" -e "s/gridMu/grid%Mu/g" module_kpp_racmsorg_aqchem_Parameters.H > module_kpp_racmsorg_aqchem_Parameters.bb
/glade/work/rkumar/NASA_HMA/WRFchem_HMA/tools/standard.exe module_kpp_racmsorg_aqchem_Parameters.bb | /lib/cpp -P -nostdinc -traditional-cpp > module_kpp_racmsorg_aqchem_Parameters.f90
rm -f module_kpp_racmsorg_aqchem_Parameters.G module_kpp_racmsorg_aqchem_Parameters.H module_kpp_racmsorg_aqchem_Parameters.bb
time mpif90 -f90=ifort -o module_kpp_racmsorg_aqchem_Parameters.o -c -O3 -ip -fp-model precise -w -ftz -align all -fno-alias -FR -convert big_endian    -I../dyn_em -I../dyn_nmm   -I/glade/work/rkumar/NASA_HMA/WRFchem_HMA/external/esmf_time_f90  -I/glade/work/rkumar/NASA_HMA/WRFchem_HMA/main -I/glade/work/rkumar/NASA_HMA/WRFchem_HMA/external/io_netcdf -I/glade/work/rkumar/NASA_HMA/WRFchem_HMA/external/io_int -I/glade/work/rkumar/NASA_HMA/WRFchem_HMA/frame -I/glade/work/rkumar/NASA_HMA/WRFchem_HMA/share -I/glade/work/rkumar/NASA_HMA/WRFchem_HMA/phys -I/glade/work/rkumar/NASA_HMA/WRFchem_HMA/chem -I/glade/work/rkumar/NASA_HMA/WRFchem_HMA/inc -I/glade/u/apps/ch/opt/netcdf/4.8.1/intel/19.1.1//include  -real-size `expr 8 \* 4` -i4  module_kpp_racmsorg_aqchem_Parameters.f90

real	0m0.610s
user	0m0.043s
sys	0m0.516s
rm -f module_kpp_racmsorg_aqchem_JacobianSP.o
sed -e "s/grid%mu/gridmu/g" -e "s/grid%Mu/gridMu/g" -e "s/^\!.*'.*//" -e "s/^ *\!.*'.*//" module_kpp_racmsorg_aqchem_JacobianSP.F > module_kpp_racmsorg_aqchem_JacobianSP.G
/lib/cpp -P -nostdinc -I/glade/work/rkumar/NASA_HMA/WRFchem_HMA/inc -DEM_CORE=1 -DNMM_CORE=0 -DNMM_MAX_DIM=2600 -DCOAMPS_CORE=0 -DDA_CORE=0 -DEXP_CORE=0 -DIWORDSIZE=4 -DDWORDSIZE=8 -DRWORDSIZE=4 -DLWORDSIZE=4 -DNONSTANDARD_SYSTEM_FUNC  -DWRF_USE_CLM  -DSNICAR_FRC    -DDM_PARALLEL -DNETCDF -DUSE_ALLOCATABLES -DGRIB1 -DINTIO -DKEEP_INT_AROUND -DLIMIT_ARGS -DCONFIG_BUF_LEN=65536 -DMAX_DOMAINS_F=21 -DMAX_HISTORY=25 -DNMM_NEST=0 -DWRF_CHEM -DBUILD_CHEM=1 -DWRF_KPP -I. -traditional-cpp   module_kpp_racmsorg_aqchem_JacobianSP.G  > module_kpp_racmsorg_aqchem_JacobianSP.H
sed -e "s/gridmu/grid%mu/g" -e "s/gridMu/grid%Mu/g" module_kpp_racmsorg_aqchem_JacobianSP.H > module_kpp_racmsorg_aqchem_JacobianSP.bb
/glade/work/rkumar/NASA_HMA/WRFchem_HMA/tools/standard.exe module_kpp_racmsorg_aqchem_JacobianSP.bb | /lib/cpp -P -nostdinc -traditional-cpp > module_kpp_racmsorg_aqchem_JacobianSP.f90
rm -f module_kpp_racmsorg_aqchem_JacobianSP.G module_kpp_racmsorg_aqchem_JacobianSP.H module_kpp_racmsorg_aqchem_JacobianSP.bb
time mpif90 -f90=ifort -o module_kpp_racmsorg_aqchem_JacobianSP.o -c -O3 -ip -fp-model precise -w -ftz -align all -fno-alias -FR -convert big_endian    -I../dyn_em -I../dyn_nmm   -I/glade/work/rkumar/NASA_HMA/WRFchem_HMA/external/esmf_time_f90  -I/glade/work/rkumar/NASA_HMA/WRFchem_HMA/main -I/glade/work/rkumar/NASA_HMA/WRFchem_HMA/external/io_netcdf -I/glade/work/rkumar/NASA_HMA/WRFchem_HMA/external/io_int -I/glade/work/rkumar/NASA_HMA/WRFchem_HMA/frame -I/glade/work/rkumar/NASA_HMA/WRFchem_HMA/share -I/glade/work/rkumar/NASA_HMA/WRFchem_HMA/phys -I/glade/work/rkumar/NASA_HMA/WRFchem_HMA/chem -I/glade/work/rkumar/NASA_HMA/WRFchem_HMA/inc -I/glade/u/apps/ch/opt/netcdf/4.8.1/intel/19.1.1//include  -real-size `expr 8 \* 4` -i4  module_kpp_racmsorg_aqchem_JacobianSP.f90

real	0m0.612s
user	0m0.078s
sys	0m0.485s
rm -f module_kpp_racmsorg_aqchem_Jacobian.o
sed -e "s/grid%mu/gridmu/g" -e "s/grid%Mu/gridMu/g" -e "s/^\!.*'.*//" -e "s/^ *\!.*'.*//" module_kpp_racmsorg_aqchem_Jacobian.F > module_kpp_racmsorg_aqchem_Jacobian.G
/lib/cpp -P -nostdinc -I/glade/work/rkumar/NASA_HMA/WRFchem_HMA/inc -DEM_CORE=1 -DNMM_CORE=0 -DNMM_MAX_DIM=2600 -DCOAMPS_CORE=0 -DDA_CORE=0 -DEXP_CORE=0 -DIWORDSIZE=4 -DDWORDSIZE=8 -DRWORDSIZE=4 -DLWORDSIZE=4 -DNONSTANDARD_SYSTEM_FUNC  -DWRF_USE_CLM  -DSNICAR_FRC    -DDM_PARALLEL -DNETCDF -DUSE_ALLOCATABLES -DGRIB1 -DINTIO -DKEEP_INT_AROUND -DLIMIT_ARGS -DCONFIG_BUF_LEN=65536 -DMAX_DOMAINS_F=21 -DMAX_HISTORY=25 -DNMM_NEST=0 -DWRF_CHEM -DBUILD_CHEM=1 -DWRF_KPP -I. -traditional-cpp   module_kpp_racmsorg_aqchem_Jacobian.G  > module_kpp_racmsorg_aqchem_Jacobian.H
sed -e "s/gridmu/grid%mu/g" -e "s/gridMu/grid%Mu/g" module_kpp_racmsorg_aqchem_Jacobian.H > module_kpp_racmsorg_aqchem_Jacobian.bb
/glade/work/rkumar/NASA_HMA/WRFchem_HMA/tools/standard.exe module_kpp_racmsorg_aqchem_Jacobian.bb | /lib/cpp -P -nostdinc -traditional-cpp > module_kpp_racmsorg_aqchem_Jacobian.f90
rm -f module_kpp_racmsorg_aqchem_Jacobian.G module_kpp_racmsorg_aqchem_Jacobian.H module_kpp_racmsorg_aqchem_Jacobian.bb
time mpif90 -f90=ifort -o module_kpp_racmsorg_aqchem_Jacobian.o -c -O3 -ip -fp-model precise -w -ftz -align all -fno-alias -FR -convert big_endian    -I../dyn_em -I../dyn_nmm   -I/glade/work/rkumar/NASA_HMA/WRFchem_HMA/external/esmf_time_f90  -I/glade/work/rkumar/NASA_HMA/WRFchem_HMA/main -I/glade/work/rkumar/NASA_HMA/WRFchem_HMA/external/io_netcdf -I/glade/work/rkumar/NASA_HMA/WRFchem_HMA/external/io_int -I/glade/work/rkumar/NASA_HMA/WRFchem_HMA/frame -I/glade/work/rkumar/NASA_HMA/WRFchem_HMA/share -I/glade/work/rkumar/NASA_HMA/WRFchem_HMA/phys -I/glade/work/rkumar/NASA_HMA/WRFchem_HMA/chem -I/glade/work/rkumar/NASA_HMA/WRFchem_HMA/inc -I/glade/u/apps/ch/opt/netcdf/4.8.1/intel/19.1.1//include  -real-size `expr 8 \* 4` -i4  module_kpp_racmsorg_aqchem_Jacobian.f90

real	0m1.374s
user	0m0.818s
sys	0m0.495s
rm -f module_kpp_racmsorg_aqchem_Update_Rconst.o
sed -e "s/grid%mu/gridmu/g" -e "s/grid%Mu/gridMu/g" -e "s/^\!.*'.*//" -e "s/^ *\!.*'.*//" module_kpp_racmsorg_aqchem_Update_Rconst.F > module_kpp_racmsorg_aqchem_Update_Rconst.G
/lib/cpp -P -nostdinc -I/glade/work/rkumar/NASA_HMA/WRFchem_HMA/inc -DEM_CORE=1 -DNMM_CORE=0 -DNMM_MAX_DIM=2600 -DCOAMPS_CORE=0 -DDA_CORE=0 -DEXP_CORE=0 -DIWORDSIZE=4 -DDWORDSIZE=8 -DRWORDSIZE=4 -DLWORDSIZE=4 -DNONSTANDARD_SYSTEM_FUNC  -DWRF_USE_CLM  -DSNICAR_FRC    -DDM_PARALLEL -DNETCDF -DUSE_ALLOCATABLES -DGRIB1 -DINTIO -DKEEP_INT_AROUND -DLIMIT_ARGS -DCONFIG_BUF_LEN=65536 -DMAX_DOMAINS_F=21 -DMAX_HISTORY=25 -DNMM_NEST=0 -DWRF_CHEM -DBUILD_CHEM=1 -DWRF_KPP -I. -traditional-cpp   module_kpp_racmsorg_aqchem_Update_Rconst.G  > module_kpp_racmsorg_aqchem_Update_Rconst.H
sed -e "s/gridmu/grid%mu/g" -e "s/gridMu/grid%Mu/g" module_kpp_racmsorg_aqchem_Update_Rconst.H > module_kpp_racmsorg_aqchem_Update_Rconst.bb
/glade/work/rkumar/NASA_HMA/WRFchem_HMA/tools/standard.exe module_kpp_racmsorg_aqchem_Update_Rconst.bb | /lib/cpp -P -nostdinc -traditional-cpp > module_kpp_racmsorg_aqchem_Update_Rconst.f90
rm -f module_kpp_racmsorg_aqchem_Update_Rconst.G module_kpp_racmsorg_aqchem_Update_Rconst.H module_kpp_racmsorg_aqchem_Update_Rconst.bb
time mpif90 -f90=ifort -o module_kpp_racmsorg_aqchem_Update_Rconst.o -c -O3 -ip -fp-model precise -w -ftz -align all -fno-alias -FR -convert big_endian    -I../dyn_em -I../dyn_nmm   -I/glade/work/rkumar/NASA_HMA/WRFchem_HMA/external/esmf_time_f90  -I/glade/work/rkumar/NASA_HMA/WRFchem_HMA/main -I/glade/work/rkumar/NASA_HMA/WRFchem_HMA/external/io_netcdf -I/glade/work/rkumar/NASA_HMA/WRFchem_HMA/external/io_int -I/glade/work/rkumar/NASA_HMA/WRFchem_HMA/frame -I/glade/work/rkumar/NASA_HMA/WRFchem_HMA/share -I/glade/work/rkumar/NASA_HMA/WRFchem_HMA/phys -I/glade/work/rkumar/NASA_HMA/WRFchem_HMA/chem -I/glade/work/rkumar/NASA_HMA/WRFchem_HMA/inc -I/glade/u/apps/ch/opt/netcdf/4.8.1/intel/19.1.1//include  -real-size `expr 8 \* 4` -i4  module_kpp_racmsorg_aqchem_Update_Rconst.f90

real	0m0.761s
user	0m0.225s
sys	0m0.473s
rm -f module_kpp_racmsorg_aqchem_Integr.o
sed -e "s/grid%mu/gridmu/g" -e "s/grid%Mu/gridMu/g" -e "s/^\!.*'.*//" -e "s/^ *\!.*'.*//" module_kpp_racmsorg_aqchem_Integr.F > module_kpp_racmsorg_aqchem_Integr.G
/lib/cpp -P -nostdinc -I/glade/work/rkumar/NASA_HMA/WRFchem_HMA/inc -DEM_CORE=1 -DNMM_CORE=0 -DNMM_MAX_DIM=2600 -DCOAMPS_CORE=0 -DDA_CORE=0 -DEXP_CORE=0 -DIWORDSIZE=4 -DDWORDSIZE=8 -DRWORDSIZE=4 -DLWORDSIZE=4 -DNONSTANDARD_SYSTEM_FUNC  -DWRF_USE_CLM  -DSNICAR_FRC    -DDM_PARALLEL -DNETCDF -DUSE_ALLOCATABLES -DGRIB1 -DINTIO -DKEEP_INT_AROUND -DLIMIT_ARGS -DCONFIG_BUF_LEN=65536 -DMAX_DOMAINS_F=21 -DMAX_HISTORY=25 -DNMM_NEST=0 -DWRF_CHEM -DBUILD_CHEM=1 -DWRF_KPP -I. -traditional-cpp   module_kpp_racmsorg_aqchem_Integr.G  > module_kpp_racmsorg_aqchem_Integr.H
sed -e "s/gridmu/grid%mu/g" -e "s/gridMu/grid%Mu/g" module_kpp_racmsorg_aqchem_Integr.H > module_kpp_racmsorg_aqchem_Integr.bb
/glade/work/rkumar/NASA_HMA/WRFchem_HMA/tools/standard.exe module_kpp_racmsorg_aqchem_Integr.bb | /lib/cpp -P -nostdinc -traditional-cpp > module_kpp_racmsorg_aqchem_Integr.f90
rm -f module_kpp_racmsorg_aqchem_Integr.G module_kpp_racmsorg_aqchem_Integr.H module_kpp_racmsorg_aqchem_Integr.bb
time mpif90 -f90=ifort -o module_kpp_racmsorg_aqchem_Integr.o -c -O3 -ip -fp-model precise -w -ftz -align all -fno-alias -FR -convert big_endian    -I../dyn_em -I../dyn_nmm   -I/glade/work/rkumar/NASA_HMA/WRFchem_HMA/external/esmf_time_f90  -I/glade/work/rkumar/NASA_HMA/WRFchem_HMA/main -I/glade/work/rkumar/NASA_HMA/WRFchem_HMA/external/io_netcdf -I/glade/work/rkumar/NASA_HMA/WRFchem_HMA/external/io_int -I/glade/work/rkumar/NASA_HMA/WRFchem_HMA/frame -I/glade/work/rkumar/NASA_HMA/WRFchem_HMA/share -I/glade/work/rkumar/NASA_HMA/WRFchem_HMA/phys -I/glade/work/rkumar/NASA_HMA/WRFchem_HMA/chem -I/glade/work/rkumar/NASA_HMA/WRFchem_HMA/inc -I/glade/u/apps/ch/opt/netcdf/4.8.1/intel/19.1.1//include  -real-size `expr 8 \* 4` -i4  module_kpp_racmsorg_aqchem_Integr.f90

real	0m18.766s
user	0m17.963s
sys	0m0.764s
rm -f module_kpp_racmsorg_aqchem_interface.o
sed -e "s/grid%mu/gridmu/g" -e "s/grid%Mu/gridMu/g" -e "s/^\!.*'.*//" -e "s/^ *\!.*'.*//" module_kpp_racmsorg_aqchem_interface.F > module_kpp_racmsorg_aqchem_interface.G
/lib/cpp -P -nostdinc -I/glade/work/rkumar/NASA_HMA/WRFchem_HMA/inc -DEM_CORE=1 -DNMM_CORE=0 -DNMM_MAX_DIM=2600 -DCOAMPS_CORE=0 -DDA_CORE=0 -DEXP_CORE=0 -DIWORDSIZE=4 -DDWORDSIZE=8 -DRWORDSIZE=4 -DLWORDSIZE=4 -DNONSTANDARD_SYSTEM_FUNC  -DWRF_USE_CLM  -DSNICAR_FRC    -DDM_PARALLEL -DNETCDF -DUSE_ALLOCATABLES -DGRIB1 -DINTIO -DKEEP_INT_AROUND -DLIMIT_ARGS -DCONFIG_BUF_LEN=65536 -DMAX_DOMAINS_F=21 -DMAX_HISTORY=25 -DNMM_NEST=0 -DWRF_CHEM -DBUILD_CHEM=1 -DWRF_KPP -I. -traditional-cpp   module_kpp_racmsorg_aqchem_interface.G  > module_kpp_racmsorg_aqchem_interface.H
sed -e "s/gridmu/grid%mu/g" -e "s/gridMu/grid%Mu/g" module_kpp_racmsorg_aqchem_interface.H > module_kpp_racmsorg_aqchem_interface.bb
/glade/work/rkumar/NASA_HMA/WRFchem_HMA/tools/standard.exe module_kpp_racmsorg_aqchem_interface.bb | /lib/cpp -P -nostdinc -traditional-cpp > module_kpp_racmsorg_aqchem_interface.f90
rm -f module_kpp_racmsorg_aqchem_interface.G module_kpp_racmsorg_aqchem_interface.H module_kpp_racmsorg_aqchem_interface.bb
time mpif90 -f90=ifort -o module_kpp_racmsorg_aqchem_interface.o -c -O3 -ip -fp-model precise -w -ftz -align all -fno-alias -FR -convert big_endian    -I../dyn_em -I../dyn_nmm   -I/glade/work/rkumar/NASA_HMA/WRFchem_HMA/external/esmf_time_f90  -I/glade/work/rkumar/NASA_HMA/WRFchem_HMA/main -I/glade/work/rkumar/NASA_HMA/WRFchem_HMA/external/io_netcdf -I/glade/work/rkumar/NASA_HMA/WRFchem_HMA/external/io_int -I/glade/work/rkumar/NASA_HMA/WRFchem_HMA/frame -I/glade/work/rkumar/NASA_HMA/WRFchem_HMA/share -I/glade/work/rkumar/NASA_HMA/WRFchem_HMA/phys -I/glade/work/rkumar/NASA_HMA/WRFchem_HMA/chem -I/glade/work/rkumar/NASA_HMA/WRFchem_HMA/inc -I/glade/u/apps/ch/opt/netcdf/4.8.1/intel/19.1.1//include  -real-size `expr 8 \* 4` -i4  module_kpp_racmsorg_aqchem_interface.f90

real	0m1.356s
user	0m0.801s
sys	0m0.502s
rm -f module_kpp_radm2_Precision.o
sed -e "s/grid%mu/gridmu/g" -e "s/grid%Mu/gridMu/g" -e "s/^\!.*'.*//" -e "s/^ *\!.*'.*//" module_kpp_radm2_Precision.F > module_kpp_radm2_Precision.G
/lib/cpp -P -nostdinc -I/glade/work/rkumar/NASA_HMA/WRFchem_HMA/inc -DEM_CORE=1 -DNMM_CORE=0 -DNMM_MAX_DIM=2600 -DCOAMPS_CORE=0 -DDA_CORE=0 -DEXP_CORE=0 -DIWORDSIZE=4 -DDWORDSIZE=8 -DRWORDSIZE=4 -DLWORDSIZE=4 -DNONSTANDARD_SYSTEM_FUNC  -DWRF_USE_CLM  -DSNICAR_FRC    -DDM_PARALLEL -DNETCDF -DUSE_ALLOCATABLES -DGRIB1 -DINTIO -DKEEP_INT_AROUND -DLIMIT_ARGS -DCONFIG_BUF_LEN=65536 -DMAX_DOMAINS_F=21 -DMAX_HISTORY=25 -DNMM_NEST=0 -DWRF_CHEM -DBUILD_CHEM=1 -DWRF_KPP -I. -traditional-cpp   module_kpp_radm2_Precision.G  > module_kpp_radm2_Precision.H
sed -e "s/gridmu/grid%mu/g" -e "s/gridMu/grid%Mu/g" module_kpp_radm2_Precision.H > module_kpp_radm2_Precision.bb
/glade/work/rkumar/NASA_HMA/WRFchem_HMA/tools/standard.exe module_kpp_radm2_Precision.bb | /lib/cpp -P -nostdinc -traditional-cpp > module_kpp_radm2_Precision.f90
rm -f module_kpp_radm2_Precision.G module_kpp_radm2_Precision.H module_kpp_radm2_Precision.bb
time mpif90 -f90=ifort -o module_kpp_radm2_Precision.o -c -O3 -ip -fp-model precise -w -ftz -align all -fno-alias -FR -convert big_endian    -I../dyn_em -I../dyn_nmm   -I/glade/work/rkumar/NASA_HMA/WRFchem_HMA/external/esmf_time_f90  -I/glade/work/rkumar/NASA_HMA/WRFchem_HMA/main -I/glade/work/rkumar/NASA_HMA/WRFchem_HMA/external/io_netcdf -I/glade/work/rkumar/NASA_HMA/WRFchem_HMA/external/io_int -I/glade/work/rkumar/NASA_HMA/WRFchem_HMA/frame -I/glade/work/rkumar/NASA_HMA/WRFchem_HMA/share -I/glade/work/rkumar/NASA_HMA/WRFchem_HMA/phys -I/glade/work/rkumar/NASA_HMA/WRFchem_HMA/chem -I/glade/work/rkumar/NASA_HMA/WRFchem_HMA/inc -I/glade/u/apps/ch/opt/netcdf/4.8.1/intel/19.1.1//include  -real-size `expr 8 \* 4` -i4  module_kpp_radm2_Precision.f90

real	0m0.602s
user	0m0.074s
sys	0m0.469s
rm -f module_kpp_radm2_Parameters.o
sed -e "s/grid%mu/gridmu/g" -e "s/grid%Mu/gridMu/g" -e "s/^\!.*'.*//" -e "s/^ *\!.*'.*//" module_kpp_radm2_Parameters.F > module_kpp_radm2_Parameters.G
/lib/cpp -P -nostdinc -I/glade/work/rkumar/NASA_HMA/WRFchem_HMA/inc -DEM_CORE=1 -DNMM_CORE=0 -DNMM_MAX_DIM=2600 -DCOAMPS_CORE=0 -DDA_CORE=0 -DEXP_CORE=0 -DIWORDSIZE=4 -DDWORDSIZE=8 -DRWORDSIZE=4 -DLWORDSIZE=4 -DNONSTANDARD_SYSTEM_FUNC  -DWRF_USE_CLM  -DSNICAR_FRC    -DDM_PARALLEL -DNETCDF -DUSE_ALLOCATABLES -DGRIB1 -DINTIO -DKEEP_INT_AROUND -DLIMIT_ARGS -DCONFIG_BUF_LEN=65536 -DMAX_DOMAINS_F=21 -DMAX_HISTORY=25 -DNMM_NEST=0 -DWRF_CHEM -DBUILD_CHEM=1 -DWRF_KPP -I. -traditional-cpp   module_kpp_radm2_Parameters.G  > module_kpp_radm2_Parameters.H
sed -e "s/gridmu/grid%mu/g" -e "s/gridMu/grid%Mu/g" module_kpp_radm2_Parameters.H > module_kpp_radm2_Parameters.bb
/glade/work/rkumar/NASA_HMA/WRFchem_HMA/tools/standard.exe module_kpp_radm2_Parameters.bb | /lib/cpp -P -nostdinc -traditional-cpp > module_kpp_radm2_Parameters.f90
rm -f module_kpp_radm2_Parameters.G module_kpp_radm2_Parameters.H module_kpp_radm2_Parameters.bb
time mpif90 -f90=ifort -o module_kpp_radm2_Parameters.o -c -O3 -ip -fp-model precise -w -ftz -align all -fno-alias -FR -convert big_endian    -I../dyn_em -I../dyn_nmm   -I/glade/work/rkumar/NASA_HMA/WRFchem_HMA/external/esmf_time_f90  -I/glade/work/rkumar/NASA_HMA/WRFchem_HMA/main -I/glade/work/rkumar/NASA_HMA/WRFchem_HMA/external/io_netcdf -I/glade/work/rkumar/NASA_HMA/WRFchem_HMA/external/io_int -I/glade/work/rkumar/NASA_HMA/WRFchem_HMA/frame -I/glade/work/rkumar/NASA_HMA/WRFchem_HMA/share -I/glade/work/rkumar/NASA_HMA/WRFchem_HMA/phys -I/glade/work/rkumar/NASA_HMA/WRFchem_HMA/chem -I/glade/work/rkumar/NASA_HMA/WRFchem_HMA/inc -I/glade/u/apps/ch/opt/netcdf/4.8.1/intel/19.1.1//include  -real-size `expr 8 \* 4` -i4  module_kpp_radm2_Parameters.f90

real	0m0.585s
user	0m0.056s
sys	0m0.479s
rm -f module_kpp_radm2_JacobianSP.o
sed -e "s/grid%mu/gridmu/g" -e "s/grid%Mu/gridMu/g" -e "s/^\!.*'.*//" -e "s/^ *\!.*'.*//" module_kpp_radm2_JacobianSP.F > module_kpp_radm2_JacobianSP.G
/lib/cpp -P -nostdinc -I/glade/work/rkumar/NASA_HMA/WRFchem_HMA/inc -DEM_CORE=1 -DNMM_CORE=0 -DNMM_MAX_DIM=2600 -DCOAMPS_CORE=0 -DDA_CORE=0 -DEXP_CORE=0 -DIWORDSIZE=4 -DDWORDSIZE=8 -DRWORDSIZE=4 -DLWORDSIZE=4 -DNONSTANDARD_SYSTEM_FUNC  -DWRF_USE_CLM  -DSNICAR_FRC    -DDM_PARALLEL -DNETCDF -DUSE_ALLOCATABLES -DGRIB1 -DINTIO -DKEEP_INT_AROUND -DLIMIT_ARGS -DCONFIG_BUF_LEN=65536 -DMAX_DOMAINS_F=21 -DMAX_HISTORY=25 -DNMM_NEST=0 -DWRF_CHEM -DBUILD_CHEM=1 -DWRF_KPP -I. -traditional-cpp   module_kpp_radm2_JacobianSP.G  > module_kpp_radm2_JacobianSP.H
sed -e "s/gridmu/grid%mu/g" -e "s/gridMu/grid%Mu/g" module_kpp_radm2_JacobianSP.H > module_kpp_radm2_JacobianSP.bb
/glade/work/rkumar/NASA_HMA/WRFchem_HMA/tools/standard.exe module_kpp_radm2_JacobianSP.bb | /lib/cpp -P -nostdinc -traditional-cpp > module_kpp_radm2_JacobianSP.f90
rm -f module_kpp_radm2_JacobianSP.G module_kpp_radm2_JacobianSP.H module_kpp_radm2_JacobianSP.bb
time mpif90 -f90=ifort -o module_kpp_radm2_JacobianSP.o -c -O3 -ip -fp-model precise -w -ftz -align all -fno-alias -FR -convert big_endian    -I../dyn_em -I../dyn_nmm   -I/glade/work/rkumar/NASA_HMA/WRFchem_HMA/external/esmf_time_f90  -I/glade/work/rkumar/NASA_HMA/WRFchem_HMA/main -I/glade/work/rkumar/NASA_HMA/WRFchem_HMA/external/io_netcdf -I/glade/work/rkumar/NASA_HMA/WRFchem_HMA/external/io_int -I/glade/work/rkumar/NASA_HMA/WRFchem_HMA/frame -I/glade/work/rkumar/NASA_HMA/WRFchem_HMA/share -I/glade/work/rkumar/NASA_HMA/WRFchem_HMA/phys -I/glade/work/rkumar/NASA_HMA/WRFchem_HMA/chem -I/glade/work/rkumar/NASA_HMA/WRFchem_HMA/inc -I/glade/u/apps/ch/opt/netcdf/4.8.1/intel/19.1.1//include  -real-size `expr 8 \* 4` -i4  module_kpp_radm2_JacobianSP.f90

real	0m0.632s
user	0m0.052s
sys	0m0.529s
rm -f module_kpp_radm2_Jacobian.o
sed -e "s/grid%mu/gridmu/g" -e "s/grid%Mu/gridMu/g" -e "s/^\!.*'.*//" -e "s/^ *\!.*'.*//" module_kpp_radm2_Jacobian.F > module_kpp_radm2_Jacobian.G
/lib/cpp -P -nostdinc -I/glade/work/rkumar/NASA_HMA/WRFchem_HMA/inc -DEM_CORE=1 -DNMM_CORE=0 -DNMM_MAX_DIM=2600 -DCOAMPS_CORE=0 -DDA_CORE=0 -DEXP_CORE=0 -DIWORDSIZE=4 -DDWORDSIZE=8 -DRWORDSIZE=4 -DLWORDSIZE=4 -DNONSTANDARD_SYSTEM_FUNC  -DWRF_USE_CLM  -DSNICAR_FRC    -DDM_PARALLEL -DNETCDF -DUSE_ALLOCATABLES -DGRIB1 -DINTIO -DKEEP_INT_AROUND -DLIMIT_ARGS -DCONFIG_BUF_LEN=65536 -DMAX_DOMAINS_F=21 -DMAX_HISTORY=25 -DNMM_NEST=0 -DWRF_CHEM -DBUILD_CHEM=1 -DWRF_KPP -I. -traditional-cpp   module_kpp_radm2_Jacobian.G  > module_kpp_radm2_Jacobian.H
sed -e "s/gridmu/grid%mu/g" -e "s/gridMu/grid%Mu/g" module_kpp_radm2_Jacobian.H > module_kpp_radm2_Jacobian.bb
/glade/work/rkumar/NASA_HMA/WRFchem_HMA/tools/standard.exe module_kpp_radm2_Jacobian.bb | /lib/cpp -P -nostdinc -traditional-cpp > module_kpp_radm2_Jacobian.f90
rm -f module_kpp_radm2_Jacobian.G module_kpp_radm2_Jacobian.H module_kpp_radm2_Jacobian.bb
time mpif90 -f90=ifort -o module_kpp_radm2_Jacobian.o -c -O3 -ip -fp-model precise -w -ftz -align all -fno-alias -FR -convert big_endian    -I../dyn_em -I../dyn_nmm   -I/glade/work/rkumar/NASA_HMA/WRFchem_HMA/external/esmf_time_f90  -I/glade/work/rkumar/NASA_HMA/WRFchem_HMA/main -I/glade/work/rkumar/NASA_HMA/WRFchem_HMA/external/io_netcdf -I/glade/work/rkumar/NASA_HMA/WRFchem_HMA/external/io_int -I/glade/work/rkumar/NASA_HMA/WRFchem_HMA/frame -I/glade/work/rkumar/NASA_HMA/WRFchem_HMA/share -I/glade/work/rkumar/NASA_HMA/WRFchem_HMA/phys -I/glade/work/rkumar/NASA_HMA/WRFchem_HMA/chem -I/glade/work/rkumar/NASA_HMA/WRFchem_HMA/inc -I/glade/u/apps/ch/opt/netcdf/4.8.1/intel/19.1.1//include  -real-size `expr 8 \* 4` -i4  module_kpp_radm2_Jacobian.f90

real	0m1.023s
user	0m0.474s
sys	0m0.495s
rm -f module_kpp_radm2_Update_Rconst.o
sed -e "s/grid%mu/gridmu/g" -e "s/grid%Mu/gridMu/g" -e "s/^\!.*'.*//" -e "s/^ *\!.*'.*//" module_kpp_radm2_Update_Rconst.F > module_kpp_radm2_Update_Rconst.G
/lib/cpp -P -nostdinc -I/glade/work/rkumar/NASA_HMA/WRFchem_HMA/inc -DEM_CORE=1 -DNMM_CORE=0 -DNMM_MAX_DIM=2600 -DCOAMPS_CORE=0 -DDA_CORE=0 -DEXP_CORE=0 -DIWORDSIZE=4 -DDWORDSIZE=8 -DRWORDSIZE=4 -DLWORDSIZE=4 -DNONSTANDARD_SYSTEM_FUNC  -DWRF_USE_CLM  -DSNICAR_FRC    -DDM_PARALLEL -DNETCDF -DUSE_ALLOCATABLES -DGRIB1 -DINTIO -DKEEP_INT_AROUND -DLIMIT_ARGS -DCONFIG_BUF_LEN=65536 -DMAX_DOMAINS_F=21 -DMAX_HISTORY=25 -DNMM_NEST=0 -DWRF_CHEM -DBUILD_CHEM=1 -DWRF_KPP -I. -traditional-cpp   module_kpp_radm2_Update_Rconst.G  > module_kpp_radm2_Update_Rconst.H
sed -e "s/gridmu/grid%mu/g" -e "s/gridMu/grid%Mu/g" module_kpp_radm2_Update_Rconst.H > module_kpp_radm2_Update_Rconst.bb
/glade/work/rkumar/NASA_HMA/WRFchem_HMA/tools/standard.exe module_kpp_radm2_Update_Rconst.bb | /lib/cpp -P -nostdinc -traditional-cpp > module_kpp_radm2_Update_Rconst.f90
rm -f module_kpp_radm2_Update_Rconst.G module_kpp_radm2_Update_Rconst.H module_kpp_radm2_Update_Rconst.bb
time mpif90 -f90=ifort -o module_kpp_radm2_Update_Rconst.o -c -O3 -ip -fp-model precise -w -ftz -align all -fno-alias -FR -convert big_endian    -I../dyn_em -I../dyn_nmm   -I/glade/work/rkumar/NASA_HMA/WRFchem_HMA/external/esmf_time_f90  -I/glade/work/rkumar/NASA_HMA/WRFchem_HMA/main -I/glade/work/rkumar/NASA_HMA/WRFchem_HMA/external/io_netcdf -I/glade/work/rkumar/NASA_HMA/WRFchem_HMA/external/io_int -I/glade/work/rkumar/NASA_HMA/WRFchem_HMA/frame -I/glade/work/rkumar/NASA_HMA/WRFchem_HMA/share -I/glade/work/rkumar/NASA_HMA/WRFchem_HMA/phys -I/glade/work/rkumar/NASA_HMA/WRFchem_HMA/chem -I/glade/work/rkumar/NASA_HMA/WRFchem_HMA/inc -I/glade/u/apps/ch/opt/netcdf/4.8.1/intel/19.1.1//include  -real-size `expr 8 \* 4` -i4  module_kpp_radm2_Update_Rconst.f90

real	0m0.727s
user	0m0.178s
sys	0m0.502s
rm -f module_kpp_radm2_Integr.o
sed -e "s/grid%mu/gridmu/g" -e "s/grid%Mu/gridMu/g" -e "s/^\!.*'.*//" -e "s/^ *\!.*'.*//" module_kpp_radm2_Integr.F > module_kpp_radm2_Integr.G
/lib/cpp -P -nostdinc -I/glade/work/rkumar/NASA_HMA/WRFchem_HMA/inc -DEM_CORE=1 -DNMM_CORE=0 -DNMM_MAX_DIM=2600 -DCOAMPS_CORE=0 -DDA_CORE=0 -DEXP_CORE=0 -DIWORDSIZE=4 -DDWORDSIZE=8 -DRWORDSIZE=4 -DLWORDSIZE=4 -DNONSTANDARD_SYSTEM_FUNC  -DWRF_USE_CLM  -DSNICAR_FRC    -DDM_PARALLEL -DNETCDF -DUSE_ALLOCATABLES -DGRIB1 -DINTIO -DKEEP_INT_AROUND -DLIMIT_ARGS -DCONFIG_BUF_LEN=65536 -DMAX_DOMAINS_F=21 -DMAX_HISTORY=25 -DNMM_NEST=0 -DWRF_CHEM -DBUILD_CHEM=1 -DWRF_KPP -I. -traditional-cpp   module_kpp_radm2_Integr.G  > module_kpp_radm2_Integr.H
sed -e "s/gridmu/grid%mu/g" -e "s/gridMu/grid%Mu/g" module_kpp_radm2_Integr.H > module_kpp_radm2_Integr.bb
/glade/work/rkumar/NASA_HMA/WRFchem_HMA/tools/standard.exe module_kpp_radm2_Integr.bb | /lib/cpp -P -nostdinc -traditional-cpp > module_kpp_radm2_Integr.f90
rm -f module_kpp_radm2_Integr.G module_kpp_radm2_Integr.H module_kpp_radm2_Integr.bb
time mpif90 -f90=ifort -o module_kpp_radm2_Integr.o -c -O3 -ip -fp-model precise -w -ftz -align all -fno-alias -FR -convert big_endian    -I../dyn_em -I../dyn_nmm   -I/glade/work/rkumar/NASA_HMA/WRFchem_HMA/external/esmf_time_f90  -I/glade/work/rkumar/NASA_HMA/WRFchem_HMA/main -I/glade/work/rkumar/NASA_HMA/WRFchem_HMA/external/io_netcdf -I/glade/work/rkumar/NASA_HMA/WRFchem_HMA/external/io_int -I/glade/work/rkumar/NASA_HMA/WRFchem_HMA/frame -I/glade/work/rkumar/NASA_HMA/WRFchem_HMA/share -I/glade/work/rkumar/NASA_HMA/WRFchem_HMA/phys -I/glade/work/rkumar/NASA_HMA/WRFchem_HMA/chem -I/glade/work/rkumar/NASA_HMA/WRFchem_HMA/inc -I/glade/u/apps/ch/opt/netcdf/4.8.1/intel/19.1.1//include  -real-size `expr 8 \* 4` -i4  module_kpp_radm2_Integr.f90

real	0m8.168s
user	0m7.417s
sys	0m0.685s
rm -f module_kpp_radm2_interface.o
sed -e "s/grid%mu/gridmu/g" -e "s/grid%Mu/gridMu/g" -e "s/^\!.*'.*//" -e "s/^ *\!.*'.*//" module_kpp_radm2_interface.F > module_kpp_radm2_interface.G
/lib/cpp -P -nostdinc -I/glade/work/rkumar/NASA_HMA/WRFchem_HMA/inc -DEM_CORE=1 -DNMM_CORE=0 -DNMM_MAX_DIM=2600 -DCOAMPS_CORE=0 -DDA_CORE=0 -DEXP_CORE=0 -DIWORDSIZE=4 -DDWORDSIZE=8 -DRWORDSIZE=4 -DLWORDSIZE=4 -DNONSTANDARD_SYSTEM_FUNC  -DWRF_USE_CLM  -DSNICAR_FRC    -DDM_PARALLEL -DNETCDF -DUSE_ALLOCATABLES -DGRIB1 -DINTIO -DKEEP_INT_AROUND -DLIMIT_ARGS -DCONFIG_BUF_LEN=65536 -DMAX_DOMAINS_F=21 -DMAX_HISTORY=25 -DNMM_NEST=0 -DWRF_CHEM -DBUILD_CHEM=1 -DWRF_KPP -I. -traditional-cpp   module_kpp_radm2_interface.G  > module_kpp_radm2_interface.H
sed -e "s/gridmu/grid%mu/g" -e "s/gridMu/grid%Mu/g" module_kpp_radm2_interface.H > module_kpp_radm2_interface.bb
/glade/work/rkumar/NASA_HMA/WRFchem_HMA/tools/standard.exe module_kpp_radm2_interface.bb | /lib/cpp -P -nostdinc -traditional-cpp > module_kpp_radm2_interface.f90
rm -f module_kpp_radm2_interface.G module_kpp_radm2_interface.H module_kpp_radm2_interface.bb
time mpif90 -f90=ifort -o module_kpp_radm2_interface.o -c -O3 -ip -fp-model precise -w -ftz -align all -fno-alias -FR -convert big_endian    -I../dyn_em -I../dyn_nmm   -I/glade/work/rkumar/NASA_HMA/WRFchem_HMA/external/esmf_time_f90  -I/glade/work/rkumar/NASA_HMA/WRFchem_HMA/main -I/glade/work/rkumar/NASA_HMA/WRFchem_HMA/external/io_netcdf -I/glade/work/rkumar/NASA_HMA/WRFchem_HMA/external/io_int -I/glade/work/rkumar/NASA_HMA/WRFchem_HMA/frame -I/glade/work/rkumar/NASA_HMA/WRFchem_HMA/share -I/glade/work/rkumar/NASA_HMA/WRFchem_HMA/phys -I/glade/work/rkumar/NASA_HMA/WRFchem_HMA/chem -I/glade/work/rkumar/NASA_HMA/WRFchem_HMA/inc -I/glade/u/apps/ch/opt/netcdf/4.8.1/intel/19.1.1//include  -real-size `expr 8 \* 4` -i4  module_kpp_radm2_interface.f90

real	0m1.217s
user	0m0.656s
sys	0m0.496s
rm -f module_kpp_racm_soa_vbs_Precision.o
sed -e "s/grid%mu/gridmu/g" -e "s/grid%Mu/gridMu/g" -e "s/^\!.*'.*//" -e "s/^ *\!.*'.*//" module_kpp_racm_soa_vbs_Precision.F > module_kpp_racm_soa_vbs_Precision.G
/lib/cpp -P -nostdinc -I/glade/work/rkumar/NASA_HMA/WRFchem_HMA/inc -DEM_CORE=1 -DNMM_CORE=0 -DNMM_MAX_DIM=2600 -DCOAMPS_CORE=0 -DDA_CORE=0 -DEXP_CORE=0 -DIWORDSIZE=4 -DDWORDSIZE=8 -DRWORDSIZE=4 -DLWORDSIZE=4 -DNONSTANDARD_SYSTEM_FUNC  -DWRF_USE_CLM  -DSNICAR_FRC    -DDM_PARALLEL -DNETCDF -DUSE_ALLOCATABLES -DGRIB1 -DINTIO -DKEEP_INT_AROUND -DLIMIT_ARGS -DCONFIG_BUF_LEN=65536 -DMAX_DOMAINS_F=21 -DMAX_HISTORY=25 -DNMM_NEST=0 -DWRF_CHEM -DBUILD_CHEM=1 -DWRF_KPP -I. -traditional-cpp   module_kpp_racm_soa_vbs_Precision.G  > module_kpp_racm_soa_vbs_Precision.H
sed -e "s/gridmu/grid%mu/g" -e "s/gridMu/grid%Mu/g" module_kpp_racm_soa_vbs_Precision.H > module_kpp_racm_soa_vbs_Precision.bb
/glade/work/rkumar/NASA_HMA/WRFchem_HMA/tools/standard.exe module_kpp_racm_soa_vbs_Precision.bb | /lib/cpp -P -nostdinc -traditional-cpp > module_kpp_racm_soa_vbs_Precision.f90
rm -f module_kpp_racm_soa_vbs_Precision.G module_kpp_racm_soa_vbs_Precision.H module_kpp_racm_soa_vbs_Precision.bb
time mpif90 -f90=ifort -o module_kpp_racm_soa_vbs_Precision.o -c -O3 -ip -fp-model precise -w -ftz -align all -fno-alias -FR -convert big_endian    -I../dyn_em -I../dyn_nmm   -I/glade/work/rkumar/NASA_HMA/WRFchem_HMA/external/esmf_time_f90  -I/glade/work/rkumar/NASA_HMA/WRFchem_HMA/main -I/glade/work/rkumar/NASA_HMA/WRFchem_HMA/external/io_netcdf -I/glade/work/rkumar/NASA_HMA/WRFchem_HMA/external/io_int -I/glade/work/rkumar/NASA_HMA/WRFchem_HMA/frame -I/glade/work/rkumar/NASA_HMA/WRFchem_HMA/share -I/glade/work/rkumar/NASA_HMA/WRFchem_HMA/phys -I/glade/work/rkumar/NASA_HMA/WRFchem_HMA/chem -I/glade/work/rkumar/NASA_HMA/WRFchem_HMA/inc -I/glade/u/apps/ch/opt/netcdf/4.8.1/intel/19.1.1//include  -real-size `expr 8 \* 4` -i4  module_kpp_racm_soa_vbs_Precision.f90

real	0m0.600s
user	0m0.047s
sys	0m0.511s
rm -f module_kpp_racm_soa_vbs_Parameters.o
sed -e "s/grid%mu/gridmu/g" -e "s/grid%Mu/gridMu/g" -e "s/^\!.*'.*//" -e "s/^ *\!.*'.*//" module_kpp_racm_soa_vbs_Parameters.F > module_kpp_racm_soa_vbs_Parameters.G
/lib/cpp -P -nostdinc -I/glade/work/rkumar/NASA_HMA/WRFchem_HMA/inc -DEM_CORE=1 -DNMM_CORE=0 -DNMM_MAX_DIM=2600 -DCOAMPS_CORE=0 -DDA_CORE=0 -DEXP_CORE=0 -DIWORDSIZE=4 -DDWORDSIZE=8 -DRWORDSIZE=4 -DLWORDSIZE=4 -DNONSTANDARD_SYSTEM_FUNC  -DWRF_USE_CLM  -DSNICAR_FRC    -DDM_PARALLEL -DNETCDF -DUSE_ALLOCATABLES -DGRIB1 -DINTIO -DKEEP_INT_AROUND -DLIMIT_ARGS -DCONFIG_BUF_LEN=65536 -DMAX_DOMAINS_F=21 -DMAX_HISTORY=25 -DNMM_NEST=0 -DWRF_CHEM -DBUILD_CHEM=1 -DWRF_KPP -I. -traditional-cpp   module_kpp_racm_soa_vbs_Parameters.G  > module_kpp_racm_soa_vbs_Parameters.H
sed -e "s/gridmu/grid%mu/g" -e "s/gridMu/grid%Mu/g" module_kpp_racm_soa_vbs_Parameters.H > module_kpp_racm_soa_vbs_Parameters.bb
/glade/work/rkumar/NASA_HMA/WRFchem_HMA/tools/standard.exe module_kpp_racm_soa_vbs_Parameters.bb | /lib/cpp -P -nostdinc -traditional-cpp > module_kpp_racm_soa_vbs_Parameters.f90
rm -f module_kpp_racm_soa_vbs_Parameters.G module_kpp_racm_soa_vbs_Parameters.H module_kpp_racm_soa_vbs_Parameters.bb
time mpif90 -f90=ifort -o module_kpp_racm_soa_vbs_Parameters.o -c -O3 -ip -fp-model precise -w -ftz -align all -fno-alias -FR -convert big_endian    -I../dyn_em -I../dyn_nmm   -I/glade/work/rkumar/NASA_HMA/WRFchem_HMA/external/esmf_time_f90  -I/glade/work/rkumar/NASA_HMA/WRFchem_HMA/main -I/glade/work/rkumar/NASA_HMA/WRFchem_HMA/external/io_netcdf -I/glade/work/rkumar/NASA_HMA/WRFchem_HMA/external/io_int -I/glade/work/rkumar/NASA_HMA/WRFchem_HMA/frame -I/glade/work/rkumar/NASA_HMA/WRFchem_HMA/share -I/glade/work/rkumar/NASA_HMA/WRFchem_HMA/phys -I/glade/work/rkumar/NASA_HMA/WRFchem_HMA/chem -I/glade/work/rkumar/NASA_HMA/WRFchem_HMA/inc -I/glade/u/apps/ch/opt/netcdf/4.8.1/intel/19.1.1//include  -real-size `expr 8 \* 4` -i4  module_kpp_racm_soa_vbs_Parameters.f90

real	0m0.551s
user	0m0.049s
sys	0m0.446s
rm -f module_kpp_racm_soa_vbs_JacobianSP.o
sed -e "s/grid%mu/gridmu/g" -e "s/grid%Mu/gridMu/g" -e "s/^\!.*'.*//" -e "s/^ *\!.*'.*//" module_kpp_racm_soa_vbs_JacobianSP.F > module_kpp_racm_soa_vbs_JacobianSP.G
/lib/cpp -P -nostdinc -I/glade/work/rkumar/NASA_HMA/WRFchem_HMA/inc -DEM_CORE=1 -DNMM_CORE=0 -DNMM_MAX_DIM=2600 -DCOAMPS_CORE=0 -DDA_CORE=0 -DEXP_CORE=0 -DIWORDSIZE=4 -DDWORDSIZE=8 -DRWORDSIZE=4 -DLWORDSIZE=4 -DNONSTANDARD_SYSTEM_FUNC  -DWRF_USE_CLM  -DSNICAR_FRC    -DDM_PARALLEL -DNETCDF -DUSE_ALLOCATABLES -DGRIB1 -DINTIO -DKEEP_INT_AROUND -DLIMIT_ARGS -DCONFIG_BUF_LEN=65536 -DMAX_DOMAINS_F=21 -DMAX_HISTORY=25 -DNMM_NEST=0 -DWRF_CHEM -DBUILD_CHEM=1 -DWRF_KPP -I. -traditional-cpp   module_kpp_racm_soa_vbs_JacobianSP.G  > module_kpp_racm_soa_vbs_JacobianSP.H
sed -e "s/gridmu/grid%mu/g" -e "s/gridMu/grid%Mu/g" module_kpp_racm_soa_vbs_JacobianSP.H > module_kpp_racm_soa_vbs_JacobianSP.bb
/glade/work/rkumar/NASA_HMA/WRFchem_HMA/tools/standard.exe module_kpp_racm_soa_vbs_JacobianSP.bb | /lib/cpp -P -nostdinc -traditional-cpp > module_kpp_racm_soa_vbs_JacobianSP.f90
rm -f module_kpp_racm_soa_vbs_JacobianSP.G module_kpp_racm_soa_vbs_JacobianSP.H module_kpp_racm_soa_vbs_JacobianSP.bb
time mpif90 -f90=ifort -o module_kpp_racm_soa_vbs_JacobianSP.o -c -O3 -ip -fp-model precise -w -ftz -align all -fno-alias -FR -convert big_endian    -I../dyn_em -I../dyn_nmm   -I/glade/work/rkumar/NASA_HMA/WRFchem_HMA/external/esmf_time_f90  -I/glade/work/rkumar/NASA_HMA/WRFchem_HMA/main -I/glade/work/rkumar/NASA_HMA/WRFchem_HMA/external/io_netcdf -I/glade/work/rkumar/NASA_HMA/WRFchem_HMA/external/io_int -I/glade/work/rkumar/NASA_HMA/WRFchem_HMA/frame -I/glade/work/rkumar/NASA_HMA/WRFchem_HMA/share -I/glade/work/rkumar/NASA_HMA/WRFchem_HMA/phys -I/glade/work/rkumar/NASA_HMA/WRFchem_HMA/chem -I/glade/work/rkumar/NASA_HMA/WRFchem_HMA/inc -I/glade/u/apps/ch/opt/netcdf/4.8.1/intel/19.1.1//include  -real-size `expr 8 \* 4` -i4  module_kpp_racm_soa_vbs_JacobianSP.f90

real	0m0.552s
user	0m0.067s
sys	0m0.425s
rm -f module_kpp_racm_soa_vbs_Jacobian.o
sed -e "s/grid%mu/gridmu/g" -e "s/grid%Mu/gridMu/g" -e "s/^\!.*'.*//" -e "s/^ *\!.*'.*//" module_kpp_racm_soa_vbs_Jacobian.F > module_kpp_racm_soa_vbs_Jacobian.G
/lib/cpp -P -nostdinc -I/glade/work/rkumar/NASA_HMA/WRFchem_HMA/inc -DEM_CORE=1 -DNMM_CORE=0 -DNMM_MAX_DIM=2600 -DCOAMPS_CORE=0 -DDA_CORE=0 -DEXP_CORE=0 -DIWORDSIZE=4 -DDWORDSIZE=8 -DRWORDSIZE=4 -DLWORDSIZE=4 -DNONSTANDARD_SYSTEM_FUNC  -DWRF_USE_CLM  -DSNICAR_FRC    -DDM_PARALLEL -DNETCDF -DUSE_ALLOCATABLES -DGRIB1 -DINTIO -DKEEP_INT_AROUND -DLIMIT_ARGS -DCONFIG_BUF_LEN=65536 -DMAX_DOMAINS_F=21 -DMAX_HISTORY=25 -DNMM_NEST=0 -DWRF_CHEM -DBUILD_CHEM=1 -DWRF_KPP -I. -traditional-cpp   module_kpp_racm_soa_vbs_Jacobian.G  > module_kpp_racm_soa_vbs_Jacobian.H
sed -e "s/gridmu/grid%mu/g" -e "s/gridMu/grid%Mu/g" module_kpp_racm_soa_vbs_Jacobian.H > module_kpp_racm_soa_vbs_Jacobian.bb
/glade/work/rkumar/NASA_HMA/WRFchem_HMA/tools/standard.exe module_kpp_racm_soa_vbs_Jacobian.bb | /lib/cpp -P -nostdinc -traditional-cpp > module_kpp_racm_soa_vbs_Jacobian.f90
rm -f module_kpp_racm_soa_vbs_Jacobian.G module_kpp_racm_soa_vbs_Jacobian.H module_kpp_racm_soa_vbs_Jacobian.bb
time mpif90 -f90=ifort -o module_kpp_racm_soa_vbs_Jacobian.o -c -O3 -ip -fp-model precise -w -ftz -align all -fno-alias -FR -convert big_endian    -I../dyn_em -I../dyn_nmm   -I/glade/work/rkumar/NASA_HMA/WRFchem_HMA/external/esmf_time_f90  -I/glade/work/rkumar/NASA_HMA/WRFchem_HMA/main -I/glade/work/rkumar/NASA_HMA/WRFchem_HMA/external/io_netcdf -I/glade/work/rkumar/NASA_HMA/WRFchem_HMA/external/io_int -I/glade/work/rkumar/NASA_HMA/WRFchem_HMA/frame -I/glade/work/rkumar/NASA_HMA/WRFchem_HMA/share -I/glade/work/rkumar/NASA_HMA/WRFchem_HMA/phys -I/glade/work/rkumar/NASA_HMA/WRFchem_HMA/chem -I/glade/work/rkumar/NASA_HMA/WRFchem_HMA/inc -I/glade/u/apps/ch/opt/netcdf/4.8.1/intel/19.1.1//include  -real-size `expr 8 \* 4` -i4  module_kpp_racm_soa_vbs_Jacobian.f90

real	0m1.481s
user	0m0.959s
sys	0m0.466s
rm -f module_kpp_racm_soa_vbs_Update_Rconst.o
sed -e "s/grid%mu/gridmu/g" -e "s/grid%Mu/gridMu/g" -e "s/^\!.*'.*//" -e "s/^ *\!.*'.*//" module_kpp_racm_soa_vbs_Update_Rconst.F > module_kpp_racm_soa_vbs_Update_Rconst.G
/lib/cpp -P -nostdinc -I/glade/work/rkumar/NASA_HMA/WRFchem_HMA/inc -DEM_CORE=1 -DNMM_CORE=0 -DNMM_MAX_DIM=2600 -DCOAMPS_CORE=0 -DDA_CORE=0 -DEXP_CORE=0 -DIWORDSIZE=4 -DDWORDSIZE=8 -DRWORDSIZE=4 -DLWORDSIZE=4 -DNONSTANDARD_SYSTEM_FUNC  -DWRF_USE_CLM  -DSNICAR_FRC    -DDM_PARALLEL -DNETCDF -DUSE_ALLOCATABLES -DGRIB1 -DINTIO -DKEEP_INT_AROUND -DLIMIT_ARGS -DCONFIG_BUF_LEN=65536 -DMAX_DOMAINS_F=21 -DMAX_HISTORY=25 -DNMM_NEST=0 -DWRF_CHEM -DBUILD_CHEM=1 -DWRF_KPP -I. -traditional-cpp   module_kpp_racm_soa_vbs_Update_Rconst.G  > module_kpp_racm_soa_vbs_Update_Rconst.H
sed -e "s/gridmu/grid%mu/g" -e "s/gridMu/grid%Mu/g" module_kpp_racm_soa_vbs_Update_Rconst.H > module_kpp_racm_soa_vbs_Update_Rconst.bb
/glade/work/rkumar/NASA_HMA/WRFchem_HMA/tools/standard.exe module_kpp_racm_soa_vbs_Update_Rconst.bb | /lib/cpp -P -nostdinc -traditional-cpp > module_kpp_racm_soa_vbs_Update_Rconst.f90
rm -f module_kpp_racm_soa_vbs_Update_Rconst.G module_kpp_racm_soa_vbs_Update_Rconst.H module_kpp_racm_soa_vbs_Update_Rconst.bb
time mpif90 -f90=ifort -o module_kpp_racm_soa_vbs_Update_Rconst.o -c -O3 -ip -fp-model precise -w -ftz -align all -fno-alias -FR -convert big_endian    -I../dyn_em -I../dyn_nmm   -I/glade/work/rkumar/NASA_HMA/WRFchem_HMA/external/esmf_time_f90  -I/glade/work/rkumar/NASA_HMA/WRFchem_HMA/main -I/glade/work/rkumar/NASA_HMA/WRFchem_HMA/external/io_netcdf -I/glade/work/rkumar/NASA_HMA/WRFchem_HMA/external/io_int -I/glade/work/rkumar/NASA_HMA/WRFchem_HMA/frame -I/glade/work/rkumar/NASA_HMA/WRFchem_HMA/share -I/glade/work/rkumar/NASA_HMA/WRFchem_HMA/phys -I/glade/work/rkumar/NASA_HMA/WRFchem_HMA/chem -I/glade/work/rkumar/NASA_HMA/WRFchem_HMA/inc -I/glade/u/apps/ch/opt/netcdf/4.8.1/intel/19.1.1//include  -real-size `expr 8 \* 4` -i4  module_kpp_racm_soa_vbs_Update_Rconst.f90

real	0m0.738s
user	0m0.233s
sys	0m0.440s
rm -f module_kpp_racm_soa_vbs_Integr.o
sed -e "s/grid%mu/gridmu/g" -e "s/grid%Mu/gridMu/g" -e "s/^\!.*'.*//" -e "s/^ *\!.*'.*//" module_kpp_racm_soa_vbs_Integr.F > module_kpp_racm_soa_vbs_Integr.G
/lib/cpp -P -nostdinc -I/glade/work/rkumar/NASA_HMA/WRFchem_HMA/inc -DEM_CORE=1 -DNMM_CORE=0 -DNMM_MAX_DIM=2600 -DCOAMPS_CORE=0 -DDA_CORE=0 -DEXP_CORE=0 -DIWORDSIZE=4 -DDWORDSIZE=8 -DRWORDSIZE=4 -DLWORDSIZE=4 -DNONSTANDARD_SYSTEM_FUNC  -DWRF_USE_CLM  -DSNICAR_FRC    -DDM_PARALLEL -DNETCDF -DUSE_ALLOCATABLES -DGRIB1 -DINTIO -DKEEP_INT_AROUND -DLIMIT_ARGS -DCONFIG_BUF_LEN=65536 -DMAX_DOMAINS_F=21 -DMAX_HISTORY=25 -DNMM_NEST=0 -DWRF_CHEM -DBUILD_CHEM=1 -DWRF_KPP -I. -traditional-cpp   module_kpp_racm_soa_vbs_Integr.G  > module_kpp_racm_soa_vbs_Integr.H
sed -e "s/gridmu/grid%mu/g" -e "s/gridMu/grid%Mu/g" module_kpp_racm_soa_vbs_Integr.H > module_kpp_racm_soa_vbs_Integr.bb
/glade/work/rkumar/NASA_HMA/WRFchem_HMA/tools/standard.exe module_kpp_racm_soa_vbs_Integr.bb | /lib/cpp -P -nostdinc -traditional-cpp > module_kpp_racm_soa_vbs_Integr.f90
rm -f module_kpp_racm_soa_vbs_Integr.G module_kpp_racm_soa_vbs_Integr.H module_kpp_racm_soa_vbs_Integr.bb
time mpif90 -f90=ifort -o module_kpp_racm_soa_vbs_Integr.o -c -O3 -ip -fp-model precise -w -ftz -align all -fno-alias -FR -convert big_endian    -I../dyn_em -I../dyn_nmm   -I/glade/work/rkumar/NASA_HMA/WRFchem_HMA/external/esmf_time_f90  -I/glade/work/rkumar/NASA_HMA/WRFchem_HMA/main -I/glade/work/rkumar/NASA_HMA/WRFchem_HMA/external/io_netcdf -I/glade/work/rkumar/NASA_HMA/WRFchem_HMA/external/io_int -I/glade/work/rkumar/NASA_HMA/WRFchem_HMA/frame -I/glade/work/rkumar/NASA_HMA/WRFchem_HMA/share -I/glade/work/rkumar/NASA_HMA/WRFchem_HMA/phys -I/glade/work/rkumar/NASA_HMA/WRFchem_HMA/chem -I/glade/work/rkumar/NASA_HMA/WRFchem_HMA/inc -I/glade/u/apps/ch/opt/netcdf/4.8.1/intel/19.1.1//include  -real-size `expr 8 \* 4` -i4  module_kpp_racm_soa_vbs_Integr.f90

real	0m22.661s
user	0m21.964s
sys	0m0.626s
rm -f module_kpp_racm_soa_vbs_interface.o
sed -e "s/grid%mu/gridmu/g" -e "s/grid%Mu/gridMu/g" -e "s/^\!.*'.*//" -e "s/^ *\!.*'.*//" module_kpp_racm_soa_vbs_interface.F > module_kpp_racm_soa_vbs_interface.G
/lib/cpp -P -nostdinc -I/glade/work/rkumar/NASA_HMA/WRFchem_HMA/inc -DEM_CORE=1 -DNMM_CORE=0 -DNMM_MAX_DIM=2600 -DCOAMPS_CORE=0 -DDA_CORE=0 -DEXP_CORE=0 -DIWORDSIZE=4 -DDWORDSIZE=8 -DRWORDSIZE=4 -DLWORDSIZE=4 -DNONSTANDARD_SYSTEM_FUNC  -DWRF_USE_CLM  -DSNICAR_FRC    -DDM_PARALLEL -DNETCDF -DUSE_ALLOCATABLES -DGRIB1 -DINTIO -DKEEP_INT_AROUND -DLIMIT_ARGS -DCONFIG_BUF_LEN=65536 -DMAX_DOMAINS_F=21 -DMAX_HISTORY=25 -DNMM_NEST=0 -DWRF_CHEM -DBUILD_CHEM=1 -DWRF_KPP -I. -traditional-cpp   module_kpp_racm_soa_vbs_interface.G  > module_kpp_racm_soa_vbs_interface.H
sed -e "s/gridmu/grid%mu/g" -e "s/gridMu/grid%Mu/g" module_kpp_racm_soa_vbs_interface.H > module_kpp_racm_soa_vbs_interface.bb
/glade/work/rkumar/NASA_HMA/WRFchem_HMA/tools/standard.exe module_kpp_racm_soa_vbs_interface.bb | /lib/cpp -P -nostdinc -traditional-cpp > module_kpp_racm_soa_vbs_interface.f90
rm -f module_kpp_racm_soa_vbs_interface.G module_kpp_racm_soa_vbs_interface.H module_kpp_racm_soa_vbs_interface.bb
time mpif90 -f90=ifort -o module_kpp_racm_soa_vbs_interface.o -c -O3 -ip -fp-model precise -w -ftz -align all -fno-alias -FR -convert big_endian    -I../dyn_em -I../dyn_nmm   -I/glade/work/rkumar/NASA_HMA/WRFchem_HMA/external/esmf_time_f90  -I/glade/work/rkumar/NASA_HMA/WRFchem_HMA/main -I/glade/work/rkumar/NASA_HMA/WRFchem_HMA/external/io_netcdf -I/glade/work/rkumar/NASA_HMA/WRFchem_HMA/external/io_int -I/glade/work/rkumar/NASA_HMA/WRFchem_HMA/frame -I/glade/work/rkumar/NASA_HMA/WRFchem_HMA/share -I/glade/work/rkumar/NASA_HMA/WRFchem_HMA/phys -I/glade/work/rkumar/NASA_HMA/WRFchem_HMA/chem -I/glade/work/rkumar/NASA_HMA/WRFchem_HMA/inc -I/glade/u/apps/ch/opt/netcdf/4.8.1/intel/19.1.1//include  -real-size `expr 8 \* 4` -i4  module_kpp_racm_soa_vbs_interface.f90

real	0m1.880s
user	0m1.208s
sys	0m0.626s
rm -f module_kpp_mozart_Precision.o
sed -e "s/grid%mu/gridmu/g" -e "s/grid%Mu/gridMu/g" -e "s/^\!.*'.*//" -e "s/^ *\!.*'.*//" module_kpp_mozart_Precision.F > module_kpp_mozart_Precision.G
/lib/cpp -P -nostdinc -I/glade/work/rkumar/NASA_HMA/WRFchem_HMA/inc -DEM_CORE=1 -DNMM_CORE=0 -DNMM_MAX_DIM=2600 -DCOAMPS_CORE=0 -DDA_CORE=0 -DEXP_CORE=0 -DIWORDSIZE=4 -DDWORDSIZE=8 -DRWORDSIZE=4 -DLWORDSIZE=4 -DNONSTANDARD_SYSTEM_FUNC  -DWRF_USE_CLM  -DSNICAR_FRC    -DDM_PARALLEL -DNETCDF -DUSE_ALLOCATABLES -DGRIB1 -DINTIO -DKEEP_INT_AROUND -DLIMIT_ARGS -DCONFIG_BUF_LEN=65536 -DMAX_DOMAINS_F=21 -DMAX_HISTORY=25 -DNMM_NEST=0 -DWRF_CHEM -DBUILD_CHEM=1 -DWRF_KPP -I. -traditional-cpp   module_kpp_mozart_Precision.G  > module_kpp_mozart_Precision.H
sed -e "s/gridmu/grid%mu/g" -e "s/gridMu/grid%Mu/g" module_kpp_mozart_Precision.H > module_kpp_mozart_Precision.bb
/glade/work/rkumar/NASA_HMA/WRFchem_HMA/tools/standard.exe module_kpp_mozart_Precision.bb | /lib/cpp -P -nostdinc -traditional-cpp > module_kpp_mozart_Precision.f90
rm -f module_kpp_mozart_Precision.G module_kpp_mozart_Precision.H module_kpp_mozart_Precision.bb
time mpif90 -f90=ifort -o module_kpp_mozart_Precision.o -c -O3 -ip -fp-model precise -w -ftz -align all -fno-alias -FR -convert big_endian    -I../dyn_em -I../dyn_nmm   -I/glade/work/rkumar/NASA_HMA/WRFchem_HMA/external/esmf_time_f90  -I/glade/work/rkumar/NASA_HMA/WRFchem_HMA/main -I/glade/work/rkumar/NASA_HMA/WRFchem_HMA/external/io_netcdf -I/glade/work/rkumar/NASA_HMA/WRFchem_HMA/external/io_int -I/glade/work/rkumar/NASA_HMA/WRFchem_HMA/frame -I/glade/work/rkumar/NASA_HMA/WRFchem_HMA/share -I/glade/work/rkumar/NASA_HMA/WRFchem_HMA/phys -I/glade/work/rkumar/NASA_HMA/WRFchem_HMA/chem -I/glade/work/rkumar/NASA_HMA/WRFchem_HMA/inc -I/glade/u/apps/ch/opt/netcdf/4.8.1/intel/19.1.1//include  -real-size `expr 8 \* 4` -i4  module_kpp_mozart_Precision.f90

real	0m0.576s
user	0m0.047s
sys	0m0.484s
rm -f module_kpp_mozart_Parameters.o
sed -e "s/grid%mu/gridmu/g" -e "s/grid%Mu/gridMu/g" -e "s/^\!.*'.*//" -e "s/^ *\!.*'.*//" module_kpp_mozart_Parameters.F > module_kpp_mozart_Parameters.G
/lib/cpp -P -nostdinc -I/glade/work/rkumar/NASA_HMA/WRFchem_HMA/inc -DEM_CORE=1 -DNMM_CORE=0 -DNMM_MAX_DIM=2600 -DCOAMPS_CORE=0 -DDA_CORE=0 -DEXP_CORE=0 -DIWORDSIZE=4 -DDWORDSIZE=8 -DRWORDSIZE=4 -DLWORDSIZE=4 -DNONSTANDARD_SYSTEM_FUNC  -DWRF_USE_CLM  -DSNICAR_FRC    -DDM_PARALLEL -DNETCDF -DUSE_ALLOCATABLES -DGRIB1 -DINTIO -DKEEP_INT_AROUND -DLIMIT_ARGS -DCONFIG_BUF_LEN=65536 -DMAX_DOMAINS_F=21 -DMAX_HISTORY=25 -DNMM_NEST=0 -DWRF_CHEM -DBUILD_CHEM=1 -DWRF_KPP -I. -traditional-cpp   module_kpp_mozart_Parameters.G  > module_kpp_mozart_Parameters.H
sed -e "s/gridmu/grid%mu/g" -e "s/gridMu/grid%Mu/g" module_kpp_mozart_Parameters.H > module_kpp_mozart_Parameters.bb
/glade/work/rkumar/NASA_HMA/WRFchem_HMA/tools/standard.exe module_kpp_mozart_Parameters.bb | /lib/cpp -P -nostdinc -traditional-cpp > module_kpp_mozart_Parameters.f90
rm -f module_kpp_mozart_Parameters.G module_kpp_mozart_Parameters.H module_kpp_mozart_Parameters.bb
time mpif90 -f90=ifort -o module_kpp_mozart_Parameters.o -c -O3 -ip -fp-model precise -w -ftz -align all -fno-alias -FR -convert big_endian    -I../dyn_em -I../dyn_nmm   -I/glade/work/rkumar/NASA_HMA/WRFchem_HMA/external/esmf_time_f90  -I/glade/work/rkumar/NASA_HMA/WRFchem_HMA/main -I/glade/work/rkumar/NASA_HMA/WRFchem_HMA/external/io_netcdf -I/glade/work/rkumar/NASA_HMA/WRFchem_HMA/external/io_int -I/glade/work/rkumar/NASA_HMA/WRFchem_HMA/frame -I/glade/work/rkumar/NASA_HMA/WRFchem_HMA/share -I/glade/work/rkumar/NASA_HMA/WRFchem_HMA/phys -I/glade/work/rkumar/NASA_HMA/WRFchem_HMA/chem -I/glade/work/rkumar/NASA_HMA/WRFchem_HMA/inc -I/glade/u/apps/ch/opt/netcdf/4.8.1/intel/19.1.1//include  -real-size `expr 8 \* 4` -i4  module_kpp_mozart_Parameters.f90

real	0m0.562s
user	0m0.052s
sys	0m0.462s
rm -f module_kpp_mozart_JacobianSP.o
sed -e "s/grid%mu/gridmu/g" -e "s/grid%Mu/gridMu/g" -e "s/^\!.*'.*//" -e "s/^ *\!.*'.*//" module_kpp_mozart_JacobianSP.F > module_kpp_mozart_JacobianSP.G
/lib/cpp -P -nostdinc -I/glade/work/rkumar/NASA_HMA/WRFchem_HMA/inc -DEM_CORE=1 -DNMM_CORE=0 -DNMM_MAX_DIM=2600 -DCOAMPS_CORE=0 -DDA_CORE=0 -DEXP_CORE=0 -DIWORDSIZE=4 -DDWORDSIZE=8 -DRWORDSIZE=4 -DLWORDSIZE=4 -DNONSTANDARD_SYSTEM_FUNC  -DWRF_USE_CLM  -DSNICAR_FRC    -DDM_PARALLEL -DNETCDF -DUSE_ALLOCATABLES -DGRIB1 -DINTIO -DKEEP_INT_AROUND -DLIMIT_ARGS -DCONFIG_BUF_LEN=65536 -DMAX_DOMAINS_F=21 -DMAX_HISTORY=25 -DNMM_NEST=0 -DWRF_CHEM -DBUILD_CHEM=1 -DWRF_KPP -I. -traditional-cpp   module_kpp_mozart_JacobianSP.G  > module_kpp_mozart_JacobianSP.H
sed -e "s/gridmu/grid%mu/g" -e "s/gridMu/grid%Mu/g" module_kpp_mozart_JacobianSP.H > module_kpp_mozart_JacobianSP.bb
/glade/work/rkumar/NASA_HMA/WRFchem_HMA/tools/standard.exe module_kpp_mozart_JacobianSP.bb | /lib/cpp -P -nostdinc -traditional-cpp > module_kpp_mozart_JacobianSP.f90
rm -f module_kpp_mozart_JacobianSP.G module_kpp_mozart_JacobianSP.H module_kpp_mozart_JacobianSP.bb
time mpif90 -f90=ifort -o module_kpp_mozart_JacobianSP.o -c -O3 -ip -fp-model precise -w -ftz -align all -fno-alias -FR -convert big_endian    -I../dyn_em -I../dyn_nmm   -I/glade/work/rkumar/NASA_HMA/WRFchem_HMA/external/esmf_time_f90  -I/glade/work/rkumar/NASA_HMA/WRFchem_HMA/main -I/glade/work/rkumar/NASA_HMA/WRFchem_HMA/external/io_netcdf -I/glade/work/rkumar/NASA_HMA/WRFchem_HMA/external/io_int -I/glade/work/rkumar/NASA_HMA/WRFchem_HMA/frame -I/glade/work/rkumar/NASA_HMA/WRFchem_HMA/share -I/glade/work/rkumar/NASA_HMA/WRFchem_HMA/phys -I/glade/work/rkumar/NASA_HMA/WRFchem_HMA/chem -I/glade/work/rkumar/NASA_HMA/WRFchem_HMA/inc -I/glade/u/apps/ch/opt/netcdf/4.8.1/intel/19.1.1//include  -real-size `expr 8 \* 4` -i4  module_kpp_mozart_JacobianSP.f90

real	0m0.577s
user	0m0.081s
sys	0m0.443s
rm -f module_kpp_mozart_Jacobian.o
sed -e "s/grid%mu/gridmu/g" -e "s/grid%Mu/gridMu/g" -e "s/^\!.*'.*//" -e "s/^ *\!.*'.*//" module_kpp_mozart_Jacobian.F > module_kpp_mozart_Jacobian.G
/lib/cpp -P -nostdinc -I/glade/work/rkumar/NASA_HMA/WRFchem_HMA/inc -DEM_CORE=1 -DNMM_CORE=0 -DNMM_MAX_DIM=2600 -DCOAMPS_CORE=0 -DDA_CORE=0 -DEXP_CORE=0 -DIWORDSIZE=4 -DDWORDSIZE=8 -DRWORDSIZE=4 -DLWORDSIZE=4 -DNONSTANDARD_SYSTEM_FUNC  -DWRF_USE_CLM  -DSNICAR_FRC    -DDM_PARALLEL -DNETCDF -DUSE_ALLOCATABLES -DGRIB1 -DINTIO -DKEEP_INT_AROUND -DLIMIT_ARGS -DCONFIG_BUF_LEN=65536 -DMAX_DOMAINS_F=21 -DMAX_HISTORY=25 -DNMM_NEST=0 -DWRF_CHEM -DBUILD_CHEM=1 -DWRF_KPP -I. -traditional-cpp   module_kpp_mozart_Jacobian.G  > module_kpp_mozart_Jacobian.H
sed -e "s/gridmu/grid%mu/g" -e "s/gridMu/grid%Mu/g" module_kpp_mozart_Jacobian.H > module_kpp_mozart_Jacobian.bb
/glade/work/rkumar/NASA_HMA/WRFchem_HMA/tools/standard.exe module_kpp_mozart_Jacobian.bb | /lib/cpp -P -nostdinc -traditional-cpp > module_kpp_mozart_Jacobian.f90
rm -f module_kpp_mozart_Jacobian.G module_kpp_mozart_Jacobian.H module_kpp_mozart_Jacobian.bb
time mpif90 -f90=ifort -o module_kpp_mozart_Jacobian.o -c -O3 -ip -fp-model precise -w -ftz -align all -fno-alias -FR -convert big_endian    -I../dyn_em -I../dyn_nmm   -I/glade/work/rkumar/NASA_HMA/WRFchem_HMA/external/esmf_time_f90  -I/glade/work/rkumar/NASA_HMA/WRFchem_HMA/main -I/glade/work/rkumar/NASA_HMA/WRFchem_HMA/external/io_netcdf -I/glade/work/rkumar/NASA_HMA/WRFchem_HMA/external/io_int -I/glade/work/rkumar/NASA_HMA/WRFchem_HMA/frame -I/glade/work/rkumar/NASA_HMA/WRFchem_HMA/share -I/glade/work/rkumar/NASA_HMA/WRFchem_HMA/phys -I/glade/work/rkumar/NASA_HMA/WRFchem_HMA/chem -I/glade/work/rkumar/NASA_HMA/WRFchem_HMA/inc -I/glade/u/apps/ch/opt/netcdf/4.8.1/intel/19.1.1//include  -real-size `expr 8 \* 4` -i4  module_kpp_mozart_Jacobian.f90

real	0m1.259s
user	0m0.676s
sys	0m0.522s
rm -f module_kpp_mozart_Update_Rconst.o
sed -e "s/grid%mu/gridmu/g" -e "s/grid%Mu/gridMu/g" -e "s/^\!.*'.*//" -e "s/^ *\!.*'.*//" module_kpp_mozart_Update_Rconst.F > module_kpp_mozart_Update_Rconst.G
/lib/cpp -P -nostdinc -I/glade/work/rkumar/NASA_HMA/WRFchem_HMA/inc -DEM_CORE=1 -DNMM_CORE=0 -DNMM_MAX_DIM=2600 -DCOAMPS_CORE=0 -DDA_CORE=0 -DEXP_CORE=0 -DIWORDSIZE=4 -DDWORDSIZE=8 -DRWORDSIZE=4 -DLWORDSIZE=4 -DNONSTANDARD_SYSTEM_FUNC  -DWRF_USE_CLM  -DSNICAR_FRC    -DDM_PARALLEL -DNETCDF -DUSE_ALLOCATABLES -DGRIB1 -DINTIO -DKEEP_INT_AROUND -DLIMIT_ARGS -DCONFIG_BUF_LEN=65536 -DMAX_DOMAINS_F=21 -DMAX_HISTORY=25 -DNMM_NEST=0 -DWRF_CHEM -DBUILD_CHEM=1 -DWRF_KPP -I. -traditional-cpp   module_kpp_mozart_Update_Rconst.G  > module_kpp_mozart_Update_Rconst.H
sed -e "s/gridmu/grid%mu/g" -e "s/gridMu/grid%Mu/g" module_kpp_mozart_Update_Rconst.H > module_kpp_mozart_Update_Rconst.bb
/glade/work/rkumar/NASA_HMA/WRFchem_HMA/tools/standard.exe module_kpp_mozart_Update_Rconst.bb | /lib/cpp -P -nostdinc -traditional-cpp > module_kpp_mozart_Update_Rconst.f90
rm -f module_kpp_mozart_Update_Rconst.G module_kpp_mozart_Update_Rconst.H module_kpp_mozart_Update_Rconst.bb
time mpif90 -f90=ifort -o module_kpp_mozart_Update_Rconst.o -c -O3 -ip -fp-model precise -w -ftz -align all -fno-alias -FR -convert big_endian    -I../dyn_em -I../dyn_nmm   -I/glade/work/rkumar/NASA_HMA/WRFchem_HMA/external/esmf_time_f90  -I/glade/work/rkumar/NASA_HMA/WRFchem_HMA/main -I/glade/work/rkumar/NASA_HMA/WRFchem_HMA/external/io_netcdf -I/glade/work/rkumar/NASA_HMA/WRFchem_HMA/external/io_int -I/glade/work/rkumar/NASA_HMA/WRFchem_HMA/frame -I/glade/work/rkumar/NASA_HMA/WRFchem_HMA/share -I/glade/work/rkumar/NASA_HMA/WRFchem_HMA/phys -I/glade/work/rkumar/NASA_HMA/WRFchem_HMA/chem -I/glade/work/rkumar/NASA_HMA/WRFchem_HMA/inc -I/glade/u/apps/ch/opt/netcdf/4.8.1/intel/19.1.1//include  -real-size `expr 8 \* 4` -i4  module_kpp_mozart_Update_Rconst.f90

real	0m0.723s
user	0m0.213s
sys	0m0.438s
rm -f module_kpp_mozart_Integr.o
sed -e "s/grid%mu/gridmu/g" -e "s/grid%Mu/gridMu/g" -e "s/^\!.*'.*//" -e "s/^ *\!.*'.*//" module_kpp_mozart_Integr.F > module_kpp_mozart_Integr.G
/lib/cpp -P -nostdinc -I/glade/work/rkumar/NASA_HMA/WRFchem_HMA/inc -DEM_CORE=1 -DNMM_CORE=0 -DNMM_MAX_DIM=2600 -DCOAMPS_CORE=0 -DDA_CORE=0 -DEXP_CORE=0 -DIWORDSIZE=4 -DDWORDSIZE=8 -DRWORDSIZE=4 -DLWORDSIZE=4 -DNONSTANDARD_SYSTEM_FUNC  -DWRF_USE_CLM  -DSNICAR_FRC    -DDM_PARALLEL -DNETCDF -DUSE_ALLOCATABLES -DGRIB1 -DINTIO -DKEEP_INT_AROUND -DLIMIT_ARGS -DCONFIG_BUF_LEN=65536 -DMAX_DOMAINS_F=21 -DMAX_HISTORY=25 -DNMM_NEST=0 -DWRF_CHEM -DBUILD_CHEM=1 -DWRF_KPP -I. -traditional-cpp   module_kpp_mozart_Integr.G  > module_kpp_mozart_Integr.H
sed -e "s/gridmu/grid%mu/g" -e "s/gridMu/grid%Mu/g" module_kpp_mozart_Integr.H > module_kpp_mozart_Integr.bb
/glade/work/rkumar/NASA_HMA/WRFchem_HMA/tools/standard.exe module_kpp_mozart_Integr.bb | /lib/cpp -P -nostdinc -traditional-cpp > module_kpp_mozart_Integr.f90
rm -f module_kpp_mozart_Integr.G module_kpp_mozart_Integr.H module_kpp_mozart_Integr.bb
time mpif90 -f90=ifort -o module_kpp_mozart_Integr.o -c -O3 -ip -fp-model precise -w -ftz -align all -fno-alias -FR -convert big_endian    -I../dyn_em -I../dyn_nmm   -I/glade/work/rkumar/NASA_HMA/WRFchem_HMA/external/esmf_time_f90  -I/glade/work/rkumar/NASA_HMA/WRFchem_HMA/main -I/glade/work/rkumar/NASA_HMA/WRFchem_HMA/external/io_netcdf -I/glade/work/rkumar/NASA_HMA/WRFchem_HMA/external/io_int -I/glade/work/rkumar/NASA_HMA/WRFchem_HMA/frame -I/glade/work/rkumar/NASA_HMA/WRFchem_HMA/share -I/glade/work/rkumar/NASA_HMA/WRFchem_HMA/phys -I/glade/work/rkumar/NASA_HMA/WRFchem_HMA/chem -I/glade/work/rkumar/NASA_HMA/WRFchem_HMA/inc -I/glade/u/apps/ch/opt/netcdf/4.8.1/intel/19.1.1//include  -real-size `expr 8 \* 4` -i4  module_kpp_mozart_Integr.f90

real	0m10.178s
user	0m9.458s
sys	0m0.642s
rm -f module_kpp_mozart_interface.o
sed -e "s/grid%mu/gridmu/g" -e "s/grid%Mu/gridMu/g" -e "s/^\!.*'.*//" -e "s/^ *\!.*'.*//" module_kpp_mozart_interface.F > module_kpp_mozart_interface.G
/lib/cpp -P -nostdinc -I/glade/work/rkumar/NASA_HMA/WRFchem_HMA/inc -DEM_CORE=1 -DNMM_CORE=0 -DNMM_MAX_DIM=2600 -DCOAMPS_CORE=0 -DDA_CORE=0 -DEXP_CORE=0 -DIWORDSIZE=4 -DDWORDSIZE=8 -DRWORDSIZE=4 -DLWORDSIZE=4 -DNONSTANDARD_SYSTEM_FUNC  -DWRF_USE_CLM  -DSNICAR_FRC    -DDM_PARALLEL -DNETCDF -DUSE_ALLOCATABLES -DGRIB1 -DINTIO -DKEEP_INT_AROUND -DLIMIT_ARGS -DCONFIG_BUF_LEN=65536 -DMAX_DOMAINS_F=21 -DMAX_HISTORY=25 -DNMM_NEST=0 -DWRF_CHEM -DBUILD_CHEM=1 -DWRF_KPP -I. -traditional-cpp   module_kpp_mozart_interface.G  > module_kpp_mozart_interface.H
sed -e "s/gridmu/grid%mu/g" -e "s/gridMu/grid%Mu/g" module_kpp_mozart_interface.H > module_kpp_mozart_interface.bb
/glade/work/rkumar/NASA_HMA/WRFchem_HMA/tools/standard.exe module_kpp_mozart_interface.bb | /lib/cpp -P -nostdinc -traditional-cpp > module_kpp_mozart_interface.f90
rm -f module_kpp_mozart_interface.G module_kpp_mozart_interface.H module_kpp_mozart_interface.bb
time mpif90 -f90=ifort -o module_kpp_mozart_interface.o -c -O3 -ip -fp-model precise -w -ftz -align all -fno-alias -FR -convert big_endian    -I../dyn_em -I../dyn_nmm   -I/glade/work/rkumar/NASA_HMA/WRFchem_HMA/external/esmf_time_f90  -I/glade/work/rkumar/NASA_HMA/WRFchem_HMA/main -I/glade/work/rkumar/NASA_HMA/WRFchem_HMA/external/io_netcdf -I/glade/work/rkumar/NASA_HMA/WRFchem_HMA/external/io_int -I/glade/work/rkumar/NASA_HMA/WRFchem_HMA/frame -I/glade/work/rkumar/NASA_HMA/WRFchem_HMA/share -I/glade/work/rkumar/NASA_HMA/WRFchem_HMA/phys -I/glade/work/rkumar/NASA_HMA/WRFchem_HMA/chem -I/glade/work/rkumar/NASA_HMA/WRFchem_HMA/inc -I/glade/u/apps/ch/opt/netcdf/4.8.1/intel/19.1.1//include  -real-size `expr 8 \* 4` -i4  module_kpp_mozart_interface.f90

real	0m1.491s
user	0m0.852s
sys	0m0.514s
rm -f module_kpp_racmsorg_Precision.o
sed -e "s/grid%mu/gridmu/g" -e "s/grid%Mu/gridMu/g" -e "s/^\!.*'.*//" -e "s/^ *\!.*'.*//" module_kpp_racmsorg_Precision.F > module_kpp_racmsorg_Precision.G
/lib/cpp -P -nostdinc -I/glade/work/rkumar/NASA_HMA/WRFchem_HMA/inc -DEM_CORE=1 -DNMM_CORE=0 -DNMM_MAX_DIM=2600 -DCOAMPS_CORE=0 -DDA_CORE=0 -DEXP_CORE=0 -DIWORDSIZE=4 -DDWORDSIZE=8 -DRWORDSIZE=4 -DLWORDSIZE=4 -DNONSTANDARD_SYSTEM_FUNC  -DWRF_USE_CLM  -DSNICAR_FRC    -DDM_PARALLEL -DNETCDF -DUSE_ALLOCATABLES -DGRIB1 -DINTIO -DKEEP_INT_AROUND -DLIMIT_ARGS -DCONFIG_BUF_LEN=65536 -DMAX_DOMAINS_F=21 -DMAX_HISTORY=25 -DNMM_NEST=0 -DWRF_CHEM -DBUILD_CHEM=1 -DWRF_KPP -I. -traditional-cpp   module_kpp_racmsorg_Precision.G  > module_kpp_racmsorg_Precision.H
sed -e "s/gridmu/grid%mu/g" -e "s/gridMu/grid%Mu/g" module_kpp_racmsorg_Precision.H > module_kpp_racmsorg_Precision.bb
/glade/work/rkumar/NASA_HMA/WRFchem_HMA/tools/standard.exe module_kpp_racmsorg_Precision.bb | /lib/cpp -P -nostdinc -traditional-cpp > module_kpp_racmsorg_Precision.f90
rm -f module_kpp_racmsorg_Precision.G module_kpp_racmsorg_Precision.H module_kpp_racmsorg_Precision.bb
time mpif90 -f90=ifort -o module_kpp_racmsorg_Precision.o -c -O3 -ip -fp-model precise -w -ftz -align all -fno-alias -FR -convert big_endian    -I../dyn_em -I../dyn_nmm   -I/glade/work/rkumar/NASA_HMA/WRFchem_HMA/external/esmf_time_f90  -I/glade/work/rkumar/NASA_HMA/WRFchem_HMA/main -I/glade/work/rkumar/NASA_HMA/WRFchem_HMA/external/io_netcdf -I/glade/work/rkumar/NASA_HMA/WRFchem_HMA/external/io_int -I/glade/work/rkumar/NASA_HMA/WRFchem_HMA/frame -I/glade/work/rkumar/NASA_HMA/WRFchem_HMA/share -I/glade/work/rkumar/NASA_HMA/WRFchem_HMA/phys -I/glade/work/rkumar/NASA_HMA/WRFchem_HMA/chem -I/glade/work/rkumar/NASA_HMA/WRFchem_HMA/inc -I/glade/u/apps/ch/opt/netcdf/4.8.1/intel/19.1.1//include  -real-size `expr 8 \* 4` -i4  module_kpp_racmsorg_Precision.f90

real	0m0.561s
user	0m0.056s
sys	0m0.454s
rm -f module_kpp_racmsorg_Parameters.o
sed -e "s/grid%mu/gridmu/g" -e "s/grid%Mu/gridMu/g" -e "s/^\!.*'.*//" -e "s/^ *\!.*'.*//" module_kpp_racmsorg_Parameters.F > module_kpp_racmsorg_Parameters.G
/lib/cpp -P -nostdinc -I/glade/work/rkumar/NASA_HMA/WRFchem_HMA/inc -DEM_CORE=1 -DNMM_CORE=0 -DNMM_MAX_DIM=2600 -DCOAMPS_CORE=0 -DDA_CORE=0 -DEXP_CORE=0 -DIWORDSIZE=4 -DDWORDSIZE=8 -DRWORDSIZE=4 -DLWORDSIZE=4 -DNONSTANDARD_SYSTEM_FUNC  -DWRF_USE_CLM  -DSNICAR_FRC    -DDM_PARALLEL -DNETCDF -DUSE_ALLOCATABLES -DGRIB1 -DINTIO -DKEEP_INT_AROUND -DLIMIT_ARGS -DCONFIG_BUF_LEN=65536 -DMAX_DOMAINS_F=21 -DMAX_HISTORY=25 -DNMM_NEST=0 -DWRF_CHEM -DBUILD_CHEM=1 -DWRF_KPP -I. -traditional-cpp   module_kpp_racmsorg_Parameters.G  > module_kpp_racmsorg_Parameters.H
sed -e "s/gridmu/grid%mu/g" -e "s/gridMu/grid%Mu/g" module_kpp_racmsorg_Parameters.H > module_kpp_racmsorg_Parameters.bb
/glade/work/rkumar/NASA_HMA/WRFchem_HMA/tools/standard.exe module_kpp_racmsorg_Parameters.bb | /lib/cpp -P -nostdinc -traditional-cpp > module_kpp_racmsorg_Parameters.f90
rm -f module_kpp_racmsorg_Parameters.G module_kpp_racmsorg_Parameters.H module_kpp_racmsorg_Parameters.bb
time mpif90 -f90=ifort -o module_kpp_racmsorg_Parameters.o -c -O3 -ip -fp-model precise -w -ftz -align all -fno-alias -FR -convert big_endian    -I../dyn_em -I../dyn_nmm   -I/glade/work/rkumar/NASA_HMA/WRFchem_HMA/external/esmf_time_f90  -I/glade/work/rkumar/NASA_HMA/WRFchem_HMA/main -I/glade/work/rkumar/NASA_HMA/WRFchem_HMA/external/io_netcdf -I/glade/work/rkumar/NASA_HMA/WRFchem_HMA/external/io_int -I/glade/work/rkumar/NASA_HMA/WRFchem_HMA/frame -I/glade/work/rkumar/NASA_HMA/WRFchem_HMA/share -I/glade/work/rkumar/NASA_HMA/WRFchem_HMA/phys -I/glade/work/rkumar/NASA_HMA/WRFchem_HMA/chem -I/glade/work/rkumar/NASA_HMA/WRFchem_HMA/inc -I/glade/u/apps/ch/opt/netcdf/4.8.1/intel/19.1.1//include  -real-size `expr 8 \* 4` -i4  module_kpp_racmsorg_Parameters.f90

real	0m0.554s
user	0m0.069s
sys	0m0.428s
rm -f module_kpp_racmsorg_JacobianSP.o
sed -e "s/grid%mu/gridmu/g" -e "s/grid%Mu/gridMu/g" -e "s/^\!.*'.*//" -e "s/^ *\!.*'.*//" module_kpp_racmsorg_JacobianSP.F > module_kpp_racmsorg_JacobianSP.G
/lib/cpp -P -nostdinc -I/glade/work/rkumar/NASA_HMA/WRFchem_HMA/inc -DEM_CORE=1 -DNMM_CORE=0 -DNMM_MAX_DIM=2600 -DCOAMPS_CORE=0 -DDA_CORE=0 -DEXP_CORE=0 -DIWORDSIZE=4 -DDWORDSIZE=8 -DRWORDSIZE=4 -DLWORDSIZE=4 -DNONSTANDARD_SYSTEM_FUNC  -DWRF_USE_CLM  -DSNICAR_FRC    -DDM_PARALLEL -DNETCDF -DUSE_ALLOCATABLES -DGRIB1 -DINTIO -DKEEP_INT_AROUND -DLIMIT_ARGS -DCONFIG_BUF_LEN=65536 -DMAX_DOMAINS_F=21 -DMAX_HISTORY=25 -DNMM_NEST=0 -DWRF_CHEM -DBUILD_CHEM=1 -DWRF_KPP -I. -traditional-cpp   module_kpp_racmsorg_JacobianSP.G  > module_kpp_racmsorg_JacobianSP.H
sed -e "s/gridmu/grid%mu/g" -e "s/gridMu/grid%Mu/g" module_kpp_racmsorg_JacobianSP.H > module_kpp_racmsorg_JacobianSP.bb
/glade/work/rkumar/NASA_HMA/WRFchem_HMA/tools/standard.exe module_kpp_racmsorg_JacobianSP.bb | /lib/cpp -P -nostdinc -traditional-cpp > module_kpp_racmsorg_JacobianSP.f90
rm -f module_kpp_racmsorg_JacobianSP.G module_kpp_racmsorg_JacobianSP.H module_kpp_racmsorg_JacobianSP.bb
time mpif90 -f90=ifort -o module_kpp_racmsorg_JacobianSP.o -c -O3 -ip -fp-model precise -w -ftz -align all -fno-alias -FR -convert big_endian    -I../dyn_em -I../dyn_nmm   -I/glade/work/rkumar/NASA_HMA/WRFchem_HMA/external/esmf_time_f90  -I/glade/work/rkumar/NASA_HMA/WRFchem_HMA/main -I/glade/work/rkumar/NASA_HMA/WRFchem_HMA/external/io_netcdf -I/glade/work/rkumar/NASA_HMA/WRFchem_HMA/external/io_int -I/glade/work/rkumar/NASA_HMA/WRFchem_HMA/frame -I/glade/work/rkumar/NASA_HMA/WRFchem_HMA/share -I/glade/work/rkumar/NASA_HMA/WRFchem_HMA/phys -I/glade/work/rkumar/NASA_HMA/WRFchem_HMA/chem -I/glade/work/rkumar/NASA_HMA/WRFchem_HMA/inc -I/glade/u/apps/ch/opt/netcdf/4.8.1/intel/19.1.1//include  -real-size `expr 8 \* 4` -i4  module_kpp_racmsorg_JacobianSP.f90

real	0m0.562s
user	0m0.063s
sys	0m0.439s
rm -f module_kpp_racmsorg_Jacobian.o
sed -e "s/grid%mu/gridmu/g" -e "s/grid%Mu/gridMu/g" -e "s/^\!.*'.*//" -e "s/^ *\!.*'.*//" module_kpp_racmsorg_Jacobian.F > module_kpp_racmsorg_Jacobian.G
/lib/cpp -P -nostdinc -I/glade/work/rkumar/NASA_HMA/WRFchem_HMA/inc -DEM_CORE=1 -DNMM_CORE=0 -DNMM_MAX_DIM=2600 -DCOAMPS_CORE=0 -DDA_CORE=0 -DEXP_CORE=0 -DIWORDSIZE=4 -DDWORDSIZE=8 -DRWORDSIZE=4 -DLWORDSIZE=4 -DNONSTANDARD_SYSTEM_FUNC  -DWRF_USE_CLM  -DSNICAR_FRC    -DDM_PARALLEL -DNETCDF -DUSE_ALLOCATABLES -DGRIB1 -DINTIO -DKEEP_INT_AROUND -DLIMIT_ARGS -DCONFIG_BUF_LEN=65536 -DMAX_DOMAINS_F=21 -DMAX_HISTORY=25 -DNMM_NEST=0 -DWRF_CHEM -DBUILD_CHEM=1 -DWRF_KPP -I. -traditional-cpp   module_kpp_racmsorg_Jacobian.G  > module_kpp_racmsorg_Jacobian.H
sed -e "s/gridmu/grid%mu/g" -e "s/gridMu/grid%Mu/g" module_kpp_racmsorg_Jacobian.H > module_kpp_racmsorg_Jacobian.bb
/glade/work/rkumar/NASA_HMA/WRFchem_HMA/tools/standard.exe module_kpp_racmsorg_Jacobian.bb | /lib/cpp -P -nostdinc -traditional-cpp > module_kpp_racmsorg_Jacobian.f90
rm -f module_kpp_racmsorg_Jacobian.G module_kpp_racmsorg_Jacobian.H module_kpp_racmsorg_Jacobian.bb
time mpif90 -f90=ifort -o module_kpp_racmsorg_Jacobian.o -c -O3 -ip -fp-model precise -w -ftz -align all -fno-alias -FR -convert big_endian    -I../dyn_em -I../dyn_nmm   -I/glade/work/rkumar/NASA_HMA/WRFchem_HMA/external/esmf_time_f90  -I/glade/work/rkumar/NASA_HMA/WRFchem_HMA/main -I/glade/work/rkumar/NASA_HMA/WRFchem_HMA/external/io_netcdf -I/glade/work/rkumar/NASA_HMA/WRFchem_HMA/external/io_int -I/glade/work/rkumar/NASA_HMA/WRFchem_HMA/frame -I/glade/work/rkumar/NASA_HMA/WRFchem_HMA/share -I/glade/work/rkumar/NASA_HMA/WRFchem_HMA/phys -I/glade/work/rkumar/NASA_HMA/WRFchem_HMA/chem -I/glade/work/rkumar/NASA_HMA/WRFchem_HMA/inc -I/glade/u/apps/ch/opt/netcdf/4.8.1/intel/19.1.1//include  -real-size `expr 8 \* 4` -i4  module_kpp_racmsorg_Jacobian.f90

real	0m1.394s
user	0m0.885s
sys	0m0.453s
rm -f module_kpp_racmsorg_Update_Rconst.o
sed -e "s/grid%mu/gridmu/g" -e "s/grid%Mu/gridMu/g" -e "s/^\!.*'.*//" -e "s/^ *\!.*'.*//" module_kpp_racmsorg_Update_Rconst.F > module_kpp_racmsorg_Update_Rconst.G
/lib/cpp -P -nostdinc -I/glade/work/rkumar/NASA_HMA/WRFchem_HMA/inc -DEM_CORE=1 -DNMM_CORE=0 -DNMM_MAX_DIM=2600 -DCOAMPS_CORE=0 -DDA_CORE=0 -DEXP_CORE=0 -DIWORDSIZE=4 -DDWORDSIZE=8 -DRWORDSIZE=4 -DLWORDSIZE=4 -DNONSTANDARD_SYSTEM_FUNC  -DWRF_USE_CLM  -DSNICAR_FRC    -DDM_PARALLEL -DNETCDF -DUSE_ALLOCATABLES -DGRIB1 -DINTIO -DKEEP_INT_AROUND -DLIMIT_ARGS -DCONFIG_BUF_LEN=65536 -DMAX_DOMAINS_F=21 -DMAX_HISTORY=25 -DNMM_NEST=0 -DWRF_CHEM -DBUILD_CHEM=1 -DWRF_KPP -I. -traditional-cpp   module_kpp_racmsorg_Update_Rconst.G  > module_kpp_racmsorg_Update_Rconst.H
sed -e "s/gridmu/grid%mu/g" -e "s/gridMu/grid%Mu/g" module_kpp_racmsorg_Update_Rconst.H > module_kpp_racmsorg_Update_Rconst.bb
/glade/work/rkumar/NASA_HMA/WRFchem_HMA/tools/standard.exe module_kpp_racmsorg_Update_Rconst.bb | /lib/cpp -P -nostdinc -traditional-cpp > module_kpp_racmsorg_Update_Rconst.f90
rm -f module_kpp_racmsorg_Update_Rconst.G module_kpp_racmsorg_Update_Rconst.H module_kpp_racmsorg_Update_Rconst.bb
time mpif90 -f90=ifort -o module_kpp_racmsorg_Update_Rconst.o -c -O3 -ip -fp-model precise -w -ftz -align all -fno-alias -FR -convert big_endian    -I../dyn_em -I../dyn_nmm   -I/glade/work/rkumar/NASA_HMA/WRFchem_HMA/external/esmf_time_f90  -I/glade/work/rkumar/NASA_HMA/WRFchem_HMA/main -I/glade/work/rkumar/NASA_HMA/WRFchem_HMA/external/io_netcdf -I/glade/work/rkumar/NASA_HMA/WRFchem_HMA/external/io_int -I/glade/work/rkumar/NASA_HMA/WRFchem_HMA/frame -I/glade/work/rkumar/NASA_HMA/WRFchem_HMA/share -I/glade/work/rkumar/NASA_HMA/WRFchem_HMA/phys -I/glade/work/rkumar/NASA_HMA/WRFchem_HMA/chem -I/glade/work/rkumar/NASA_HMA/WRFchem_HMA/inc -I/glade/u/apps/ch/opt/netcdf/4.8.1/intel/19.1.1//include  -real-size `expr 8 \* 4` -i4  module_kpp_racmsorg_Update_Rconst.f90

real	0m0.757s
user	0m0.241s
sys	0m0.463s
rm -f module_kpp_racmsorg_Integr.o
sed -e "s/grid%mu/gridmu/g" -e "s/grid%Mu/gridMu/g" -e "s/^\!.*'.*//" -e "s/^ *\!.*'.*//" module_kpp_racmsorg_Integr.F > module_kpp_racmsorg_Integr.G
/lib/cpp -P -nostdinc -I/glade/work/rkumar/NASA_HMA/WRFchem_HMA/inc -DEM_CORE=1 -DNMM_CORE=0 -DNMM_MAX_DIM=2600 -DCOAMPS_CORE=0 -DDA_CORE=0 -DEXP_CORE=0 -DIWORDSIZE=4 -DDWORDSIZE=8 -DRWORDSIZE=4 -DLWORDSIZE=4 -DNONSTANDARD_SYSTEM_FUNC  -DWRF_USE_CLM  -DSNICAR_FRC    -DDM_PARALLEL -DNETCDF -DUSE_ALLOCATABLES -DGRIB1 -DINTIO -DKEEP_INT_AROUND -DLIMIT_ARGS -DCONFIG_BUF_LEN=65536 -DMAX_DOMAINS_F=21 -DMAX_HISTORY=25 -DNMM_NEST=0 -DWRF_CHEM -DBUILD_CHEM=1 -DWRF_KPP -I. -traditional-cpp   module_kpp_racmsorg_Integr.G  > module_kpp_racmsorg_Integr.H
sed -e "s/gridmu/grid%mu/g" -e "s/gridMu/grid%Mu/g" module_kpp_racmsorg_Integr.H > module_kpp_racmsorg_Integr.bb
/glade/work/rkumar/NASA_HMA/WRFchem_HMA/tools/standard.exe module_kpp_racmsorg_Integr.bb | /lib/cpp -P -nostdinc -traditional-cpp > module_kpp_racmsorg_Integr.f90
rm -f module_kpp_racmsorg_Integr.G module_kpp_racmsorg_Integr.H module_kpp_racmsorg_Integr.bb
time mpif90 -f90=ifort -o module_kpp_racmsorg_Integr.o -c -O3 -ip -fp-model precise -w -ftz -align all -fno-alias -FR -convert big_endian    -I../dyn_em -I../dyn_nmm   -I/glade/work/rkumar/NASA_HMA/WRFchem_HMA/external/esmf_time_f90  -I/glade/work/rkumar/NASA_HMA/WRFchem_HMA/main -I/glade/work/rkumar/NASA_HMA/WRFchem_HMA/external/io_netcdf -I/glade/work/rkumar/NASA_HMA/WRFchem_HMA/external/io_int -I/glade/work/rkumar/NASA_HMA/WRFchem_HMA/frame -I/glade/work/rkumar/NASA_HMA/WRFchem_HMA/share -I/glade/work/rkumar/NASA_HMA/WRFchem_HMA/phys -I/glade/work/rkumar/NASA_HMA/WRFchem_HMA/chem -I/glade/work/rkumar/NASA_HMA/WRFchem_HMA/inc -I/glade/u/apps/ch/opt/netcdf/4.8.1/intel/19.1.1//include  -real-size `expr 8 \* 4` -i4  module_kpp_racmsorg_Integr.f90

real	0m19.727s
user	0m18.934s
sys	0m0.730s
rm -f module_kpp_racmsorg_interface.o
sed -e "s/grid%mu/gridmu/g" -e "s/grid%Mu/gridMu/g" -e "s/^\!.*'.*//" -e "s/^ *\!.*'.*//" module_kpp_racmsorg_interface.F > module_kpp_racmsorg_interface.G
/lib/cpp -P -nostdinc -I/glade/work/rkumar/NASA_HMA/WRFchem_HMA/inc -DEM_CORE=1 -DNMM_CORE=0 -DNMM_MAX_DIM=2600 -DCOAMPS_CORE=0 -DDA_CORE=0 -DEXP_CORE=0 -DIWORDSIZE=4 -DDWORDSIZE=8 -DRWORDSIZE=4 -DLWORDSIZE=4 -DNONSTANDARD_SYSTEM_FUNC  -DWRF_USE_CLM  -DSNICAR_FRC    -DDM_PARALLEL -DNETCDF -DUSE_ALLOCATABLES -DGRIB1 -DINTIO -DKEEP_INT_AROUND -DLIMIT_ARGS -DCONFIG_BUF_LEN=65536 -DMAX_DOMAINS_F=21 -DMAX_HISTORY=25 -DNMM_NEST=0 -DWRF_CHEM -DBUILD_CHEM=1 -DWRF_KPP -I. -traditional-cpp   module_kpp_racmsorg_interface.G  > module_kpp_racmsorg_interface.H
sed -e "s/gridmu/grid%mu/g" -e "s/gridMu/grid%Mu/g" module_kpp_racmsorg_interface.H > module_kpp_racmsorg_interface.bb
/glade/work/rkumar/NASA_HMA/WRFchem_HMA/tools/standard.exe module_kpp_racmsorg_interface.bb | /lib/cpp -P -nostdinc -traditional-cpp > module_kpp_racmsorg_interface.f90
rm -f module_kpp_racmsorg_interface.G module_kpp_racmsorg_interface.H module_kpp_racmsorg_interface.bb
time mpif90 -f90=ifort -o module_kpp_racmsorg_interface.o -c -O3 -ip -fp-model precise -w -ftz -align all -fno-alias -FR -convert big_endian    -I../dyn_em -I../dyn_nmm   -I/glade/work/rkumar/NASA_HMA/WRFchem_HMA/external/esmf_time_f90  -I/glade/work/rkumar/NASA_HMA/WRFchem_HMA/main -I/glade/work/rkumar/NASA_HMA/WRFchem_HMA/external/io_netcdf -I/glade/work/rkumar/NASA_HMA/WRFchem_HMA/external/io_int -I/glade/work/rkumar/NASA_HMA/WRFchem_HMA/frame -I/glade/work/rkumar/NASA_HMA/WRFchem_HMA/share -I/glade/work/rkumar/NASA_HMA/WRFchem_HMA/phys -I/glade/work/rkumar/NASA_HMA/WRFchem_HMA/chem -I/glade/work/rkumar/NASA_HMA/WRFchem_HMA/inc -I/glade/u/apps/ch/opt/netcdf/4.8.1/intel/19.1.1//include  -real-size `expr 8 \* 4` -i4  module_kpp_racmsorg_interface.f90

real	0m1.555s
user	0m1.007s
sys	0m0.486s
rm -f module_kpp_cbmz_bb_Precision.o
sed -e "s/grid%mu/gridmu/g" -e "s/grid%Mu/gridMu/g" -e "s/^\!.*'.*//" -e "s/^ *\!.*'.*//" module_kpp_cbmz_bb_Precision.F > module_kpp_cbmz_bb_Precision.G
/lib/cpp -P -nostdinc -I/glade/work/rkumar/NASA_HMA/WRFchem_HMA/inc -DEM_CORE=1 -DNMM_CORE=0 -DNMM_MAX_DIM=2600 -DCOAMPS_CORE=0 -DDA_CORE=0 -DEXP_CORE=0 -DIWORDSIZE=4 -DDWORDSIZE=8 -DRWORDSIZE=4 -DLWORDSIZE=4 -DNONSTANDARD_SYSTEM_FUNC  -DWRF_USE_CLM  -DSNICAR_FRC    -DDM_PARALLEL -DNETCDF -DUSE_ALLOCATABLES -DGRIB1 -DINTIO -DKEEP_INT_AROUND -DLIMIT_ARGS -DCONFIG_BUF_LEN=65536 -DMAX_DOMAINS_F=21 -DMAX_HISTORY=25 -DNMM_NEST=0 -DWRF_CHEM -DBUILD_CHEM=1 -DWRF_KPP -I. -traditional-cpp   module_kpp_cbmz_bb_Precision.G  > module_kpp_cbmz_bb_Precision.H
sed -e "s/gridmu/grid%mu/g" -e "s/gridMu/grid%Mu/g" module_kpp_cbmz_bb_Precision.H > module_kpp_cbmz_bb_Precision.bb
/glade/work/rkumar/NASA_HMA/WRFchem_HMA/tools/standard.exe module_kpp_cbmz_bb_Precision.bb | /lib/cpp -P -nostdinc -traditional-cpp > module_kpp_cbmz_bb_Precision.f90
rm -f module_kpp_cbmz_bb_Precision.G module_kpp_cbmz_bb_Precision.H module_kpp_cbmz_bb_Precision.bb
time mpif90 -f90=ifort -o module_kpp_cbmz_bb_Precision.o -c -O3 -ip -fp-model precise -w -ftz -align all -fno-alias -FR -convert big_endian    -I../dyn_em -I../dyn_nmm   -I/glade/work/rkumar/NASA_HMA/WRFchem_HMA/external/esmf_time_f90  -I/glade/work/rkumar/NASA_HMA/WRFchem_HMA/main -I/glade/work/rkumar/NASA_HMA/WRFchem_HMA/external/io_netcdf -I/glade/work/rkumar/NASA_HMA/WRFchem_HMA/external/io_int -I/glade/work/rkumar/NASA_HMA/WRFchem_HMA/frame -I/glade/work/rkumar/NASA_HMA/WRFchem_HMA/share -I/glade/work/rkumar/NASA_HMA/WRFchem_HMA/phys -I/glade/work/rkumar/NASA_HMA/WRFchem_HMA/chem -I/glade/work/rkumar/NASA_HMA/WRFchem_HMA/inc -I/glade/u/apps/ch/opt/netcdf/4.8.1/intel/19.1.1//include  -real-size `expr 8 \* 4` -i4  module_kpp_cbmz_bb_Precision.f90

real	0m0.582s
user	0m0.060s
sys	0m0.464s
rm -f module_kpp_cbmz_bb_Parameters.o
sed -e "s/grid%mu/gridmu/g" -e "s/grid%Mu/gridMu/g" -e "s/^\!.*'.*//" -e "s/^ *\!.*'.*//" module_kpp_cbmz_bb_Parameters.F > module_kpp_cbmz_bb_Parameters.G
/lib/cpp -P -nostdinc -I/glade/work/rkumar/NASA_HMA/WRFchem_HMA/inc -DEM_CORE=1 -DNMM_CORE=0 -DNMM_MAX_DIM=2600 -DCOAMPS_CORE=0 -DDA_CORE=0 -DEXP_CORE=0 -DIWORDSIZE=4 -DDWORDSIZE=8 -DRWORDSIZE=4 -DLWORDSIZE=4 -DNONSTANDARD_SYSTEM_FUNC  -DWRF_USE_CLM  -DSNICAR_FRC    -DDM_PARALLEL -DNETCDF -DUSE_ALLOCATABLES -DGRIB1 -DINTIO -DKEEP_INT_AROUND -DLIMIT_ARGS -DCONFIG_BUF_LEN=65536 -DMAX_DOMAINS_F=21 -DMAX_HISTORY=25 -DNMM_NEST=0 -DWRF_CHEM -DBUILD_CHEM=1 -DWRF_KPP -I. -traditional-cpp   module_kpp_cbmz_bb_Parameters.G  > module_kpp_cbmz_bb_Parameters.H
sed -e "s/gridmu/grid%mu/g" -e "s/gridMu/grid%Mu/g" module_kpp_cbmz_bb_Parameters.H > module_kpp_cbmz_bb_Parameters.bb
/glade/work/rkumar/NASA_HMA/WRFchem_HMA/tools/standard.exe module_kpp_cbmz_bb_Parameters.bb | /lib/cpp -P -nostdinc -traditional-cpp > module_kpp_cbmz_bb_Parameters.f90
rm -f module_kpp_cbmz_bb_Parameters.G module_kpp_cbmz_bb_Parameters.H module_kpp_cbmz_bb_Parameters.bb
time mpif90 -f90=ifort -o module_kpp_cbmz_bb_Parameters.o -c -O3 -ip -fp-model precise -w -ftz -align all -fno-alias -FR -convert big_endian    -I../dyn_em -I../dyn_nmm   -I/glade/work/rkumar/NASA_HMA/WRFchem_HMA/external/esmf_time_f90  -I/glade/work/rkumar/NASA_HMA/WRFchem_HMA/main -I/glade/work/rkumar/NASA_HMA/WRFchem_HMA/external/io_netcdf -I/glade/work/rkumar/NASA_HMA/WRFchem_HMA/external/io_int -I/glade/work/rkumar/NASA_HMA/WRFchem_HMA/frame -I/glade/work/rkumar/NASA_HMA/WRFchem_HMA/share -I/glade/work/rkumar/NASA_HMA/WRFchem_HMA/phys -I/glade/work/rkumar/NASA_HMA/WRFchem_HMA/chem -I/glade/work/rkumar/NASA_HMA/WRFchem_HMA/inc -I/glade/u/apps/ch/opt/netcdf/4.8.1/intel/19.1.1//include  -real-size `expr 8 \* 4` -i4  module_kpp_cbmz_bb_Parameters.f90

real	0m0.553s
user	0m0.054s
sys	0m0.433s
rm -f module_kpp_cbmz_bb_JacobianSP.o
sed -e "s/grid%mu/gridmu/g" -e "s/grid%Mu/gridMu/g" -e "s/^\!.*'.*//" -e "s/^ *\!.*'.*//" module_kpp_cbmz_bb_JacobianSP.F > module_kpp_cbmz_bb_JacobianSP.G
/lib/cpp -P -nostdinc -I/glade/work/rkumar/NASA_HMA/WRFchem_HMA/inc -DEM_CORE=1 -DNMM_CORE=0 -DNMM_MAX_DIM=2600 -DCOAMPS_CORE=0 -DDA_CORE=0 -DEXP_CORE=0 -DIWORDSIZE=4 -DDWORDSIZE=8 -DRWORDSIZE=4 -DLWORDSIZE=4 -DNONSTANDARD_SYSTEM_FUNC  -DWRF_USE_CLM  -DSNICAR_FRC    -DDM_PARALLEL -DNETCDF -DUSE_ALLOCATABLES -DGRIB1 -DINTIO -DKEEP_INT_AROUND -DLIMIT_ARGS -DCONFIG_BUF_LEN=65536 -DMAX_DOMAINS_F=21 -DMAX_HISTORY=25 -DNMM_NEST=0 -DWRF_CHEM -DBUILD_CHEM=1 -DWRF_KPP -I. -traditional-cpp   module_kpp_cbmz_bb_JacobianSP.G  > module_kpp_cbmz_bb_JacobianSP.H
sed -e "s/gridmu/grid%mu/g" -e "s/gridMu/grid%Mu/g" module_kpp_cbmz_bb_JacobianSP.H > module_kpp_cbmz_bb_JacobianSP.bb
/glade/work/rkumar/NASA_HMA/WRFchem_HMA/tools/standard.exe module_kpp_cbmz_bb_JacobianSP.bb | /lib/cpp -P -nostdinc -traditional-cpp > module_kpp_cbmz_bb_JacobianSP.f90
rm -f module_kpp_cbmz_bb_JacobianSP.G module_kpp_cbmz_bb_JacobianSP.H module_kpp_cbmz_bb_JacobianSP.bb
time mpif90 -f90=ifort -o module_kpp_cbmz_bb_JacobianSP.o -c -O3 -ip -fp-model precise -w -ftz -align all -fno-alias -FR -convert big_endian    -I../dyn_em -I../dyn_nmm   -I/glade/work/rkumar/NASA_HMA/WRFchem_HMA/external/esmf_time_f90  -I/glade/work/rkumar/NASA_HMA/WRFchem_HMA/main -I/glade/work/rkumar/NASA_HMA/WRFchem_HMA/external/io_netcdf -I/glade/work/rkumar/NASA_HMA/WRFchem_HMA/external/io_int -I/glade/work/rkumar/NASA_HMA/WRFchem_HMA/frame -I/glade/work/rkumar/NASA_HMA/WRFchem_HMA/share -I/glade/work/rkumar/NASA_HMA/WRFchem_HMA/phys -I/glade/work/rkumar/NASA_HMA/WRFchem_HMA/chem -I/glade/work/rkumar/NASA_HMA/WRFchem_HMA/inc -I/glade/u/apps/ch/opt/netcdf/4.8.1/intel/19.1.1//include  -real-size `expr 8 \* 4` -i4  module_kpp_cbmz_bb_JacobianSP.f90

real	0m0.586s
user	0m0.057s
sys	0m0.481s
rm -f module_kpp_cbmz_bb_Jacobian.o
sed -e "s/grid%mu/gridmu/g" -e "s/grid%Mu/gridMu/g" -e "s/^\!.*'.*//" -e "s/^ *\!.*'.*//" module_kpp_cbmz_bb_Jacobian.F > module_kpp_cbmz_bb_Jacobian.G
/lib/cpp -P -nostdinc -I/glade/work/rkumar/NASA_HMA/WRFchem_HMA/inc -DEM_CORE=1 -DNMM_CORE=0 -DNMM_MAX_DIM=2600 -DCOAMPS_CORE=0 -DDA_CORE=0 -DEXP_CORE=0 -DIWORDSIZE=4 -DDWORDSIZE=8 -DRWORDSIZE=4 -DLWORDSIZE=4 -DNONSTANDARD_SYSTEM_FUNC  -DWRF_USE_CLM  -DSNICAR_FRC    -DDM_PARALLEL -DNETCDF -DUSE_ALLOCATABLES -DGRIB1 -DINTIO -DKEEP_INT_AROUND -DLIMIT_ARGS -DCONFIG_BUF_LEN=65536 -DMAX_DOMAINS_F=21 -DMAX_HISTORY=25 -DNMM_NEST=0 -DWRF_CHEM -DBUILD_CHEM=1 -DWRF_KPP -I. -traditional-cpp   module_kpp_cbmz_bb_Jacobian.G  > module_kpp_cbmz_bb_Jacobian.H
sed -e "s/gridmu/grid%mu/g" -e "s/gridMu/grid%Mu/g" module_kpp_cbmz_bb_Jacobian.H > module_kpp_cbmz_bb_Jacobian.bb
/glade/work/rkumar/NASA_HMA/WRFchem_HMA/tools/standard.exe module_kpp_cbmz_bb_Jacobian.bb | /lib/cpp -P -nostdinc -traditional-cpp > module_kpp_cbmz_bb_Jacobian.f90
rm -f module_kpp_cbmz_bb_Jacobian.G module_kpp_cbmz_bb_Jacobian.H module_kpp_cbmz_bb_Jacobian.bb
time mpif90 -f90=ifort -o module_kpp_cbmz_bb_Jacobian.o -c -O3 -ip -fp-model precise -w -ftz -align all -fno-alias -FR -convert big_endian    -I../dyn_em -I../dyn_nmm   -I/glade/work/rkumar/NASA_HMA/WRFchem_HMA/external/esmf_time_f90  -I/glade/work/rkumar/NASA_HMA/WRFchem_HMA/main -I/glade/work/rkumar/NASA_HMA/WRFchem_HMA/external/io_netcdf -I/glade/work/rkumar/NASA_HMA/WRFchem_HMA/external/io_int -I/glade/work/rkumar/NASA_HMA/WRFchem_HMA/frame -I/glade/work/rkumar/NASA_HMA/WRFchem_HMA/share -I/glade/work/rkumar/NASA_HMA/WRFchem_HMA/phys -I/glade/work/rkumar/NASA_HMA/WRFchem_HMA/chem -I/glade/work/rkumar/NASA_HMA/WRFchem_HMA/inc -I/glade/u/apps/ch/opt/netcdf/4.8.1/intel/19.1.1//include  -real-size `expr 8 \* 4` -i4  module_kpp_cbmz_bb_Jacobian.f90

real	0m0.921s
user	0m0.425s
sys	0m0.421s
rm -f module_kpp_cbmz_bb_Update_Rconst.o
sed -e "s/grid%mu/gridmu/g" -e "s/grid%Mu/gridMu/g" -e "s/^\!.*'.*//" -e "s/^ *\!.*'.*//" module_kpp_cbmz_bb_Update_Rconst.F > module_kpp_cbmz_bb_Update_Rconst.G
/lib/cpp -P -nostdinc -I/glade/work/rkumar/NASA_HMA/WRFchem_HMA/inc -DEM_CORE=1 -DNMM_CORE=0 -DNMM_MAX_DIM=2600 -DCOAMPS_CORE=0 -DDA_CORE=0 -DEXP_CORE=0 -DIWORDSIZE=4 -DDWORDSIZE=8 -DRWORDSIZE=4 -DLWORDSIZE=4 -DNONSTANDARD_SYSTEM_FUNC  -DWRF_USE_CLM  -DSNICAR_FRC    -DDM_PARALLEL -DNETCDF -DUSE_ALLOCATABLES -DGRIB1 -DINTIO -DKEEP_INT_AROUND -DLIMIT_ARGS -DCONFIG_BUF_LEN=65536 -DMAX_DOMAINS_F=21 -DMAX_HISTORY=25 -DNMM_NEST=0 -DWRF_CHEM -DBUILD_CHEM=1 -DWRF_KPP -I. -traditional-cpp   module_kpp_cbmz_bb_Update_Rconst.G  > module_kpp_cbmz_bb_Update_Rconst.H
sed -e "s/gridmu/grid%mu/g" -e "s/gridMu/grid%Mu/g" module_kpp_cbmz_bb_Update_Rconst.H > module_kpp_cbmz_bb_Update_Rconst.bb
/glade/work/rkumar/NASA_HMA/WRFchem_HMA/tools/standard.exe module_kpp_cbmz_bb_Update_Rconst.bb | /lib/cpp -P -nostdinc -traditional-cpp > module_kpp_cbmz_bb_Update_Rconst.f90
rm -f module_kpp_cbmz_bb_Update_Rconst.G module_kpp_cbmz_bb_Update_Rconst.H module_kpp_cbmz_bb_Update_Rconst.bb
time mpif90 -f90=ifort -o module_kpp_cbmz_bb_Update_Rconst.o -c -O3 -ip -fp-model precise -w -ftz -align all -fno-alias -FR -convert big_endian    -I../dyn_em -I../dyn_nmm   -I/glade/work/rkumar/NASA_HMA/WRFchem_HMA/external/esmf_time_f90  -I/glade/work/rkumar/NASA_HMA/WRFchem_HMA/main -I/glade/work/rkumar/NASA_HMA/WRFchem_HMA/external/io_netcdf -I/glade/work/rkumar/NASA_HMA/WRFchem_HMA/external/io_int -I/glade/work/rkumar/NASA_HMA/WRFchem_HMA/frame -I/glade/work/rkumar/NASA_HMA/WRFchem_HMA/share -I/glade/work/rkumar/NASA_HMA/WRFchem_HMA/phys -I/glade/work/rkumar/NASA_HMA/WRFchem_HMA/chem -I/glade/work/rkumar/NASA_HMA/WRFchem_HMA/inc -I/glade/u/apps/ch/opt/netcdf/4.8.1/intel/19.1.1//include  -real-size `expr 8 \* 4` -i4  module_kpp_cbmz_bb_Update_Rconst.f90

real	0m1.207s
user	0m0.701s
sys	0m0.441s
rm -f module_kpp_cbmz_bb_Integr.o
sed -e "s/grid%mu/gridmu/g" -e "s/grid%Mu/gridMu/g" -e "s/^\!.*'.*//" -e "s/^ *\!.*'.*//" module_kpp_cbmz_bb_Integr.F > module_kpp_cbmz_bb_Integr.G
/lib/cpp -P -nostdinc -I/glade/work/rkumar/NASA_HMA/WRFchem_HMA/inc -DEM_CORE=1 -DNMM_CORE=0 -DNMM_MAX_DIM=2600 -DCOAMPS_CORE=0 -DDA_CORE=0 -DEXP_CORE=0 -DIWORDSIZE=4 -DDWORDSIZE=8 -DRWORDSIZE=4 -DLWORDSIZE=4 -DNONSTANDARD_SYSTEM_FUNC  -DWRF_USE_CLM  -DSNICAR_FRC    -DDM_PARALLEL -DNETCDF -DUSE_ALLOCATABLES -DGRIB1 -DINTIO -DKEEP_INT_AROUND -DLIMIT_ARGS -DCONFIG_BUF_LEN=65536 -DMAX_DOMAINS_F=21 -DMAX_HISTORY=25 -DNMM_NEST=0 -DWRF_CHEM -DBUILD_CHEM=1 -DWRF_KPP -I. -traditional-cpp   module_kpp_cbmz_bb_Integr.G  > module_kpp_cbmz_bb_Integr.H
sed -e "s/gridmu/grid%mu/g" -e "s/gridMu/grid%Mu/g" module_kpp_cbmz_bb_Integr.H > module_kpp_cbmz_bb_Integr.bb
/glade/work/rkumar/NASA_HMA/WRFchem_HMA/tools/standard.exe module_kpp_cbmz_bb_Integr.bb | /lib/cpp -P -nostdinc -traditional-cpp > module_kpp_cbmz_bb_Integr.f90
rm -f module_kpp_cbmz_bb_Integr.G module_kpp_cbmz_bb_Integr.H module_kpp_cbmz_bb_Integr.bb
time mpif90 -f90=ifort -o module_kpp_cbmz_bb_Integr.o -c -O3 -ip -fp-model precise -w -ftz -align all -fno-alias -FR -convert big_endian    -I../dyn_em -I../dyn_nmm   -I/glade/work/rkumar/NASA_HMA/WRFchem_HMA/external/esmf_time_f90  -I/glade/work/rkumar/NASA_HMA/WRFchem_HMA/main -I/glade/work/rkumar/NASA_HMA/WRFchem_HMA/external/io_netcdf -I/glade/work/rkumar/NASA_HMA/WRFchem_HMA/external/io_int -I/glade/work/rkumar/NASA_HMA/WRFchem_HMA/frame -I/glade/work/rkumar/NASA_HMA/WRFchem_HMA/share -I/glade/work/rkumar/NASA_HMA/WRFchem_HMA/phys -I/glade/work/rkumar/NASA_HMA/WRFchem_HMA/chem -I/glade/work/rkumar/NASA_HMA/WRFchem_HMA/inc -I/glade/u/apps/ch/opt/netcdf/4.8.1/intel/19.1.1//include  -real-size `expr 8 \* 4` -i4  module_kpp_cbmz_bb_Integr.f90

real	0m5.946s
user	0m5.357s
sys	0m0.525s
rm -f module_kpp_cbmz_bb_interface.o
sed -e "s/grid%mu/gridmu/g" -e "s/grid%Mu/gridMu/g" -e "s/^\!.*'.*//" -e "s/^ *\!.*'.*//" module_kpp_cbmz_bb_interface.F > module_kpp_cbmz_bb_interface.G
/lib/cpp -P -nostdinc -I/glade/work/rkumar/NASA_HMA/WRFchem_HMA/inc -DEM_CORE=1 -DNMM_CORE=0 -DNMM_MAX_DIM=2600 -DCOAMPS_CORE=0 -DDA_CORE=0 -DEXP_CORE=0 -DIWORDSIZE=4 -DDWORDSIZE=8 -DRWORDSIZE=4 -DLWORDSIZE=4 -DNONSTANDARD_SYSTEM_FUNC  -DWRF_USE_CLM  -DSNICAR_FRC    -DDM_PARALLEL -DNETCDF -DUSE_ALLOCATABLES -DGRIB1 -DINTIO -DKEEP_INT_AROUND -DLIMIT_ARGS -DCONFIG_BUF_LEN=65536 -DMAX_DOMAINS_F=21 -DMAX_HISTORY=25 -DNMM_NEST=0 -DWRF_CHEM -DBUILD_CHEM=1 -DWRF_KPP -I. -traditional-cpp   module_kpp_cbmz_bb_interface.G  > module_kpp_cbmz_bb_interface.H
sed -e "s/gridmu/grid%mu/g" -e "s/gridMu/grid%Mu/g" module_kpp_cbmz_bb_interface.H > module_kpp_cbmz_bb_interface.bb
/glade/work/rkumar/NASA_HMA/WRFchem_HMA/tools/standard.exe module_kpp_cbmz_bb_interface.bb | /lib/cpp -P -nostdinc -traditional-cpp > module_kpp_cbmz_bb_interface.f90
rm -f module_kpp_cbmz_bb_interface.G module_kpp_cbmz_bb_interface.H module_kpp_cbmz_bb_interface.bb
time mpif90 -f90=ifort -o module_kpp_cbmz_bb_interface.o -c -O3 -ip -fp-model precise -w -ftz -align all -fno-alias -FR -convert big_endian    -I../dyn_em -I../dyn_nmm   -I/glade/work/rkumar/NASA_HMA/WRFchem_HMA/external/esmf_time_f90  -I/glade/work/rkumar/NASA_HMA/WRFchem_HMA/main -I/glade/work/rkumar/NASA_HMA/WRFchem_HMA/external/io_netcdf -I/glade/work/rkumar/NASA_HMA/WRFchem_HMA/external/io_int -I/glade/work/rkumar/NASA_HMA/WRFchem_HMA/frame -I/glade/work/rkumar/NASA_HMA/WRFchem_HMA/share -I/glade/work/rkumar/NASA_HMA/WRFchem_HMA/phys -I/glade/work/rkumar/NASA_HMA/WRFchem_HMA/chem -I/glade/work/rkumar/NASA_HMA/WRFchem_HMA/inc -I/glade/u/apps/ch/opt/netcdf/4.8.1/intel/19.1.1//include  -real-size `expr 8 \* 4` -i4  module_kpp_cbmz_bb_interface.f90

real	0m1.185s
user	0m0.635s
sys	0m0.491s
rm -f module_kpp_cb05_sorg_aq_Precision.o
sed -e "s/grid%mu/gridmu/g" -e "s/grid%Mu/gridMu/g" -e "s/^\!.*'.*//" -e "s/^ *\!.*'.*//" module_kpp_cb05_sorg_aq_Precision.F > module_kpp_cb05_sorg_aq_Precision.G
/lib/cpp -P -nostdinc -I/glade/work/rkumar/NASA_HMA/WRFchem_HMA/inc -DEM_CORE=1 -DNMM_CORE=0 -DNMM_MAX_DIM=2600 -DCOAMPS_CORE=0 -DDA_CORE=0 -DEXP_CORE=0 -DIWORDSIZE=4 -DDWORDSIZE=8 -DRWORDSIZE=4 -DLWORDSIZE=4 -DNONSTANDARD_SYSTEM_FUNC  -DWRF_USE_CLM  -DSNICAR_FRC    -DDM_PARALLEL -DNETCDF -DUSE_ALLOCATABLES -DGRIB1 -DINTIO -DKEEP_INT_AROUND -DLIMIT_ARGS -DCONFIG_BUF_LEN=65536 -DMAX_DOMAINS_F=21 -DMAX_HISTORY=25 -DNMM_NEST=0 -DWRF_CHEM -DBUILD_CHEM=1 -DWRF_KPP -I. -traditional-cpp   module_kpp_cb05_sorg_aq_Precision.G  > module_kpp_cb05_sorg_aq_Precision.H
sed -e "s/gridmu/grid%mu/g" -e "s/gridMu/grid%Mu/g" module_kpp_cb05_sorg_aq_Precision.H > module_kpp_cb05_sorg_aq_Precision.bb
/glade/work/rkumar/NASA_HMA/WRFchem_HMA/tools/standard.exe module_kpp_cb05_sorg_aq_Precision.bb | /lib/cpp -P -nostdinc -traditional-cpp > module_kpp_cb05_sorg_aq_Precision.f90
rm -f module_kpp_cb05_sorg_aq_Precision.G module_kpp_cb05_sorg_aq_Precision.H module_kpp_cb05_sorg_aq_Precision.bb
time mpif90 -f90=ifort -o module_kpp_cb05_sorg_aq_Precision.o -c -O3 -ip -fp-model precise -w -ftz -align all -fno-alias -FR -convert big_endian    -I../dyn_em -I../dyn_nmm   -I/glade/work/rkumar/NASA_HMA/WRFchem_HMA/external/esmf_time_f90  -I/glade/work/rkumar/NASA_HMA/WRFchem_HMA/main -I/glade/work/rkumar/NASA_HMA/WRFchem_HMA/external/io_netcdf -I/glade/work/rkumar/NASA_HMA/WRFchem_HMA/external/io_int -I/glade/work/rkumar/NASA_HMA/WRFchem_HMA/frame -I/glade/work/rkumar/NASA_HMA/WRFchem_HMA/share -I/glade/work/rkumar/NASA_HMA/WRFchem_HMA/phys -I/glade/work/rkumar/NASA_HMA/WRFchem_HMA/chem -I/glade/work/rkumar/NASA_HMA/WRFchem_HMA/inc -I/glade/u/apps/ch/opt/netcdf/4.8.1/intel/19.1.1//include  -real-size `expr 8 \* 4` -i4  module_kpp_cb05_sorg_aq_Precision.f90

real	0m0.556s
user	0m0.069s
sys	0m0.437s
rm -f module_kpp_cb05_sorg_aq_Parameters.o
sed -e "s/grid%mu/gridmu/g" -e "s/grid%Mu/gridMu/g" -e "s/^\!.*'.*//" -e "s/^ *\!.*'.*//" module_kpp_cb05_sorg_aq_Parameters.F > module_kpp_cb05_sorg_aq_Parameters.G
/lib/cpp -P -nostdinc -I/glade/work/rkumar/NASA_HMA/WRFchem_HMA/inc -DEM_CORE=1 -DNMM_CORE=0 -DNMM_MAX_DIM=2600 -DCOAMPS_CORE=0 -DDA_CORE=0 -DEXP_CORE=0 -DIWORDSIZE=4 -DDWORDSIZE=8 -DRWORDSIZE=4 -DLWORDSIZE=4 -DNONSTANDARD_SYSTEM_FUNC  -DWRF_USE_CLM  -DSNICAR_FRC    -DDM_PARALLEL -DNETCDF -DUSE_ALLOCATABLES -DGRIB1 -DINTIO -DKEEP_INT_AROUND -DLIMIT_ARGS -DCONFIG_BUF_LEN=65536 -DMAX_DOMAINS_F=21 -DMAX_HISTORY=25 -DNMM_NEST=0 -DWRF_CHEM -DBUILD_CHEM=1 -DWRF_KPP -I. -traditional-cpp   module_kpp_cb05_sorg_aq_Parameters.G  > module_kpp_cb05_sorg_aq_Parameters.H
sed -e "s/gridmu/grid%mu/g" -e "s/gridMu/grid%Mu/g" module_kpp_cb05_sorg_aq_Parameters.H > module_kpp_cb05_sorg_aq_Parameters.bb
/glade/work/rkumar/NASA_HMA/WRFchem_HMA/tools/standard.exe module_kpp_cb05_sorg_aq_Parameters.bb | /lib/cpp -P -nostdinc -traditional-cpp > module_kpp_cb05_sorg_aq_Parameters.f90
rm -f module_kpp_cb05_sorg_aq_Parameters.G module_kpp_cb05_sorg_aq_Parameters.H module_kpp_cb05_sorg_aq_Parameters.bb
time mpif90 -f90=ifort -o module_kpp_cb05_sorg_aq_Parameters.o -c -O3 -ip -fp-model precise -w -ftz -align all -fno-alias -FR -convert big_endian    -I../dyn_em -I../dyn_nmm   -I/glade/work/rkumar/NASA_HMA/WRFchem_HMA/external/esmf_time_f90  -I/glade/work/rkumar/NASA_HMA/WRFchem_HMA/main -I/glade/work/rkumar/NASA_HMA/WRFchem_HMA/external/io_netcdf -I/glade/work/rkumar/NASA_HMA/WRFchem_HMA/external/io_int -I/glade/work/rkumar/NASA_HMA/WRFchem_HMA/frame -I/glade/work/rkumar/NASA_HMA/WRFchem_HMA/share -I/glade/work/rkumar/NASA_HMA/WRFchem_HMA/phys -I/glade/work/rkumar/NASA_HMA/WRFchem_HMA/chem -I/glade/work/rkumar/NASA_HMA/WRFchem_HMA/inc -I/glade/u/apps/ch/opt/netcdf/4.8.1/intel/19.1.1//include  -real-size `expr 8 \* 4` -i4  module_kpp_cb05_sorg_aq_Parameters.f90

real	0m0.557s
user	0m0.050s
sys	0m0.476s
rm -f module_kpp_cb05_sorg_aq_JacobianSP.o
sed -e "s/grid%mu/gridmu/g" -e "s/grid%Mu/gridMu/g" -e "s/^\!.*'.*//" -e "s/^ *\!.*'.*//" module_kpp_cb05_sorg_aq_JacobianSP.F > module_kpp_cb05_sorg_aq_JacobianSP.G
/lib/cpp -P -nostdinc -I/glade/work/rkumar/NASA_HMA/WRFchem_HMA/inc -DEM_CORE=1 -DNMM_CORE=0 -DNMM_MAX_DIM=2600 -DCOAMPS_CORE=0 -DDA_CORE=0 -DEXP_CORE=0 -DIWORDSIZE=4 -DDWORDSIZE=8 -DRWORDSIZE=4 -DLWORDSIZE=4 -DNONSTANDARD_SYSTEM_FUNC  -DWRF_USE_CLM  -DSNICAR_FRC    -DDM_PARALLEL -DNETCDF -DUSE_ALLOCATABLES -DGRIB1 -DINTIO -DKEEP_INT_AROUND -DLIMIT_ARGS -DCONFIG_BUF_LEN=65536 -DMAX_DOMAINS_F=21 -DMAX_HISTORY=25 -DNMM_NEST=0 -DWRF_CHEM -DBUILD_CHEM=1 -DWRF_KPP -I. -traditional-cpp   module_kpp_cb05_sorg_aq_JacobianSP.G  > module_kpp_cb05_sorg_aq_JacobianSP.H
sed -e "s/gridmu/grid%mu/g" -e "s/gridMu/grid%Mu/g" module_kpp_cb05_sorg_aq_JacobianSP.H > module_kpp_cb05_sorg_aq_JacobianSP.bb
/glade/work/rkumar/NASA_HMA/WRFchem_HMA/tools/standard.exe module_kpp_cb05_sorg_aq_JacobianSP.bb | /lib/cpp -P -nostdinc -traditional-cpp > module_kpp_cb05_sorg_aq_JacobianSP.f90
rm -f module_kpp_cb05_sorg_aq_JacobianSP.G module_kpp_cb05_sorg_aq_JacobianSP.H module_kpp_cb05_sorg_aq_JacobianSP.bb
time mpif90 -f90=ifort -o module_kpp_cb05_sorg_aq_JacobianSP.o -c -O3 -ip -fp-model precise -w -ftz -align all -fno-alias -FR -convert big_endian    -I../dyn_em -I../dyn_nmm   -I/glade/work/rkumar/NASA_HMA/WRFchem_HMA/external/esmf_time_f90  -I/glade/work/rkumar/NASA_HMA/WRFchem_HMA/main -I/glade/work/rkumar/NASA_HMA/WRFchem_HMA/external/io_netcdf -I/glade/work/rkumar/NASA_HMA/WRFchem_HMA/external/io_int -I/glade/work/rkumar/NASA_HMA/WRFchem_HMA/frame -I/glade/work/rkumar/NASA_HMA/WRFchem_HMA/share -I/glade/work/rkumar/NASA_HMA/WRFchem_HMA/phys -I/glade/work/rkumar/NASA_HMA/WRFchem_HMA/chem -I/glade/work/rkumar/NASA_HMA/WRFchem_HMA/inc -I/glade/u/apps/ch/opt/netcdf/4.8.1/intel/19.1.1//include  -real-size `expr 8 \* 4` -i4  module_kpp_cb05_sorg_aq_JacobianSP.f90

real	0m0.561s
user	0m0.069s
sys	0m0.437s
rm -f module_kpp_cb05_sorg_aq_Jacobian.o
sed -e "s/grid%mu/gridmu/g" -e "s/grid%Mu/gridMu/g" -e "s/^\!.*'.*//" -e "s/^ *\!.*'.*//" module_kpp_cb05_sorg_aq_Jacobian.F > module_kpp_cb05_sorg_aq_Jacobian.G
/lib/cpp -P -nostdinc -I/glade/work/rkumar/NASA_HMA/WRFchem_HMA/inc -DEM_CORE=1 -DNMM_CORE=0 -DNMM_MAX_DIM=2600 -DCOAMPS_CORE=0 -DDA_CORE=0 -DEXP_CORE=0 -DIWORDSIZE=4 -DDWORDSIZE=8 -DRWORDSIZE=4 -DLWORDSIZE=4 -DNONSTANDARD_SYSTEM_FUNC  -DWRF_USE_CLM  -DSNICAR_FRC    -DDM_PARALLEL -DNETCDF -DUSE_ALLOCATABLES -DGRIB1 -DINTIO -DKEEP_INT_AROUND -DLIMIT_ARGS -DCONFIG_BUF_LEN=65536 -DMAX_DOMAINS_F=21 -DMAX_HISTORY=25 -DNMM_NEST=0 -DWRF_CHEM -DBUILD_CHEM=1 -DWRF_KPP -I. -traditional-cpp   module_kpp_cb05_sorg_aq_Jacobian.G  > module_kpp_cb05_sorg_aq_Jacobian.H
sed -e "s/gridmu/grid%mu/g" -e "s/gridMu/grid%Mu/g" module_kpp_cb05_sorg_aq_Jacobian.H > module_kpp_cb05_sorg_aq_Jacobian.bb
/glade/work/rkumar/NASA_HMA/WRFchem_HMA/tools/standard.exe module_kpp_cb05_sorg_aq_Jacobian.bb | /lib/cpp -P -nostdinc -traditional-cpp > module_kpp_cb05_sorg_aq_Jacobian.f90
rm -f module_kpp_cb05_sorg_aq_Jacobian.G module_kpp_cb05_sorg_aq_Jacobian.H module_kpp_cb05_sorg_aq_Jacobian.bb
time mpif90 -f90=ifort -o module_kpp_cb05_sorg_aq_Jacobian.o -c -O3 -ip -fp-model precise -w -ftz -align all -fno-alias -FR -convert big_endian    -I../dyn_em -I../dyn_nmm   -I/glade/work/rkumar/NASA_HMA/WRFchem_HMA/external/esmf_time_f90  -I/glade/work/rkumar/NASA_HMA/WRFchem_HMA/main -I/glade/work/rkumar/NASA_HMA/WRFchem_HMA/external/io_netcdf -I/glade/work/rkumar/NASA_HMA/WRFchem_HMA/external/io_int -I/glade/work/rkumar/NASA_HMA/WRFchem_HMA/frame -I/glade/work/rkumar/NASA_HMA/WRFchem_HMA/share -I/glade/work/rkumar/NASA_HMA/WRFchem_HMA/phys -I/glade/work/rkumar/NASA_HMA/WRFchem_HMA/chem -I/glade/work/rkumar/NASA_HMA/WRFchem_HMA/inc -I/glade/u/apps/ch/opt/netcdf/4.8.1/intel/19.1.1//include  -real-size `expr 8 \* 4` -i4  module_kpp_cb05_sorg_aq_Jacobian.f90

real	0m1.193s
user	0m0.668s
sys	0m0.462s
rm -f module_kpp_cb05_sorg_aq_Update_Rconst.o
sed -e "s/grid%mu/gridmu/g" -e "s/grid%Mu/gridMu/g" -e "s/^\!.*'.*//" -e "s/^ *\!.*'.*//" module_kpp_cb05_sorg_aq_Update_Rconst.F > module_kpp_cb05_sorg_aq_Update_Rconst.G
/lib/cpp -P -nostdinc -I/glade/work/rkumar/NASA_HMA/WRFchem_HMA/inc -DEM_CORE=1 -DNMM_CORE=0 -DNMM_MAX_DIM=2600 -DCOAMPS_CORE=0 -DDA_CORE=0 -DEXP_CORE=0 -DIWORDSIZE=4 -DDWORDSIZE=8 -DRWORDSIZE=4 -DLWORDSIZE=4 -DNONSTANDARD_SYSTEM_FUNC  -DWRF_USE_CLM  -DSNICAR_FRC    -DDM_PARALLEL -DNETCDF -DUSE_ALLOCATABLES -DGRIB1 -DINTIO -DKEEP_INT_AROUND -DLIMIT_ARGS -DCONFIG_BUF_LEN=65536 -DMAX_DOMAINS_F=21 -DMAX_HISTORY=25 -DNMM_NEST=0 -DWRF_CHEM -DBUILD_CHEM=1 -DWRF_KPP -I. -traditional-cpp   module_kpp_cb05_sorg_aq_Update_Rconst.G  > module_kpp_cb05_sorg_aq_Update_Rconst.H
sed -e "s/gridmu/grid%mu/g" -e "s/gridMu/grid%Mu/g" module_kpp_cb05_sorg_aq_Update_Rconst.H > module_kpp_cb05_sorg_aq_Update_Rconst.bb
/glade/work/rkumar/NASA_HMA/WRFchem_HMA/tools/standard.exe module_kpp_cb05_sorg_aq_Update_Rconst.bb | /lib/cpp -P -nostdinc -traditional-cpp > module_kpp_cb05_sorg_aq_Update_Rconst.f90
rm -f module_kpp_cb05_sorg_aq_Update_Rconst.G module_kpp_cb05_sorg_aq_Update_Rconst.H module_kpp_cb05_sorg_aq_Update_Rconst.bb
time mpif90 -f90=ifort -o module_kpp_cb05_sorg_aq_Update_Rconst.o -c -O3 -ip -fp-model precise -w -ftz -align all -fno-alias -FR -convert big_endian    -I../dyn_em -I../dyn_nmm   -I/glade/work/rkumar/NASA_HMA/WRFchem_HMA/external/esmf_time_f90  -I/glade/work/rkumar/NASA_HMA/WRFchem_HMA/main -I/glade/work/rkumar/NASA_HMA/WRFchem_HMA/external/io_netcdf -I/glade/work/rkumar/NASA_HMA/WRFchem_HMA/external/io_int -I/glade/work/rkumar/NASA_HMA/WRFchem_HMA/frame -I/glade/work/rkumar/NASA_HMA/WRFchem_HMA/share -I/glade/work/rkumar/NASA_HMA/WRFchem_HMA/phys -I/glade/work/rkumar/NASA_HMA/WRFchem_HMA/chem -I/glade/work/rkumar/NASA_HMA/WRFchem_HMA/inc -I/glade/u/apps/ch/opt/netcdf/4.8.1/intel/19.1.1//include  -real-size `expr 8 \* 4` -i4  module_kpp_cb05_sorg_aq_Update_Rconst.f90

real	0m0.723s
user	0m0.217s
sys	0m0.444s
rm -f module_kpp_cb05_sorg_aq_Integr.o
sed -e "s/grid%mu/gridmu/g" -e "s/grid%Mu/gridMu/g" -e "s/^\!.*'.*//" -e "s/^ *\!.*'.*//" module_kpp_cb05_sorg_aq_Integr.F > module_kpp_cb05_sorg_aq_Integr.G
/lib/cpp -P -nostdinc -I/glade/work/rkumar/NASA_HMA/WRFchem_HMA/inc -DEM_CORE=1 -DNMM_CORE=0 -DNMM_MAX_DIM=2600 -DCOAMPS_CORE=0 -DDA_CORE=0 -DEXP_CORE=0 -DIWORDSIZE=4 -DDWORDSIZE=8 -DRWORDSIZE=4 -DLWORDSIZE=4 -DNONSTANDARD_SYSTEM_FUNC  -DWRF_USE_CLM  -DSNICAR_FRC    -DDM_PARALLEL -DNETCDF -DUSE_ALLOCATABLES -DGRIB1 -DINTIO -DKEEP_INT_AROUND -DLIMIT_ARGS -DCONFIG_BUF_LEN=65536 -DMAX_DOMAINS_F=21 -DMAX_HISTORY=25 -DNMM_NEST=0 -DWRF_CHEM -DBUILD_CHEM=1 -DWRF_KPP -I. -traditional-cpp   module_kpp_cb05_sorg_aq_Integr.G  > module_kpp_cb05_sorg_aq_Integr.H
sed -e "s/gridmu/grid%mu/g" -e "s/gridMu/grid%Mu/g" module_kpp_cb05_sorg_aq_Integr.H > module_kpp_cb05_sorg_aq_Integr.bb
/glade/work/rkumar/NASA_HMA/WRFchem_HMA/tools/standard.exe module_kpp_cb05_sorg_aq_Integr.bb | /lib/cpp -P -nostdinc -traditional-cpp > module_kpp_cb05_sorg_aq_Integr.f90
rm -f module_kpp_cb05_sorg_aq_Integr.G module_kpp_cb05_sorg_aq_Integr.H module_kpp_cb05_sorg_aq_Integr.bb
time mpif90 -f90=ifort -o module_kpp_cb05_sorg_aq_Integr.o -c -O3 -ip -fp-model precise -w -ftz -align all -fno-alias -FR -convert big_endian    -I../dyn_em -I../dyn_nmm   -I/glade/work/rkumar/NASA_HMA/WRFchem_HMA/external/esmf_time_f90  -I/glade/work/rkumar/NASA_HMA/WRFchem_HMA/main -I/glade/work/rkumar/NASA_HMA/WRFchem_HMA/external/io_netcdf -I/glade/work/rkumar/NASA_HMA/WRFchem_HMA/external/io_int -I/glade/work/rkumar/NASA_HMA/WRFchem_HMA/frame -I/glade/work/rkumar/NASA_HMA/WRFchem_HMA/share -I/glade/work/rkumar/NASA_HMA/WRFchem_HMA/phys -I/glade/work/rkumar/NASA_HMA/WRFchem_HMA/chem -I/glade/work/rkumar/NASA_HMA/WRFchem_HMA/inc -I/glade/u/apps/ch/opt/netcdf/4.8.1/intel/19.1.1//include  -real-size `expr 8 \* 4` -i4  module_kpp_cb05_sorg_aq_Integr.f90

real	0m10.380s
user	0m9.711s
sys	0m0.606s
rm -f module_kpp_cb05_sorg_aq_interface.o
sed -e "s/grid%mu/gridmu/g" -e "s/grid%Mu/gridMu/g" -e "s/^\!.*'.*//" -e "s/^ *\!.*'.*//" module_kpp_cb05_sorg_aq_interface.F > module_kpp_cb05_sorg_aq_interface.G
/lib/cpp -P -nostdinc -I/glade/work/rkumar/NASA_HMA/WRFchem_HMA/inc -DEM_CORE=1 -DNMM_CORE=0 -DNMM_MAX_DIM=2600 -DCOAMPS_CORE=0 -DDA_CORE=0 -DEXP_CORE=0 -DIWORDSIZE=4 -DDWORDSIZE=8 -DRWORDSIZE=4 -DLWORDSIZE=4 -DNONSTANDARD_SYSTEM_FUNC  -DWRF_USE_CLM  -DSNICAR_FRC    -DDM_PARALLEL -DNETCDF -DUSE_ALLOCATABLES -DGRIB1 -DINTIO -DKEEP_INT_AROUND -DLIMIT_ARGS -DCONFIG_BUF_LEN=65536 -DMAX_DOMAINS_F=21 -DMAX_HISTORY=25 -DNMM_NEST=0 -DWRF_CHEM -DBUILD_CHEM=1 -DWRF_KPP -I. -traditional-cpp   module_kpp_cb05_sorg_aq_interface.G  > module_kpp_cb05_sorg_aq_interface.H
sed -e "s/gridmu/grid%mu/g" -e "s/gridMu/grid%Mu/g" module_kpp_cb05_sorg_aq_interface.H > module_kpp_cb05_sorg_aq_interface.bb
/glade/work/rkumar/NASA_HMA/WRFchem_HMA/tools/standard.exe module_kpp_cb05_sorg_aq_interface.bb | /lib/cpp -P -nostdinc -traditional-cpp > module_kpp_cb05_sorg_aq_interface.f90
rm -f module_kpp_cb05_sorg_aq_interface.G module_kpp_cb05_sorg_aq_interface.H module_kpp_cb05_sorg_aq_interface.bb
time mpif90 -f90=ifort -o module_kpp_cb05_sorg_aq_interface.o -c -O3 -ip -fp-model precise -w -ftz -align all -fno-alias -FR -convert big_endian    -I../dyn_em -I../dyn_nmm   -I/glade/work/rkumar/NASA_HMA/WRFchem_HMA/external/esmf_time_f90  -I/glade/work/rkumar/NASA_HMA/WRFchem_HMA/main -I/glade/work/rkumar/NASA_HMA/WRFchem_HMA/external/io_netcdf -I/glade/work/rkumar/NASA_HMA/WRFchem_HMA/external/io_int -I/glade/work/rkumar/NASA_HMA/WRFchem_HMA/frame -I/glade/work/rkumar/NASA_HMA/WRFchem_HMA/share -I/glade/work/rkumar/NASA_HMA/WRFchem_HMA/phys -I/glade/work/rkumar/NASA_HMA/WRFchem_HMA/chem -I/glade/work/rkumar/NASA_HMA/WRFchem_HMA/inc -I/glade/u/apps/ch/opt/netcdf/4.8.1/intel/19.1.1//include  -real-size `expr 8 \* 4` -i4  module_kpp_cb05_sorg_aq_interface.f90

real	0m1.930s
user	0m1.381s
sys	0m0.488s
rm -f module_kpp_mozcart_Precision.o
sed -e "s/grid%mu/gridmu/g" -e "s/grid%Mu/gridMu/g" -e "s/^\!.*'.*//" -e "s/^ *\!.*'.*//" module_kpp_mozcart_Precision.F > module_kpp_mozcart_Precision.G
/lib/cpp -P -nostdinc -I/glade/work/rkumar/NASA_HMA/WRFchem_HMA/inc -DEM_CORE=1 -DNMM_CORE=0 -DNMM_MAX_DIM=2600 -DCOAMPS_CORE=0 -DDA_CORE=0 -DEXP_CORE=0 -DIWORDSIZE=4 -DDWORDSIZE=8 -DRWORDSIZE=4 -DLWORDSIZE=4 -DNONSTANDARD_SYSTEM_FUNC  -DWRF_USE_CLM  -DSNICAR_FRC    -DDM_PARALLEL -DNETCDF -DUSE_ALLOCATABLES -DGRIB1 -DINTIO -DKEEP_INT_AROUND -DLIMIT_ARGS -DCONFIG_BUF_LEN=65536 -DMAX_DOMAINS_F=21 -DMAX_HISTORY=25 -DNMM_NEST=0 -DWRF_CHEM -DBUILD_CHEM=1 -DWRF_KPP -I. -traditional-cpp   module_kpp_mozcart_Precision.G  > module_kpp_mozcart_Precision.H
sed -e "s/gridmu/grid%mu/g" -e "s/gridMu/grid%Mu/g" module_kpp_mozcart_Precision.H > module_kpp_mozcart_Precision.bb
/glade/work/rkumar/NASA_HMA/WRFchem_HMA/tools/standard.exe module_kpp_mozcart_Precision.bb | /lib/cpp -P -nostdinc -traditional-cpp > module_kpp_mozcart_Precision.f90
rm -f module_kpp_mozcart_Precision.G module_kpp_mozcart_Precision.H module_kpp_mozcart_Precision.bb
time mpif90 -f90=ifort -o module_kpp_mozcart_Precision.o -c -O3 -ip -fp-model precise -w -ftz -align all -fno-alias -FR -convert big_endian    -I../dyn_em -I../dyn_nmm   -I/glade/work/rkumar/NASA_HMA/WRFchem_HMA/external/esmf_time_f90  -I/glade/work/rkumar/NASA_HMA/WRFchem_HMA/main -I/glade/work/rkumar/NASA_HMA/WRFchem_HMA/external/io_netcdf -I/glade/work/rkumar/NASA_HMA/WRFchem_HMA/external/io_int -I/glade/work/rkumar/NASA_HMA/WRFchem_HMA/frame -I/glade/work/rkumar/NASA_HMA/WRFchem_HMA/share -I/glade/work/rkumar/NASA_HMA/WRFchem_HMA/phys -I/glade/work/rkumar/NASA_HMA/WRFchem_HMA/chem -I/glade/work/rkumar/NASA_HMA/WRFchem_HMA/inc -I/glade/u/apps/ch/opt/netcdf/4.8.1/intel/19.1.1//include  -real-size `expr 8 \* 4` -i4  module_kpp_mozcart_Precision.f90

real	0m0.565s
user	0m0.044s
sys	0m0.496s
rm -f module_kpp_mozcart_Parameters.o
sed -e "s/grid%mu/gridmu/g" -e "s/grid%Mu/gridMu/g" -e "s/^\!.*'.*//" -e "s/^ *\!.*'.*//" module_kpp_mozcart_Parameters.F > module_kpp_mozcart_Parameters.G
/lib/cpp -P -nostdinc -I/glade/work/rkumar/NASA_HMA/WRFchem_HMA/inc -DEM_CORE=1 -DNMM_CORE=0 -DNMM_MAX_DIM=2600 -DCOAMPS_CORE=0 -DDA_CORE=0 -DEXP_CORE=0 -DIWORDSIZE=4 -DDWORDSIZE=8 -DRWORDSIZE=4 -DLWORDSIZE=4 -DNONSTANDARD_SYSTEM_FUNC  -DWRF_USE_CLM  -DSNICAR_FRC    -DDM_PARALLEL -DNETCDF -DUSE_ALLOCATABLES -DGRIB1 -DINTIO -DKEEP_INT_AROUND -DLIMIT_ARGS -DCONFIG_BUF_LEN=65536 -DMAX_DOMAINS_F=21 -DMAX_HISTORY=25 -DNMM_NEST=0 -DWRF_CHEM -DBUILD_CHEM=1 -DWRF_KPP -I. -traditional-cpp   module_kpp_mozcart_Parameters.G  > module_kpp_mozcart_Parameters.H
sed -e "s/gridmu/grid%mu/g" -e "s/gridMu/grid%Mu/g" module_kpp_mozcart_Parameters.H > module_kpp_mozcart_Parameters.bb
/glade/work/rkumar/NASA_HMA/WRFchem_HMA/tools/standard.exe module_kpp_mozcart_Parameters.bb | /lib/cpp -P -nostdinc -traditional-cpp > module_kpp_mozcart_Parameters.f90
rm -f module_kpp_mozcart_Parameters.G module_kpp_mozcart_Parameters.H module_kpp_mozcart_Parameters.bb
time mpif90 -f90=ifort -o module_kpp_mozcart_Parameters.o -c -O3 -ip -fp-model precise -w -ftz -align all -fno-alias -FR -convert big_endian    -I../dyn_em -I../dyn_nmm   -I/glade/work/rkumar/NASA_HMA/WRFchem_HMA/external/esmf_time_f90  -I/glade/work/rkumar/NASA_HMA/WRFchem_HMA/main -I/glade/work/rkumar/NASA_HMA/WRFchem_HMA/external/io_netcdf -I/glade/work/rkumar/NASA_HMA/WRFchem_HMA/external/io_int -I/glade/work/rkumar/NASA_HMA/WRFchem_HMA/frame -I/glade/work/rkumar/NASA_HMA/WRFchem_HMA/share -I/glade/work/rkumar/NASA_HMA/WRFchem_HMA/phys -I/glade/work/rkumar/NASA_HMA/WRFchem_HMA/chem -I/glade/work/rkumar/NASA_HMA/WRFchem_HMA/inc -I/glade/u/apps/ch/opt/netcdf/4.8.1/intel/19.1.1//include  -real-size `expr 8 \* 4` -i4  module_kpp_mozcart_Parameters.f90

real	0m0.585s
user	0m0.055s
sys	0m0.457s
rm -f module_kpp_mozcart_JacobianSP.o
sed -e "s/grid%mu/gridmu/g" -e "s/grid%Mu/gridMu/g" -e "s/^\!.*'.*//" -e "s/^ *\!.*'.*//" module_kpp_mozcart_JacobianSP.F > module_kpp_mozcart_JacobianSP.G
/lib/cpp -P -nostdinc -I/glade/work/rkumar/NASA_HMA/WRFchem_HMA/inc -DEM_CORE=1 -DNMM_CORE=0 -DNMM_MAX_DIM=2600 -DCOAMPS_CORE=0 -DDA_CORE=0 -DEXP_CORE=0 -DIWORDSIZE=4 -DDWORDSIZE=8 -DRWORDSIZE=4 -DLWORDSIZE=4 -DNONSTANDARD_SYSTEM_FUNC  -DWRF_USE_CLM  -DSNICAR_FRC    -DDM_PARALLEL -DNETCDF -DUSE_ALLOCATABLES -DGRIB1 -DINTIO -DKEEP_INT_AROUND -DLIMIT_ARGS -DCONFIG_BUF_LEN=65536 -DMAX_DOMAINS_F=21 -DMAX_HISTORY=25 -DNMM_NEST=0 -DWRF_CHEM -DBUILD_CHEM=1 -DWRF_KPP -I. -traditional-cpp   module_kpp_mozcart_JacobianSP.G  > module_kpp_mozcart_JacobianSP.H
sed -e "s/gridmu/grid%mu/g" -e "s/gridMu/grid%Mu/g" module_kpp_mozcart_JacobianSP.H > module_kpp_mozcart_JacobianSP.bb
/glade/work/rkumar/NASA_HMA/WRFchem_HMA/tools/standard.exe module_kpp_mozcart_JacobianSP.bb | /lib/cpp -P -nostdinc -traditional-cpp > module_kpp_mozcart_JacobianSP.f90
rm -f module_kpp_mozcart_JacobianSP.G module_kpp_mozcart_JacobianSP.H module_kpp_mozcart_JacobianSP.bb
time mpif90 -f90=ifort -o module_kpp_mozcart_JacobianSP.o -c -O3 -ip -fp-model precise -w -ftz -align all -fno-alias -FR -convert big_endian    -I../dyn_em -I../dyn_nmm   -I/glade/work/rkumar/NASA_HMA/WRFchem_HMA/external/esmf_time_f90  -I/glade/work/rkumar/NASA_HMA/WRFchem_HMA/main -I/glade/work/rkumar/NASA_HMA/WRFchem_HMA/external/io_netcdf -I/glade/work/rkumar/NASA_HMA/WRFchem_HMA/external/io_int -I/glade/work/rkumar/NASA_HMA/WRFchem_HMA/frame -I/glade/work/rkumar/NASA_HMA/WRFchem_HMA/share -I/glade/work/rkumar/NASA_HMA/WRFchem_HMA/phys -I/glade/work/rkumar/NASA_HMA/WRFchem_HMA/chem -I/glade/work/rkumar/NASA_HMA/WRFchem_HMA/inc -I/glade/u/apps/ch/opt/netcdf/4.8.1/intel/19.1.1//include  -real-size `expr 8 \* 4` -i4  module_kpp_mozcart_JacobianSP.f90

real	0m0.554s
user	0m0.062s
sys	0m0.434s
rm -f module_kpp_mozcart_Jacobian.o
sed -e "s/grid%mu/gridmu/g" -e "s/grid%Mu/gridMu/g" -e "s/^\!.*'.*//" -e "s/^ *\!.*'.*//" module_kpp_mozcart_Jacobian.F > module_kpp_mozcart_Jacobian.G
/lib/cpp -P -nostdinc -I/glade/work/rkumar/NASA_HMA/WRFchem_HMA/inc -DEM_CORE=1 -DNMM_CORE=0 -DNMM_MAX_DIM=2600 -DCOAMPS_CORE=0 -DDA_CORE=0 -DEXP_CORE=0 -DIWORDSIZE=4 -DDWORDSIZE=8 -DRWORDSIZE=4 -DLWORDSIZE=4 -DNONSTANDARD_SYSTEM_FUNC  -DWRF_USE_CLM  -DSNICAR_FRC    -DDM_PARALLEL -DNETCDF -DUSE_ALLOCATABLES -DGRIB1 -DINTIO -DKEEP_INT_AROUND -DLIMIT_ARGS -DCONFIG_BUF_LEN=65536 -DMAX_DOMAINS_F=21 -DMAX_HISTORY=25 -DNMM_NEST=0 -DWRF_CHEM -DBUILD_CHEM=1 -DWRF_KPP -I. -traditional-cpp   module_kpp_mozcart_Jacobian.G  > module_kpp_mozcart_Jacobian.H
sed -e "s/gridmu/grid%mu/g" -e "s/gridMu/grid%Mu/g" module_kpp_mozcart_Jacobian.H > module_kpp_mozcart_Jacobian.bb
/glade/work/rkumar/NASA_HMA/WRFchem_HMA/tools/standard.exe module_kpp_mozcart_Jacobian.bb | /lib/cpp -P -nostdinc -traditional-cpp > module_kpp_mozcart_Jacobian.f90
rm -f module_kpp_mozcart_Jacobian.G module_kpp_mozcart_Jacobian.H module_kpp_mozcart_Jacobian.bb
time mpif90 -f90=ifort -o module_kpp_mozcart_Jacobian.o -c -O3 -ip -fp-model precise -w -ftz -align all -fno-alias -FR -convert big_endian    -I../dyn_em -I../dyn_nmm   -I/glade/work/rkumar/NASA_HMA/WRFchem_HMA/external/esmf_time_f90  -I/glade/work/rkumar/NASA_HMA/WRFchem_HMA/main -I/glade/work/rkumar/NASA_HMA/WRFchem_HMA/external/io_netcdf -I/glade/work/rkumar/NASA_HMA/WRFchem_HMA/external/io_int -I/glade/work/rkumar/NASA_HMA/WRFchem_HMA/frame -I/glade/work/rkumar/NASA_HMA/WRFchem_HMA/share -I/glade/work/rkumar/NASA_HMA/WRFchem_HMA/phys -I/glade/work/rkumar/NASA_HMA/WRFchem_HMA/chem -I/glade/work/rkumar/NASA_HMA/WRFchem_HMA/inc -I/glade/u/apps/ch/opt/netcdf/4.8.1/intel/19.1.1//include  -real-size `expr 8 \* 4` -i4  module_kpp_mozcart_Jacobian.f90

real	0m1.292s
user	0m0.688s
sys	0m0.550s
rm -f module_kpp_mozcart_Update_Rconst.o
sed -e "s/grid%mu/gridmu/g" -e "s/grid%Mu/gridMu/g" -e "s/^\!.*'.*//" -e "s/^ *\!.*'.*//" module_kpp_mozcart_Update_Rconst.F > module_kpp_mozcart_Update_Rconst.G
/lib/cpp -P -nostdinc -I/glade/work/rkumar/NASA_HMA/WRFchem_HMA/inc -DEM_CORE=1 -DNMM_CORE=0 -DNMM_MAX_DIM=2600 -DCOAMPS_CORE=0 -DDA_CORE=0 -DEXP_CORE=0 -DIWORDSIZE=4 -DDWORDSIZE=8 -DRWORDSIZE=4 -DLWORDSIZE=4 -DNONSTANDARD_SYSTEM_FUNC  -DWRF_USE_CLM  -DSNICAR_FRC    -DDM_PARALLEL -DNETCDF -DUSE_ALLOCATABLES -DGRIB1 -DINTIO -DKEEP_INT_AROUND -DLIMIT_ARGS -DCONFIG_BUF_LEN=65536 -DMAX_DOMAINS_F=21 -DMAX_HISTORY=25 -DNMM_NEST=0 -DWRF_CHEM -DBUILD_CHEM=1 -DWRF_KPP -I. -traditional-cpp   module_kpp_mozcart_Update_Rconst.G  > module_kpp_mozcart_Update_Rconst.H
sed -e "s/gridmu/grid%mu/g" -e "s/gridMu/grid%Mu/g" module_kpp_mozcart_Update_Rconst.H > module_kpp_mozcart_Update_Rconst.bb
/glade/work/rkumar/NASA_HMA/WRFchem_HMA/tools/standard.exe module_kpp_mozcart_Update_Rconst.bb | /lib/cpp -P -nostdinc -traditional-cpp > module_kpp_mozcart_Update_Rconst.f90
rm -f module_kpp_mozcart_Update_Rconst.G module_kpp_mozcart_Update_Rconst.H module_kpp_mozcart_Update_Rconst.bb
time mpif90 -f90=ifort -o module_kpp_mozcart_Update_Rconst.o -c -O3 -ip -fp-model precise -w -ftz -align all -fno-alias -FR -convert big_endian    -I../dyn_em -I../dyn_nmm   -I/glade/work/rkumar/NASA_HMA/WRFchem_HMA/external/esmf_time_f90  -I/glade/work/rkumar/NASA_HMA/WRFchem_HMA/main -I/glade/work/rkumar/NASA_HMA/WRFchem_HMA/external/io_netcdf -I/glade/work/rkumar/NASA_HMA/WRFchem_HMA/external/io_int -I/glade/work/rkumar/NASA_HMA/WRFchem_HMA/frame -I/glade/work/rkumar/NASA_HMA/WRFchem_HMA/share -I/glade/work/rkumar/NASA_HMA/WRFchem_HMA/phys -I/glade/work/rkumar/NASA_HMA/WRFchem_HMA/chem -I/glade/work/rkumar/NASA_HMA/WRFchem_HMA/inc -I/glade/u/apps/ch/opt/netcdf/4.8.1/intel/19.1.1//include  -real-size `expr 8 \* 4` -i4  module_kpp_mozcart_Update_Rconst.f90

real	0m0.774s
user	0m0.204s
sys	0m0.498s
rm -f module_kpp_mozcart_Integr.o
sed -e "s/grid%mu/gridmu/g" -e "s/grid%Mu/gridMu/g" -e "s/^\!.*'.*//" -e "s/^ *\!.*'.*//" module_kpp_mozcart_Integr.F > module_kpp_mozcart_Integr.G
/lib/cpp -P -nostdinc -I/glade/work/rkumar/NASA_HMA/WRFchem_HMA/inc -DEM_CORE=1 -DNMM_CORE=0 -DNMM_MAX_DIM=2600 -DCOAMPS_CORE=0 -DDA_CORE=0 -DEXP_CORE=0 -DIWORDSIZE=4 -DDWORDSIZE=8 -DRWORDSIZE=4 -DLWORDSIZE=4 -DNONSTANDARD_SYSTEM_FUNC  -DWRF_USE_CLM  -DSNICAR_FRC    -DDM_PARALLEL -DNETCDF -DUSE_ALLOCATABLES -DGRIB1 -DINTIO -DKEEP_INT_AROUND -DLIMIT_ARGS -DCONFIG_BUF_LEN=65536 -DMAX_DOMAINS_F=21 -DMAX_HISTORY=25 -DNMM_NEST=0 -DWRF_CHEM -DBUILD_CHEM=1 -DWRF_KPP -I. -traditional-cpp   module_kpp_mozcart_Integr.G  > module_kpp_mozcart_Integr.H
sed -e "s/gridmu/grid%mu/g" -e "s/gridMu/grid%Mu/g" module_kpp_mozcart_Integr.H > module_kpp_mozcart_Integr.bb
/glade/work/rkumar/NASA_HMA/WRFchem_HMA/tools/standard.exe module_kpp_mozcart_Integr.bb | /lib/cpp -P -nostdinc -traditional-cpp > module_kpp_mozcart_Integr.f90
rm -f module_kpp_mozcart_Integr.G module_kpp_mozcart_Integr.H module_kpp_mozcart_Integr.bb
time mpif90 -f90=ifort -o module_kpp_mozcart_Integr.o -c -O3 -ip -fp-model precise -w -ftz -align all -fno-alias -FR -convert big_endian    -I../dyn_em -I../dyn_nmm   -I/glade/work/rkumar/NASA_HMA/WRFchem_HMA/external/esmf_time_f90  -I/glade/work/rkumar/NASA_HMA/WRFchem_HMA/main -I/glade/work/rkumar/NASA_HMA/WRFchem_HMA/external/io_netcdf -I/glade/work/rkumar/NASA_HMA/WRFchem_HMA/external/io_int -I/glade/work/rkumar/NASA_HMA/WRFchem_HMA/frame -I/glade/work/rkumar/NASA_HMA/WRFchem_HMA/share -I/glade/work/rkumar/NASA_HMA/WRFchem_HMA/phys -I/glade/work/rkumar/NASA_HMA/WRFchem_HMA/chem -I/glade/work/rkumar/NASA_HMA/WRFchem_HMA/inc -I/glade/u/apps/ch/opt/netcdf/4.8.1/intel/19.1.1//include  -real-size `expr 8 \* 4` -i4  module_kpp_mozcart_Integr.f90

real	0m9.657s
user	0m9.015s
sys	0m0.565s
rm -f module_kpp_mozcart_interface.o
sed -e "s/grid%mu/gridmu/g" -e "s/grid%Mu/gridMu/g" -e "s/^\!.*'.*//" -e "s/^ *\!.*'.*//" module_kpp_mozcart_interface.F > module_kpp_mozcart_interface.G
/lib/cpp -P -nostdinc -I/glade/work/rkumar/NASA_HMA/WRFchem_HMA/inc -DEM_CORE=1 -DNMM_CORE=0 -DNMM_MAX_DIM=2600 -DCOAMPS_CORE=0 -DDA_CORE=0 -DEXP_CORE=0 -DIWORDSIZE=4 -DDWORDSIZE=8 -DRWORDSIZE=4 -DLWORDSIZE=4 -DNONSTANDARD_SYSTEM_FUNC  -DWRF_USE_CLM  -DSNICAR_FRC    -DDM_PARALLEL -DNETCDF -DUSE_ALLOCATABLES -DGRIB1 -DINTIO -DKEEP_INT_AROUND -DLIMIT_ARGS -DCONFIG_BUF_LEN=65536 -DMAX_DOMAINS_F=21 -DMAX_HISTORY=25 -DNMM_NEST=0 -DWRF_CHEM -DBUILD_CHEM=1 -DWRF_KPP -I. -traditional-cpp   module_kpp_mozcart_interface.G  > module_kpp_mozcart_interface.H
sed -e "s/gridmu/grid%mu/g" -e "s/gridMu/grid%Mu/g" module_kpp_mozcart_interface.H > module_kpp_mozcart_interface.bb
/glade/work/rkumar/NASA_HMA/WRFchem_HMA/tools/standard.exe module_kpp_mozcart_interface.bb | /lib/cpp -P -nostdinc -traditional-cpp > module_kpp_mozcart_interface.f90
rm -f module_kpp_mozcart_interface.G module_kpp_mozcart_interface.H module_kpp_mozcart_interface.bb
time mpif90 -f90=ifort -o module_kpp_mozcart_interface.o -c -O3 -ip -fp-model precise -w -ftz -align all -fno-alias -FR -convert big_endian    -I../dyn_em -I../dyn_nmm   -I/glade/work/rkumar/NASA_HMA/WRFchem_HMA/external/esmf_time_f90  -I/glade/work/rkumar/NASA_HMA/WRFchem_HMA/main -I/glade/work/rkumar/NASA_HMA/WRFchem_HMA/external/io_netcdf -I/glade/work/rkumar/NASA_HMA/WRFchem_HMA/external/io_int -I/glade/work/rkumar/NASA_HMA/WRFchem_HMA/frame -I/glade/work/rkumar/NASA_HMA/WRFchem_HMA/share -I/glade/work/rkumar/NASA_HMA/WRFchem_HMA/phys -I/glade/work/rkumar/NASA_HMA/WRFchem_HMA/chem -I/glade/work/rkumar/NASA_HMA/WRFchem_HMA/inc -I/glade/u/apps/ch/opt/netcdf/4.8.1/intel/19.1.1//include  -real-size `expr 8 \* 4` -i4  module_kpp_mozcart_interface.f90

real	0m1.400s
user	0m0.842s
sys	0m0.497s
rm -f module_kpp_gocartracm_Precision.o
sed -e "s/grid%mu/gridmu/g" -e "s/grid%Mu/gridMu/g" -e "s/^\!.*'.*//" -e "s/^ *\!.*'.*//" module_kpp_gocartracm_Precision.F > module_kpp_gocartracm_Precision.G
/lib/cpp -P -nostdinc -I/glade/work/rkumar/NASA_HMA/WRFchem_HMA/inc -DEM_CORE=1 -DNMM_CORE=0 -DNMM_MAX_DIM=2600 -DCOAMPS_CORE=0 -DDA_CORE=0 -DEXP_CORE=0 -DIWORDSIZE=4 -DDWORDSIZE=8 -DRWORDSIZE=4 -DLWORDSIZE=4 -DNONSTANDARD_SYSTEM_FUNC  -DWRF_USE_CLM  -DSNICAR_FRC    -DDM_PARALLEL -DNETCDF -DUSE_ALLOCATABLES -DGRIB1 -DINTIO -DKEEP_INT_AROUND -DLIMIT_ARGS -DCONFIG_BUF_LEN=65536 -DMAX_DOMAINS_F=21 -DMAX_HISTORY=25 -DNMM_NEST=0 -DWRF_CHEM -DBUILD_CHEM=1 -DWRF_KPP -I. -traditional-cpp   module_kpp_gocartracm_Precision.G  > module_kpp_gocartracm_Precision.H
sed -e "s/gridmu/grid%mu/g" -e "s/gridMu/grid%Mu/g" module_kpp_gocartracm_Precision.H > module_kpp_gocartracm_Precision.bb
/glade/work/rkumar/NASA_HMA/WRFchem_HMA/tools/standard.exe module_kpp_gocartracm_Precision.bb | /lib/cpp -P -nostdinc -traditional-cpp > module_kpp_gocartracm_Precision.f90
rm -f module_kpp_gocartracm_Precision.G module_kpp_gocartracm_Precision.H module_kpp_gocartracm_Precision.bb
time mpif90 -f90=ifort -o module_kpp_gocartracm_Precision.o -c -O3 -ip -fp-model precise -w -ftz -align all -fno-alias -FR -convert big_endian    -I../dyn_em -I../dyn_nmm   -I/glade/work/rkumar/NASA_HMA/WRFchem_HMA/external/esmf_time_f90  -I/glade/work/rkumar/NASA_HMA/WRFchem_HMA/main -I/glade/work/rkumar/NASA_HMA/WRFchem_HMA/external/io_netcdf -I/glade/work/rkumar/NASA_HMA/WRFchem_HMA/external/io_int -I/glade/work/rkumar/NASA_HMA/WRFchem_HMA/frame -I/glade/work/rkumar/NASA_HMA/WRFchem_HMA/share -I/glade/work/rkumar/NASA_HMA/WRFchem_HMA/phys -I/glade/work/rkumar/NASA_HMA/WRFchem_HMA/chem -I/glade/work/rkumar/NASA_HMA/WRFchem_HMA/inc -I/glade/u/apps/ch/opt/netcdf/4.8.1/intel/19.1.1//include  -real-size `expr 8 \* 4` -i4  module_kpp_gocartracm_Precision.f90

real	0m0.601s
user	0m0.032s
sys	0m0.504s
rm -f module_kpp_gocartracm_Parameters.o
sed -e "s/grid%mu/gridmu/g" -e "s/grid%Mu/gridMu/g" -e "s/^\!.*'.*//" -e "s/^ *\!.*'.*//" module_kpp_gocartracm_Parameters.F > module_kpp_gocartracm_Parameters.G
/lib/cpp -P -nostdinc -I/glade/work/rkumar/NASA_HMA/WRFchem_HMA/inc -DEM_CORE=1 -DNMM_CORE=0 -DNMM_MAX_DIM=2600 -DCOAMPS_CORE=0 -DDA_CORE=0 -DEXP_CORE=0 -DIWORDSIZE=4 -DDWORDSIZE=8 -DRWORDSIZE=4 -DLWORDSIZE=4 -DNONSTANDARD_SYSTEM_FUNC  -DWRF_USE_CLM  -DSNICAR_FRC    -DDM_PARALLEL -DNETCDF -DUSE_ALLOCATABLES -DGRIB1 -DINTIO -DKEEP_INT_AROUND -DLIMIT_ARGS -DCONFIG_BUF_LEN=65536 -DMAX_DOMAINS_F=21 -DMAX_HISTORY=25 -DNMM_NEST=0 -DWRF_CHEM -DBUILD_CHEM=1 -DWRF_KPP -I. -traditional-cpp   module_kpp_gocartracm_Parameters.G  > module_kpp_gocartracm_Parameters.H
sed -e "s/gridmu/grid%mu/g" -e "s/gridMu/grid%Mu/g" module_kpp_gocartracm_Parameters.H > module_kpp_gocartracm_Parameters.bb
/glade/work/rkumar/NASA_HMA/WRFchem_HMA/tools/standard.exe module_kpp_gocartracm_Parameters.bb | /lib/cpp -P -nostdinc -traditional-cpp > module_kpp_gocartracm_Parameters.f90
rm -f module_kpp_gocartracm_Parameters.G module_kpp_gocartracm_Parameters.H module_kpp_gocartracm_Parameters.bb
time mpif90 -f90=ifort -o module_kpp_gocartracm_Parameters.o -c -O3 -ip -fp-model precise -w -ftz -align all -fno-alias -FR -convert big_endian    -I../dyn_em -I../dyn_nmm   -I/glade/work/rkumar/NASA_HMA/WRFchem_HMA/external/esmf_time_f90  -I/glade/work/rkumar/NASA_HMA/WRFchem_HMA/main -I/glade/work/rkumar/NASA_HMA/WRFchem_HMA/external/io_netcdf -I/glade/work/rkumar/NASA_HMA/WRFchem_HMA/external/io_int -I/glade/work/rkumar/NASA_HMA/WRFchem_HMA/frame -I/glade/work/rkumar/NASA_HMA/WRFchem_HMA/share -I/glade/work/rkumar/NASA_HMA/WRFchem_HMA/phys -I/glade/work/rkumar/NASA_HMA/WRFchem_HMA/chem -I/glade/work/rkumar/NASA_HMA/WRFchem_HMA/inc -I/glade/u/apps/ch/opt/netcdf/4.8.1/intel/19.1.1//include  -real-size `expr 8 \* 4` -i4  module_kpp_gocartracm_Parameters.f90

real	0m0.560s
user	0m0.056s
sys	0m0.427s
rm -f module_kpp_gocartracm_JacobianSP.o
sed -e "s/grid%mu/gridmu/g" -e "s/grid%Mu/gridMu/g" -e "s/^\!.*'.*//" -e "s/^ *\!.*'.*//" module_kpp_gocartracm_JacobianSP.F > module_kpp_gocartracm_JacobianSP.G
/lib/cpp -P -nostdinc -I/glade/work/rkumar/NASA_HMA/WRFchem_HMA/inc -DEM_CORE=1 -DNMM_CORE=0 -DNMM_MAX_DIM=2600 -DCOAMPS_CORE=0 -DDA_CORE=0 -DEXP_CORE=0 -DIWORDSIZE=4 -DDWORDSIZE=8 -DRWORDSIZE=4 -DLWORDSIZE=4 -DNONSTANDARD_SYSTEM_FUNC  -DWRF_USE_CLM  -DSNICAR_FRC    -DDM_PARALLEL -DNETCDF -DUSE_ALLOCATABLES -DGRIB1 -DINTIO -DKEEP_INT_AROUND -DLIMIT_ARGS -DCONFIG_BUF_LEN=65536 -DMAX_DOMAINS_F=21 -DMAX_HISTORY=25 -DNMM_NEST=0 -DWRF_CHEM -DBUILD_CHEM=1 -DWRF_KPP -I. -traditional-cpp   module_kpp_gocartracm_JacobianSP.G  > module_kpp_gocartracm_JacobianSP.H
sed -e "s/gridmu/grid%mu/g" -e "s/gridMu/grid%Mu/g" module_kpp_gocartracm_JacobianSP.H > module_kpp_gocartracm_JacobianSP.bb
/glade/work/rkumar/NASA_HMA/WRFchem_HMA/tools/standard.exe module_kpp_gocartracm_JacobianSP.bb | /lib/cpp -P -nostdinc -traditional-cpp > module_kpp_gocartracm_JacobianSP.f90
rm -f module_kpp_gocartracm_JacobianSP.G module_kpp_gocartracm_JacobianSP.H module_kpp_gocartracm_JacobianSP.bb
time mpif90 -f90=ifort -o module_kpp_gocartracm_JacobianSP.o -c -O3 -ip -fp-model precise -w -ftz -align all -fno-alias -FR -convert big_endian    -I../dyn_em -I../dyn_nmm   -I/glade/work/rkumar/NASA_HMA/WRFchem_HMA/external/esmf_time_f90  -I/glade/work/rkumar/NASA_HMA/WRFchem_HMA/main -I/glade/work/rkumar/NASA_HMA/WRFchem_HMA/external/io_netcdf -I/glade/work/rkumar/NASA_HMA/WRFchem_HMA/external/io_int -I/glade/work/rkumar/NASA_HMA/WRFchem_HMA/frame -I/glade/work/rkumar/NASA_HMA/WRFchem_HMA/share -I/glade/work/rkumar/NASA_HMA/WRFchem_HMA/phys -I/glade/work/rkumar/NASA_HMA/WRFchem_HMA/chem -I/glade/work/rkumar/NASA_HMA/WRFchem_HMA/inc -I/glade/u/apps/ch/opt/netcdf/4.8.1/intel/19.1.1//include  -real-size `expr 8 \* 4` -i4  module_kpp_gocartracm_JacobianSP.f90

real	0m0.567s
user	0m0.071s
sys	0m0.438s
rm -f module_kpp_gocartracm_Jacobian.o
sed -e "s/grid%mu/gridmu/g" -e "s/grid%Mu/gridMu/g" -e "s/^\!.*'.*//" -e "s/^ *\!.*'.*//" module_kpp_gocartracm_Jacobian.F > module_kpp_gocartracm_Jacobian.G
/lib/cpp -P -nostdinc -I/glade/work/rkumar/NASA_HMA/WRFchem_HMA/inc -DEM_CORE=1 -DNMM_CORE=0 -DNMM_MAX_DIM=2600 -DCOAMPS_CORE=0 -DDA_CORE=0 -DEXP_CORE=0 -DIWORDSIZE=4 -DDWORDSIZE=8 -DRWORDSIZE=4 -DLWORDSIZE=4 -DNONSTANDARD_SYSTEM_FUNC  -DWRF_USE_CLM  -DSNICAR_FRC    -DDM_PARALLEL -DNETCDF -DUSE_ALLOCATABLES -DGRIB1 -DINTIO -DKEEP_INT_AROUND -DLIMIT_ARGS -DCONFIG_BUF_LEN=65536 -DMAX_DOMAINS_F=21 -DMAX_HISTORY=25 -DNMM_NEST=0 -DWRF_CHEM -DBUILD_CHEM=1 -DWRF_KPP -I. -traditional-cpp   module_kpp_gocartracm_Jacobian.G  > module_kpp_gocartracm_Jacobian.H
sed -e "s/gridmu/grid%mu/g" -e "s/gridMu/grid%Mu/g" module_kpp_gocartracm_Jacobian.H > module_kpp_gocartracm_Jacobian.bb
/glade/work/rkumar/NASA_HMA/WRFchem_HMA/tools/standard.exe module_kpp_gocartracm_Jacobian.bb | /lib/cpp -P -nostdinc -traditional-cpp > module_kpp_gocartracm_Jacobian.f90
rm -f module_kpp_gocartracm_Jacobian.G module_kpp_gocartracm_Jacobian.H module_kpp_gocartracm_Jacobian.bb
time mpif90 -f90=ifort -o module_kpp_gocartracm_Jacobian.o -c -O3 -ip -fp-model precise -w -ftz -align all -fno-alias -FR -convert big_endian    -I../dyn_em -I../dyn_nmm   -I/glade/work/rkumar/NASA_HMA/WRFchem_HMA/external/esmf_time_f90  -I/glade/work/rkumar/NASA_HMA/WRFchem_HMA/main -I/glade/work/rkumar/NASA_HMA/WRFchem_HMA/external/io_netcdf -I/glade/work/rkumar/NASA_HMA/WRFchem_HMA/external/io_int -I/glade/work/rkumar/NASA_HMA/WRFchem_HMA/frame -I/glade/work/rkumar/NASA_HMA/WRFchem_HMA/share -I/glade/work/rkumar/NASA_HMA/WRFchem_HMA/phys -I/glade/work/rkumar/NASA_HMA/WRFchem_HMA/chem -I/glade/work/rkumar/NASA_HMA/WRFchem_HMA/inc -I/glade/u/apps/ch/opt/netcdf/4.8.1/intel/19.1.1//include  -real-size `expr 8 \* 4` -i4  module_kpp_gocartracm_Jacobian.f90

real	0m1.374s
user	0m0.818s
sys	0m0.491s
rm -f module_kpp_gocartracm_Update_Rconst.o
sed -e "s/grid%mu/gridmu/g" -e "s/grid%Mu/gridMu/g" -e "s/^\!.*'.*//" -e "s/^ *\!.*'.*//" module_kpp_gocartracm_Update_Rconst.F > module_kpp_gocartracm_Update_Rconst.G
/lib/cpp -P -nostdinc -I/glade/work/rkumar/NASA_HMA/WRFchem_HMA/inc -DEM_CORE=1 -DNMM_CORE=0 -DNMM_MAX_DIM=2600 -DCOAMPS_CORE=0 -DDA_CORE=0 -DEXP_CORE=0 -DIWORDSIZE=4 -DDWORDSIZE=8 -DRWORDSIZE=4 -DLWORDSIZE=4 -DNONSTANDARD_SYSTEM_FUNC  -DWRF_USE_CLM  -DSNICAR_FRC    -DDM_PARALLEL -DNETCDF -DUSE_ALLOCATABLES -DGRIB1 -DINTIO -DKEEP_INT_AROUND -DLIMIT_ARGS -DCONFIG_BUF_LEN=65536 -DMAX_DOMAINS_F=21 -DMAX_HISTORY=25 -DNMM_NEST=0 -DWRF_CHEM -DBUILD_CHEM=1 -DWRF_KPP -I. -traditional-cpp   module_kpp_gocartracm_Update_Rconst.G  > module_kpp_gocartracm_Update_Rconst.H
sed -e "s/gridmu/grid%mu/g" -e "s/gridMu/grid%Mu/g" module_kpp_gocartracm_Update_Rconst.H > module_kpp_gocartracm_Update_Rconst.bb
/glade/work/rkumar/NASA_HMA/WRFchem_HMA/tools/standard.exe module_kpp_gocartracm_Update_Rconst.bb | /lib/cpp -P -nostdinc -traditional-cpp > module_kpp_gocartracm_Update_Rconst.f90
rm -f module_kpp_gocartracm_Update_Rconst.G module_kpp_gocartracm_Update_Rconst.H module_kpp_gocartracm_Update_Rconst.bb
time mpif90 -f90=ifort -o module_kpp_gocartracm_Update_Rconst.o -c -O3 -ip -fp-model precise -w -ftz -align all -fno-alias -FR -convert big_endian    -I../dyn_em -I../dyn_nmm   -I/glade/work/rkumar/NASA_HMA/WRFchem_HMA/external/esmf_time_f90  -I/glade/work/rkumar/NASA_HMA/WRFchem_HMA/main -I/glade/work/rkumar/NASA_HMA/WRFchem_HMA/external/io_netcdf -I/glade/work/rkumar/NASA_HMA/WRFchem_HMA/external/io_int -I/glade/work/rkumar/NASA_HMA/WRFchem_HMA/frame -I/glade/work/rkumar/NASA_HMA/WRFchem_HMA/share -I/glade/work/rkumar/NASA_HMA/WRFchem_HMA/phys -I/glade/work/rkumar/NASA_HMA/WRFchem_HMA/chem -I/glade/work/rkumar/NASA_HMA/WRFchem_HMA/inc -I/glade/u/apps/ch/opt/netcdf/4.8.1/intel/19.1.1//include  -real-size `expr 8 \* 4` -i4  module_kpp_gocartracm_Update_Rconst.f90

real	0m0.716s
user	0m0.205s
sys	0m0.444s
rm -f module_kpp_gocartracm_Integr.o
sed -e "s/grid%mu/gridmu/g" -e "s/grid%Mu/gridMu/g" -e "s/^\!.*'.*//" -e "s/^ *\!.*'.*//" module_kpp_gocartracm_Integr.F > module_kpp_gocartracm_Integr.G
/lib/cpp -P -nostdinc -I/glade/work/rkumar/NASA_HMA/WRFchem_HMA/inc -DEM_CORE=1 -DNMM_CORE=0 -DNMM_MAX_DIM=2600 -DCOAMPS_CORE=0 -DDA_CORE=0 -DEXP_CORE=0 -DIWORDSIZE=4 -DDWORDSIZE=8 -DRWORDSIZE=4 -DLWORDSIZE=4 -DNONSTANDARD_SYSTEM_FUNC  -DWRF_USE_CLM  -DSNICAR_FRC    -DDM_PARALLEL -DNETCDF -DUSE_ALLOCATABLES -DGRIB1 -DINTIO -DKEEP_INT_AROUND -DLIMIT_ARGS -DCONFIG_BUF_LEN=65536 -DMAX_DOMAINS_F=21 -DMAX_HISTORY=25 -DNMM_NEST=0 -DWRF_CHEM -DBUILD_CHEM=1 -DWRF_KPP -I. -traditional-cpp   module_kpp_gocartracm_Integr.G  > module_kpp_gocartracm_Integr.H
sed -e "s/gridmu/grid%mu/g" -e "s/gridMu/grid%Mu/g" module_kpp_gocartracm_Integr.H > module_kpp_gocartracm_Integr.bb
/glade/work/rkumar/NASA_HMA/WRFchem_HMA/tools/standard.exe module_kpp_gocartracm_Integr.bb | /lib/cpp -P -nostdinc -traditional-cpp > module_kpp_gocartracm_Integr.f90
rm -f module_kpp_gocartracm_Integr.G module_kpp_gocartracm_Integr.H module_kpp_gocartracm_Integr.bb
time mpif90 -f90=ifort -o module_kpp_gocartracm_Integr.o -c -O3 -ip -fp-model precise -w -ftz -align all -fno-alias -FR -convert big_endian    -I../dyn_em -I../dyn_nmm   -I/glade/work/rkumar/NASA_HMA/WRFchem_HMA/external/esmf_time_f90  -I/glade/work/rkumar/NASA_HMA/WRFchem_HMA/main -I/glade/work/rkumar/NASA_HMA/WRFchem_HMA/external/io_netcdf -I/glade/work/rkumar/NASA_HMA/WRFchem_HMA/external/io_int -I/glade/work/rkumar/NASA_HMA/WRFchem_HMA/frame -I/glade/work/rkumar/NASA_HMA/WRFchem_HMA/share -I/glade/work/rkumar/NASA_HMA/WRFchem_HMA/phys -I/glade/work/rkumar/NASA_HMA/WRFchem_HMA/chem -I/glade/work/rkumar/NASA_HMA/WRFchem_HMA/inc -I/glade/u/apps/ch/opt/netcdf/4.8.1/intel/19.1.1//include  -real-size `expr 8 \* 4` -i4  module_kpp_gocartracm_Integr.f90

real	0m19.002s
user	0m18.255s
sys	0m0.686s
rm -f module_kpp_gocartracm_interface.o
sed -e "s/grid%mu/gridmu/g" -e "s/grid%Mu/gridMu/g" -e "s/^\!.*'.*//" -e "s/^ *\!.*'.*//" module_kpp_gocartracm_interface.F > module_kpp_gocartracm_interface.G
/lib/cpp -P -nostdinc -I/glade/work/rkumar/NASA_HMA/WRFchem_HMA/inc -DEM_CORE=1 -DNMM_CORE=0 -DNMM_MAX_DIM=2600 -DCOAMPS_CORE=0 -DDA_CORE=0 -DEXP_CORE=0 -DIWORDSIZE=4 -DDWORDSIZE=8 -DRWORDSIZE=4 -DLWORDSIZE=4 -DNONSTANDARD_SYSTEM_FUNC  -DWRF_USE_CLM  -DSNICAR_FRC    -DDM_PARALLEL -DNETCDF -DUSE_ALLOCATABLES -DGRIB1 -DINTIO -DKEEP_INT_AROUND -DLIMIT_ARGS -DCONFIG_BUF_LEN=65536 -DMAX_DOMAINS_F=21 -DMAX_HISTORY=25 -DNMM_NEST=0 -DWRF_CHEM -DBUILD_CHEM=1 -DWRF_KPP -I. -traditional-cpp   module_kpp_gocartracm_interface.G  > module_kpp_gocartracm_interface.H
sed -e "s/gridmu/grid%mu/g" -e "s/gridMu/grid%Mu/g" module_kpp_gocartracm_interface.H > module_kpp_gocartracm_interface.bb
/glade/work/rkumar/NASA_HMA/WRFchem_HMA/tools/standard.exe module_kpp_gocartracm_interface.bb | /lib/cpp -P -nostdinc -traditional-cpp > module_kpp_gocartracm_interface.f90
rm -f module_kpp_gocartracm_interface.G module_kpp_gocartracm_interface.H module_kpp_gocartracm_interface.bb
time mpif90 -f90=ifort -o module_kpp_gocartracm_interface.o -c -O3 -ip -fp-model precise -w -ftz -align all -fno-alias -FR -convert big_endian    -I../dyn_em -I../dyn_nmm   -I/glade/work/rkumar/NASA_HMA/WRFchem_HMA/external/esmf_time_f90  -I/glade/work/rkumar/NASA_HMA/WRFchem_HMA/main -I/glade/work/rkumar/NASA_HMA/WRFchem_HMA/external/io_netcdf -I/glade/work/rkumar/NASA_HMA/WRFchem_HMA/external/io_int -I/glade/work/rkumar/NASA_HMA/WRFchem_HMA/frame -I/glade/work/rkumar/NASA_HMA/WRFchem_HMA/share -I/glade/work/rkumar/NASA_HMA/WRFchem_HMA/phys -I/glade/work/rkumar/NASA_HMA/WRFchem_HMA/chem -I/glade/work/rkumar/NASA_HMA/WRFchem_HMA/inc -I/glade/u/apps/ch/opt/netcdf/4.8.1/intel/19.1.1//include  -real-size `expr 8 \* 4` -i4  module_kpp_gocartracm_interface.f90

real	0m1.356s
user	0m0.788s
sys	0m0.518s
rm -f module_kpp_racm_mim_Precision.o
sed -e "s/grid%mu/gridmu/g" -e "s/grid%Mu/gridMu/g" -e "s/^\!.*'.*//" -e "s/^ *\!.*'.*//" module_kpp_racm_mim_Precision.F > module_kpp_racm_mim_Precision.G
/lib/cpp -P -nostdinc -I/glade/work/rkumar/NASA_HMA/WRFchem_HMA/inc -DEM_CORE=1 -DNMM_CORE=0 -DNMM_MAX_DIM=2600 -DCOAMPS_CORE=0 -DDA_CORE=0 -DEXP_CORE=0 -DIWORDSIZE=4 -DDWORDSIZE=8 -DRWORDSIZE=4 -DLWORDSIZE=4 -DNONSTANDARD_SYSTEM_FUNC  -DWRF_USE_CLM  -DSNICAR_FRC    -DDM_PARALLEL -DNETCDF -DUSE_ALLOCATABLES -DGRIB1 -DINTIO -DKEEP_INT_AROUND -DLIMIT_ARGS -DCONFIG_BUF_LEN=65536 -DMAX_DOMAINS_F=21 -DMAX_HISTORY=25 -DNMM_NEST=0 -DWRF_CHEM -DBUILD_CHEM=1 -DWRF_KPP -I. -traditional-cpp   module_kpp_racm_mim_Precision.G  > module_kpp_racm_mim_Precision.H
sed -e "s/gridmu/grid%mu/g" -e "s/gridMu/grid%Mu/g" module_kpp_racm_mim_Precision.H > module_kpp_racm_mim_Precision.bb
/glade/work/rkumar/NASA_HMA/WRFchem_HMA/tools/standard.exe module_kpp_racm_mim_Precision.bb | /lib/cpp -P -nostdinc -traditional-cpp > module_kpp_racm_mim_Precision.f90
rm -f module_kpp_racm_mim_Precision.G module_kpp_racm_mim_Precision.H module_kpp_racm_mim_Precision.bb
time mpif90 -f90=ifort -o module_kpp_racm_mim_Precision.o -c -O3 -ip -fp-model precise -w -ftz -align all -fno-alias -FR -convert big_endian    -I../dyn_em -I../dyn_nmm   -I/glade/work/rkumar/NASA_HMA/WRFchem_HMA/external/esmf_time_f90  -I/glade/work/rkumar/NASA_HMA/WRFchem_HMA/main -I/glade/work/rkumar/NASA_HMA/WRFchem_HMA/external/io_netcdf -I/glade/work/rkumar/NASA_HMA/WRFchem_HMA/external/io_int -I/glade/work/rkumar/NASA_HMA/WRFchem_HMA/frame -I/glade/work/rkumar/NASA_HMA/WRFchem_HMA/share -I/glade/work/rkumar/NASA_HMA/WRFchem_HMA/phys -I/glade/work/rkumar/NASA_HMA/WRFchem_HMA/chem -I/glade/work/rkumar/NASA_HMA/WRFchem_HMA/inc -I/glade/u/apps/ch/opt/netcdf/4.8.1/intel/19.1.1//include  -real-size `expr 8 \* 4` -i4  module_kpp_racm_mim_Precision.f90

real	0m0.586s
user	0m0.057s
sys	0m0.453s
rm -f module_kpp_racm_mim_Parameters.o
sed -e "s/grid%mu/gridmu/g" -e "s/grid%Mu/gridMu/g" -e "s/^\!.*'.*//" -e "s/^ *\!.*'.*//" module_kpp_racm_mim_Parameters.F > module_kpp_racm_mim_Parameters.G
/lib/cpp -P -nostdinc -I/glade/work/rkumar/NASA_HMA/WRFchem_HMA/inc -DEM_CORE=1 -DNMM_CORE=0 -DNMM_MAX_DIM=2600 -DCOAMPS_CORE=0 -DDA_CORE=0 -DEXP_CORE=0 -DIWORDSIZE=4 -DDWORDSIZE=8 -DRWORDSIZE=4 -DLWORDSIZE=4 -DNONSTANDARD_SYSTEM_FUNC  -DWRF_USE_CLM  -DSNICAR_FRC    -DDM_PARALLEL -DNETCDF -DUSE_ALLOCATABLES -DGRIB1 -DINTIO -DKEEP_INT_AROUND -DLIMIT_ARGS -DCONFIG_BUF_LEN=65536 -DMAX_DOMAINS_F=21 -DMAX_HISTORY=25 -DNMM_NEST=0 -DWRF_CHEM -DBUILD_CHEM=1 -DWRF_KPP -I. -traditional-cpp   module_kpp_racm_mim_Parameters.G  > module_kpp_racm_mim_Parameters.H
sed -e "s/gridmu/grid%mu/g" -e "s/gridMu/grid%Mu/g" module_kpp_racm_mim_Parameters.H > module_kpp_racm_mim_Parameters.bb
/glade/work/rkumar/NASA_HMA/WRFchem_HMA/tools/standard.exe module_kpp_racm_mim_Parameters.bb | /lib/cpp -P -nostdinc -traditional-cpp > module_kpp_racm_mim_Parameters.f90
rm -f module_kpp_racm_mim_Parameters.G module_kpp_racm_mim_Parameters.H module_kpp_racm_mim_Parameters.bb
time mpif90 -f90=ifort -o module_kpp_racm_mim_Parameters.o -c -O3 -ip -fp-model precise -w -ftz -align all -fno-alias -FR -convert big_endian    -I../dyn_em -I../dyn_nmm   -I/glade/work/rkumar/NASA_HMA/WRFchem_HMA/external/esmf_time_f90  -I/glade/work/rkumar/NASA_HMA/WRFchem_HMA/main -I/glade/work/rkumar/NASA_HMA/WRFchem_HMA/external/io_netcdf -I/glade/work/rkumar/NASA_HMA/WRFchem_HMA/external/io_int -I/glade/work/rkumar/NASA_HMA/WRFchem_HMA/frame -I/glade/work/rkumar/NASA_HMA/WRFchem_HMA/share -I/glade/work/rkumar/NASA_HMA/WRFchem_HMA/phys -I/glade/work/rkumar/NASA_HMA/WRFchem_HMA/chem -I/glade/work/rkumar/NASA_HMA/WRFchem_HMA/inc -I/glade/u/apps/ch/opt/netcdf/4.8.1/intel/19.1.1//include  -real-size `expr 8 \* 4` -i4  module_kpp_racm_mim_Parameters.f90

real	0m0.550s
user	0m0.039s
sys	0m0.445s
rm -f module_kpp_racm_mim_JacobianSP.o
sed -e "s/grid%mu/gridmu/g" -e "s/grid%Mu/gridMu/g" -e "s/^\!.*'.*//" -e "s/^ *\!.*'.*//" module_kpp_racm_mim_JacobianSP.F > module_kpp_racm_mim_JacobianSP.G
/lib/cpp -P -nostdinc -I/glade/work/rkumar/NASA_HMA/WRFchem_HMA/inc -DEM_CORE=1 -DNMM_CORE=0 -DNMM_MAX_DIM=2600 -DCOAMPS_CORE=0 -DDA_CORE=0 -DEXP_CORE=0 -DIWORDSIZE=4 -DDWORDSIZE=8 -DRWORDSIZE=4 -DLWORDSIZE=4 -DNONSTANDARD_SYSTEM_FUNC  -DWRF_USE_CLM  -DSNICAR_FRC    -DDM_PARALLEL -DNETCDF -DUSE_ALLOCATABLES -DGRIB1 -DINTIO -DKEEP_INT_AROUND -DLIMIT_ARGS -DCONFIG_BUF_LEN=65536 -DMAX_DOMAINS_F=21 -DMAX_HISTORY=25 -DNMM_NEST=0 -DWRF_CHEM -DBUILD_CHEM=1 -DWRF_KPP -I. -traditional-cpp   module_kpp_racm_mim_JacobianSP.G  > module_kpp_racm_mim_JacobianSP.H
sed -e "s/gridmu/grid%mu/g" -e "s/gridMu/grid%Mu/g" module_kpp_racm_mim_JacobianSP.H > module_kpp_racm_mim_JacobianSP.bb
/glade/work/rkumar/NASA_HMA/WRFchem_HMA/tools/standard.exe module_kpp_racm_mim_JacobianSP.bb | /lib/cpp -P -nostdinc -traditional-cpp > module_kpp_racm_mim_JacobianSP.f90
rm -f module_kpp_racm_mim_JacobianSP.G module_kpp_racm_mim_JacobianSP.H module_kpp_racm_mim_JacobianSP.bb
time mpif90 -f90=ifort -o module_kpp_racm_mim_JacobianSP.o -c -O3 -ip -fp-model precise -w -ftz -align all -fno-alias -FR -convert big_endian    -I../dyn_em -I../dyn_nmm   -I/glade/work/rkumar/NASA_HMA/WRFchem_HMA/external/esmf_time_f90  -I/glade/work/rkumar/NASA_HMA/WRFchem_HMA/main -I/glade/work/rkumar/NASA_HMA/WRFchem_HMA/external/io_netcdf -I/glade/work/rkumar/NASA_HMA/WRFchem_HMA/external/io_int -I/glade/work/rkumar/NASA_HMA/WRFchem_HMA/frame -I/glade/work/rkumar/NASA_HMA/WRFchem_HMA/share -I/glade/work/rkumar/NASA_HMA/WRFchem_HMA/phys -I/glade/work/rkumar/NASA_HMA/WRFchem_HMA/chem -I/glade/work/rkumar/NASA_HMA/WRFchem_HMA/inc -I/glade/u/apps/ch/opt/netcdf/4.8.1/intel/19.1.1//include  -real-size `expr 8 \* 4` -i4  module_kpp_racm_mim_JacobianSP.f90

real	0m0.586s
user	0m0.067s
sys	0m0.466s
rm -f module_kpp_racm_mim_Jacobian.o
sed -e "s/grid%mu/gridmu/g" -e "s/grid%Mu/gridMu/g" -e "s/^\!.*'.*//" -e "s/^ *\!.*'.*//" module_kpp_racm_mim_Jacobian.F > module_kpp_racm_mim_Jacobian.G
/lib/cpp -P -nostdinc -I/glade/work/rkumar/NASA_HMA/WRFchem_HMA/inc -DEM_CORE=1 -DNMM_CORE=0 -DNMM_MAX_DIM=2600 -DCOAMPS_CORE=0 -DDA_CORE=0 -DEXP_CORE=0 -DIWORDSIZE=4 -DDWORDSIZE=8 -DRWORDSIZE=4 -DLWORDSIZE=4 -DNONSTANDARD_SYSTEM_FUNC  -DWRF_USE_CLM  -DSNICAR_FRC    -DDM_PARALLEL -DNETCDF -DUSE_ALLOCATABLES -DGRIB1 -DINTIO -DKEEP_INT_AROUND -DLIMIT_ARGS -DCONFIG_BUF_LEN=65536 -DMAX_DOMAINS_F=21 -DMAX_HISTORY=25 -DNMM_NEST=0 -DWRF_CHEM -DBUILD_CHEM=1 -DWRF_KPP -I. -traditional-cpp   module_kpp_racm_mim_Jacobian.G  > module_kpp_racm_mim_Jacobian.H
sed -e "s/gridmu/grid%mu/g" -e "s/gridMu/grid%Mu/g" module_kpp_racm_mim_Jacobian.H > module_kpp_racm_mim_Jacobian.bb
/glade/work/rkumar/NASA_HMA/WRFchem_HMA/tools/standard.exe module_kpp_racm_mim_Jacobian.bb | /lib/cpp -P -nostdinc -traditional-cpp > module_kpp_racm_mim_Jacobian.f90
rm -f module_kpp_racm_mim_Jacobian.G module_kpp_racm_mim_Jacobian.H module_kpp_racm_mim_Jacobian.bb
time mpif90 -f90=ifort -o module_kpp_racm_mim_Jacobian.o -c -O3 -ip -fp-model precise -w -ftz -align all -fno-alias -FR -convert big_endian    -I../dyn_em -I../dyn_nmm   -I/glade/work/rkumar/NASA_HMA/WRFchem_HMA/external/esmf_time_f90  -I/glade/work/rkumar/NASA_HMA/WRFchem_HMA/main -I/glade/work/rkumar/NASA_HMA/WRFchem_HMA/external/io_netcdf -I/glade/work/rkumar/NASA_HMA/WRFchem_HMA/external/io_int -I/glade/work/rkumar/NASA_HMA/WRFchem_HMA/frame -I/glade/work/rkumar/NASA_HMA/WRFchem_HMA/share -I/glade/work/rkumar/NASA_HMA/WRFchem_HMA/phys -I/glade/work/rkumar/NASA_HMA/WRFchem_HMA/chem -I/glade/work/rkumar/NASA_HMA/WRFchem_HMA/inc -I/glade/u/apps/ch/opt/netcdf/4.8.1/intel/19.1.1//include  -real-size `expr 8 \* 4` -i4  module_kpp_racm_mim_Jacobian.f90

real	0m1.416s
user	0m0.856s
sys	0m0.498s
rm -f module_kpp_racm_mim_Update_Rconst.o
sed -e "s/grid%mu/gridmu/g" -e "s/grid%Mu/gridMu/g" -e "s/^\!.*'.*//" -e "s/^ *\!.*'.*//" module_kpp_racm_mim_Update_Rconst.F > module_kpp_racm_mim_Update_Rconst.G
/lib/cpp -P -nostdinc -I/glade/work/rkumar/NASA_HMA/WRFchem_HMA/inc -DEM_CORE=1 -DNMM_CORE=0 -DNMM_MAX_DIM=2600 -DCOAMPS_CORE=0 -DDA_CORE=0 -DEXP_CORE=0 -DIWORDSIZE=4 -DDWORDSIZE=8 -DRWORDSIZE=4 -DLWORDSIZE=4 -DNONSTANDARD_SYSTEM_FUNC  -DWRF_USE_CLM  -DSNICAR_FRC    -DDM_PARALLEL -DNETCDF -DUSE_ALLOCATABLES -DGRIB1 -DINTIO -DKEEP_INT_AROUND -DLIMIT_ARGS -DCONFIG_BUF_LEN=65536 -DMAX_DOMAINS_F=21 -DMAX_HISTORY=25 -DNMM_NEST=0 -DWRF_CHEM -DBUILD_CHEM=1 -DWRF_KPP -I. -traditional-cpp   module_kpp_racm_mim_Update_Rconst.G  > module_kpp_racm_mim_Update_Rconst.H
sed -e "s/gridmu/grid%mu/g" -e "s/gridMu/grid%Mu/g" module_kpp_racm_mim_Update_Rconst.H > module_kpp_racm_mim_Update_Rconst.bb
/glade/work/rkumar/NASA_HMA/WRFchem_HMA/tools/standard.exe module_kpp_racm_mim_Update_Rconst.bb | /lib/cpp -P -nostdinc -traditional-cpp > module_kpp_racm_mim_Update_Rconst.f90
rm -f module_kpp_racm_mim_Update_Rconst.G module_kpp_racm_mim_Update_Rconst.H module_kpp_racm_mim_Update_Rconst.bb
time mpif90 -f90=ifort -o module_kpp_racm_mim_Update_Rconst.o -c -O3 -ip -fp-model precise -w -ftz -align all -fno-alias -FR -convert big_endian    -I../dyn_em -I../dyn_nmm   -I/glade/work/rkumar/NASA_HMA/WRFchem_HMA/external/esmf_time_f90  -I/glade/work/rkumar/NASA_HMA/WRFchem_HMA/main -I/glade/work/rkumar/NASA_HMA/WRFchem_HMA/external/io_netcdf -I/glade/work/rkumar/NASA_HMA/WRFchem_HMA/external/io_int -I/glade/work/rkumar/NASA_HMA/WRFchem_HMA/frame -I/glade/work/rkumar/NASA_HMA/WRFchem_HMA/share -I/glade/work/rkumar/NASA_HMA/WRFchem_HMA/phys -I/glade/work/rkumar/NASA_HMA/WRFchem_HMA/chem -I/glade/work/rkumar/NASA_HMA/WRFchem_HMA/inc -I/glade/u/apps/ch/opt/netcdf/4.8.1/intel/19.1.1//include  -real-size `expr 8 \* 4` -i4  module_kpp_racm_mim_Update_Rconst.f90

real	0m0.808s
user	0m0.239s
sys	0m0.517s
rm -f module_kpp_racm_mim_Integr.o
sed -e "s/grid%mu/gridmu/g" -e "s/grid%Mu/gridMu/g" -e "s/^\!.*'.*//" -e "s/^ *\!.*'.*//" module_kpp_racm_mim_Integr.F > module_kpp_racm_mim_Integr.G
/lib/cpp -P -nostdinc -I/glade/work/rkumar/NASA_HMA/WRFchem_HMA/inc -DEM_CORE=1 -DNMM_CORE=0 -DNMM_MAX_DIM=2600 -DCOAMPS_CORE=0 -DDA_CORE=0 -DEXP_CORE=0 -DIWORDSIZE=4 -DDWORDSIZE=8 -DRWORDSIZE=4 -DLWORDSIZE=4 -DNONSTANDARD_SYSTEM_FUNC  -DWRF_USE_CLM  -DSNICAR_FRC    -DDM_PARALLEL -DNETCDF -DUSE_ALLOCATABLES -DGRIB1 -DINTIO -DKEEP_INT_AROUND -DLIMIT_ARGS -DCONFIG_BUF_LEN=65536 -DMAX_DOMAINS_F=21 -DMAX_HISTORY=25 -DNMM_NEST=0 -DWRF_CHEM -DBUILD_CHEM=1 -DWRF_KPP -I. -traditional-cpp   module_kpp_racm_mim_Integr.G  > module_kpp_racm_mim_Integr.H
sed -e "s/gridmu/grid%mu/g" -e "s/gridMu/grid%Mu/g" module_kpp_racm_mim_Integr.H > module_kpp_racm_mim_Integr.bb
/glade/work/rkumar/NASA_HMA/WRFchem_HMA/tools/standard.exe module_kpp_racm_mim_Integr.bb | /lib/cpp -P -nostdinc -traditional-cpp > module_kpp_racm_mim_Integr.f90
rm -f module_kpp_racm_mim_Integr.G module_kpp_racm_mim_Integr.H module_kpp_racm_mim_Integr.bb
time mpif90 -f90=ifort -o module_kpp_racm_mim_Integr.o -c -O3 -ip -fp-model precise -w -ftz -align all -fno-alias -FR -convert big_endian    -I../dyn_em -I../dyn_nmm   -I/glade/work/rkumar/NASA_HMA/WRFchem_HMA/external/esmf_time_f90  -I/glade/work/rkumar/NASA_HMA/WRFchem_HMA/main -I/glade/work/rkumar/NASA_HMA/WRFchem_HMA/external/io_netcdf -I/glade/work/rkumar/NASA_HMA/WRFchem_HMA/external/io_int -I/glade/work/rkumar/NASA_HMA/WRFchem_HMA/frame -I/glade/work/rkumar/NASA_HMA/WRFchem_HMA/share -I/glade/work/rkumar/NASA_HMA/WRFchem_HMA/phys -I/glade/work/rkumar/NASA_HMA/WRFchem_HMA/chem -I/glade/work/rkumar/NASA_HMA/WRFchem_HMA/inc -I/glade/u/apps/ch/opt/netcdf/4.8.1/intel/19.1.1//include  -real-size `expr 8 \* 4` -i4  module_kpp_racm_mim_Integr.f90

real	0m18.192s
user	0m17.462s
sys	0m0.665s
rm -f module_kpp_racm_mim_interface.o
sed -e "s/grid%mu/gridmu/g" -e "s/grid%Mu/gridMu/g" -e "s/^\!.*'.*//" -e "s/^ *\!.*'.*//" module_kpp_racm_mim_interface.F > module_kpp_racm_mim_interface.G
/lib/cpp -P -nostdinc -I/glade/work/rkumar/NASA_HMA/WRFchem_HMA/inc -DEM_CORE=1 -DNMM_CORE=0 -DNMM_MAX_DIM=2600 -DCOAMPS_CORE=0 -DDA_CORE=0 -DEXP_CORE=0 -DIWORDSIZE=4 -DDWORDSIZE=8 -DRWORDSIZE=4 -DLWORDSIZE=4 -DNONSTANDARD_SYSTEM_FUNC  -DWRF_USE_CLM  -DSNICAR_FRC    -DDM_PARALLEL -DNETCDF -DUSE_ALLOCATABLES -DGRIB1 -DINTIO -DKEEP_INT_AROUND -DLIMIT_ARGS -DCONFIG_BUF_LEN=65536 -DMAX_DOMAINS_F=21 -DMAX_HISTORY=25 -DNMM_NEST=0 -DWRF_CHEM -DBUILD_CHEM=1 -DWRF_KPP -I. -traditional-cpp   module_kpp_racm_mim_interface.G  > module_kpp_racm_mim_interface.H
sed -e "s/gridmu/grid%mu/g" -e "s/gridMu/grid%Mu/g" module_kpp_racm_mim_interface.H > module_kpp_racm_mim_interface.bb
/glade/work/rkumar/NASA_HMA/WRFchem_HMA/tools/standard.exe module_kpp_racm_mim_interface.bb | /lib/cpp -P -nostdinc -traditional-cpp > module_kpp_racm_mim_interface.f90
rm -f module_kpp_racm_mim_interface.G module_kpp_racm_mim_interface.H module_kpp_racm_mim_interface.bb
time mpif90 -f90=ifort -o module_kpp_racm_mim_interface.o -c -O3 -ip -fp-model precise -w -ftz -align all -fno-alias -FR -convert big_endian    -I../dyn_em -I../dyn_nmm   -I/glade/work/rkumar/NASA_HMA/WRFchem_HMA/external/esmf_time_f90  -I/glade/work/rkumar/NASA_HMA/WRFchem_HMA/main -I/glade/work/rkumar/NASA_HMA/WRFchem_HMA/external/io_netcdf -I/glade/work/rkumar/NASA_HMA/WRFchem_HMA/external/io_int -I/glade/work/rkumar/NASA_HMA/WRFchem_HMA/frame -I/glade/work/rkumar/NASA_HMA/WRFchem_HMA/share -I/glade/work/rkumar/NASA_HMA/WRFchem_HMA/phys -I/glade/work/rkumar/NASA_HMA/WRFchem_HMA/chem -I/glade/work/rkumar/NASA_HMA/WRFchem_HMA/inc -I/glade/u/apps/ch/opt/netcdf/4.8.1/intel/19.1.1//include  -real-size `expr 8 \* 4` -i4  module_kpp_racm_mim_interface.f90

real	0m1.428s
user	0m0.825s
sys	0m0.551s
rm -f module_kpp_saprc99_mosaic_4bin_vbs2_Precision.o
sed -e "s/grid%mu/gridmu/g" -e "s/grid%Mu/gridMu/g" -e "s/^\!.*'.*//" -e "s/^ *\!.*'.*//" module_kpp_saprc99_mosaic_4bin_vbs2_Precision.F > module_kpp_saprc99_mosaic_4bin_vbs2_Precision.G
/lib/cpp -P -nostdinc -I/glade/work/rkumar/NASA_HMA/WRFchem_HMA/inc -DEM_CORE=1 -DNMM_CORE=0 -DNMM_MAX_DIM=2600 -DCOAMPS_CORE=0 -DDA_CORE=0 -DEXP_CORE=0 -DIWORDSIZE=4 -DDWORDSIZE=8 -DRWORDSIZE=4 -DLWORDSIZE=4 -DNONSTANDARD_SYSTEM_FUNC  -DWRF_USE_CLM  -DSNICAR_FRC    -DDM_PARALLEL -DNETCDF -DUSE_ALLOCATABLES -DGRIB1 -DINTIO -DKEEP_INT_AROUND -DLIMIT_ARGS -DCONFIG_BUF_LEN=65536 -DMAX_DOMAINS_F=21 -DMAX_HISTORY=25 -DNMM_NEST=0 -DWRF_CHEM -DBUILD_CHEM=1 -DWRF_KPP -I. -traditional-cpp   module_kpp_saprc99_mosaic_4bin_vbs2_Precision.G  > module_kpp_saprc99_mosaic_4bin_vbs2_Precision.H
sed -e "s/gridmu/grid%mu/g" -e "s/gridMu/grid%Mu/g" module_kpp_saprc99_mosaic_4bin_vbs2_Precision.H > module_kpp_saprc99_mosaic_4bin_vbs2_Precision.bb
/glade/work/rkumar/NASA_HMA/WRFchem_HMA/tools/standard.exe module_kpp_saprc99_mosaic_4bin_vbs2_Precision.bb | /lib/cpp -P -nostdinc -traditional-cpp > module_kpp_saprc99_mosaic_4bin_vbs2_Precision.f90
rm -f module_kpp_saprc99_mosaic_4bin_vbs2_Precision.G module_kpp_saprc99_mosaic_4bin_vbs2_Precision.H module_kpp_saprc99_mosaic_4bin_vbs2_Precision.bb
time mpif90 -f90=ifort -o module_kpp_saprc99_mosaic_4bin_vbs2_Precision.o -c -O3 -ip -fp-model precise -w -ftz -align all -fno-alias -FR -convert big_endian    -I../dyn_em -I../dyn_nmm   -I/glade/work/rkumar/NASA_HMA/WRFchem_HMA/external/esmf_time_f90  -I/glade/work/rkumar/NASA_HMA/WRFchem_HMA/main -I/glade/work/rkumar/NASA_HMA/WRFchem_HMA/external/io_netcdf -I/glade/work/rkumar/NASA_HMA/WRFchem_HMA/external/io_int -I/glade/work/rkumar/NASA_HMA/WRFchem_HMA/frame -I/glade/work/rkumar/NASA_HMA/WRFchem_HMA/share -I/glade/work/rkumar/NASA_HMA/WRFchem_HMA/phys -I/glade/work/rkumar/NASA_HMA/WRFchem_HMA/chem -I/glade/work/rkumar/NASA_HMA/WRFchem_HMA/inc -I/glade/u/apps/ch/opt/netcdf/4.8.1/intel/19.1.1//include  -real-size `expr 8 \* 4` -i4  module_kpp_saprc99_mosaic_4bin_vbs2_Precision.f90

real	0m0.597s
user	0m0.062s
sys	0m0.493s
rm -f module_kpp_saprc99_mosaic_4bin_vbs2_Parameters.o
sed -e "s/grid%mu/gridmu/g" -e "s/grid%Mu/gridMu/g" -e "s/^\!.*'.*//" -e "s/^ *\!.*'.*//" module_kpp_saprc99_mosaic_4bin_vbs2_Parameters.F > module_kpp_saprc99_mosaic_4bin_vbs2_Parameters.G
/lib/cpp -P -nostdinc -I/glade/work/rkumar/NASA_HMA/WRFchem_HMA/inc -DEM_CORE=1 -DNMM_CORE=0 -DNMM_MAX_DIM=2600 -DCOAMPS_CORE=0 -DDA_CORE=0 -DEXP_CORE=0 -DIWORDSIZE=4 -DDWORDSIZE=8 -DRWORDSIZE=4 -DLWORDSIZE=4 -DNONSTANDARD_SYSTEM_FUNC  -DWRF_USE_CLM  -DSNICAR_FRC    -DDM_PARALLEL -DNETCDF -DUSE_ALLOCATABLES -DGRIB1 -DINTIO -DKEEP_INT_AROUND -DLIMIT_ARGS -DCONFIG_BUF_LEN=65536 -DMAX_DOMAINS_F=21 -DMAX_HISTORY=25 -DNMM_NEST=0 -DWRF_CHEM -DBUILD_CHEM=1 -DWRF_KPP -I. -traditional-cpp   module_kpp_saprc99_mosaic_4bin_vbs2_Parameters.G  > module_kpp_saprc99_mosaic_4bin_vbs2_Parameters.H
sed -e "s/gridmu/grid%mu/g" -e "s/gridMu/grid%Mu/g" module_kpp_saprc99_mosaic_4bin_vbs2_Parameters.H > module_kpp_saprc99_mosaic_4bin_vbs2_Parameters.bb
/glade/work/rkumar/NASA_HMA/WRFchem_HMA/tools/standard.exe module_kpp_saprc99_mosaic_4bin_vbs2_Parameters.bb | /lib/cpp -P -nostdinc -traditional-cpp > module_kpp_saprc99_mosaic_4bin_vbs2_Parameters.f90
rm -f module_kpp_saprc99_mosaic_4bin_vbs2_Parameters.G module_kpp_saprc99_mosaic_4bin_vbs2_Parameters.H module_kpp_saprc99_mosaic_4bin_vbs2_Parameters.bb
time mpif90 -f90=ifort -o module_kpp_saprc99_mosaic_4bin_vbs2_Parameters.o -c -O3 -ip -fp-model precise -w -ftz -align all -fno-alias -FR -convert big_endian    -I../dyn_em -I../dyn_nmm   -I/glade/work/rkumar/NASA_HMA/WRFchem_HMA/external/esmf_time_f90  -I/glade/work/rkumar/NASA_HMA/WRFchem_HMA/main -I/glade/work/rkumar/NASA_HMA/WRFchem_HMA/external/io_netcdf -I/glade/work/rkumar/NASA_HMA/WRFchem_HMA/external/io_int -I/glade/work/rkumar/NASA_HMA/WRFchem_HMA/frame -I/glade/work/rkumar/NASA_HMA/WRFchem_HMA/share -I/glade/work/rkumar/NASA_HMA/WRFchem_HMA/phys -I/glade/work/rkumar/NASA_HMA/WRFchem_HMA/chem -I/glade/work/rkumar/NASA_HMA/WRFchem_HMA/inc -I/glade/u/apps/ch/opt/netcdf/4.8.1/intel/19.1.1//include  -real-size `expr 8 \* 4` -i4  module_kpp_saprc99_mosaic_4bin_vbs2_Parameters.f90

real	0m0.606s
user	0m0.053s
sys	0m0.508s
rm -f module_kpp_saprc99_mosaic_4bin_vbs2_JacobianSP.o
sed -e "s/grid%mu/gridmu/g" -e "s/grid%Mu/gridMu/g" -e "s/^\!.*'.*//" -e "s/^ *\!.*'.*//" module_kpp_saprc99_mosaic_4bin_vbs2_JacobianSP.F > module_kpp_saprc99_mosaic_4bin_vbs2_JacobianSP.G
/lib/cpp -P -nostdinc -I/glade/work/rkumar/NASA_HMA/WRFchem_HMA/inc -DEM_CORE=1 -DNMM_CORE=0 -DNMM_MAX_DIM=2600 -DCOAMPS_CORE=0 -DDA_CORE=0 -DEXP_CORE=0 -DIWORDSIZE=4 -DDWORDSIZE=8 -DRWORDSIZE=4 -DLWORDSIZE=4 -DNONSTANDARD_SYSTEM_FUNC  -DWRF_USE_CLM  -DSNICAR_FRC    -DDM_PARALLEL -DNETCDF -DUSE_ALLOCATABLES -DGRIB1 -DINTIO -DKEEP_INT_AROUND -DLIMIT_ARGS -DCONFIG_BUF_LEN=65536 -DMAX_DOMAINS_F=21 -DMAX_HISTORY=25 -DNMM_NEST=0 -DWRF_CHEM -DBUILD_CHEM=1 -DWRF_KPP -I. -traditional-cpp   module_kpp_saprc99_mosaic_4bin_vbs2_JacobianSP.G  > module_kpp_saprc99_mosaic_4bin_vbs2_JacobianSP.H
sed -e "s/gridmu/grid%mu/g" -e "s/gridMu/grid%Mu/g" module_kpp_saprc99_mosaic_4bin_vbs2_JacobianSP.H > module_kpp_saprc99_mosaic_4bin_vbs2_JacobianSP.bb
/glade/work/rkumar/NASA_HMA/WRFchem_HMA/tools/standard.exe module_kpp_saprc99_mosaic_4bin_vbs2_JacobianSP.bb | /lib/cpp -P -nostdinc -traditional-cpp > module_kpp_saprc99_mosaic_4bin_vbs2_JacobianSP.f90
rm -f module_kpp_saprc99_mosaic_4bin_vbs2_JacobianSP.G module_kpp_saprc99_mosaic_4bin_vbs2_JacobianSP.H module_kpp_saprc99_mosaic_4bin_vbs2_JacobianSP.bb
time mpif90 -f90=ifort -o module_kpp_saprc99_mosaic_4bin_vbs2_JacobianSP.o -c -O3 -ip -fp-model precise -w -ftz -align all -fno-alias -FR -convert big_endian    -I../dyn_em -I../dyn_nmm   -I/glade/work/rkumar/NASA_HMA/WRFchem_HMA/external/esmf_time_f90  -I/glade/work/rkumar/NASA_HMA/WRFchem_HMA/main -I/glade/work/rkumar/NASA_HMA/WRFchem_HMA/external/io_netcdf -I/glade/work/rkumar/NASA_HMA/WRFchem_HMA/external/io_int -I/glade/work/rkumar/NASA_HMA/WRFchem_HMA/frame -I/glade/work/rkumar/NASA_HMA/WRFchem_HMA/share -I/glade/work/rkumar/NASA_HMA/WRFchem_HMA/phys -I/glade/work/rkumar/NASA_HMA/WRFchem_HMA/chem -I/glade/work/rkumar/NASA_HMA/WRFchem_HMA/inc -I/glade/u/apps/ch/opt/netcdf/4.8.1/intel/19.1.1//include  -real-size `expr 8 \* 4` -i4  module_kpp_saprc99_mosaic_4bin_vbs2_JacobianSP.f90

real	0m0.593s
user	0m0.080s
sys	0m0.461s
rm -f module_kpp_saprc99_mosaic_4bin_vbs2_Jacobian.o
sed -e "s/grid%mu/gridmu/g" -e "s/grid%Mu/gridMu/g" -e "s/^\!.*'.*//" -e "s/^ *\!.*'.*//" module_kpp_saprc99_mosaic_4bin_vbs2_Jacobian.F > module_kpp_saprc99_mosaic_4bin_vbs2_Jacobian.G
/lib/cpp -P -nostdinc -I/glade/work/rkumar/NASA_HMA/WRFchem_HMA/inc -DEM_CORE=1 -DNMM_CORE=0 -DNMM_MAX_DIM=2600 -DCOAMPS_CORE=0 -DDA_CORE=0 -DEXP_CORE=0 -DIWORDSIZE=4 -DDWORDSIZE=8 -DRWORDSIZE=4 -DLWORDSIZE=4 -DNONSTANDARD_SYSTEM_FUNC  -DWRF_USE_CLM  -DSNICAR_FRC    -DDM_PARALLEL -DNETCDF -DUSE_ALLOCATABLES -DGRIB1 -DINTIO -DKEEP_INT_AROUND -DLIMIT_ARGS -DCONFIG_BUF_LEN=65536 -DMAX_DOMAINS_F=21 -DMAX_HISTORY=25 -DNMM_NEST=0 -DWRF_CHEM -DBUILD_CHEM=1 -DWRF_KPP -I. -traditional-cpp   module_kpp_saprc99_mosaic_4bin_vbs2_Jacobian.G  > module_kpp_saprc99_mosaic_4bin_vbs2_Jacobian.H
sed -e "s/gridmu/grid%mu/g" -e "s/gridMu/grid%Mu/g" module_kpp_saprc99_mosaic_4bin_vbs2_Jacobian.H > module_kpp_saprc99_mosaic_4bin_vbs2_Jacobian.bb
/glade/work/rkumar/NASA_HMA/WRFchem_HMA/tools/standard.exe module_kpp_saprc99_mosaic_4bin_vbs2_Jacobian.bb | /lib/cpp -P -nostdinc -traditional-cpp > module_kpp_saprc99_mosaic_4bin_vbs2_Jacobian.f90
rm -f module_kpp_saprc99_mosaic_4bin_vbs2_Jacobian.G module_kpp_saprc99_mosaic_4bin_vbs2_Jacobian.H module_kpp_saprc99_mosaic_4bin_vbs2_Jacobian.bb
time mpif90 -f90=ifort -o module_kpp_saprc99_mosaic_4bin_vbs2_Jacobian.o -c -O3 -ip -fp-model precise -w -ftz -align all -fno-alias -FR -convert big_endian    -I../dyn_em -I../dyn_nmm   -I/glade/work/rkumar/NASA_HMA/WRFchem_HMA/external/esmf_time_f90  -I/glade/work/rkumar/NASA_HMA/WRFchem_HMA/main -I/glade/work/rkumar/NASA_HMA/WRFchem_HMA/external/io_netcdf -I/glade/work/rkumar/NASA_HMA/WRFchem_HMA/external/io_int -I/glade/work/rkumar/NASA_HMA/WRFchem_HMA/frame -I/glade/work/rkumar/NASA_HMA/WRFchem_HMA/share -I/glade/work/rkumar/NASA_HMA/WRFchem_HMA/phys -I/glade/work/rkumar/NASA_HMA/WRFchem_HMA/chem -I/glade/work/rkumar/NASA_HMA/WRFchem_HMA/inc -I/glade/u/apps/ch/opt/netcdf/4.8.1/intel/19.1.1//include  -real-size `expr 8 \* 4` -i4  module_kpp_saprc99_mosaic_4bin_vbs2_Jacobian.f90

real	0m1.607s
user	0m1.054s
sys	0m0.489s
rm -f module_kpp_saprc99_mosaic_4bin_vbs2_Update_Rconst.o
sed -e "s/grid%mu/gridmu/g" -e "s/grid%Mu/gridMu/g" -e "s/^\!.*'.*//" -e "s/^ *\!.*'.*//" module_kpp_saprc99_mosaic_4bin_vbs2_Update_Rconst.F > module_kpp_saprc99_mosaic_4bin_vbs2_Update_Rconst.G
/lib/cpp -P -nostdinc -I/glade/work/rkumar/NASA_HMA/WRFchem_HMA/inc -DEM_CORE=1 -DNMM_CORE=0 -DNMM_MAX_DIM=2600 -DCOAMPS_CORE=0 -DDA_CORE=0 -DEXP_CORE=0 -DIWORDSIZE=4 -DDWORDSIZE=8 -DRWORDSIZE=4 -DLWORDSIZE=4 -DNONSTANDARD_SYSTEM_FUNC  -DWRF_USE_CLM  -DSNICAR_FRC    -DDM_PARALLEL -DNETCDF -DUSE_ALLOCATABLES -DGRIB1 -DINTIO -DKEEP_INT_AROUND -DLIMIT_ARGS -DCONFIG_BUF_LEN=65536 -DMAX_DOMAINS_F=21 -DMAX_HISTORY=25 -DNMM_NEST=0 -DWRF_CHEM -DBUILD_CHEM=1 -DWRF_KPP -I. -traditional-cpp   module_kpp_saprc99_mosaic_4bin_vbs2_Update_Rconst.G  > module_kpp_saprc99_mosaic_4bin_vbs2_Update_Rconst.H
sed -e "s/gridmu/grid%mu/g" -e "s/gridMu/grid%Mu/g" module_kpp_saprc99_mosaic_4bin_vbs2_Update_Rconst.H > module_kpp_saprc99_mosaic_4bin_vbs2_Update_Rconst.bb
/glade/work/rkumar/NASA_HMA/WRFchem_HMA/tools/standard.exe module_kpp_saprc99_mosaic_4bin_vbs2_Update_Rconst.bb | /lib/cpp -P -nostdinc -traditional-cpp > module_kpp_saprc99_mosaic_4bin_vbs2_Update_Rconst.f90
rm -f module_kpp_saprc99_mosaic_4bin_vbs2_Update_Rconst.G module_kpp_saprc99_mosaic_4bin_vbs2_Update_Rconst.H module_kpp_saprc99_mosaic_4bin_vbs2_Update_Rconst.bb
time mpif90 -f90=ifort -o module_kpp_saprc99_mosaic_4bin_vbs2_Update_Rconst.o -c -O3 -ip -fp-model precise -w -ftz -align all -fno-alias -FR -convert big_endian    -I../dyn_em -I../dyn_nmm   -I/glade/work/rkumar/NASA_HMA/WRFchem_HMA/external/esmf_time_f90  -I/glade/work/rkumar/NASA_HMA/WRFchem_HMA/main -I/glade/work/rkumar/NASA_HMA/WRFchem_HMA/external/io_netcdf -I/glade/work/rkumar/NASA_HMA/WRFchem_HMA/external/io_int -I/glade/work/rkumar/NASA_HMA/WRFchem_HMA/frame -I/glade/work/rkumar/NASA_HMA/WRFchem_HMA/share -I/glade/work/rkumar/NASA_HMA/WRFchem_HMA/phys -I/glade/work/rkumar/NASA_HMA/WRFchem_HMA/chem -I/glade/work/rkumar/NASA_HMA/WRFchem_HMA/inc -I/glade/u/apps/ch/opt/netcdf/4.8.1/intel/19.1.1//include  -real-size `expr 8 \* 4` -i4  module_kpp_saprc99_mosaic_4bin_vbs2_Update_Rconst.f90

real	0m0.785s
user	0m0.245s
sys	0m0.513s
rm -f module_kpp_saprc99_mosaic_4bin_vbs2_Integr.o
sed -e "s/grid%mu/gridmu/g" -e "s/grid%Mu/gridMu/g" -e "s/^\!.*'.*//" -e "s/^ *\!.*'.*//" module_kpp_saprc99_mosaic_4bin_vbs2_Integr.F > module_kpp_saprc99_mosaic_4bin_vbs2_Integr.G
/lib/cpp -P -nostdinc -I/glade/work/rkumar/NASA_HMA/WRFchem_HMA/inc -DEM_CORE=1 -DNMM_CORE=0 -DNMM_MAX_DIM=2600 -DCOAMPS_CORE=0 -DDA_CORE=0 -DEXP_CORE=0 -DIWORDSIZE=4 -DDWORDSIZE=8 -DRWORDSIZE=4 -DLWORDSIZE=4 -DNONSTANDARD_SYSTEM_FUNC  -DWRF_USE_CLM  -DSNICAR_FRC    -DDM_PARALLEL -DNETCDF -DUSE_ALLOCATABLES -DGRIB1 -DINTIO -DKEEP_INT_AROUND -DLIMIT_ARGS -DCONFIG_BUF_LEN=65536 -DMAX_DOMAINS_F=21 -DMAX_HISTORY=25 -DNMM_NEST=0 -DWRF_CHEM -DBUILD_CHEM=1 -DWRF_KPP -I. -traditional-cpp   module_kpp_saprc99_mosaic_4bin_vbs2_Integr.G  > module_kpp_saprc99_mosaic_4bin_vbs2_Integr.H
sed -e "s/gridmu/grid%mu/g" -e "s/gridMu/grid%Mu/g" module_kpp_saprc99_mosaic_4bin_vbs2_Integr.H > module_kpp_saprc99_mosaic_4bin_vbs2_Integr.bb
/glade/work/rkumar/NASA_HMA/WRFchem_HMA/tools/standard.exe module_kpp_saprc99_mosaic_4bin_vbs2_Integr.bb | /lib/cpp -P -nostdinc -traditional-cpp > module_kpp_saprc99_mosaic_4bin_vbs2_Integr.f90
rm -f module_kpp_saprc99_mosaic_4bin_vbs2_Integr.G module_kpp_saprc99_mosaic_4bin_vbs2_Integr.H module_kpp_saprc99_mosaic_4bin_vbs2_Integr.bb
time mpif90 -f90=ifort -o module_kpp_saprc99_mosaic_4bin_vbs2_Integr.o -c -O3 -ip -fp-model precise -w -ftz -align all -fno-alias -FR -convert big_endian    -I../dyn_em -I../dyn_nmm   -I/glade/work/rkumar/NASA_HMA/WRFchem_HMA/external/esmf_time_f90  -I/glade/work/rkumar/NASA_HMA/WRFchem_HMA/main -I/glade/work/rkumar/NASA_HMA/WRFchem_HMA/external/io_netcdf -I/glade/work/rkumar/NASA_HMA/WRFchem_HMA/external/io_int -I/glade/work/rkumar/NASA_HMA/WRFchem_HMA/frame -I/glade/work/rkumar/NASA_HMA/WRFchem_HMA/share -I/glade/work/rkumar/NASA_HMA/WRFchem_HMA/phys -I/glade/work/rkumar/NASA_HMA/WRFchem_HMA/chem -I/glade/work/rkumar/NASA_HMA/WRFchem_HMA/inc -I/glade/u/apps/ch/opt/netcdf/4.8.1/intel/19.1.1//include  -real-size `expr 8 \* 4` -i4  module_kpp_saprc99_mosaic_4bin_vbs2_Integr.f90

real	0m14.868s
user	0m14.139s
sys	0m0.681s
rm -f module_kpp_saprc99_mosaic_4bin_vbs2_interface.o
sed -e "s/grid%mu/gridmu/g" -e "s/grid%Mu/gridMu/g" -e "s/^\!.*'.*//" -e "s/^ *\!.*'.*//" module_kpp_saprc99_mosaic_4bin_vbs2_interface.F > module_kpp_saprc99_mosaic_4bin_vbs2_interface.G
/lib/cpp -P -nostdinc -I/glade/work/rkumar/NASA_HMA/WRFchem_HMA/inc -DEM_CORE=1 -DNMM_CORE=0 -DNMM_MAX_DIM=2600 -DCOAMPS_CORE=0 -DDA_CORE=0 -DEXP_CORE=0 -DIWORDSIZE=4 -DDWORDSIZE=8 -DRWORDSIZE=4 -DLWORDSIZE=4 -DNONSTANDARD_SYSTEM_FUNC  -DWRF_USE_CLM  -DSNICAR_FRC    -DDM_PARALLEL -DNETCDF -DUSE_ALLOCATABLES -DGRIB1 -DINTIO -DKEEP_INT_AROUND -DLIMIT_ARGS -DCONFIG_BUF_LEN=65536 -DMAX_DOMAINS_F=21 -DMAX_HISTORY=25 -DNMM_NEST=0 -DWRF_CHEM -DBUILD_CHEM=1 -DWRF_KPP -I. -traditional-cpp   module_kpp_saprc99_mosaic_4bin_vbs2_interface.G  > module_kpp_saprc99_mosaic_4bin_vbs2_interface.H
sed -e "s/gridmu/grid%mu/g" -e "s/gridMu/grid%Mu/g" module_kpp_saprc99_mosaic_4bin_vbs2_interface.H > module_kpp_saprc99_mosaic_4bin_vbs2_interface.bb
/glade/work/rkumar/NASA_HMA/WRFchem_HMA/tools/standard.exe module_kpp_saprc99_mosaic_4bin_vbs2_interface.bb | /lib/cpp -P -nostdinc -traditional-cpp > module_kpp_saprc99_mosaic_4bin_vbs2_interface.f90
rm -f module_kpp_saprc99_mosaic_4bin_vbs2_interface.G module_kpp_saprc99_mosaic_4bin_vbs2_interface.H module_kpp_saprc99_mosaic_4bin_vbs2_interface.bb
time mpif90 -f90=ifort -o module_kpp_saprc99_mosaic_4bin_vbs2_interface.o -c -O3 -ip -fp-model precise -w -ftz -align all -fno-alias -FR -convert big_endian    -I../dyn_em -I../dyn_nmm   -I/glade/work/rkumar/NASA_HMA/WRFchem_HMA/external/esmf_time_f90  -I/glade/work/rkumar/NASA_HMA/WRFchem_HMA/main -I/glade/work/rkumar/NASA_HMA/WRFchem_HMA/external/io_netcdf -I/glade/work/rkumar/NASA_HMA/WRFchem_HMA/external/io_int -I/glade/work/rkumar/NASA_HMA/WRFchem_HMA/frame -I/glade/work/rkumar/NASA_HMA/WRFchem_HMA/share -I/glade/work/rkumar/NASA_HMA/WRFchem_HMA/phys -I/glade/work/rkumar/NASA_HMA/WRFchem_HMA/chem -I/glade/work/rkumar/NASA_HMA/WRFchem_HMA/inc -I/glade/u/apps/ch/opt/netcdf/4.8.1/intel/19.1.1//include  -real-size `expr 8 \* 4` -i4  module_kpp_saprc99_mosaic_4bin_vbs2_interface.f90

real	0m1.596s
user	0m1.026s
sys	0m0.517s
rm -f module_kpp_racm_esrlsorg_aqchem_Precision.o
sed -e "s/grid%mu/gridmu/g" -e "s/grid%Mu/gridMu/g" -e "s/^\!.*'.*//" -e "s/^ *\!.*'.*//" module_kpp_racm_esrlsorg_aqchem_Precision.F > module_kpp_racm_esrlsorg_aqchem_Precision.G
/lib/cpp -P -nostdinc -I/glade/work/rkumar/NASA_HMA/WRFchem_HMA/inc -DEM_CORE=1 -DNMM_CORE=0 -DNMM_MAX_DIM=2600 -DCOAMPS_CORE=0 -DDA_CORE=0 -DEXP_CORE=0 -DIWORDSIZE=4 -DDWORDSIZE=8 -DRWORDSIZE=4 -DLWORDSIZE=4 -DNONSTANDARD_SYSTEM_FUNC  -DWRF_USE_CLM  -DSNICAR_FRC    -DDM_PARALLEL -DNETCDF -DUSE_ALLOCATABLES -DGRIB1 -DINTIO -DKEEP_INT_AROUND -DLIMIT_ARGS -DCONFIG_BUF_LEN=65536 -DMAX_DOMAINS_F=21 -DMAX_HISTORY=25 -DNMM_NEST=0 -DWRF_CHEM -DBUILD_CHEM=1 -DWRF_KPP -I. -traditional-cpp   module_kpp_racm_esrlsorg_aqchem_Precision.G  > module_kpp_racm_esrlsorg_aqchem_Precision.H
sed -e "s/gridmu/grid%mu/g" -e "s/gridMu/grid%Mu/g" module_kpp_racm_esrlsorg_aqchem_Precision.H > module_kpp_racm_esrlsorg_aqchem_Precision.bb
/glade/work/rkumar/NASA_HMA/WRFchem_HMA/tools/standard.exe module_kpp_racm_esrlsorg_aqchem_Precision.bb | /lib/cpp -P -nostdinc -traditional-cpp > module_kpp_racm_esrlsorg_aqchem_Precision.f90
rm -f module_kpp_racm_esrlsorg_aqchem_Precision.G module_kpp_racm_esrlsorg_aqchem_Precision.H module_kpp_racm_esrlsorg_aqchem_Precision.bb
time mpif90 -f90=ifort -o module_kpp_racm_esrlsorg_aqchem_Precision.o -c -O3 -ip -fp-model precise -w -ftz -align all -fno-alias -FR -convert big_endian    -I../dyn_em -I../dyn_nmm   -I/glade/work/rkumar/NASA_HMA/WRFchem_HMA/external/esmf_time_f90  -I/glade/work/rkumar/NASA_HMA/WRFchem_HMA/main -I/glade/work/rkumar/NASA_HMA/WRFchem_HMA/external/io_netcdf -I/glade/work/rkumar/NASA_HMA/WRFchem_HMA/external/io_int -I/glade/work/rkumar/NASA_HMA/WRFchem_HMA/frame -I/glade/work/rkumar/NASA_HMA/WRFchem_HMA/share -I/glade/work/rkumar/NASA_HMA/WRFchem_HMA/phys -I/glade/work/rkumar/NASA_HMA/WRFchem_HMA/chem -I/glade/work/rkumar/NASA_HMA/WRFchem_HMA/inc -I/glade/u/apps/ch/opt/netcdf/4.8.1/intel/19.1.1//include  -real-size `expr 8 \* 4` -i4  module_kpp_racm_esrlsorg_aqchem_Precision.f90

real	0m0.575s
user	0m0.041s
sys	0m0.488s
rm -f module_kpp_racm_esrlsorg_aqchem_Parameters.o
sed -e "s/grid%mu/gridmu/g" -e "s/grid%Mu/gridMu/g" -e "s/^\!.*'.*//" -e "s/^ *\!.*'.*//" module_kpp_racm_esrlsorg_aqchem_Parameters.F > module_kpp_racm_esrlsorg_aqchem_Parameters.G
/lib/cpp -P -nostdinc -I/glade/work/rkumar/NASA_HMA/WRFchem_HMA/inc -DEM_CORE=1 -DNMM_CORE=0 -DNMM_MAX_DIM=2600 -DCOAMPS_CORE=0 -DDA_CORE=0 -DEXP_CORE=0 -DIWORDSIZE=4 -DDWORDSIZE=8 -DRWORDSIZE=4 -DLWORDSIZE=4 -DNONSTANDARD_SYSTEM_FUNC  -DWRF_USE_CLM  -DSNICAR_FRC    -DDM_PARALLEL -DNETCDF -DUSE_ALLOCATABLES -DGRIB1 -DINTIO -DKEEP_INT_AROUND -DLIMIT_ARGS -DCONFIG_BUF_LEN=65536 -DMAX_DOMAINS_F=21 -DMAX_HISTORY=25 -DNMM_NEST=0 -DWRF_CHEM -DBUILD_CHEM=1 -DWRF_KPP -I. -traditional-cpp   module_kpp_racm_esrlsorg_aqchem_Parameters.G  > module_kpp_racm_esrlsorg_aqchem_Parameters.H
sed -e "s/gridmu/grid%mu/g" -e "s/gridMu/grid%Mu/g" module_kpp_racm_esrlsorg_aqchem_Parameters.H > module_kpp_racm_esrlsorg_aqchem_Parameters.bb
/glade/work/rkumar/NASA_HMA/WRFchem_HMA/tools/standard.exe module_kpp_racm_esrlsorg_aqchem_Parameters.bb | /lib/cpp -P -nostdinc -traditional-cpp > module_kpp_racm_esrlsorg_aqchem_Parameters.f90
rm -f module_kpp_racm_esrlsorg_aqchem_Parameters.G module_kpp_racm_esrlsorg_aqchem_Parameters.H module_kpp_racm_esrlsorg_aqchem_Parameters.bb
time mpif90 -f90=ifort -o module_kpp_racm_esrlsorg_aqchem_Parameters.o -c -O3 -ip -fp-model precise -w -ftz -align all -fno-alias -FR -convert big_endian    -I../dyn_em -I../dyn_nmm   -I/glade/work/rkumar/NASA_HMA/WRFchem_HMA/external/esmf_time_f90  -I/glade/work/rkumar/NASA_HMA/WRFchem_HMA/main -I/glade/work/rkumar/NASA_HMA/WRFchem_HMA/external/io_netcdf -I/glade/work/rkumar/NASA_HMA/WRFchem_HMA/external/io_int -I/glade/work/rkumar/NASA_HMA/WRFchem_HMA/frame -I/glade/work/rkumar/NASA_HMA/WRFchem_HMA/share -I/glade/work/rkumar/NASA_HMA/WRFchem_HMA/phys -I/glade/work/rkumar/NASA_HMA/WRFchem_HMA/chem -I/glade/work/rkumar/NASA_HMA/WRFchem_HMA/inc -I/glade/u/apps/ch/opt/netcdf/4.8.1/intel/19.1.1//include  -real-size `expr 8 \* 4` -i4  module_kpp_racm_esrlsorg_aqchem_Parameters.f90

real	0m0.589s
user	0m0.054s
sys	0m0.480s
rm -f module_kpp_racm_esrlsorg_aqchem_JacobianSP.o
sed -e "s/grid%mu/gridmu/g" -e "s/grid%Mu/gridMu/g" -e "s/^\!.*'.*//" -e "s/^ *\!.*'.*//" module_kpp_racm_esrlsorg_aqchem_JacobianSP.F > module_kpp_racm_esrlsorg_aqchem_JacobianSP.G
/lib/cpp -P -nostdinc -I/glade/work/rkumar/NASA_HMA/WRFchem_HMA/inc -DEM_CORE=1 -DNMM_CORE=0 -DNMM_MAX_DIM=2600 -DCOAMPS_CORE=0 -DDA_CORE=0 -DEXP_CORE=0 -DIWORDSIZE=4 -DDWORDSIZE=8 -DRWORDSIZE=4 -DLWORDSIZE=4 -DNONSTANDARD_SYSTEM_FUNC  -DWRF_USE_CLM  -DSNICAR_FRC    -DDM_PARALLEL -DNETCDF -DUSE_ALLOCATABLES -DGRIB1 -DINTIO -DKEEP_INT_AROUND -DLIMIT_ARGS -DCONFIG_BUF_LEN=65536 -DMAX_DOMAINS_F=21 -DMAX_HISTORY=25 -DNMM_NEST=0 -DWRF_CHEM -DBUILD_CHEM=1 -DWRF_KPP -I. -traditional-cpp   module_kpp_racm_esrlsorg_aqchem_JacobianSP.G  > module_kpp_racm_esrlsorg_aqchem_JacobianSP.H
sed -e "s/gridmu/grid%mu/g" -e "s/gridMu/grid%Mu/g" module_kpp_racm_esrlsorg_aqchem_JacobianSP.H > module_kpp_racm_esrlsorg_aqchem_JacobianSP.bb
/glade/work/rkumar/NASA_HMA/WRFchem_HMA/tools/standard.exe module_kpp_racm_esrlsorg_aqchem_JacobianSP.bb | /lib/cpp -P -nostdinc -traditional-cpp > module_kpp_racm_esrlsorg_aqchem_JacobianSP.f90
rm -f module_kpp_racm_esrlsorg_aqchem_JacobianSP.G module_kpp_racm_esrlsorg_aqchem_JacobianSP.H module_kpp_racm_esrlsorg_aqchem_JacobianSP.bb
time mpif90 -f90=ifort -o module_kpp_racm_esrlsorg_aqchem_JacobianSP.o -c -O3 -ip -fp-model precise -w -ftz -align all -fno-alias -FR -convert big_endian    -I../dyn_em -I../dyn_nmm   -I/glade/work/rkumar/NASA_HMA/WRFchem_HMA/external/esmf_time_f90  -I/glade/work/rkumar/NASA_HMA/WRFchem_HMA/main -I/glade/work/rkumar/NASA_HMA/WRFchem_HMA/external/io_netcdf -I/glade/work/rkumar/NASA_HMA/WRFchem_HMA/external/io_int -I/glade/work/rkumar/NASA_HMA/WRFchem_HMA/frame -I/glade/work/rkumar/NASA_HMA/WRFchem_HMA/share -I/glade/work/rkumar/NASA_HMA/WRFchem_HMA/phys -I/glade/work/rkumar/NASA_HMA/WRFchem_HMA/chem -I/glade/work/rkumar/NASA_HMA/WRFchem_HMA/inc -I/glade/u/apps/ch/opt/netcdf/4.8.1/intel/19.1.1//include  -real-size `expr 8 \* 4` -i4  module_kpp_racm_esrlsorg_aqchem_JacobianSP.f90

real	0m0.595s
user	0m0.067s
sys	0m0.458s
rm -f module_kpp_racm_esrlsorg_aqchem_Jacobian.o
sed -e "s/grid%mu/gridmu/g" -e "s/grid%Mu/gridMu/g" -e "s/^\!.*'.*//" -e "s/^ *\!.*'.*//" module_kpp_racm_esrlsorg_aqchem_Jacobian.F > module_kpp_racm_esrlsorg_aqchem_Jacobian.G
/lib/cpp -P -nostdinc -I/glade/work/rkumar/NASA_HMA/WRFchem_HMA/inc -DEM_CORE=1 -DNMM_CORE=0 -DNMM_MAX_DIM=2600 -DCOAMPS_CORE=0 -DDA_CORE=0 -DEXP_CORE=0 -DIWORDSIZE=4 -DDWORDSIZE=8 -DRWORDSIZE=4 -DLWORDSIZE=4 -DNONSTANDARD_SYSTEM_FUNC  -DWRF_USE_CLM  -DSNICAR_FRC    -DDM_PARALLEL -DNETCDF -DUSE_ALLOCATABLES -DGRIB1 -DINTIO -DKEEP_INT_AROUND -DLIMIT_ARGS -DCONFIG_BUF_LEN=65536 -DMAX_DOMAINS_F=21 -DMAX_HISTORY=25 -DNMM_NEST=0 -DWRF_CHEM -DBUILD_CHEM=1 -DWRF_KPP -I. -traditional-cpp   module_kpp_racm_esrlsorg_aqchem_Jacobian.G  > module_kpp_racm_esrlsorg_aqchem_Jacobian.H
sed -e "s/gridmu/grid%mu/g" -e "s/gridMu/grid%Mu/g" module_kpp_racm_esrlsorg_aqchem_Jacobian.H > module_kpp_racm_esrlsorg_aqchem_Jacobian.bb
/glade/work/rkumar/NASA_HMA/WRFchem_HMA/tools/standard.exe module_kpp_racm_esrlsorg_aqchem_Jacobian.bb | /lib/cpp -P -nostdinc -traditional-cpp > module_kpp_racm_esrlsorg_aqchem_Jacobian.f90
rm -f module_kpp_racm_esrlsorg_aqchem_Jacobian.G module_kpp_racm_esrlsorg_aqchem_Jacobian.H module_kpp_racm_esrlsorg_aqchem_Jacobian.bb
time mpif90 -f90=ifort -o module_kpp_racm_esrlsorg_aqchem_Jacobian.o -c -O3 -ip -fp-model precise -w -ftz -align all -fno-alias -FR -convert big_endian    -I../dyn_em -I../dyn_nmm   -I/glade/work/rkumar/NASA_HMA/WRFchem_HMA/external/esmf_time_f90  -I/glade/work/rkumar/NASA_HMA/WRFchem_HMA/main -I/glade/work/rkumar/NASA_HMA/WRFchem_HMA/external/io_netcdf -I/glade/work/rkumar/NASA_HMA/WRFchem_HMA/external/io_int -I/glade/work/rkumar/NASA_HMA/WRFchem_HMA/frame -I/glade/work/rkumar/NASA_HMA/WRFchem_HMA/share -I/glade/work/rkumar/NASA_HMA/WRFchem_HMA/phys -I/glade/work/rkumar/NASA_HMA/WRFchem_HMA/chem -I/glade/work/rkumar/NASA_HMA/WRFchem_HMA/inc -I/glade/u/apps/ch/opt/netcdf/4.8.1/intel/19.1.1//include  -real-size `expr 8 \* 4` -i4  module_kpp_racm_esrlsorg_aqchem_Jacobian.f90

real	0m1.451s
user	0m0.841s
sys	0m0.562s
rm -f module_kpp_racm_esrlsorg_aqchem_Update_Rconst.o
sed -e "s/grid%mu/gridmu/g" -e "s/grid%Mu/gridMu/g" -e "s/^\!.*'.*//" -e "s/^ *\!.*'.*//" module_kpp_racm_esrlsorg_aqchem_Update_Rconst.F > module_kpp_racm_esrlsorg_aqchem_Update_Rconst.G
/lib/cpp -P -nostdinc -I/glade/work/rkumar/NASA_HMA/WRFchem_HMA/inc -DEM_CORE=1 -DNMM_CORE=0 -DNMM_MAX_DIM=2600 -DCOAMPS_CORE=0 -DDA_CORE=0 -DEXP_CORE=0 -DIWORDSIZE=4 -DDWORDSIZE=8 -DRWORDSIZE=4 -DLWORDSIZE=4 -DNONSTANDARD_SYSTEM_FUNC  -DWRF_USE_CLM  -DSNICAR_FRC    -DDM_PARALLEL -DNETCDF -DUSE_ALLOCATABLES -DGRIB1 -DINTIO -DKEEP_INT_AROUND -DLIMIT_ARGS -DCONFIG_BUF_LEN=65536 -DMAX_DOMAINS_F=21 -DMAX_HISTORY=25 -DNMM_NEST=0 -DWRF_CHEM -DBUILD_CHEM=1 -DWRF_KPP -I. -traditional-cpp   module_kpp_racm_esrlsorg_aqchem_Update_Rconst.G  > module_kpp_racm_esrlsorg_aqchem_Update_Rconst.H
sed -e "s/gridmu/grid%mu/g" -e "s/gridMu/grid%Mu/g" module_kpp_racm_esrlsorg_aqchem_Update_Rconst.H > module_kpp_racm_esrlsorg_aqchem_Update_Rconst.bb
/glade/work/rkumar/NASA_HMA/WRFchem_HMA/tools/standard.exe module_kpp_racm_esrlsorg_aqchem_Update_Rconst.bb | /lib/cpp -P -nostdinc -traditional-cpp > module_kpp_racm_esrlsorg_aqchem_Update_Rconst.f90
rm -f module_kpp_racm_esrlsorg_aqchem_Update_Rconst.G module_kpp_racm_esrlsorg_aqchem_Update_Rconst.H module_kpp_racm_esrlsorg_aqchem_Update_Rconst.bb
time mpif90 -f90=ifort -o module_kpp_racm_esrlsorg_aqchem_Update_Rconst.o -c -O3 -ip -fp-model precise -w -ftz -align all -fno-alias -FR -convert big_endian    -I../dyn_em -I../dyn_nmm   -I/glade/work/rkumar/NASA_HMA/WRFchem_HMA/external/esmf_time_f90  -I/glade/work/rkumar/NASA_HMA/WRFchem_HMA/main -I/glade/work/rkumar/NASA_HMA/WRFchem_HMA/external/io_netcdf -I/glade/work/rkumar/NASA_HMA/WRFchem_HMA/external/io_int -I/glade/work/rkumar/NASA_HMA/WRFchem_HMA/frame -I/glade/work/rkumar/NASA_HMA/WRFchem_HMA/share -I/glade/work/rkumar/NASA_HMA/WRFchem_HMA/phys -I/glade/work/rkumar/NASA_HMA/WRFchem_HMA/chem -I/glade/work/rkumar/NASA_HMA/WRFchem_HMA/inc -I/glade/u/apps/ch/opt/netcdf/4.8.1/intel/19.1.1//include  -real-size `expr 8 \* 4` -i4  module_kpp_racm_esrlsorg_aqchem_Update_Rconst.f90

real	0m0.823s
user	0m0.262s
sys	0m0.520s
rm -f module_kpp_racm_esrlsorg_aqchem_Integr.o
sed -e "s/grid%mu/gridmu/g" -e "s/grid%Mu/gridMu/g" -e "s/^\!.*'.*//" -e "s/^ *\!.*'.*//" module_kpp_racm_esrlsorg_aqchem_Integr.F > module_kpp_racm_esrlsorg_aqchem_Integr.G
/lib/cpp -P -nostdinc -I/glade/work/rkumar/NASA_HMA/WRFchem_HMA/inc -DEM_CORE=1 -DNMM_CORE=0 -DNMM_MAX_DIM=2600 -DCOAMPS_CORE=0 -DDA_CORE=0 -DEXP_CORE=0 -DIWORDSIZE=4 -DDWORDSIZE=8 -DRWORDSIZE=4 -DLWORDSIZE=4 -DNONSTANDARD_SYSTEM_FUNC  -DWRF_USE_CLM  -DSNICAR_FRC    -DDM_PARALLEL -DNETCDF -DUSE_ALLOCATABLES -DGRIB1 -DINTIO -DKEEP_INT_AROUND -DLIMIT_ARGS -DCONFIG_BUF_LEN=65536 -DMAX_DOMAINS_F=21 -DMAX_HISTORY=25 -DNMM_NEST=0 -DWRF_CHEM -DBUILD_CHEM=1 -DWRF_KPP -I. -traditional-cpp   module_kpp_racm_esrlsorg_aqchem_Integr.G  > module_kpp_racm_esrlsorg_aqchem_Integr.H
sed -e "s/gridmu/grid%mu/g" -e "s/gridMu/grid%Mu/g" module_kpp_racm_esrlsorg_aqchem_Integr.H > module_kpp_racm_esrlsorg_aqchem_Integr.bb
/glade/work/rkumar/NASA_HMA/WRFchem_HMA/tools/standard.exe module_kpp_racm_esrlsorg_aqchem_Integr.bb | /lib/cpp -P -nostdinc -traditional-cpp > module_kpp_racm_esrlsorg_aqchem_Integr.f90
rm -f module_kpp_racm_esrlsorg_aqchem_Integr.G module_kpp_racm_esrlsorg_aqchem_Integr.H module_kpp_racm_esrlsorg_aqchem_Integr.bb
time mpif90 -f90=ifort -o module_kpp_racm_esrlsorg_aqchem_Integr.o -c -O3 -ip -fp-model precise -w -ftz -align all -fno-alias -FR -convert big_endian    -I../dyn_em -I../dyn_nmm   -I/glade/work/rkumar/NASA_HMA/WRFchem_HMA/external/esmf_time_f90  -I/glade/work/rkumar/NASA_HMA/WRFchem_HMA/main -I/glade/work/rkumar/NASA_HMA/WRFchem_HMA/external/io_netcdf -I/glade/work/rkumar/NASA_HMA/WRFchem_HMA/external/io_int -I/glade/work/rkumar/NASA_HMA/WRFchem_HMA/frame -I/glade/work/rkumar/NASA_HMA/WRFchem_HMA/share -I/glade/work/rkumar/NASA_HMA/WRFchem_HMA/phys -I/glade/work/rkumar/NASA_HMA/WRFchem_HMA/chem -I/glade/work/rkumar/NASA_HMA/WRFchem_HMA/inc -I/glade/u/apps/ch/opt/netcdf/4.8.1/intel/19.1.1//include  -real-size `expr 8 \* 4` -i4  module_kpp_racm_esrlsorg_aqchem_Integr.f90

real	0m18.365s
user	0m17.598s
sys	0m0.702s
rm -f module_kpp_racm_esrlsorg_aqchem_interface.o
sed -e "s/grid%mu/gridmu/g" -e "s/grid%Mu/gridMu/g" -e "s/^\!.*'.*//" -e "s/^ *\!.*'.*//" module_kpp_racm_esrlsorg_aqchem_interface.F > module_kpp_racm_esrlsorg_aqchem_interface.G
/lib/cpp -P -nostdinc -I/glade/work/rkumar/NASA_HMA/WRFchem_HMA/inc -DEM_CORE=1 -DNMM_CORE=0 -DNMM_MAX_DIM=2600 -DCOAMPS_CORE=0 -DDA_CORE=0 -DEXP_CORE=0 -DIWORDSIZE=4 -DDWORDSIZE=8 -DRWORDSIZE=4 -DLWORDSIZE=4 -DNONSTANDARD_SYSTEM_FUNC  -DWRF_USE_CLM  -DSNICAR_FRC    -DDM_PARALLEL -DNETCDF -DUSE_ALLOCATABLES -DGRIB1 -DINTIO -DKEEP_INT_AROUND -DLIMIT_ARGS -DCONFIG_BUF_LEN=65536 -DMAX_DOMAINS_F=21 -DMAX_HISTORY=25 -DNMM_NEST=0 -DWRF_CHEM -DBUILD_CHEM=1 -DWRF_KPP -I. -traditional-cpp   module_kpp_racm_esrlsorg_aqchem_interface.G  > module_kpp_racm_esrlsorg_aqchem_interface.H
sed -e "s/gridmu/grid%mu/g" -e "s/gridMu/grid%Mu/g" module_kpp_racm_esrlsorg_aqchem_interface.H > module_kpp_racm_esrlsorg_aqchem_interface.bb
/glade/work/rkumar/NASA_HMA/WRFchem_HMA/tools/standard.exe module_kpp_racm_esrlsorg_aqchem_interface.bb | /lib/cpp -P -nostdinc -traditional-cpp > module_kpp_racm_esrlsorg_aqchem_interface.f90
rm -f module_kpp_racm_esrlsorg_aqchem_interface.G module_kpp_racm_esrlsorg_aqchem_interface.H module_kpp_racm_esrlsorg_aqchem_interface.bb
time mpif90 -f90=ifort -o module_kpp_racm_esrlsorg_aqchem_interface.o -c -O3 -ip -fp-model precise -w -ftz -align all -fno-alias -FR -convert big_endian    -I../dyn_em -I../dyn_nmm   -I/glade/work/rkumar/NASA_HMA/WRFchem_HMA/external/esmf_time_f90  -I/glade/work/rkumar/NASA_HMA/WRFchem_HMA/main -I/glade/work/rkumar/NASA_HMA/WRFchem_HMA/external/io_netcdf -I/glade/work/rkumar/NASA_HMA/WRFchem_HMA/external/io_int -I/glade/work/rkumar/NASA_HMA/WRFchem_HMA/frame -I/glade/work/rkumar/NASA_HMA/WRFchem_HMA/share -I/glade/work/rkumar/NASA_HMA/WRFchem_HMA/phys -I/glade/work/rkumar/NASA_HMA/WRFchem_HMA/chem -I/glade/work/rkumar/NASA_HMA/WRFchem_HMA/inc -I/glade/u/apps/ch/opt/netcdf/4.8.1/intel/19.1.1//include  -real-size `expr 8 \* 4` -i4  module_kpp_racm_esrlsorg_aqchem_interface.f90

real	0m1.391s
user	0m0.819s
sys	0m0.506s
rm -f module_wave_data.o
sed -e "s/grid%mu/gridmu/g" -e "s/grid%Mu/gridMu/g" -e "s/^\!.*'.*//" -e "s/^ *\!.*'.*//" module_wave_data.F > module_wave_data.G
/lib/cpp -P -nostdinc -I/glade/work/rkumar/NASA_HMA/WRFchem_HMA/inc -DEM_CORE=1 -DNMM_CORE=0 -DNMM_MAX_DIM=2600 -DCOAMPS_CORE=0 -DDA_CORE=0 -DEXP_CORE=0 -DIWORDSIZE=4 -DDWORDSIZE=8 -DRWORDSIZE=4 -DLWORDSIZE=4 -DNONSTANDARD_SYSTEM_FUNC  -DWRF_USE_CLM  -DSNICAR_FRC    -DDM_PARALLEL -DNETCDF -DUSE_ALLOCATABLES -DGRIB1 -DINTIO -DKEEP_INT_AROUND -DLIMIT_ARGS -DCONFIG_BUF_LEN=65536 -DMAX_DOMAINS_F=21 -DMAX_HISTORY=25 -DNMM_NEST=0 -DWRF_CHEM -DBUILD_CHEM=1 -DWRF_KPP -I. -traditional-cpp   module_wave_data.G  > module_wave_data.H
sed -e "s/gridmu/grid%mu/g" -e "s/gridMu/grid%Mu/g" module_wave_data.H > module_wave_data.bb
/glade/work/rkumar/NASA_HMA/WRFchem_HMA/tools/standard.exe module_wave_data.bb | /lib/cpp -P -nostdinc -traditional-cpp > module_wave_data.f90
rm -f module_wave_data.G module_wave_data.H module_wave_data.bb
time mpif90 -f90=ifort -o module_wave_data.o -c -O3 -ip -fp-model precise -w -ftz -align all -fno-alias -FR -convert big_endian    -I../dyn_em -I../dyn_nmm   -I/glade/work/rkumar/NASA_HMA/WRFchem_HMA/external/esmf_time_f90  -I/glade/work/rkumar/NASA_HMA/WRFchem_HMA/main -I/glade/work/rkumar/NASA_HMA/WRFchem_HMA/external/io_netcdf -I/glade/work/rkumar/NASA_HMA/WRFchem_HMA/external/io_int -I/glade/work/rkumar/NASA_HMA/WRFchem_HMA/frame -I/glade/work/rkumar/NASA_HMA/WRFchem_HMA/share -I/glade/work/rkumar/NASA_HMA/WRFchem_HMA/phys -I/glade/work/rkumar/NASA_HMA/WRFchem_HMA/chem -I/glade/work/rkumar/NASA_HMA/WRFchem_HMA/inc -I/glade/u/apps/ch/opt/netcdf/4.8.1/intel/19.1.1//include  -real-size `expr 8 \* 4` -i4  module_wave_data.f90

real	0m1.008s
user	0m0.461s
sys	0m0.488s
rm -f module_ftuv_subs.o
sed -e "s/grid%mu/gridmu/g" -e "s/grid%Mu/gridMu/g" -e "s/^\!.*'.*//" -e "s/^ *\!.*'.*//" module_ftuv_subs.F > module_ftuv_subs.G
/lib/cpp -P -nostdinc -I/glade/work/rkumar/NASA_HMA/WRFchem_HMA/inc -DEM_CORE=1 -DNMM_CORE=0 -DNMM_MAX_DIM=2600 -DCOAMPS_CORE=0 -DDA_CORE=0 -DEXP_CORE=0 -DIWORDSIZE=4 -DDWORDSIZE=8 -DRWORDSIZE=4 -DLWORDSIZE=4 -DNONSTANDARD_SYSTEM_FUNC  -DWRF_USE_CLM  -DSNICAR_FRC    -DDM_PARALLEL -DNETCDF -DUSE_ALLOCATABLES -DGRIB1 -DINTIO -DKEEP_INT_AROUND -DLIMIT_ARGS -DCONFIG_BUF_LEN=65536 -DMAX_DOMAINS_F=21 -DMAX_HISTORY=25 -DNMM_NEST=0 -DWRF_CHEM -DBUILD_CHEM=1 -DWRF_KPP -I. -traditional-cpp   module_ftuv_subs.G  > module_ftuv_subs.H
sed -e "s/gridmu/grid%mu/g" -e "s/gridMu/grid%Mu/g" module_ftuv_subs.H > module_ftuv_subs.bb
/glade/work/rkumar/NASA_HMA/WRFchem_HMA/tools/standard.exe module_ftuv_subs.bb | /lib/cpp -P -nostdinc -traditional-cpp > module_ftuv_subs.f90
rm -f module_ftuv_subs.G module_ftuv_subs.H module_ftuv_subs.bb
time mpif90 -f90=ifort -o module_ftuv_subs.o -c -O3 -ip -fp-model precise -w -ftz -align all -fno-alias -FR -convert big_endian    -I../dyn_em -I../dyn_nmm   -I/glade/work/rkumar/NASA_HMA/WRFchem_HMA/external/esmf_time_f90  -I/glade/work/rkumar/NASA_HMA/WRFchem_HMA/main -I/glade/work/rkumar/NASA_HMA/WRFchem_HMA/external/io_netcdf -I/glade/work/rkumar/NASA_HMA/WRFchem_HMA/external/io_int -I/glade/work/rkumar/NASA_HMA/WRFchem_HMA/frame -I/glade/work/rkumar/NASA_HMA/WRFchem_HMA/share -I/glade/work/rkumar/NASA_HMA/WRFchem_HMA/phys -I/glade/work/rkumar/NASA_HMA/WRFchem_HMA/chem -I/glade/work/rkumar/NASA_HMA/WRFchem_HMA/inc -I/glade/u/apps/ch/opt/netcdf/4.8.1/intel/19.1.1//include  -real-size `expr 8 \* 4` -i4  module_ftuv_subs.f90

real	0m4.501s
user	0m3.921s
sys	0m0.519s
rm -f module_ghg_fluxes.o
sed -e "s/grid%mu/gridmu/g" -e "s/grid%Mu/gridMu/g" -e "s/^\!.*'.*//" -e "s/^ *\!.*'.*//" module_ghg_fluxes.F > module_ghg_fluxes.G
/lib/cpp -P -nostdinc -I/glade/work/rkumar/NASA_HMA/WRFchem_HMA/inc -DEM_CORE=1 -DNMM_CORE=0 -DNMM_MAX_DIM=2600 -DCOAMPS_CORE=0 -DDA_CORE=0 -DEXP_CORE=0 -DIWORDSIZE=4 -DDWORDSIZE=8 -DRWORDSIZE=4 -DLWORDSIZE=4 -DNONSTANDARD_SYSTEM_FUNC  -DWRF_USE_CLM  -DSNICAR_FRC    -DDM_PARALLEL -DNETCDF -DUSE_ALLOCATABLES -DGRIB1 -DINTIO -DKEEP_INT_AROUND -DLIMIT_ARGS -DCONFIG_BUF_LEN=65536 -DMAX_DOMAINS_F=21 -DMAX_HISTORY=25 -DNMM_NEST=0 -DWRF_CHEM -DBUILD_CHEM=1 -DWRF_KPP -I. -traditional-cpp   module_ghg_fluxes.G  > module_ghg_fluxes.H
sed -e "s/gridmu/grid%mu/g" -e "s/gridMu/grid%Mu/g" module_ghg_fluxes.H > module_ghg_fluxes.bb
/glade/work/rkumar/NASA_HMA/WRFchem_HMA/tools/standard.exe module_ghg_fluxes.bb | /lib/cpp -P -nostdinc -traditional-cpp > module_ghg_fluxes.f90
rm -f module_ghg_fluxes.G module_ghg_fluxes.H module_ghg_fluxes.bb
time mpif90 -f90=ifort -o module_ghg_fluxes.o -c -O3 -ip -fp-model precise -w -ftz -align all -fno-alias -FR -convert big_endian    -I../dyn_em -I../dyn_nmm   -I/glade/work/rkumar/NASA_HMA/WRFchem_HMA/external/esmf_time_f90  -I/glade/work/rkumar/NASA_HMA/WRFchem_HMA/main -I/glade/work/rkumar/NASA_HMA/WRFchem_HMA/external/io_netcdf -I/glade/work/rkumar/NASA_HMA/WRFchem_HMA/external/io_int -I/glade/work/rkumar/NASA_HMA/WRFchem_HMA/frame -I/glade/work/rkumar/NASA_HMA/WRFchem_HMA/share -I/glade/work/rkumar/NASA_HMA/WRFchem_HMA/phys -I/glade/work/rkumar/NASA_HMA/WRFchem_HMA/chem -I/glade/work/rkumar/NASA_HMA/WRFchem_HMA/inc -I/glade/u/apps/ch/opt/netcdf/4.8.1/intel/19.1.1//include  -real-size `expr 8 \* 4` -i4  module_ghg_fluxes.f90

real	0m1.553s
user	0m1.024s
sys	0m0.472s
rm -f module_gocart_drydep.o
sed -e "s/grid%mu/gridmu/g" -e "s/grid%Mu/gridMu/g" -e "s/^\!.*'.*//" -e "s/^ *\!.*'.*//" module_gocart_drydep.F > module_gocart_drydep.G
/lib/cpp -P -nostdinc -I/glade/work/rkumar/NASA_HMA/WRFchem_HMA/inc -DEM_CORE=1 -DNMM_CORE=0 -DNMM_MAX_DIM=2600 -DCOAMPS_CORE=0 -DDA_CORE=0 -DEXP_CORE=0 -DIWORDSIZE=4 -DDWORDSIZE=8 -DRWORDSIZE=4 -DLWORDSIZE=4 -DNONSTANDARD_SYSTEM_FUNC  -DWRF_USE_CLM  -DSNICAR_FRC    -DDM_PARALLEL -DNETCDF -DUSE_ALLOCATABLES -DGRIB1 -DINTIO -DKEEP_INT_AROUND -DLIMIT_ARGS -DCONFIG_BUF_LEN=65536 -DMAX_DOMAINS_F=21 -DMAX_HISTORY=25 -DNMM_NEST=0 -DWRF_CHEM -DBUILD_CHEM=1 -DWRF_KPP -I. -traditional-cpp   module_gocart_drydep.G  > module_gocart_drydep.H
sed -e "s/gridmu/grid%mu/g" -e "s/gridMu/grid%Mu/g" module_gocart_drydep.H > module_gocart_drydep.bb
/glade/work/rkumar/NASA_HMA/WRFchem_HMA/tools/standard.exe module_gocart_drydep.bb | /lib/cpp -P -nostdinc -traditional-cpp > module_gocart_drydep.f90
rm -f module_gocart_drydep.G module_gocart_drydep.H module_gocart_drydep.bb
time mpif90 -f90=ifort -o module_gocart_drydep.o -c -O3 -ip -fp-model precise -w -ftz -align all -fno-alias -FR -convert big_endian    -I../dyn_em -I../dyn_nmm   -I/glade/work/rkumar/NASA_HMA/WRFchem_HMA/external/esmf_time_f90  -I/glade/work/rkumar/NASA_HMA/WRFchem_HMA/main -I/glade/work/rkumar/NASA_HMA/WRFchem_HMA/external/io_netcdf -I/glade/work/rkumar/NASA_HMA/WRFchem_HMA/external/io_int -I/glade/work/rkumar/NASA_HMA/WRFchem_HMA/frame -I/glade/work/rkumar/NASA_HMA/WRFchem_HMA/share -I/glade/work/rkumar/NASA_HMA/WRFchem_HMA/phys -I/glade/work/rkumar/NASA_HMA/WRFchem_HMA/chem -I/glade/work/rkumar/NASA_HMA/WRFchem_HMA/inc -I/glade/u/apps/ch/opt/netcdf/4.8.1/intel/19.1.1//include  -real-size `expr 8 \* 4` -i4  module_gocart_drydep.f90

real	0m0.917s
user	0m0.320s
sys	0m0.551s
rm -f module_gocart_settling.o
sed -e "s/grid%mu/gridmu/g" -e "s/grid%Mu/gridMu/g" -e "s/^\!.*'.*//" -e "s/^ *\!.*'.*//" module_gocart_settling.F > module_gocart_settling.G
/lib/cpp -P -nostdinc -I/glade/work/rkumar/NASA_HMA/WRFchem_HMA/inc -DEM_CORE=1 -DNMM_CORE=0 -DNMM_MAX_DIM=2600 -DCOAMPS_CORE=0 -DDA_CORE=0 -DEXP_CORE=0 -DIWORDSIZE=4 -DDWORDSIZE=8 -DRWORDSIZE=4 -DLWORDSIZE=4 -DNONSTANDARD_SYSTEM_FUNC  -DWRF_USE_CLM  -DSNICAR_FRC    -DDM_PARALLEL -DNETCDF -DUSE_ALLOCATABLES -DGRIB1 -DINTIO -DKEEP_INT_AROUND -DLIMIT_ARGS -DCONFIG_BUF_LEN=65536 -DMAX_DOMAINS_F=21 -DMAX_HISTORY=25 -DNMM_NEST=0 -DWRF_CHEM -DBUILD_CHEM=1 -DWRF_KPP -I. -traditional-cpp   module_gocart_settling.G  > module_gocart_settling.H
sed -e "s/gridmu/grid%mu/g" -e "s/gridMu/grid%Mu/g" module_gocart_settling.H > module_gocart_settling.bb
/glade/work/rkumar/NASA_HMA/WRFchem_HMA/tools/standard.exe module_gocart_settling.bb | /lib/cpp -P -nostdinc -traditional-cpp > module_gocart_settling.f90
rm -f module_gocart_settling.G module_gocart_settling.H module_gocart_settling.bb
time mpif90 -f90=ifort -o module_gocart_settling.o -c -O3 -ip -fp-model precise -w -ftz -align all -fno-alias -FR -convert big_endian    -I../dyn_em -I../dyn_nmm   -I/glade/work/rkumar/NASA_HMA/WRFchem_HMA/external/esmf_time_f90  -I/glade/work/rkumar/NASA_HMA/WRFchem_HMA/main -I/glade/work/rkumar/NASA_HMA/WRFchem_HMA/external/io_netcdf -I/glade/work/rkumar/NASA_HMA/WRFchem_HMA/external/io_int -I/glade/work/rkumar/NASA_HMA/WRFchem_HMA/frame -I/glade/work/rkumar/NASA_HMA/WRFchem_HMA/share -I/glade/work/rkumar/NASA_HMA/WRFchem_HMA/phys -I/glade/work/rkumar/NASA_HMA/WRFchem_HMA/chem -I/glade/work/rkumar/NASA_HMA/WRFchem_HMA/inc -I/glade/u/apps/ch/opt/netcdf/4.8.1/intel/19.1.1//include  -real-size `expr 8 \* 4` -i4  module_gocart_settling.f90

real	0m1.481s
user	0m0.949s
sys	0m0.478s
rm -f module_gocart_so2so4.o
sed -e "s/grid%mu/gridmu/g" -e "s/grid%Mu/gridMu/g" -e "s/^\!.*'.*//" -e "s/^ *\!.*'.*//" module_gocart_so2so4.F > module_gocart_so2so4.G
/lib/cpp -P -nostdinc -I/glade/work/rkumar/NASA_HMA/WRFchem_HMA/inc -DEM_CORE=1 -DNMM_CORE=0 -DNMM_MAX_DIM=2600 -DCOAMPS_CORE=0 -DDA_CORE=0 -DEXP_CORE=0 -DIWORDSIZE=4 -DDWORDSIZE=8 -DRWORDSIZE=4 -DLWORDSIZE=4 -DNONSTANDARD_SYSTEM_FUNC  -DWRF_USE_CLM  -DSNICAR_FRC    -DDM_PARALLEL -DNETCDF -DUSE_ALLOCATABLES -DGRIB1 -DINTIO -DKEEP_INT_AROUND -DLIMIT_ARGS -DCONFIG_BUF_LEN=65536 -DMAX_DOMAINS_F=21 -DMAX_HISTORY=25 -DNMM_NEST=0 -DWRF_CHEM -DBUILD_CHEM=1 -DWRF_KPP -I. -traditional-cpp   module_gocart_so2so4.G  > module_gocart_so2so4.H
sed -e "s/gridmu/grid%mu/g" -e "s/gridMu/grid%Mu/g" module_gocart_so2so4.H > module_gocart_so2so4.bb
/glade/work/rkumar/NASA_HMA/WRFchem_HMA/tools/standard.exe module_gocart_so2so4.bb | /lib/cpp -P -nostdinc -traditional-cpp > module_gocart_so2so4.f90
rm -f module_gocart_so2so4.G module_gocart_so2so4.H module_gocart_so2so4.bb
time mpif90 -f90=ifort -o module_gocart_so2so4.o -c -O3 -ip -fp-model precise -w -ftz -align all -fno-alias -FR -convert big_endian    -I../dyn_em -I../dyn_nmm   -I/glade/work/rkumar/NASA_HMA/WRFchem_HMA/external/esmf_time_f90  -I/glade/work/rkumar/NASA_HMA/WRFchem_HMA/main -I/glade/work/rkumar/NASA_HMA/WRFchem_HMA/external/io_netcdf -I/glade/work/rkumar/NASA_HMA/WRFchem_HMA/external/io_int -I/glade/work/rkumar/NASA_HMA/WRFchem_HMA/frame -I/glade/work/rkumar/NASA_HMA/WRFchem_HMA/share -I/glade/work/rkumar/NASA_HMA/WRFchem_HMA/phys -I/glade/work/rkumar/NASA_HMA/WRFchem_HMA/chem -I/glade/work/rkumar/NASA_HMA/WRFchem_HMA/inc -I/glade/u/apps/ch/opt/netcdf/4.8.1/intel/19.1.1//include  -real-size `expr 8 \* 4` -i4  module_gocart_so2so4.f90

real	0m0.649s
user	0m0.079s
sys	0m0.536s
rm -f module_input_tracer_data.o
sed -e "s/grid%mu/gridmu/g" -e "s/grid%Mu/gridMu/g" -e "s/^\!.*'.*//" -e "s/^ *\!.*'.*//" module_input_tracer_data.F > module_input_tracer_data.G
/lib/cpp -P -nostdinc -I/glade/work/rkumar/NASA_HMA/WRFchem_HMA/inc -DEM_CORE=1 -DNMM_CORE=0 -DNMM_MAX_DIM=2600 -DCOAMPS_CORE=0 -DDA_CORE=0 -DEXP_CORE=0 -DIWORDSIZE=4 -DDWORDSIZE=8 -DRWORDSIZE=4 -DLWORDSIZE=4 -DNONSTANDARD_SYSTEM_FUNC  -DWRF_USE_CLM  -DSNICAR_FRC    -DDM_PARALLEL -DNETCDF -DUSE_ALLOCATABLES -DGRIB1 -DINTIO -DKEEP_INT_AROUND -DLIMIT_ARGS -DCONFIG_BUF_LEN=65536 -DMAX_DOMAINS_F=21 -DMAX_HISTORY=25 -DNMM_NEST=0 -DWRF_CHEM -DBUILD_CHEM=1 -DWRF_KPP -I. -traditional-cpp   module_input_tracer_data.G  > module_input_tracer_data.H
sed -e "s/gridmu/grid%mu/g" -e "s/gridMu/grid%Mu/g" module_input_tracer_data.H > module_input_tracer_data.bb
/glade/work/rkumar/NASA_HMA/WRFchem_HMA/tools/standard.exe module_input_tracer_data.bb | /lib/cpp -P -nostdinc -traditional-cpp > module_input_tracer_data.f90
rm -f module_input_tracer_data.G module_input_tracer_data.H module_input_tracer_data.bb
time mpif90 -f90=ifort -o module_input_tracer_data.o -c -O3 -ip -fp-model precise -w -ftz -align all -fno-alias -FR -convert big_endian    -I../dyn_em -I../dyn_nmm   -I/glade/work/rkumar/NASA_HMA/WRFchem_HMA/external/esmf_time_f90  -I/glade/work/rkumar/NASA_HMA/WRFchem_HMA/main -I/glade/work/rkumar/NASA_HMA/WRFchem_HMA/external/io_netcdf -I/glade/work/rkumar/NASA_HMA/WRFchem_HMA/external/io_int -I/glade/work/rkumar/NASA_HMA/WRFchem_HMA/frame -I/glade/work/rkumar/NASA_HMA/WRFchem_HMA/share -I/glade/work/rkumar/NASA_HMA/WRFchem_HMA/phys -I/glade/work/rkumar/NASA_HMA/WRFchem_HMA/chem -I/glade/work/rkumar/NASA_HMA/WRFchem_HMA/inc -I/glade/u/apps/ch/opt/netcdf/4.8.1/intel/19.1.1//include  -real-size `expr 8 \* 4` -i4  module_input_tracer_data.f90

real	0m0.604s
user	0m0.060s
sys	0m0.521s
rm -f module_interpolate.o
sed -e "s/grid%mu/gridmu/g" -e "s/grid%Mu/gridMu/g" -e "s/^\!.*'.*//" -e "s/^ *\!.*'.*//" module_interpolate.F > module_interpolate.G
/lib/cpp -P -nostdinc -I/glade/work/rkumar/NASA_HMA/WRFchem_HMA/inc -DEM_CORE=1 -DNMM_CORE=0 -DNMM_MAX_DIM=2600 -DCOAMPS_CORE=0 -DDA_CORE=0 -DEXP_CORE=0 -DIWORDSIZE=4 -DDWORDSIZE=8 -DRWORDSIZE=4 -DLWORDSIZE=4 -DNONSTANDARD_SYSTEM_FUNC  -DWRF_USE_CLM  -DSNICAR_FRC    -DDM_PARALLEL -DNETCDF -DUSE_ALLOCATABLES -DGRIB1 -DINTIO -DKEEP_INT_AROUND -DLIMIT_ARGS -DCONFIG_BUF_LEN=65536 -DMAX_DOMAINS_F=21 -DMAX_HISTORY=25 -DNMM_NEST=0 -DWRF_CHEM -DBUILD_CHEM=1 -DWRF_KPP -I. -traditional-cpp   module_interpolate.G  > module_interpolate.H
sed -e "s/gridmu/grid%mu/g" -e "s/gridMu/grid%Mu/g" module_interpolate.H > module_interpolate.bb
/glade/work/rkumar/NASA_HMA/WRFchem_HMA/tools/standard.exe module_interpolate.bb | /lib/cpp -P -nostdinc -traditional-cpp > module_interpolate.f90
rm -f module_interpolate.G module_interpolate.H module_interpolate.bb
time mpif90 -f90=ifort -o module_interpolate.o -c -O3 -ip -fp-model precise -w -ftz -align all -fno-alias -FR -convert big_endian    -I../dyn_em -I../dyn_nmm   -I/glade/work/rkumar/NASA_HMA/WRFchem_HMA/external/esmf_time_f90  -I/glade/work/rkumar/NASA_HMA/WRFchem_HMA/main -I/glade/work/rkumar/NASA_HMA/WRFchem_HMA/external/io_netcdf -I/glade/work/rkumar/NASA_HMA/WRFchem_HMA/external/io_int -I/glade/work/rkumar/NASA_HMA/WRFchem_HMA/frame -I/glade/work/rkumar/NASA_HMA/WRFchem_HMA/share -I/glade/work/rkumar/NASA_HMA/WRFchem_HMA/phys -I/glade/work/rkumar/NASA_HMA/WRFchem_HMA/chem -I/glade/work/rkumar/NASA_HMA/WRFchem_HMA/inc -I/glade/u/apps/ch/opt/netcdf/4.8.1/intel/19.1.1//include  -real-size `expr 8 \* 4` -i4  module_interpolate.f90

real	0m1.559s
user	0m0.924s
sys	0m0.642s
rm -f module_mosaic_csuesat.o
sed -e "s/grid%mu/gridmu/g" -e "s/grid%Mu/gridMu/g" -e "s/^\!.*'.*//" -e "s/^ *\!.*'.*//" module_mosaic_csuesat.F > module_mosaic_csuesat.G
/lib/cpp -P -nostdinc -I/glade/work/rkumar/NASA_HMA/WRFchem_HMA/inc -DEM_CORE=1 -DNMM_CORE=0 -DNMM_MAX_DIM=2600 -DCOAMPS_CORE=0 -DDA_CORE=0 -DEXP_CORE=0 -DIWORDSIZE=4 -DDWORDSIZE=8 -DRWORDSIZE=4 -DLWORDSIZE=4 -DNONSTANDARD_SYSTEM_FUNC  -DWRF_USE_CLM  -DSNICAR_FRC    -DDM_PARALLEL -DNETCDF -DUSE_ALLOCATABLES -DGRIB1 -DINTIO -DKEEP_INT_AROUND -DLIMIT_ARGS -DCONFIG_BUF_LEN=65536 -DMAX_DOMAINS_F=21 -DMAX_HISTORY=25 -DNMM_NEST=0 -DWRF_CHEM -DBUILD_CHEM=1 -DWRF_KPP -I. -traditional-cpp   module_mosaic_csuesat.G  > module_mosaic_csuesat.H
sed -e "s/gridmu/grid%mu/g" -e "s/gridMu/grid%Mu/g" module_mosaic_csuesat.H > module_mosaic_csuesat.bb
/glade/work/rkumar/NASA_HMA/WRFchem_HMA/tools/standard.exe module_mosaic_csuesat.bb | /lib/cpp -P -nostdinc -traditional-cpp > module_mosaic_csuesat.f90
rm -f module_mosaic_csuesat.G module_mosaic_csuesat.H module_mosaic_csuesat.bb
time mpif90 -f90=ifort -o module_mosaic_csuesat.o -c -O3 -ip -fp-model precise -w -ftz -align all -fno-alias -FR -convert big_endian    -I../dyn_em -I../dyn_nmm   -I/glade/work/rkumar/NASA_HMA/WRFchem_HMA/external/esmf_time_f90  -I/glade/work/rkumar/NASA_HMA/WRFchem_HMA/main -I/glade/work/rkumar/NASA_HMA/WRFchem_HMA/external/io_netcdf -I/glade/work/rkumar/NASA_HMA/WRFchem_HMA/external/io_int -I/glade/work/rkumar/NASA_HMA/WRFchem_HMA/frame -I/glade/work/rkumar/NASA_HMA/WRFchem_HMA/share -I/glade/work/rkumar/NASA_HMA/WRFchem_HMA/phys -I/glade/work/rkumar/NASA_HMA/WRFchem_HMA/chem -I/glade/work/rkumar/NASA_HMA/WRFchem_HMA/inc -I/glade/u/apps/ch/opt/netcdf/4.8.1/intel/19.1.1//include  -real-size `expr 8 \* 4` -i4  module_mosaic_csuesat.f90

real	0m0.664s
user	0m0.088s
sys	0m0.494s
rm -f module_mozcart_wetscav.o
sed -e "s/grid%mu/gridmu/g" -e "s/grid%Mu/gridMu/g" -e "s/^\!.*'.*//" -e "s/^ *\!.*'.*//" module_mozcart_wetscav.F > module_mozcart_wetscav.G
/lib/cpp -P -nostdinc -I/glade/work/rkumar/NASA_HMA/WRFchem_HMA/inc -DEM_CORE=1 -DNMM_CORE=0 -DNMM_MAX_DIM=2600 -DCOAMPS_CORE=0 -DDA_CORE=0 -DEXP_CORE=0 -DIWORDSIZE=4 -DDWORDSIZE=8 -DRWORDSIZE=4 -DLWORDSIZE=4 -DNONSTANDARD_SYSTEM_FUNC  -DWRF_USE_CLM  -DSNICAR_FRC    -DDM_PARALLEL -DNETCDF -DUSE_ALLOCATABLES -DGRIB1 -DINTIO -DKEEP_INT_AROUND -DLIMIT_ARGS -DCONFIG_BUF_LEN=65536 -DMAX_DOMAINS_F=21 -DMAX_HISTORY=25 -DNMM_NEST=0 -DWRF_CHEM -DBUILD_CHEM=1 -DWRF_KPP -I. -traditional-cpp   module_mozcart_wetscav.G  > module_mozcart_wetscav.H
sed -e "s/gridmu/grid%mu/g" -e "s/gridMu/grid%Mu/g" module_mozcart_wetscav.H > module_mozcart_wetscav.bb
/glade/work/rkumar/NASA_HMA/WRFchem_HMA/tools/standard.exe module_mozcart_wetscav.bb | /lib/cpp -P -nostdinc -traditional-cpp > module_mozcart_wetscav.f90
rm -f module_mozcart_wetscav.G module_mozcart_wetscav.H module_mozcart_wetscav.bb
time mpif90 -f90=ifort -o module_mozcart_wetscav.o -c -O3 -ip -fp-model precise -w -ftz -align all -fno-alias -FR -convert big_endian    -I../dyn_em -I../dyn_nmm   -I/glade/work/rkumar/NASA_HMA/WRFchem_HMA/external/esmf_time_f90  -I/glade/work/rkumar/NASA_HMA/WRFchem_HMA/main -I/glade/work/rkumar/NASA_HMA/WRFchem_HMA/external/io_netcdf -I/glade/work/rkumar/NASA_HMA/WRFchem_HMA/external/io_int -I/glade/work/rkumar/NASA_HMA/WRFchem_HMA/frame -I/glade/work/rkumar/NASA_HMA/WRFchem_HMA/share -I/glade/work/rkumar/NASA_HMA/WRFchem_HMA/phys -I/glade/work/rkumar/NASA_HMA/WRFchem_HMA/chem -I/glade/work/rkumar/NASA_HMA/WRFchem_HMA/inc -I/glade/u/apps/ch/opt/netcdf/4.8.1/intel/19.1.1//include  -real-size `expr 8 \* 4` -i4  module_mozcart_wetscav.f90

real	0m2.370s
user	0m1.745s
sys	0m0.557s
rm -f module_tropopause.o
sed -e "s/grid%mu/gridmu/g" -e "s/grid%Mu/gridMu/g" -e "s/^\!.*'.*//" -e "s/^ *\!.*'.*//" module_tropopause.F > module_tropopause.G
/lib/cpp -P -nostdinc -I/glade/work/rkumar/NASA_HMA/WRFchem_HMA/inc -DEM_CORE=1 -DNMM_CORE=0 -DNMM_MAX_DIM=2600 -DCOAMPS_CORE=0 -DDA_CORE=0 -DEXP_CORE=0 -DIWORDSIZE=4 -DDWORDSIZE=8 -DRWORDSIZE=4 -DLWORDSIZE=4 -DNONSTANDARD_SYSTEM_FUNC  -DWRF_USE_CLM  -DSNICAR_FRC    -DDM_PARALLEL -DNETCDF -DUSE_ALLOCATABLES -DGRIB1 -DINTIO -DKEEP_INT_AROUND -DLIMIT_ARGS -DCONFIG_BUF_LEN=65536 -DMAX_DOMAINS_F=21 -DMAX_HISTORY=25 -DNMM_NEST=0 -DWRF_CHEM -DBUILD_CHEM=1 -DWRF_KPP -I. -traditional-cpp   module_tropopause.G  > module_tropopause.H
sed -e "s/gridmu/grid%mu/g" -e "s/gridMu/grid%Mu/g" module_tropopause.H > module_tropopause.bb
/glade/work/rkumar/NASA_HMA/WRFchem_HMA/tools/standard.exe module_tropopause.bb | /lib/cpp -P -nostdinc -traditional-cpp > module_tropopause.f90
rm -f module_tropopause.G module_tropopause.H module_tropopause.bb
time mpif90 -f90=ifort -o module_tropopause.o -c -O3 -ip -fp-model precise -w -ftz -align all -fno-alias -FR -convert big_endian    -I../dyn_em -I../dyn_nmm   -I/glade/work/rkumar/NASA_HMA/WRFchem_HMA/external/esmf_time_f90  -I/glade/work/rkumar/NASA_HMA/WRFchem_HMA/main -I/glade/work/rkumar/NASA_HMA/WRFchem_HMA/external/io_netcdf -I/glade/work/rkumar/NASA_HMA/WRFchem_HMA/external/io_int -I/glade/work/rkumar/NASA_HMA/WRFchem_HMA/frame -I/glade/work/rkumar/NASA_HMA/WRFchem_HMA/share -I/glade/work/rkumar/NASA_HMA/WRFchem_HMA/phys -I/glade/work/rkumar/NASA_HMA/WRFchem_HMA/chem -I/glade/work/rkumar/NASA_HMA/WRFchem_HMA/inc -I/glade/u/apps/ch/opt/netcdf/4.8.1/intel/19.1.1//include  -real-size `expr 8 \* 4` -i4  module_tropopause.f90

real	0m1.249s
user	0m0.704s
sys	0m0.481s
rm -f module_upper_bc_driver.o
sed -e "s/grid%mu/gridmu/g" -e "s/grid%Mu/gridMu/g" -e "s/^\!.*'.*//" -e "s/^ *\!.*'.*//" module_upper_bc_driver.F > module_upper_bc_driver.G
/lib/cpp -P -nostdinc -I/glade/work/rkumar/NASA_HMA/WRFchem_HMA/inc -DEM_CORE=1 -DNMM_CORE=0 -DNMM_MAX_DIM=2600 -DCOAMPS_CORE=0 -DDA_CORE=0 -DEXP_CORE=0 -DIWORDSIZE=4 -DDWORDSIZE=8 -DRWORDSIZE=4 -DLWORDSIZE=4 -DNONSTANDARD_SYSTEM_FUNC  -DWRF_USE_CLM  -DSNICAR_FRC    -DDM_PARALLEL -DNETCDF -DUSE_ALLOCATABLES -DGRIB1 -DINTIO -DKEEP_INT_AROUND -DLIMIT_ARGS -DCONFIG_BUF_LEN=65536 -DMAX_DOMAINS_F=21 -DMAX_HISTORY=25 -DNMM_NEST=0 -DWRF_CHEM -DBUILD_CHEM=1 -DWRF_KPP -I. -traditional-cpp   module_upper_bc_driver.G  > module_upper_bc_driver.H
sed -e "s/gridmu/grid%mu/g" -e "s/gridMu/grid%Mu/g" module_upper_bc_driver.H > module_upper_bc_driver.bb
/glade/work/rkumar/NASA_HMA/WRFchem_HMA/tools/standard.exe module_upper_bc_driver.bb | /lib/cpp -P -nostdinc -traditional-cpp > module_upper_bc_driver.f90
rm -f module_upper_bc_driver.G module_upper_bc_driver.H module_upper_bc_driver.bb
time mpif90 -f90=ifort -o module_upper_bc_driver.o -c -O3 -ip -fp-model precise -w -ftz -align all -fno-alias -FR -convert big_endian    -I../dyn_em -I../dyn_nmm   -I/glade/work/rkumar/NASA_HMA/WRFchem_HMA/external/esmf_time_f90  -I/glade/work/rkumar/NASA_HMA/WRFchem_HMA/main -I/glade/work/rkumar/NASA_HMA/WRFchem_HMA/external/io_netcdf -I/glade/work/rkumar/NASA_HMA/WRFchem_HMA/external/io_int -I/glade/work/rkumar/NASA_HMA/WRFchem_HMA/frame -I/glade/work/rkumar/NASA_HMA/WRFchem_HMA/share -I/glade/work/rkumar/NASA_HMA/WRFchem_HMA/phys -I/glade/work/rkumar/NASA_HMA/WRFchem_HMA/chem -I/glade/work/rkumar/NASA_HMA/WRFchem_HMA/inc -I/glade/u/apps/ch/opt/netcdf/4.8.1/intel/19.1.1//include  -real-size `expr 8 \* 4` -i4  module_upper_bc_driver.f90

real	0m2.820s
user	0m2.156s
sys	0m0.509s
rm -f module_vertmx_wrf.o
sed -e "s/grid%mu/gridmu/g" -e "s/grid%Mu/gridMu/g" -e "s/^\!.*'.*//" -e "s/^ *\!.*'.*//" module_vertmx_wrf.F > module_vertmx_wrf.G
/lib/cpp -P -nostdinc -I/glade/work/rkumar/NASA_HMA/WRFchem_HMA/inc -DEM_CORE=1 -DNMM_CORE=0 -DNMM_MAX_DIM=2600 -DCOAMPS_CORE=0 -DDA_CORE=0 -DEXP_CORE=0 -DIWORDSIZE=4 -DDWORDSIZE=8 -DRWORDSIZE=4 -DLWORDSIZE=4 -DNONSTANDARD_SYSTEM_FUNC  -DWRF_USE_CLM  -DSNICAR_FRC    -DDM_PARALLEL -DNETCDF -DUSE_ALLOCATABLES -DGRIB1 -DINTIO -DKEEP_INT_AROUND -DLIMIT_ARGS -DCONFIG_BUF_LEN=65536 -DMAX_DOMAINS_F=21 -DMAX_HISTORY=25 -DNMM_NEST=0 -DWRF_CHEM -DBUILD_CHEM=1 -DWRF_KPP -I. -traditional-cpp   module_vertmx_wrf.G  > module_vertmx_wrf.H
sed -e "s/gridmu/grid%mu/g" -e "s/gridMu/grid%Mu/g" module_vertmx_wrf.H > module_vertmx_wrf.bb
/glade/work/rkumar/NASA_HMA/WRFchem_HMA/tools/standard.exe module_vertmx_wrf.bb | /lib/cpp -P -nostdinc -traditional-cpp > module_vertmx_wrf.f90
rm -f module_vertmx_wrf.G module_vertmx_wrf.H module_vertmx_wrf.bb
time mpif90 -f90=ifort -o module_vertmx_wrf.o -c -O3 -ip -fp-model precise -w -ftz -align all -fno-alias -FR -convert big_endian    -I../dyn_em -I../dyn_nmm   -I/glade/work/rkumar/NASA_HMA/WRFchem_HMA/external/esmf_time_f90  -I/glade/work/rkumar/NASA_HMA/WRFchem_HMA/main -I/glade/work/rkumar/NASA_HMA/WRFchem_HMA/external/io_netcdf -I/glade/work/rkumar/NASA_HMA/WRFchem_HMA/external/io_int -I/glade/work/rkumar/NASA_HMA/WRFchem_HMA/frame -I/glade/work/rkumar/NASA_HMA/WRFchem_HMA/share -I/glade/work/rkumar/NASA_HMA/WRFchem_HMA/phys -I/glade/work/rkumar/NASA_HMA/WRFchem_HMA/chem -I/glade/work/rkumar/NASA_HMA/WRFchem_HMA/inc -I/glade/u/apps/ch/opt/netcdf/4.8.1/intel/19.1.1//include  -real-size `expr 8 \* 4` -i4  module_vertmx_wrf.f90

real	0m0.853s
user	0m0.236s
sys	0m0.519s
rm -f module_wetdep_ls.o
sed -e "s/grid%mu/gridmu/g" -e "s/grid%Mu/gridMu/g" -e "s/^\!.*'.*//" -e "s/^ *\!.*'.*//" module_wetdep_ls.F > module_wetdep_ls.G
/lib/cpp -P -nostdinc -I/glade/work/rkumar/NASA_HMA/WRFchem_HMA/inc -DEM_CORE=1 -DNMM_CORE=0 -DNMM_MAX_DIM=2600 -DCOAMPS_CORE=0 -DDA_CORE=0 -DEXP_CORE=0 -DIWORDSIZE=4 -DDWORDSIZE=8 -DRWORDSIZE=4 -DLWORDSIZE=4 -DNONSTANDARD_SYSTEM_FUNC  -DWRF_USE_CLM  -DSNICAR_FRC    -DDM_PARALLEL -DNETCDF -DUSE_ALLOCATABLES -DGRIB1 -DINTIO -DKEEP_INT_AROUND -DLIMIT_ARGS -DCONFIG_BUF_LEN=65536 -DMAX_DOMAINS_F=21 -DMAX_HISTORY=25 -DNMM_NEST=0 -DWRF_CHEM -DBUILD_CHEM=1 -DWRF_KPP -I. -traditional-cpp   module_wetdep_ls.G  > module_wetdep_ls.H
sed -e "s/gridmu/grid%mu/g" -e "s/gridMu/grid%Mu/g" module_wetdep_ls.H > module_wetdep_ls.bb
/glade/work/rkumar/NASA_HMA/WRFchem_HMA/tools/standard.exe module_wetdep_ls.bb | /lib/cpp -P -nostdinc -traditional-cpp > module_wetdep_ls.f90
rm -f module_wetdep_ls.G module_wetdep_ls.H module_wetdep_ls.bb
time mpif90 -f90=ifort -o module_wetdep_ls.o -c -O3 -ip -fp-model precise -w -ftz -align all -fno-alias -FR -convert big_endian    -I../dyn_em -I../dyn_nmm   -I/glade/work/rkumar/NASA_HMA/WRFchem_HMA/external/esmf_time_f90  -I/glade/work/rkumar/NASA_HMA/WRFchem_HMA/main -I/glade/work/rkumar/NASA_HMA/WRFchem_HMA/external/io_netcdf -I/glade/work/rkumar/NASA_HMA/WRFchem_HMA/external/io_int -I/glade/work/rkumar/NASA_HMA/WRFchem_HMA/frame -I/glade/work/rkumar/NASA_HMA/WRFchem_HMA/share -I/glade/work/rkumar/NASA_HMA/WRFchem_HMA/phys -I/glade/work/rkumar/NASA_HMA/WRFchem_HMA/chem -I/glade/work/rkumar/NASA_HMA/WRFchem_HMA/inc -I/glade/u/apps/ch/opt/netcdf/4.8.1/intel/19.1.1//include  -real-size `expr 8 \* 4` -i4  module_wetdep_ls.f90

real	0m0.931s
user	0m0.290s
sys	0m0.573s
rm -f module_zero_plumegen_coms.o
sed -e "s/grid%mu/gridmu/g" -e "s/grid%Mu/gridMu/g" -e "s/^\!.*'.*//" -e "s/^ *\!.*'.*//" module_zero_plumegen_coms.F > module_zero_plumegen_coms.G
/lib/cpp -P -nostdinc -I/glade/work/rkumar/NASA_HMA/WRFchem_HMA/inc -DEM_CORE=1 -DNMM_CORE=0 -DNMM_MAX_DIM=2600 -DCOAMPS_CORE=0 -DDA_CORE=0 -DEXP_CORE=0 -DIWORDSIZE=4 -DDWORDSIZE=8 -DRWORDSIZE=4 -DLWORDSIZE=4 -DNONSTANDARD_SYSTEM_FUNC  -DWRF_USE_CLM  -DSNICAR_FRC    -DDM_PARALLEL -DNETCDF -DUSE_ALLOCATABLES -DGRIB1 -DINTIO -DKEEP_INT_AROUND -DLIMIT_ARGS -DCONFIG_BUF_LEN=65536 -DMAX_DOMAINS_F=21 -DMAX_HISTORY=25 -DNMM_NEST=0 -DWRF_CHEM -DBUILD_CHEM=1 -DWRF_KPP -I. -traditional-cpp   module_zero_plumegen_coms.G  > module_zero_plumegen_coms.H
sed -e "s/gridmu/grid%mu/g" -e "s/gridMu/grid%Mu/g" module_zero_plumegen_coms.H > module_zero_plumegen_coms.bb
/glade/work/rkumar/NASA_HMA/WRFchem_HMA/tools/standard.exe module_zero_plumegen_coms.bb | /lib/cpp -P -nostdinc -traditional-cpp > module_zero_plumegen_coms.f90
rm -f module_zero_plumegen_coms.G module_zero_plumegen_coms.H module_zero_plumegen_coms.bb
time mpif90 -f90=ifort -o module_zero_plumegen_coms.o -c -O3 -ip -fp-model precise -w -ftz -align all -fno-alias -FR -convert big_endian    -I../dyn_em -I../dyn_nmm   -I/glade/work/rkumar/NASA_HMA/WRFchem_HMA/external/esmf_time_f90  -I/glade/work/rkumar/NASA_HMA/WRFchem_HMA/main -I/glade/work/rkumar/NASA_HMA/WRFchem_HMA/external/io_netcdf -I/glade/work/rkumar/NASA_HMA/WRFchem_HMA/external/io_int -I/glade/work/rkumar/NASA_HMA/WRFchem_HMA/frame -I/glade/work/rkumar/NASA_HMA/WRFchem_HMA/share -I/glade/work/rkumar/NASA_HMA/WRFchem_HMA/phys -I/glade/work/rkumar/NASA_HMA/WRFchem_HMA/chem -I/glade/work/rkumar/NASA_HMA/WRFchem_HMA/inc -I/glade/u/apps/ch/opt/netcdf/4.8.1/intel/19.1.1//include  -real-size `expr 8 \* 4` -i4  module_zero_plumegen_coms.f90

real	0m0.659s
user	0m0.115s
sys	0m0.490s
rm -f module_vash_settling.o
sed -e "s/grid%mu/gridmu/g" -e "s/grid%Mu/gridMu/g" -e "s/^\!.*'.*//" -e "s/^ *\!.*'.*//" module_vash_settling.F > module_vash_settling.G
/lib/cpp -P -nostdinc -I/glade/work/rkumar/NASA_HMA/WRFchem_HMA/inc -DEM_CORE=1 -DNMM_CORE=0 -DNMM_MAX_DIM=2600 -DCOAMPS_CORE=0 -DDA_CORE=0 -DEXP_CORE=0 -DIWORDSIZE=4 -DDWORDSIZE=8 -DRWORDSIZE=4 -DLWORDSIZE=4 -DNONSTANDARD_SYSTEM_FUNC  -DWRF_USE_CLM  -DSNICAR_FRC    -DDM_PARALLEL -DNETCDF -DUSE_ALLOCATABLES -DGRIB1 -DINTIO -DKEEP_INT_AROUND -DLIMIT_ARGS -DCONFIG_BUF_LEN=65536 -DMAX_DOMAINS_F=21 -DMAX_HISTORY=25 -DNMM_NEST=0 -DWRF_CHEM -DBUILD_CHEM=1 -DWRF_KPP -I. -traditional-cpp   module_vash_settling.G  > module_vash_settling.H
sed -e "s/gridmu/grid%mu/g" -e "s/gridMu/grid%Mu/g" module_vash_settling.H > module_vash_settling.bb
/glade/work/rkumar/NASA_HMA/WRFchem_HMA/tools/standard.exe module_vash_settling.bb | /lib/cpp -P -nostdinc -traditional-cpp > module_vash_settling.f90
rm -f module_vash_settling.G module_vash_settling.H module_vash_settling.bb
time mpif90 -f90=ifort -o module_vash_settling.o -c -O3 -ip -fp-model precise -w -ftz -align all -fno-alias -FR -convert big_endian    -I../dyn_em -I../dyn_nmm   -I/glade/work/rkumar/NASA_HMA/WRFchem_HMA/external/esmf_time_f90  -I/glade/work/rkumar/NASA_HMA/WRFchem_HMA/main -I/glade/work/rkumar/NASA_HMA/WRFchem_HMA/external/io_netcdf -I/glade/work/rkumar/NASA_HMA/WRFchem_HMA/external/io_int -I/glade/work/rkumar/NASA_HMA/WRFchem_HMA/frame -I/glade/work/rkumar/NASA_HMA/WRFchem_HMA/share -I/glade/work/rkumar/NASA_HMA/WRFchem_HMA/phys -I/glade/work/rkumar/NASA_HMA/WRFchem_HMA/chem -I/glade/work/rkumar/NASA_HMA/WRFchem_HMA/inc -I/glade/u/apps/ch/opt/netcdf/4.8.1/intel/19.1.1//include  -real-size `expr 8 \* 4` -i4  module_vash_settling.f90

real	0m1.485s
user	0m0.909s
sys	0m0.515s
rm -f module_chem_plumerise_scalar.o
sed -e "s/grid%mu/gridmu/g" -e "s/grid%Mu/gridMu/g" -e "s/^\!.*'.*//" -e "s/^ *\!.*'.*//" module_chem_plumerise_scalar.F > module_chem_plumerise_scalar.G
/lib/cpp -P -nostdinc -I/glade/work/rkumar/NASA_HMA/WRFchem_HMA/inc -DEM_CORE=1 -DNMM_CORE=0 -DNMM_MAX_DIM=2600 -DCOAMPS_CORE=0 -DDA_CORE=0 -DEXP_CORE=0 -DIWORDSIZE=4 -DDWORDSIZE=8 -DRWORDSIZE=4 -DLWORDSIZE=4 -DNONSTANDARD_SYSTEM_FUNC  -DWRF_USE_CLM  -DSNICAR_FRC    -DDM_PARALLEL -DNETCDF -DUSE_ALLOCATABLES -DGRIB1 -DINTIO -DKEEP_INT_AROUND -DLIMIT_ARGS -DCONFIG_BUF_LEN=65536 -DMAX_DOMAINS_F=21 -DMAX_HISTORY=25 -DNMM_NEST=0 -DWRF_CHEM -DBUILD_CHEM=1 -DWRF_KPP -I. -traditional-cpp   module_chem_plumerise_scalar.G  > module_chem_plumerise_scalar.H
sed -e "s/gridmu/grid%mu/g" -e "s/gridMu/grid%Mu/g" module_chem_plumerise_scalar.H > module_chem_plumerise_scalar.bb
/glade/work/rkumar/NASA_HMA/WRFchem_HMA/tools/standard.exe module_chem_plumerise_scalar.bb | /lib/cpp -P -nostdinc -traditional-cpp > module_chem_plumerise_scalar.f90
rm -f module_chem_plumerise_scalar.G module_chem_plumerise_scalar.H module_chem_plumerise_scalar.bb
time mpif90 -f90=ifort -o module_chem_plumerise_scalar.o -c -O3 -ip -fp-model precise -w -ftz -align all -fno-alias -FR -convert big_endian    -I../dyn_em -I../dyn_nmm   -I/glade/work/rkumar/NASA_HMA/WRFchem_HMA/external/esmf_time_f90  -I/glade/work/rkumar/NASA_HMA/WRFchem_HMA/main -I/glade/work/rkumar/NASA_HMA/WRFchem_HMA/external/io_netcdf -I/glade/work/rkumar/NASA_HMA/WRFchem_HMA/external/io_int -I/glade/work/rkumar/NASA_HMA/WRFchem_HMA/frame -I/glade/work/rkumar/NASA_HMA/WRFchem_HMA/share -I/glade/work/rkumar/NASA_HMA/WRFchem_HMA/phys -I/glade/work/rkumar/NASA_HMA/WRFchem_HMA/chem -I/glade/work/rkumar/NASA_HMA/WRFchem_HMA/inc -I/glade/u/apps/ch/opt/netcdf/4.8.1/intel/19.1.1//include  -real-size `expr 8 \* 4` -i4  module_chem_plumerise_scalar.f90

real	0m2.580s
user	0m1.930s
sys	0m0.565s
rm -f module_radm.o
sed -e "s/grid%mu/gridmu/g" -e "s/grid%Mu/gridMu/g" -e "s/^\!.*'.*//" -e "s/^ *\!.*'.*//" module_radm.F > module_radm.G
/lib/cpp -P -nostdinc -I/glade/work/rkumar/NASA_HMA/WRFchem_HMA/inc -DEM_CORE=1 -DNMM_CORE=0 -DNMM_MAX_DIM=2600 -DCOAMPS_CORE=0 -DDA_CORE=0 -DEXP_CORE=0 -DIWORDSIZE=4 -DDWORDSIZE=8 -DRWORDSIZE=4 -DLWORDSIZE=4 -DNONSTANDARD_SYSTEM_FUNC  -DWRF_USE_CLM  -DSNICAR_FRC    -DDM_PARALLEL -DNETCDF -DUSE_ALLOCATABLES -DGRIB1 -DINTIO -DKEEP_INT_AROUND -DLIMIT_ARGS -DCONFIG_BUF_LEN=65536 -DMAX_DOMAINS_F=21 -DMAX_HISTORY=25 -DNMM_NEST=0 -DWRF_CHEM -DBUILD_CHEM=1 -DWRF_KPP -I. -traditional-cpp   module_radm.G  > module_radm.H
sed -e "s/gridmu/grid%mu/g" -e "s/gridMu/grid%Mu/g" module_radm.H > module_radm.bb
/glade/work/rkumar/NASA_HMA/WRFchem_HMA/tools/standard.exe module_radm.bb | /lib/cpp -P -nostdinc -traditional-cpp > module_radm.f90
rm -f module_radm.G module_radm.H module_radm.bb
time mpif90 -f90=ifort -o module_radm.o -c -O3 -ip -fp-model precise -w -ftz -align all -fno-alias -FR -convert big_endian    -I../dyn_em -I../dyn_nmm   -I/glade/work/rkumar/NASA_HMA/WRFchem_HMA/external/esmf_time_f90  -I/glade/work/rkumar/NASA_HMA/WRFchem_HMA/main -I/glade/work/rkumar/NASA_HMA/WRFchem_HMA/external/io_netcdf -I/glade/work/rkumar/NASA_HMA/WRFchem_HMA/external/io_int -I/glade/work/rkumar/NASA_HMA/WRFchem_HMA/frame -I/glade/work/rkumar/NASA_HMA/WRFchem_HMA/share -I/glade/work/rkumar/NASA_HMA/WRFchem_HMA/phys -I/glade/work/rkumar/NASA_HMA/WRFchem_HMA/chem -I/glade/work/rkumar/NASA_HMA/WRFchem_HMA/inc -I/glade/u/apps/ch/opt/netcdf/4.8.1/intel/19.1.1//include  -real-size `expr 8 \* 4` -i4  module_radm.f90

real	0m18.133s
user	0m17.378s
sys	0m0.663s
rm -f module_mosaic_addemiss.o
sed -e "s/grid%mu/gridmu/g" -e "s/grid%Mu/gridMu/g" -e "s/^\!.*'.*//" -e "s/^ *\!.*'.*//" module_mosaic_addemiss.F > module_mosaic_addemiss.G
/lib/cpp -P -nostdinc -I/glade/work/rkumar/NASA_HMA/WRFchem_HMA/inc -DEM_CORE=1 -DNMM_CORE=0 -DNMM_MAX_DIM=2600 -DCOAMPS_CORE=0 -DDA_CORE=0 -DEXP_CORE=0 -DIWORDSIZE=4 -DDWORDSIZE=8 -DRWORDSIZE=4 -DLWORDSIZE=4 -DNONSTANDARD_SYSTEM_FUNC  -DWRF_USE_CLM  -DSNICAR_FRC    -DDM_PARALLEL -DNETCDF -DUSE_ALLOCATABLES -DGRIB1 -DINTIO -DKEEP_INT_AROUND -DLIMIT_ARGS -DCONFIG_BUF_LEN=65536 -DMAX_DOMAINS_F=21 -DMAX_HISTORY=25 -DNMM_NEST=0 -DWRF_CHEM -DBUILD_CHEM=1 -DWRF_KPP -I. -traditional-cpp   module_mosaic_addemiss.G  > module_mosaic_addemiss.H
sed -e "s/gridmu/grid%mu/g" -e "s/gridMu/grid%Mu/g" module_mosaic_addemiss.H > module_mosaic_addemiss.bb
/glade/work/rkumar/NASA_HMA/WRFchem_HMA/tools/standard.exe module_mosaic_addemiss.bb | /lib/cpp -P -nostdinc -traditional-cpp > module_mosaic_addemiss.f90
rm -f module_mosaic_addemiss.G module_mosaic_addemiss.H module_mosaic_addemiss.bb
time mpif90 -f90=ifort -o module_mosaic_addemiss.o -c -O3 -ip -fp-model precise -w -ftz -align all -fno-alias -FR -convert big_endian    -I../dyn_em -I../dyn_nmm   -I/glade/work/rkumar/NASA_HMA/WRFchem_HMA/external/esmf_time_f90  -I/glade/work/rkumar/NASA_HMA/WRFchem_HMA/main -I/glade/work/rkumar/NASA_HMA/WRFchem_HMA/external/io_netcdf -I/glade/work/rkumar/NASA_HMA/WRFchem_HMA/external/io_int -I/glade/work/rkumar/NASA_HMA/WRFchem_HMA/frame -I/glade/work/rkumar/NASA_HMA/WRFchem_HMA/share -I/glade/work/rkumar/NASA_HMA/WRFchem_HMA/phys -I/glade/work/rkumar/NASA_HMA/WRFchem_HMA/chem -I/glade/work/rkumar/NASA_HMA/WRFchem_HMA/inc -I/glade/u/apps/ch/opt/netcdf/4.8.1/intel/19.1.1//include  -real-size `expr 8 \* 4` -i4  module_mosaic_addemiss.f90

real	0m3.278s
user	0m2.647s
sys	0m0.559s
rm -f module_aerosols_soa_vbs.o
sed -e "s/grid%mu/gridmu/g" -e "s/grid%Mu/gridMu/g" -e "s/^\!.*'.*//" -e "s/^ *\!.*'.*//" module_aerosols_soa_vbs.F > module_aerosols_soa_vbs.G
/lib/cpp -P -nostdinc -I/glade/work/rkumar/NASA_HMA/WRFchem_HMA/inc -DEM_CORE=1 -DNMM_CORE=0 -DNMM_MAX_DIM=2600 -DCOAMPS_CORE=0 -DDA_CORE=0 -DEXP_CORE=0 -DIWORDSIZE=4 -DDWORDSIZE=8 -DRWORDSIZE=4 -DLWORDSIZE=4 -DNONSTANDARD_SYSTEM_FUNC  -DWRF_USE_CLM  -DSNICAR_FRC    -DDM_PARALLEL -DNETCDF -DUSE_ALLOCATABLES -DGRIB1 -DINTIO -DKEEP_INT_AROUND -DLIMIT_ARGS -DCONFIG_BUF_LEN=65536 -DMAX_DOMAINS_F=21 -DMAX_HISTORY=25 -DNMM_NEST=0 -DWRF_CHEM -DBUILD_CHEM=1 -DWRF_KPP -I. -traditional-cpp   module_aerosols_soa_vbs.G  > module_aerosols_soa_vbs.H
sed -e "s/gridmu/grid%mu/g" -e "s/gridMu/grid%Mu/g" module_aerosols_soa_vbs.H > module_aerosols_soa_vbs.bb
/glade/work/rkumar/NASA_HMA/WRFchem_HMA/tools/standard.exe module_aerosols_soa_vbs.bb | /lib/cpp -P -nostdinc -traditional-cpp > module_aerosols_soa_vbs.f90
rm -f module_aerosols_soa_vbs.G module_aerosols_soa_vbs.H module_aerosols_soa_vbs.bb
time mpif90 -f90=ifort -o module_aerosols_soa_vbs.o -c -O3 -ip -fp-model precise -w -ftz -align all -fno-alias -FR -convert big_endian    -I../dyn_em -I../dyn_nmm   -I/glade/work/rkumar/NASA_HMA/WRFchem_HMA/external/esmf_time_f90  -I/glade/work/rkumar/NASA_HMA/WRFchem_HMA/main -I/glade/work/rkumar/NASA_HMA/WRFchem_HMA/external/io_netcdf -I/glade/work/rkumar/NASA_HMA/WRFchem_HMA/external/io_int -I/glade/work/rkumar/NASA_HMA/WRFchem_HMA/frame -I/glade/work/rkumar/NASA_HMA/WRFchem_HMA/share -I/glade/work/rkumar/NASA_HMA/WRFchem_HMA/phys -I/glade/work/rkumar/NASA_HMA/WRFchem_HMA/chem -I/glade/work/rkumar/NASA_HMA/WRFchem_HMA/inc -I/glade/u/apps/ch/opt/netcdf/4.8.1/intel/19.1.1//include  -real-size `expr 8 \* 4` -i4  module_aerosols_soa_vbs.f90

real	0m7.337s
user	0m6.648s
sys	0m0.628s
rm -f module_dep_simple.o
sed -e "s/grid%mu/gridmu/g" -e "s/grid%Mu/gridMu/g" -e "s/^\!.*'.*//" -e "s/^ *\!.*'.*//" module_dep_simple.F > module_dep_simple.G
/lib/cpp -P -nostdinc -I/glade/work/rkumar/NASA_HMA/WRFchem_HMA/inc -DEM_CORE=1 -DNMM_CORE=0 -DNMM_MAX_DIM=2600 -DCOAMPS_CORE=0 -DDA_CORE=0 -DEXP_CORE=0 -DIWORDSIZE=4 -DDWORDSIZE=8 -DRWORDSIZE=4 -DLWORDSIZE=4 -DNONSTANDARD_SYSTEM_FUNC  -DWRF_USE_CLM  -DSNICAR_FRC    -DDM_PARALLEL -DNETCDF -DUSE_ALLOCATABLES -DGRIB1 -DINTIO -DKEEP_INT_AROUND -DLIMIT_ARGS -DCONFIG_BUF_LEN=65536 -DMAX_DOMAINS_F=21 -DMAX_HISTORY=25 -DNMM_NEST=0 -DWRF_CHEM -DBUILD_CHEM=1 -DWRF_KPP -I. -traditional-cpp   module_dep_simple.G  > module_dep_simple.H
sed -e "s/gridmu/grid%mu/g" -e "s/gridMu/grid%Mu/g" module_dep_simple.H > module_dep_simple.bb
/glade/work/rkumar/NASA_HMA/WRFchem_HMA/tools/standard.exe module_dep_simple.bb | /lib/cpp -P -nostdinc -traditional-cpp > module_dep_simple.f90
rm -f module_dep_simple.G module_dep_simple.H module_dep_simple.bb
time mpif90 -f90=ifort -o module_dep_simple.o -c -O3 -ip -fp-model precise -w -ftz -align all -fno-alias -FR -convert big_endian    -I../dyn_em -I../dyn_nmm   -I/glade/work/rkumar/NASA_HMA/WRFchem_HMA/external/esmf_time_f90  -I/glade/work/rkumar/NASA_HMA/WRFchem_HMA/main -I/glade/work/rkumar/NASA_HMA/WRFchem_HMA/external/io_netcdf -I/glade/work/rkumar/NASA_HMA/WRFchem_HMA/external/io_int -I/glade/work/rkumar/NASA_HMA/WRFchem_HMA/frame -I/glade/work/rkumar/NASA_HMA/WRFchem_HMA/share -I/glade/work/rkumar/NASA_HMA/WRFchem_HMA/phys -I/glade/work/rkumar/NASA_HMA/WRFchem_HMA/chem -I/glade/work/rkumar/NASA_HMA/WRFchem_HMA/inc -I/glade/u/apps/ch/opt/netcdf/4.8.1/intel/19.1.1//include  -real-size `expr 8 \* 4` -i4  module_dep_simple.f90

real	0m17.597s
user	0m16.754s
sys	0m0.775s
rm -f module_gocart_dmsemis.o
sed -e "s/grid%mu/gridmu/g" -e "s/grid%Mu/gridMu/g" -e "s/^\!.*'.*//" -e "s/^ *\!.*'.*//" module_gocart_dmsemis.F > module_gocart_dmsemis.G
/lib/cpp -P -nostdinc -I/glade/work/rkumar/NASA_HMA/WRFchem_HMA/inc -DEM_CORE=1 -DNMM_CORE=0 -DNMM_MAX_DIM=2600 -DCOAMPS_CORE=0 -DDA_CORE=0 -DEXP_CORE=0 -DIWORDSIZE=4 -DDWORDSIZE=8 -DRWORDSIZE=4 -DLWORDSIZE=4 -DNONSTANDARD_SYSTEM_FUNC  -DWRF_USE_CLM  -DSNICAR_FRC    -DDM_PARALLEL -DNETCDF -DUSE_ALLOCATABLES -DGRIB1 -DINTIO -DKEEP_INT_AROUND -DLIMIT_ARGS -DCONFIG_BUF_LEN=65536 -DMAX_DOMAINS_F=21 -DMAX_HISTORY=25 -DNMM_NEST=0 -DWRF_CHEM -DBUILD_CHEM=1 -DWRF_KPP -I. -traditional-cpp   module_gocart_dmsemis.G  > module_gocart_dmsemis.H
sed -e "s/gridmu/grid%mu/g" -e "s/gridMu/grid%Mu/g" module_gocart_dmsemis.H > module_gocart_dmsemis.bb
/glade/work/rkumar/NASA_HMA/WRFchem_HMA/tools/standard.exe module_gocart_dmsemis.bb | /lib/cpp -P -nostdinc -traditional-cpp > module_gocart_dmsemis.f90
rm -f module_gocart_dmsemis.G module_gocart_dmsemis.H module_gocart_dmsemis.bb
time mpif90 -f90=ifort -o module_gocart_dmsemis.o -c -O3 -ip -fp-model precise -w -ftz -align all -fno-alias -FR -convert big_endian    -I../dyn_em -I../dyn_nmm   -I/glade/work/rkumar/NASA_HMA/WRFchem_HMA/external/esmf_time_f90  -I/glade/work/rkumar/NASA_HMA/WRFchem_HMA/main -I/glade/work/rkumar/NASA_HMA/WRFchem_HMA/external/io_netcdf -I/glade/work/rkumar/NASA_HMA/WRFchem_HMA/external/io_int -I/glade/work/rkumar/NASA_HMA/WRFchem_HMA/frame -I/glade/work/rkumar/NASA_HMA/WRFchem_HMA/share -I/glade/work/rkumar/NASA_HMA/WRFchem_HMA/phys -I/glade/work/rkumar/NASA_HMA/WRFchem_HMA/chem -I/glade/work/rkumar/NASA_HMA/WRFchem_HMA/inc -I/glade/u/apps/ch/opt/netcdf/4.8.1/intel/19.1.1//include  -real-size `expr 8 \* 4` -i4  module_gocart_dmsemis.f90

real	0m0.740s
user	0m0.189s
sys	0m0.487s
rm -f module_gocart_aerosols.o
sed -e "s/grid%mu/gridmu/g" -e "s/grid%Mu/gridMu/g" -e "s/^\!.*'.*//" -e "s/^ *\!.*'.*//" module_gocart_aerosols.F > module_gocart_aerosols.G
/lib/cpp -P -nostdinc -I/glade/work/rkumar/NASA_HMA/WRFchem_HMA/inc -DEM_CORE=1 -DNMM_CORE=0 -DNMM_MAX_DIM=2600 -DCOAMPS_CORE=0 -DDA_CORE=0 -DEXP_CORE=0 -DIWORDSIZE=4 -DDWORDSIZE=8 -DRWORDSIZE=4 -DLWORDSIZE=4 -DNONSTANDARD_SYSTEM_FUNC  -DWRF_USE_CLM  -DSNICAR_FRC    -DDM_PARALLEL -DNETCDF -DUSE_ALLOCATABLES -DGRIB1 -DINTIO -DKEEP_INT_AROUND -DLIMIT_ARGS -DCONFIG_BUF_LEN=65536 -DMAX_DOMAINS_F=21 -DMAX_HISTORY=25 -DNMM_NEST=0 -DWRF_CHEM -DBUILD_CHEM=1 -DWRF_KPP -I. -traditional-cpp   module_gocart_aerosols.G  > module_gocart_aerosols.H
sed -e "s/gridmu/grid%mu/g" -e "s/gridMu/grid%Mu/g" module_gocart_aerosols.H > module_gocart_aerosols.bb
/glade/work/rkumar/NASA_HMA/WRFchem_HMA/tools/standard.exe module_gocart_aerosols.bb | /lib/cpp -P -nostdinc -traditional-cpp > module_gocart_aerosols.f90
rm -f module_gocart_aerosols.G module_gocart_aerosols.H module_gocart_aerosols.bb
time mpif90 -f90=ifort -o module_gocart_aerosols.o -c -O3 -ip -fp-model precise -w -ftz -align all -fno-alias -FR -convert big_endian    -I../dyn_em -I../dyn_nmm   -I/glade/work/rkumar/NASA_HMA/WRFchem_HMA/external/esmf_time_f90  -I/glade/work/rkumar/NASA_HMA/WRFchem_HMA/main -I/glade/work/rkumar/NASA_HMA/WRFchem_HMA/external/io_netcdf -I/glade/work/rkumar/NASA_HMA/WRFchem_HMA/external/io_int -I/glade/work/rkumar/NASA_HMA/WRFchem_HMA/frame -I/glade/work/rkumar/NASA_HMA/WRFchem_HMA/share -I/glade/work/rkumar/NASA_HMA/WRFchem_HMA/phys -I/glade/work/rkumar/NASA_HMA/WRFchem_HMA/chem -I/glade/work/rkumar/NASA_HMA/WRFchem_HMA/inc -I/glade/u/apps/ch/opt/netcdf/4.8.1/intel/19.1.1//include  -real-size `expr 8 \* 4` -i4  module_gocart_aerosols.f90

real	0m1.027s
user	0m0.504s
sys	0m0.475s
rm -f module_gocart_dust.o
sed -e "s/grid%mu/gridmu/g" -e "s/grid%Mu/gridMu/g" -e "s/^\!.*'.*//" -e "s/^ *\!.*'.*//" module_gocart_dust.F > module_gocart_dust.G
/lib/cpp -P -nostdinc -I/glade/work/rkumar/NASA_HMA/WRFchem_HMA/inc -DEM_CORE=1 -DNMM_CORE=0 -DNMM_MAX_DIM=2600 -DCOAMPS_CORE=0 -DDA_CORE=0 -DEXP_CORE=0 -DIWORDSIZE=4 -DDWORDSIZE=8 -DRWORDSIZE=4 -DLWORDSIZE=4 -DNONSTANDARD_SYSTEM_FUNC  -DWRF_USE_CLM  -DSNICAR_FRC    -DDM_PARALLEL -DNETCDF -DUSE_ALLOCATABLES -DGRIB1 -DINTIO -DKEEP_INT_AROUND -DLIMIT_ARGS -DCONFIG_BUF_LEN=65536 -DMAX_DOMAINS_F=21 -DMAX_HISTORY=25 -DNMM_NEST=0 -DWRF_CHEM -DBUILD_CHEM=1 -DWRF_KPP -I. -traditional-cpp   module_gocart_dust.G  > module_gocart_dust.H
sed -e "s/gridmu/grid%mu/g" -e "s/gridMu/grid%Mu/g" module_gocart_dust.H > module_gocart_dust.bb
/glade/work/rkumar/NASA_HMA/WRFchem_HMA/tools/standard.exe module_gocart_dust.bb | /lib/cpp -P -nostdinc -traditional-cpp > module_gocart_dust.f90
rm -f module_gocart_dust.G module_gocart_dust.H module_gocart_dust.bb
time mpif90 -f90=ifort -o module_gocart_dust.o -c -O3 -ip -fp-model precise -w -ftz -align all -fno-alias -FR -convert big_endian    -I../dyn_em -I../dyn_nmm   -I/glade/work/rkumar/NASA_HMA/WRFchem_HMA/external/esmf_time_f90  -I/glade/work/rkumar/NASA_HMA/WRFchem_HMA/main -I/glade/work/rkumar/NASA_HMA/WRFchem_HMA/external/io_netcdf -I/glade/work/rkumar/NASA_HMA/WRFchem_HMA/external/io_int -I/glade/work/rkumar/NASA_HMA/WRFchem_HMA/frame -I/glade/work/rkumar/NASA_HMA/WRFchem_HMA/share -I/glade/work/rkumar/NASA_HMA/WRFchem_HMA/phys -I/glade/work/rkumar/NASA_HMA/WRFchem_HMA/chem -I/glade/work/rkumar/NASA_HMA/WRFchem_HMA/inc -I/glade/u/apps/ch/opt/netcdf/4.8.1/intel/19.1.1//include  -real-size `expr 8 \* 4` -i4  module_gocart_dust.f90

real	0m0.821s
user	0m0.294s
sys	0m0.466s
rm -f module_gocart_dust_afwa.o
sed -e "s/grid%mu/gridmu/g" -e "s/grid%Mu/gridMu/g" -e "s/^\!.*'.*//" -e "s/^ *\!.*'.*//" module_gocart_dust_afwa.F > module_gocart_dust_afwa.G
/lib/cpp -P -nostdinc -I/glade/work/rkumar/NASA_HMA/WRFchem_HMA/inc -DEM_CORE=1 -DNMM_CORE=0 -DNMM_MAX_DIM=2600 -DCOAMPS_CORE=0 -DDA_CORE=0 -DEXP_CORE=0 -DIWORDSIZE=4 -DDWORDSIZE=8 -DRWORDSIZE=4 -DLWORDSIZE=4 -DNONSTANDARD_SYSTEM_FUNC  -DWRF_USE_CLM  -DSNICAR_FRC    -DDM_PARALLEL -DNETCDF -DUSE_ALLOCATABLES -DGRIB1 -DINTIO -DKEEP_INT_AROUND -DLIMIT_ARGS -DCONFIG_BUF_LEN=65536 -DMAX_DOMAINS_F=21 -DMAX_HISTORY=25 -DNMM_NEST=0 -DWRF_CHEM -DBUILD_CHEM=1 -DWRF_KPP -I. -traditional-cpp   module_gocart_dust_afwa.G  > module_gocart_dust_afwa.H
sed -e "s/gridmu/grid%mu/g" -e "s/gridMu/grid%Mu/g" module_gocart_dust_afwa.H > module_gocart_dust_afwa.bb
/glade/work/rkumar/NASA_HMA/WRFchem_HMA/tools/standard.exe module_gocart_dust_afwa.bb | /lib/cpp -P -nostdinc -traditional-cpp > module_gocart_dust_afwa.f90
rm -f module_gocart_dust_afwa.G module_gocart_dust_afwa.H module_gocart_dust_afwa.bb
time mpif90 -f90=ifort -o module_gocart_dust_afwa.o -c -O3 -ip -fp-model precise -w -ftz -align all -fno-alias -FR -convert big_endian    -I../dyn_em -I../dyn_nmm   -I/glade/work/rkumar/NASA_HMA/WRFchem_HMA/external/esmf_time_f90  -I/glade/work/rkumar/NASA_HMA/WRFchem_HMA/main -I/glade/work/rkumar/NASA_HMA/WRFchem_HMA/external/io_netcdf -I/glade/work/rkumar/NASA_HMA/WRFchem_HMA/external/io_int -I/glade/work/rkumar/NASA_HMA/WRFchem_HMA/frame -I/glade/work/rkumar/NASA_HMA/WRFchem_HMA/share -I/glade/work/rkumar/NASA_HMA/WRFchem_HMA/phys -I/glade/work/rkumar/NASA_HMA/WRFchem_HMA/chem -I/glade/work/rkumar/NASA_HMA/WRFchem_HMA/inc -I/glade/u/apps/ch/opt/netcdf/4.8.1/intel/19.1.1//include  -real-size `expr 8 \* 4` -i4  module_gocart_dust_afwa.f90

real	0m1.058s
user	0m0.522s
sys	0m0.468s
rm -f module_gocart_seasalt.o
sed -e "s/grid%mu/gridmu/g" -e "s/grid%Mu/gridMu/g" -e "s/^\!.*'.*//" -e "s/^ *\!.*'.*//" module_gocart_seasalt.F > module_gocart_seasalt.G
/lib/cpp -P -nostdinc -I/glade/work/rkumar/NASA_HMA/WRFchem_HMA/inc -DEM_CORE=1 -DNMM_CORE=0 -DNMM_MAX_DIM=2600 -DCOAMPS_CORE=0 -DDA_CORE=0 -DEXP_CORE=0 -DIWORDSIZE=4 -DDWORDSIZE=8 -DRWORDSIZE=4 -DLWORDSIZE=4 -DNONSTANDARD_SYSTEM_FUNC  -DWRF_USE_CLM  -DSNICAR_FRC    -DDM_PARALLEL -DNETCDF -DUSE_ALLOCATABLES -DGRIB1 -DINTIO -DKEEP_INT_AROUND -DLIMIT_ARGS -DCONFIG_BUF_LEN=65536 -DMAX_DOMAINS_F=21 -DMAX_HISTORY=25 -DNMM_NEST=0 -DWRF_CHEM -DBUILD_CHEM=1 -DWRF_KPP -I. -traditional-cpp   module_gocart_seasalt.G  > module_gocart_seasalt.H
sed -e "s/gridmu/grid%mu/g" -e "s/gridMu/grid%Mu/g" module_gocart_seasalt.H > module_gocart_seasalt.bb
/glade/work/rkumar/NASA_HMA/WRFchem_HMA/tools/standard.exe module_gocart_seasalt.bb | /lib/cpp -P -nostdinc -traditional-cpp > module_gocart_seasalt.f90
rm -f module_gocart_seasalt.G module_gocart_seasalt.H module_gocart_seasalt.bb
time mpif90 -f90=ifort -o module_gocart_seasalt.o -c -O3 -ip -fp-model precise -w -ftz -align all -fno-alias -FR -convert big_endian    -I../dyn_em -I../dyn_nmm   -I/glade/work/rkumar/NASA_HMA/WRFchem_HMA/external/esmf_time_f90  -I/glade/work/rkumar/NASA_HMA/WRFchem_HMA/main -I/glade/work/rkumar/NASA_HMA/WRFchem_HMA/external/io_netcdf -I/glade/work/rkumar/NASA_HMA/WRFchem_HMA/external/io_int -I/glade/work/rkumar/NASA_HMA/WRFchem_HMA/frame -I/glade/work/rkumar/NASA_HMA/WRFchem_HMA/share -I/glade/work/rkumar/NASA_HMA/WRFchem_HMA/phys -I/glade/work/rkumar/NASA_HMA/WRFchem_HMA/chem -I/glade/work/rkumar/NASA_HMA/WRFchem_HMA/inc -I/glade/u/apps/ch/opt/netcdf/4.8.1/intel/19.1.1//include  -real-size `expr 8 \* 4` -i4  module_gocart_seasalt.f90

real	0m0.821s
user	0m0.256s
sys	0m0.518s
rm -f module_qf03.o
sed -e "s/grid%mu/gridmu/g" -e "s/grid%Mu/gridMu/g" -e "s/^\!.*'.*//" -e "s/^ *\!.*'.*//" module_qf03.F > module_qf03.G
/lib/cpp -P -nostdinc -I/glade/work/rkumar/NASA_HMA/WRFchem_HMA/inc -DEM_CORE=1 -DNMM_CORE=0 -DNMM_MAX_DIM=2600 -DCOAMPS_CORE=0 -DDA_CORE=0 -DEXP_CORE=0 -DIWORDSIZE=4 -DDWORDSIZE=8 -DRWORDSIZE=4 -DLWORDSIZE=4 -DNONSTANDARD_SYSTEM_FUNC  -DWRF_USE_CLM  -DSNICAR_FRC    -DDM_PARALLEL -DNETCDF -DUSE_ALLOCATABLES -DGRIB1 -DINTIO -DKEEP_INT_AROUND -DLIMIT_ARGS -DCONFIG_BUF_LEN=65536 -DMAX_DOMAINS_F=21 -DMAX_HISTORY=25 -DNMM_NEST=0 -DWRF_CHEM -DBUILD_CHEM=1 -DWRF_KPP -I. -traditional-cpp   module_qf03.G  > module_qf03.H
sed -e "s/gridmu/grid%mu/g" -e "s/gridMu/grid%Mu/g" module_qf03.H > module_qf03.bb
/glade/work/rkumar/NASA_HMA/WRFchem_HMA/tools/standard.exe module_qf03.bb | /lib/cpp -P -nostdinc -traditional-cpp > module_qf03.f90
rm -f module_qf03.G module_qf03.H module_qf03.bb
time mpif90 -f90=ifort -o module_qf03.o -c -O3 -ip -fp-model precise -w -ftz -align all -fno-alias -FR -convert big_endian    -I../dyn_em -I../dyn_nmm   -I/glade/work/rkumar/NASA_HMA/WRFchem_HMA/external/esmf_time_f90  -I/glade/work/rkumar/NASA_HMA/WRFchem_HMA/main -I/glade/work/rkumar/NASA_HMA/WRFchem_HMA/external/io_netcdf -I/glade/work/rkumar/NASA_HMA/WRFchem_HMA/external/io_int -I/glade/work/rkumar/NASA_HMA/WRFchem_HMA/frame -I/glade/work/rkumar/NASA_HMA/WRFchem_HMA/share -I/glade/work/rkumar/NASA_HMA/WRFchem_HMA/phys -I/glade/work/rkumar/NASA_HMA/WRFchem_HMA/chem -I/glade/work/rkumar/NASA_HMA/WRFchem_HMA/inc -I/glade/u/apps/ch/opt/netcdf/4.8.1/intel/19.1.1//include  -real-size `expr 8 \* 4` -i4  module_qf03.f90

real	0m0.864s
user	0m0.288s
sys	0m0.516s
rm -f module_soilpsd.o
sed -e "s/grid%mu/gridmu/g" -e "s/grid%Mu/gridMu/g" -e "s/^\!.*'.*//" -e "s/^ *\!.*'.*//" module_soilpsd.F > module_soilpsd.G
/lib/cpp -P -nostdinc -I/glade/work/rkumar/NASA_HMA/WRFchem_HMA/inc -DEM_CORE=1 -DNMM_CORE=0 -DNMM_MAX_DIM=2600 -DCOAMPS_CORE=0 -DDA_CORE=0 -DEXP_CORE=0 -DIWORDSIZE=4 -DDWORDSIZE=8 -DRWORDSIZE=4 -DLWORDSIZE=4 -DNONSTANDARD_SYSTEM_FUNC  -DWRF_USE_CLM  -DSNICAR_FRC    -DDM_PARALLEL -DNETCDF -DUSE_ALLOCATABLES -DGRIB1 -DINTIO -DKEEP_INT_AROUND -DLIMIT_ARGS -DCONFIG_BUF_LEN=65536 -DMAX_DOMAINS_F=21 -DMAX_HISTORY=25 -DNMM_NEST=0 -DWRF_CHEM -DBUILD_CHEM=1 -DWRF_KPP -I. -traditional-cpp   module_soilpsd.G  > module_soilpsd.H
sed -e "s/gridmu/grid%mu/g" -e "s/gridMu/grid%Mu/g" module_soilpsd.H > module_soilpsd.bb
/glade/work/rkumar/NASA_HMA/WRFchem_HMA/tools/standard.exe module_soilpsd.bb | /lib/cpp -P -nostdinc -traditional-cpp > module_soilpsd.f90
rm -f module_soilpsd.G module_soilpsd.H module_soilpsd.bb
time mpif90 -f90=ifort -o module_soilpsd.o -c -O3 -ip -fp-model precise -w -ftz -align all -fno-alias -FR -convert big_endian    -I../dyn_em -I../dyn_nmm   -I/glade/work/rkumar/NASA_HMA/WRFchem_HMA/external/esmf_time_f90  -I/glade/work/rkumar/NASA_HMA/WRFchem_HMA/main -I/glade/work/rkumar/NASA_HMA/WRFchem_HMA/external/io_netcdf -I/glade/work/rkumar/NASA_HMA/WRFchem_HMA/external/io_int -I/glade/work/rkumar/NASA_HMA/WRFchem_HMA/frame -I/glade/work/rkumar/NASA_HMA/WRFchem_HMA/share -I/glade/work/rkumar/NASA_HMA/WRFchem_HMA/phys -I/glade/work/rkumar/NASA_HMA/WRFchem_HMA/chem -I/glade/work/rkumar/NASA_HMA/WRFchem_HMA/inc -I/glade/u/apps/ch/opt/netcdf/4.8.1/intel/19.1.1//include  -real-size `expr 8 \* 4` -i4  module_soilpsd.f90

real	0m0.563s
user	0m0.075s
sys	0m0.429s
rm -f module_uoc_dust.o
sed -e "s/grid%mu/gridmu/g" -e "s/grid%Mu/gridMu/g" -e "s/^\!.*'.*//" -e "s/^ *\!.*'.*//" module_uoc_dust.F > module_uoc_dust.G
/lib/cpp -P -nostdinc -I/glade/work/rkumar/NASA_HMA/WRFchem_HMA/inc -DEM_CORE=1 -DNMM_CORE=0 -DNMM_MAX_DIM=2600 -DCOAMPS_CORE=0 -DDA_CORE=0 -DEXP_CORE=0 -DIWORDSIZE=4 -DDWORDSIZE=8 -DRWORDSIZE=4 -DLWORDSIZE=4 -DNONSTANDARD_SYSTEM_FUNC  -DWRF_USE_CLM  -DSNICAR_FRC    -DDM_PARALLEL -DNETCDF -DUSE_ALLOCATABLES -DGRIB1 -DINTIO -DKEEP_INT_AROUND -DLIMIT_ARGS -DCONFIG_BUF_LEN=65536 -DMAX_DOMAINS_F=21 -DMAX_HISTORY=25 -DNMM_NEST=0 -DWRF_CHEM -DBUILD_CHEM=1 -DWRF_KPP -I. -traditional-cpp   module_uoc_dust.G  > module_uoc_dust.H
sed -e "s/gridmu/grid%mu/g" -e "s/gridMu/grid%Mu/g" module_uoc_dust.H > module_uoc_dust.bb
/glade/work/rkumar/NASA_HMA/WRFchem_HMA/tools/standard.exe module_uoc_dust.bb | /lib/cpp -P -nostdinc -traditional-cpp > module_uoc_dust.f90
rm -f module_uoc_dust.G module_uoc_dust.H module_uoc_dust.bb
time mpif90 -f90=ifort -o module_uoc_dust.o -c -O3 -ip -fp-model precise -w -ftz -align all -fno-alias -FR -convert big_endian    -I../dyn_em -I../dyn_nmm   -I/glade/work/rkumar/NASA_HMA/WRFchem_HMA/external/esmf_time_f90  -I/glade/work/rkumar/NASA_HMA/WRFchem_HMA/main -I/glade/work/rkumar/NASA_HMA/WRFchem_HMA/external/io_netcdf -I/glade/work/rkumar/NASA_HMA/WRFchem_HMA/external/io_int -I/glade/work/rkumar/NASA_HMA/WRFchem_HMA/frame -I/glade/work/rkumar/NASA_HMA/WRFchem_HMA/share -I/glade/work/rkumar/NASA_HMA/WRFchem_HMA/phys -I/glade/work/rkumar/NASA_HMA/WRFchem_HMA/chem -I/glade/work/rkumar/NASA_HMA/WRFchem_HMA/inc -I/glade/u/apps/ch/opt/netcdf/4.8.1/intel/19.1.1//include  -real-size `expr 8 \* 4` -i4  module_uoc_dust.f90

real	0m0.973s
user	0m0.430s
sys	0m0.456s
rm -f module_dust_load.o
sed -e "s/grid%mu/gridmu/g" -e "s/grid%Mu/gridMu/g" -e "s/^\!.*'.*//" -e "s/^ *\!.*'.*//" module_dust_load.F > module_dust_load.G
/lib/cpp -P -nostdinc -I/glade/work/rkumar/NASA_HMA/WRFchem_HMA/inc -DEM_CORE=1 -DNMM_CORE=0 -DNMM_MAX_DIM=2600 -DCOAMPS_CORE=0 -DDA_CORE=0 -DEXP_CORE=0 -DIWORDSIZE=4 -DDWORDSIZE=8 -DRWORDSIZE=4 -DLWORDSIZE=4 -DNONSTANDARD_SYSTEM_FUNC  -DWRF_USE_CLM  -DSNICAR_FRC    -DDM_PARALLEL -DNETCDF -DUSE_ALLOCATABLES -DGRIB1 -DINTIO -DKEEP_INT_AROUND -DLIMIT_ARGS -DCONFIG_BUF_LEN=65536 -DMAX_DOMAINS_F=21 -DMAX_HISTORY=25 -DNMM_NEST=0 -DWRF_CHEM -DBUILD_CHEM=1 -DWRF_KPP -I. -traditional-cpp   module_dust_load.G  > module_dust_load.H
sed -e "s/gridmu/grid%mu/g" -e "s/gridMu/grid%Mu/g" module_dust_load.H > module_dust_load.bb
/glade/work/rkumar/NASA_HMA/WRFchem_HMA/tools/standard.exe module_dust_load.bb | /lib/cpp -P -nostdinc -traditional-cpp > module_dust_load.f90
rm -f module_dust_load.G module_dust_load.H module_dust_load.bb
time mpif90 -f90=ifort -o module_dust_load.o -c -O3 -ip -fp-model precise -w -ftz -align all -fno-alias -FR -convert big_endian    -I../dyn_em -I../dyn_nmm   -I/glade/work/rkumar/NASA_HMA/WRFchem_HMA/external/esmf_time_f90  -I/glade/work/rkumar/NASA_HMA/WRFchem_HMA/main -I/glade/work/rkumar/NASA_HMA/WRFchem_HMA/external/io_netcdf -I/glade/work/rkumar/NASA_HMA/WRFchem_HMA/external/io_int -I/glade/work/rkumar/NASA_HMA/WRFchem_HMA/frame -I/glade/work/rkumar/NASA_HMA/WRFchem_HMA/share -I/glade/work/rkumar/NASA_HMA/WRFchem_HMA/phys -I/glade/work/rkumar/NASA_HMA/WRFchem_HMA/chem -I/glade/work/rkumar/NASA_HMA/WRFchem_HMA/inc -I/glade/u/apps/ch/opt/netcdf/4.8.1/intel/19.1.1//include  -real-size `expr 8 \* 4` -i4  module_dust_load.f90

real	0m0.717s
user	0m0.208s
sys	0m0.447s
rm -f module_data_uoc_wd.o
sed -e "s/grid%mu/gridmu/g" -e "s/grid%Mu/gridMu/g" -e "s/^\!.*'.*//" -e "s/^ *\!.*'.*//" module_data_uoc_wd.F > module_data_uoc_wd.G
/lib/cpp -P -nostdinc -I/glade/work/rkumar/NASA_HMA/WRFchem_HMA/inc -DEM_CORE=1 -DNMM_CORE=0 -DNMM_MAX_DIM=2600 -DCOAMPS_CORE=0 -DDA_CORE=0 -DEXP_CORE=0 -DIWORDSIZE=4 -DDWORDSIZE=8 -DRWORDSIZE=4 -DLWORDSIZE=4 -DNONSTANDARD_SYSTEM_FUNC  -DWRF_USE_CLM  -DSNICAR_FRC    -DDM_PARALLEL -DNETCDF -DUSE_ALLOCATABLES -DGRIB1 -DINTIO -DKEEP_INT_AROUND -DLIMIT_ARGS -DCONFIG_BUF_LEN=65536 -DMAX_DOMAINS_F=21 -DMAX_HISTORY=25 -DNMM_NEST=0 -DWRF_CHEM -DBUILD_CHEM=1 -DWRF_KPP -I. -traditional-cpp   module_data_uoc_wd.G  > module_data_uoc_wd.H
sed -e "s/gridmu/grid%mu/g" -e "s/gridMu/grid%Mu/g" module_data_uoc_wd.H > module_data_uoc_wd.bb
/glade/work/rkumar/NASA_HMA/WRFchem_HMA/tools/standard.exe module_data_uoc_wd.bb | /lib/cpp -P -nostdinc -traditional-cpp > module_data_uoc_wd.f90
rm -f module_data_uoc_wd.G module_data_uoc_wd.H module_data_uoc_wd.bb
time mpif90 -f90=ifort -o module_data_uoc_wd.o -c -O3 -ip -fp-model precise -w -ftz -align all -fno-alias -FR -convert big_endian    -I../dyn_em -I../dyn_nmm   -I/glade/work/rkumar/NASA_HMA/WRFchem_HMA/external/esmf_time_f90  -I/glade/work/rkumar/NASA_HMA/WRFchem_HMA/main -I/glade/work/rkumar/NASA_HMA/WRFchem_HMA/external/io_netcdf -I/glade/work/rkumar/NASA_HMA/WRFchem_HMA/external/io_int -I/glade/work/rkumar/NASA_HMA/WRFchem_HMA/frame -I/glade/work/rkumar/NASA_HMA/WRFchem_HMA/share -I/glade/work/rkumar/NASA_HMA/WRFchem_HMA/phys -I/glade/work/rkumar/NASA_HMA/WRFchem_HMA/chem -I/glade/work/rkumar/NASA_HMA/WRFchem_HMA/inc -I/glade/u/apps/ch/opt/netcdf/4.8.1/intel/19.1.1//include  -real-size `expr 8 \* 4` -i4  module_data_uoc_wd.f90

real	0m0.548s
user	0m0.070s
sys	0m0.456s
rm -f module_uoc_dustwd.o
sed -e "s/grid%mu/gridmu/g" -e "s/grid%Mu/gridMu/g" -e "s/^\!.*'.*//" -e "s/^ *\!.*'.*//" module_uoc_dustwd.F > module_uoc_dustwd.G
/lib/cpp -P -nostdinc -I/glade/work/rkumar/NASA_HMA/WRFchem_HMA/inc -DEM_CORE=1 -DNMM_CORE=0 -DNMM_MAX_DIM=2600 -DCOAMPS_CORE=0 -DDA_CORE=0 -DEXP_CORE=0 -DIWORDSIZE=4 -DDWORDSIZE=8 -DRWORDSIZE=4 -DLWORDSIZE=4 -DNONSTANDARD_SYSTEM_FUNC  -DWRF_USE_CLM  -DSNICAR_FRC    -DDM_PARALLEL -DNETCDF -DUSE_ALLOCATABLES -DGRIB1 -DINTIO -DKEEP_INT_AROUND -DLIMIT_ARGS -DCONFIG_BUF_LEN=65536 -DMAX_DOMAINS_F=21 -DMAX_HISTORY=25 -DNMM_NEST=0 -DWRF_CHEM -DBUILD_CHEM=1 -DWRF_KPP -I. -traditional-cpp   module_uoc_dustwd.G  > module_uoc_dustwd.H
sed -e "s/gridmu/grid%mu/g" -e "s/gridMu/grid%Mu/g" module_uoc_dustwd.H > module_uoc_dustwd.bb
/glade/work/rkumar/NASA_HMA/WRFchem_HMA/tools/standard.exe module_uoc_dustwd.bb | /lib/cpp -P -nostdinc -traditional-cpp > module_uoc_dustwd.f90
rm -f module_uoc_dustwd.G module_uoc_dustwd.H module_uoc_dustwd.bb
time mpif90 -f90=ifort -o module_uoc_dustwd.o -c -O3 -ip -fp-model precise -w -ftz -align all -fno-alias -FR -convert big_endian    -I../dyn_em -I../dyn_nmm   -I/glade/work/rkumar/NASA_HMA/WRFchem_HMA/external/esmf_time_f90  -I/glade/work/rkumar/NASA_HMA/WRFchem_HMA/main -I/glade/work/rkumar/NASA_HMA/WRFchem_HMA/external/io_netcdf -I/glade/work/rkumar/NASA_HMA/WRFchem_HMA/external/io_int -I/glade/work/rkumar/NASA_HMA/WRFchem_HMA/frame -I/glade/work/rkumar/NASA_HMA/WRFchem_HMA/share -I/glade/work/rkumar/NASA_HMA/WRFchem_HMA/phys -I/glade/work/rkumar/NASA_HMA/WRFchem_HMA/chem -I/glade/work/rkumar/NASA_HMA/WRFchem_HMA/inc -I/glade/u/apps/ch/opt/netcdf/4.8.1/intel/19.1.1//include  -real-size `expr 8 \* 4` -i4  module_uoc_dustwd.f90

real	0m2.121s
user	0m1.577s
sys	0m0.477s
rm -f module_mosaic_initmixrats.o
sed -e "s/grid%mu/gridmu/g" -e "s/grid%Mu/gridMu/g" -e "s/^\!.*'.*//" -e "s/^ *\!.*'.*//" module_mosaic_initmixrats.F > module_mosaic_initmixrats.G
/lib/cpp -P -nostdinc -I/glade/work/rkumar/NASA_HMA/WRFchem_HMA/inc -DEM_CORE=1 -DNMM_CORE=0 -DNMM_MAX_DIM=2600 -DCOAMPS_CORE=0 -DDA_CORE=0 -DEXP_CORE=0 -DIWORDSIZE=4 -DDWORDSIZE=8 -DRWORDSIZE=4 -DLWORDSIZE=4 -DNONSTANDARD_SYSTEM_FUNC  -DWRF_USE_CLM  -DSNICAR_FRC    -DDM_PARALLEL -DNETCDF -DUSE_ALLOCATABLES -DGRIB1 -DINTIO -DKEEP_INT_AROUND -DLIMIT_ARGS -DCONFIG_BUF_LEN=65536 -DMAX_DOMAINS_F=21 -DMAX_HISTORY=25 -DNMM_NEST=0 -DWRF_CHEM -DBUILD_CHEM=1 -DWRF_KPP -I. -traditional-cpp   module_mosaic_initmixrats.G  > module_mosaic_initmixrats.H
sed -e "s/gridmu/grid%mu/g" -e "s/gridMu/grid%Mu/g" module_mosaic_initmixrats.H > module_mosaic_initmixrats.bb
/glade/work/rkumar/NASA_HMA/WRFchem_HMA/tools/standard.exe module_mosaic_initmixrats.bb | /lib/cpp -P -nostdinc -traditional-cpp > module_mosaic_initmixrats.f90
rm -f module_mosaic_initmixrats.G module_mosaic_initmixrats.H module_mosaic_initmixrats.bb
time mpif90 -f90=ifort -o module_mosaic_initmixrats.o -c -O3 -ip -fp-model precise -w -ftz -align all -fno-alias -FR -convert big_endian    -I../dyn_em -I../dyn_nmm   -I/glade/work/rkumar/NASA_HMA/WRFchem_HMA/external/esmf_time_f90  -I/glade/work/rkumar/NASA_HMA/WRFchem_HMA/main -I/glade/work/rkumar/NASA_HMA/WRFchem_HMA/external/io_netcdf -I/glade/work/rkumar/NASA_HMA/WRFchem_HMA/external/io_int -I/glade/work/rkumar/NASA_HMA/WRFchem_HMA/frame -I/glade/work/rkumar/NASA_HMA/WRFchem_HMA/share -I/glade/work/rkumar/NASA_HMA/WRFchem_HMA/phys -I/glade/work/rkumar/NASA_HMA/WRFchem_HMA/chem -I/glade/work/rkumar/NASA_HMA/WRFchem_HMA/inc -I/glade/u/apps/ch/opt/netcdf/4.8.1/intel/19.1.1//include  -real-size `expr 8 \* 4` -i4  module_mosaic_initmixrats.f90

real	0m1.292s
user	0m0.733s
sys	0m0.502s
rm -f module_mosaic_movesect.o
sed -e "s/grid%mu/gridmu/g" -e "s/grid%Mu/gridMu/g" -e "s/^\!.*'.*//" -e "s/^ *\!.*'.*//" module_mosaic_movesect.F > module_mosaic_movesect.G
/lib/cpp -P -nostdinc -I/glade/work/rkumar/NASA_HMA/WRFchem_HMA/inc -DEM_CORE=1 -DNMM_CORE=0 -DNMM_MAX_DIM=2600 -DCOAMPS_CORE=0 -DDA_CORE=0 -DEXP_CORE=0 -DIWORDSIZE=4 -DDWORDSIZE=8 -DRWORDSIZE=4 -DLWORDSIZE=4 -DNONSTANDARD_SYSTEM_FUNC  -DWRF_USE_CLM  -DSNICAR_FRC    -DDM_PARALLEL -DNETCDF -DUSE_ALLOCATABLES -DGRIB1 -DINTIO -DKEEP_INT_AROUND -DLIMIT_ARGS -DCONFIG_BUF_LEN=65536 -DMAX_DOMAINS_F=21 -DMAX_HISTORY=25 -DNMM_NEST=0 -DWRF_CHEM -DBUILD_CHEM=1 -DWRF_KPP -I. -traditional-cpp   module_mosaic_movesect.G  > module_mosaic_movesect.H
sed -e "s/gridmu/grid%mu/g" -e "s/gridMu/grid%Mu/g" module_mosaic_movesect.H > module_mosaic_movesect.bb
/glade/work/rkumar/NASA_HMA/WRFchem_HMA/tools/standard.exe module_mosaic_movesect.bb | /lib/cpp -P -nostdinc -traditional-cpp > module_mosaic_movesect.f90
rm -f module_mosaic_movesect.G module_mosaic_movesect.H module_mosaic_movesect.bb
time mpif90 -f90=ifort -o module_mosaic_movesect.o -c -O3 -ip -fp-model precise -w -ftz -align all -fno-alias -FR -convert big_endian    -I../dyn_em -I../dyn_nmm   -I/glade/work/rkumar/NASA_HMA/WRFchem_HMA/external/esmf_time_f90  -I/glade/work/rkumar/NASA_HMA/WRFchem_HMA/main -I/glade/work/rkumar/NASA_HMA/WRFchem_HMA/external/io_netcdf -I/glade/work/rkumar/NASA_HMA/WRFchem_HMA/external/io_int -I/glade/work/rkumar/NASA_HMA/WRFchem_HMA/frame -I/glade/work/rkumar/NASA_HMA/WRFchem_HMA/share -I/glade/work/rkumar/NASA_HMA/WRFchem_HMA/phys -I/glade/work/rkumar/NASA_HMA/WRFchem_HMA/chem -I/glade/work/rkumar/NASA_HMA/WRFchem_HMA/inc -I/glade/u/apps/ch/opt/netcdf/4.8.1/intel/19.1.1//include  -real-size `expr 8 \* 4` -i4  module_mosaic_movesect.f90

real	0m1.808s
user	0m1.198s
sys	0m0.535s
rm -f module_mosaic_newnuc.o
sed -e "s/grid%mu/gridmu/g" -e "s/grid%Mu/gridMu/g" -e "s/^\!.*'.*//" -e "s/^ *\!.*'.*//" module_mosaic_newnuc.F > module_mosaic_newnuc.G
/lib/cpp -P -nostdinc -I/glade/work/rkumar/NASA_HMA/WRFchem_HMA/inc -DEM_CORE=1 -DNMM_CORE=0 -DNMM_MAX_DIM=2600 -DCOAMPS_CORE=0 -DDA_CORE=0 -DEXP_CORE=0 -DIWORDSIZE=4 -DDWORDSIZE=8 -DRWORDSIZE=4 -DLWORDSIZE=4 -DNONSTANDARD_SYSTEM_FUNC  -DWRF_USE_CLM  -DSNICAR_FRC    -DDM_PARALLEL -DNETCDF -DUSE_ALLOCATABLES -DGRIB1 -DINTIO -DKEEP_INT_AROUND -DLIMIT_ARGS -DCONFIG_BUF_LEN=65536 -DMAX_DOMAINS_F=21 -DMAX_HISTORY=25 -DNMM_NEST=0 -DWRF_CHEM -DBUILD_CHEM=1 -DWRF_KPP -I. -traditional-cpp   module_mosaic_newnuc.G  > module_mosaic_newnuc.H
sed -e "s/gridmu/grid%mu/g" -e "s/gridMu/grid%Mu/g" module_mosaic_newnuc.H > module_mosaic_newnuc.bb
/glade/work/rkumar/NASA_HMA/WRFchem_HMA/tools/standard.exe module_mosaic_newnuc.bb | /lib/cpp -P -nostdinc -traditional-cpp > module_mosaic_newnuc.f90
rm -f module_mosaic_newnuc.G module_mosaic_newnuc.H module_mosaic_newnuc.bb
time mpif90 -f90=ifort -o module_mosaic_newnuc.o -c -O3 -ip -fp-model precise -w -ftz -align all -fno-alias -FR -convert big_endian    -I../dyn_em -I../dyn_nmm   -I/glade/work/rkumar/NASA_HMA/WRFchem_HMA/external/esmf_time_f90  -I/glade/work/rkumar/NASA_HMA/WRFchem_HMA/main -I/glade/work/rkumar/NASA_HMA/WRFchem_HMA/external/io_netcdf -I/glade/work/rkumar/NASA_HMA/WRFchem_HMA/external/io_int -I/glade/work/rkumar/NASA_HMA/WRFchem_HMA/frame -I/glade/work/rkumar/NASA_HMA/WRFchem_HMA/share -I/glade/work/rkumar/NASA_HMA/WRFchem_HMA/phys -I/glade/work/rkumar/NASA_HMA/WRFchem_HMA/chem -I/glade/work/rkumar/NASA_HMA/WRFchem_HMA/inc -I/glade/u/apps/ch/opt/netcdf/4.8.1/intel/19.1.1//include  -real-size `expr 8 \* 4` -i4  module_mosaic_newnuc.f90

real	0m0.786s
user	0m0.233s
sys	0m0.480s
rm -f module_cbmz_lsodes_solver.o
sed -e "s/grid%mu/gridmu/g" -e "s/grid%Mu/gridMu/g" -e "s/^\!.*'.*//" -e "s/^ *\!.*'.*//" module_cbmz_lsodes_solver.F > module_cbmz_lsodes_solver.G
/lib/cpp -P -nostdinc -I/glade/work/rkumar/NASA_HMA/WRFchem_HMA/inc -DEM_CORE=1 -DNMM_CORE=0 -DNMM_MAX_DIM=2600 -DCOAMPS_CORE=0 -DDA_CORE=0 -DEXP_CORE=0 -DIWORDSIZE=4 -DDWORDSIZE=8 -DRWORDSIZE=4 -DLWORDSIZE=4 -DNONSTANDARD_SYSTEM_FUNC  -DWRF_USE_CLM  -DSNICAR_FRC    -DDM_PARALLEL -DNETCDF -DUSE_ALLOCATABLES -DGRIB1 -DINTIO -DKEEP_INT_AROUND -DLIMIT_ARGS -DCONFIG_BUF_LEN=65536 -DMAX_DOMAINS_F=21 -DMAX_HISTORY=25 -DNMM_NEST=0 -DWRF_CHEM -DBUILD_CHEM=1 -DWRF_KPP -I. -traditional-cpp   module_cbmz_lsodes_solver.G  > module_cbmz_lsodes_solver.H
sed -e "s/gridmu/grid%mu/g" -e "s/gridMu/grid%Mu/g" module_cbmz_lsodes_solver.H > module_cbmz_lsodes_solver.bb
/glade/work/rkumar/NASA_HMA/WRFchem_HMA/tools/standard.exe module_cbmz_lsodes_solver.bb | /lib/cpp -P -nostdinc -traditional-cpp > module_cbmz_lsodes_solver.f90
rm -f module_cbmz_lsodes_solver.G module_cbmz_lsodes_solver.H module_cbmz_lsodes_solver.bb
time mpif90 -f90=ifort -o module_cbmz_lsodes_solver.o -c -O3 -ip -fp-model precise -w -ftz -align all -fno-alias -FR -convert big_endian    -I../dyn_em -I../dyn_nmm   -I/glade/work/rkumar/NASA_HMA/WRFchem_HMA/external/esmf_time_f90  -I/glade/work/rkumar/NASA_HMA/WRFchem_HMA/main -I/glade/work/rkumar/NASA_HMA/WRFchem_HMA/external/io_netcdf -I/glade/work/rkumar/NASA_HMA/WRFchem_HMA/external/io_int -I/glade/work/rkumar/NASA_HMA/WRFchem_HMA/frame -I/glade/work/rkumar/NASA_HMA/WRFchem_HMA/share -I/glade/work/rkumar/NASA_HMA/WRFchem_HMA/phys -I/glade/work/rkumar/NASA_HMA/WRFchem_HMA/chem -I/glade/work/rkumar/NASA_HMA/WRFchem_HMA/inc -I/glade/u/apps/ch/opt/netcdf/4.8.1/intel/19.1.1//include  -real-size `expr 8 \* 4` -i4  module_cbmz_lsodes_solver.f90

real	0m3.938s
user	0m3.392s
sys	0m0.483s
rm -f module_cbmz_rodas3_solver.o
sed -e "s/grid%mu/gridmu/g" -e "s/grid%Mu/gridMu/g" -e "s/^\!.*'.*//" -e "s/^ *\!.*'.*//" module_cbmz_rodas3_solver.F > module_cbmz_rodas3_solver.G
/lib/cpp -P -nostdinc -I/glade/work/rkumar/NASA_HMA/WRFchem_HMA/inc -DEM_CORE=1 -DNMM_CORE=0 -DNMM_MAX_DIM=2600 -DCOAMPS_CORE=0 -DDA_CORE=0 -DEXP_CORE=0 -DIWORDSIZE=4 -DDWORDSIZE=8 -DRWORDSIZE=4 -DLWORDSIZE=4 -DNONSTANDARD_SYSTEM_FUNC  -DWRF_USE_CLM  -DSNICAR_FRC    -DDM_PARALLEL -DNETCDF -DUSE_ALLOCATABLES -DGRIB1 -DINTIO -DKEEP_INT_AROUND -DLIMIT_ARGS -DCONFIG_BUF_LEN=65536 -DMAX_DOMAINS_F=21 -DMAX_HISTORY=25 -DNMM_NEST=0 -DWRF_CHEM -DBUILD_CHEM=1 -DWRF_KPP -I. -traditional-cpp   module_cbmz_rodas3_solver.G  > module_cbmz_rodas3_solver.H
sed -e "s/gridmu/grid%mu/g" -e "s/gridMu/grid%Mu/g" module_cbmz_rodas3_solver.H > module_cbmz_rodas3_solver.bb
/glade/work/rkumar/NASA_HMA/WRFchem_HMA/tools/standard.exe module_cbmz_rodas3_solver.bb | /lib/cpp -P -nostdinc -traditional-cpp > module_cbmz_rodas3_solver.f90
rm -f module_cbmz_rodas3_solver.G module_cbmz_rodas3_solver.H module_cbmz_rodas3_solver.bb
time mpif90 -f90=ifort -o module_cbmz_rodas3_solver.o -c -O3 -ip -fp-model precise -w -ftz -align all -fno-alias -FR -convert big_endian    -I../dyn_em -I../dyn_nmm   -I/glade/work/rkumar/NASA_HMA/WRFchem_HMA/external/esmf_time_f90  -I/glade/work/rkumar/NASA_HMA/WRFchem_HMA/main -I/glade/work/rkumar/NASA_HMA/WRFchem_HMA/external/io_netcdf -I/glade/work/rkumar/NASA_HMA/WRFchem_HMA/external/io_int -I/glade/work/rkumar/NASA_HMA/WRFchem_HMA/frame -I/glade/work/rkumar/NASA_HMA/WRFchem_HMA/share -I/glade/work/rkumar/NASA_HMA/WRFchem_HMA/phys -I/glade/work/rkumar/NASA_HMA/WRFchem_HMA/chem -I/glade/work/rkumar/NASA_HMA/WRFchem_HMA/inc -I/glade/u/apps/ch/opt/netcdf/4.8.1/intel/19.1.1//include  -real-size `expr 8 \* 4` -i4  module_cbmz_rodas3_solver.f90

real	0m0.678s
user	0m0.162s
sys	0m0.442s
rm -f module_cmu_bulkaqchem.o
sed -e "s/grid%mu/gridmu/g" -e "s/grid%Mu/gridMu/g" -e "s/^\!.*'.*//" -e "s/^ *\!.*'.*//" module_cmu_bulkaqchem.F > module_cmu_bulkaqchem.G
/lib/cpp -P -nostdinc -I/glade/work/rkumar/NASA_HMA/WRFchem_HMA/inc -DEM_CORE=1 -DNMM_CORE=0 -DNMM_MAX_DIM=2600 -DCOAMPS_CORE=0 -DDA_CORE=0 -DEXP_CORE=0 -DIWORDSIZE=4 -DDWORDSIZE=8 -DRWORDSIZE=4 -DLWORDSIZE=4 -DNONSTANDARD_SYSTEM_FUNC  -DWRF_USE_CLM  -DSNICAR_FRC    -DDM_PARALLEL -DNETCDF -DUSE_ALLOCATABLES -DGRIB1 -DINTIO -DKEEP_INT_AROUND -DLIMIT_ARGS -DCONFIG_BUF_LEN=65536 -DMAX_DOMAINS_F=21 -DMAX_HISTORY=25 -DNMM_NEST=0 -DWRF_CHEM -DBUILD_CHEM=1 -DWRF_KPP -I. -traditional-cpp   module_cmu_bulkaqchem.G  > module_cmu_bulkaqchem.H
sed -e "s/gridmu/grid%mu/g" -e "s/gridMu/grid%Mu/g" module_cmu_bulkaqchem.H > module_cmu_bulkaqchem.bb
/glade/work/rkumar/NASA_HMA/WRFchem_HMA/tools/standard.exe module_cmu_bulkaqchem.bb | /lib/cpp -P -nostdinc -traditional-cpp > module_cmu_bulkaqchem.f90
rm -f module_cmu_bulkaqchem.G module_cmu_bulkaqchem.H module_cmu_bulkaqchem.bb
time mpif90 -f90=ifort -o module_cmu_bulkaqchem.o -c -O3 -ip -fp-model precise -w -ftz -align all -fno-alias -FR -convert big_endian    -I../dyn_em -I../dyn_nmm   -I/glade/work/rkumar/NASA_HMA/WRFchem_HMA/external/esmf_time_f90  -I/glade/work/rkumar/NASA_HMA/WRFchem_HMA/main -I/glade/work/rkumar/NASA_HMA/WRFchem_HMA/external/io_netcdf -I/glade/work/rkumar/NASA_HMA/WRFchem_HMA/external/io_int -I/glade/work/rkumar/NASA_HMA/WRFchem_HMA/frame -I/glade/work/rkumar/NASA_HMA/WRFchem_HMA/share -I/glade/work/rkumar/NASA_HMA/WRFchem_HMA/phys -I/glade/work/rkumar/NASA_HMA/WRFchem_HMA/chem -I/glade/work/rkumar/NASA_HMA/WRFchem_HMA/inc -I/glade/u/apps/ch/opt/netcdf/4.8.1/intel/19.1.1//include  -real-size `expr 8 \* 4` -i4  module_cmu_bulkaqchem.f90

real	0m1.537s
user	0m0.970s
sys	0m0.512s
rm -f module_data_mgn2mech.o
sed -e "s/grid%mu/gridmu/g" -e "s/grid%Mu/gridMu/g" -e "s/^\!.*'.*//" -e "s/^ *\!.*'.*//" module_data_mgn2mech.F > module_data_mgn2mech.G
/lib/cpp -P -nostdinc -I/glade/work/rkumar/NASA_HMA/WRFchem_HMA/inc -DEM_CORE=1 -DNMM_CORE=0 -DNMM_MAX_DIM=2600 -DCOAMPS_CORE=0 -DDA_CORE=0 -DEXP_CORE=0 -DIWORDSIZE=4 -DDWORDSIZE=8 -DRWORDSIZE=4 -DLWORDSIZE=4 -DNONSTANDARD_SYSTEM_FUNC  -DWRF_USE_CLM  -DSNICAR_FRC    -DDM_PARALLEL -DNETCDF -DUSE_ALLOCATABLES -DGRIB1 -DINTIO -DKEEP_INT_AROUND -DLIMIT_ARGS -DCONFIG_BUF_LEN=65536 -DMAX_DOMAINS_F=21 -DMAX_HISTORY=25 -DNMM_NEST=0 -DWRF_CHEM -DBUILD_CHEM=1 -DWRF_KPP -I. -traditional-cpp   module_data_mgn2mech.G  > module_data_mgn2mech.H
sed -e "s/gridmu/grid%mu/g" -e "s/gridMu/grid%Mu/g" module_data_mgn2mech.H > module_data_mgn2mech.bb
/glade/work/rkumar/NASA_HMA/WRFchem_HMA/tools/standard.exe module_data_mgn2mech.bb | /lib/cpp -P -nostdinc -traditional-cpp > module_data_mgn2mech.f90
rm -f module_data_mgn2mech.G module_data_mgn2mech.H module_data_mgn2mech.bb
time mpif90 -f90=ifort -o module_data_mgn2mech.o -c -O3 -ip -fp-model precise -w -ftz -align all -fno-alias -FR -convert big_endian    -I../dyn_em -I../dyn_nmm   -I/glade/work/rkumar/NASA_HMA/WRFchem_HMA/external/esmf_time_f90  -I/glade/work/rkumar/NASA_HMA/WRFchem_HMA/main -I/glade/work/rkumar/NASA_HMA/WRFchem_HMA/external/io_netcdf -I/glade/work/rkumar/NASA_HMA/WRFchem_HMA/external/io_int -I/glade/work/rkumar/NASA_HMA/WRFchem_HMA/frame -I/glade/work/rkumar/NASA_HMA/WRFchem_HMA/share -I/glade/work/rkumar/NASA_HMA/WRFchem_HMA/phys -I/glade/work/rkumar/NASA_HMA/WRFchem_HMA/chem -I/glade/work/rkumar/NASA_HMA/WRFchem_HMA/inc -I/glade/u/apps/ch/opt/netcdf/4.8.1/intel/19.1.1//include  -real-size `expr 8 \* 4` -i4  module_data_mgn2mech.f90

real	0m1.764s
user	0m1.225s
sys	0m0.478s
rm -f module_ftuv_driver.o
sed -e "s/grid%mu/gridmu/g" -e "s/grid%Mu/gridMu/g" -e "s/^\!.*'.*//" -e "s/^ *\!.*'.*//" module_ftuv_driver.F > module_ftuv_driver.G
/lib/cpp -P -nostdinc -I/glade/work/rkumar/NASA_HMA/WRFchem_HMA/inc -DEM_CORE=1 -DNMM_CORE=0 -DNMM_MAX_DIM=2600 -DCOAMPS_CORE=0 -DDA_CORE=0 -DEXP_CORE=0 -DIWORDSIZE=4 -DDWORDSIZE=8 -DRWORDSIZE=4 -DLWORDSIZE=4 -DNONSTANDARD_SYSTEM_FUNC  -DWRF_USE_CLM  -DSNICAR_FRC    -DDM_PARALLEL -DNETCDF -DUSE_ALLOCATABLES -DGRIB1 -DINTIO -DKEEP_INT_AROUND -DLIMIT_ARGS -DCONFIG_BUF_LEN=65536 -DMAX_DOMAINS_F=21 -DMAX_HISTORY=25 -DNMM_NEST=0 -DWRF_CHEM -DBUILD_CHEM=1 -DWRF_KPP -I. -traditional-cpp   module_ftuv_driver.G  > module_ftuv_driver.H
sed -e "s/gridmu/grid%mu/g" -e "s/gridMu/grid%Mu/g" module_ftuv_driver.H > module_ftuv_driver.bb
/glade/work/rkumar/NASA_HMA/WRFchem_HMA/tools/standard.exe module_ftuv_driver.bb | /lib/cpp -P -nostdinc -traditional-cpp > module_ftuv_driver.f90
rm -f module_ftuv_driver.G module_ftuv_driver.H module_ftuv_driver.bb
time mpif90 -f90=ifort -o module_ftuv_driver.o -c -O3 -ip -fp-model precise -w -ftz -align all -fno-alias -FR -convert big_endian    -I../dyn_em -I../dyn_nmm   -I/glade/work/rkumar/NASA_HMA/WRFchem_HMA/external/esmf_time_f90  -I/glade/work/rkumar/NASA_HMA/WRFchem_HMA/main -I/glade/work/rkumar/NASA_HMA/WRFchem_HMA/external/io_netcdf -I/glade/work/rkumar/NASA_HMA/WRFchem_HMA/external/io_int -I/glade/work/rkumar/NASA_HMA/WRFchem_HMA/frame -I/glade/work/rkumar/NASA_HMA/WRFchem_HMA/share -I/glade/work/rkumar/NASA_HMA/WRFchem_HMA/phys -I/glade/work/rkumar/NASA_HMA/WRFchem_HMA/chem -I/glade/work/rkumar/NASA_HMA/WRFchem_HMA/inc -I/glade/u/apps/ch/opt/netcdf/4.8.1/intel/19.1.1//include  -real-size `expr 8 \* 4` -i4  module_ftuv_driver.f90

real	0m5.928s
user	0m5.273s
sys	0m0.601s
rm -f module_fastj_data.o
sed -e "s/grid%mu/gridmu/g" -e "s/grid%Mu/gridMu/g" -e "s/^\!.*'.*//" -e "s/^ *\!.*'.*//" module_fastj_data.F > module_fastj_data.G
/lib/cpp -P -nostdinc -I/glade/work/rkumar/NASA_HMA/WRFchem_HMA/inc -DEM_CORE=1 -DNMM_CORE=0 -DNMM_MAX_DIM=2600 -DCOAMPS_CORE=0 -DDA_CORE=0 -DEXP_CORE=0 -DIWORDSIZE=4 -DDWORDSIZE=8 -DRWORDSIZE=4 -DLWORDSIZE=4 -DNONSTANDARD_SYSTEM_FUNC  -DWRF_USE_CLM  -DSNICAR_FRC    -DDM_PARALLEL -DNETCDF -DUSE_ALLOCATABLES -DGRIB1 -DINTIO -DKEEP_INT_AROUND -DLIMIT_ARGS -DCONFIG_BUF_LEN=65536 -DMAX_DOMAINS_F=21 -DMAX_HISTORY=25 -DNMM_NEST=0 -DWRF_CHEM -DBUILD_CHEM=1 -DWRF_KPP -I. -traditional-cpp   module_fastj_data.G  > module_fastj_data.H
sed -e "s/gridmu/grid%mu/g" -e "s/gridMu/grid%Mu/g" module_fastj_data.H > module_fastj_data.bb
/glade/work/rkumar/NASA_HMA/WRFchem_HMA/tools/standard.exe module_fastj_data.bb | /lib/cpp -P -nostdinc -traditional-cpp > module_fastj_data.f90
rm -f module_fastj_data.G module_fastj_data.H module_fastj_data.bb
time mpif90 -f90=ifort -o module_fastj_data.o -c -O3 -ip -fp-model precise -w -ftz -align all -fno-alias -FR -convert big_endian    -I../dyn_em -I../dyn_nmm   -I/glade/work/rkumar/NASA_HMA/WRFchem_HMA/external/esmf_time_f90  -I/glade/work/rkumar/NASA_HMA/WRFchem_HMA/main -I/glade/work/rkumar/NASA_HMA/WRFchem_HMA/external/io_netcdf -I/glade/work/rkumar/NASA_HMA/WRFchem_HMA/external/io_int -I/glade/work/rkumar/NASA_HMA/WRFchem_HMA/frame -I/glade/work/rkumar/NASA_HMA/WRFchem_HMA/share -I/glade/work/rkumar/NASA_HMA/WRFchem_HMA/phys -I/glade/work/rkumar/NASA_HMA/WRFchem_HMA/chem -I/glade/work/rkumar/NASA_HMA/WRFchem_HMA/inc -I/glade/u/apps/ch/opt/netcdf/4.8.1/intel/19.1.1//include  -real-size `expr 8 \* 4` -i4  module_fastj_data.f90

real	0m0.775s
user	0m0.247s
sys	0m0.471s
rm -f module_fastj_mie.o
sed -e "s/grid%mu/gridmu/g" -e "s/grid%Mu/gridMu/g" -e "s/^\!.*'.*//" -e "s/^ *\!.*'.*//" module_fastj_mie.F > module_fastj_mie.G
/lib/cpp -P -nostdinc -I/glade/work/rkumar/NASA_HMA/WRFchem_HMA/inc -DEM_CORE=1 -DNMM_CORE=0 -DNMM_MAX_DIM=2600 -DCOAMPS_CORE=0 -DDA_CORE=0 -DEXP_CORE=0 -DIWORDSIZE=4 -DDWORDSIZE=8 -DRWORDSIZE=4 -DLWORDSIZE=4 -DNONSTANDARD_SYSTEM_FUNC  -DWRF_USE_CLM  -DSNICAR_FRC    -DDM_PARALLEL -DNETCDF -DUSE_ALLOCATABLES -DGRIB1 -DINTIO -DKEEP_INT_AROUND -DLIMIT_ARGS -DCONFIG_BUF_LEN=65536 -DMAX_DOMAINS_F=21 -DMAX_HISTORY=25 -DNMM_NEST=0 -DWRF_CHEM -DBUILD_CHEM=1 -DWRF_KPP -I. -traditional-cpp   module_fastj_mie.G  > module_fastj_mie.H
sed -e "s/gridmu/grid%mu/g" -e "s/gridMu/grid%Mu/g" module_fastj_mie.H > module_fastj_mie.bb
/glade/work/rkumar/NASA_HMA/WRFchem_HMA/tools/standard.exe module_fastj_mie.bb | /lib/cpp -P -nostdinc -traditional-cpp > module_fastj_mie.f90
rm -f module_fastj_mie.G module_fastj_mie.H module_fastj_mie.bb
time mpif90 -f90=ifort -o module_fastj_mie.o -c -O3 -ip -fp-model precise -w -ftz -align all -fno-alias -FR -convert big_endian    -I../dyn_em -I../dyn_nmm   -I/glade/work/rkumar/NASA_HMA/WRFchem_HMA/external/esmf_time_f90  -I/glade/work/rkumar/NASA_HMA/WRFchem_HMA/main -I/glade/work/rkumar/NASA_HMA/WRFchem_HMA/external/io_netcdf -I/glade/work/rkumar/NASA_HMA/WRFchem_HMA/external/io_int -I/glade/work/rkumar/NASA_HMA/WRFchem_HMA/frame -I/glade/work/rkumar/NASA_HMA/WRFchem_HMA/share -I/glade/work/rkumar/NASA_HMA/WRFchem_HMA/phys -I/glade/work/rkumar/NASA_HMA/WRFchem_HMA/chem -I/glade/work/rkumar/NASA_HMA/WRFchem_HMA/inc -I/glade/u/apps/ch/opt/netcdf/4.8.1/intel/19.1.1//include  -real-size `expr 8 \* 4` -i4  module_fastj_mie.f90

real	0m2.978s
user	0m2.413s
sys	0m0.489s
rm -f module_mosaic_wetscav.o
sed -e "s/grid%mu/gridmu/g" -e "s/grid%Mu/gridMu/g" -e "s/^\!.*'.*//" -e "s/^ *\!.*'.*//" module_mosaic_wetscav.F > module_mosaic_wetscav.G
/lib/cpp -P -nostdinc -I/glade/work/rkumar/NASA_HMA/WRFchem_HMA/inc -DEM_CORE=1 -DNMM_CORE=0 -DNMM_MAX_DIM=2600 -DCOAMPS_CORE=0 -DDA_CORE=0 -DEXP_CORE=0 -DIWORDSIZE=4 -DDWORDSIZE=8 -DRWORDSIZE=4 -DLWORDSIZE=4 -DNONSTANDARD_SYSTEM_FUNC  -DWRF_USE_CLM  -DSNICAR_FRC    -DDM_PARALLEL -DNETCDF -DUSE_ALLOCATABLES -DGRIB1 -DINTIO -DKEEP_INT_AROUND -DLIMIT_ARGS -DCONFIG_BUF_LEN=65536 -DMAX_DOMAINS_F=21 -DMAX_HISTORY=25 -DNMM_NEST=0 -DWRF_CHEM -DBUILD_CHEM=1 -DWRF_KPP -I. -traditional-cpp   module_mosaic_wetscav.G  > module_mosaic_wetscav.H
sed -e "s/gridmu/grid%mu/g" -e "s/gridMu/grid%Mu/g" module_mosaic_wetscav.H > module_mosaic_wetscav.bb
/glade/work/rkumar/NASA_HMA/WRFchem_HMA/tools/standard.exe module_mosaic_wetscav.bb | /lib/cpp -P -nostdinc -traditional-cpp > module_mosaic_wetscav.f90
rm -f module_mosaic_wetscav.G module_mosaic_wetscav.H module_mosaic_wetscav.bb
time mpif90 -f90=ifort -o module_mosaic_wetscav.o -c -O3 -ip -fp-model precise -w -ftz -align all -fno-alias -FR -convert big_endian    -I../dyn_em -I../dyn_nmm   -I/glade/work/rkumar/NASA_HMA/WRFchem_HMA/external/esmf_time_f90  -I/glade/work/rkumar/NASA_HMA/WRFchem_HMA/main -I/glade/work/rkumar/NASA_HMA/WRFchem_HMA/external/io_netcdf -I/glade/work/rkumar/NASA_HMA/WRFchem_HMA/external/io_int -I/glade/work/rkumar/NASA_HMA/WRFchem_HMA/frame -I/glade/work/rkumar/NASA_HMA/WRFchem_HMA/share -I/glade/work/rkumar/NASA_HMA/WRFchem_HMA/phys -I/glade/work/rkumar/NASA_HMA/WRFchem_HMA/chem -I/glade/work/rkumar/NASA_HMA/WRFchem_HMA/inc -I/glade/u/apps/ch/opt/netcdf/4.8.1/intel/19.1.1//include  -real-size `expr 8 \* 4` -i4  module_mosaic_wetscav.f90

real	0m2.798s
user	0m2.205s
sys	0m0.532s
rm -f module_aerosols_sorgam.o
sed -e "s/grid%mu/gridmu/g" -e "s/grid%Mu/gridMu/g" -e "s/^\!.*'.*//" -e "s/^ *\!.*'.*//" module_aerosols_sorgam.F > module_aerosols_sorgam.G
/lib/cpp -P -nostdinc -I/glade/work/rkumar/NASA_HMA/WRFchem_HMA/inc -DEM_CORE=1 -DNMM_CORE=0 -DNMM_MAX_DIM=2600 -DCOAMPS_CORE=0 -DDA_CORE=0 -DEXP_CORE=0 -DIWORDSIZE=4 -DDWORDSIZE=8 -DRWORDSIZE=4 -DLWORDSIZE=4 -DNONSTANDARD_SYSTEM_FUNC  -DWRF_USE_CLM  -DSNICAR_FRC    -DDM_PARALLEL -DNETCDF -DUSE_ALLOCATABLES -DGRIB1 -DINTIO -DKEEP_INT_AROUND -DLIMIT_ARGS -DCONFIG_BUF_LEN=65536 -DMAX_DOMAINS_F=21 -DMAX_HISTORY=25 -DNMM_NEST=0 -DWRF_CHEM -DBUILD_CHEM=1 -DWRF_KPP -I. -traditional-cpp   module_aerosols_sorgam.G  > module_aerosols_sorgam.H
sed -e "s/gridmu/grid%mu/g" -e "s/gridMu/grid%Mu/g" module_aerosols_sorgam.H > module_aerosols_sorgam.bb
/glade/work/rkumar/NASA_HMA/WRFchem_HMA/tools/standard.exe module_aerosols_sorgam.bb | /lib/cpp -P -nostdinc -traditional-cpp > module_aerosols_sorgam.f90
rm -f module_aerosols_sorgam.G module_aerosols_sorgam.H module_aerosols_sorgam.bb
time mpif90 -f90=ifort -o module_aerosols_sorgam.o -c -O3 -ip -fp-model precise -w -ftz -align all -fno-alias -FR -convert big_endian    -I../dyn_em -I../dyn_nmm   -I/glade/work/rkumar/NASA_HMA/WRFchem_HMA/external/esmf_time_f90  -I/glade/work/rkumar/NASA_HMA/WRFchem_HMA/main -I/glade/work/rkumar/NASA_HMA/WRFchem_HMA/external/io_netcdf -I/glade/work/rkumar/NASA_HMA/WRFchem_HMA/external/io_int -I/glade/work/rkumar/NASA_HMA/WRFchem_HMA/frame -I/glade/work/rkumar/NASA_HMA/WRFchem_HMA/share -I/glade/work/rkumar/NASA_HMA/WRFchem_HMA/phys -I/glade/work/rkumar/NASA_HMA/WRFchem_HMA/chem -I/glade/work/rkumar/NASA_HMA/WRFchem_HMA/inc -I/glade/u/apps/ch/opt/netcdf/4.8.1/intel/19.1.1//include  -real-size `expr 8 \* 4` -i4  module_aerosols_sorgam.f90

real	0m8.822s
user	0m8.173s
sys	0m0.586s
rm -f module_cam_mam_rename.o
sed -e "s/grid%mu/gridmu/g" -e "s/grid%Mu/gridMu/g" -e "s/^\!.*'.*//" -e "s/^ *\!.*'.*//" module_cam_mam_rename.F > module_cam_mam_rename.G
/lib/cpp -P -nostdinc -I/glade/work/rkumar/NASA_HMA/WRFchem_HMA/inc -DEM_CORE=1 -DNMM_CORE=0 -DNMM_MAX_DIM=2600 -DCOAMPS_CORE=0 -DDA_CORE=0 -DEXP_CORE=0 -DIWORDSIZE=4 -DDWORDSIZE=8 -DRWORDSIZE=4 -DLWORDSIZE=4 -DNONSTANDARD_SYSTEM_FUNC  -DWRF_USE_CLM  -DSNICAR_FRC    -DDM_PARALLEL -DNETCDF -DUSE_ALLOCATABLES -DGRIB1 -DINTIO -DKEEP_INT_AROUND -DLIMIT_ARGS -DCONFIG_BUF_LEN=65536 -DMAX_DOMAINS_F=21 -DMAX_HISTORY=25 -DNMM_NEST=0 -DWRF_CHEM -DBUILD_CHEM=1 -DWRF_KPP -I. -traditional-cpp   module_cam_mam_rename.G  > module_cam_mam_rename.H
sed -e "s/gridmu/grid%mu/g" -e "s/gridMu/grid%Mu/g" module_cam_mam_rename.H > module_cam_mam_rename.bb
/glade/work/rkumar/NASA_HMA/WRFchem_HMA/tools/standard.exe module_cam_mam_rename.bb | /lib/cpp -P -nostdinc -traditional-cpp > module_cam_mam_rename.f90
rm -f module_cam_mam_rename.G module_cam_mam_rename.H module_cam_mam_rename.bb
time mpif90 -f90=ifort -o module_cam_mam_rename.o -c -O3 -ip -fp-model precise -w -ftz -align all -fno-alias -FR -convert big_endian    -I../dyn_em -I../dyn_nmm   -I/glade/work/rkumar/NASA_HMA/WRFchem_HMA/external/esmf_time_f90  -I/glade/work/rkumar/NASA_HMA/WRFchem_HMA/main -I/glade/work/rkumar/NASA_HMA/WRFchem_HMA/external/io_netcdf -I/glade/work/rkumar/NASA_HMA/WRFchem_HMA/external/io_int -I/glade/work/rkumar/NASA_HMA/WRFchem_HMA/frame -I/glade/work/rkumar/NASA_HMA/WRFchem_HMA/share -I/glade/work/rkumar/NASA_HMA/WRFchem_HMA/phys -I/glade/work/rkumar/NASA_HMA/WRFchem_HMA/chem -I/glade/work/rkumar/NASA_HMA/WRFchem_HMA/inc -I/glade/u/apps/ch/opt/netcdf/4.8.1/intel/19.1.1//include  -real-size `expr 8 \* 4` -i4  module_cam_mam_rename.f90

real	0m0.955s
user	0m0.396s
sys	0m0.505s
rm -f module_cam_mam_calcsize.o
sed -e "s/grid%mu/gridmu/g" -e "s/grid%Mu/gridMu/g" -e "s/^\!.*'.*//" -e "s/^ *\!.*'.*//" module_cam_mam_calcsize.F > module_cam_mam_calcsize.G
/lib/cpp -P -nostdinc -I/glade/work/rkumar/NASA_HMA/WRFchem_HMA/inc -DEM_CORE=1 -DNMM_CORE=0 -DNMM_MAX_DIM=2600 -DCOAMPS_CORE=0 -DDA_CORE=0 -DEXP_CORE=0 -DIWORDSIZE=4 -DDWORDSIZE=8 -DRWORDSIZE=4 -DLWORDSIZE=4 -DNONSTANDARD_SYSTEM_FUNC  -DWRF_USE_CLM  -DSNICAR_FRC    -DDM_PARALLEL -DNETCDF -DUSE_ALLOCATABLES -DGRIB1 -DINTIO -DKEEP_INT_AROUND -DLIMIT_ARGS -DCONFIG_BUF_LEN=65536 -DMAX_DOMAINS_F=21 -DMAX_HISTORY=25 -DNMM_NEST=0 -DWRF_CHEM -DBUILD_CHEM=1 -DWRF_KPP -I. -traditional-cpp   module_cam_mam_calcsize.G  > module_cam_mam_calcsize.H
sed -e "s/gridmu/grid%mu/g" -e "s/gridMu/grid%Mu/g" module_cam_mam_calcsize.H > module_cam_mam_calcsize.bb
/glade/work/rkumar/NASA_HMA/WRFchem_HMA/tools/standard.exe module_cam_mam_calcsize.bb | /lib/cpp -P -nostdinc -traditional-cpp > module_cam_mam_calcsize.f90
rm -f module_cam_mam_calcsize.G module_cam_mam_calcsize.H module_cam_mam_calcsize.bb
time mpif90 -f90=ifort -o module_cam_mam_calcsize.o -c -O3 -ip -fp-model precise -w -ftz -align all -fno-alias -FR -convert big_endian    -I../dyn_em -I../dyn_nmm   -I/glade/work/rkumar/NASA_HMA/WRFchem_HMA/external/esmf_time_f90  -I/glade/work/rkumar/NASA_HMA/WRFchem_HMA/main -I/glade/work/rkumar/NASA_HMA/WRFchem_HMA/external/io_netcdf -I/glade/work/rkumar/NASA_HMA/WRFchem_HMA/external/io_int -I/glade/work/rkumar/NASA_HMA/WRFchem_HMA/frame -I/glade/work/rkumar/NASA_HMA/WRFchem_HMA/share -I/glade/work/rkumar/NASA_HMA/WRFchem_HMA/phys -I/glade/work/rkumar/NASA_HMA/WRFchem_HMA/chem -I/glade/work/rkumar/NASA_HMA/WRFchem_HMA/inc -I/glade/u/apps/ch/opt/netcdf/4.8.1/intel/19.1.1//include  -real-size `expr 8 \* 4` -i4  module_cam_mam_calcsize.f90

real	0m1.408s
user	0m0.788s
sys	0m0.573s
rm -f module_cam_mam_gasaerexch.o
sed -e "s/grid%mu/gridmu/g" -e "s/grid%Mu/gridMu/g" -e "s/^\!.*'.*//" -e "s/^ *\!.*'.*//" module_cam_mam_gasaerexch.F > module_cam_mam_gasaerexch.G
/lib/cpp -P -nostdinc -I/glade/work/rkumar/NASA_HMA/WRFchem_HMA/inc -DEM_CORE=1 -DNMM_CORE=0 -DNMM_MAX_DIM=2600 -DCOAMPS_CORE=0 -DDA_CORE=0 -DEXP_CORE=0 -DIWORDSIZE=4 -DDWORDSIZE=8 -DRWORDSIZE=4 -DLWORDSIZE=4 -DNONSTANDARD_SYSTEM_FUNC  -DWRF_USE_CLM  -DSNICAR_FRC    -DDM_PARALLEL -DNETCDF -DUSE_ALLOCATABLES -DGRIB1 -DINTIO -DKEEP_INT_AROUND -DLIMIT_ARGS -DCONFIG_BUF_LEN=65536 -DMAX_DOMAINS_F=21 -DMAX_HISTORY=25 -DNMM_NEST=0 -DWRF_CHEM -DBUILD_CHEM=1 -DWRF_KPP -I. -traditional-cpp   module_cam_mam_gasaerexch.G  > module_cam_mam_gasaerexch.H
sed -e "s/gridmu/grid%mu/g" -e "s/gridMu/grid%Mu/g" module_cam_mam_gasaerexch.H > module_cam_mam_gasaerexch.bb
/glade/work/rkumar/NASA_HMA/WRFchem_HMA/tools/standard.exe module_cam_mam_gasaerexch.bb | /lib/cpp -P -nostdinc -traditional-cpp > module_cam_mam_gasaerexch.f90
rm -f module_cam_mam_gasaerexch.G module_cam_mam_gasaerexch.H module_cam_mam_gasaerexch.bb
time mpif90 -f90=ifort -o module_cam_mam_gasaerexch.o -c -O3 -ip -fp-model precise -w -ftz -align all -fno-alias -FR -convert big_endian    -I../dyn_em -I../dyn_nmm   -I/glade/work/rkumar/NASA_HMA/WRFchem_HMA/external/esmf_time_f90  -I/glade/work/rkumar/NASA_HMA/WRFchem_HMA/main -I/glade/work/rkumar/NASA_HMA/WRFchem_HMA/external/io_netcdf -I/glade/work/rkumar/NASA_HMA/WRFchem_HMA/external/io_int -I/glade/work/rkumar/NASA_HMA/WRFchem_HMA/frame -I/glade/work/rkumar/NASA_HMA/WRFchem_HMA/share -I/glade/work/rkumar/NASA_HMA/WRFchem_HMA/phys -I/glade/work/rkumar/NASA_HMA/WRFchem_HMA/chem -I/glade/work/rkumar/NASA_HMA/WRFchem_HMA/inc -I/glade/u/apps/ch/opt/netcdf/4.8.1/intel/19.1.1//include  -real-size `expr 8 \* 4` -i4  module_cam_mam_gasaerexch.f90

real	0m1.614s
user	0m0.997s
sys	0m0.567s
rm -f module_cam_mam_coag.o
sed -e "s/grid%mu/gridmu/g" -e "s/grid%Mu/gridMu/g" -e "s/^\!.*'.*//" -e "s/^ *\!.*'.*//" module_cam_mam_coag.F > module_cam_mam_coag.G
/lib/cpp -P -nostdinc -I/glade/work/rkumar/NASA_HMA/WRFchem_HMA/inc -DEM_CORE=1 -DNMM_CORE=0 -DNMM_MAX_DIM=2600 -DCOAMPS_CORE=0 -DDA_CORE=0 -DEXP_CORE=0 -DIWORDSIZE=4 -DDWORDSIZE=8 -DRWORDSIZE=4 -DLWORDSIZE=4 -DNONSTANDARD_SYSTEM_FUNC  -DWRF_USE_CLM  -DSNICAR_FRC    -DDM_PARALLEL -DNETCDF -DUSE_ALLOCATABLES -DGRIB1 -DINTIO -DKEEP_INT_AROUND -DLIMIT_ARGS -DCONFIG_BUF_LEN=65536 -DMAX_DOMAINS_F=21 -DMAX_HISTORY=25 -DNMM_NEST=0 -DWRF_CHEM -DBUILD_CHEM=1 -DWRF_KPP -I. -traditional-cpp   module_cam_mam_coag.G  > module_cam_mam_coag.H
sed -e "s/gridmu/grid%mu/g" -e "s/gridMu/grid%Mu/g" module_cam_mam_coag.H > module_cam_mam_coag.bb
/glade/work/rkumar/NASA_HMA/WRFchem_HMA/tools/standard.exe module_cam_mam_coag.bb | /lib/cpp -P -nostdinc -traditional-cpp > module_cam_mam_coag.f90
rm -f module_cam_mam_coag.G module_cam_mam_coag.H module_cam_mam_coag.bb
time mpif90 -f90=ifort -o module_cam_mam_coag.o -c -O3 -ip -fp-model precise -w -ftz -align all -fno-alias -FR -convert big_endian    -I../dyn_em -I../dyn_nmm   -I/glade/work/rkumar/NASA_HMA/WRFchem_HMA/external/esmf_time_f90  -I/glade/work/rkumar/NASA_HMA/WRFchem_HMA/main -I/glade/work/rkumar/NASA_HMA/WRFchem_HMA/external/io_netcdf -I/glade/work/rkumar/NASA_HMA/WRFchem_HMA/external/io_int -I/glade/work/rkumar/NASA_HMA/WRFchem_HMA/frame -I/glade/work/rkumar/NASA_HMA/WRFchem_HMA/share -I/glade/work/rkumar/NASA_HMA/WRFchem_HMA/phys -I/glade/work/rkumar/NASA_HMA/WRFchem_HMA/chem -I/glade/work/rkumar/NASA_HMA/WRFchem_HMA/inc -I/glade/u/apps/ch/opt/netcdf/4.8.1/intel/19.1.1//include  -real-size `expr 8 \* 4` -i4  module_cam_mam_coag.f90

real	0m1.248s
user	0m0.578s
sys	0m0.663s
rm -f module_cam_mam_newnuc.o
sed -e "s/grid%mu/gridmu/g" -e "s/grid%Mu/gridMu/g" -e "s/^\!.*'.*//" -e "s/^ *\!.*'.*//" module_cam_mam_newnuc.F > module_cam_mam_newnuc.G
/lib/cpp -P -nostdinc -I/glade/work/rkumar/NASA_HMA/WRFchem_HMA/inc -DEM_CORE=1 -DNMM_CORE=0 -DNMM_MAX_DIM=2600 -DCOAMPS_CORE=0 -DDA_CORE=0 -DEXP_CORE=0 -DIWORDSIZE=4 -DDWORDSIZE=8 -DRWORDSIZE=4 -DLWORDSIZE=4 -DNONSTANDARD_SYSTEM_FUNC  -DWRF_USE_CLM  -DSNICAR_FRC    -DDM_PARALLEL -DNETCDF -DUSE_ALLOCATABLES -DGRIB1 -DINTIO -DKEEP_INT_AROUND -DLIMIT_ARGS -DCONFIG_BUF_LEN=65536 -DMAX_DOMAINS_F=21 -DMAX_HISTORY=25 -DNMM_NEST=0 -DWRF_CHEM -DBUILD_CHEM=1 -DWRF_KPP -I. -traditional-cpp   module_cam_mam_newnuc.G  > module_cam_mam_newnuc.H
module_cam_mam_newnuc.G:1750:0: warning: extra tokens at end of #endif directive [enabled by default]
 #endif ! (defined MODAL_AERO)
 ^
sed -e "s/gridmu/grid%mu/g" -e "s/gridMu/grid%Mu/g" module_cam_mam_newnuc.H > module_cam_mam_newnuc.bb
/glade/work/rkumar/NASA_HMA/WRFchem_HMA/tools/standard.exe module_cam_mam_newnuc.bb | /lib/cpp -P -nostdinc -traditional-cpp > module_cam_mam_newnuc.f90
rm -f module_cam_mam_newnuc.G module_cam_mam_newnuc.H module_cam_mam_newnuc.bb
time mpif90 -f90=ifort -o module_cam_mam_newnuc.o -c -O3 -ip -fp-model precise -w -ftz -align all -fno-alias -FR -convert big_endian    -I../dyn_em -I../dyn_nmm   -I/glade/work/rkumar/NASA_HMA/WRFchem_HMA/external/esmf_time_f90  -I/glade/work/rkumar/NASA_HMA/WRFchem_HMA/main -I/glade/work/rkumar/NASA_HMA/WRFchem_HMA/external/io_netcdf -I/glade/work/rkumar/NASA_HMA/WRFchem_HMA/external/io_int -I/glade/work/rkumar/NASA_HMA/WRFchem_HMA/frame -I/glade/work/rkumar/NASA_HMA/WRFchem_HMA/share -I/glade/work/rkumar/NASA_HMA/WRFchem_HMA/phys -I/glade/work/rkumar/NASA_HMA/WRFchem_HMA/chem -I/glade/work/rkumar/NASA_HMA/WRFchem_HMA/inc -I/glade/u/apps/ch/opt/netcdf/4.8.1/intel/19.1.1//include  -real-size `expr 8 \* 4` -i4  module_cam_mam_newnuc.f90

real	0m1.138s
user	0m0.564s
sys	0m0.512s
rm -f module_cam_mam_wetdep.o
sed -e "s/grid%mu/gridmu/g" -e "s/grid%Mu/gridMu/g" -e "s/^\!.*'.*//" -e "s/^ *\!.*'.*//" module_cam_mam_wetdep.F > module_cam_mam_wetdep.G
/lib/cpp -P -nostdinc -I/glade/work/rkumar/NASA_HMA/WRFchem_HMA/inc -DEM_CORE=1 -DNMM_CORE=0 -DNMM_MAX_DIM=2600 -DCOAMPS_CORE=0 -DDA_CORE=0 -DEXP_CORE=0 -DIWORDSIZE=4 -DDWORDSIZE=8 -DRWORDSIZE=4 -DLWORDSIZE=4 -DNONSTANDARD_SYSTEM_FUNC  -DWRF_USE_CLM  -DSNICAR_FRC    -DDM_PARALLEL -DNETCDF -DUSE_ALLOCATABLES -DGRIB1 -DINTIO -DKEEP_INT_AROUND -DLIMIT_ARGS -DCONFIG_BUF_LEN=65536 -DMAX_DOMAINS_F=21 -DMAX_HISTORY=25 -DNMM_NEST=0 -DWRF_CHEM -DBUILD_CHEM=1 -DWRF_KPP -I. -traditional-cpp   module_cam_mam_wetdep.G  > module_cam_mam_wetdep.H
sed -e "s/gridmu/grid%mu/g" -e "s/gridMu/grid%Mu/g" module_cam_mam_wetdep.H > module_cam_mam_wetdep.bb
/glade/work/rkumar/NASA_HMA/WRFchem_HMA/tools/standard.exe module_cam_mam_wetdep.bb | /lib/cpp -P -nostdinc -traditional-cpp > module_cam_mam_wetdep.f90
rm -f module_cam_mam_wetdep.G module_cam_mam_wetdep.H module_cam_mam_wetdep.bb
time mpif90 -f90=ifort -o module_cam_mam_wetdep.o -c -O3 -ip -fp-model precise -w -ftz -align all -fno-alias -FR -convert big_endian    -I../dyn_em -I../dyn_nmm   -I/glade/work/rkumar/NASA_HMA/WRFchem_HMA/external/esmf_time_f90  -I/glade/work/rkumar/NASA_HMA/WRFchem_HMA/main -I/glade/work/rkumar/NASA_HMA/WRFchem_HMA/external/io_netcdf -I/glade/work/rkumar/NASA_HMA/WRFchem_HMA/external/io_int -I/glade/work/rkumar/NASA_HMA/WRFchem_HMA/frame -I/glade/work/rkumar/NASA_HMA/WRFchem_HMA/share -I/glade/work/rkumar/NASA_HMA/WRFchem_HMA/phys -I/glade/work/rkumar/NASA_HMA/WRFchem_HMA/chem -I/glade/work/rkumar/NASA_HMA/WRFchem_HMA/inc -I/glade/u/apps/ch/opt/netcdf/4.8.1/intel/19.1.1//include  -real-size `expr 8 \* 4` -i4  module_cam_mam_wetdep.f90

real	0m1.365s
user	0m0.707s
sys	0m0.587s
rm -f module_cam_mam_mz_aerosols_intr.o
sed -e "s/grid%mu/gridmu/g" -e "s/grid%Mu/gridMu/g" -e "s/^\!.*'.*//" -e "s/^ *\!.*'.*//" module_cam_mam_mz_aerosols_intr.F > module_cam_mam_mz_aerosols_intr.G
/lib/cpp -P -nostdinc -I/glade/work/rkumar/NASA_HMA/WRFchem_HMA/inc -DEM_CORE=1 -DNMM_CORE=0 -DNMM_MAX_DIM=2600 -DCOAMPS_CORE=0 -DDA_CORE=0 -DEXP_CORE=0 -DIWORDSIZE=4 -DDWORDSIZE=8 -DRWORDSIZE=4 -DLWORDSIZE=4 -DNONSTANDARD_SYSTEM_FUNC  -DWRF_USE_CLM  -DSNICAR_FRC    -DDM_PARALLEL -DNETCDF -DUSE_ALLOCATABLES -DGRIB1 -DINTIO -DKEEP_INT_AROUND -DLIMIT_ARGS -DCONFIG_BUF_LEN=65536 -DMAX_DOMAINS_F=21 -DMAX_HISTORY=25 -DNMM_NEST=0 -DWRF_CHEM -DBUILD_CHEM=1 -DWRF_KPP -I. -traditional-cpp   module_cam_mam_mz_aerosols_intr.G  > module_cam_mam_mz_aerosols_intr.H
sed -e "s/gridmu/grid%mu/g" -e "s/gridMu/grid%Mu/g" module_cam_mam_mz_aerosols_intr.H > module_cam_mam_mz_aerosols_intr.bb
/glade/work/rkumar/NASA_HMA/WRFchem_HMA/tools/standard.exe module_cam_mam_mz_aerosols_intr.bb | /lib/cpp -P -nostdinc -traditional-cpp > module_cam_mam_mz_aerosols_intr.f90
rm -f module_cam_mam_mz_aerosols_intr.G module_cam_mam_mz_aerosols_intr.H module_cam_mam_mz_aerosols_intr.bb
time mpif90 -f90=ifort -o module_cam_mam_mz_aerosols_intr.o -c -O3 -ip -fp-model precise -w -ftz -align all -fno-alias -FR -convert big_endian    -I../dyn_em -I../dyn_nmm   -I/glade/work/rkumar/NASA_HMA/WRFchem_HMA/external/esmf_time_f90  -I/glade/work/rkumar/NASA_HMA/WRFchem_HMA/main -I/glade/work/rkumar/NASA_HMA/WRFchem_HMA/external/io_netcdf -I/glade/work/rkumar/NASA_HMA/WRFchem_HMA/external/io_int -I/glade/work/rkumar/NASA_HMA/WRFchem_HMA/frame -I/glade/work/rkumar/NASA_HMA/WRFchem_HMA/share -I/glade/work/rkumar/NASA_HMA/WRFchem_HMA/phys -I/glade/work/rkumar/NASA_HMA/WRFchem_HMA/chem -I/glade/work/rkumar/NASA_HMA/WRFchem_HMA/inc -I/glade/u/apps/ch/opt/netcdf/4.8.1/intel/19.1.1//include  -real-size `expr 8 \* 4` -i4  module_cam_mam_mz_aerosols_intr.f90

real	0m1.661s
user	0m0.915s
sys	0m0.636s
rm -f module_cam_mam_initaerodata.o
sed -e "s/grid%mu/gridmu/g" -e "s/grid%Mu/gridMu/g" -e "s/^\!.*'.*//" -e "s/^ *\!.*'.*//" module_cam_mam_initaerodata.F > module_cam_mam_initaerodata.G
/lib/cpp -P -nostdinc -I/glade/work/rkumar/NASA_HMA/WRFchem_HMA/inc -DEM_CORE=1 -DNMM_CORE=0 -DNMM_MAX_DIM=2600 -DCOAMPS_CORE=0 -DDA_CORE=0 -DEXP_CORE=0 -DIWORDSIZE=4 -DDWORDSIZE=8 -DRWORDSIZE=4 -DLWORDSIZE=4 -DNONSTANDARD_SYSTEM_FUNC  -DWRF_USE_CLM  -DSNICAR_FRC    -DDM_PARALLEL -DNETCDF -DUSE_ALLOCATABLES -DGRIB1 -DINTIO -DKEEP_INT_AROUND -DLIMIT_ARGS -DCONFIG_BUF_LEN=65536 -DMAX_DOMAINS_F=21 -DMAX_HISTORY=25 -DNMM_NEST=0 -DWRF_CHEM -DBUILD_CHEM=1 -DWRF_KPP -I. -traditional-cpp   module_cam_mam_initaerodata.G  > module_cam_mam_initaerodata.H
sed -e "s/gridmu/grid%mu/g" -e "s/gridMu/grid%Mu/g" module_cam_mam_initaerodata.H > module_cam_mam_initaerodata.bb
/glade/work/rkumar/NASA_HMA/WRFchem_HMA/tools/standard.exe module_cam_mam_initaerodata.bb | /lib/cpp -P -nostdinc -traditional-cpp > module_cam_mam_initaerodata.f90
rm -f module_cam_mam_initaerodata.G module_cam_mam_initaerodata.H module_cam_mam_initaerodata.bb
time mpif90 -f90=ifort -o module_cam_mam_initaerodata.o -c -O3 -ip -fp-model precise -w -ftz -align all -fno-alias -FR -convert big_endian    -I../dyn_em -I../dyn_nmm   -I/glade/work/rkumar/NASA_HMA/WRFchem_HMA/external/esmf_time_f90  -I/glade/work/rkumar/NASA_HMA/WRFchem_HMA/main -I/glade/work/rkumar/NASA_HMA/WRFchem_HMA/external/io_netcdf -I/glade/work/rkumar/NASA_HMA/WRFchem_HMA/external/io_int -I/glade/work/rkumar/NASA_HMA/WRFchem_HMA/frame -I/glade/work/rkumar/NASA_HMA/WRFchem_HMA/share -I/glade/work/rkumar/NASA_HMA/WRFchem_HMA/phys -I/glade/work/rkumar/NASA_HMA/WRFchem_HMA/chem -I/glade/work/rkumar/NASA_HMA/WRFchem_HMA/inc -I/glade/u/apps/ch/opt/netcdf/4.8.1/intel/19.1.1//include  -real-size `expr 8 \* 4` -i4  module_cam_mam_initaerodata.f90

real	0m1.453s
user	0m0.932s
sys	0m0.462s
rm -f module_cam_mam_mo_chem_utls.o
sed -e "s/grid%mu/gridmu/g" -e "s/grid%Mu/gridMu/g" -e "s/^\!.*'.*//" -e "s/^ *\!.*'.*//" module_cam_mam_mo_chem_utls.F > module_cam_mam_mo_chem_utls.G
/lib/cpp -P -nostdinc -I/glade/work/rkumar/NASA_HMA/WRFchem_HMA/inc -DEM_CORE=1 -DNMM_CORE=0 -DNMM_MAX_DIM=2600 -DCOAMPS_CORE=0 -DDA_CORE=0 -DEXP_CORE=0 -DIWORDSIZE=4 -DDWORDSIZE=8 -DRWORDSIZE=4 -DLWORDSIZE=4 -DNONSTANDARD_SYSTEM_FUNC  -DWRF_USE_CLM  -DSNICAR_FRC    -DDM_PARALLEL -DNETCDF -DUSE_ALLOCATABLES -DGRIB1 -DINTIO -DKEEP_INT_AROUND -DLIMIT_ARGS -DCONFIG_BUF_LEN=65536 -DMAX_DOMAINS_F=21 -DMAX_HISTORY=25 -DNMM_NEST=0 -DWRF_CHEM -DBUILD_CHEM=1 -DWRF_KPP -I. -traditional-cpp   module_cam_mam_mo_chem_utls.G  > module_cam_mam_mo_chem_utls.H
sed -e "s/gridmu/grid%mu/g" -e "s/gridMu/grid%Mu/g" module_cam_mam_mo_chem_utls.H > module_cam_mam_mo_chem_utls.bb
/glade/work/rkumar/NASA_HMA/WRFchem_HMA/tools/standard.exe module_cam_mam_mo_chem_utls.bb | /lib/cpp -P -nostdinc -traditional-cpp > module_cam_mam_mo_chem_utls.f90
rm -f module_cam_mam_mo_chem_utls.G module_cam_mam_mo_chem_utls.H module_cam_mam_mo_chem_utls.bb
time mpif90 -f90=ifort -o module_cam_mam_mo_chem_utls.o -c -O3 -ip -fp-model precise -w -ftz -align all -fno-alias -FR -convert big_endian    -I../dyn_em -I../dyn_nmm   -I/glade/work/rkumar/NASA_HMA/WRFchem_HMA/external/esmf_time_f90  -I/glade/work/rkumar/NASA_HMA/WRFchem_HMA/main -I/glade/work/rkumar/NASA_HMA/WRFchem_HMA/external/io_netcdf -I/glade/work/rkumar/NASA_HMA/WRFchem_HMA/external/io_int -I/glade/work/rkumar/NASA_HMA/WRFchem_HMA/frame -I/glade/work/rkumar/NASA_HMA/WRFchem_HMA/share -I/glade/work/rkumar/NASA_HMA/WRFchem_HMA/phys -I/glade/work/rkumar/NASA_HMA/WRFchem_HMA/chem -I/glade/work/rkumar/NASA_HMA/WRFchem_HMA/inc -I/glade/u/apps/ch/opt/netcdf/4.8.1/intel/19.1.1//include  -real-size `expr 8 \* 4` -i4  module_cam_mam_mo_chem_utls.f90

real	0m0.601s
user	0m0.051s
sys	0m0.496s
rm -f module_cam_mam_setsox.o
sed -e "s/grid%mu/gridmu/g" -e "s/grid%Mu/gridMu/g" -e "s/^\!.*'.*//" -e "s/^ *\!.*'.*//" module_cam_mam_setsox.F > module_cam_mam_setsox.G
/lib/cpp -P -nostdinc -I/glade/work/rkumar/NASA_HMA/WRFchem_HMA/inc -DEM_CORE=1 -DNMM_CORE=0 -DNMM_MAX_DIM=2600 -DCOAMPS_CORE=0 -DDA_CORE=0 -DEXP_CORE=0 -DIWORDSIZE=4 -DDWORDSIZE=8 -DRWORDSIZE=4 -DLWORDSIZE=4 -DNONSTANDARD_SYSTEM_FUNC  -DWRF_USE_CLM  -DSNICAR_FRC    -DDM_PARALLEL -DNETCDF -DUSE_ALLOCATABLES -DGRIB1 -DINTIO -DKEEP_INT_AROUND -DLIMIT_ARGS -DCONFIG_BUF_LEN=65536 -DMAX_DOMAINS_F=21 -DMAX_HISTORY=25 -DNMM_NEST=0 -DWRF_CHEM -DBUILD_CHEM=1 -DWRF_KPP -I. -traditional-cpp   module_cam_mam_setsox.G  > module_cam_mam_setsox.H
sed -e "s/gridmu/grid%mu/g" -e "s/gridMu/grid%Mu/g" module_cam_mam_setsox.H > module_cam_mam_setsox.bb
/glade/work/rkumar/NASA_HMA/WRFchem_HMA/tools/standard.exe module_cam_mam_setsox.bb | /lib/cpp -P -nostdinc -traditional-cpp > module_cam_mam_setsox.f90
rm -f module_cam_mam_setsox.G module_cam_mam_setsox.H module_cam_mam_setsox.bb
time mpif90 -f90=ifort -o module_cam_mam_setsox.o -c -O3 -ip -fp-model precise -w -ftz -align all -fno-alias -FR -convert big_endian    -I../dyn_em -I../dyn_nmm   -I/glade/work/rkumar/NASA_HMA/WRFchem_HMA/external/esmf_time_f90  -I/glade/work/rkumar/NASA_HMA/WRFchem_HMA/main -I/glade/work/rkumar/NASA_HMA/WRFchem_HMA/external/io_netcdf -I/glade/work/rkumar/NASA_HMA/WRFchem_HMA/external/io_int -I/glade/work/rkumar/NASA_HMA/WRFchem_HMA/frame -I/glade/work/rkumar/NASA_HMA/WRFchem_HMA/share -I/glade/work/rkumar/NASA_HMA/WRFchem_HMA/phys -I/glade/work/rkumar/NASA_HMA/WRFchem_HMA/chem -I/glade/work/rkumar/NASA_HMA/WRFchem_HMA/inc -I/glade/u/apps/ch/opt/netcdf/4.8.1/intel/19.1.1//include  -real-size `expr 8 \* 4` -i4  module_cam_mam_setsox.f90

real	0m1.720s
user	0m1.139s
sys	0m0.512s
rm -f module_cam_mam_cloudchem.o
sed -e "s/grid%mu/gridmu/g" -e "s/grid%Mu/gridMu/g" -e "s/^\!.*'.*//" -e "s/^ *\!.*'.*//" module_cam_mam_cloudchem.F > module_cam_mam_cloudchem.G
/lib/cpp -P -nostdinc -I/glade/work/rkumar/NASA_HMA/WRFchem_HMA/inc -DEM_CORE=1 -DNMM_CORE=0 -DNMM_MAX_DIM=2600 -DCOAMPS_CORE=0 -DDA_CORE=0 -DEXP_CORE=0 -DIWORDSIZE=4 -DDWORDSIZE=8 -DRWORDSIZE=4 -DLWORDSIZE=4 -DNONSTANDARD_SYSTEM_FUNC  -DWRF_USE_CLM  -DSNICAR_FRC    -DDM_PARALLEL -DNETCDF -DUSE_ALLOCATABLES -DGRIB1 -DINTIO -DKEEP_INT_AROUND -DLIMIT_ARGS -DCONFIG_BUF_LEN=65536 -DMAX_DOMAINS_F=21 -DMAX_HISTORY=25 -DNMM_NEST=0 -DWRF_CHEM -DBUILD_CHEM=1 -DWRF_KPP -I. -traditional-cpp   module_cam_mam_cloudchem.G  > module_cam_mam_cloudchem.H
sed -e "s/gridmu/grid%mu/g" -e "s/gridMu/grid%Mu/g" module_cam_mam_cloudchem.H > module_cam_mam_cloudchem.bb
/glade/work/rkumar/NASA_HMA/WRFchem_HMA/tools/standard.exe module_cam_mam_cloudchem.bb | /lib/cpp -P -nostdinc -traditional-cpp > module_cam_mam_cloudchem.f90
rm -f module_cam_mam_cloudchem.G module_cam_mam_cloudchem.H module_cam_mam_cloudchem.bb
time mpif90 -f90=ifort -o module_cam_mam_cloudchem.o -c -O3 -ip -fp-model precise -w -ftz -align all -fno-alias -FR -convert big_endian    -I../dyn_em -I../dyn_nmm   -I/glade/work/rkumar/NASA_HMA/WRFchem_HMA/external/esmf_time_f90  -I/glade/work/rkumar/NASA_HMA/WRFchem_HMA/main -I/glade/work/rkumar/NASA_HMA/WRFchem_HMA/external/io_netcdf -I/glade/work/rkumar/NASA_HMA/WRFchem_HMA/external/io_int -I/glade/work/rkumar/NASA_HMA/WRFchem_HMA/frame -I/glade/work/rkumar/NASA_HMA/WRFchem_HMA/share -I/glade/work/rkumar/NASA_HMA/WRFchem_HMA/phys -I/glade/work/rkumar/NASA_HMA/WRFchem_HMA/chem -I/glade/work/rkumar/NASA_HMA/WRFchem_HMA/inc -I/glade/u/apps/ch/opt/netcdf/4.8.1/intel/19.1.1//include  -real-size `expr 8 \* 4` -i4  module_cam_mam_cloudchem.f90

real	0m1.051s
user	0m0.508s
sys	0m0.478s
rm -f module_cam_mam_mo_sethet.o
sed -e "s/grid%mu/gridmu/g" -e "s/grid%Mu/gridMu/g" -e "s/^\!.*'.*//" -e "s/^ *\!.*'.*//" module_cam_mam_mo_sethet.F > module_cam_mam_mo_sethet.G
/lib/cpp -P -nostdinc -I/glade/work/rkumar/NASA_HMA/WRFchem_HMA/inc -DEM_CORE=1 -DNMM_CORE=0 -DNMM_MAX_DIM=2600 -DCOAMPS_CORE=0 -DDA_CORE=0 -DEXP_CORE=0 -DIWORDSIZE=4 -DDWORDSIZE=8 -DRWORDSIZE=4 -DLWORDSIZE=4 -DNONSTANDARD_SYSTEM_FUNC  -DWRF_USE_CLM  -DSNICAR_FRC    -DDM_PARALLEL -DNETCDF -DUSE_ALLOCATABLES -DGRIB1 -DINTIO -DKEEP_INT_AROUND -DLIMIT_ARGS -DCONFIG_BUF_LEN=65536 -DMAX_DOMAINS_F=21 -DMAX_HISTORY=25 -DNMM_NEST=0 -DWRF_CHEM -DBUILD_CHEM=1 -DWRF_KPP -I. -traditional-cpp   module_cam_mam_mo_sethet.G  > module_cam_mam_mo_sethet.H
sed -e "s/gridmu/grid%mu/g" -e "s/gridMu/grid%Mu/g" module_cam_mam_mo_sethet.H > module_cam_mam_mo_sethet.bb
/glade/work/rkumar/NASA_HMA/WRFchem_HMA/tools/standard.exe module_cam_mam_mo_sethet.bb | /lib/cpp -P -nostdinc -traditional-cpp > module_cam_mam_mo_sethet.f90
rm -f module_cam_mam_mo_sethet.G module_cam_mam_mo_sethet.H module_cam_mam_mo_sethet.bb
time mpif90 -f90=ifort -o module_cam_mam_mo_sethet.o -c -O3 -ip -fp-model precise -w -ftz -align all -fno-alias -FR -convert big_endian    -I../dyn_em -I../dyn_nmm   -I/glade/work/rkumar/NASA_HMA/WRFchem_HMA/external/esmf_time_f90  -I/glade/work/rkumar/NASA_HMA/WRFchem_HMA/main -I/glade/work/rkumar/NASA_HMA/WRFchem_HMA/external/io_netcdf -I/glade/work/rkumar/NASA_HMA/WRFchem_HMA/external/io_int -I/glade/work/rkumar/NASA_HMA/WRFchem_HMA/frame -I/glade/work/rkumar/NASA_HMA/WRFchem_HMA/share -I/glade/work/rkumar/NASA_HMA/WRFchem_HMA/phys -I/glade/work/rkumar/NASA_HMA/WRFchem_HMA/chem -I/glade/work/rkumar/NASA_HMA/WRFchem_HMA/inc -I/glade/u/apps/ch/opt/netcdf/4.8.1/intel/19.1.1//include  -real-size `expr 8 \* 4` -i4  module_cam_mam_mo_sethet.f90

real	0m1.929s
user	0m1.290s
sys	0m0.553s
rm -f module_cam_mam_gas_wetdep_driver.o
sed -e "s/grid%mu/gridmu/g" -e "s/grid%Mu/gridMu/g" -e "s/^\!.*'.*//" -e "s/^ *\!.*'.*//" module_cam_mam_gas_wetdep_driver.F > module_cam_mam_gas_wetdep_driver.G
/lib/cpp -P -nostdinc -I/glade/work/rkumar/NASA_HMA/WRFchem_HMA/inc -DEM_CORE=1 -DNMM_CORE=0 -DNMM_MAX_DIM=2600 -DCOAMPS_CORE=0 -DDA_CORE=0 -DEXP_CORE=0 -DIWORDSIZE=4 -DDWORDSIZE=8 -DRWORDSIZE=4 -DLWORDSIZE=4 -DNONSTANDARD_SYSTEM_FUNC  -DWRF_USE_CLM  -DSNICAR_FRC    -DDM_PARALLEL -DNETCDF -DUSE_ALLOCATABLES -DGRIB1 -DINTIO -DKEEP_INT_AROUND -DLIMIT_ARGS -DCONFIG_BUF_LEN=65536 -DMAX_DOMAINS_F=21 -DMAX_HISTORY=25 -DNMM_NEST=0 -DWRF_CHEM -DBUILD_CHEM=1 -DWRF_KPP -I. -traditional-cpp   module_cam_mam_gas_wetdep_driver.G  > module_cam_mam_gas_wetdep_driver.H
sed -e "s/gridmu/grid%mu/g" -e "s/gridMu/grid%Mu/g" module_cam_mam_gas_wetdep_driver.H > module_cam_mam_gas_wetdep_driver.bb
/glade/work/rkumar/NASA_HMA/WRFchem_HMA/tools/standard.exe module_cam_mam_gas_wetdep_driver.bb | /lib/cpp -P -nostdinc -traditional-cpp > module_cam_mam_gas_wetdep_driver.f90
rm -f module_cam_mam_gas_wetdep_driver.G module_cam_mam_gas_wetdep_driver.H module_cam_mam_gas_wetdep_driver.bb
time mpif90 -f90=ifort -o module_cam_mam_gas_wetdep_driver.o -c -O3 -ip -fp-model precise -w -ftz -align all -fno-alias -FR -convert big_endian    -I../dyn_em -I../dyn_nmm   -I/glade/work/rkumar/NASA_HMA/WRFchem_HMA/external/esmf_time_f90  -I/glade/work/rkumar/NASA_HMA/WRFchem_HMA/main -I/glade/work/rkumar/NASA_HMA/WRFchem_HMA/external/io_netcdf -I/glade/work/rkumar/NASA_HMA/WRFchem_HMA/external/io_int -I/glade/work/rkumar/NASA_HMA/WRFchem_HMA/frame -I/glade/work/rkumar/NASA_HMA/WRFchem_HMA/share -I/glade/work/rkumar/NASA_HMA/WRFchem_HMA/phys -I/glade/work/rkumar/NASA_HMA/WRFchem_HMA/chem -I/glade/work/rkumar/NASA_HMA/WRFchem_HMA/inc -I/glade/u/apps/ch/opt/netcdf/4.8.1/intel/19.1.1//include  -real-size `expr 8 \* 4` -i4  module_cam_mam_gas_wetdep_driver.f90

real	0m0.951s
user	0m0.360s
sys	0m0.509s
rm -f module_cam_mam_init.o
sed -e "s/grid%mu/gridmu/g" -e "s/grid%Mu/gridMu/g" -e "s/^\!.*'.*//" -e "s/^ *\!.*'.*//" module_cam_mam_init.F > module_cam_mam_init.G
/lib/cpp -P -nostdinc -I/glade/work/rkumar/NASA_HMA/WRFchem_HMA/inc -DEM_CORE=1 -DNMM_CORE=0 -DNMM_MAX_DIM=2600 -DCOAMPS_CORE=0 -DDA_CORE=0 -DEXP_CORE=0 -DIWORDSIZE=4 -DDWORDSIZE=8 -DRWORDSIZE=4 -DLWORDSIZE=4 -DNONSTANDARD_SYSTEM_FUNC  -DWRF_USE_CLM  -DSNICAR_FRC    -DDM_PARALLEL -DNETCDF -DUSE_ALLOCATABLES -DGRIB1 -DINTIO -DKEEP_INT_AROUND -DLIMIT_ARGS -DCONFIG_BUF_LEN=65536 -DMAX_DOMAINS_F=21 -DMAX_HISTORY=25 -DNMM_NEST=0 -DWRF_CHEM -DBUILD_CHEM=1 -DWRF_KPP -I. -traditional-cpp   module_cam_mam_init.G  > module_cam_mam_init.H
sed -e "s/gridmu/grid%mu/g" -e "s/gridMu/grid%Mu/g" module_cam_mam_init.H > module_cam_mam_init.bb
/glade/work/rkumar/NASA_HMA/WRFchem_HMA/tools/standard.exe module_cam_mam_init.bb | /lib/cpp -P -nostdinc -traditional-cpp > module_cam_mam_init.f90
rm -f module_cam_mam_init.G module_cam_mam_init.H module_cam_mam_init.bb
time mpif90 -f90=ifort -o module_cam_mam_init.o -c -O3 -ip -fp-model precise -w -ftz -align all -fno-alias -FR -convert big_endian    -I../dyn_em -I../dyn_nmm   -I/glade/work/rkumar/NASA_HMA/WRFchem_HMA/external/esmf_time_f90  -I/glade/work/rkumar/NASA_HMA/WRFchem_HMA/main -I/glade/work/rkumar/NASA_HMA/WRFchem_HMA/external/io_netcdf -I/glade/work/rkumar/NASA_HMA/WRFchem_HMA/external/io_int -I/glade/work/rkumar/NASA_HMA/WRFchem_HMA/frame -I/glade/work/rkumar/NASA_HMA/WRFchem_HMA/share -I/glade/work/rkumar/NASA_HMA/WRFchem_HMA/phys -I/glade/work/rkumar/NASA_HMA/WRFchem_HMA/chem -I/glade/work/rkumar/NASA_HMA/WRFchem_HMA/inc -I/glade/u/apps/ch/opt/netcdf/4.8.1/intel/19.1.1//include  -real-size `expr 8 \* 4` -i4  module_cam_mam_init.f90

real	0m1.426s
user	0m0.850s
sys	0m0.516s
rm -f module_cam_mam_initmixrats.o
sed -e "s/grid%mu/gridmu/g" -e "s/grid%Mu/gridMu/g" -e "s/^\!.*'.*//" -e "s/^ *\!.*'.*//" module_cam_mam_initmixrats.F > module_cam_mam_initmixrats.G
/lib/cpp -P -nostdinc -I/glade/work/rkumar/NASA_HMA/WRFchem_HMA/inc -DEM_CORE=1 -DNMM_CORE=0 -DNMM_MAX_DIM=2600 -DCOAMPS_CORE=0 -DDA_CORE=0 -DEXP_CORE=0 -DIWORDSIZE=4 -DDWORDSIZE=8 -DRWORDSIZE=4 -DLWORDSIZE=4 -DNONSTANDARD_SYSTEM_FUNC  -DWRF_USE_CLM  -DSNICAR_FRC    -DDM_PARALLEL -DNETCDF -DUSE_ALLOCATABLES -DGRIB1 -DINTIO -DKEEP_INT_AROUND -DLIMIT_ARGS -DCONFIG_BUF_LEN=65536 -DMAX_DOMAINS_F=21 -DMAX_HISTORY=25 -DNMM_NEST=0 -DWRF_CHEM -DBUILD_CHEM=1 -DWRF_KPP -I. -traditional-cpp   module_cam_mam_initmixrats.G  > module_cam_mam_initmixrats.H
sed -e "s/gridmu/grid%mu/g" -e "s/gridMu/grid%Mu/g" module_cam_mam_initmixrats.H > module_cam_mam_initmixrats.bb
/glade/work/rkumar/NASA_HMA/WRFchem_HMA/tools/standard.exe module_cam_mam_initmixrats.bb | /lib/cpp -P -nostdinc -traditional-cpp > module_cam_mam_initmixrats.f90
rm -f module_cam_mam_initmixrats.G module_cam_mam_initmixrats.H module_cam_mam_initmixrats.bb
time mpif90 -f90=ifort -o module_cam_mam_initmixrats.o -c -O3 -ip -fp-model precise -w -ftz -align all -fno-alias -FR -convert big_endian    -I../dyn_em -I../dyn_nmm   -I/glade/work/rkumar/NASA_HMA/WRFchem_HMA/external/esmf_time_f90  -I/glade/work/rkumar/NASA_HMA/WRFchem_HMA/main -I/glade/work/rkumar/NASA_HMA/WRFchem_HMA/external/io_netcdf -I/glade/work/rkumar/NASA_HMA/WRFchem_HMA/external/io_int -I/glade/work/rkumar/NASA_HMA/WRFchem_HMA/frame -I/glade/work/rkumar/NASA_HMA/WRFchem_HMA/share -I/glade/work/rkumar/NASA_HMA/WRFchem_HMA/phys -I/glade/work/rkumar/NASA_HMA/WRFchem_HMA/chem -I/glade/work/rkumar/NASA_HMA/WRFchem_HMA/inc -I/glade/u/apps/ch/opt/netcdf/4.8.1/intel/19.1.1//include  -real-size `expr 8 \* 4` -i4  module_cam_mam_initmixrats.f90

real	0m1.095s
user	0m0.553s
sys	0m0.486s
rm -f module_input_chem_data.o
sed -e "s/grid%mu/gridmu/g" -e "s/grid%Mu/gridMu/g" -e "s/^\!.*'.*//" -e "s/^ *\!.*'.*//" module_input_chem_data.F > module_input_chem_data.G
/lib/cpp -P -nostdinc -I/glade/work/rkumar/NASA_HMA/WRFchem_HMA/inc -DEM_CORE=1 -DNMM_CORE=0 -DNMM_MAX_DIM=2600 -DCOAMPS_CORE=0 -DDA_CORE=0 -DEXP_CORE=0 -DIWORDSIZE=4 -DDWORDSIZE=8 -DRWORDSIZE=4 -DLWORDSIZE=4 -DNONSTANDARD_SYSTEM_FUNC  -DWRF_USE_CLM  -DSNICAR_FRC    -DDM_PARALLEL -DNETCDF -DUSE_ALLOCATABLES -DGRIB1 -DINTIO -DKEEP_INT_AROUND -DLIMIT_ARGS -DCONFIG_BUF_LEN=65536 -DMAX_DOMAINS_F=21 -DMAX_HISTORY=25 -DNMM_NEST=0 -DWRF_CHEM -DBUILD_CHEM=1 -DWRF_KPP -I. -traditional-cpp   module_input_chem_data.G  > module_input_chem_data.H
sed -e "s/gridmu/grid%mu/g" -e "s/gridMu/grid%Mu/g" module_input_chem_data.H > module_input_chem_data.bb
/glade/work/rkumar/NASA_HMA/WRFchem_HMA/tools/standard.exe module_input_chem_data.bb | /lib/cpp -P -nostdinc -traditional-cpp > module_input_chem_data.f90
rm -f module_input_chem_data.G module_input_chem_data.H module_input_chem_data.bb
time mpif90 -f90=ifort -o module_input_chem_data.o -c -O3 -ip -fp-model precise -w -ftz -align all -fno-alias -FR -convert big_endian    -I../dyn_em -I../dyn_nmm   -I/glade/work/rkumar/NASA_HMA/WRFchem_HMA/external/esmf_time_f90  -I/glade/work/rkumar/NASA_HMA/WRFchem_HMA/main -I/glade/work/rkumar/NASA_HMA/WRFchem_HMA/external/io_netcdf -I/glade/work/rkumar/NASA_HMA/WRFchem_HMA/external/io_int -I/glade/work/rkumar/NASA_HMA/WRFchem_HMA/frame -I/glade/work/rkumar/NASA_HMA/WRFchem_HMA/share -I/glade/work/rkumar/NASA_HMA/WRFchem_HMA/phys -I/glade/work/rkumar/NASA_HMA/WRFchem_HMA/chem -I/glade/work/rkumar/NASA_HMA/WRFchem_HMA/inc -I/glade/u/apps/ch/opt/netcdf/4.8.1/intel/19.1.1//include  -real-size `expr 8 \* 4` -i4  module_input_chem_data.f90

real	0m5.234s
user	0m4.485s
sys	0m0.567s
rm -f module_mosaic_coag.o
sed -e "s/grid%mu/gridmu/g" -e "s/grid%Mu/gridMu/g" -e "s/^\!.*'.*//" -e "s/^ *\!.*'.*//" module_mosaic_coag.F > module_mosaic_coag.G
/lib/cpp -P -nostdinc -I/glade/work/rkumar/NASA_HMA/WRFchem_HMA/inc -DEM_CORE=1 -DNMM_CORE=0 -DNMM_MAX_DIM=2600 -DCOAMPS_CORE=0 -DDA_CORE=0 -DEXP_CORE=0 -DIWORDSIZE=4 -DDWORDSIZE=8 -DRWORDSIZE=4 -DLWORDSIZE=4 -DNONSTANDARD_SYSTEM_FUNC  -DWRF_USE_CLM  -DSNICAR_FRC    -DDM_PARALLEL -DNETCDF -DUSE_ALLOCATABLES -DGRIB1 -DINTIO -DKEEP_INT_AROUND -DLIMIT_ARGS -DCONFIG_BUF_LEN=65536 -DMAX_DOMAINS_F=21 -DMAX_HISTORY=25 -DNMM_NEST=0 -DWRF_CHEM -DBUILD_CHEM=1 -DWRF_KPP -I. -traditional-cpp   module_mosaic_coag.G  > module_mosaic_coag.H
sed -e "s/gridmu/grid%mu/g" -e "s/gridMu/grid%Mu/g" module_mosaic_coag.H > module_mosaic_coag.bb
/glade/work/rkumar/NASA_HMA/WRFchem_HMA/tools/standard.exe module_mosaic_coag.bb | /lib/cpp -P -nostdinc -traditional-cpp > module_mosaic_coag.f90
rm -f module_mosaic_coag.G module_mosaic_coag.H module_mosaic_coag.bb
time mpif90 -f90=ifort -o module_mosaic_coag.o -c -O3 -ip -fp-model precise -w -ftz -align all -fno-alias -FR -convert big_endian    -I../dyn_em -I../dyn_nmm   -I/glade/work/rkumar/NASA_HMA/WRFchem_HMA/external/esmf_time_f90  -I/glade/work/rkumar/NASA_HMA/WRFchem_HMA/main -I/glade/work/rkumar/NASA_HMA/WRFchem_HMA/external/io_netcdf -I/glade/work/rkumar/NASA_HMA/WRFchem_HMA/external/io_int -I/glade/work/rkumar/NASA_HMA/WRFchem_HMA/frame -I/glade/work/rkumar/NASA_HMA/WRFchem_HMA/share -I/glade/work/rkumar/NASA_HMA/WRFchem_HMA/phys -I/glade/work/rkumar/NASA_HMA/WRFchem_HMA/chem -I/glade/work/rkumar/NASA_HMA/WRFchem_HMA/inc -I/glade/u/apps/ch/opt/netcdf/4.8.1/intel/19.1.1//include  -real-size `expr 8 \* 4` -i4  module_mosaic_coag.f90

real	0m1.366s
user	0m0.851s
sys	0m0.457s
rm -f module_mosaic_gly.o
sed -e "s/grid%mu/gridmu/g" -e "s/grid%Mu/gridMu/g" -e "s/^\!.*'.*//" -e "s/^ *\!.*'.*//" module_mosaic_gly.F > module_mosaic_gly.G
/lib/cpp -P -nostdinc -I/glade/work/rkumar/NASA_HMA/WRFchem_HMA/inc -DEM_CORE=1 -DNMM_CORE=0 -DNMM_MAX_DIM=2600 -DCOAMPS_CORE=0 -DDA_CORE=0 -DEXP_CORE=0 -DIWORDSIZE=4 -DDWORDSIZE=8 -DRWORDSIZE=4 -DLWORDSIZE=4 -DNONSTANDARD_SYSTEM_FUNC  -DWRF_USE_CLM  -DSNICAR_FRC    -DDM_PARALLEL -DNETCDF -DUSE_ALLOCATABLES -DGRIB1 -DINTIO -DKEEP_INT_AROUND -DLIMIT_ARGS -DCONFIG_BUF_LEN=65536 -DMAX_DOMAINS_F=21 -DMAX_HISTORY=25 -DNMM_NEST=0 -DWRF_CHEM -DBUILD_CHEM=1 -DWRF_KPP -I. -traditional-cpp   module_mosaic_gly.G  > module_mosaic_gly.H
sed -e "s/gridmu/grid%mu/g" -e "s/gridMu/grid%Mu/g" module_mosaic_gly.H > module_mosaic_gly.bb
/glade/work/rkumar/NASA_HMA/WRFchem_HMA/tools/standard.exe module_mosaic_gly.bb | /lib/cpp -P -nostdinc -traditional-cpp > module_mosaic_gly.f90
rm -f module_mosaic_gly.G module_mosaic_gly.H module_mosaic_gly.bb
time mpif90 -f90=ifort -o module_mosaic_gly.o -c -O3 -ip -fp-model precise -w -ftz -align all -fno-alias -FR -convert big_endian    -I../dyn_em -I../dyn_nmm   -I/glade/work/rkumar/NASA_HMA/WRFchem_HMA/external/esmf_time_f90  -I/glade/work/rkumar/NASA_HMA/WRFchem_HMA/main -I/glade/work/rkumar/NASA_HMA/WRFchem_HMA/external/io_netcdf -I/glade/work/rkumar/NASA_HMA/WRFchem_HMA/external/io_int -I/glade/work/rkumar/NASA_HMA/WRFchem_HMA/frame -I/glade/work/rkumar/NASA_HMA/WRFchem_HMA/share -I/glade/work/rkumar/NASA_HMA/WRFchem_HMA/phys -I/glade/work/rkumar/NASA_HMA/WRFchem_HMA/chem -I/glade/work/rkumar/NASA_HMA/WRFchem_HMA/inc -I/glade/u/apps/ch/opt/netcdf/4.8.1/intel/19.1.1//include  -real-size `expr 8 \* 4` -i4  module_mosaic_gly.f90

real	0m0.780s
user	0m0.201s
sys	0m0.509s
rm -f module_mosaic_therm.o
sed -e "s/grid%mu/gridmu/g" -e "s/grid%Mu/gridMu/g" -e "s/^\!.*'.*//" -e "s/^ *\!.*'.*//" module_mosaic_therm.F > module_mosaic_therm.G
/lib/cpp -P -nostdinc -I/glade/work/rkumar/NASA_HMA/WRFchem_HMA/inc -DEM_CORE=1 -DNMM_CORE=0 -DNMM_MAX_DIM=2600 -DCOAMPS_CORE=0 -DDA_CORE=0 -DEXP_CORE=0 -DIWORDSIZE=4 -DDWORDSIZE=8 -DRWORDSIZE=4 -DLWORDSIZE=4 -DNONSTANDARD_SYSTEM_FUNC  -DWRF_USE_CLM  -DSNICAR_FRC    -DDM_PARALLEL -DNETCDF -DUSE_ALLOCATABLES -DGRIB1 -DINTIO -DKEEP_INT_AROUND -DLIMIT_ARGS -DCONFIG_BUF_LEN=65536 -DMAX_DOMAINS_F=21 -DMAX_HISTORY=25 -DNMM_NEST=0 -DWRF_CHEM -DBUILD_CHEM=1 -DWRF_KPP -I. -traditional-cpp   module_mosaic_therm.G  > module_mosaic_therm.H
sed -e "s/gridmu/grid%mu/g" -e "s/gridMu/grid%Mu/g" module_mosaic_therm.H > module_mosaic_therm.bb
/glade/work/rkumar/NASA_HMA/WRFchem_HMA/tools/standard.exe module_mosaic_therm.bb | /lib/cpp -P -nostdinc -traditional-cpp > module_mosaic_therm.f90
rm -f module_mosaic_therm.G module_mosaic_therm.H module_mosaic_therm.bb
time mpif90 -f90=ifort -o module_mosaic_therm.o -c -O3 -ip -fp-model precise -w -ftz -align all -fno-alias -FR -convert big_endian    -I../dyn_em -I../dyn_nmm   -I/glade/work/rkumar/NASA_HMA/WRFchem_HMA/external/esmf_time_f90  -I/glade/work/rkumar/NASA_HMA/WRFchem_HMA/main -I/glade/work/rkumar/NASA_HMA/WRFchem_HMA/external/io_netcdf -I/glade/work/rkumar/NASA_HMA/WRFchem_HMA/external/io_int -I/glade/work/rkumar/NASA_HMA/WRFchem_HMA/frame -I/glade/work/rkumar/NASA_HMA/WRFchem_HMA/share -I/glade/work/rkumar/NASA_HMA/WRFchem_HMA/phys -I/glade/work/rkumar/NASA_HMA/WRFchem_HMA/chem -I/glade/work/rkumar/NASA_HMA/WRFchem_HMA/inc -I/glade/u/apps/ch/opt/netcdf/4.8.1/intel/19.1.1//include  -real-size `expr 8 \* 4` -i4  module_mosaic_therm.f90

real	0m16.708s
user	0m15.888s
sys	0m0.789s
rm -f module_phot_mad.o
sed -e "s/grid%mu/gridmu/g" -e "s/grid%Mu/gridMu/g" -e "s/^\!.*'.*//" -e "s/^ *\!.*'.*//" module_phot_mad.F > module_phot_mad.G
/lib/cpp -P -nostdinc -I/glade/work/rkumar/NASA_HMA/WRFchem_HMA/inc -DEM_CORE=1 -DNMM_CORE=0 -DNMM_MAX_DIM=2600 -DCOAMPS_CORE=0 -DDA_CORE=0 -DEXP_CORE=0 -DIWORDSIZE=4 -DDWORDSIZE=8 -DRWORDSIZE=4 -DLWORDSIZE=4 -DNONSTANDARD_SYSTEM_FUNC  -DWRF_USE_CLM  -DSNICAR_FRC    -DDM_PARALLEL -DNETCDF -DUSE_ALLOCATABLES -DGRIB1 -DINTIO -DKEEP_INT_AROUND -DLIMIT_ARGS -DCONFIG_BUF_LEN=65536 -DMAX_DOMAINS_F=21 -DMAX_HISTORY=25 -DNMM_NEST=0 -DWRF_CHEM -DBUILD_CHEM=1 -DWRF_KPP -I. -traditional-cpp   module_phot_mad.G  > module_phot_mad.H
sed -e "s/gridmu/grid%mu/g" -e "s/gridMu/grid%Mu/g" module_phot_mad.H > module_phot_mad.bb
/glade/work/rkumar/NASA_HMA/WRFchem_HMA/tools/standard.exe module_phot_mad.bb | /lib/cpp -P -nostdinc -traditional-cpp > module_phot_mad.f90
rm -f module_phot_mad.G module_phot_mad.H module_phot_mad.bb
time mpif90 -f90=ifort -o module_phot_mad.o -c -O3 -ip -fp-model precise -w -ftz -align all -fno-alias -FR -convert big_endian    -I../dyn_em -I../dyn_nmm   -I/glade/work/rkumar/NASA_HMA/WRFchem_HMA/external/esmf_time_f90  -I/glade/work/rkumar/NASA_HMA/WRFchem_HMA/main -I/glade/work/rkumar/NASA_HMA/WRFchem_HMA/external/io_netcdf -I/glade/work/rkumar/NASA_HMA/WRFchem_HMA/external/io_int -I/glade/work/rkumar/NASA_HMA/WRFchem_HMA/frame -I/glade/work/rkumar/NASA_HMA/WRFchem_HMA/share -I/glade/work/rkumar/NASA_HMA/WRFchem_HMA/phys -I/glade/work/rkumar/NASA_HMA/WRFchem_HMA/chem -I/glade/work/rkumar/NASA_HMA/WRFchem_HMA/inc -I/glade/u/apps/ch/opt/netcdf/4.8.1/intel/19.1.1//include  -real-size `expr 8 \* 4` -i4  module_phot_mad.f90

real	0m2.657s
user	0m2.059s
sys	0m0.520s
rm -f params.mod.o
sed -e "s/grid%mu/gridmu/g" -e "s/grid%Mu/gridMu/g" -e "s/^\!.*'.*//" -e "s/^ *\!.*'.*//" params.mod.F > params.mod.G
/lib/cpp -P -nostdinc -I/glade/work/rkumar/NASA_HMA/WRFchem_HMA/inc -DEM_CORE=1 -DNMM_CORE=0 -DNMM_MAX_DIM=2600 -DCOAMPS_CORE=0 -DDA_CORE=0 -DEXP_CORE=0 -DIWORDSIZE=4 -DDWORDSIZE=8 -DRWORDSIZE=4 -DLWORDSIZE=4 -DNONSTANDARD_SYSTEM_FUNC  -DWRF_USE_CLM  -DSNICAR_FRC    -DDM_PARALLEL -DNETCDF -DUSE_ALLOCATABLES -DGRIB1 -DINTIO -DKEEP_INT_AROUND -DLIMIT_ARGS -DCONFIG_BUF_LEN=65536 -DMAX_DOMAINS_F=21 -DMAX_HISTORY=25 -DNMM_NEST=0 -DWRF_CHEM -DBUILD_CHEM=1 -DWRF_KPP -I. -traditional-cpp   params.mod.G  > params.mod.H
sed -e "s/gridmu/grid%mu/g" -e "s/gridMu/grid%Mu/g" params.mod.H > params.mod.bb
/glade/work/rkumar/NASA_HMA/WRFchem_HMA/tools/standard.exe params.mod.bb | /lib/cpp -P -nostdinc -traditional-cpp > params.mod.f90
rm -f params.mod.G params.mod.H params.mod.bb
time mpif90 -f90=ifort -o params.mod.o -c -O3 -ip -fp-model precise -w -ftz -align all -fno-alias -FR -convert big_endian    -I../dyn_em -I../dyn_nmm   -I/glade/work/rkumar/NASA_HMA/WRFchem_HMA/external/esmf_time_f90  -I/glade/work/rkumar/NASA_HMA/WRFchem_HMA/main -I/glade/work/rkumar/NASA_HMA/WRFchem_HMA/external/io_netcdf -I/glade/work/rkumar/NASA_HMA/WRFchem_HMA/external/io_int -I/glade/work/rkumar/NASA_HMA/WRFchem_HMA/frame -I/glade/work/rkumar/NASA_HMA/WRFchem_HMA/share -I/glade/work/rkumar/NASA_HMA/WRFchem_HMA/phys -I/glade/work/rkumar/NASA_HMA/WRFchem_HMA/chem -I/glade/work/rkumar/NASA_HMA/WRFchem_HMA/inc -I/glade/u/apps/ch/opt/netcdf/4.8.1/intel/19.1.1//include  -real-size `expr 8 \* 4` -i4  params.mod.f90

real	0m0.553s
user	0m0.035s
sys	0m0.462s
rm -f numer.o
sed -e "s/grid%mu/gridmu/g" -e "s/grid%Mu/gridMu/g" -e "s/^\!.*'.*//" -e "s/^ *\!.*'.*//" numer.F > numer.G
/lib/cpp -P -nostdinc -I/glade/work/rkumar/NASA_HMA/WRFchem_HMA/inc -DEM_CORE=1 -DNMM_CORE=0 -DNMM_MAX_DIM=2600 -DCOAMPS_CORE=0 -DDA_CORE=0 -DEXP_CORE=0 -DIWORDSIZE=4 -DDWORDSIZE=8 -DRWORDSIZE=4 -DLWORDSIZE=4 -DNONSTANDARD_SYSTEM_FUNC  -DWRF_USE_CLM  -DSNICAR_FRC    -DDM_PARALLEL -DNETCDF -DUSE_ALLOCATABLES -DGRIB1 -DINTIO -DKEEP_INT_AROUND -DLIMIT_ARGS -DCONFIG_BUF_LEN=65536 -DMAX_DOMAINS_F=21 -DMAX_HISTORY=25 -DNMM_NEST=0 -DWRF_CHEM -DBUILD_CHEM=1 -DWRF_KPP -I. -traditional-cpp   numer.G  > numer.H
sed -e "s/gridmu/grid%mu/g" -e "s/gridMu/grid%Mu/g" numer.H > numer.bb
/glade/work/rkumar/NASA_HMA/WRFchem_HMA/tools/standard.exe numer.bb | /lib/cpp -P -nostdinc -traditional-cpp > numer.f90
rm -f numer.G numer.H numer.bb
time mpif90 -f90=ifort -o numer.o -c -O3 -ip -fp-model precise -w -ftz -align all -fno-alias -FR -convert big_endian    -I../dyn_em -I../dyn_nmm   -I/glade/work/rkumar/NASA_HMA/WRFchem_HMA/external/esmf_time_f90  -I/glade/work/rkumar/NASA_HMA/WRFchem_HMA/main -I/glade/work/rkumar/NASA_HMA/WRFchem_HMA/external/io_netcdf -I/glade/work/rkumar/NASA_HMA/WRFchem_HMA/external/io_int -I/glade/work/rkumar/NASA_HMA/WRFchem_HMA/frame -I/glade/work/rkumar/NASA_HMA/WRFchem_HMA/share -I/glade/work/rkumar/NASA_HMA/WRFchem_HMA/phys -I/glade/work/rkumar/NASA_HMA/WRFchem_HMA/chem -I/glade/work/rkumar/NASA_HMA/WRFchem_HMA/inc -I/glade/u/apps/ch/opt/netcdf/4.8.1/intel/19.1.1//include  -real-size `expr 8 \* 4` -i4  numer.f90

real	0m0.656s
user	0m0.152s
sys	0m0.443s
rm -f rdxs.o
sed -e "s/grid%mu/gridmu/g" -e "s/grid%Mu/gridMu/g" -e "s/^\!.*'.*//" -e "s/^ *\!.*'.*//" rdxs.F > rdxs.G
/lib/cpp -P -nostdinc -I/glade/work/rkumar/NASA_HMA/WRFchem_HMA/inc -DEM_CORE=1 -DNMM_CORE=0 -DNMM_MAX_DIM=2600 -DCOAMPS_CORE=0 -DDA_CORE=0 -DEXP_CORE=0 -DIWORDSIZE=4 -DDWORDSIZE=8 -DRWORDSIZE=4 -DLWORDSIZE=4 -DNONSTANDARD_SYSTEM_FUNC  -DWRF_USE_CLM  -DSNICAR_FRC    -DDM_PARALLEL -DNETCDF -DUSE_ALLOCATABLES -DGRIB1 -DINTIO -DKEEP_INT_AROUND -DLIMIT_ARGS -DCONFIG_BUF_LEN=65536 -DMAX_DOMAINS_F=21 -DMAX_HISTORY=25 -DNMM_NEST=0 -DWRF_CHEM -DBUILD_CHEM=1 -DWRF_KPP -I. -traditional-cpp   rdxs.G  > rdxs.H
sed -e "s/gridmu/grid%mu/g" -e "s/gridMu/grid%Mu/g" rdxs.H > rdxs.bb
/glade/work/rkumar/NASA_HMA/WRFchem_HMA/tools/standard.exe rdxs.bb | /lib/cpp -P -nostdinc -traditional-cpp > rdxs.f90
rm -f rdxs.G rdxs.H rdxs.bb
time mpif90 -f90=ifort -o rdxs.o -c -O3 -ip -fp-model precise -w -ftz -align all -fno-alias -FR -convert big_endian    -I../dyn_em -I../dyn_nmm   -I/glade/work/rkumar/NASA_HMA/WRFchem_HMA/external/esmf_time_f90  -I/glade/work/rkumar/NASA_HMA/WRFchem_HMA/main -I/glade/work/rkumar/NASA_HMA/WRFchem_HMA/external/io_netcdf -I/glade/work/rkumar/NASA_HMA/WRFchem_HMA/external/io_int -I/glade/work/rkumar/NASA_HMA/WRFchem_HMA/frame -I/glade/work/rkumar/NASA_HMA/WRFchem_HMA/share -I/glade/work/rkumar/NASA_HMA/WRFchem_HMA/phys -I/glade/work/rkumar/NASA_HMA/WRFchem_HMA/chem -I/glade/work/rkumar/NASA_HMA/WRFchem_HMA/inc -I/glade/u/apps/ch/opt/netcdf/4.8.1/intel/19.1.1//include  -real-size `expr 8 \* 4` -i4  rdxs.f90

real	0m1.423s
user	0m0.916s
sys	0m0.452s
rm -f rxn.o
sed -e "s/grid%mu/gridmu/g" -e "s/grid%Mu/gridMu/g" -e "s/^\!.*'.*//" -e "s/^ *\!.*'.*//" rxn.F > rxn.G
/lib/cpp -P -nostdinc -I/glade/work/rkumar/NASA_HMA/WRFchem_HMA/inc -DEM_CORE=1 -DNMM_CORE=0 -DNMM_MAX_DIM=2600 -DCOAMPS_CORE=0 -DDA_CORE=0 -DEXP_CORE=0 -DIWORDSIZE=4 -DDWORDSIZE=8 -DRWORDSIZE=4 -DLWORDSIZE=4 -DNONSTANDARD_SYSTEM_FUNC  -DWRF_USE_CLM  -DSNICAR_FRC    -DDM_PARALLEL -DNETCDF -DUSE_ALLOCATABLES -DGRIB1 -DINTIO -DKEEP_INT_AROUND -DLIMIT_ARGS -DCONFIG_BUF_LEN=65536 -DMAX_DOMAINS_F=21 -DMAX_HISTORY=25 -DNMM_NEST=0 -DWRF_CHEM -DBUILD_CHEM=1 -DWRF_KPP -I. -traditional-cpp   rxn.G  > rxn.H
sed -e "s/gridmu/grid%mu/g" -e "s/gridMu/grid%Mu/g" rxn.H > rxn.bb
/glade/work/rkumar/NASA_HMA/WRFchem_HMA/tools/standard.exe rxn.bb | /lib/cpp -P -nostdinc -traditional-cpp > rxn.f90
rm -f rxn.G rxn.H rxn.bb
time mpif90 -f90=ifort -o rxn.o -c -O3 -ip -fp-model precise -w -ftz -align all -fno-alias -FR -convert big_endian    -I../dyn_em -I../dyn_nmm   -I/glade/work/rkumar/NASA_HMA/WRFchem_HMA/external/esmf_time_f90  -I/glade/work/rkumar/NASA_HMA/WRFchem_HMA/main -I/glade/work/rkumar/NASA_HMA/WRFchem_HMA/external/io_netcdf -I/glade/work/rkumar/NASA_HMA/WRFchem_HMA/external/io_int -I/glade/work/rkumar/NASA_HMA/WRFchem_HMA/frame -I/glade/work/rkumar/NASA_HMA/WRFchem_HMA/share -I/glade/work/rkumar/NASA_HMA/WRFchem_HMA/phys -I/glade/work/rkumar/NASA_HMA/WRFchem_HMA/chem -I/glade/work/rkumar/NASA_HMA/WRFchem_HMA/inc -I/glade/u/apps/ch/opt/netcdf/4.8.1/intel/19.1.1//include  -real-size `expr 8 \* 4` -i4  rxn.f90

real	0m8.546s
user	0m7.913s
sys	0m0.598s
rm -f params_mod.o
sed -e "s/grid%mu/gridmu/g" -e "s/grid%Mu/gridMu/g" -e "s/^\!.*'.*//" -e "s/^ *\!.*'.*//" params_mod.F > params_mod.G
/lib/cpp -P -nostdinc -I/glade/work/rkumar/NASA_HMA/WRFchem_HMA/inc -DEM_CORE=1 -DNMM_CORE=0 -DNMM_MAX_DIM=2600 -DCOAMPS_CORE=0 -DDA_CORE=0 -DEXP_CORE=0 -DIWORDSIZE=4 -DDWORDSIZE=8 -DRWORDSIZE=4 -DLWORDSIZE=4 -DNONSTANDARD_SYSTEM_FUNC  -DWRF_USE_CLM  -DSNICAR_FRC    -DDM_PARALLEL -DNETCDF -DUSE_ALLOCATABLES -DGRIB1 -DINTIO -DKEEP_INT_AROUND -DLIMIT_ARGS -DCONFIG_BUF_LEN=65536 -DMAX_DOMAINS_F=21 -DMAX_HISTORY=25 -DNMM_NEST=0 -DWRF_CHEM -DBUILD_CHEM=1 -DWRF_KPP -I. -traditional-cpp   params_mod.G  > params_mod.H
sed -e "s/gridmu/grid%mu/g" -e "s/gridMu/grid%Mu/g" params_mod.H > params_mod.bb
/glade/work/rkumar/NASA_HMA/WRFchem_HMA/tools/standard.exe params_mod.bb | /lib/cpp -P -nostdinc -traditional-cpp > params_mod.f90
rm -f params_mod.G params_mod.H params_mod.bb
time mpif90 -f90=ifort -o params_mod.o -c -O3 -ip -fp-model precise -w -ftz -align all -fno-alias -FR -convert big_endian    -I../dyn_em -I../dyn_nmm   -I/glade/work/rkumar/NASA_HMA/WRFchem_HMA/external/esmf_time_f90  -I/glade/work/rkumar/NASA_HMA/WRFchem_HMA/main -I/glade/work/rkumar/NASA_HMA/WRFchem_HMA/external/io_netcdf -I/glade/work/rkumar/NASA_HMA/WRFchem_HMA/external/io_int -I/glade/work/rkumar/NASA_HMA/WRFchem_HMA/frame -I/glade/work/rkumar/NASA_HMA/WRFchem_HMA/share -I/glade/work/rkumar/NASA_HMA/WRFchem_HMA/phys -I/glade/work/rkumar/NASA_HMA/WRFchem_HMA/chem -I/glade/work/rkumar/NASA_HMA/WRFchem_HMA/inc -I/glade/u/apps/ch/opt/netcdf/4.8.1/intel/19.1.1//include  -real-size `expr 8 \* 4` -i4  params_mod.f90

real	0m0.589s
user	0m0.041s
sys	0m0.526s
rm -f la_srb.o
sed -e "s/grid%mu/gridmu/g" -e "s/grid%Mu/gridMu/g" -e "s/^\!.*'.*//" -e "s/^ *\!.*'.*//" la_srb.F > la_srb.G
/lib/cpp -P -nostdinc -I/glade/work/rkumar/NASA_HMA/WRFchem_HMA/inc -DEM_CORE=1 -DNMM_CORE=0 -DNMM_MAX_DIM=2600 -DCOAMPS_CORE=0 -DDA_CORE=0 -DEXP_CORE=0 -DIWORDSIZE=4 -DDWORDSIZE=8 -DRWORDSIZE=4 -DLWORDSIZE=4 -DNONSTANDARD_SYSTEM_FUNC  -DWRF_USE_CLM  -DSNICAR_FRC    -DDM_PARALLEL -DNETCDF -DUSE_ALLOCATABLES -DGRIB1 -DINTIO -DKEEP_INT_AROUND -DLIMIT_ARGS -DCONFIG_BUF_LEN=65536 -DMAX_DOMAINS_F=21 -DMAX_HISTORY=25 -DNMM_NEST=0 -DWRF_CHEM -DBUILD_CHEM=1 -DWRF_KPP -I. -traditional-cpp   la_srb.G  > la_srb.H
sed -e "s/gridmu/grid%mu/g" -e "s/gridMu/grid%Mu/g" la_srb.H > la_srb.bb
/glade/work/rkumar/NASA_HMA/WRFchem_HMA/tools/standard.exe la_srb.bb | /lib/cpp -P -nostdinc -traditional-cpp > la_srb.f90
rm -f la_srb.G la_srb.H la_srb.bb
time mpif90 -f90=ifort -o la_srb.o -c -O3 -ip -fp-model precise -w -ftz -align all -fno-alias -FR -convert big_endian    -I../dyn_em -I../dyn_nmm   -I/glade/work/rkumar/NASA_HMA/WRFchem_HMA/external/esmf_time_f90  -I/glade/work/rkumar/NASA_HMA/WRFchem_HMA/main -I/glade/work/rkumar/NASA_HMA/WRFchem_HMA/external/io_netcdf -I/glade/work/rkumar/NASA_HMA/WRFchem_HMA/external/io_int -I/glade/work/rkumar/NASA_HMA/WRFchem_HMA/frame -I/glade/work/rkumar/NASA_HMA/WRFchem_HMA/share -I/glade/work/rkumar/NASA_HMA/WRFchem_HMA/phys -I/glade/work/rkumar/NASA_HMA/WRFchem_HMA/chem -I/glade/work/rkumar/NASA_HMA/WRFchem_HMA/inc -I/glade/u/apps/ch/opt/netcdf/4.8.1/intel/19.1.1//include  -real-size `expr 8 \* 4` -i4  la_srb.f90

real	0m1.212s
user	0m0.670s
sys	0m0.479s
rm -f rtrans.o
sed -e "s/grid%mu/gridmu/g" -e "s/grid%Mu/gridMu/g" -e "s/^\!.*'.*//" -e "s/^ *\!.*'.*//" rtrans.F > rtrans.G
/lib/cpp -P -nostdinc -I/glade/work/rkumar/NASA_HMA/WRFchem_HMA/inc -DEM_CORE=1 -DNMM_CORE=0 -DNMM_MAX_DIM=2600 -DCOAMPS_CORE=0 -DDA_CORE=0 -DEXP_CORE=0 -DIWORDSIZE=4 -DDWORDSIZE=8 -DRWORDSIZE=4 -DLWORDSIZE=4 -DNONSTANDARD_SYSTEM_FUNC  -DWRF_USE_CLM  -DSNICAR_FRC    -DDM_PARALLEL -DNETCDF -DUSE_ALLOCATABLES -DGRIB1 -DINTIO -DKEEP_INT_AROUND -DLIMIT_ARGS -DCONFIG_BUF_LEN=65536 -DMAX_DOMAINS_F=21 -DMAX_HISTORY=25 -DNMM_NEST=0 -DWRF_CHEM -DBUILD_CHEM=1 -DWRF_KPP -I. -traditional-cpp   rtrans.G  > rtrans.H
sed -e "s/gridmu/grid%mu/g" -e "s/gridMu/grid%Mu/g" rtrans.H > rtrans.bb
/glade/work/rkumar/NASA_HMA/WRFchem_HMA/tools/standard.exe rtrans.bb | /lib/cpp -P -nostdinc -traditional-cpp > rtrans.f90
rm -f rtrans.G rtrans.H rtrans.bb
time mpif90 -f90=ifort -o rtrans.o -c -O3 -ip -fp-model precise -w -ftz -align all -fno-alias -FR -convert big_endian    -I../dyn_em -I../dyn_nmm   -I/glade/work/rkumar/NASA_HMA/WRFchem_HMA/external/esmf_time_f90  -I/glade/work/rkumar/NASA_HMA/WRFchem_HMA/main -I/glade/work/rkumar/NASA_HMA/WRFchem_HMA/external/io_netcdf -I/glade/work/rkumar/NASA_HMA/WRFchem_HMA/external/io_int -I/glade/work/rkumar/NASA_HMA/WRFchem_HMA/frame -I/glade/work/rkumar/NASA_HMA/WRFchem_HMA/share -I/glade/work/rkumar/NASA_HMA/WRFchem_HMA/phys -I/glade/work/rkumar/NASA_HMA/WRFchem_HMA/chem -I/glade/work/rkumar/NASA_HMA/WRFchem_HMA/inc -I/glade/u/apps/ch/opt/netcdf/4.8.1/intel/19.1.1//include  -real-size `expr 8 \* 4` -i4  rtrans.f90

real	0m1.210s
user	0m0.634s
sys	0m0.490s
rm -f module_subs_tuv.o
sed -e "s/grid%mu/gridmu/g" -e "s/grid%Mu/gridMu/g" -e "s/^\!.*'.*//" -e "s/^ *\!.*'.*//" module_subs_tuv.F > module_subs_tuv.G
/lib/cpp -P -nostdinc -I/glade/work/rkumar/NASA_HMA/WRFchem_HMA/inc -DEM_CORE=1 -DNMM_CORE=0 -DNMM_MAX_DIM=2600 -DCOAMPS_CORE=0 -DDA_CORE=0 -DEXP_CORE=0 -DIWORDSIZE=4 -DDWORDSIZE=8 -DRWORDSIZE=4 -DLWORDSIZE=4 -DNONSTANDARD_SYSTEM_FUNC  -DWRF_USE_CLM  -DSNICAR_FRC    -DDM_PARALLEL -DNETCDF -DUSE_ALLOCATABLES -DGRIB1 -DINTIO -DKEEP_INT_AROUND -DLIMIT_ARGS -DCONFIG_BUF_LEN=65536 -DMAX_DOMAINS_F=21 -DMAX_HISTORY=25 -DNMM_NEST=0 -DWRF_CHEM -DBUILD_CHEM=1 -DWRF_KPP -I. -traditional-cpp   module_subs_tuv.G  > module_subs_tuv.H
sed -e "s/gridmu/grid%mu/g" -e "s/gridMu/grid%Mu/g" module_subs_tuv.H > module_subs_tuv.bb
/glade/work/rkumar/NASA_HMA/WRFchem_HMA/tools/standard.exe module_subs_tuv.bb | /lib/cpp -P -nostdinc -traditional-cpp > module_subs_tuv.f90
rm -f module_subs_tuv.G module_subs_tuv.H module_subs_tuv.bb
time mpif90 -f90=ifort -o module_subs_tuv.o -c -O3 -ip -fp-model precise -w -ftz -align all -fno-alias -FR -convert big_endian    -I../dyn_em -I../dyn_nmm   -I/glade/work/rkumar/NASA_HMA/WRFchem_HMA/external/esmf_time_f90  -I/glade/work/rkumar/NASA_HMA/WRFchem_HMA/main -I/glade/work/rkumar/NASA_HMA/WRFchem_HMA/external/io_netcdf -I/glade/work/rkumar/NASA_HMA/WRFchem_HMA/external/io_int -I/glade/work/rkumar/NASA_HMA/WRFchem_HMA/frame -I/glade/work/rkumar/NASA_HMA/WRFchem_HMA/share -I/glade/work/rkumar/NASA_HMA/WRFchem_HMA/phys -I/glade/work/rkumar/NASA_HMA/WRFchem_HMA/chem -I/glade/work/rkumar/NASA_HMA/WRFchem_HMA/inc -I/glade/u/apps/ch/opt/netcdf/4.8.1/intel/19.1.1//include  -real-size `expr 8 \* 4` -i4  module_subs_tuv.f90

real	0m1.779s
user	0m1.263s
sys	0m0.446s
rm -f module_phot_tuv.o
sed -e "s/grid%mu/gridmu/g" -e "s/grid%Mu/gridMu/g" -e "s/^\!.*'.*//" -e "s/^ *\!.*'.*//" module_phot_tuv.F > module_phot_tuv.G
/lib/cpp -P -nostdinc -I/glade/work/rkumar/NASA_HMA/WRFchem_HMA/inc -DEM_CORE=1 -DNMM_CORE=0 -DNMM_MAX_DIM=2600 -DCOAMPS_CORE=0 -DDA_CORE=0 -DEXP_CORE=0 -DIWORDSIZE=4 -DDWORDSIZE=8 -DRWORDSIZE=4 -DLWORDSIZE=4 -DNONSTANDARD_SYSTEM_FUNC  -DWRF_USE_CLM  -DSNICAR_FRC    -DDM_PARALLEL -DNETCDF -DUSE_ALLOCATABLES -DGRIB1 -DINTIO -DKEEP_INT_AROUND -DLIMIT_ARGS -DCONFIG_BUF_LEN=65536 -DMAX_DOMAINS_F=21 -DMAX_HISTORY=25 -DNMM_NEST=0 -DWRF_CHEM -DBUILD_CHEM=1 -DWRF_KPP -I. -traditional-cpp   module_phot_tuv.G  > module_phot_tuv.H
sed -e "s/gridmu/grid%mu/g" -e "s/gridMu/grid%Mu/g" module_phot_tuv.H > module_phot_tuv.bb
/glade/work/rkumar/NASA_HMA/WRFchem_HMA/tools/standard.exe module_phot_tuv.bb | /lib/cpp -P -nostdinc -traditional-cpp > module_phot_tuv.f90
rm -f module_phot_tuv.G module_phot_tuv.H module_phot_tuv.bb
time mpif90 -f90=ifort -o module_phot_tuv.o -c -O3 -ip -fp-model precise -w -ftz -align all -fno-alias -FR -convert big_endian    -I../dyn_em -I../dyn_nmm   -I/glade/work/rkumar/NASA_HMA/WRFchem_HMA/external/esmf_time_f90  -I/glade/work/rkumar/NASA_HMA/WRFchem_HMA/main -I/glade/work/rkumar/NASA_HMA/WRFchem_HMA/external/io_netcdf -I/glade/work/rkumar/NASA_HMA/WRFchem_HMA/external/io_int -I/glade/work/rkumar/NASA_HMA/WRFchem_HMA/frame -I/glade/work/rkumar/NASA_HMA/WRFchem_HMA/share -I/glade/work/rkumar/NASA_HMA/WRFchem_HMA/phys -I/glade/work/rkumar/NASA_HMA/WRFchem_HMA/chem -I/glade/work/rkumar/NASA_HMA/WRFchem_HMA/inc -I/glade/u/apps/ch/opt/netcdf/4.8.1/intel/19.1.1//include  -real-size `expr 8 \* 4` -i4  module_phot_tuv.f90

real	0m25.752s
user	0m24.898s
sys	0m0.767s
rm -f module_sorgam_aqchem.o
sed -e "s/grid%mu/gridmu/g" -e "s/grid%Mu/gridMu/g" -e "s/^\!.*'.*//" -e "s/^ *\!.*'.*//" module_sorgam_aqchem.F > module_sorgam_aqchem.G
/lib/cpp -P -nostdinc -I/glade/work/rkumar/NASA_HMA/WRFchem_HMA/inc -DEM_CORE=1 -DNMM_CORE=0 -DNMM_MAX_DIM=2600 -DCOAMPS_CORE=0 -DDA_CORE=0 -DEXP_CORE=0 -DIWORDSIZE=4 -DDWORDSIZE=8 -DRWORDSIZE=4 -DLWORDSIZE=4 -DNONSTANDARD_SYSTEM_FUNC  -DWRF_USE_CLM  -DSNICAR_FRC    -DDM_PARALLEL -DNETCDF -DUSE_ALLOCATABLES -DGRIB1 -DINTIO -DKEEP_INT_AROUND -DLIMIT_ARGS -DCONFIG_BUF_LEN=65536 -DMAX_DOMAINS_F=21 -DMAX_HISTORY=25 -DNMM_NEST=0 -DWRF_CHEM -DBUILD_CHEM=1 -DWRF_KPP -I. -traditional-cpp   module_sorgam_aqchem.G  > module_sorgam_aqchem.H
sed -e "s/gridmu/grid%mu/g" -e "s/gridMu/grid%Mu/g" module_sorgam_aqchem.H > module_sorgam_aqchem.bb
/glade/work/rkumar/NASA_HMA/WRFchem_HMA/tools/standard.exe module_sorgam_aqchem.bb | /lib/cpp -P -nostdinc -traditional-cpp > module_sorgam_aqchem.f90
rm -f module_sorgam_aqchem.G module_sorgam_aqchem.H module_sorgam_aqchem.bb
time mpif90 -f90=ifort -o module_sorgam_aqchem.o -c -O3 -ip -fp-model precise -w -ftz -align all -fno-alias -FR -convert big_endian    -I../dyn_em -I../dyn_nmm   -I/glade/work/rkumar/NASA_HMA/WRFchem_HMA/external/esmf_time_f90  -I/glade/work/rkumar/NASA_HMA/WRFchem_HMA/main -I/glade/work/rkumar/NASA_HMA/WRFchem_HMA/external/io_netcdf -I/glade/work/rkumar/NASA_HMA/WRFchem_HMA/external/io_int -I/glade/work/rkumar/NASA_HMA/WRFchem_HMA/frame -I/glade/work/rkumar/NASA_HMA/WRFchem_HMA/share -I/glade/work/rkumar/NASA_HMA/WRFchem_HMA/phys -I/glade/work/rkumar/NASA_HMA/WRFchem_HMA/chem -I/glade/work/rkumar/NASA_HMA/WRFchem_HMA/inc -I/glade/u/apps/ch/opt/netcdf/4.8.1/intel/19.1.1//include  -real-size `expr 8 \* 4` -i4  module_sorgam_aqchem.f90

real	0m1.112s
user	0m0.498s
sys	0m0.514s
rm -f module_sorgam_vbs_aqchem.o
sed -e "s/grid%mu/gridmu/g" -e "s/grid%Mu/gridMu/g" -e "s/^\!.*'.*//" -e "s/^ *\!.*'.*//" module_sorgam_vbs_aqchem.F > module_sorgam_vbs_aqchem.G
/lib/cpp -P -nostdinc -I/glade/work/rkumar/NASA_HMA/WRFchem_HMA/inc -DEM_CORE=1 -DNMM_CORE=0 -DNMM_MAX_DIM=2600 -DCOAMPS_CORE=0 -DDA_CORE=0 -DEXP_CORE=0 -DIWORDSIZE=4 -DDWORDSIZE=8 -DRWORDSIZE=4 -DLWORDSIZE=4 -DNONSTANDARD_SYSTEM_FUNC  -DWRF_USE_CLM  -DSNICAR_FRC    -DDM_PARALLEL -DNETCDF -DUSE_ALLOCATABLES -DGRIB1 -DINTIO -DKEEP_INT_AROUND -DLIMIT_ARGS -DCONFIG_BUF_LEN=65536 -DMAX_DOMAINS_F=21 -DMAX_HISTORY=25 -DNMM_NEST=0 -DWRF_CHEM -DBUILD_CHEM=1 -DWRF_KPP -I. -traditional-cpp   module_sorgam_vbs_aqchem.G  > module_sorgam_vbs_aqchem.H
sed -e "s/gridmu/grid%mu/g" -e "s/gridMu/grid%Mu/g" module_sorgam_vbs_aqchem.H > module_sorgam_vbs_aqchem.bb
/glade/work/rkumar/NASA_HMA/WRFchem_HMA/tools/standard.exe module_sorgam_vbs_aqchem.bb | /lib/cpp -P -nostdinc -traditional-cpp > module_sorgam_vbs_aqchem.f90
rm -f module_sorgam_vbs_aqchem.G module_sorgam_vbs_aqchem.H module_sorgam_vbs_aqchem.bb
time mpif90 -f90=ifort -o module_sorgam_vbs_aqchem.o -c -O3 -ip -fp-model precise -w -ftz -align all -fno-alias -FR -convert big_endian    -I../dyn_em -I../dyn_nmm   -I/glade/work/rkumar/NASA_HMA/WRFchem_HMA/external/esmf_time_f90  -I/glade/work/rkumar/NASA_HMA/WRFchem_HMA/main -I/glade/work/rkumar/NASA_HMA/WRFchem_HMA/external/io_netcdf -I/glade/work/rkumar/NASA_HMA/WRFchem_HMA/external/io_int -I/glade/work/rkumar/NASA_HMA/WRFchem_HMA/frame -I/glade/work/rkumar/NASA_HMA/WRFchem_HMA/share -I/glade/work/rkumar/NASA_HMA/WRFchem_HMA/phys -I/glade/work/rkumar/NASA_HMA/WRFchem_HMA/chem -I/glade/work/rkumar/NASA_HMA/WRFchem_HMA/inc -I/glade/u/apps/ch/opt/netcdf/4.8.1/intel/19.1.1//include  -real-size `expr 8 \* 4` -i4  module_sorgam_vbs_aqchem.f90

real	0m0.878s
user	0m0.343s
sys	0m0.466s
rm -f module_aerosols_sorgam_vbs.o
sed -e "s/grid%mu/gridmu/g" -e "s/grid%Mu/gridMu/g" -e "s/^\!.*'.*//" -e "s/^ *\!.*'.*//" module_aerosols_sorgam_vbs.F > module_aerosols_sorgam_vbs.G
/lib/cpp -P -nostdinc -I/glade/work/rkumar/NASA_HMA/WRFchem_HMA/inc -DEM_CORE=1 -DNMM_CORE=0 -DNMM_MAX_DIM=2600 -DCOAMPS_CORE=0 -DDA_CORE=0 -DEXP_CORE=0 -DIWORDSIZE=4 -DDWORDSIZE=8 -DRWORDSIZE=4 -DLWORDSIZE=4 -DNONSTANDARD_SYSTEM_FUNC  -DWRF_USE_CLM  -DSNICAR_FRC    -DDM_PARALLEL -DNETCDF -DUSE_ALLOCATABLES -DGRIB1 -DINTIO -DKEEP_INT_AROUND -DLIMIT_ARGS -DCONFIG_BUF_LEN=65536 -DMAX_DOMAINS_F=21 -DMAX_HISTORY=25 -DNMM_NEST=0 -DWRF_CHEM -DBUILD_CHEM=1 -DWRF_KPP -I. -traditional-cpp   module_aerosols_sorgam_vbs.G  > module_aerosols_sorgam_vbs.H
sed -e "s/gridmu/grid%mu/g" -e "s/gridMu/grid%Mu/g" module_aerosols_sorgam_vbs.H > module_aerosols_sorgam_vbs.bb
/glade/work/rkumar/NASA_HMA/WRFchem_HMA/tools/standard.exe module_aerosols_sorgam_vbs.bb | /lib/cpp -P -nostdinc -traditional-cpp > module_aerosols_sorgam_vbs.f90
rm -f module_aerosols_sorgam_vbs.G module_aerosols_sorgam_vbs.H module_aerosols_sorgam_vbs.bb
time mpif90 -f90=ifort -o module_aerosols_sorgam_vbs.o -c -O3 -ip -fp-model precise -w -ftz -align all -fno-alias -FR -convert big_endian    -I../dyn_em -I../dyn_nmm   -I/glade/work/rkumar/NASA_HMA/WRFchem_HMA/external/esmf_time_f90  -I/glade/work/rkumar/NASA_HMA/WRFchem_HMA/main -I/glade/work/rkumar/NASA_HMA/WRFchem_HMA/external/io_netcdf -I/glade/work/rkumar/NASA_HMA/WRFchem_HMA/external/io_int -I/glade/work/rkumar/NASA_HMA/WRFchem_HMA/frame -I/glade/work/rkumar/NASA_HMA/WRFchem_HMA/share -I/glade/work/rkumar/NASA_HMA/WRFchem_HMA/phys -I/glade/work/rkumar/NASA_HMA/WRFchem_HMA/chem -I/glade/work/rkumar/NASA_HMA/WRFchem_HMA/inc -I/glade/u/apps/ch/opt/netcdf/4.8.1/intel/19.1.1//include  -real-size `expr 8 \* 4` -i4  module_aerosols_sorgam_vbs.f90

real	0m8.620s
user	0m7.938s
sys	0m0.655s
rm -f module_bioemi_megan2.o
sed -e "s/grid%mu/gridmu/g" -e "s/grid%Mu/gridMu/g" -e "s/^\!.*'.*//" -e "s/^ *\!.*'.*//" module_bioemi_megan2.F > module_bioemi_megan2.G
/lib/cpp -P -nostdinc -I/glade/work/rkumar/NASA_HMA/WRFchem_HMA/inc -DEM_CORE=1 -DNMM_CORE=0 -DNMM_MAX_DIM=2600 -DCOAMPS_CORE=0 -DDA_CORE=0 -DEXP_CORE=0 -DIWORDSIZE=4 -DDWORDSIZE=8 -DRWORDSIZE=4 -DLWORDSIZE=4 -DNONSTANDARD_SYSTEM_FUNC  -DWRF_USE_CLM  -DSNICAR_FRC    -DDM_PARALLEL -DNETCDF -DUSE_ALLOCATABLES -DGRIB1 -DINTIO -DKEEP_INT_AROUND -DLIMIT_ARGS -DCONFIG_BUF_LEN=65536 -DMAX_DOMAINS_F=21 -DMAX_HISTORY=25 -DNMM_NEST=0 -DWRF_CHEM -DBUILD_CHEM=1 -DWRF_KPP -I. -traditional-cpp   module_bioemi_megan2.G  > module_bioemi_megan2.H
sed -e "s/gridmu/grid%mu/g" -e "s/gridMu/grid%Mu/g" module_bioemi_megan2.H > module_bioemi_megan2.bb
/glade/work/rkumar/NASA_HMA/WRFchem_HMA/tools/standard.exe module_bioemi_megan2.bb | /lib/cpp -P -nostdinc -traditional-cpp > module_bioemi_megan2.f90
rm -f module_bioemi_megan2.G module_bioemi_megan2.H module_bioemi_megan2.bb
time mpif90 -f90=ifort -o module_bioemi_megan2.o -c -O3 -ip -fp-model precise -w -ftz -align all -fno-alias -FR -convert big_endian    -I../dyn_em -I../dyn_nmm   -I/glade/work/rkumar/NASA_HMA/WRFchem_HMA/external/esmf_time_f90  -I/glade/work/rkumar/NASA_HMA/WRFchem_HMA/main -I/glade/work/rkumar/NASA_HMA/WRFchem_HMA/external/io_netcdf -I/glade/work/rkumar/NASA_HMA/WRFchem_HMA/external/io_int -I/glade/work/rkumar/NASA_HMA/WRFchem_HMA/frame -I/glade/work/rkumar/NASA_HMA/WRFchem_HMA/share -I/glade/work/rkumar/NASA_HMA/WRFchem_HMA/phys -I/glade/work/rkumar/NASA_HMA/WRFchem_HMA/chem -I/glade/work/rkumar/NASA_HMA/WRFchem_HMA/inc -I/glade/u/apps/ch/opt/netcdf/4.8.1/intel/19.1.1//include  -real-size `expr 8 \* 4` -i4  module_bioemi_megan2.f90

real	0m5.897s
user	0m5.224s
sys	0m0.633s
rm -f module_bioemi_simple.o
sed -e "s/grid%mu/gridmu/g" -e "s/grid%Mu/gridMu/g" -e "s/^\!.*'.*//" -e "s/^ *\!.*'.*//" module_bioemi_simple.F > module_bioemi_simple.G
/lib/cpp -P -nostdinc -I/glade/work/rkumar/NASA_HMA/WRFchem_HMA/inc -DEM_CORE=1 -DNMM_CORE=0 -DNMM_MAX_DIM=2600 -DCOAMPS_CORE=0 -DDA_CORE=0 -DEXP_CORE=0 -DIWORDSIZE=4 -DDWORDSIZE=8 -DRWORDSIZE=4 -DLWORDSIZE=4 -DNONSTANDARD_SYSTEM_FUNC  -DWRF_USE_CLM  -DSNICAR_FRC    -DDM_PARALLEL -DNETCDF -DUSE_ALLOCATABLES -DGRIB1 -DINTIO -DKEEP_INT_AROUND -DLIMIT_ARGS -DCONFIG_BUF_LEN=65536 -DMAX_DOMAINS_F=21 -DMAX_HISTORY=25 -DNMM_NEST=0 -DWRF_CHEM -DBUILD_CHEM=1 -DWRF_KPP -I. -traditional-cpp   module_bioemi_simple.G  > module_bioemi_simple.H
sed -e "s/gridmu/grid%mu/g" -e "s/gridMu/grid%Mu/g" module_bioemi_simple.H > module_bioemi_simple.bb
/glade/work/rkumar/NASA_HMA/WRFchem_HMA/tools/standard.exe module_bioemi_simple.bb | /lib/cpp -P -nostdinc -traditional-cpp > module_bioemi_simple.f90
rm -f module_bioemi_simple.G module_bioemi_simple.H module_bioemi_simple.bb
time mpif90 -f90=ifort -o module_bioemi_simple.o -c -O3 -ip -fp-model precise -w -ftz -align all -fno-alias -FR -convert big_endian    -I../dyn_em -I../dyn_nmm   -I/glade/work/rkumar/NASA_HMA/WRFchem_HMA/external/esmf_time_f90  -I/glade/work/rkumar/NASA_HMA/WRFchem_HMA/main -I/glade/work/rkumar/NASA_HMA/WRFchem_HMA/external/io_netcdf -I/glade/work/rkumar/NASA_HMA/WRFchem_HMA/external/io_int -I/glade/work/rkumar/NASA_HMA/WRFchem_HMA/frame -I/glade/work/rkumar/NASA_HMA/WRFchem_HMA/share -I/glade/work/rkumar/NASA_HMA/WRFchem_HMA/phys -I/glade/work/rkumar/NASA_HMA/WRFchem_HMA/chem -I/glade/work/rkumar/NASA_HMA/WRFchem_HMA/inc -I/glade/u/apps/ch/opt/netcdf/4.8.1/intel/19.1.1//include  -real-size `expr 8 \* 4` -i4  module_bioemi_simple.f90

real	0m1.126s
user	0m0.571s
sys	0m0.482s
rm -f module_cbm4_initmixrats.o
sed -e "s/grid%mu/gridmu/g" -e "s/grid%Mu/gridMu/g" -e "s/^\!.*'.*//" -e "s/^ *\!.*'.*//" module_cbm4_initmixrats.F > module_cbm4_initmixrats.G
/lib/cpp -P -nostdinc -I/glade/work/rkumar/NASA_HMA/WRFchem_HMA/inc -DEM_CORE=1 -DNMM_CORE=0 -DNMM_MAX_DIM=2600 -DCOAMPS_CORE=0 -DDA_CORE=0 -DEXP_CORE=0 -DIWORDSIZE=4 -DDWORDSIZE=8 -DRWORDSIZE=4 -DLWORDSIZE=4 -DNONSTANDARD_SYSTEM_FUNC  -DWRF_USE_CLM  -DSNICAR_FRC    -DDM_PARALLEL -DNETCDF -DUSE_ALLOCATABLES -DGRIB1 -DINTIO -DKEEP_INT_AROUND -DLIMIT_ARGS -DCONFIG_BUF_LEN=65536 -DMAX_DOMAINS_F=21 -DMAX_HISTORY=25 -DNMM_NEST=0 -DWRF_CHEM -DBUILD_CHEM=1 -DWRF_KPP -I. -traditional-cpp   module_cbm4_initmixrats.G  > module_cbm4_initmixrats.H
sed -e "s/gridmu/grid%mu/g" -e "s/gridMu/grid%Mu/g" module_cbm4_initmixrats.H > module_cbm4_initmixrats.bb
/glade/work/rkumar/NASA_HMA/WRFchem_HMA/tools/standard.exe module_cbm4_initmixrats.bb | /lib/cpp -P -nostdinc -traditional-cpp > module_cbm4_initmixrats.f90
rm -f module_cbm4_initmixrats.G module_cbm4_initmixrats.H module_cbm4_initmixrats.bb
time mpif90 -f90=ifort -o module_cbm4_initmixrats.o -c -O3 -ip -fp-model precise -w -ftz -align all -fno-alias -FR -convert big_endian    -I../dyn_em -I../dyn_nmm   -I/glade/work/rkumar/NASA_HMA/WRFchem_HMA/external/esmf_time_f90  -I/glade/work/rkumar/NASA_HMA/WRFchem_HMA/main -I/glade/work/rkumar/NASA_HMA/WRFchem_HMA/external/io_netcdf -I/glade/work/rkumar/NASA_HMA/WRFchem_HMA/external/io_int -I/glade/work/rkumar/NASA_HMA/WRFchem_HMA/frame -I/glade/work/rkumar/NASA_HMA/WRFchem_HMA/share -I/glade/work/rkumar/NASA_HMA/WRFchem_HMA/phys -I/glade/work/rkumar/NASA_HMA/WRFchem_HMA/chem -I/glade/work/rkumar/NASA_HMA/WRFchem_HMA/inc -I/glade/u/apps/ch/opt/netcdf/4.8.1/intel/19.1.1//include  -real-size `expr 8 \* 4` -i4  module_cbm4_initmixrats.f90

real	0m1.549s
user	0m0.865s
sys	0m0.566s
rm -f module_cb05_initmixrats.o
sed -e "s/grid%mu/gridmu/g" -e "s/grid%Mu/gridMu/g" -e "s/^\!.*'.*//" -e "s/^ *\!.*'.*//" module_cb05_initmixrats.F > module_cb05_initmixrats.G
/lib/cpp -P -nostdinc -I/glade/work/rkumar/NASA_HMA/WRFchem_HMA/inc -DEM_CORE=1 -DNMM_CORE=0 -DNMM_MAX_DIM=2600 -DCOAMPS_CORE=0 -DDA_CORE=0 -DEXP_CORE=0 -DIWORDSIZE=4 -DDWORDSIZE=8 -DRWORDSIZE=4 -DLWORDSIZE=4 -DNONSTANDARD_SYSTEM_FUNC  -DWRF_USE_CLM  -DSNICAR_FRC    -DDM_PARALLEL -DNETCDF -DUSE_ALLOCATABLES -DGRIB1 -DINTIO -DKEEP_INT_AROUND -DLIMIT_ARGS -DCONFIG_BUF_LEN=65536 -DMAX_DOMAINS_F=21 -DMAX_HISTORY=25 -DNMM_NEST=0 -DWRF_CHEM -DBUILD_CHEM=1 -DWRF_KPP -I. -traditional-cpp   module_cb05_initmixrats.G  > module_cb05_initmixrats.H
sed -e "s/gridmu/grid%mu/g" -e "s/gridMu/grid%Mu/g" module_cb05_initmixrats.H > module_cb05_initmixrats.bb
/glade/work/rkumar/NASA_HMA/WRFchem_HMA/tools/standard.exe module_cb05_initmixrats.bb | /lib/cpp -P -nostdinc -traditional-cpp > module_cb05_initmixrats.f90
rm -f module_cb05_initmixrats.G module_cb05_initmixrats.H module_cb05_initmixrats.bb
time mpif90 -f90=ifort -o module_cb05_initmixrats.o -c -O3 -ip -fp-model precise -w -ftz -align all -fno-alias -FR -convert big_endian    -I../dyn_em -I../dyn_nmm   -I/glade/work/rkumar/NASA_HMA/WRFchem_HMA/external/esmf_time_f90  -I/glade/work/rkumar/NASA_HMA/WRFchem_HMA/main -I/glade/work/rkumar/NASA_HMA/WRFchem_HMA/external/io_netcdf -I/glade/work/rkumar/NASA_HMA/WRFchem_HMA/external/io_int -I/glade/work/rkumar/NASA_HMA/WRFchem_HMA/frame -I/glade/work/rkumar/NASA_HMA/WRFchem_HMA/share -I/glade/work/rkumar/NASA_HMA/WRFchem_HMA/phys -I/glade/work/rkumar/NASA_HMA/WRFchem_HMA/chem -I/glade/work/rkumar/NASA_HMA/WRFchem_HMA/inc -I/glade/u/apps/ch/opt/netcdf/4.8.1/intel/19.1.1//include  -real-size `expr 8 \* 4` -i4  module_cb05_initmixrats.f90

real	0m0.817s
user	0m0.254s
sys	0m0.501s
rm -f module_cb05_vbs_initmixrats.o
sed -e "s/grid%mu/gridmu/g" -e "s/grid%Mu/gridMu/g" -e "s/^\!.*'.*//" -e "s/^ *\!.*'.*//" module_cb05_vbs_initmixrats.F > module_cb05_vbs_initmixrats.G
/lib/cpp -P -nostdinc -I/glade/work/rkumar/NASA_HMA/WRFchem_HMA/inc -DEM_CORE=1 -DNMM_CORE=0 -DNMM_MAX_DIM=2600 -DCOAMPS_CORE=0 -DDA_CORE=0 -DEXP_CORE=0 -DIWORDSIZE=4 -DDWORDSIZE=8 -DRWORDSIZE=4 -DLWORDSIZE=4 -DNONSTANDARD_SYSTEM_FUNC  -DWRF_USE_CLM  -DSNICAR_FRC    -DDM_PARALLEL -DNETCDF -DUSE_ALLOCATABLES -DGRIB1 -DINTIO -DKEEP_INT_AROUND -DLIMIT_ARGS -DCONFIG_BUF_LEN=65536 -DMAX_DOMAINS_F=21 -DMAX_HISTORY=25 -DNMM_NEST=0 -DWRF_CHEM -DBUILD_CHEM=1 -DWRF_KPP -I. -traditional-cpp   module_cb05_vbs_initmixrats.G  > module_cb05_vbs_initmixrats.H
sed -e "s/gridmu/grid%mu/g" -e "s/gridMu/grid%Mu/g" module_cb05_vbs_initmixrats.H > module_cb05_vbs_initmixrats.bb
/glade/work/rkumar/NASA_HMA/WRFchem_HMA/tools/standard.exe module_cb05_vbs_initmixrats.bb | /lib/cpp -P -nostdinc -traditional-cpp > module_cb05_vbs_initmixrats.f90
rm -f module_cb05_vbs_initmixrats.G module_cb05_vbs_initmixrats.H module_cb05_vbs_initmixrats.bb
time mpif90 -f90=ifort -o module_cb05_vbs_initmixrats.o -c -O3 -ip -fp-model precise -w -ftz -align all -fno-alias -FR -convert big_endian    -I../dyn_em -I../dyn_nmm   -I/glade/work/rkumar/NASA_HMA/WRFchem_HMA/external/esmf_time_f90  -I/glade/work/rkumar/NASA_HMA/WRFchem_HMA/main -I/glade/work/rkumar/NASA_HMA/WRFchem_HMA/external/io_netcdf -I/glade/work/rkumar/NASA_HMA/WRFchem_HMA/external/io_int -I/glade/work/rkumar/NASA_HMA/WRFchem_HMA/frame -I/glade/work/rkumar/NASA_HMA/WRFchem_HMA/share -I/glade/work/rkumar/NASA_HMA/WRFchem_HMA/phys -I/glade/work/rkumar/NASA_HMA/WRFchem_HMA/chem -I/glade/work/rkumar/NASA_HMA/WRFchem_HMA/inc -I/glade/u/apps/ch/opt/netcdf/4.8.1/intel/19.1.1//include  -real-size `expr 8 \* 4` -i4  module_cb05_vbs_initmixrats.f90

real	0m0.828s
user	0m0.243s
sys	0m0.533s
rm -f module_cbmz_rodas_prep.o
sed -e "s/grid%mu/gridmu/g" -e "s/grid%Mu/gridMu/g" -e "s/^\!.*'.*//" -e "s/^ *\!.*'.*//" module_cbmz_rodas_prep.F > module_cbmz_rodas_prep.G
/lib/cpp -P -nostdinc -I/glade/work/rkumar/NASA_HMA/WRFchem_HMA/inc -DEM_CORE=1 -DNMM_CORE=0 -DNMM_MAX_DIM=2600 -DCOAMPS_CORE=0 -DDA_CORE=0 -DEXP_CORE=0 -DIWORDSIZE=4 -DDWORDSIZE=8 -DRWORDSIZE=4 -DLWORDSIZE=4 -DNONSTANDARD_SYSTEM_FUNC  -DWRF_USE_CLM  -DSNICAR_FRC    -DDM_PARALLEL -DNETCDF -DUSE_ALLOCATABLES -DGRIB1 -DINTIO -DKEEP_INT_AROUND -DLIMIT_ARGS -DCONFIG_BUF_LEN=65536 -DMAX_DOMAINS_F=21 -DMAX_HISTORY=25 -DNMM_NEST=0 -DWRF_CHEM -DBUILD_CHEM=1 -DWRF_KPP -I. -traditional-cpp   module_cbmz_rodas_prep.G  > module_cbmz_rodas_prep.H
sed -e "s/gridmu/grid%mu/g" -e "s/gridMu/grid%Mu/g" module_cbmz_rodas_prep.H > module_cbmz_rodas_prep.bb
/glade/work/rkumar/NASA_HMA/WRFchem_HMA/tools/standard.exe module_cbmz_rodas_prep.bb | /lib/cpp -P -nostdinc -traditional-cpp > module_cbmz_rodas_prep.f90
rm -f module_cbmz_rodas_prep.G module_cbmz_rodas_prep.H module_cbmz_rodas_prep.bb
time mpif90 -f90=ifort -o module_cbmz_rodas_prep.o -c -O3 -ip -fp-model precise -w -ftz -align all -fno-alias -FR -convert big_endian    -I../dyn_em -I../dyn_nmm   -I/glade/work/rkumar/NASA_HMA/WRFchem_HMA/external/esmf_time_f90  -I/glade/work/rkumar/NASA_HMA/WRFchem_HMA/main -I/glade/work/rkumar/NASA_HMA/WRFchem_HMA/external/io_netcdf -I/glade/work/rkumar/NASA_HMA/WRFchem_HMA/external/io_int -I/glade/work/rkumar/NASA_HMA/WRFchem_HMA/frame -I/glade/work/rkumar/NASA_HMA/WRFchem_HMA/share -I/glade/work/rkumar/NASA_HMA/WRFchem_HMA/phys -I/glade/work/rkumar/NASA_HMA/WRFchem_HMA/chem -I/glade/work/rkumar/NASA_HMA/WRFchem_HMA/inc -I/glade/u/apps/ch/opt/netcdf/4.8.1/intel/19.1.1//include  -real-size `expr 8 \* 4` -i4  module_cbmz_rodas_prep.f90

real	0m8.856s
user	0m8.171s
sys	0m0.601s
rm -f module_cbmz.o
sed -e "s/grid%mu/gridmu/g" -e "s/grid%Mu/gridMu/g" -e "s/^\!.*'.*//" -e "s/^ *\!.*'.*//" module_cbmz.F > module_cbmz.G
/lib/cpp -P -nostdinc -I/glade/work/rkumar/NASA_HMA/WRFchem_HMA/inc -DEM_CORE=1 -DNMM_CORE=0 -DNMM_MAX_DIM=2600 -DCOAMPS_CORE=0 -DDA_CORE=0 -DEXP_CORE=0 -DIWORDSIZE=4 -DDWORDSIZE=8 -DRWORDSIZE=4 -DLWORDSIZE=4 -DNONSTANDARD_SYSTEM_FUNC  -DWRF_USE_CLM  -DSNICAR_FRC    -DDM_PARALLEL -DNETCDF -DUSE_ALLOCATABLES -DGRIB1 -DINTIO -DKEEP_INT_AROUND -DLIMIT_ARGS -DCONFIG_BUF_LEN=65536 -DMAX_DOMAINS_F=21 -DMAX_HISTORY=25 -DNMM_NEST=0 -DWRF_CHEM -DBUILD_CHEM=1 -DWRF_KPP -I. -traditional-cpp   module_cbmz.G  > module_cbmz.H
sed -e "s/gridmu/grid%mu/g" -e "s/gridMu/grid%Mu/g" module_cbmz.H > module_cbmz.bb
/glade/work/rkumar/NASA_HMA/WRFchem_HMA/tools/standard.exe module_cbmz.bb | /lib/cpp -P -nostdinc -traditional-cpp > module_cbmz.f90
rm -f module_cbmz.G module_cbmz.H module_cbmz.bb
time mpif90 -f90=ifort -o module_cbmz.o -c -O3 -ip -fp-model precise -w -ftz -align all -fno-alias -FR -convert big_endian    -I../dyn_em -I../dyn_nmm   -I/glade/work/rkumar/NASA_HMA/WRFchem_HMA/external/esmf_time_f90  -I/glade/work/rkumar/NASA_HMA/WRFchem_HMA/main -I/glade/work/rkumar/NASA_HMA/WRFchem_HMA/external/io_netcdf -I/glade/work/rkumar/NASA_HMA/WRFchem_HMA/external/io_int -I/glade/work/rkumar/NASA_HMA/WRFchem_HMA/frame -I/glade/work/rkumar/NASA_HMA/WRFchem_HMA/share -I/glade/work/rkumar/NASA_HMA/WRFchem_HMA/phys -I/glade/work/rkumar/NASA_HMA/WRFchem_HMA/chem -I/glade/work/rkumar/NASA_HMA/WRFchem_HMA/inc -I/glade/u/apps/ch/opt/netcdf/4.8.1/intel/19.1.1//include  -real-size `expr 8 \* 4` -i4  module_cbmz.f90

real	0m2.523s
user	0m1.982s
sys	0m0.481s
rm -f module_cbmz_initmixrats.o
sed -e "s/grid%mu/gridmu/g" -e "s/grid%Mu/gridMu/g" -e "s/^\!.*'.*//" -e "s/^ *\!.*'.*//" module_cbmz_initmixrats.F > module_cbmz_initmixrats.G
/lib/cpp -P -nostdinc -I/glade/work/rkumar/NASA_HMA/WRFchem_HMA/inc -DEM_CORE=1 -DNMM_CORE=0 -DNMM_MAX_DIM=2600 -DCOAMPS_CORE=0 -DDA_CORE=0 -DEXP_CORE=0 -DIWORDSIZE=4 -DDWORDSIZE=8 -DRWORDSIZE=4 -DLWORDSIZE=4 -DNONSTANDARD_SYSTEM_FUNC  -DWRF_USE_CLM  -DSNICAR_FRC    -DDM_PARALLEL -DNETCDF -DUSE_ALLOCATABLES -DGRIB1 -DINTIO -DKEEP_INT_AROUND -DLIMIT_ARGS -DCONFIG_BUF_LEN=65536 -DMAX_DOMAINS_F=21 -DMAX_HISTORY=25 -DNMM_NEST=0 -DWRF_CHEM -DBUILD_CHEM=1 -DWRF_KPP -I. -traditional-cpp   module_cbmz_initmixrats.G  > module_cbmz_initmixrats.H
sed -e "s/gridmu/grid%mu/g" -e "s/gridMu/grid%Mu/g" module_cbmz_initmixrats.H > module_cbmz_initmixrats.bb
/glade/work/rkumar/NASA_HMA/WRFchem_HMA/tools/standard.exe module_cbmz_initmixrats.bb | /lib/cpp -P -nostdinc -traditional-cpp > module_cbmz_initmixrats.f90
rm -f module_cbmz_initmixrats.G module_cbmz_initmixrats.H module_cbmz_initmixrats.bb
time mpif90 -f90=ifort -o module_cbmz_initmixrats.o -c -O3 -ip -fp-model precise -w -ftz -align all -fno-alias -FR -convert big_endian    -I../dyn_em -I../dyn_nmm   -I/glade/work/rkumar/NASA_HMA/WRFchem_HMA/external/esmf_time_f90  -I/glade/work/rkumar/NASA_HMA/WRFchem_HMA/main -I/glade/work/rkumar/NASA_HMA/WRFchem_HMA/external/io_netcdf -I/glade/work/rkumar/NASA_HMA/WRFchem_HMA/external/io_int -I/glade/work/rkumar/NASA_HMA/WRFchem_HMA/frame -I/glade/work/rkumar/NASA_HMA/WRFchem_HMA/share -I/glade/work/rkumar/NASA_HMA/WRFchem_HMA/phys -I/glade/work/rkumar/NASA_HMA/WRFchem_HMA/chem -I/glade/work/rkumar/NASA_HMA/WRFchem_HMA/inc -I/glade/u/apps/ch/opt/netcdf/4.8.1/intel/19.1.1//include  -real-size `expr 8 \* 4` -i4  module_cbmz_initmixrats.f90

real	0m1.491s
user	0m0.897s
sys	0m0.528s
rm -f module_ctrans_grell.o
sed -e "s/grid%mu/gridmu/g" -e "s/grid%Mu/gridMu/g" -e "s/^\!.*'.*//" -e "s/^ *\!.*'.*//" module_ctrans_grell.F > module_ctrans_grell.G
/lib/cpp -P -nostdinc -I/glade/work/rkumar/NASA_HMA/WRFchem_HMA/inc -DEM_CORE=1 -DNMM_CORE=0 -DNMM_MAX_DIM=2600 -DCOAMPS_CORE=0 -DDA_CORE=0 -DEXP_CORE=0 -DIWORDSIZE=4 -DDWORDSIZE=8 -DRWORDSIZE=4 -DLWORDSIZE=4 -DNONSTANDARD_SYSTEM_FUNC  -DWRF_USE_CLM  -DSNICAR_FRC    -DDM_PARALLEL -DNETCDF -DUSE_ALLOCATABLES -DGRIB1 -DINTIO -DKEEP_INT_AROUND -DLIMIT_ARGS -DCONFIG_BUF_LEN=65536 -DMAX_DOMAINS_F=21 -DMAX_HISTORY=25 -DNMM_NEST=0 -DWRF_CHEM -DBUILD_CHEM=1 -DWRF_KPP -I. -traditional-cpp   module_ctrans_grell.G  > module_ctrans_grell.H
sed -e "s/gridmu/grid%mu/g" -e "s/gridMu/grid%Mu/g" module_ctrans_grell.H > module_ctrans_grell.bb
/glade/work/rkumar/NASA_HMA/WRFchem_HMA/tools/standard.exe module_ctrans_grell.bb | /lib/cpp -P -nostdinc -traditional-cpp > module_ctrans_grell.f90
rm -f module_ctrans_grell.G module_ctrans_grell.H module_ctrans_grell.bb
time mpif90 -f90=ifort -o module_ctrans_grell.o -c -O3 -ip -fp-model precise -w -ftz -align all -fno-alias -FR -convert big_endian    -I../dyn_em -I../dyn_nmm   -I/glade/work/rkumar/NASA_HMA/WRFchem_HMA/external/esmf_time_f90  -I/glade/work/rkumar/NASA_HMA/WRFchem_HMA/main -I/glade/work/rkumar/NASA_HMA/WRFchem_HMA/external/io_netcdf -I/glade/work/rkumar/NASA_HMA/WRFchem_HMA/external/io_int -I/glade/work/rkumar/NASA_HMA/WRFchem_HMA/frame -I/glade/work/rkumar/NASA_HMA/WRFchem_HMA/share -I/glade/work/rkumar/NASA_HMA/WRFchem_HMA/phys -I/glade/work/rkumar/NASA_HMA/WRFchem_HMA/chem -I/glade/work/rkumar/NASA_HMA/WRFchem_HMA/inc -I/glade/u/apps/ch/opt/netcdf/4.8.1/intel/19.1.1//include  -real-size `expr 8 \* 4` -i4  module_ctrans_grell.f90

real	0m20.435s
user	0m19.737s
sys	0m0.620s
rm -f module_gocart_chem.o
sed -e "s/grid%mu/gridmu/g" -e "s/grid%Mu/gridMu/g" -e "s/^\!.*'.*//" -e "s/^ *\!.*'.*//" module_gocart_chem.F > module_gocart_chem.G
/lib/cpp -P -nostdinc -I/glade/work/rkumar/NASA_HMA/WRFchem_HMA/inc -DEM_CORE=1 -DNMM_CORE=0 -DNMM_MAX_DIM=2600 -DCOAMPS_CORE=0 -DDA_CORE=0 -DEXP_CORE=0 -DIWORDSIZE=4 -DDWORDSIZE=8 -DRWORDSIZE=4 -DLWORDSIZE=4 -DNONSTANDARD_SYSTEM_FUNC  -DWRF_USE_CLM  -DSNICAR_FRC    -DDM_PARALLEL -DNETCDF -DUSE_ALLOCATABLES -DGRIB1 -DINTIO -DKEEP_INT_AROUND -DLIMIT_ARGS -DCONFIG_BUF_LEN=65536 -DMAX_DOMAINS_F=21 -DMAX_HISTORY=25 -DNMM_NEST=0 -DWRF_CHEM -DBUILD_CHEM=1 -DWRF_KPP -I. -traditional-cpp   module_gocart_chem.G  > module_gocart_chem.H
sed -e "s/gridmu/grid%mu/g" -e "s/gridMu/grid%Mu/g" module_gocart_chem.H > module_gocart_chem.bb
/glade/work/rkumar/NASA_HMA/WRFchem_HMA/tools/standard.exe module_gocart_chem.bb | /lib/cpp -P -nostdinc -traditional-cpp > module_gocart_chem.f90
rm -f module_gocart_chem.G module_gocart_chem.H module_gocart_chem.bb
time mpif90 -f90=ifort -o module_gocart_chem.o -c -O3 -ip -fp-model precise -w -ftz -align all -fno-alias -FR -convert big_endian    -I../dyn_em -I../dyn_nmm   -I/glade/work/rkumar/NASA_HMA/WRFchem_HMA/external/esmf_time_f90  -I/glade/work/rkumar/NASA_HMA/WRFchem_HMA/main -I/glade/work/rkumar/NASA_HMA/WRFchem_HMA/external/io_netcdf -I/glade/work/rkumar/NASA_HMA/WRFchem_HMA/external/io_int -I/glade/work/rkumar/NASA_HMA/WRFchem_HMA/frame -I/glade/work/rkumar/NASA_HMA/WRFchem_HMA/share -I/glade/work/rkumar/NASA_HMA/WRFchem_HMA/phys -I/glade/work/rkumar/NASA_HMA/WRFchem_HMA/chem -I/glade/work/rkumar/NASA_HMA/WRFchem_HMA/inc -I/glade/u/apps/ch/opt/netcdf/4.8.1/intel/19.1.1//include  -real-size `expr 8 \* 4` -i4  module_gocart_chem.f90

real	0m1.152s
user	0m0.596s
sys	0m0.494s
rm -f module_input_tracer.o
sed -e "s/grid%mu/gridmu/g" -e "s/grid%Mu/gridMu/g" -e "s/^\!.*'.*//" -e "s/^ *\!.*'.*//" module_input_tracer.F > module_input_tracer.G
/lib/cpp -P -nostdinc -I/glade/work/rkumar/NASA_HMA/WRFchem_HMA/inc -DEM_CORE=1 -DNMM_CORE=0 -DNMM_MAX_DIM=2600 -DCOAMPS_CORE=0 -DDA_CORE=0 -DEXP_CORE=0 -DIWORDSIZE=4 -DDWORDSIZE=8 -DRWORDSIZE=4 -DLWORDSIZE=4 -DNONSTANDARD_SYSTEM_FUNC  -DWRF_USE_CLM  -DSNICAR_FRC    -DDM_PARALLEL -DNETCDF -DUSE_ALLOCATABLES -DGRIB1 -DINTIO -DKEEP_INT_AROUND -DLIMIT_ARGS -DCONFIG_BUF_LEN=65536 -DMAX_DOMAINS_F=21 -DMAX_HISTORY=25 -DNMM_NEST=0 -DWRF_CHEM -DBUILD_CHEM=1 -DWRF_KPP -I. -traditional-cpp   module_input_tracer.G  > module_input_tracer.H
sed -e "s/gridmu/grid%mu/g" -e "s/gridMu/grid%Mu/g" module_input_tracer.H > module_input_tracer.bb
/glade/work/rkumar/NASA_HMA/WRFchem_HMA/tools/standard.exe module_input_tracer.bb | /lib/cpp -P -nostdinc -traditional-cpp > module_input_tracer.f90
rm -f module_input_tracer.G module_input_tracer.H module_input_tracer.bb
time mpif90 -f90=ifort -o module_input_tracer.o -c -O3 -ip -fp-model precise -w -ftz -align all -fno-alias -FR -convert big_endian    -I../dyn_em -I../dyn_nmm   -I/glade/work/rkumar/NASA_HMA/WRFchem_HMA/external/esmf_time_f90  -I/glade/work/rkumar/NASA_HMA/WRFchem_HMA/main -I/glade/work/rkumar/NASA_HMA/WRFchem_HMA/external/io_netcdf -I/glade/work/rkumar/NASA_HMA/WRFchem_HMA/external/io_int -I/glade/work/rkumar/NASA_HMA/WRFchem_HMA/frame -I/glade/work/rkumar/NASA_HMA/WRFchem_HMA/share -I/glade/work/rkumar/NASA_HMA/WRFchem_HMA/phys -I/glade/work/rkumar/NASA_HMA/WRFchem_HMA/chem -I/glade/work/rkumar/NASA_HMA/WRFchem_HMA/inc -I/glade/u/apps/ch/opt/netcdf/4.8.1/intel/19.1.1//include  -real-size `expr 8 \* 4` -i4  module_input_tracer.f90

real	0m1.058s
user	0m0.473s
sys	0m0.526s
rm -f module_lightning_nox_ott.o
sed -e "s/grid%mu/gridmu/g" -e "s/grid%Mu/gridMu/g" -e "s/^\!.*'.*//" -e "s/^ *\!.*'.*//" module_lightning_nox_ott.F > module_lightning_nox_ott.G
/lib/cpp -P -nostdinc -I/glade/work/rkumar/NASA_HMA/WRFchem_HMA/inc -DEM_CORE=1 -DNMM_CORE=0 -DNMM_MAX_DIM=2600 -DCOAMPS_CORE=0 -DDA_CORE=0 -DEXP_CORE=0 -DIWORDSIZE=4 -DDWORDSIZE=8 -DRWORDSIZE=4 -DLWORDSIZE=4 -DNONSTANDARD_SYSTEM_FUNC  -DWRF_USE_CLM  -DSNICAR_FRC    -DDM_PARALLEL -DNETCDF -DUSE_ALLOCATABLES -DGRIB1 -DINTIO -DKEEP_INT_AROUND -DLIMIT_ARGS -DCONFIG_BUF_LEN=65536 -DMAX_DOMAINS_F=21 -DMAX_HISTORY=25 -DNMM_NEST=0 -DWRF_CHEM -DBUILD_CHEM=1 -DWRF_KPP -I. -traditional-cpp   module_lightning_nox_ott.G  > module_lightning_nox_ott.H
sed -e "s/gridmu/grid%mu/g" -e "s/gridMu/grid%Mu/g" module_lightning_nox_ott.H > module_lightning_nox_ott.bb
/glade/work/rkumar/NASA_HMA/WRFchem_HMA/tools/standard.exe module_lightning_nox_ott.bb | /lib/cpp -P -nostdinc -traditional-cpp > module_lightning_nox_ott.f90
rm -f module_lightning_nox_ott.G module_lightning_nox_ott.H module_lightning_nox_ott.bb
time mpif90 -f90=ifort -o module_lightning_nox_ott.o -c -O3 -ip -fp-model precise -w -ftz -align all -fno-alias -FR -convert big_endian    -I../dyn_em -I../dyn_nmm   -I/glade/work/rkumar/NASA_HMA/WRFchem_HMA/external/esmf_time_f90  -I/glade/work/rkumar/NASA_HMA/WRFchem_HMA/main -I/glade/work/rkumar/NASA_HMA/WRFchem_HMA/external/io_netcdf -I/glade/work/rkumar/NASA_HMA/WRFchem_HMA/external/io_int -I/glade/work/rkumar/NASA_HMA/WRFchem_HMA/frame -I/glade/work/rkumar/NASA_HMA/WRFchem_HMA/share -I/glade/work/rkumar/NASA_HMA/WRFchem_HMA/phys -I/glade/work/rkumar/NASA_HMA/WRFchem_HMA/chem -I/glade/work/rkumar/NASA_HMA/WRFchem_HMA/inc -I/glade/u/apps/ch/opt/netcdf/4.8.1/intel/19.1.1//include  -real-size `expr 8 \* 4` -i4  module_lightning_nox_ott.f90

real	0m0.681s
user	0m0.133s
sys	0m0.494s
rm -f module_lightning_nox_decaria.o
sed -e "s/grid%mu/gridmu/g" -e "s/grid%Mu/gridMu/g" -e "s/^\!.*'.*//" -e "s/^ *\!.*'.*//" module_lightning_nox_decaria.F > module_lightning_nox_decaria.G
/lib/cpp -P -nostdinc -I/glade/work/rkumar/NASA_HMA/WRFchem_HMA/inc -DEM_CORE=1 -DNMM_CORE=0 -DNMM_MAX_DIM=2600 -DCOAMPS_CORE=0 -DDA_CORE=0 -DEXP_CORE=0 -DIWORDSIZE=4 -DDWORDSIZE=8 -DRWORDSIZE=4 -DLWORDSIZE=4 -DNONSTANDARD_SYSTEM_FUNC  -DWRF_USE_CLM  -DSNICAR_FRC    -DDM_PARALLEL -DNETCDF -DUSE_ALLOCATABLES -DGRIB1 -DINTIO -DKEEP_INT_AROUND -DLIMIT_ARGS -DCONFIG_BUF_LEN=65536 -DMAX_DOMAINS_F=21 -DMAX_HISTORY=25 -DNMM_NEST=0 -DWRF_CHEM -DBUILD_CHEM=1 -DWRF_KPP -I. -traditional-cpp   module_lightning_nox_decaria.G  > module_lightning_nox_decaria.H
sed -e "s/gridmu/grid%mu/g" -e "s/gridMu/grid%Mu/g" module_lightning_nox_decaria.H > module_lightning_nox_decaria.bb
/glade/work/rkumar/NASA_HMA/WRFchem_HMA/tools/standard.exe module_lightning_nox_decaria.bb | /lib/cpp -P -nostdinc -traditional-cpp > module_lightning_nox_decaria.f90
rm -f module_lightning_nox_decaria.G module_lightning_nox_decaria.H module_lightning_nox_decaria.bb
time mpif90 -f90=ifort -o module_lightning_nox_decaria.o -c -O3 -ip -fp-model precise -w -ftz -align all -fno-alias -FR -convert big_endian    -I../dyn_em -I../dyn_nmm   -I/glade/work/rkumar/NASA_HMA/WRFchem_HMA/external/esmf_time_f90  -I/glade/work/rkumar/NASA_HMA/WRFchem_HMA/main -I/glade/work/rkumar/NASA_HMA/WRFchem_HMA/external/io_netcdf -I/glade/work/rkumar/NASA_HMA/WRFchem_HMA/external/io_int -I/glade/work/rkumar/NASA_HMA/WRFchem_HMA/frame -I/glade/work/rkumar/NASA_HMA/WRFchem_HMA/share -I/glade/work/rkumar/NASA_HMA/WRFchem_HMA/phys -I/glade/work/rkumar/NASA_HMA/WRFchem_HMA/chem -I/glade/work/rkumar/NASA_HMA/WRFchem_HMA/inc -I/glade/u/apps/ch/opt/netcdf/4.8.1/intel/19.1.1//include  -real-size `expr 8 \* 4` -i4  module_lightning_nox_decaria.f90

real	0m1.343s
user	0m0.719s
sys	0m0.527s
rm -f module_lightning_nox_driver.o
sed -e "s/grid%mu/gridmu/g" -e "s/grid%Mu/gridMu/g" -e "s/^\!.*'.*//" -e "s/^ *\!.*'.*//" module_lightning_nox_driver.F > module_lightning_nox_driver.G
/lib/cpp -P -nostdinc -I/glade/work/rkumar/NASA_HMA/WRFchem_HMA/inc -DEM_CORE=1 -DNMM_CORE=0 -DNMM_MAX_DIM=2600 -DCOAMPS_CORE=0 -DDA_CORE=0 -DEXP_CORE=0 -DIWORDSIZE=4 -DDWORDSIZE=8 -DRWORDSIZE=4 -DLWORDSIZE=4 -DNONSTANDARD_SYSTEM_FUNC  -DWRF_USE_CLM  -DSNICAR_FRC    -DDM_PARALLEL -DNETCDF -DUSE_ALLOCATABLES -DGRIB1 -DINTIO -DKEEP_INT_AROUND -DLIMIT_ARGS -DCONFIG_BUF_LEN=65536 -DMAX_DOMAINS_F=21 -DMAX_HISTORY=25 -DNMM_NEST=0 -DWRF_CHEM -DBUILD_CHEM=1 -DWRF_KPP -I. -traditional-cpp   module_lightning_nox_driver.G  > module_lightning_nox_driver.H
sed -e "s/gridmu/grid%mu/g" -e "s/gridMu/grid%Mu/g" module_lightning_nox_driver.H > module_lightning_nox_driver.bb
/glade/work/rkumar/NASA_HMA/WRFchem_HMA/tools/standard.exe module_lightning_nox_driver.bb | /lib/cpp -P -nostdinc -traditional-cpp > module_lightning_nox_driver.f90
rm -f module_lightning_nox_driver.G module_lightning_nox_driver.H module_lightning_nox_driver.bb
time mpif90 -f90=ifort -o module_lightning_nox_driver.o -c -O3 -ip -fp-model precise -w -ftz -align all -fno-alias -FR -convert big_endian    -I../dyn_em -I../dyn_nmm   -I/glade/work/rkumar/NASA_HMA/WRFchem_HMA/external/esmf_time_f90  -I/glade/work/rkumar/NASA_HMA/WRFchem_HMA/main -I/glade/work/rkumar/NASA_HMA/WRFchem_HMA/external/io_netcdf -I/glade/work/rkumar/NASA_HMA/WRFchem_HMA/external/io_int -I/glade/work/rkumar/NASA_HMA/WRFchem_HMA/frame -I/glade/work/rkumar/NASA_HMA/WRFchem_HMA/share -I/glade/work/rkumar/NASA_HMA/WRFchem_HMA/phys -I/glade/work/rkumar/NASA_HMA/WRFchem_HMA/chem -I/glade/work/rkumar/NASA_HMA/WRFchem_HMA/inc -I/glade/u/apps/ch/opt/netcdf/4.8.1/intel/19.1.1//include  -real-size `expr 8 \* 4` -i4  module_lightning_nox_driver.f90

real	0m0.890s
user	0m0.338s
sys	0m0.499s
rm -f module_mixactivate_wrappers.o
sed -e "s/grid%mu/gridmu/g" -e "s/grid%Mu/gridMu/g" -e "s/^\!.*'.*//" -e "s/^ *\!.*'.*//" module_mixactivate_wrappers.F > module_mixactivate_wrappers.G
/lib/cpp -P -nostdinc -I/glade/work/rkumar/NASA_HMA/WRFchem_HMA/inc -DEM_CORE=1 -DNMM_CORE=0 -DNMM_MAX_DIM=2600 -DCOAMPS_CORE=0 -DDA_CORE=0 -DEXP_CORE=0 -DIWORDSIZE=4 -DDWORDSIZE=8 -DRWORDSIZE=4 -DLWORDSIZE=4 -DNONSTANDARD_SYSTEM_FUNC  -DWRF_USE_CLM  -DSNICAR_FRC    -DDM_PARALLEL -DNETCDF -DUSE_ALLOCATABLES -DGRIB1 -DINTIO -DKEEP_INT_AROUND -DLIMIT_ARGS -DCONFIG_BUF_LEN=65536 -DMAX_DOMAINS_F=21 -DMAX_HISTORY=25 -DNMM_NEST=0 -DWRF_CHEM -DBUILD_CHEM=1 -DWRF_KPP -I. -traditional-cpp   module_mixactivate_wrappers.G  > module_mixactivate_wrappers.H
sed -e "s/gridmu/grid%mu/g" -e "s/gridMu/grid%Mu/g" module_mixactivate_wrappers.H > module_mixactivate_wrappers.bb
/glade/work/rkumar/NASA_HMA/WRFchem_HMA/tools/standard.exe module_mixactivate_wrappers.bb | /lib/cpp -P -nostdinc -traditional-cpp > module_mixactivate_wrappers.f90
rm -f module_mixactivate_wrappers.G module_mixactivate_wrappers.H module_mixactivate_wrappers.bb
time mpif90 -f90=ifort -o module_mixactivate_wrappers.o -c -O3 -ip -fp-model precise -w -ftz -align all -fno-alias -FR -convert big_endian    -I../dyn_em -I../dyn_nmm   -I/glade/work/rkumar/NASA_HMA/WRFchem_HMA/external/esmf_time_f90  -I/glade/work/rkumar/NASA_HMA/WRFchem_HMA/main -I/glade/work/rkumar/NASA_HMA/WRFchem_HMA/external/io_netcdf -I/glade/work/rkumar/NASA_HMA/WRFchem_HMA/external/io_int -I/glade/work/rkumar/NASA_HMA/WRFchem_HMA/frame -I/glade/work/rkumar/NASA_HMA/WRFchem_HMA/share -I/glade/work/rkumar/NASA_HMA/WRFchem_HMA/phys -I/glade/work/rkumar/NASA_HMA/WRFchem_HMA/chem -I/glade/work/rkumar/NASA_HMA/WRFchem_HMA/inc -I/glade/u/apps/ch/opt/netcdf/4.8.1/intel/19.1.1//include  -real-size `expr 8 \* 4` -i4  module_mixactivate_wrappers.f90

real	0m1.636s
user	0m1.028s
sys	0m0.550s
rm -f module_mosaic_driver.o
sed -e "s/grid%mu/gridmu/g" -e "s/grid%Mu/gridMu/g" -e "s/^\!.*'.*//" -e "s/^ *\!.*'.*//" module_mosaic_driver.F > module_mosaic_driver.G
/lib/cpp -P -nostdinc -I/glade/work/rkumar/NASA_HMA/WRFchem_HMA/inc -DEM_CORE=1 -DNMM_CORE=0 -DNMM_MAX_DIM=2600 -DCOAMPS_CORE=0 -DDA_CORE=0 -DEXP_CORE=0 -DIWORDSIZE=4 -DDWORDSIZE=8 -DRWORDSIZE=4 -DLWORDSIZE=4 -DNONSTANDARD_SYSTEM_FUNC  -DWRF_USE_CLM  -DSNICAR_FRC    -DDM_PARALLEL -DNETCDF -DUSE_ALLOCATABLES -DGRIB1 -DINTIO -DKEEP_INT_AROUND -DLIMIT_ARGS -DCONFIG_BUF_LEN=65536 -DMAX_DOMAINS_F=21 -DMAX_HISTORY=25 -DNMM_NEST=0 -DWRF_CHEM -DBUILD_CHEM=1 -DWRF_KPP -I. -traditional-cpp   module_mosaic_driver.G  > module_mosaic_driver.H
sed -e "s/gridmu/grid%mu/g" -e "s/gridMu/grid%Mu/g" module_mosaic_driver.H > module_mosaic_driver.bb
/glade/work/rkumar/NASA_HMA/WRFchem_HMA/tools/standard.exe module_mosaic_driver.bb | /lib/cpp -P -nostdinc -traditional-cpp > module_mosaic_driver.f90
rm -f module_mosaic_driver.G module_mosaic_driver.H module_mosaic_driver.bb
time mpif90 -f90=ifort -o module_mosaic_driver.o -c -O3 -ip -fp-model precise -w -ftz -align all -fno-alias -FR -convert big_endian    -I../dyn_em -I../dyn_nmm   -I/glade/work/rkumar/NASA_HMA/WRFchem_HMA/external/esmf_time_f90  -I/glade/work/rkumar/NASA_HMA/WRFchem_HMA/main -I/glade/work/rkumar/NASA_HMA/WRFchem_HMA/external/io_netcdf -I/glade/work/rkumar/NASA_HMA/WRFchem_HMA/external/io_int -I/glade/work/rkumar/NASA_HMA/WRFchem_HMA/frame -I/glade/work/rkumar/NASA_HMA/WRFchem_HMA/share -I/glade/work/rkumar/NASA_HMA/WRFchem_HMA/phys -I/glade/work/rkumar/NASA_HMA/WRFchem_HMA/chem -I/glade/work/rkumar/NASA_HMA/WRFchem_HMA/inc -I/glade/u/apps/ch/opt/netcdf/4.8.1/intel/19.1.1//include  -real-size `expr 8 \* 4` -i4  module_mosaic_driver.f90

real	3m2.893s
user	3m1.789s
sys	0m0.984s
rm -f module_optical_averaging.o
sed -e "s/grid%mu/gridmu/g" -e "s/grid%Mu/gridMu/g" -e "s/^\!.*'.*//" -e "s/^ *\!.*'.*//" module_optical_averaging.F > module_optical_averaging.G
/lib/cpp -P -nostdinc -I/glade/work/rkumar/NASA_HMA/WRFchem_HMA/inc -DEM_CORE=1 -DNMM_CORE=0 -DNMM_MAX_DIM=2600 -DCOAMPS_CORE=0 -DDA_CORE=0 -DEXP_CORE=0 -DIWORDSIZE=4 -DDWORDSIZE=8 -DRWORDSIZE=4 -DLWORDSIZE=4 -DNONSTANDARD_SYSTEM_FUNC  -DWRF_USE_CLM  -DSNICAR_FRC    -DDM_PARALLEL -DNETCDF -DUSE_ALLOCATABLES -DGRIB1 -DINTIO -DKEEP_INT_AROUND -DLIMIT_ARGS -DCONFIG_BUF_LEN=65536 -DMAX_DOMAINS_F=21 -DMAX_HISTORY=25 -DNMM_NEST=0 -DWRF_CHEM -DBUILD_CHEM=1 -DWRF_KPP -I. -traditional-cpp   module_optical_averaging.G  > module_optical_averaging.H
sed -e "s/gridmu/grid%mu/g" -e "s/gridMu/grid%Mu/g" module_optical_averaging.H > module_optical_averaging.bb
/glade/work/rkumar/NASA_HMA/WRFchem_HMA/tools/standard.exe module_optical_averaging.bb | /lib/cpp -P -nostdinc -traditional-cpp > module_optical_averaging.f90
rm -f module_optical_averaging.G module_optical_averaging.H module_optical_averaging.bb
time mpif90 -f90=ifort -o module_optical_averaging.o -c -O3 -ip -fp-model precise -w -ftz -align all -fno-alias -FR -convert big_endian    -I../dyn_em -I../dyn_nmm   -I/glade/work/rkumar/NASA_HMA/WRFchem_HMA/external/esmf_time_f90  -I/glade/work/rkumar/NASA_HMA/WRFchem_HMA/main -I/glade/work/rkumar/NASA_HMA/WRFchem_HMA/external/io_netcdf -I/glade/work/rkumar/NASA_HMA/WRFchem_HMA/external/io_int -I/glade/work/rkumar/NASA_HMA/WRFchem_HMA/frame -I/glade/work/rkumar/NASA_HMA/WRFchem_HMA/share -I/glade/work/rkumar/NASA_HMA/WRFchem_HMA/phys -I/glade/work/rkumar/NASA_HMA/WRFchem_HMA/chem -I/glade/work/rkumar/NASA_HMA/WRFchem_HMA/inc -I/glade/u/apps/ch/opt/netcdf/4.8.1/intel/19.1.1//include  -real-size `expr 8 \* 4` -i4  module_optical_averaging.f90

real	0m9.706s
user	0m8.985s
sys	0m0.619s
rm -f module_plumerise1.o
sed -e "s/grid%mu/gridmu/g" -e "s/grid%Mu/gridMu/g" -e "s/^\!.*'.*//" -e "s/^ *\!.*'.*//" module_plumerise1.F > module_plumerise1.G
/lib/cpp -P -nostdinc -I/glade/work/rkumar/NASA_HMA/WRFchem_HMA/inc -DEM_CORE=1 -DNMM_CORE=0 -DNMM_MAX_DIM=2600 -DCOAMPS_CORE=0 -DDA_CORE=0 -DEXP_CORE=0 -DIWORDSIZE=4 -DDWORDSIZE=8 -DRWORDSIZE=4 -DLWORDSIZE=4 -DNONSTANDARD_SYSTEM_FUNC  -DWRF_USE_CLM  -DSNICAR_FRC    -DDM_PARALLEL -DNETCDF -DUSE_ALLOCATABLES -DGRIB1 -DINTIO -DKEEP_INT_AROUND -DLIMIT_ARGS -DCONFIG_BUF_LEN=65536 -DMAX_DOMAINS_F=21 -DMAX_HISTORY=25 -DNMM_NEST=0 -DWRF_CHEM -DBUILD_CHEM=1 -DWRF_KPP -I. -traditional-cpp   module_plumerise1.G  > module_plumerise1.H
sed -e "s/gridmu/grid%mu/g" -e "s/gridMu/grid%Mu/g" module_plumerise1.H > module_plumerise1.bb
/glade/work/rkumar/NASA_HMA/WRFchem_HMA/tools/standard.exe module_plumerise1.bb | /lib/cpp -P -nostdinc -traditional-cpp > module_plumerise1.f90
rm -f module_plumerise1.G module_plumerise1.H module_plumerise1.bb
time mpif90 -f90=ifort -o module_plumerise1.o -c -O3 -ip -fp-model precise -w -ftz -align all -fno-alias -FR -convert big_endian    -I../dyn_em -I../dyn_nmm   -I/glade/work/rkumar/NASA_HMA/WRFchem_HMA/external/esmf_time_f90  -I/glade/work/rkumar/NASA_HMA/WRFchem_HMA/main -I/glade/work/rkumar/NASA_HMA/WRFchem_HMA/external/io_netcdf -I/glade/work/rkumar/NASA_HMA/WRFchem_HMA/external/io_int -I/glade/work/rkumar/NASA_HMA/WRFchem_HMA/frame -I/glade/work/rkumar/NASA_HMA/WRFchem_HMA/share -I/glade/work/rkumar/NASA_HMA/WRFchem_HMA/phys -I/glade/work/rkumar/NASA_HMA/WRFchem_HMA/chem -I/glade/work/rkumar/NASA_HMA/WRFchem_HMA/inc -I/glade/u/apps/ch/opt/netcdf/4.8.1/intel/19.1.1//include  -real-size `expr 8 \* 4` -i4  module_plumerise1.f90

real	0m3.496s
user	0m2.885s
sys	0m0.533s
rm -f module_mosaic_drydep.o
sed -e "s/grid%mu/gridmu/g" -e "s/grid%Mu/gridMu/g" -e "s/^\!.*'.*//" -e "s/^ *\!.*'.*//" module_mosaic_drydep.F > module_mosaic_drydep.G
/lib/cpp -P -nostdinc -I/glade/work/rkumar/NASA_HMA/WRFchem_HMA/inc -DEM_CORE=1 -DNMM_CORE=0 -DNMM_MAX_DIM=2600 -DCOAMPS_CORE=0 -DDA_CORE=0 -DEXP_CORE=0 -DIWORDSIZE=4 -DDWORDSIZE=8 -DRWORDSIZE=4 -DLWORDSIZE=4 -DNONSTANDARD_SYSTEM_FUNC  -DWRF_USE_CLM  -DSNICAR_FRC    -DDM_PARALLEL -DNETCDF -DUSE_ALLOCATABLES -DGRIB1 -DINTIO -DKEEP_INT_AROUND -DLIMIT_ARGS -DCONFIG_BUF_LEN=65536 -DMAX_DOMAINS_F=21 -DMAX_HISTORY=25 -DNMM_NEST=0 -DWRF_CHEM -DBUILD_CHEM=1 -DWRF_KPP -I. -traditional-cpp   module_mosaic_drydep.G  > module_mosaic_drydep.H
sed -e "s/gridmu/grid%mu/g" -e "s/gridMu/grid%Mu/g" module_mosaic_drydep.H > module_mosaic_drydep.bb
/glade/work/rkumar/NASA_HMA/WRFchem_HMA/tools/standard.exe module_mosaic_drydep.bb | /lib/cpp -P -nostdinc -traditional-cpp > module_mosaic_drydep.f90
rm -f module_mosaic_drydep.G module_mosaic_drydep.H module_mosaic_drydep.bb
time mpif90 -f90=ifort -o module_mosaic_drydep.o -c -O3 -ip -fp-model precise -w -ftz -align all -fno-alias -FR -convert big_endian    -I../dyn_em -I../dyn_nmm   -I/glade/work/rkumar/NASA_HMA/WRFchem_HMA/external/esmf_time_f90  -I/glade/work/rkumar/NASA_HMA/WRFchem_HMA/main -I/glade/work/rkumar/NASA_HMA/WRFchem_HMA/external/io_netcdf -I/glade/work/rkumar/NASA_HMA/WRFchem_HMA/external/io_int -I/glade/work/rkumar/NASA_HMA/WRFchem_HMA/frame -I/glade/work/rkumar/NASA_HMA/WRFchem_HMA/share -I/glade/work/rkumar/NASA_HMA/WRFchem_HMA/phys -I/glade/work/rkumar/NASA_HMA/WRFchem_HMA/chem -I/glade/work/rkumar/NASA_HMA/WRFchem_HMA/inc -I/glade/u/apps/ch/opt/netcdf/4.8.1/intel/19.1.1//include  -real-size `expr 8 \* 4` -i4  module_mosaic_drydep.f90

real	0m0.923s
user	0m0.256s
sys	0m0.637s
rm -f module_cam_mam_wetscav.o
sed -e "s/grid%mu/gridmu/g" -e "s/grid%Mu/gridMu/g" -e "s/^\!.*'.*//" -e "s/^ *\!.*'.*//" module_cam_mam_wetscav.F > module_cam_mam_wetscav.G
/lib/cpp -P -nostdinc -I/glade/work/rkumar/NASA_HMA/WRFchem_HMA/inc -DEM_CORE=1 -DNMM_CORE=0 -DNMM_MAX_DIM=2600 -DCOAMPS_CORE=0 -DDA_CORE=0 -DEXP_CORE=0 -DIWORDSIZE=4 -DDWORDSIZE=8 -DRWORDSIZE=4 -DLWORDSIZE=4 -DNONSTANDARD_SYSTEM_FUNC  -DWRF_USE_CLM  -DSNICAR_FRC    -DDM_PARALLEL -DNETCDF -DUSE_ALLOCATABLES -DGRIB1 -DINTIO -DKEEP_INT_AROUND -DLIMIT_ARGS -DCONFIG_BUF_LEN=65536 -DMAX_DOMAINS_F=21 -DMAX_HISTORY=25 -DNMM_NEST=0 -DWRF_CHEM -DBUILD_CHEM=1 -DWRF_KPP -I. -traditional-cpp   module_cam_mam_wetscav.G  > module_cam_mam_wetscav.H
sed -e "s/gridmu/grid%mu/g" -e "s/gridMu/grid%Mu/g" module_cam_mam_wetscav.H > module_cam_mam_wetscav.bb
/glade/work/rkumar/NASA_HMA/WRFchem_HMA/tools/standard.exe module_cam_mam_wetscav.bb | /lib/cpp -P -nostdinc -traditional-cpp > module_cam_mam_wetscav.f90
rm -f module_cam_mam_wetscav.G module_cam_mam_wetscav.H module_cam_mam_wetscav.bb
time mpif90 -f90=ifort -o module_cam_mam_wetscav.o -c -O3 -ip -fp-model precise -w -ftz -align all -fno-alias -FR -convert big_endian    -I../dyn_em -I../dyn_nmm   -I/glade/work/rkumar/NASA_HMA/WRFchem_HMA/external/esmf_time_f90  -I/glade/work/rkumar/NASA_HMA/WRFchem_HMA/main -I/glade/work/rkumar/NASA_HMA/WRFchem_HMA/external/io_netcdf -I/glade/work/rkumar/NASA_HMA/WRFchem_HMA/external/io_int -I/glade/work/rkumar/NASA_HMA/WRFchem_HMA/frame -I/glade/work/rkumar/NASA_HMA/WRFchem_HMA/share -I/glade/work/rkumar/NASA_HMA/WRFchem_HMA/phys -I/glade/work/rkumar/NASA_HMA/WRFchem_HMA/chem -I/glade/work/rkumar/NASA_HMA/WRFchem_HMA/inc -I/glade/u/apps/ch/opt/netcdf/4.8.1/intel/19.1.1//include  -real-size `expr 8 \* 4` -i4  module_cam_mam_wetscav.f90

real	0m1.245s
user	0m0.661s
sys	0m0.500s
rm -f module_prep_wetscav_sorgam.o
sed -e "s/grid%mu/gridmu/g" -e "s/grid%Mu/gridMu/g" -e "s/^\!.*'.*//" -e "s/^ *\!.*'.*//" module_prep_wetscav_sorgam.F > module_prep_wetscav_sorgam.G
/lib/cpp -P -nostdinc -I/glade/work/rkumar/NASA_HMA/WRFchem_HMA/inc -DEM_CORE=1 -DNMM_CORE=0 -DNMM_MAX_DIM=2600 -DCOAMPS_CORE=0 -DDA_CORE=0 -DEXP_CORE=0 -DIWORDSIZE=4 -DDWORDSIZE=8 -DRWORDSIZE=4 -DLWORDSIZE=4 -DNONSTANDARD_SYSTEM_FUNC  -DWRF_USE_CLM  -DSNICAR_FRC    -DDM_PARALLEL -DNETCDF -DUSE_ALLOCATABLES -DGRIB1 -DINTIO -DKEEP_INT_AROUND -DLIMIT_ARGS -DCONFIG_BUF_LEN=65536 -DMAX_DOMAINS_F=21 -DMAX_HISTORY=25 -DNMM_NEST=0 -DWRF_CHEM -DBUILD_CHEM=1 -DWRF_KPP -I. -traditional-cpp   module_prep_wetscav_sorgam.G  > module_prep_wetscav_sorgam.H
sed -e "s/gridmu/grid%mu/g" -e "s/gridMu/grid%Mu/g" module_prep_wetscav_sorgam.H > module_prep_wetscav_sorgam.bb
/glade/work/rkumar/NASA_HMA/WRFchem_HMA/tools/standard.exe module_prep_wetscav_sorgam.bb | /lib/cpp -P -nostdinc -traditional-cpp > module_prep_wetscav_sorgam.f90
rm -f module_prep_wetscav_sorgam.G module_prep_wetscav_sorgam.H module_prep_wetscav_sorgam.bb
time mpif90 -f90=ifort -o module_prep_wetscav_sorgam.o -c -O3 -ip -fp-model precise -w -ftz -align all -fno-alias -FR -convert big_endian    -I../dyn_em -I../dyn_nmm   -I/glade/work/rkumar/NASA_HMA/WRFchem_HMA/external/esmf_time_f90  -I/glade/work/rkumar/NASA_HMA/WRFchem_HMA/main -I/glade/work/rkumar/NASA_HMA/WRFchem_HMA/external/io_netcdf -I/glade/work/rkumar/NASA_HMA/WRFchem_HMA/external/io_int -I/glade/work/rkumar/NASA_HMA/WRFchem_HMA/frame -I/glade/work/rkumar/NASA_HMA/WRFchem_HMA/share -I/glade/work/rkumar/NASA_HMA/WRFchem_HMA/phys -I/glade/work/rkumar/NASA_HMA/WRFchem_HMA/chem -I/glade/work/rkumar/NASA_HMA/WRFchem_HMA/inc -I/glade/u/apps/ch/opt/netcdf/4.8.1/intel/19.1.1//include  -real-size `expr 8 \* 4` -i4  module_prep_wetscav_sorgam.f90

real	0m1.552s
user	0m0.987s
sys	0m0.509s
rm -f module_wetscav_driver.o
sed -e "s/grid%mu/gridmu/g" -e "s/grid%Mu/gridMu/g" -e "s/^\!.*'.*//" -e "s/^ *\!.*'.*//" module_wetscav_driver.F > module_wetscav_driver.G
/lib/cpp -P -nostdinc -I/glade/work/rkumar/NASA_HMA/WRFchem_HMA/inc -DEM_CORE=1 -DNMM_CORE=0 -DNMM_MAX_DIM=2600 -DCOAMPS_CORE=0 -DDA_CORE=0 -DEXP_CORE=0 -DIWORDSIZE=4 -DDWORDSIZE=8 -DRWORDSIZE=4 -DLWORDSIZE=4 -DNONSTANDARD_SYSTEM_FUNC  -DWRF_USE_CLM  -DSNICAR_FRC    -DDM_PARALLEL -DNETCDF -DUSE_ALLOCATABLES -DGRIB1 -DINTIO -DKEEP_INT_AROUND -DLIMIT_ARGS -DCONFIG_BUF_LEN=65536 -DMAX_DOMAINS_F=21 -DMAX_HISTORY=25 -DNMM_NEST=0 -DWRF_CHEM -DBUILD_CHEM=1 -DWRF_KPP -I. -traditional-cpp   module_wetscav_driver.G  > module_wetscav_driver.H
sed -e "s/gridmu/grid%mu/g" -e "s/gridMu/grid%Mu/g" module_wetscav_driver.H > module_wetscav_driver.bb
/glade/work/rkumar/NASA_HMA/WRFchem_HMA/tools/standard.exe module_wetscav_driver.bb | /lib/cpp -P -nostdinc -traditional-cpp > module_wetscav_driver.f90
rm -f module_wetscav_driver.G module_wetscav_driver.H module_wetscav_driver.bb
time mpif90 -f90=ifort -o module_wetscav_driver.o -c -O3 -ip -fp-model precise -w -ftz -align all -fno-alias -FR -convert big_endian    -I../dyn_em -I../dyn_nmm   -I/glade/work/rkumar/NASA_HMA/WRFchem_HMA/external/esmf_time_f90  -I/glade/work/rkumar/NASA_HMA/WRFchem_HMA/main -I/glade/work/rkumar/NASA_HMA/WRFchem_HMA/external/io_netcdf -I/glade/work/rkumar/NASA_HMA/WRFchem_HMA/external/io_int -I/glade/work/rkumar/NASA_HMA/WRFchem_HMA/frame -I/glade/work/rkumar/NASA_HMA/WRFchem_HMA/share -I/glade/work/rkumar/NASA_HMA/WRFchem_HMA/phys -I/glade/work/rkumar/NASA_HMA/WRFchem_HMA/chem -I/glade/work/rkumar/NASA_HMA/WRFchem_HMA/inc -I/glade/u/apps/ch/opt/netcdf/4.8.1/intel/19.1.1//include  -real-size `expr 8 \* 4` -i4  module_wetscav_driver.f90

real	0m15.346s
user	0m14.545s
sys	0m0.681s
rm -f module_input_chem_bioemiss.o
sed -e "s/grid%mu/gridmu/g" -e "s/grid%Mu/gridMu/g" -e "s/^\!.*'.*//" -e "s/^ *\!.*'.*//" module_input_chem_bioemiss.F > module_input_chem_bioemiss.G
/lib/cpp -P -nostdinc -I/glade/work/rkumar/NASA_HMA/WRFchem_HMA/inc -DEM_CORE=1 -DNMM_CORE=0 -DNMM_MAX_DIM=2600 -DCOAMPS_CORE=0 -DDA_CORE=0 -DEXP_CORE=0 -DIWORDSIZE=4 -DDWORDSIZE=8 -DRWORDSIZE=4 -DLWORDSIZE=4 -DNONSTANDARD_SYSTEM_FUNC  -DWRF_USE_CLM  -DSNICAR_FRC    -DDM_PARALLEL -DNETCDF -DUSE_ALLOCATABLES -DGRIB1 -DINTIO -DKEEP_INT_AROUND -DLIMIT_ARGS -DCONFIG_BUF_LEN=65536 -DMAX_DOMAINS_F=21 -DMAX_HISTORY=25 -DNMM_NEST=0 -DWRF_CHEM -DBUILD_CHEM=1 -DWRF_KPP -I. -traditional-cpp   module_input_chem_bioemiss.G  > module_input_chem_bioemiss.H
sed -e "s/gridmu/grid%mu/g" -e "s/gridMu/grid%Mu/g" module_input_chem_bioemiss.H > module_input_chem_bioemiss.bb
/glade/work/rkumar/NASA_HMA/WRFchem_HMA/tools/standard.exe module_input_chem_bioemiss.bb | /lib/cpp -P -nostdinc -traditional-cpp > module_input_chem_bioemiss.f90
rm -f module_input_chem_bioemiss.G module_input_chem_bioemiss.H module_input_chem_bioemiss.bb
time mpif90 -f90=ifort -o module_input_chem_bioemiss.o -c -O3 -ip -fp-model precise -w -ftz -align all -fno-alias -FR -convert big_endian    -I../dyn_em -I../dyn_nmm   -I/glade/work/rkumar/NASA_HMA/WRFchem_HMA/external/esmf_time_f90  -I/glade/work/rkumar/NASA_HMA/WRFchem_HMA/main -I/glade/work/rkumar/NASA_HMA/WRFchem_HMA/external/io_netcdf -I/glade/work/rkumar/NASA_HMA/WRFchem_HMA/external/io_int -I/glade/work/rkumar/NASA_HMA/WRFchem_HMA/frame -I/glade/work/rkumar/NASA_HMA/WRFchem_HMA/share -I/glade/work/rkumar/NASA_HMA/WRFchem_HMA/phys -I/glade/work/rkumar/NASA_HMA/WRFchem_HMA/chem -I/glade/work/rkumar/NASA_HMA/WRFchem_HMA/inc -I/glade/u/apps/ch/opt/netcdf/4.8.1/intel/19.1.1//include  -real-size `expr 8 \* 4` -i4  module_input_chem_bioemiss.f90

real	0m4.497s
user	0m3.790s
sys	0m0.603s
rm -f module_input_dust_errosion.o
sed -e "s/grid%mu/gridmu/g" -e "s/grid%Mu/gridMu/g" -e "s/^\!.*'.*//" -e "s/^ *\!.*'.*//" module_input_dust_errosion.F > module_input_dust_errosion.G
/lib/cpp -P -nostdinc -I/glade/work/rkumar/NASA_HMA/WRFchem_HMA/inc -DEM_CORE=1 -DNMM_CORE=0 -DNMM_MAX_DIM=2600 -DCOAMPS_CORE=0 -DDA_CORE=0 -DEXP_CORE=0 -DIWORDSIZE=4 -DDWORDSIZE=8 -DRWORDSIZE=4 -DLWORDSIZE=4 -DNONSTANDARD_SYSTEM_FUNC  -DWRF_USE_CLM  -DSNICAR_FRC    -DDM_PARALLEL -DNETCDF -DUSE_ALLOCATABLES -DGRIB1 -DINTIO -DKEEP_INT_AROUND -DLIMIT_ARGS -DCONFIG_BUF_LEN=65536 -DMAX_DOMAINS_F=21 -DMAX_HISTORY=25 -DNMM_NEST=0 -DWRF_CHEM -DBUILD_CHEM=1 -DWRF_KPP -I. -traditional-cpp   module_input_dust_errosion.G  > module_input_dust_errosion.H
sed -e "s/gridmu/grid%mu/g" -e "s/gridMu/grid%Mu/g" module_input_dust_errosion.H > module_input_dust_errosion.bb
/glade/work/rkumar/NASA_HMA/WRFchem_HMA/tools/standard.exe module_input_dust_errosion.bb | /lib/cpp -P -nostdinc -traditional-cpp > module_input_dust_errosion.f90
rm -f module_input_dust_errosion.G module_input_dust_errosion.H module_input_dust_errosion.bb
time mpif90 -f90=ifort -o module_input_dust_errosion.o -c -O3 -ip -fp-model precise -w -ftz -align all -fno-alias -FR -convert big_endian    -I../dyn_em -I../dyn_nmm   -I/glade/work/rkumar/NASA_HMA/WRFchem_HMA/external/esmf_time_f90  -I/glade/work/rkumar/NASA_HMA/WRFchem_HMA/main -I/glade/work/rkumar/NASA_HMA/WRFchem_HMA/external/io_netcdf -I/glade/work/rkumar/NASA_HMA/WRFchem_HMA/external/io_int -I/glade/work/rkumar/NASA_HMA/WRFchem_HMA/frame -I/glade/work/rkumar/NASA_HMA/WRFchem_HMA/share -I/glade/work/rkumar/NASA_HMA/WRFchem_HMA/phys -I/glade/work/rkumar/NASA_HMA/WRFchem_HMA/chem -I/glade/work/rkumar/NASA_HMA/WRFchem_HMA/inc -I/glade/u/apps/ch/opt/netcdf/4.8.1/intel/19.1.1//include  -real-size `expr 8 \* 4` -i4  module_input_dust_errosion.f90

real	0m1.709s
user	0m1.114s
sys	0m0.544s
rm -f module_input_gocart_dms.o
sed -e "s/grid%mu/gridmu/g" -e "s/grid%Mu/gridMu/g" -e "s/^\!.*'.*//" -e "s/^ *\!.*'.*//" module_input_gocart_dms.F > module_input_gocart_dms.G
/lib/cpp -P -nostdinc -I/glade/work/rkumar/NASA_HMA/WRFchem_HMA/inc -DEM_CORE=1 -DNMM_CORE=0 -DNMM_MAX_DIM=2600 -DCOAMPS_CORE=0 -DDA_CORE=0 -DEXP_CORE=0 -DIWORDSIZE=4 -DDWORDSIZE=8 -DRWORDSIZE=4 -DLWORDSIZE=4 -DNONSTANDARD_SYSTEM_FUNC  -DWRF_USE_CLM  -DSNICAR_FRC    -DDM_PARALLEL -DNETCDF -DUSE_ALLOCATABLES -DGRIB1 -DINTIO -DKEEP_INT_AROUND -DLIMIT_ARGS -DCONFIG_BUF_LEN=65536 -DMAX_DOMAINS_F=21 -DMAX_HISTORY=25 -DNMM_NEST=0 -DWRF_CHEM -DBUILD_CHEM=1 -DWRF_KPP -I. -traditional-cpp   module_input_gocart_dms.G  > module_input_gocart_dms.H
sed -e "s/gridmu/grid%mu/g" -e "s/gridMu/grid%Mu/g" module_input_gocart_dms.H > module_input_gocart_dms.bb
/glade/work/rkumar/NASA_HMA/WRFchem_HMA/tools/standard.exe module_input_gocart_dms.bb | /lib/cpp -P -nostdinc -traditional-cpp > module_input_gocart_dms.f90
rm -f module_input_gocart_dms.G module_input_gocart_dms.H module_input_gocart_dms.bb
time mpif90 -f90=ifort -o module_input_gocart_dms.o -c -O3 -ip -fp-model precise -w -ftz -align all -fno-alias -FR -convert big_endian    -I../dyn_em -I../dyn_nmm   -I/glade/work/rkumar/NASA_HMA/WRFchem_HMA/external/esmf_time_f90  -I/glade/work/rkumar/NASA_HMA/WRFchem_HMA/main -I/glade/work/rkumar/NASA_HMA/WRFchem_HMA/external/io_netcdf -I/glade/work/rkumar/NASA_HMA/WRFchem_HMA/external/io_int -I/glade/work/rkumar/NASA_HMA/WRFchem_HMA/frame -I/glade/work/rkumar/NASA_HMA/WRFchem_HMA/share -I/glade/work/rkumar/NASA_HMA/WRFchem_HMA/phys -I/glade/work/rkumar/NASA_HMA/WRFchem_HMA/chem -I/glade/work/rkumar/NASA_HMA/WRFchem_HMA/inc -I/glade/u/apps/ch/opt/netcdf/4.8.1/intel/19.1.1//include  -real-size `expr 8 \* 4` -i4  module_input_gocart_dms.f90

real	0m1.627s
user	0m0.998s
sys	0m0.552s
rm -f module_cbmz_addemiss.o
sed -e "s/grid%mu/gridmu/g" -e "s/grid%Mu/gridMu/g" -e "s/^\!.*'.*//" -e "s/^ *\!.*'.*//" module_cbmz_addemiss.F > module_cbmz_addemiss.G
/lib/cpp -P -nostdinc -I/glade/work/rkumar/NASA_HMA/WRFchem_HMA/inc -DEM_CORE=1 -DNMM_CORE=0 -DNMM_MAX_DIM=2600 -DCOAMPS_CORE=0 -DDA_CORE=0 -DEXP_CORE=0 -DIWORDSIZE=4 -DDWORDSIZE=8 -DRWORDSIZE=4 -DLWORDSIZE=4 -DNONSTANDARD_SYSTEM_FUNC  -DWRF_USE_CLM  -DSNICAR_FRC    -DDM_PARALLEL -DNETCDF -DUSE_ALLOCATABLES -DGRIB1 -DINTIO -DKEEP_INT_AROUND -DLIMIT_ARGS -DCONFIG_BUF_LEN=65536 -DMAX_DOMAINS_F=21 -DMAX_HISTORY=25 -DNMM_NEST=0 -DWRF_CHEM -DBUILD_CHEM=1 -DWRF_KPP -I. -traditional-cpp   module_cbmz_addemiss.G  > module_cbmz_addemiss.H
sed -e "s/gridmu/grid%mu/g" -e "s/gridMu/grid%Mu/g" module_cbmz_addemiss.H > module_cbmz_addemiss.bb
/glade/work/rkumar/NASA_HMA/WRFchem_HMA/tools/standard.exe module_cbmz_addemiss.bb | /lib/cpp -P -nostdinc -traditional-cpp > module_cbmz_addemiss.f90
rm -f module_cbmz_addemiss.G module_cbmz_addemiss.H module_cbmz_addemiss.bb
time mpif90 -f90=ifort -o module_cbmz_addemiss.o -c -O3 -ip -fp-model precise -w -ftz -align all -fno-alias -FR -convert big_endian    -I../dyn_em -I../dyn_nmm   -I/glade/work/rkumar/NASA_HMA/WRFchem_HMA/external/esmf_time_f90  -I/glade/work/rkumar/NASA_HMA/WRFchem_HMA/main -I/glade/work/rkumar/NASA_HMA/WRFchem_HMA/external/io_netcdf -I/glade/work/rkumar/NASA_HMA/WRFchem_HMA/external/io_int -I/glade/work/rkumar/NASA_HMA/WRFchem_HMA/frame -I/glade/work/rkumar/NASA_HMA/WRFchem_HMA/share -I/glade/work/rkumar/NASA_HMA/WRFchem_HMA/phys -I/glade/work/rkumar/NASA_HMA/WRFchem_HMA/chem -I/glade/work/rkumar/NASA_HMA/WRFchem_HMA/inc -I/glade/u/apps/ch/opt/netcdf/4.8.1/intel/19.1.1//include  -real-size `expr 8 \* 4` -i4  module_cbmz_addemiss.f90

real	0m2.127s
user	0m1.551s
sys	0m0.514s
rm -f module_cbm4_addemiss.o
sed -e "s/grid%mu/gridmu/g" -e "s/grid%Mu/gridMu/g" -e "s/^\!.*'.*//" -e "s/^ *\!.*'.*//" module_cbm4_addemiss.F > module_cbm4_addemiss.G
/lib/cpp -P -nostdinc -I/glade/work/rkumar/NASA_HMA/WRFchem_HMA/inc -DEM_CORE=1 -DNMM_CORE=0 -DNMM_MAX_DIM=2600 -DCOAMPS_CORE=0 -DDA_CORE=0 -DEXP_CORE=0 -DIWORDSIZE=4 -DDWORDSIZE=8 -DRWORDSIZE=4 -DLWORDSIZE=4 -DNONSTANDARD_SYSTEM_FUNC  -DWRF_USE_CLM  -DSNICAR_FRC    -DDM_PARALLEL -DNETCDF -DUSE_ALLOCATABLES -DGRIB1 -DINTIO -DKEEP_INT_AROUND -DLIMIT_ARGS -DCONFIG_BUF_LEN=65536 -DMAX_DOMAINS_F=21 -DMAX_HISTORY=25 -DNMM_NEST=0 -DWRF_CHEM -DBUILD_CHEM=1 -DWRF_KPP -I. -traditional-cpp   module_cbm4_addemiss.G  > module_cbm4_addemiss.H
sed -e "s/gridmu/grid%mu/g" -e "s/gridMu/grid%Mu/g" module_cbm4_addemiss.H > module_cbm4_addemiss.bb
/glade/work/rkumar/NASA_HMA/WRFchem_HMA/tools/standard.exe module_cbm4_addemiss.bb | /lib/cpp -P -nostdinc -traditional-cpp > module_cbm4_addemiss.f90
rm -f module_cbm4_addemiss.G module_cbm4_addemiss.H module_cbm4_addemiss.bb
time mpif90 -f90=ifort -o module_cbm4_addemiss.o -c -O3 -ip -fp-model precise -w -ftz -align all -fno-alias -FR -convert big_endian    -I../dyn_em -I../dyn_nmm   -I/glade/work/rkumar/NASA_HMA/WRFchem_HMA/external/esmf_time_f90  -I/glade/work/rkumar/NASA_HMA/WRFchem_HMA/main -I/glade/work/rkumar/NASA_HMA/WRFchem_HMA/external/io_netcdf -I/glade/work/rkumar/NASA_HMA/WRFchem_HMA/external/io_int -I/glade/work/rkumar/NASA_HMA/WRFchem_HMA/frame -I/glade/work/rkumar/NASA_HMA/WRFchem_HMA/share -I/glade/work/rkumar/NASA_HMA/WRFchem_HMA/phys -I/glade/work/rkumar/NASA_HMA/WRFchem_HMA/chem -I/glade/work/rkumar/NASA_HMA/WRFchem_HMA/inc -I/glade/u/apps/ch/opt/netcdf/4.8.1/intel/19.1.1//include  -real-size `expr 8 \* 4` -i4  module_cbm4_addemiss.f90

real	0m1.525s
user	0m0.959s
sys	0m0.473s
rm -f module_cb05_addemiss.o
sed -e "s/grid%mu/gridmu/g" -e "s/grid%Mu/gridMu/g" -e "s/^\!.*'.*//" -e "s/^ *\!.*'.*//" module_cb05_addemiss.F > module_cb05_addemiss.G
/lib/cpp -P -nostdinc -I/glade/work/rkumar/NASA_HMA/WRFchem_HMA/inc -DEM_CORE=1 -DNMM_CORE=0 -DNMM_MAX_DIM=2600 -DCOAMPS_CORE=0 -DDA_CORE=0 -DEXP_CORE=0 -DIWORDSIZE=4 -DDWORDSIZE=8 -DRWORDSIZE=4 -DLWORDSIZE=4 -DNONSTANDARD_SYSTEM_FUNC  -DWRF_USE_CLM  -DSNICAR_FRC    -DDM_PARALLEL -DNETCDF -DUSE_ALLOCATABLES -DGRIB1 -DINTIO -DKEEP_INT_AROUND -DLIMIT_ARGS -DCONFIG_BUF_LEN=65536 -DMAX_DOMAINS_F=21 -DMAX_HISTORY=25 -DNMM_NEST=0 -DWRF_CHEM -DBUILD_CHEM=1 -DWRF_KPP -I. -traditional-cpp   module_cb05_addemiss.G  > module_cb05_addemiss.H
sed -e "s/gridmu/grid%mu/g" -e "s/gridMu/grid%Mu/g" module_cb05_addemiss.H > module_cb05_addemiss.bb
/glade/work/rkumar/NASA_HMA/WRFchem_HMA/tools/standard.exe module_cb05_addemiss.bb | /lib/cpp -P -nostdinc -traditional-cpp > module_cb05_addemiss.f90
rm -f module_cb05_addemiss.G module_cb05_addemiss.H module_cb05_addemiss.bb
time mpif90 -f90=ifort -o module_cb05_addemiss.o -c -O3 -ip -fp-model precise -w -ftz -align all -fno-alias -FR -convert big_endian    -I../dyn_em -I../dyn_nmm   -I/glade/work/rkumar/NASA_HMA/WRFchem_HMA/external/esmf_time_f90  -I/glade/work/rkumar/NASA_HMA/WRFchem_HMA/main -I/glade/work/rkumar/NASA_HMA/WRFchem_HMA/external/io_netcdf -I/glade/work/rkumar/NASA_HMA/WRFchem_HMA/external/io_int -I/glade/work/rkumar/NASA_HMA/WRFchem_HMA/frame -I/glade/work/rkumar/NASA_HMA/WRFchem_HMA/share -I/glade/work/rkumar/NASA_HMA/WRFchem_HMA/phys -I/glade/work/rkumar/NASA_HMA/WRFchem_HMA/chem -I/glade/work/rkumar/NASA_HMA/WRFchem_HMA/inc -I/glade/u/apps/ch/opt/netcdf/4.8.1/intel/19.1.1//include  -real-size `expr 8 \* 4` -i4  module_cb05_addemiss.f90

real	0m1.344s
user	0m0.777s
sys	0m0.487s
rm -f module_emissions_anthropogenics.o
sed -e "s/grid%mu/gridmu/g" -e "s/grid%Mu/gridMu/g" -e "s/^\!.*'.*//" -e "s/^ *\!.*'.*//" module_emissions_anthropogenics.F > module_emissions_anthropogenics.G
/lib/cpp -P -nostdinc -I/glade/work/rkumar/NASA_HMA/WRFchem_HMA/inc -DEM_CORE=1 -DNMM_CORE=0 -DNMM_MAX_DIM=2600 -DCOAMPS_CORE=0 -DDA_CORE=0 -DEXP_CORE=0 -DIWORDSIZE=4 -DDWORDSIZE=8 -DRWORDSIZE=4 -DLWORDSIZE=4 -DNONSTANDARD_SYSTEM_FUNC  -DWRF_USE_CLM  -DSNICAR_FRC    -DDM_PARALLEL -DNETCDF -DUSE_ALLOCATABLES -DGRIB1 -DINTIO -DKEEP_INT_AROUND -DLIMIT_ARGS -DCONFIG_BUF_LEN=65536 -DMAX_DOMAINS_F=21 -DMAX_HISTORY=25 -DNMM_NEST=0 -DWRF_CHEM -DBUILD_CHEM=1 -DWRF_KPP -I. -traditional-cpp   module_emissions_anthropogenics.G  > module_emissions_anthropogenics.H
sed -e "s/gridmu/grid%mu/g" -e "s/gridMu/grid%Mu/g" module_emissions_anthropogenics.H > module_emissions_anthropogenics.bb
/glade/work/rkumar/NASA_HMA/WRFchem_HMA/tools/standard.exe module_emissions_anthropogenics.bb | /lib/cpp -P -nostdinc -traditional-cpp > module_emissions_anthropogenics.f90
rm -f module_emissions_anthropogenics.G module_emissions_anthropogenics.H module_emissions_anthropogenics.bb
time mpif90 -f90=ifort -o module_emissions_anthropogenics.o -c -O3 -ip -fp-model precise -w -ftz -align all -fno-alias -FR -convert big_endian    -I../dyn_em -I../dyn_nmm   -I/glade/work/rkumar/NASA_HMA/WRFchem_HMA/external/esmf_time_f90  -I/glade/work/rkumar/NASA_HMA/WRFchem_HMA/main -I/glade/work/rkumar/NASA_HMA/WRFchem_HMA/external/io_netcdf -I/glade/work/rkumar/NASA_HMA/WRFchem_HMA/external/io_int -I/glade/work/rkumar/NASA_HMA/WRFchem_HMA/frame -I/glade/work/rkumar/NASA_HMA/WRFchem_HMA/share -I/glade/work/rkumar/NASA_HMA/WRFchem_HMA/phys -I/glade/work/rkumar/NASA_HMA/WRFchem_HMA/chem -I/glade/work/rkumar/NASA_HMA/WRFchem_HMA/inc -I/glade/u/apps/ch/opt/netcdf/4.8.1/intel/19.1.1//include  -real-size `expr 8 \* 4` -i4  module_emissions_anthropogenics.f90

real	0m12.872s
user	0m12.162s
sys	0m0.647s
rm -f module_cam_mam_wateruptake.o
sed -e "s/grid%mu/gridmu/g" -e "s/grid%Mu/gridMu/g" -e "s/^\!.*'.*//" -e "s/^ *\!.*'.*//" module_cam_mam_wateruptake.F > module_cam_mam_wateruptake.G
/lib/cpp -P -nostdinc -I/glade/work/rkumar/NASA_HMA/WRFchem_HMA/inc -DEM_CORE=1 -DNMM_CORE=0 -DNMM_MAX_DIM=2600 -DCOAMPS_CORE=0 -DDA_CORE=0 -DEXP_CORE=0 -DIWORDSIZE=4 -DDWORDSIZE=8 -DRWORDSIZE=4 -DLWORDSIZE=4 -DNONSTANDARD_SYSTEM_FUNC  -DWRF_USE_CLM  -DSNICAR_FRC    -DDM_PARALLEL -DNETCDF -DUSE_ALLOCATABLES -DGRIB1 -DINTIO -DKEEP_INT_AROUND -DLIMIT_ARGS -DCONFIG_BUF_LEN=65536 -DMAX_DOMAINS_F=21 -DMAX_HISTORY=25 -DNMM_NEST=0 -DWRF_CHEM -DBUILD_CHEM=1 -DWRF_KPP -I. -traditional-cpp   module_cam_mam_wateruptake.G  > module_cam_mam_wateruptake.H
sed -e "s/gridmu/grid%mu/g" -e "s/gridMu/grid%Mu/g" module_cam_mam_wateruptake.H > module_cam_mam_wateruptake.bb
/glade/work/rkumar/NASA_HMA/WRFchem_HMA/tools/standard.exe module_cam_mam_wateruptake.bb | /lib/cpp -P -nostdinc -traditional-cpp > module_cam_mam_wateruptake.f90
rm -f module_cam_mam_wateruptake.G module_cam_mam_wateruptake.H module_cam_mam_wateruptake.bb
time mpif90 -f90=ifort -o module_cam_mam_wateruptake.o -c -O3 -ip -fp-model precise -w -ftz -align all -fno-alias -FR -convert big_endian    -I../dyn_em -I../dyn_nmm   -I/glade/work/rkumar/NASA_HMA/WRFchem_HMA/external/esmf_time_f90  -I/glade/work/rkumar/NASA_HMA/WRFchem_HMA/main -I/glade/work/rkumar/NASA_HMA/WRFchem_HMA/external/io_netcdf -I/glade/work/rkumar/NASA_HMA/WRFchem_HMA/external/io_int -I/glade/work/rkumar/NASA_HMA/WRFchem_HMA/frame -I/glade/work/rkumar/NASA_HMA/WRFchem_HMA/share -I/glade/work/rkumar/NASA_HMA/WRFchem_HMA/phys -I/glade/work/rkumar/NASA_HMA/WRFchem_HMA/chem -I/glade/work/rkumar/NASA_HMA/WRFchem_HMA/inc -I/glade/u/apps/ch/opt/netcdf/4.8.1/intel/19.1.1//include  -real-size `expr 8 \* 4` -i4  module_cam_mam_wateruptake.f90

real	0m1.028s
user	0m0.463s
sys	0m0.535s
rm -f module_cam_mam_aerchem_driver.o
sed -e "s/grid%mu/gridmu/g" -e "s/grid%Mu/gridMu/g" -e "s/^\!.*'.*//" -e "s/^ *\!.*'.*//" module_cam_mam_aerchem_driver.F > module_cam_mam_aerchem_driver.G
/lib/cpp -P -nostdinc -I/glade/work/rkumar/NASA_HMA/WRFchem_HMA/inc -DEM_CORE=1 -DNMM_CORE=0 -DNMM_MAX_DIM=2600 -DCOAMPS_CORE=0 -DDA_CORE=0 -DEXP_CORE=0 -DIWORDSIZE=4 -DDWORDSIZE=8 -DRWORDSIZE=4 -DLWORDSIZE=4 -DNONSTANDARD_SYSTEM_FUNC  -DWRF_USE_CLM  -DSNICAR_FRC    -DDM_PARALLEL -DNETCDF -DUSE_ALLOCATABLES -DGRIB1 -DINTIO -DKEEP_INT_AROUND -DLIMIT_ARGS -DCONFIG_BUF_LEN=65536 -DMAX_DOMAINS_F=21 -DMAX_HISTORY=25 -DNMM_NEST=0 -DWRF_CHEM -DBUILD_CHEM=1 -DWRF_KPP -I. -traditional-cpp   module_cam_mam_aerchem_driver.G  > module_cam_mam_aerchem_driver.H
sed -e "s/gridmu/grid%mu/g" -e "s/gridMu/grid%Mu/g" module_cam_mam_aerchem_driver.H > module_cam_mam_aerchem_driver.bb
/glade/work/rkumar/NASA_HMA/WRFchem_HMA/tools/standard.exe module_cam_mam_aerchem_driver.bb | /lib/cpp -P -nostdinc -traditional-cpp > module_cam_mam_aerchem_driver.f90
rm -f module_cam_mam_aerchem_driver.G module_cam_mam_aerchem_driver.H module_cam_mam_aerchem_driver.bb
time mpif90 -f90=ifort -o module_cam_mam_aerchem_driver.o -c -O3 -ip -fp-model precise -w -ftz -align all -fno-alias -FR -convert big_endian    -I../dyn_em -I../dyn_nmm   -I/glade/work/rkumar/NASA_HMA/WRFchem_HMA/external/esmf_time_f90  -I/glade/work/rkumar/NASA_HMA/WRFchem_HMA/main -I/glade/work/rkumar/NASA_HMA/WRFchem_HMA/external/io_netcdf -I/glade/work/rkumar/NASA_HMA/WRFchem_HMA/external/io_int -I/glade/work/rkumar/NASA_HMA/WRFchem_HMA/frame -I/glade/work/rkumar/NASA_HMA/WRFchem_HMA/share -I/glade/work/rkumar/NASA_HMA/WRFchem_HMA/phys -I/glade/work/rkumar/NASA_HMA/WRFchem_HMA/chem -I/glade/work/rkumar/NASA_HMA/WRFchem_HMA/inc -I/glade/u/apps/ch/opt/netcdf/4.8.1/intel/19.1.1//include  -real-size `expr 8 \* 4` -i4  module_cam_mam_aerchem_driver.f90

real	0m2.250s
user	0m1.577s
sys	0m0.585s
rm -f module_aer_drydep.o
sed -e "s/grid%mu/gridmu/g" -e "s/grid%Mu/gridMu/g" -e "s/^\!.*'.*//" -e "s/^ *\!.*'.*//" module_aer_drydep.F > module_aer_drydep.G
/lib/cpp -P -nostdinc -I/glade/work/rkumar/NASA_HMA/WRFchem_HMA/inc -DEM_CORE=1 -DNMM_CORE=0 -DNMM_MAX_DIM=2600 -DCOAMPS_CORE=0 -DDA_CORE=0 -DEXP_CORE=0 -DIWORDSIZE=4 -DDWORDSIZE=8 -DRWORDSIZE=4 -DLWORDSIZE=4 -DNONSTANDARD_SYSTEM_FUNC  -DWRF_USE_CLM  -DSNICAR_FRC    -DDM_PARALLEL -DNETCDF -DUSE_ALLOCATABLES -DGRIB1 -DINTIO -DKEEP_INT_AROUND -DLIMIT_ARGS -DCONFIG_BUF_LEN=65536 -DMAX_DOMAINS_F=21 -DMAX_HISTORY=25 -DNMM_NEST=0 -DWRF_CHEM -DBUILD_CHEM=1 -DWRF_KPP -I. -traditional-cpp   module_aer_drydep.G  > module_aer_drydep.H
sed -e "s/gridmu/grid%mu/g" -e "s/gridMu/grid%Mu/g" module_aer_drydep.H > module_aer_drydep.bb
/glade/work/rkumar/NASA_HMA/WRFchem_HMA/tools/standard.exe module_aer_drydep.bb | /lib/cpp -P -nostdinc -traditional-cpp > module_aer_drydep.f90
rm -f module_aer_drydep.G module_aer_drydep.H module_aer_drydep.bb
time mpif90 -f90=ifort -o module_aer_drydep.o -c -O3 -ip -fp-model precise -w -ftz -align all -fno-alias -FR -convert big_endian    -I../dyn_em -I../dyn_nmm   -I/glade/work/rkumar/NASA_HMA/WRFchem_HMA/external/esmf_time_f90  -I/glade/work/rkumar/NASA_HMA/WRFchem_HMA/main -I/glade/work/rkumar/NASA_HMA/WRFchem_HMA/external/io_netcdf -I/glade/work/rkumar/NASA_HMA/WRFchem_HMA/external/io_int -I/glade/work/rkumar/NASA_HMA/WRFchem_HMA/frame -I/glade/work/rkumar/NASA_HMA/WRFchem_HMA/share -I/glade/work/rkumar/NASA_HMA/WRFchem_HMA/phys -I/glade/work/rkumar/NASA_HMA/WRFchem_HMA/chem -I/glade/work/rkumar/NASA_HMA/WRFchem_HMA/inc -I/glade/u/apps/ch/opt/netcdf/4.8.1/intel/19.1.1//include  -real-size `expr 8 \* 4` -i4  module_aer_drydep.f90

real	0m2.886s
user	0m2.218s
sys	0m0.614s
rm -f module_cam_mam_dust_sediment.o
sed -e "s/grid%mu/gridmu/g" -e "s/grid%Mu/gridMu/g" -e "s/^\!.*'.*//" -e "s/^ *\!.*'.*//" module_cam_mam_dust_sediment.F > module_cam_mam_dust_sediment.G
/lib/cpp -P -nostdinc -I/glade/work/rkumar/NASA_HMA/WRFchem_HMA/inc -DEM_CORE=1 -DNMM_CORE=0 -DNMM_MAX_DIM=2600 -DCOAMPS_CORE=0 -DDA_CORE=0 -DEXP_CORE=0 -DIWORDSIZE=4 -DDWORDSIZE=8 -DRWORDSIZE=4 -DLWORDSIZE=4 -DNONSTANDARD_SYSTEM_FUNC  -DWRF_USE_CLM  -DSNICAR_FRC    -DDM_PARALLEL -DNETCDF -DUSE_ALLOCATABLES -DGRIB1 -DINTIO -DKEEP_INT_AROUND -DLIMIT_ARGS -DCONFIG_BUF_LEN=65536 -DMAX_DOMAINS_F=21 -DMAX_HISTORY=25 -DNMM_NEST=0 -DWRF_CHEM -DBUILD_CHEM=1 -DWRF_KPP -I. -traditional-cpp   module_cam_mam_dust_sediment.G  > module_cam_mam_dust_sediment.H
sed -e "s/gridmu/grid%mu/g" -e "s/gridMu/grid%Mu/g" module_cam_mam_dust_sediment.H > module_cam_mam_dust_sediment.bb
/glade/work/rkumar/NASA_HMA/WRFchem_HMA/tools/standard.exe module_cam_mam_dust_sediment.bb | /lib/cpp -P -nostdinc -traditional-cpp > module_cam_mam_dust_sediment.f90
rm -f module_cam_mam_dust_sediment.G module_cam_mam_dust_sediment.H module_cam_mam_dust_sediment.bb
time mpif90 -f90=ifort -o module_cam_mam_dust_sediment.o -c -O3 -ip -fp-model precise -w -ftz -align all -fno-alias -FR -convert big_endian    -I../dyn_em -I../dyn_nmm   -I/glade/work/rkumar/NASA_HMA/WRFchem_HMA/external/esmf_time_f90  -I/glade/work/rkumar/NASA_HMA/WRFchem_HMA/main -I/glade/work/rkumar/NASA_HMA/WRFchem_HMA/external/io_netcdf -I/glade/work/rkumar/NASA_HMA/WRFchem_HMA/external/io_int -I/glade/work/rkumar/NASA_HMA/WRFchem_HMA/frame -I/glade/work/rkumar/NASA_HMA/WRFchem_HMA/share -I/glade/work/rkumar/NASA_HMA/WRFchem_HMA/phys -I/glade/work/rkumar/NASA_HMA/WRFchem_HMA/chem -I/glade/work/rkumar/NASA_HMA/WRFchem_HMA/inc -I/glade/u/apps/ch/opt/netcdf/4.8.1/intel/19.1.1//include  -real-size `expr 8 \* 4` -i4  module_cam_mam_dust_sediment.f90

real	0m0.573s
user	0m0.067s
sys	0m0.453s
rm -f module_cam_mam_drydep.o
sed -e "s/grid%mu/gridmu/g" -e "s/grid%Mu/gridMu/g" -e "s/^\!.*'.*//" -e "s/^ *\!.*'.*//" module_cam_mam_drydep.F > module_cam_mam_drydep.G
/lib/cpp -P -nostdinc -I/glade/work/rkumar/NASA_HMA/WRFchem_HMA/inc -DEM_CORE=1 -DNMM_CORE=0 -DNMM_MAX_DIM=2600 -DCOAMPS_CORE=0 -DDA_CORE=0 -DEXP_CORE=0 -DIWORDSIZE=4 -DDWORDSIZE=8 -DRWORDSIZE=4 -DLWORDSIZE=4 -DNONSTANDARD_SYSTEM_FUNC  -DWRF_USE_CLM  -DSNICAR_FRC    -DDM_PARALLEL -DNETCDF -DUSE_ALLOCATABLES -DGRIB1 -DINTIO -DKEEP_INT_AROUND -DLIMIT_ARGS -DCONFIG_BUF_LEN=65536 -DMAX_DOMAINS_F=21 -DMAX_HISTORY=25 -DNMM_NEST=0 -DWRF_CHEM -DBUILD_CHEM=1 -DWRF_KPP -I. -traditional-cpp   module_cam_mam_drydep.G  > module_cam_mam_drydep.H
sed -e "s/gridmu/grid%mu/g" -e "s/gridMu/grid%Mu/g" module_cam_mam_drydep.H > module_cam_mam_drydep.bb
/glade/work/rkumar/NASA_HMA/WRFchem_HMA/tools/standard.exe module_cam_mam_drydep.bb | /lib/cpp -P -nostdinc -traditional-cpp > module_cam_mam_drydep.f90
rm -f module_cam_mam_drydep.G module_cam_mam_drydep.H module_cam_mam_drydep.bb
time mpif90 -f90=ifort -o module_cam_mam_drydep.o -c -O3 -ip -fp-model precise -w -ftz -align all -fno-alias -FR -convert big_endian    -I../dyn_em -I../dyn_nmm   -I/glade/work/rkumar/NASA_HMA/WRFchem_HMA/external/esmf_time_f90  -I/glade/work/rkumar/NASA_HMA/WRFchem_HMA/main -I/glade/work/rkumar/NASA_HMA/WRFchem_HMA/external/io_netcdf -I/glade/work/rkumar/NASA_HMA/WRFchem_HMA/external/io_int -I/glade/work/rkumar/NASA_HMA/WRFchem_HMA/frame -I/glade/work/rkumar/NASA_HMA/WRFchem_HMA/share -I/glade/work/rkumar/NASA_HMA/WRFchem_HMA/phys -I/glade/work/rkumar/NASA_HMA/WRFchem_HMA/chem -I/glade/work/rkumar/NASA_HMA/WRFchem_HMA/inc -I/glade/u/apps/ch/opt/netcdf/4.8.1/intel/19.1.1//include  -real-size `expr 8 \* 4` -i4  module_cam_mam_drydep.f90

real	0m0.688s
user	0m0.115s
sys	0m0.519s
rm -f module_cam_mam_addemiss.o
sed -e "s/grid%mu/gridmu/g" -e "s/grid%Mu/gridMu/g" -e "s/^\!.*'.*//" -e "s/^ *\!.*'.*//" module_cam_mam_addemiss.F > module_cam_mam_addemiss.G
/lib/cpp -P -nostdinc -I/glade/work/rkumar/NASA_HMA/WRFchem_HMA/inc -DEM_CORE=1 -DNMM_CORE=0 -DNMM_MAX_DIM=2600 -DCOAMPS_CORE=0 -DDA_CORE=0 -DEXP_CORE=0 -DIWORDSIZE=4 -DDWORDSIZE=8 -DRWORDSIZE=4 -DLWORDSIZE=4 -DNONSTANDARD_SYSTEM_FUNC  -DWRF_USE_CLM  -DSNICAR_FRC    -DDM_PARALLEL -DNETCDF -DUSE_ALLOCATABLES -DGRIB1 -DINTIO -DKEEP_INT_AROUND -DLIMIT_ARGS -DCONFIG_BUF_LEN=65536 -DMAX_DOMAINS_F=21 -DMAX_HISTORY=25 -DNMM_NEST=0 -DWRF_CHEM -DBUILD_CHEM=1 -DWRF_KPP -I. -traditional-cpp   module_cam_mam_addemiss.G  > module_cam_mam_addemiss.H
sed -e "s/gridmu/grid%mu/g" -e "s/gridMu/grid%Mu/g" module_cam_mam_addemiss.H > module_cam_mam_addemiss.bb
/glade/work/rkumar/NASA_HMA/WRFchem_HMA/tools/standard.exe module_cam_mam_addemiss.bb | /lib/cpp -P -nostdinc -traditional-cpp > module_cam_mam_addemiss.f90
rm -f module_cam_mam_addemiss.G module_cam_mam_addemiss.H module_cam_mam_addemiss.bb
time mpif90 -f90=ifort -o module_cam_mam_addemiss.o -c -O3 -ip -fp-model precise -w -ftz -align all -fno-alias -FR -convert big_endian    -I../dyn_em -I../dyn_nmm   -I/glade/work/rkumar/NASA_HMA/WRFchem_HMA/external/esmf_time_f90  -I/glade/work/rkumar/NASA_HMA/WRFchem_HMA/main -I/glade/work/rkumar/NASA_HMA/WRFchem_HMA/external/io_netcdf -I/glade/work/rkumar/NASA_HMA/WRFchem_HMA/external/io_int -I/glade/work/rkumar/NASA_HMA/WRFchem_HMA/frame -I/glade/work/rkumar/NASA_HMA/WRFchem_HMA/share -I/glade/work/rkumar/NASA_HMA/WRFchem_HMA/phys -I/glade/work/rkumar/NASA_HMA/WRFchem_HMA/chem -I/glade/work/rkumar/NASA_HMA/WRFchem_HMA/inc -I/glade/u/apps/ch/opt/netcdf/4.8.1/intel/19.1.1//include  -real-size `expr 8 \* 4` -i4  module_cam_mam_addemiss.f90

real	0m1.773s
user	0m1.207s
sys	0m0.498s
rm -f module_mosaic_cloudchem.o
sed -e "s/grid%mu/gridmu/g" -e "s/grid%Mu/gridMu/g" -e "s/^\!.*'.*//" -e "s/^ *\!.*'.*//" module_mosaic_cloudchem.F > module_mosaic_cloudchem.G
/lib/cpp -P -nostdinc -I/glade/work/rkumar/NASA_HMA/WRFchem_HMA/inc -DEM_CORE=1 -DNMM_CORE=0 -DNMM_MAX_DIM=2600 -DCOAMPS_CORE=0 -DDA_CORE=0 -DEXP_CORE=0 -DIWORDSIZE=4 -DDWORDSIZE=8 -DRWORDSIZE=4 -DLWORDSIZE=4 -DNONSTANDARD_SYSTEM_FUNC  -DWRF_USE_CLM  -DSNICAR_FRC    -DDM_PARALLEL -DNETCDF -DUSE_ALLOCATABLES -DGRIB1 -DINTIO -DKEEP_INT_AROUND -DLIMIT_ARGS -DCONFIG_BUF_LEN=65536 -DMAX_DOMAINS_F=21 -DMAX_HISTORY=25 -DNMM_NEST=0 -DWRF_CHEM -DBUILD_CHEM=1 -DWRF_KPP -I. -traditional-cpp   module_mosaic_cloudchem.G  > module_mosaic_cloudchem.H
sed -e "s/gridmu/grid%mu/g" -e "s/gridMu/grid%Mu/g" module_mosaic_cloudchem.H > module_mosaic_cloudchem.bb
/glade/work/rkumar/NASA_HMA/WRFchem_HMA/tools/standard.exe module_mosaic_cloudchem.bb | /lib/cpp -P -nostdinc -traditional-cpp > module_mosaic_cloudchem.f90
rm -f module_mosaic_cloudchem.G module_mosaic_cloudchem.H module_mosaic_cloudchem.bb
time mpif90 -f90=ifort -o module_mosaic_cloudchem.o -c -O3 -ip -fp-model precise -w -ftz -align all -fno-alias -FR -convert big_endian    -I../dyn_em -I../dyn_nmm   -I/glade/work/rkumar/NASA_HMA/WRFchem_HMA/external/esmf_time_f90  -I/glade/work/rkumar/NASA_HMA/WRFchem_HMA/main -I/glade/work/rkumar/NASA_HMA/WRFchem_HMA/external/io_netcdf -I/glade/work/rkumar/NASA_HMA/WRFchem_HMA/external/io_int -I/glade/work/rkumar/NASA_HMA/WRFchem_HMA/frame -I/glade/work/rkumar/NASA_HMA/WRFchem_HMA/share -I/glade/work/rkumar/NASA_HMA/WRFchem_HMA/phys -I/glade/work/rkumar/NASA_HMA/WRFchem_HMA/chem -I/glade/work/rkumar/NASA_HMA/WRFchem_HMA/inc -I/glade/u/apps/ch/opt/netcdf/4.8.1/intel/19.1.1//include  -real-size `expr 8 \* 4` -i4  module_mosaic_cloudchem.f90

real	0m1.453s
user	0m0.854s
sys	0m0.536s
rm -f module_sorgam_cloudchem.o
sed -e "s/grid%mu/gridmu/g" -e "s/grid%Mu/gridMu/g" -e "s/^\!.*'.*//" -e "s/^ *\!.*'.*//" module_sorgam_cloudchem.F > module_sorgam_cloudchem.G
/lib/cpp -P -nostdinc -I/glade/work/rkumar/NASA_HMA/WRFchem_HMA/inc -DEM_CORE=1 -DNMM_CORE=0 -DNMM_MAX_DIM=2600 -DCOAMPS_CORE=0 -DDA_CORE=0 -DEXP_CORE=0 -DIWORDSIZE=4 -DDWORDSIZE=8 -DRWORDSIZE=4 -DLWORDSIZE=4 -DNONSTANDARD_SYSTEM_FUNC  -DWRF_USE_CLM  -DSNICAR_FRC    -DDM_PARALLEL -DNETCDF -DUSE_ALLOCATABLES -DGRIB1 -DINTIO -DKEEP_INT_AROUND -DLIMIT_ARGS -DCONFIG_BUF_LEN=65536 -DMAX_DOMAINS_F=21 -DMAX_HISTORY=25 -DNMM_NEST=0 -DWRF_CHEM -DBUILD_CHEM=1 -DWRF_KPP -I. -traditional-cpp   module_sorgam_cloudchem.G  > module_sorgam_cloudchem.H
sed -e "s/gridmu/grid%mu/g" -e "s/gridMu/grid%Mu/g" module_sorgam_cloudchem.H > module_sorgam_cloudchem.bb
/glade/work/rkumar/NASA_HMA/WRFchem_HMA/tools/standard.exe module_sorgam_cloudchem.bb | /lib/cpp -P -nostdinc -traditional-cpp > module_sorgam_cloudchem.f90
rm -f module_sorgam_cloudchem.G module_sorgam_cloudchem.H module_sorgam_cloudchem.bb
time mpif90 -f90=ifort -o module_sorgam_cloudchem.o -c -O3 -ip -fp-model precise -w -ftz -align all -fno-alias -FR -convert big_endian    -I../dyn_em -I../dyn_nmm   -I/glade/work/rkumar/NASA_HMA/WRFchem_HMA/external/esmf_time_f90  -I/glade/work/rkumar/NASA_HMA/WRFchem_HMA/main -I/glade/work/rkumar/NASA_HMA/WRFchem_HMA/external/io_netcdf -I/glade/work/rkumar/NASA_HMA/WRFchem_HMA/external/io_int -I/glade/work/rkumar/NASA_HMA/WRFchem_HMA/frame -I/glade/work/rkumar/NASA_HMA/WRFchem_HMA/share -I/glade/work/rkumar/NASA_HMA/WRFchem_HMA/phys -I/glade/work/rkumar/NASA_HMA/WRFchem_HMA/chem -I/glade/work/rkumar/NASA_HMA/WRFchem_HMA/inc -I/glade/u/apps/ch/opt/netcdf/4.8.1/intel/19.1.1//include  -real-size `expr 8 \* 4` -i4  module_sorgam_cloudchem.f90

real	0m1.666s
user	0m1.079s
sys	0m0.558s
rm -f module_sorgam_vbs_cloudchem.o
sed -e "s/grid%mu/gridmu/g" -e "s/grid%Mu/gridMu/g" -e "s/^\!.*'.*//" -e "s/^ *\!.*'.*//" module_sorgam_vbs_cloudchem.F > module_sorgam_vbs_cloudchem.G
/lib/cpp -P -nostdinc -I/glade/work/rkumar/NASA_HMA/WRFchem_HMA/inc -DEM_CORE=1 -DNMM_CORE=0 -DNMM_MAX_DIM=2600 -DCOAMPS_CORE=0 -DDA_CORE=0 -DEXP_CORE=0 -DIWORDSIZE=4 -DDWORDSIZE=8 -DRWORDSIZE=4 -DLWORDSIZE=4 -DNONSTANDARD_SYSTEM_FUNC  -DWRF_USE_CLM  -DSNICAR_FRC    -DDM_PARALLEL -DNETCDF -DUSE_ALLOCATABLES -DGRIB1 -DINTIO -DKEEP_INT_AROUND -DLIMIT_ARGS -DCONFIG_BUF_LEN=65536 -DMAX_DOMAINS_F=21 -DMAX_HISTORY=25 -DNMM_NEST=0 -DWRF_CHEM -DBUILD_CHEM=1 -DWRF_KPP -I. -traditional-cpp   module_sorgam_vbs_cloudchem.G  > module_sorgam_vbs_cloudchem.H
sed -e "s/gridmu/grid%mu/g" -e "s/gridMu/grid%Mu/g" module_sorgam_vbs_cloudchem.H > module_sorgam_vbs_cloudchem.bb
/glade/work/rkumar/NASA_HMA/WRFchem_HMA/tools/standard.exe module_sorgam_vbs_cloudchem.bb | /lib/cpp -P -nostdinc -traditional-cpp > module_sorgam_vbs_cloudchem.f90
rm -f module_sorgam_vbs_cloudchem.G module_sorgam_vbs_cloudchem.H module_sorgam_vbs_cloudchem.bb
time mpif90 -f90=ifort -o module_sorgam_vbs_cloudchem.o -c -O3 -ip -fp-model precise -w -ftz -align all -fno-alias -FR -convert big_endian    -I../dyn_em -I../dyn_nmm   -I/glade/work/rkumar/NASA_HMA/WRFchem_HMA/external/esmf_time_f90  -I/glade/work/rkumar/NASA_HMA/WRFchem_HMA/main -I/glade/work/rkumar/NASA_HMA/WRFchem_HMA/external/io_netcdf -I/glade/work/rkumar/NASA_HMA/WRFchem_HMA/external/io_int -I/glade/work/rkumar/NASA_HMA/WRFchem_HMA/frame -I/glade/work/rkumar/NASA_HMA/WRFchem_HMA/share -I/glade/work/rkumar/NASA_HMA/WRFchem_HMA/phys -I/glade/work/rkumar/NASA_HMA/WRFchem_HMA/chem -I/glade/work/rkumar/NASA_HMA/WRFchem_HMA/inc -I/glade/u/apps/ch/opt/netcdf/4.8.1/intel/19.1.1//include  -real-size `expr 8 \* 4` -i4  module_sorgam_vbs_cloudchem.f90

real	0m1.692s
user	0m1.132s
sys	0m0.508s
rm -f module_phot_fastj.o
sed -e "s/grid%mu/gridmu/g" -e "s/grid%Mu/gridMu/g" -e "s/^\!.*'.*//" -e "s/^ *\!.*'.*//" module_phot_fastj.F > module_phot_fastj.G
/lib/cpp -P -nostdinc -I/glade/work/rkumar/NASA_HMA/WRFchem_HMA/inc -DEM_CORE=1 -DNMM_CORE=0 -DNMM_MAX_DIM=2600 -DCOAMPS_CORE=0 -DDA_CORE=0 -DEXP_CORE=0 -DIWORDSIZE=4 -DDWORDSIZE=8 -DRWORDSIZE=4 -DLWORDSIZE=4 -DNONSTANDARD_SYSTEM_FUNC  -DWRF_USE_CLM  -DSNICAR_FRC    -DDM_PARALLEL -DNETCDF -DUSE_ALLOCATABLES -DGRIB1 -DINTIO -DKEEP_INT_AROUND -DLIMIT_ARGS -DCONFIG_BUF_LEN=65536 -DMAX_DOMAINS_F=21 -DMAX_HISTORY=25 -DNMM_NEST=0 -DWRF_CHEM -DBUILD_CHEM=1 -DWRF_KPP -I. -traditional-cpp   module_phot_fastj.G  > module_phot_fastj.H
sed -e "s/gridmu/grid%mu/g" -e "s/gridMu/grid%Mu/g" module_phot_fastj.H > module_phot_fastj.bb
/glade/work/rkumar/NASA_HMA/WRFchem_HMA/tools/standard.exe module_phot_fastj.bb | /lib/cpp -P -nostdinc -traditional-cpp > module_phot_fastj.f90
rm -f module_phot_fastj.G module_phot_fastj.H module_phot_fastj.bb
time mpif90 -f90=ifort -o module_phot_fastj.o -c -O3 -ip -fp-model precise -w -ftz -align all -fno-alias -FR -convert big_endian    -I../dyn_em -I../dyn_nmm   -I/glade/work/rkumar/NASA_HMA/WRFchem_HMA/external/esmf_time_f90  -I/glade/work/rkumar/NASA_HMA/WRFchem_HMA/main -I/glade/work/rkumar/NASA_HMA/WRFchem_HMA/external/io_netcdf -I/glade/work/rkumar/NASA_HMA/WRFchem_HMA/external/io_int -I/glade/work/rkumar/NASA_HMA/WRFchem_HMA/frame -I/glade/work/rkumar/NASA_HMA/WRFchem_HMA/share -I/glade/work/rkumar/NASA_HMA/WRFchem_HMA/phys -I/glade/work/rkumar/NASA_HMA/WRFchem_HMA/chem -I/glade/work/rkumar/NASA_HMA/WRFchem_HMA/inc -I/glade/u/apps/ch/opt/netcdf/4.8.1/intel/19.1.1//include  -real-size `expr 8 \* 4` -i4  module_phot_fastj.f90

real	0m3.842s
user	0m3.250s
sys	0m0.554s
rm -f module_chem_cup.o
sed -e "s/grid%mu/gridmu/g" -e "s/grid%Mu/gridMu/g" -e "s/^\!.*'.*//" -e "s/^ *\!.*'.*//" module_chem_cup.F > module_chem_cup.G
/lib/cpp -P -nostdinc -I/glade/work/rkumar/NASA_HMA/WRFchem_HMA/inc -DEM_CORE=1 -DNMM_CORE=0 -DNMM_MAX_DIM=2600 -DCOAMPS_CORE=0 -DDA_CORE=0 -DEXP_CORE=0 -DIWORDSIZE=4 -DDWORDSIZE=8 -DRWORDSIZE=4 -DLWORDSIZE=4 -DNONSTANDARD_SYSTEM_FUNC  -DWRF_USE_CLM  -DSNICAR_FRC    -DDM_PARALLEL -DNETCDF -DUSE_ALLOCATABLES -DGRIB1 -DINTIO -DKEEP_INT_AROUND -DLIMIT_ARGS -DCONFIG_BUF_LEN=65536 -DMAX_DOMAINS_F=21 -DMAX_HISTORY=25 -DNMM_NEST=0 -DWRF_CHEM -DBUILD_CHEM=1 -DWRF_KPP -I. -traditional-cpp   module_chem_cup.G  > module_chem_cup.H
sed -e "s/gridmu/grid%mu/g" -e "s/gridMu/grid%Mu/g" module_chem_cup.H > module_chem_cup.bb
/glade/work/rkumar/NASA_HMA/WRFchem_HMA/tools/standard.exe module_chem_cup.bb | /lib/cpp -P -nostdinc -traditional-cpp > module_chem_cup.f90
rm -f module_chem_cup.G module_chem_cup.H module_chem_cup.bb
time mpif90 -f90=ifort -o module_chem_cup.o -c -O3 -ip -fp-model precise -w -ftz -align all -fno-alias -FR -convert big_endian    -I../dyn_em -I../dyn_nmm   -I/glade/work/rkumar/NASA_HMA/WRFchem_HMA/external/esmf_time_f90  -I/glade/work/rkumar/NASA_HMA/WRFchem_HMA/main -I/glade/work/rkumar/NASA_HMA/WRFchem_HMA/external/io_netcdf -I/glade/work/rkumar/NASA_HMA/WRFchem_HMA/external/io_int -I/glade/work/rkumar/NASA_HMA/WRFchem_HMA/frame -I/glade/work/rkumar/NASA_HMA/WRFchem_HMA/share -I/glade/work/rkumar/NASA_HMA/WRFchem_HMA/phys -I/glade/work/rkumar/NASA_HMA/WRFchem_HMA/chem -I/glade/work/rkumar/NASA_HMA/WRFchem_HMA/inc -I/glade/u/apps/ch/opt/netcdf/4.8.1/intel/19.1.1//include  -real-size `expr 8 \* 4` -i4  module_chem_cup.f90

real	0m8.614s
user	0m7.914s
sys	0m0.638s
rm -f kpp_mechanism_driver.o
sed -e "s/grid%mu/gridmu/g" -e "s/grid%Mu/gridMu/g" -e "s/^\!.*'.*//" -e "s/^ *\!.*'.*//" kpp_mechanism_driver.F > kpp_mechanism_driver.G
/lib/cpp -P -nostdinc -I/glade/work/rkumar/NASA_HMA/WRFchem_HMA/inc -DEM_CORE=1 -DNMM_CORE=0 -DNMM_MAX_DIM=2600 -DCOAMPS_CORE=0 -DDA_CORE=0 -DEXP_CORE=0 -DIWORDSIZE=4 -DDWORDSIZE=8 -DRWORDSIZE=4 -DLWORDSIZE=4 -DNONSTANDARD_SYSTEM_FUNC  -DWRF_USE_CLM  -DSNICAR_FRC    -DDM_PARALLEL -DNETCDF -DUSE_ALLOCATABLES -DGRIB1 -DINTIO -DKEEP_INT_AROUND -DLIMIT_ARGS -DCONFIG_BUF_LEN=65536 -DMAX_DOMAINS_F=21 -DMAX_HISTORY=25 -DNMM_NEST=0 -DWRF_CHEM -DBUILD_CHEM=1 -DWRF_KPP -I. -traditional-cpp   kpp_mechanism_driver.G  > kpp_mechanism_driver.H
sed -e "s/gridmu/grid%mu/g" -e "s/gridMu/grid%Mu/g" kpp_mechanism_driver.H > kpp_mechanism_driver.bb
/glade/work/rkumar/NASA_HMA/WRFchem_HMA/tools/standard.exe kpp_mechanism_driver.bb | /lib/cpp -P -nostdinc -traditional-cpp > kpp_mechanism_driver.f90
rm -f kpp_mechanism_driver.G kpp_mechanism_driver.H kpp_mechanism_driver.bb
time mpif90 -f90=ifort -o kpp_mechanism_driver.o -c -O3 -ip -fp-model precise -w -ftz -align all -fno-alias -FR -convert big_endian    -I../dyn_em -I../dyn_nmm   -I/glade/work/rkumar/NASA_HMA/WRFchem_HMA/external/esmf_time_f90  -I/glade/work/rkumar/NASA_HMA/WRFchem_HMA/main -I/glade/work/rkumar/NASA_HMA/WRFchem_HMA/external/io_netcdf -I/glade/work/rkumar/NASA_HMA/WRFchem_HMA/external/io_int -I/glade/work/rkumar/NASA_HMA/WRFchem_HMA/frame -I/glade/work/rkumar/NASA_HMA/WRFchem_HMA/share -I/glade/work/rkumar/NASA_HMA/WRFchem_HMA/phys -I/glade/work/rkumar/NASA_HMA/WRFchem_HMA/chem -I/glade/work/rkumar/NASA_HMA/WRFchem_HMA/inc -I/glade/u/apps/ch/opt/netcdf/4.8.1/intel/19.1.1//include  -real-size `expr 8 \* 4` -i4  kpp_mechanism_driver.f90

real	0m1.888s
user	0m0.648s
sys	0m0.534s
rm -f chemics_init.o
sed -e "s/grid%mu/gridmu/g" -e "s/grid%Mu/gridMu/g" -e "s/^\!.*'.*//" -e "s/^ *\!.*'.*//" chemics_init.F > chemics_init.G
/lib/cpp -P -nostdinc -I/glade/work/rkumar/NASA_HMA/WRFchem_HMA/inc -DEM_CORE=1 -DNMM_CORE=0 -DNMM_MAX_DIM=2600 -DCOAMPS_CORE=0 -DDA_CORE=0 -DEXP_CORE=0 -DIWORDSIZE=4 -DDWORDSIZE=8 -DRWORDSIZE=4 -DLWORDSIZE=4 -DNONSTANDARD_SYSTEM_FUNC  -DWRF_USE_CLM  -DSNICAR_FRC    -DDM_PARALLEL -DNETCDF -DUSE_ALLOCATABLES -DGRIB1 -DINTIO -DKEEP_INT_AROUND -DLIMIT_ARGS -DCONFIG_BUF_LEN=65536 -DMAX_DOMAINS_F=21 -DMAX_HISTORY=25 -DNMM_NEST=0 -DWRF_CHEM -DBUILD_CHEM=1 -DWRF_KPP -I. -traditional-cpp   chemics_init.G  > chemics_init.H
sed -e "s/gridmu/grid%mu/g" -e "s/gridMu/grid%Mu/g" chemics_init.H > chemics_init.bb
/glade/work/rkumar/NASA_HMA/WRFchem_HMA/tools/standard.exe chemics_init.bb | /lib/cpp -P -nostdinc -traditional-cpp > chemics_init.f90
rm -f chemics_init.G chemics_init.H chemics_init.bb
time mpif90 -f90=ifort -o chemics_init.o -c -O3 -ip -fp-model precise -w -ftz -align all -fno-alias -FR -convert big_endian    -I../dyn_em -I../dyn_nmm   -I/glade/work/rkumar/NASA_HMA/WRFchem_HMA/external/esmf_time_f90  -I/glade/work/rkumar/NASA_HMA/WRFchem_HMA/main -I/glade/work/rkumar/NASA_HMA/WRFchem_HMA/external/io_netcdf -I/glade/work/rkumar/NASA_HMA/WRFchem_HMA/external/io_int -I/glade/work/rkumar/NASA_HMA/WRFchem_HMA/frame -I/glade/work/rkumar/NASA_HMA/WRFchem_HMA/share -I/glade/work/rkumar/NASA_HMA/WRFchem_HMA/phys -I/glade/work/rkumar/NASA_HMA/WRFchem_HMA/chem -I/glade/work/rkumar/NASA_HMA/WRFchem_HMA/inc -I/glade/u/apps/ch/opt/netcdf/4.8.1/intel/19.1.1//include  -real-size `expr 8 \* 4` -i4  chemics_init.f90

real	1m12.523s
user	1m11.309s
sys	0m1.037s
rm -f ../dyn_em/module_convtrans_prep.o
sed -e "s/grid%mu/gridmu/g" -e "s/grid%Mu/gridMu/g" -e "s/^\!.*'.*//" -e "s/^ *\!.*'.*//" ../dyn_em/module_convtrans_prep.F > ../dyn_em/module_convtrans_prep.G
/lib/cpp -P -nostdinc -I/glade/work/rkumar/NASA_HMA/WRFchem_HMA/inc -DEM_CORE=1 -DNMM_CORE=0 -DNMM_MAX_DIM=2600 -DCOAMPS_CORE=0 -DDA_CORE=0 -DEXP_CORE=0 -DIWORDSIZE=4 -DDWORDSIZE=8 -DRWORDSIZE=4 -DLWORDSIZE=4 -DNONSTANDARD_SYSTEM_FUNC  -DWRF_USE_CLM  -DSNICAR_FRC    -DDM_PARALLEL -DNETCDF -DUSE_ALLOCATABLES -DGRIB1 -DINTIO -DKEEP_INT_AROUND -DLIMIT_ARGS -DCONFIG_BUF_LEN=65536 -DMAX_DOMAINS_F=21 -DMAX_HISTORY=25 -DNMM_NEST=0 -DWRF_CHEM -DBUILD_CHEM=1 -DWRF_KPP -I. -traditional-cpp   ../dyn_em/module_convtrans_prep.G  > ../dyn_em/module_convtrans_prep.H
sed -e "s/gridmu/grid%mu/g" -e "s/gridMu/grid%Mu/g" ../dyn_em/module_convtrans_prep.H > ../dyn_em/module_convtrans_prep.bb
/glade/work/rkumar/NASA_HMA/WRFchem_HMA/tools/standard.exe ../dyn_em/module_convtrans_prep.bb | /lib/cpp -P -nostdinc -traditional-cpp > ../dyn_em/module_convtrans_prep.f90
rm -f ../dyn_em/module_convtrans_prep.G ../dyn_em/module_convtrans_prep.H ../dyn_em/module_convtrans_prep.bb
time mpif90 -f90=ifort -o ../dyn_em/module_convtrans_prep.o -c -O3 -ip -fp-model precise -w -ftz -align all -fno-alias -FR -convert big_endian    -I../dyn_em -I../dyn_nmm   -I/glade/work/rkumar/NASA_HMA/WRFchem_HMA/external/esmf_time_f90  -I/glade/work/rkumar/NASA_HMA/WRFchem_HMA/main -I/glade/work/rkumar/NASA_HMA/WRFchem_HMA/external/io_netcdf -I/glade/work/rkumar/NASA_HMA/WRFchem_HMA/external/io_int -I/glade/work/rkumar/NASA_HMA/WRFchem_HMA/frame -I/glade/work/rkumar/NASA_HMA/WRFchem_HMA/share -I/glade/work/rkumar/NASA_HMA/WRFchem_HMA/phys -I/glade/work/rkumar/NASA_HMA/WRFchem_HMA/chem -I/glade/work/rkumar/NASA_HMA/WRFchem_HMA/inc -I/glade/u/apps/ch/opt/netcdf/4.8.1/intel/19.1.1//include  -real-size `expr 8 \* 4` -i4  ../dyn_em/module_convtrans_prep.f90

real	0m1.066s
user	0m0.489s
sys	0m0.513s
rm -f dry_dep_driver.o
sed -e "s/grid%mu/gridmu/g" -e "s/grid%Mu/gridMu/g" -e "s/^\!.*'.*//" -e "s/^ *\!.*'.*//" dry_dep_driver.F > dry_dep_driver.G
/lib/cpp -P -nostdinc -I/glade/work/rkumar/NASA_HMA/WRFchem_HMA/inc -DEM_CORE=1 -DNMM_CORE=0 -DNMM_MAX_DIM=2600 -DCOAMPS_CORE=0 -DDA_CORE=0 -DEXP_CORE=0 -DIWORDSIZE=4 -DDWORDSIZE=8 -DRWORDSIZE=4 -DLWORDSIZE=4 -DNONSTANDARD_SYSTEM_FUNC  -DWRF_USE_CLM  -DSNICAR_FRC    -DDM_PARALLEL -DNETCDF -DUSE_ALLOCATABLES -DGRIB1 -DINTIO -DKEEP_INT_AROUND -DLIMIT_ARGS -DCONFIG_BUF_LEN=65536 -DMAX_DOMAINS_F=21 -DMAX_HISTORY=25 -DNMM_NEST=0 -DWRF_CHEM -DBUILD_CHEM=1 -DWRF_KPP -I. -traditional-cpp   dry_dep_driver.G  > dry_dep_driver.H
sed -e "s/gridmu/grid%mu/g" -e "s/gridMu/grid%Mu/g" dry_dep_driver.H > dry_dep_driver.bb
/glade/work/rkumar/NASA_HMA/WRFchem_HMA/tools/standard.exe dry_dep_driver.bb | /lib/cpp -P -nostdinc -traditional-cpp > dry_dep_driver.f90
rm -f dry_dep_driver.G dry_dep_driver.H dry_dep_driver.bb
time mpif90 -f90=ifort -o dry_dep_driver.o -c -O3 -ip -fp-model precise -w -ftz -align all -fno-alias -FR -convert big_endian    -I../dyn_em -I../dyn_nmm   -I/glade/work/rkumar/NASA_HMA/WRFchem_HMA/external/esmf_time_f90  -I/glade/work/rkumar/NASA_HMA/WRFchem_HMA/main -I/glade/work/rkumar/NASA_HMA/WRFchem_HMA/external/io_netcdf -I/glade/work/rkumar/NASA_HMA/WRFchem_HMA/external/io_int -I/glade/work/rkumar/NASA_HMA/WRFchem_HMA/frame -I/glade/work/rkumar/NASA_HMA/WRFchem_HMA/share -I/glade/work/rkumar/NASA_HMA/WRFchem_HMA/phys -I/glade/work/rkumar/NASA_HMA/WRFchem_HMA/chem -I/glade/work/rkumar/NASA_HMA/WRFchem_HMA/inc -I/glade/u/apps/ch/opt/netcdf/4.8.1/intel/19.1.1//include  -real-size `expr 8 \* 4` -i4  dry_dep_driver.f90

real	1m56.076s
user	1m54.915s
sys	0m1.047s
rm -f emissions_driver.o
sed -e "s/grid%mu/gridmu/g" -e "s/grid%Mu/gridMu/g" -e "s/^\!.*'.*//" -e "s/^ *\!.*'.*//" emissions_driver.F > emissions_driver.G
/lib/cpp -P -nostdinc -I/glade/work/rkumar/NASA_HMA/WRFchem_HMA/inc -DEM_CORE=1 -DNMM_CORE=0 -DNMM_MAX_DIM=2600 -DCOAMPS_CORE=0 -DDA_CORE=0 -DEXP_CORE=0 -DIWORDSIZE=4 -DDWORDSIZE=8 -DRWORDSIZE=4 -DLWORDSIZE=4 -DNONSTANDARD_SYSTEM_FUNC  -DWRF_USE_CLM  -DSNICAR_FRC    -DDM_PARALLEL -DNETCDF -DUSE_ALLOCATABLES -DGRIB1 -DINTIO -DKEEP_INT_AROUND -DLIMIT_ARGS -DCONFIG_BUF_LEN=65536 -DMAX_DOMAINS_F=21 -DMAX_HISTORY=25 -DNMM_NEST=0 -DWRF_CHEM -DBUILD_CHEM=1 -DWRF_KPP -I. -traditional-cpp   emissions_driver.G  > emissions_driver.H
sed -e "s/gridmu/grid%mu/g" -e "s/gridMu/grid%Mu/g" emissions_driver.H > emissions_driver.bb
/glade/work/rkumar/NASA_HMA/WRFchem_HMA/tools/standard.exe emissions_driver.bb | /lib/cpp -P -nostdinc -traditional-cpp > emissions_driver.f90
rm -f emissions_driver.G emissions_driver.H emissions_driver.bb
time mpif90 -f90=ifort -o emissions_driver.o -c -O3 -ip -fp-model precise -w -ftz -align all -fno-alias -FR -convert big_endian    -I../dyn_em -I../dyn_nmm   -I/glade/work/rkumar/NASA_HMA/WRFchem_HMA/external/esmf_time_f90  -I/glade/work/rkumar/NASA_HMA/WRFchem_HMA/main -I/glade/work/rkumar/NASA_HMA/WRFchem_HMA/external/io_netcdf -I/glade/work/rkumar/NASA_HMA/WRFchem_HMA/external/io_int -I/glade/work/rkumar/NASA_HMA/WRFchem_HMA/frame -I/glade/work/rkumar/NASA_HMA/WRFchem_HMA/share -I/glade/work/rkumar/NASA_HMA/WRFchem_HMA/phys -I/glade/work/rkumar/NASA_HMA/WRFchem_HMA/chem -I/glade/work/rkumar/NASA_HMA/WRFchem_HMA/inc -I/glade/u/apps/ch/opt/netcdf/4.8.1/intel/19.1.1//include  -real-size `expr 8 \* 4` -i4  emissions_driver.f90

real	0m7.666s
user	0m6.881s
sys	0m0.652s
rm -f chem_driver.o
sed -e "s/grid%mu/gridmu/g" -e "s/grid%Mu/gridMu/g" -e "s/^\!.*'.*//" -e "s/^ *\!.*'.*//" chem_driver.F > chem_driver.G
/lib/cpp -P -nostdinc -I/glade/work/rkumar/NASA_HMA/WRFchem_HMA/inc -DEM_CORE=1 -DNMM_CORE=0 -DNMM_MAX_DIM=2600 -DCOAMPS_CORE=0 -DDA_CORE=0 -DEXP_CORE=0 -DIWORDSIZE=4 -DDWORDSIZE=8 -DRWORDSIZE=4 -DLWORDSIZE=4 -DNONSTANDARD_SYSTEM_FUNC  -DWRF_USE_CLM  -DSNICAR_FRC    -DDM_PARALLEL -DNETCDF -DUSE_ALLOCATABLES -DGRIB1 -DINTIO -DKEEP_INT_AROUND -DLIMIT_ARGS -DCONFIG_BUF_LEN=65536 -DMAX_DOMAINS_F=21 -DMAX_HISTORY=25 -DNMM_NEST=0 -DWRF_CHEM -DBUILD_CHEM=1 -DWRF_KPP -I. -traditional-cpp   chem_driver.G  > chem_driver.H
sed -e "s/gridmu/grid%mu/g" -e "s/gridMu/grid%Mu/g" chem_driver.H > chem_driver.bb
/glade/work/rkumar/NASA_HMA/WRFchem_HMA/tools/standard.exe chem_driver.bb | /lib/cpp -P -nostdinc -traditional-cpp > chem_driver.f90
rm -f chem_driver.G chem_driver.H chem_driver.bb
time mpif90 -f90=ifort -o chem_driver.o -c -O3 -ip -fp-model precise -w -ftz -align all -fno-alias -FR -convert big_endian    -I../dyn_em -I../dyn_nmm   -I/glade/work/rkumar/NASA_HMA/WRFchem_HMA/external/esmf_time_f90  -I/glade/work/rkumar/NASA_HMA/WRFchem_HMA/main -I/glade/work/rkumar/NASA_HMA/WRFchem_HMA/external/io_netcdf -I/glade/work/rkumar/NASA_HMA/WRFchem_HMA/external/io_int -I/glade/work/rkumar/NASA_HMA/WRFchem_HMA/frame -I/glade/work/rkumar/NASA_HMA/WRFchem_HMA/share -I/glade/work/rkumar/NASA_HMA/WRFchem_HMA/phys -I/glade/work/rkumar/NASA_HMA/WRFchem_HMA/chem -I/glade/work/rkumar/NASA_HMA/WRFchem_HMA/inc -I/glade/u/apps/ch/opt/netcdf/4.8.1/intel/19.1.1//include  -real-size `expr 8 \* 4` -i4  chem_driver.f90

real	1m54.033s
user	1m47.126s
sys	0m6.640s
rm -f cloudchem_driver.o
sed -e "s/grid%mu/gridmu/g" -e "s/grid%Mu/gridMu/g" -e "s/^\!.*'.*//" -e "s/^ *\!.*'.*//" cloudchem_driver.F > cloudchem_driver.G
/lib/cpp -P -nostdinc -I/glade/work/rkumar/NASA_HMA/WRFchem_HMA/inc -DEM_CORE=1 -DNMM_CORE=0 -DNMM_MAX_DIM=2600 -DCOAMPS_CORE=0 -DDA_CORE=0 -DEXP_CORE=0 -DIWORDSIZE=4 -DDWORDSIZE=8 -DRWORDSIZE=4 -DLWORDSIZE=4 -DNONSTANDARD_SYSTEM_FUNC  -DWRF_USE_CLM  -DSNICAR_FRC    -DDM_PARALLEL -DNETCDF -DUSE_ALLOCATABLES -DGRIB1 -DINTIO -DKEEP_INT_AROUND -DLIMIT_ARGS -DCONFIG_BUF_LEN=65536 -DMAX_DOMAINS_F=21 -DMAX_HISTORY=25 -DNMM_NEST=0 -DWRF_CHEM -DBUILD_CHEM=1 -DWRF_KPP -I. -traditional-cpp   cloudchem_driver.G  > cloudchem_driver.H
sed -e "s/gridmu/grid%mu/g" -e "s/gridMu/grid%Mu/g" cloudchem_driver.H > cloudchem_driver.bb
/glade/work/rkumar/NASA_HMA/WRFchem_HMA/tools/standard.exe cloudchem_driver.bb | /lib/cpp -P -nostdinc -traditional-cpp > cloudchem_driver.f90
rm -f cloudchem_driver.G cloudchem_driver.H cloudchem_driver.bb
time mpif90 -f90=ifort -o cloudchem_driver.o -c -O3 -ip -fp-model precise -w -ftz -align all -fno-alias -FR -convert big_endian    -I../dyn_em -I../dyn_nmm   -I/glade/work/rkumar/NASA_HMA/WRFchem_HMA/external/esmf_time_f90  -I/glade/work/rkumar/NASA_HMA/WRFchem_HMA/main -I/glade/work/rkumar/NASA_HMA/WRFchem_HMA/external/io_netcdf -I/glade/work/rkumar/NASA_HMA/WRFchem_HMA/external/io_int -I/glade/work/rkumar/NASA_HMA/WRFchem_HMA/frame -I/glade/work/rkumar/NASA_HMA/WRFchem_HMA/share -I/glade/work/rkumar/NASA_HMA/WRFchem_HMA/phys -I/glade/work/rkumar/NASA_HMA/WRFchem_HMA/chem -I/glade/work/rkumar/NASA_HMA/WRFchem_HMA/inc -I/glade/u/apps/ch/opt/netcdf/4.8.1/intel/19.1.1//include  -real-size `expr 8 \* 4` -i4  cloudchem_driver.f90

real	0m0.704s
user	0m0.139s
sys	0m0.476s
rm -f photolysis_driver.o
sed -e "s/grid%mu/gridmu/g" -e "s/grid%Mu/gridMu/g" -e "s/^\!.*'.*//" -e "s/^ *\!.*'.*//" photolysis_driver.F > photolysis_driver.G
/lib/cpp -P -nostdinc -I/glade/work/rkumar/NASA_HMA/WRFchem_HMA/inc -DEM_CORE=1 -DNMM_CORE=0 -DNMM_MAX_DIM=2600 -DCOAMPS_CORE=0 -DDA_CORE=0 -DEXP_CORE=0 -DIWORDSIZE=4 -DDWORDSIZE=8 -DRWORDSIZE=4 -DLWORDSIZE=4 -DNONSTANDARD_SYSTEM_FUNC  -DWRF_USE_CLM  -DSNICAR_FRC    -DDM_PARALLEL -DNETCDF -DUSE_ALLOCATABLES -DGRIB1 -DINTIO -DKEEP_INT_AROUND -DLIMIT_ARGS -DCONFIG_BUF_LEN=65536 -DMAX_DOMAINS_F=21 -DMAX_HISTORY=25 -DNMM_NEST=0 -DWRF_CHEM -DBUILD_CHEM=1 -DWRF_KPP -I. -traditional-cpp   photolysis_driver.G  > photolysis_driver.H
sed -e "s/gridmu/grid%mu/g" -e "s/gridMu/grid%Mu/g" photolysis_driver.H > photolysis_driver.bb
/glade/work/rkumar/NASA_HMA/WRFchem_HMA/tools/standard.exe photolysis_driver.bb | /lib/cpp -P -nostdinc -traditional-cpp > photolysis_driver.f90
rm -f photolysis_driver.G photolysis_driver.H photolysis_driver.bb
time mpif90 -f90=ifort -o photolysis_driver.o -c -O3 -ip -fp-model precise -w -ftz -align all -fno-alias -FR -convert big_endian    -I../dyn_em -I../dyn_nmm   -I/glade/work/rkumar/NASA_HMA/WRFchem_HMA/external/esmf_time_f90  -I/glade/work/rkumar/NASA_HMA/WRFchem_HMA/main -I/glade/work/rkumar/NASA_HMA/WRFchem_HMA/external/io_netcdf -I/glade/work/rkumar/NASA_HMA/WRFchem_HMA/external/io_int -I/glade/work/rkumar/NASA_HMA/WRFchem_HMA/frame -I/glade/work/rkumar/NASA_HMA/WRFchem_HMA/share -I/glade/work/rkumar/NASA_HMA/WRFchem_HMA/phys -I/glade/work/rkumar/NASA_HMA/WRFchem_HMA/chem -I/glade/work/rkumar/NASA_HMA/WRFchem_HMA/inc -I/glade/u/apps/ch/opt/netcdf/4.8.1/intel/19.1.1//include  -real-size `expr 8 \* 4` -i4  photolysis_driver.f90

real	0m0.762s
user	0m0.239s
sys	0m0.467s
rm -f optical_driver.o
sed -e "s/grid%mu/gridmu/g" -e "s/grid%Mu/gridMu/g" -e "s/^\!.*'.*//" -e "s/^ *\!.*'.*//" optical_driver.F > optical_driver.G
/lib/cpp -P -nostdinc -I/glade/work/rkumar/NASA_HMA/WRFchem_HMA/inc -DEM_CORE=1 -DNMM_CORE=0 -DNMM_MAX_DIM=2600 -DCOAMPS_CORE=0 -DDA_CORE=0 -DEXP_CORE=0 -DIWORDSIZE=4 -DDWORDSIZE=8 -DRWORDSIZE=4 -DLWORDSIZE=4 -DNONSTANDARD_SYSTEM_FUNC  -DWRF_USE_CLM  -DSNICAR_FRC    -DDM_PARALLEL -DNETCDF -DUSE_ALLOCATABLES -DGRIB1 -DINTIO -DKEEP_INT_AROUND -DLIMIT_ARGS -DCONFIG_BUF_LEN=65536 -DMAX_DOMAINS_F=21 -DMAX_HISTORY=25 -DNMM_NEST=0 -DWRF_CHEM -DBUILD_CHEM=1 -DWRF_KPP -I. -traditional-cpp   optical_driver.G  > optical_driver.H
sed -e "s/gridmu/grid%mu/g" -e "s/gridMu/grid%Mu/g" optical_driver.H > optical_driver.bb
/glade/work/rkumar/NASA_HMA/WRFchem_HMA/tools/standard.exe optical_driver.bb | /lib/cpp -P -nostdinc -traditional-cpp > optical_driver.f90
rm -f optical_driver.G optical_driver.H optical_driver.bb
time mpif90 -f90=ifort -o optical_driver.o -c -O3 -ip -fp-model precise -w -ftz -align all -fno-alias -FR -convert big_endian    -I../dyn_em -I../dyn_nmm   -I/glade/work/rkumar/NASA_HMA/WRFchem_HMA/external/esmf_time_f90  -I/glade/work/rkumar/NASA_HMA/WRFchem_HMA/main -I/glade/work/rkumar/NASA_HMA/WRFchem_HMA/external/io_netcdf -I/glade/work/rkumar/NASA_HMA/WRFchem_HMA/external/io_int -I/glade/work/rkumar/NASA_HMA/WRFchem_HMA/frame -I/glade/work/rkumar/NASA_HMA/WRFchem_HMA/share -I/glade/work/rkumar/NASA_HMA/WRFchem_HMA/phys -I/glade/work/rkumar/NASA_HMA/WRFchem_HMA/chem -I/glade/work/rkumar/NASA_HMA/WRFchem_HMA/inc -I/glade/u/apps/ch/opt/netcdf/4.8.1/intel/19.1.1//include  -real-size `expr 8 \* 4` -i4  optical_driver.f90

real	0m29.326s
user	0m28.636s
sys	0m0.622s
rm -f mechanism_driver.o
sed -e "s/grid%mu/gridmu/g" -e "s/grid%Mu/gridMu/g" -e "s/^\!.*'.*//" -e "s/^ *\!.*'.*//" mechanism_driver.F > mechanism_driver.G
/lib/cpp -P -nostdinc -I/glade/work/rkumar/NASA_HMA/WRFchem_HMA/inc -DEM_CORE=1 -DNMM_CORE=0 -DNMM_MAX_DIM=2600 -DCOAMPS_CORE=0 -DDA_CORE=0 -DEXP_CORE=0 -DIWORDSIZE=4 -DDWORDSIZE=8 -DRWORDSIZE=4 -DLWORDSIZE=4 -DNONSTANDARD_SYSTEM_FUNC  -DWRF_USE_CLM  -DSNICAR_FRC    -DDM_PARALLEL -DNETCDF -DUSE_ALLOCATABLES -DGRIB1 -DINTIO -DKEEP_INT_AROUND -DLIMIT_ARGS -DCONFIG_BUF_LEN=65536 -DMAX_DOMAINS_F=21 -DMAX_HISTORY=25 -DNMM_NEST=0 -DWRF_CHEM -DBUILD_CHEM=1 -DWRF_KPP -I. -traditional-cpp   mechanism_driver.G  > mechanism_driver.H
sed -e "s/gridmu/grid%mu/g" -e "s/gridMu/grid%Mu/g" mechanism_driver.H > mechanism_driver.bb
/glade/work/rkumar/NASA_HMA/WRFchem_HMA/tools/standard.exe mechanism_driver.bb | /lib/cpp -P -nostdinc -traditional-cpp > mechanism_driver.f90
rm -f mechanism_driver.G mechanism_driver.H mechanism_driver.bb
time mpif90 -f90=ifort -o mechanism_driver.o -c -O3 -ip -fp-model precise -w -ftz -align all -fno-alias -FR -convert big_endian    -I../dyn_em -I../dyn_nmm   -I/glade/work/rkumar/NASA_HMA/WRFchem_HMA/external/esmf_time_f90  -I/glade/work/rkumar/NASA_HMA/WRFchem_HMA/main -I/glade/work/rkumar/NASA_HMA/WRFchem_HMA/external/io_netcdf -I/glade/work/rkumar/NASA_HMA/WRFchem_HMA/external/io_int -I/glade/work/rkumar/NASA_HMA/WRFchem_HMA/frame -I/glade/work/rkumar/NASA_HMA/WRFchem_HMA/share -I/glade/work/rkumar/NASA_HMA/WRFchem_HMA/phys -I/glade/work/rkumar/NASA_HMA/WRFchem_HMA/chem -I/glade/work/rkumar/NASA_HMA/WRFchem_HMA/inc -I/glade/u/apps/ch/opt/netcdf/4.8.1/intel/19.1.1//include  -real-size `expr 8 \* 4` -i4  mechanism_driver.f90

real	0m1.245s
user	0m0.656s
sys	0m0.514s
rm -f aerosol_driver.o
sed -e "s/grid%mu/gridmu/g" -e "s/grid%Mu/gridMu/g" -e "s/^\!.*'.*//" -e "s/^ *\!.*'.*//" aerosol_driver.F > aerosol_driver.G
/lib/cpp -P -nostdinc -I/glade/work/rkumar/NASA_HMA/WRFchem_HMA/inc -DEM_CORE=1 -DNMM_CORE=0 -DNMM_MAX_DIM=2600 -DCOAMPS_CORE=0 -DDA_CORE=0 -DEXP_CORE=0 -DIWORDSIZE=4 -DDWORDSIZE=8 -DRWORDSIZE=4 -DLWORDSIZE=4 -DNONSTANDARD_SYSTEM_FUNC  -DWRF_USE_CLM  -DSNICAR_FRC    -DDM_PARALLEL -DNETCDF -DUSE_ALLOCATABLES -DGRIB1 -DINTIO -DKEEP_INT_AROUND -DLIMIT_ARGS -DCONFIG_BUF_LEN=65536 -DMAX_DOMAINS_F=21 -DMAX_HISTORY=25 -DNMM_NEST=0 -DWRF_CHEM -DBUILD_CHEM=1 -DWRF_KPP -I. -traditional-cpp   aerosol_driver.G  > aerosol_driver.H
sed -e "s/gridmu/grid%mu/g" -e "s/gridMu/grid%Mu/g" aerosol_driver.H > aerosol_driver.bb
/glade/work/rkumar/NASA_HMA/WRFchem_HMA/tools/standard.exe aerosol_driver.bb | /lib/cpp -P -nostdinc -traditional-cpp > aerosol_driver.f90
rm -f aerosol_driver.G aerosol_driver.H aerosol_driver.bb
time mpif90 -f90=ifort -o aerosol_driver.o -c -O3 -ip -fp-model precise -w -ftz -align all -fno-alias -FR -convert big_endian    -I../dyn_em -I../dyn_nmm   -I/glade/work/rkumar/NASA_HMA/WRFchem_HMA/external/esmf_time_f90  -I/glade/work/rkumar/NASA_HMA/WRFchem_HMA/main -I/glade/work/rkumar/NASA_HMA/WRFchem_HMA/external/io_netcdf -I/glade/work/rkumar/NASA_HMA/WRFchem_HMA/external/io_int -I/glade/work/rkumar/NASA_HMA/WRFchem_HMA/frame -I/glade/work/rkumar/NASA_HMA/WRFchem_HMA/share -I/glade/work/rkumar/NASA_HMA/WRFchem_HMA/phys -I/glade/work/rkumar/NASA_HMA/WRFchem_HMA/chem -I/glade/work/rkumar/NASA_HMA/WRFchem_HMA/inc -I/glade/u/apps/ch/opt/netcdf/4.8.1/intel/19.1.1//include  -real-size `expr 8 \* 4` -i4  aerosol_driver.f90

real	0m0.989s
user	0m0.402s
sys	0m0.490s
ar ru ../main/libwrflib.a module_data_isrpia_data.o module_data_ISRPIA.o module_data_isrpia_asrc.o module_data_isrpia_solut.o module_data_isrpia_kmc198.o module_data_isrpia_kmc223.o module_data_isrpia_kmc248.o module_data_isrpia_kmc273.o module_data_isrpia_kmc298.o module_data_isrpia_kmc323.o module_data_isrpia_expnc.o module_data_isrpia_caseg.o module_data_isrpia_casej.o isofwd.o isorev.o isocom.o moduleHETDATA.o moduleHETAERO.o moduleAERODATA.o aerorate_so2.o module_aer_opt_out.o module_add_emiss_burn.o module_add_emis_cptec.o module_bioemi_beis314.o module_chem_utilities.o module_cmu_dvode_solver.o module_ctrans_aqchem.o module_data_cbmz.o module_data_cmu_bulkaqchem.o module_data_gocartchem.o module_data_gocart_seas.o module_data_mosaic_asect.o module_data_mosaic_other.o module_data_mosaic_therm.o module_data_radm2.o module_data_rrtmgaeropt.o module_data_megan2.o module_data_soa_vbs.o module_data_sorgam.o module_data_sorgam_vbs.o module_kpp_saprc99_mosaic_8bin_vbs2_aq_Integr.o module_kpp_saprc99_mosaic_8bin_vbs2_aq_Precision.o module_kpp_saprc99_mosaic_8bin_vbs2_aq_Parameters.o module_kpp_saprc99_mosaic_8bin_vbs2_aq_Jacobian.o module_kpp_saprc99_mosaic_8bin_vbs2_aq_JacobianSP.o module_kpp_saprc99_mosaic_8bin_vbs2_aq_Update_Rconst.o module_kpp_saprc99_mosaic_8bin_vbs2_aq_interface.o module_kpp_radm2sorg_Integr.o module_kpp_radm2sorg_Precision.o module_kpp_radm2sorg_Parameters.o module_kpp_radm2sorg_Jacobian.o module_kpp_radm2sorg_JacobianSP.o module_kpp_radm2sorg_Update_Rconst.o module_kpp_radm2sorg_interface.o module_kpp_racm_soa_vbs_aqchem_Integr.o module_kpp_racm_soa_vbs_aqchem_Precision.o module_kpp_racm_soa_vbs_aqchem_Parameters.o module_kpp_racm_soa_vbs_aqchem_Jacobian.o module_kpp_racm_soa_vbs_aqchem_JacobianSP.o module_kpp_racm_soa_vbs_aqchem_Update_Rconst.o module_kpp_racm_soa_vbs_aqchem_interface.o module_kpp_cb05_sorg_vbs_aq_Integr.o module_kpp_cb05_sorg_vbs_aq_Precision.o module_kpp_cb05_sorg_vbs_aq_Parameters.o module_kpp_cb05_sorg_vbs_aq_Jacobian.o module_kpp_cb05_sorg_vbs_aq_JacobianSP.o module_kpp_cb05_sorg_vbs_aq_Update_Rconst.o module_kpp_cb05_sorg_vbs_aq_interface.o module_kpp_racm_Integr.o module_kpp_racm_Precision.o module_kpp_racm_Parameters.o module_kpp_racm_Jacobian.o module_kpp_racm_JacobianSP.o module_kpp_racm_Update_Rconst.o module_kpp_racm_interface.o module_kpp_mozart_mosaic_4bin_Integr.o module_kpp_mozart_mosaic_4bin_Precision.o module_kpp_mozart_mosaic_4bin_Parameters.o module_kpp_mozart_mosaic_4bin_Jacobian.o module_kpp_mozart_mosaic_4bin_JacobianSP.o module_kpp_mozart_mosaic_4bin_Update_Rconst.o module_kpp_mozart_mosaic_4bin_interface.o module_kpp_cbm4_Integr.o module_kpp_cbm4_Precision.o module_kpp_cbm4_Parameters.o module_kpp_cbm4_Jacobian.o module_kpp_cbm4_JacobianSP.o module_kpp_cbm4_Update_Rconst.o module_kpp_cbm4_interface.o module_kpp_nmhc9_Integr.o module_kpp_nmhc9_Precision.o module_kpp_nmhc9_Parameters.o module_kpp_nmhc9_Jacobian.o module_kpp_nmhc9_JacobianSP.o module_kpp_nmhc9_Update_Rconst.o module_kpp_nmhc9_interface.o module_kpp_cri_mosaic_8bin_aq_Integr.o module_kpp_cri_mosaic_8bin_aq_Precision.o module_kpp_cri_mosaic_8bin_aq_Parameters.o module_kpp_cri_mosaic_8bin_aq_Jacobian.o module_kpp_cri_mosaic_8bin_aq_JacobianSP.o module_kpp_cri_mosaic_8bin_aq_Update_Rconst.o module_kpp_cri_mosaic_8bin_aq_interface.o module_kpp_racmpm_Integr.o module_kpp_racmpm_Precision.o module_kpp_racmpm_Parameters.o module_kpp_racmpm_Jacobian.o module_kpp_racmpm_JacobianSP.o module_kpp_racmpm_Update_Rconst.o module_kpp_racmpm_interface.o module_kpp_racm_esrlsorg_Integr.o module_kpp_racm_esrlsorg_Precision.o module_kpp_racm_esrlsorg_Parameters.o module_kpp_racm_esrlsorg_Jacobian.o module_kpp_racm_esrlsorg_JacobianSP.o module_kpp_racm_esrlsorg_Update_Rconst.o module_kpp_racm_esrlsorg_interface.o module_kpp_saprc99_Integr.o module_kpp_saprc99_Precision.o module_kpp_saprc99_Parameters.o module_kpp_saprc99_Jacobian.o module_kpp_saprc99_JacobianSP.o module_kpp_saprc99_Update_Rconst.o module_kpp_saprc99_interface.o module_kpp_mozart_mosaic_4bin_aq_Integr.o module_kpp_mozart_mosaic_4bin_aq_Precision.o module_kpp_mozart_mosaic_4bin_aq_Parameters.o module_kpp_mozart_mosaic_4bin_aq_Jacobian.o module_kpp_mozart_mosaic_4bin_aq_JacobianSP.o module_kpp_mozart_mosaic_4bin_aq_Update_Rconst.o module_kpp_mozart_mosaic_4bin_aq_interface.o module_kpp_crimech_Integr.o module_kpp_crimech_Precision.o module_kpp_crimech_Parameters.o module_kpp_crimech_Jacobian.o module_kpp_crimech_JacobianSP.o module_kpp_crimech_Update_Rconst.o module_kpp_crimech_interface.o module_kpp_cbmz_mosaic_Integr.o module_kpp_cbmz_mosaic_Precision.o module_kpp_cbmz_mosaic_Parameters.o module_kpp_cbmz_mosaic_Jacobian.o module_kpp_cbmz_mosaic_JacobianSP.o module_kpp_cbmz_mosaic_Update_Rconst.o module_kpp_cbmz_mosaic_interface.o module_kpp_cri_mosaic_4bin_aq_Integr.o module_kpp_cri_mosaic_4bin_aq_Precision.o module_kpp_cri_mosaic_4bin_aq_Parameters.o module_kpp_cri_mosaic_4bin_aq_Jacobian.o module_kpp_cri_mosaic_4bin_aq_JacobianSP.o module_kpp_cri_mosaic_4bin_aq_Update_Rconst.o module_kpp_cri_mosaic_4bin_aq_interface.o module_kpp_racmsorg_aqchem_Integr.o module_kpp_racmsorg_aqchem_Precision.o module_kpp_racmsorg_aqchem_Parameters.o module_kpp_racmsorg_aqchem_Jacobian.o module_kpp_racmsorg_aqchem_JacobianSP.o module_kpp_racmsorg_aqchem_Update_Rconst.o module_kpp_racmsorg_aqchem_interface.o module_kpp_radm2_Integr.o module_kpp_radm2_Precision.o module_kpp_radm2_Parameters.o module_kpp_radm2_Jacobian.o module_kpp_radm2_JacobianSP.o module_kpp_radm2_Update_Rconst.o module_kpp_radm2_interface.o module_kpp_racm_soa_vbs_Integr.o module_kpp_racm_soa_vbs_Precision.o module_kpp_racm_soa_vbs_Parameters.o module_kpp_racm_soa_vbs_Jacobian.o module_kpp_racm_soa_vbs_JacobianSP.o module_kpp_racm_soa_vbs_Update_Rconst.o module_kpp_racm_soa_vbs_interface.o module_kpp_mozart_Integr.o module_kpp_mozart_Precision.o module_kpp_mozart_Parameters.o module_kpp_mozart_Jacobian.o module_kpp_mozart_JacobianSP.o module_kpp_mozart_Update_Rconst.o module_kpp_mozart_interface.o module_kpp_racmsorg_Integr.o module_kpp_racmsorg_Precision.o module_kpp_racmsorg_Parameters.o module_kpp_racmsorg_Jacobian.o module_kpp_racmsorg_JacobianSP.o module_kpp_racmsorg_Update_Rconst.o module_kpp_racmsorg_interface.o module_kpp_cbmz_bb_Integr.o module_kpp_cbmz_bb_Precision.o module_kpp_cbmz_bb_Parameters.o module_kpp_cbmz_bb_Jacobian.o module_kpp_cbmz_bb_JacobianSP.o module_kpp_cbmz_bb_Update_Rconst.o module_kpp_cbmz_bb_interface.o module_kpp_cb05_sorg_aq_Integr.o module_kpp_cb05_sorg_aq_Precision.o module_kpp_cb05_sorg_aq_Parameters.o module_kpp_cb05_sorg_aq_Jacobian.o module_kpp_cb05_sorg_aq_JacobianSP.o module_kpp_cb05_sorg_aq_Update_Rconst.o module_kpp_cb05_sorg_aq_interface.o module_kpp_mozcart_Integr.o module_kpp_mozcart_Precision.o module_kpp_mozcart_Parameters.o module_kpp_mozcart_Jacobian.o module_kpp_mozcart_JacobianSP.o module_kpp_mozcart_Update_Rconst.o module_kpp_mozcart_interface.o module_kpp_gocartracm_Integr.o module_kpp_gocartracm_Precision.o module_kpp_gocartracm_Parameters.o module_kpp_gocartracm_Jacobian.o module_kpp_gocartracm_JacobianSP.o module_kpp_gocartracm_Update_Rconst.o module_kpp_gocartracm_interface.o module_kpp_racm_mim_Integr.o module_kpp_racm_mim_Precision.o module_kpp_racm_mim_Parameters.o module_kpp_racm_mim_Jacobian.o module_kpp_racm_mim_JacobianSP.o module_kpp_racm_mim_Update_Rconst.o module_kpp_racm_mim_interface.o module_kpp_saprc99_mosaic_4bin_vbs2_Integr.o module_kpp_saprc99_mosaic_4bin_vbs2_Precision.o module_kpp_saprc99_mosaic_4bin_vbs2_Parameters.o module_kpp_saprc99_mosaic_4bin_vbs2_Jacobian.o module_kpp_saprc99_mosaic_4bin_vbs2_JacobianSP.o module_kpp_saprc99_mosaic_4bin_vbs2_Update_Rconst.o module_kpp_saprc99_mosaic_4bin_vbs2_interface.o module_kpp_racm_esrlsorg_aqchem_Integr.o module_kpp_racm_esrlsorg_aqchem_Precision.o module_kpp_racm_esrlsorg_aqchem_Parameters.o module_kpp_racm_esrlsorg_aqchem_Jacobian.o module_kpp_racm_esrlsorg_aqchem_JacobianSP.o module_kpp_racm_esrlsorg_aqchem_Update_Rconst.o module_kpp_racm_esrlsorg_aqchem_interface.o module_wkppc_constants.o module_ftuv_subs.o module_ghg_fluxes.o module_gocart_drydep.o module_gocart_settling.o module_gocart_so2so4.o module_input_tracer_data.o module_interpolate.o module_mosaic_csuesat.o module_mozcart_wetscav.o module_peg_util.o module_tropopause.o module_upper_bc_driver.o module_vertmx_wrf.o module_wave_data.o module_wetdep_ls.o module_zero_plumegen_coms.o module_vash_settling.o module_chem_plumerise_scalar.o module_dep_simple.o module_gocart_dmsemis.o module_gocart_aerosols.o module_gocart_dust.o module_gocart_dust_afwa.o module_gocart_seasalt.o module_uoc_dust.o module_qf03.o module_soilpsd.o module_dust_load.o module_uoc_dustwd.o module_data_uoc_wd.o module_mosaic_addemiss.o module_mosaic_initmixrats.o module_mosaic_movesect.o module_mosaic_newnuc.o module_cbmz_lsodes_solver.o module_cbmz_rodas3_solver.o module_cmu_bulkaqchem.o module_data_mgn2mech.o module_ftuv_driver.o module_fastj_data.o module_fastj_mie.o module_input_chem_data.o module_mosaic_coag.o module_mosaic_gly.o module_mosaic_wetscav.o module_mosaic_therm.o module_phot_mad.o params.mod.o numer.o rdxs.o rxn.o params_mod.o module_phot_tuv.o module_subs_tuv.o rtrans.o la_srb.o module_radm.o module_sorgam_aqchem.o module_sorgam_vbs_aqchem.o module_aerosols_soa_vbs.o module_aerosols_sorgam.o module_aerosols_sorgam_vbs.o module_bioemi_megan2.o module_bioemi_simple.o module_cbm4_initmixrats.o module_cb05_initmixrats.o module_cb05_vbs_initmixrats.o module_cbmz.o module_cbmz_initmixrats.o module_cbmz_rodas_prep.o module_ctrans_grell.o module_gocart_chem.o module_input_tracer.o module_lightning_nox_driver.o module_lightning_nox_ott.o module_lightning_nox_decaria.o module_mixactivate_wrappers.o module_mosaic_driver.o module_optical_averaging.o module_plumerise1.o module_mosaic_drydep.o module_wetscav_driver.o module_prep_wetscav_sorgam.o module_input_chem_bioemiss.o module_input_dust_errosion.o module_input_gocart_dms.o module_cbmz_addemiss.o module_cbm4_addemiss.o module_cb05_addemiss.o module_emissions_anthropogenics.o module_aer_drydep.o module_cam_mam_calcsize.o module_cam_mam_dust_sediment.o module_cam_mam_drydep.o module_cam_mam_init.o module_cam_mam_initaerodata.o module_cam_mam_initmixrats.o module_cam_mam_rename.o module_cam_mam_wateruptake.o module_cam_mam_gasaerexch.o module_cam_mam_coag.o module_cam_mam_newnuc.o module_cam_mam_aerchem_driver.o module_cam_mam_addemiss.o module_cam_mam_wetscav.o module_cam_mam_mz_aerosols_intr.o module_cam_mam_wetdep.o module_cam_mam_cloudchem.o module_cam_mam_setsox.o module_cam_mam_mo_chem_utls.o module_mosaic_cloudchem.o module_sorgam_cloudchem.o module_sorgam_vbs_cloudchem.o module_cam_mam_gas_wetdep_driver.o module_cam_mam_mo_sethet.o module_phot_fastj.o module_chem_cup.o kpp_mechanism_driver.o chemics_init.o chem_driver.o cloudchem_driver.o photolysis_driver.o optical_driver.o mechanism_driver.o emissions_driver.o dry_dep_driver.o aerosol_driver.o 
make[2]: Leaving directory '/glade/work/rkumar/NASA_HMA/WRFchem_HMA/chem'
if [ 1 -eq 0 ] ; then \
  if  [ "`echo -j 2 | sed -e 's/-j//g' -e 's/ \+//g'`" -gt "16" ] ; then \
    ( cd chem ; make -i -r -j 16 ) ;  \
  else \
    ( cd chem ; make -i -r -j 2 ) ; \
  fi \
fi
make[1]: Leaving directory '/glade/work/rkumar/NASA_HMA/WRFchem_HMA'
if [ 1 -eq 1 ]    ; then make -i -r MODULE_DIRS="-I../dyn_em -I../dyn_nmm   -I/glade/work/rkumar/NASA_HMA/WRFchem_HMA/external/esmf_time_f90  -I/glade/work/rkumar/NASA_HMA/WRFchem_HMA/main -I/glade/work/rkumar/NASA_HMA/WRFchem_HMA/external/io_netcdf -I/glade/work/rkumar/NASA_HMA/WRFchem_HMA/external/io_int -I/glade/work/rkumar/NASA_HMA/WRFchem_HMA/frame -I/glade/work/rkumar/NASA_HMA/WRFchem_HMA/share -I/glade/work/rkumar/NASA_HMA/WRFchem_HMA/phys -I/glade/work/rkumar/NASA_HMA/WRFchem_HMA/chem -I/glade/work/rkumar/NASA_HMA/WRFchem_HMA/inc -I/glade/u/apps/ch/opt/netcdf/4.8.1/intel/19.1.1//include " em_core ; fi
make[1]: Entering directory '/glade/work/rkumar/NASA_HMA/WRFchem_HMA'
--------------------------------------
if [ 1  -eq 0 ] ; then \
	CF= ; \
else \
	CF="../chem/module_aerosols_sorgam.o ../chem/module_gocart_aerosols.o ../chem/module_mosaic_driver.o ../chem/module_input_tracer.o ../chem/module_aerosols_soa_vbs.o" ; \
fi
( cd dyn_em ; make -i -r -j 2 CF="" )
make[2]: Entering directory '/glade/work/rkumar/NASA_HMA/WRFchem_HMA/dyn_em'
rm -f module_advect_em.o
rm -f module_big_step_utilities_em.o
sed -e "s/grid%mu/gridmu/g" -e "s/grid%Mu/gridMu/g" -e "s/^\!.*'.*//" -e "s/^ *\!.*'.*//" module_big_step_utilities_em.F > module_big_step_utilities_em.G
sed -e "s/grid%mu/gridmu/g" -e "s/grid%Mu/gridMu/g" -e "s/^\!.*'.*//" -e "s/^ *\!.*'.*//" module_advect_em.F > module_advect_em.G
/lib/cpp -P -nostdinc -I/glade/work/rkumar/NASA_HMA/WRFchem_HMA/inc -DEM_CORE=1 -DNMM_CORE=0 -DNMM_MAX_DIM=2600 -DCOAMPS_CORE=0 -DDA_CORE=0 -DEXP_CORE=0 -DIWORDSIZE=4 -DDWORDSIZE=8 -DRWORDSIZE=4 -DLWORDSIZE=4 -DNONSTANDARD_SYSTEM_FUNC  -DWRF_USE_CLM  -DSNICAR_FRC    -DDM_PARALLEL -DNETCDF -DUSE_ALLOCATABLES -DGRIB1 -DINTIO -DKEEP_INT_AROUND -DLIMIT_ARGS -DCONFIG_BUF_LEN=65536 -DMAX_DOMAINS_F=21 -DMAX_HISTORY=25 -DNMM_NEST=0 -DWRF_CHEM -DBUILD_CHEM=1 -DWRF_KPP -I. -traditional-cpp   module_big_step_utilities_em.G  > module_big_step_utilities_em.H
/lib/cpp -P -nostdinc -I/glade/work/rkumar/NASA_HMA/WRFchem_HMA/inc -DEM_CORE=1 -DNMM_CORE=0 -DNMM_MAX_DIM=2600 -DCOAMPS_CORE=0 -DDA_CORE=0 -DEXP_CORE=0 -DIWORDSIZE=4 -DDWORDSIZE=8 -DRWORDSIZE=4 -DLWORDSIZE=4 -DNONSTANDARD_SYSTEM_FUNC  -DWRF_USE_CLM  -DSNICAR_FRC    -DDM_PARALLEL -DNETCDF -DUSE_ALLOCATABLES -DGRIB1 -DINTIO -DKEEP_INT_AROUND -DLIMIT_ARGS -DCONFIG_BUF_LEN=65536 -DMAX_DOMAINS_F=21 -DMAX_HISTORY=25 -DNMM_NEST=0 -DWRF_CHEM -DBUILD_CHEM=1 -DWRF_KPP -I. -traditional-cpp   module_advect_em.G  > module_advect_em.H
sed -e "s/gridmu/grid%mu/g" -e "s/gridMu/grid%Mu/g" module_big_step_utilities_em.H > module_big_step_utilities_em.bb
sed -e "s/gridmu/grid%mu/g" -e "s/gridMu/grid%Mu/g" module_advect_em.H > module_advect_em.bb
/glade/work/rkumar/NASA_HMA/WRFchem_HMA/tools/standard.exe module_big_step_utilities_em.bb | /lib/cpp -P -nostdinc -traditional-cpp > module_big_step_utilities_em.f90
/glade/work/rkumar/NASA_HMA/WRFchem_HMA/tools/standard.exe module_advect_em.bb | /lib/cpp -P -nostdinc -traditional-cpp > module_advect_em.f90
rm -f module_big_step_utilities_em.G module_big_step_utilities_em.H module_big_step_utilities_em.bb
rm -f module_advect_em.G module_advect_em.H module_advect_em.bb
time mpif90 -f90=ifort -o module_big_step_utilities_em.o -c -O3 -ip -fp-model precise -w -ftz -align all -fno-alias -FR -convert big_endian    -I../dyn_em -I../dyn_nmm   -I/glade/work/rkumar/NASA_HMA/WRFchem_HMA/external/esmf_time_f90  -I/glade/work/rkumar/NASA_HMA/WRFchem_HMA/main -I/glade/work/rkumar/NASA_HMA/WRFchem_HMA/external/io_netcdf -I/glade/work/rkumar/NASA_HMA/WRFchem_HMA/external/io_int -I/glade/work/rkumar/NASA_HMA/WRFchem_HMA/frame -I/glade/work/rkumar/NASA_HMA/WRFchem_HMA/share -I/glade/work/rkumar/NASA_HMA/WRFchem_HMA/phys -I/glade/work/rkumar/NASA_HMA/WRFchem_HMA/chem -I/glade/work/rkumar/NASA_HMA/WRFchem_HMA/inc -I/glade/u/apps/ch/opt/netcdf/4.8.1/intel/19.1.1//include  -real-size `expr 8 \* 4` -i4  module_big_step_utilities_em.f90
time mpif90 -f90=ifort -o module_advect_em.o -c -O3 -ip -fp-model precise -w -ftz -align all -fno-alias -FR -convert big_endian    -I../dyn_em -I../dyn_nmm   -I/glade/work/rkumar/NASA_HMA/WRFchem_HMA/external/esmf_time_f90  -I/glade/work/rkumar/NASA_HMA/WRFchem_HMA/main -I/glade/work/rkumar/NASA_HMA/WRFchem_HMA/external/io_netcdf -I/glade/work/rkumar/NASA_HMA/WRFchem_HMA/external/io_int -I/glade/work/rkumar/NASA_HMA/WRFchem_HMA/frame -I/glade/work/rkumar/NASA_HMA/WRFchem_HMA/share -I/glade/work/rkumar/NASA_HMA/WRFchem_HMA/phys -I/glade/work/rkumar/NASA_HMA/WRFchem_HMA/chem -I/glade/work/rkumar/NASA_HMA/WRFchem_HMA/inc -I/glade/u/apps/ch/opt/netcdf/4.8.1/intel/19.1.1//include  -real-size `expr 8 \* 4` -i4  module_advect_em.f90

real	0m21.799s
user	0m21.099s
sys	0m0.632s
rm -f module_small_step_em.o
sed -e "s/grid%mu/gridmu/g" -e "s/grid%Mu/gridMu/g" -e "s/^\!.*'.*//" -e "s/^ *\!.*'.*//" module_small_step_em.F > module_small_step_em.G
/lib/cpp -P -nostdinc -I/glade/work/rkumar/NASA_HMA/WRFchem_HMA/inc -DEM_CORE=1 -DNMM_CORE=0 -DNMM_MAX_DIM=2600 -DCOAMPS_CORE=0 -DDA_CORE=0 -DEXP_CORE=0 -DIWORDSIZE=4 -DDWORDSIZE=8 -DRWORDSIZE=4 -DLWORDSIZE=4 -DNONSTANDARD_SYSTEM_FUNC  -DWRF_USE_CLM  -DSNICAR_FRC    -DDM_PARALLEL -DNETCDF -DUSE_ALLOCATABLES -DGRIB1 -DINTIO -DKEEP_INT_AROUND -DLIMIT_ARGS -DCONFIG_BUF_LEN=65536 -DMAX_DOMAINS_F=21 -DMAX_HISTORY=25 -DNMM_NEST=0 -DWRF_CHEM -DBUILD_CHEM=1 -DWRF_KPP -I. -traditional-cpp   module_small_step_em.G  > module_small_step_em.H
sed -e "s/gridmu/grid%mu/g" -e "s/gridMu/grid%Mu/g" module_small_step_em.H > module_small_step_em.bb
/glade/work/rkumar/NASA_HMA/WRFchem_HMA/tools/standard.exe module_small_step_em.bb | /lib/cpp -P -nostdinc -traditional-cpp > module_small_step_em.f90
rm -f module_small_step_em.G module_small_step_em.H module_small_step_em.bb
time mpif90 -f90=ifort -o module_small_step_em.o -c -O3 -ip -fp-model precise -w -ftz -align all -fno-alias -FR -convert big_endian    -I../dyn_em -I../dyn_nmm   -I/glade/work/rkumar/NASA_HMA/WRFchem_HMA/external/esmf_time_f90  -I/glade/work/rkumar/NASA_HMA/WRFchem_HMA/main -I/glade/work/rkumar/NASA_HMA/WRFchem_HMA/external/io_netcdf -I/glade/work/rkumar/NASA_HMA/WRFchem_HMA/external/io_int -I/glade/work/rkumar/NASA_HMA/WRFchem_HMA/frame -I/glade/work/rkumar/NASA_HMA/WRFchem_HMA/share -I/glade/work/rkumar/NASA_HMA/WRFchem_HMA/phys -I/glade/work/rkumar/NASA_HMA/WRFchem_HMA/chem -I/glade/work/rkumar/NASA_HMA/WRFchem_HMA/inc -I/glade/u/apps/ch/opt/netcdf/4.8.1/intel/19.1.1//include  -real-size `expr 8 \* 4` -i4  module_small_step_em.f90

real	0m6.926s
user	0m6.301s
sys	0m0.561s
rm -f module_damping_em.o
sed -e "s/grid%mu/gridmu/g" -e "s/grid%Mu/gridMu/g" -e "s/^\!.*'.*//" -e "s/^ *\!.*'.*//" module_damping_em.F > module_damping_em.G
/lib/cpp -P -nostdinc -I/glade/work/rkumar/NASA_HMA/WRFchem_HMA/inc -DEM_CORE=1 -DNMM_CORE=0 -DNMM_MAX_DIM=2600 -DCOAMPS_CORE=0 -DDA_CORE=0 -DEXP_CORE=0 -DIWORDSIZE=4 -DDWORDSIZE=8 -DRWORDSIZE=4 -DLWORDSIZE=4 -DNONSTANDARD_SYSTEM_FUNC  -DWRF_USE_CLM  -DSNICAR_FRC    -DDM_PARALLEL -DNETCDF -DUSE_ALLOCATABLES -DGRIB1 -DINTIO -DKEEP_INT_AROUND -DLIMIT_ARGS -DCONFIG_BUF_LEN=65536 -DMAX_DOMAINS_F=21 -DMAX_HISTORY=25 -DNMM_NEST=0 -DWRF_CHEM -DBUILD_CHEM=1 -DWRF_KPP -I. -traditional-cpp   module_damping_em.G  > module_damping_em.H
sed -e "s/gridmu/grid%mu/g" -e "s/gridMu/grid%Mu/g" module_damping_em.H > module_damping_em.bb
/glade/work/rkumar/NASA_HMA/WRFchem_HMA/tools/standard.exe module_damping_em.bb | /lib/cpp -P -nostdinc -traditional-cpp > module_damping_em.f90
rm -f module_damping_em.G module_damping_em.H module_damping_em.bb
time mpif90 -f90=ifort -o module_damping_em.o -c -O3 -ip -fp-model precise -w -ftz -align all -fno-alias -FR -convert big_endian    -I../dyn_em -I../dyn_nmm   -I/glade/work/rkumar/NASA_HMA/WRFchem_HMA/external/esmf_time_f90  -I/glade/work/rkumar/NASA_HMA/WRFchem_HMA/main -I/glade/work/rkumar/NASA_HMA/WRFchem_HMA/external/io_netcdf -I/glade/work/rkumar/NASA_HMA/WRFchem_HMA/external/io_int -I/glade/work/rkumar/NASA_HMA/WRFchem_HMA/frame -I/glade/work/rkumar/NASA_HMA/WRFchem_HMA/share -I/glade/work/rkumar/NASA_HMA/WRFchem_HMA/phys -I/glade/work/rkumar/NASA_HMA/WRFchem_HMA/chem -I/glade/work/rkumar/NASA_HMA/WRFchem_HMA/inc -I/glade/u/apps/ch/opt/netcdf/4.8.1/intel/19.1.1//include  -real-size `expr 8 \* 4` -i4  module_damping_em.f90

real	0m0.715s
user	0m0.173s
sys	0m0.477s
rm -f module_solvedebug_em.o
sed -e "s/grid%mu/gridmu/g" -e "s/grid%Mu/gridMu/g" -e "s/^\!.*'.*//" -e "s/^ *\!.*'.*//" module_solvedebug_em.F > module_solvedebug_em.G
/lib/cpp -P -nostdinc -I/glade/work/rkumar/NASA_HMA/WRFchem_HMA/inc -DEM_CORE=1 -DNMM_CORE=0 -DNMM_MAX_DIM=2600 -DCOAMPS_CORE=0 -DDA_CORE=0 -DEXP_CORE=0 -DIWORDSIZE=4 -DDWORDSIZE=8 -DRWORDSIZE=4 -DLWORDSIZE=4 -DNONSTANDARD_SYSTEM_FUNC  -DWRF_USE_CLM  -DSNICAR_FRC    -DDM_PARALLEL -DNETCDF -DUSE_ALLOCATABLES -DGRIB1 -DINTIO -DKEEP_INT_AROUND -DLIMIT_ARGS -DCONFIG_BUF_LEN=65536 -DMAX_DOMAINS_F=21 -DMAX_HISTORY=25 -DNMM_NEST=0 -DWRF_CHEM -DBUILD_CHEM=1 -DWRF_KPP -I. -traditional-cpp   module_solvedebug_em.G  > module_solvedebug_em.H
sed -e "s/gridmu/grid%mu/g" -e "s/gridMu/grid%Mu/g" module_solvedebug_em.H > module_solvedebug_em.bb
/glade/work/rkumar/NASA_HMA/WRFchem_HMA/tools/standard.exe module_solvedebug_em.bb | /lib/cpp -P -nostdinc -traditional-cpp > module_solvedebug_em.f90
rm -f module_solvedebug_em.G module_solvedebug_em.H module_solvedebug_em.bb
time mpif90 -f90=ifort -o module_solvedebug_em.o -c -O3 -ip -fp-model precise -w -ftz -align all -fno-alias -FR -convert big_endian    -I../dyn_em -I../dyn_nmm   -I/glade/work/rkumar/NASA_HMA/WRFchem_HMA/external/esmf_time_f90  -I/glade/work/rkumar/NASA_HMA/WRFchem_HMA/main -I/glade/work/rkumar/NASA_HMA/WRFchem_HMA/external/io_netcdf -I/glade/work/rkumar/NASA_HMA/WRFchem_HMA/external/io_int -I/glade/work/rkumar/NASA_HMA/WRFchem_HMA/frame -I/glade/work/rkumar/NASA_HMA/WRFchem_HMA/share -I/glade/work/rkumar/NASA_HMA/WRFchem_HMA/phys -I/glade/work/rkumar/NASA_HMA/WRFchem_HMA/chem -I/glade/work/rkumar/NASA_HMA/WRFchem_HMA/inc -I/glade/u/apps/ch/opt/netcdf/4.8.1/intel/19.1.1//include  -real-size `expr 8 \* 4` -i4  module_solvedebug_em.f90

real	0m0.839s
user	0m0.244s
sys	0m0.596s
rm -f module_bc_em.o
sed -e "s/grid%mu/gridmu/g" -e "s/grid%Mu/gridMu/g" -e "s/^\!.*'.*//" -e "s/^ *\!.*'.*//" module_bc_em.F > module_bc_em.G
/lib/cpp -P -nostdinc -I/glade/work/rkumar/NASA_HMA/WRFchem_HMA/inc -DEM_CORE=1 -DNMM_CORE=0 -DNMM_MAX_DIM=2600 -DCOAMPS_CORE=0 -DDA_CORE=0 -DEXP_CORE=0 -DIWORDSIZE=4 -DDWORDSIZE=8 -DRWORDSIZE=4 -DLWORDSIZE=4 -DNONSTANDARD_SYSTEM_FUNC  -DWRF_USE_CLM  -DSNICAR_FRC    -DDM_PARALLEL -DNETCDF -DUSE_ALLOCATABLES -DGRIB1 -DINTIO -DKEEP_INT_AROUND -DLIMIT_ARGS -DCONFIG_BUF_LEN=65536 -DMAX_DOMAINS_F=21 -DMAX_HISTORY=25 -DNMM_NEST=0 -DWRF_CHEM -DBUILD_CHEM=1 -DWRF_KPP -I. -traditional-cpp   module_bc_em.G  > module_bc_em.H
sed -e "s/gridmu/grid%mu/g" -e "s/gridMu/grid%Mu/g" module_bc_em.H > module_bc_em.bb
/glade/work/rkumar/NASA_HMA/WRFchem_HMA/tools/standard.exe module_bc_em.bb | /lib/cpp -P -nostdinc -traditional-cpp > module_bc_em.f90
rm -f module_bc_em.G module_bc_em.H module_bc_em.bb
time mpif90 -f90=ifort -o module_bc_em.o -c -O3 -ip -fp-model precise -w -ftz -align all -fno-alias -FR -convert big_endian    -I../dyn_em -I../dyn_nmm   -I/glade/work/rkumar/NASA_HMA/WRFchem_HMA/external/esmf_time_f90  -I/glade/work/rkumar/NASA_HMA/WRFchem_HMA/main -I/glade/work/rkumar/NASA_HMA/WRFchem_HMA/external/io_netcdf -I/glade/work/rkumar/NASA_HMA/WRFchem_HMA/external/io_int -I/glade/work/rkumar/NASA_HMA/WRFchem_HMA/frame -I/glade/work/rkumar/NASA_HMA/WRFchem_HMA/share -I/glade/work/rkumar/NASA_HMA/WRFchem_HMA/phys -I/glade/work/rkumar/NASA_HMA/WRFchem_HMA/chem -I/glade/work/rkumar/NASA_HMA/WRFchem_HMA/inc -I/glade/u/apps/ch/opt/netcdf/4.8.1/intel/19.1.1//include  -real-size `expr 8 \* 4` -i4  module_bc_em.f90

real	0m2.791s
user	0m2.247s
sys	0m0.514s
rm -f module_init_utilities.o
sed -e "s/grid%mu/gridmu/g" -e "s/grid%Mu/gridMu/g" -e "s/^\!.*'.*//" -e "s/^ *\!.*'.*//" module_init_utilities.F > module_init_utilities.G
/lib/cpp -P -nostdinc -I/glade/work/rkumar/NASA_HMA/WRFchem_HMA/inc -DEM_CORE=1 -DNMM_CORE=0 -DNMM_MAX_DIM=2600 -DCOAMPS_CORE=0 -DDA_CORE=0 -DEXP_CORE=0 -DIWORDSIZE=4 -DDWORDSIZE=8 -DRWORDSIZE=4 -DLWORDSIZE=4 -DNONSTANDARD_SYSTEM_FUNC  -DWRF_USE_CLM  -DSNICAR_FRC    -DDM_PARALLEL -DNETCDF -DUSE_ALLOCATABLES -DGRIB1 -DINTIO -DKEEP_INT_AROUND -DLIMIT_ARGS -DCONFIG_BUF_LEN=65536 -DMAX_DOMAINS_F=21 -DMAX_HISTORY=25 -DNMM_NEST=0 -DWRF_CHEM -DBUILD_CHEM=1 -DWRF_KPP -I. -traditional-cpp   module_init_utilities.G  > module_init_utilities.H
sed -e "s/gridmu/grid%mu/g" -e "s/gridMu/grid%Mu/g" module_init_utilities.H > module_init_utilities.bb
/glade/work/rkumar/NASA_HMA/WRFchem_HMA/tools/standard.exe module_init_utilities.bb | /lib/cpp -P -nostdinc -traditional-cpp > module_init_utilities.f90
rm -f module_init_utilities.G module_init_utilities.H module_init_utilities.bb
time mpif90 -f90=ifort -o module_init_utilities.o -c -O3 -ip -fp-model precise -w -ftz -align all -fno-alias -FR -convert big_endian    -I../dyn_em -I../dyn_nmm   -I/glade/work/rkumar/NASA_HMA/WRFchem_HMA/external/esmf_time_f90  -I/glade/work/rkumar/NASA_HMA/WRFchem_HMA/main -I/glade/work/rkumar/NASA_HMA/WRFchem_HMA/external/io_netcdf -I/glade/work/rkumar/NASA_HMA/WRFchem_HMA/external/io_int -I/glade/work/rkumar/NASA_HMA/WRFchem_HMA/frame -I/glade/work/rkumar/NASA_HMA/WRFchem_HMA/share -I/glade/work/rkumar/NASA_HMA/WRFchem_HMA/phys -I/glade/work/rkumar/NASA_HMA/WRFchem_HMA/chem -I/glade/work/rkumar/NASA_HMA/WRFchem_HMA/inc -I/glade/u/apps/ch/opt/netcdf/4.8.1/intel/19.1.1//include  -real-size `expr 8 \* 4` -i4  module_init_utilities.f90

real	0m0.566s
user	0m0.070s
sys	0m0.424s
rm -f module_wps_io_arw.o
/glade/work/rkumar/NASA_HMA/WRFchem_HMA/tools/standard.exe module_wps_io_arw.F > module_wps_io_arw.b 
/lib/cpp -P -nostdinc -I/glade/work/rkumar/NASA_HMA/WRFchem_HMA/inc -DEM_CORE=1 -DNMM_CORE=0 -DNMM_MAX_DIM=2600 -DCOAMPS_CORE=0 -DDA_CORE=0 -DEXP_CORE=0 -DIWORDSIZE=4 -DDWORDSIZE=8 -DRWORDSIZE=4 -DLWORDSIZE=4 -DNONSTANDARD_SYSTEM_FUNC  -DWRF_USE_CLM  -DSNICAR_FRC    -DDM_PARALLEL -DNETCDF -DUSE_ALLOCATABLES -DGRIB1 -DINTIO -DKEEP_INT_AROUND -DLIMIT_ARGS -DCONFIG_BUF_LEN=65536 -DMAX_DOMAINS_F=21 -DMAX_HISTORY=25 -DNMM_NEST=0 -DWRF_CHEM -DBUILD_CHEM=1 -DWRF_KPP -I. -traditional-cpp   module_wps_io_arw.b  > module_wps_io_arw.f90
rm -f module_wps_io_arw.b
if fgrep -iq '!$OMP' module_wps_io_arw.f90 ; then \
          if [ -n "" ] ; then echo COMPILING module_wps_io_arw.F WITH OMP ; fi ; \
  time mpif90 -f90=ifort -c -real-size `expr 8 \* 4` -i4 -O0 -fno-inline -no-ip -ip -fp-model precise -w -ftz -align all -fno-alias -FR -convert big_endian   -I../dyn_em -I../dyn_nmm   -I/glade/work/rkumar/NASA_HMA/WRFchem_HMA/external/esmf_time_f90  -I/glade/work/rkumar/NASA_HMA/WRFchem_HMA/main -I/glade/work/rkumar/NASA_HMA/WRFchem_HMA/external/io_netcdf -I/glade/work/rkumar/NASA_HMA/WRFchem_HMA/external/io_int -I/glade/work/rkumar/NASA_HMA/WRFchem_HMA/frame -I/glade/work/rkumar/NASA_HMA/WRFchem_HMA/share -I/glade/work/rkumar/NASA_HMA/WRFchem_HMA/phys -I/glade/work/rkumar/NASA_HMA/WRFchem_HMA/chem -I/glade/work/rkumar/NASA_HMA/WRFchem_HMA/inc -I/glade/u/apps/ch/opt/netcdf/4.8.1/intel/19.1.1//include    module_wps_io_arw.f90 ; \
        else \
          if [ -n "" ] ; then echo COMPILING module_wps_io_arw.F WITHOUT OMP ; fi ; \
  time mpif90 -f90=ifort -c -real-size `expr 8 \* 4` -i4 -O0 -fno-inline -no-ip -ip -fp-model precise -w -ftz -align all -fno-alias -FR -convert big_endian   -I../dyn_em -I../dyn_nmm   -I/glade/work/rkumar/NASA_HMA/WRFchem_HMA/external/esmf_time_f90  -I/glade/work/rkumar/NASA_HMA/WRFchem_HMA/main -I/glade/work/rkumar/NASA_HMA/WRFchem_HMA/external/io_netcdf -I/glade/work/rkumar/NASA_HMA/WRFchem_HMA/external/io_int -I/glade/work/rkumar/NASA_HMA/WRFchem_HMA/frame -I/glade/work/rkumar/NASA_HMA/WRFchem_HMA/share -I/glade/work/rkumar/NASA_HMA/WRFchem_HMA/phys -I/glade/work/rkumar/NASA_HMA/WRFchem_HMA/chem -I/glade/work/rkumar/NASA_HMA/WRFchem_HMA/inc -I/glade/u/apps/ch/opt/netcdf/4.8.1/intel/19.1.1//include   module_wps_io_arw.f90 ; \
        fi

real	0m1.535s
user	0m0.797s
sys	0m0.548s
rm -f module_polarfft.o
sed -e "s/grid%mu/gridmu/g" -e "s/grid%Mu/gridMu/g" -e "s/^\!.*'.*//" -e "s/^ *\!.*'.*//" module_polarfft.F > module_polarfft.G
/lib/cpp -P -nostdinc -I/glade/work/rkumar/NASA_HMA/WRFchem_HMA/inc -DEM_CORE=1 -DNMM_CORE=0 -DNMM_MAX_DIM=2600 -DCOAMPS_CORE=0 -DDA_CORE=0 -DEXP_CORE=0 -DIWORDSIZE=4 -DDWORDSIZE=8 -DRWORDSIZE=4 -DLWORDSIZE=4 -DNONSTANDARD_SYSTEM_FUNC  -DWRF_USE_CLM  -DSNICAR_FRC    -DDM_PARALLEL -DNETCDF -DUSE_ALLOCATABLES -DGRIB1 -DINTIO -DKEEP_INT_AROUND -DLIMIT_ARGS -DCONFIG_BUF_LEN=65536 -DMAX_DOMAINS_F=21 -DMAX_HISTORY=25 -DNMM_NEST=0 -DWRF_CHEM -DBUILD_CHEM=1 -DWRF_KPP -I. -traditional-cpp   module_polarfft.G  > module_polarfft.H
sed -e "s/gridmu/grid%mu/g" -e "s/gridMu/grid%Mu/g" module_polarfft.H > module_polarfft.bb
/glade/work/rkumar/NASA_HMA/WRFchem_HMA/tools/standard.exe module_polarfft.bb | /lib/cpp -P -nostdinc -traditional-cpp > module_polarfft.f90
rm -f module_polarfft.G module_polarfft.H module_polarfft.bb
time mpif90 -f90=ifort -o module_polarfft.o -c -O3 -ip -fp-model precise -w -ftz -align all -fno-alias -FR -convert big_endian    -I../dyn_em -I../dyn_nmm   -I/glade/work/rkumar/NASA_HMA/WRFchem_HMA/external/esmf_time_f90  -I/glade/work/rkumar/NASA_HMA/WRFchem_HMA/main -I/glade/work/rkumar/NASA_HMA/WRFchem_HMA/external/io_netcdf -I/glade/work/rkumar/NASA_HMA/WRFchem_HMA/external/io_int -I/glade/work/rkumar/NASA_HMA/WRFchem_HMA/frame -I/glade/work/rkumar/NASA_HMA/WRFchem_HMA/share -I/glade/work/rkumar/NASA_HMA/WRFchem_HMA/phys -I/glade/work/rkumar/NASA_HMA/WRFchem_HMA/chem -I/glade/work/rkumar/NASA_HMA/WRFchem_HMA/inc -I/glade/u/apps/ch/opt/netcdf/4.8.1/intel/19.1.1//include  -real-size `expr 8 \* 4` -i4  module_polarfft.f90

real	0m3.703s
user	0m3.057s
sys	0m0.538s
rm -f module_force_scm.o
sed -e "s/grid%mu/gridmu/g" -e "s/grid%Mu/gridMu/g" -e "s/^\!.*'.*//" -e "s/^ *\!.*'.*//" module_force_scm.F > module_force_scm.G
/lib/cpp -P -nostdinc -I/glade/work/rkumar/NASA_HMA/WRFchem_HMA/inc -DEM_CORE=1 -DNMM_CORE=0 -DNMM_MAX_DIM=2600 -DCOAMPS_CORE=0 -DDA_CORE=0 -DEXP_CORE=0 -DIWORDSIZE=4 -DDWORDSIZE=8 -DRWORDSIZE=4 -DLWORDSIZE=4 -DNONSTANDARD_SYSTEM_FUNC  -DWRF_USE_CLM  -DSNICAR_FRC    -DDM_PARALLEL -DNETCDF -DUSE_ALLOCATABLES -DGRIB1 -DINTIO -DKEEP_INT_AROUND -DLIMIT_ARGS -DCONFIG_BUF_LEN=65536 -DMAX_DOMAINS_F=21 -DMAX_HISTORY=25 -DNMM_NEST=0 -DWRF_CHEM -DBUILD_CHEM=1 -DWRF_KPP -I. -traditional-cpp   module_force_scm.G  > module_force_scm.H
sed -e "s/gridmu/grid%mu/g" -e "s/gridMu/grid%Mu/g" module_force_scm.H > module_force_scm.bb
/glade/work/rkumar/NASA_HMA/WRFchem_HMA/tools/standard.exe module_force_scm.bb | /lib/cpp -P -nostdinc -traditional-cpp > module_force_scm.f90
rm -f module_force_scm.G module_force_scm.H module_force_scm.bb
time mpif90 -f90=ifort -o module_force_scm.o -c -O3 -ip -fp-model precise -w -ftz -align all -fno-alias -FR -convert big_endian    -I../dyn_em -I../dyn_nmm   -I/glade/work/rkumar/NASA_HMA/WRFchem_HMA/external/esmf_time_f90  -I/glade/work/rkumar/NASA_HMA/WRFchem_HMA/main -I/glade/work/rkumar/NASA_HMA/WRFchem_HMA/external/io_netcdf -I/glade/work/rkumar/NASA_HMA/WRFchem_HMA/external/io_int -I/glade/work/rkumar/NASA_HMA/WRFchem_HMA/frame -I/glade/work/rkumar/NASA_HMA/WRFchem_HMA/share -I/glade/work/rkumar/NASA_HMA/WRFchem_HMA/phys -I/glade/work/rkumar/NASA_HMA/WRFchem_HMA/chem -I/glade/work/rkumar/NASA_HMA/WRFchem_HMA/inc -I/glade/u/apps/ch/opt/netcdf/4.8.1/intel/19.1.1//include  -real-size `expr 8 \* 4` -i4  module_force_scm.f90

real	0m2.039s
user	0m1.544s
sys	0m0.439s
rm -f module_stoch.o
sed -e "s/grid%mu/gridmu/g" -e "s/grid%Mu/gridMu/g" -e "s/^\!.*'.*//" -e "s/^ *\!.*'.*//" module_stoch.F > module_stoch.G
/lib/cpp -P -nostdinc -I/glade/work/rkumar/NASA_HMA/WRFchem_HMA/inc -DEM_CORE=1 -DNMM_CORE=0 -DNMM_MAX_DIM=2600 -DCOAMPS_CORE=0 -DDA_CORE=0 -DEXP_CORE=0 -DIWORDSIZE=4 -DDWORDSIZE=8 -DRWORDSIZE=4 -DLWORDSIZE=4 -DNONSTANDARD_SYSTEM_FUNC  -DWRF_USE_CLM  -DSNICAR_FRC    -DDM_PARALLEL -DNETCDF -DUSE_ALLOCATABLES -DGRIB1 -DINTIO -DKEEP_INT_AROUND -DLIMIT_ARGS -DCONFIG_BUF_LEN=65536 -DMAX_DOMAINS_F=21 -DMAX_HISTORY=25 -DNMM_NEST=0 -DWRF_CHEM -DBUILD_CHEM=1 -DWRF_KPP -I. -traditional-cpp   module_stoch.G  > module_stoch.H
sed -e "s/gridmu/grid%mu/g" -e "s/gridMu/grid%Mu/g" module_stoch.H > module_stoch.bb
/glade/work/rkumar/NASA_HMA/WRFchem_HMA/tools/standard.exe module_stoch.bb | /lib/cpp -P -nostdinc -traditional-cpp > module_stoch.f90
rm -f module_stoch.G module_stoch.H module_stoch.bb
time mpif90 -f90=ifort -o module_stoch.o -c -O3 -ip -fp-model precise -w -ftz -align all -fno-alias -FR -convert big_endian    -I../dyn_em -I../dyn_nmm   -I/glade/work/rkumar/NASA_HMA/WRFchem_HMA/external/esmf_time_f90  -I/glade/work/rkumar/NASA_HMA/WRFchem_HMA/main -I/glade/work/rkumar/NASA_HMA/WRFchem_HMA/external/io_netcdf -I/glade/work/rkumar/NASA_HMA/WRFchem_HMA/external/io_int -I/glade/work/rkumar/NASA_HMA/WRFchem_HMA/frame -I/glade/work/rkumar/NASA_HMA/WRFchem_HMA/share -I/glade/work/rkumar/NASA_HMA/WRFchem_HMA/phys -I/glade/work/rkumar/NASA_HMA/WRFchem_HMA/chem -I/glade/work/rkumar/NASA_HMA/WRFchem_HMA/inc -I/glade/u/apps/ch/opt/netcdf/4.8.1/intel/19.1.1//include  -real-size `expr 8 \* 4` -i4  module_stoch.f90

real	0m5.625s
user	0m5.020s
sys	0m0.540s
rm -f module_sfs_nba.o
sed -e "s/grid%mu/gridmu/g" -e "s/grid%Mu/gridMu/g" -e "s/^\!.*'.*//" -e "s/^ *\!.*'.*//" module_sfs_nba.F > module_sfs_nba.G
/lib/cpp -P -nostdinc -I/glade/work/rkumar/NASA_HMA/WRFchem_HMA/inc -DEM_CORE=1 -DNMM_CORE=0 -DNMM_MAX_DIM=2600 -DCOAMPS_CORE=0 -DDA_CORE=0 -DEXP_CORE=0 -DIWORDSIZE=4 -DDWORDSIZE=8 -DRWORDSIZE=4 -DLWORDSIZE=4 -DNONSTANDARD_SYSTEM_FUNC  -DWRF_USE_CLM  -DSNICAR_FRC    -DDM_PARALLEL -DNETCDF -DUSE_ALLOCATABLES -DGRIB1 -DINTIO -DKEEP_INT_AROUND -DLIMIT_ARGS -DCONFIG_BUF_LEN=65536 -DMAX_DOMAINS_F=21 -DMAX_HISTORY=25 -DNMM_NEST=0 -DWRF_CHEM -DBUILD_CHEM=1 -DWRF_KPP -I. -traditional-cpp   module_sfs_nba.G  > module_sfs_nba.H
sed -e "s/gridmu/grid%mu/g" -e "s/gridMu/grid%Mu/g" module_sfs_nba.H > module_sfs_nba.bb
/glade/work/rkumar/NASA_HMA/WRFchem_HMA/tools/standard.exe module_sfs_nba.bb | /lib/cpp -P -nostdinc -traditional-cpp > module_sfs_nba.f90
rm -f module_sfs_nba.G module_sfs_nba.H module_sfs_nba.bb
time mpif90 -f90=ifort -o module_sfs_nba.o -c -O3 -ip -fp-model precise -w -ftz -align all -fno-alias -FR -convert big_endian    -I../dyn_em -I../dyn_nmm   -I/glade/work/rkumar/NASA_HMA/WRFchem_HMA/external/esmf_time_f90  -I/glade/work/rkumar/NASA_HMA/WRFchem_HMA/main -I/glade/work/rkumar/NASA_HMA/WRFchem_HMA/external/io_netcdf -I/glade/work/rkumar/NASA_HMA/WRFchem_HMA/external/io_int -I/glade/work/rkumar/NASA_HMA/WRFchem_HMA/frame -I/glade/work/rkumar/NASA_HMA/WRFchem_HMA/share -I/glade/work/rkumar/NASA_HMA/WRFchem_HMA/phys -I/glade/work/rkumar/NASA_HMA/WRFchem_HMA/chem -I/glade/work/rkumar/NASA_HMA/WRFchem_HMA/inc -I/glade/u/apps/ch/opt/netcdf/4.8.1/intel/19.1.1//include  -real-size `expr 8 \* 4` -i4  module_sfs_nba.f90

real	0m3.068s
user	0m2.437s
sys	0m0.499s
rm -f module_avgflx_em.o
sed -e "s/grid%mu/gridmu/g" -e "s/grid%Mu/gridMu/g" -e "s/^\!.*'.*//" -e "s/^ *\!.*'.*//" module_avgflx_em.F > module_avgflx_em.G
/lib/cpp -P -nostdinc -I/glade/work/rkumar/NASA_HMA/WRFchem_HMA/inc -DEM_CORE=1 -DNMM_CORE=0 -DNMM_MAX_DIM=2600 -DCOAMPS_CORE=0 -DDA_CORE=0 -DEXP_CORE=0 -DIWORDSIZE=4 -DDWORDSIZE=8 -DRWORDSIZE=4 -DLWORDSIZE=4 -DNONSTANDARD_SYSTEM_FUNC  -DWRF_USE_CLM  -DSNICAR_FRC    -DDM_PARALLEL -DNETCDF -DUSE_ALLOCATABLES -DGRIB1 -DINTIO -DKEEP_INT_AROUND -DLIMIT_ARGS -DCONFIG_BUF_LEN=65536 -DMAX_DOMAINS_F=21 -DMAX_HISTORY=25 -DNMM_NEST=0 -DWRF_CHEM -DBUILD_CHEM=1 -DWRF_KPP -I. -traditional-cpp   module_avgflx_em.G  > module_avgflx_em.H
sed -e "s/gridmu/grid%mu/g" -e "s/gridMu/grid%Mu/g" module_avgflx_em.H > module_avgflx_em.bb
/glade/work/rkumar/NASA_HMA/WRFchem_HMA/tools/standard.exe module_avgflx_em.bb | /lib/cpp -P -nostdinc -traditional-cpp > module_avgflx_em.f90
rm -f module_avgflx_em.G module_avgflx_em.H module_avgflx_em.bb
time mpif90 -f90=ifort -o module_avgflx_em.o -c -O3 -ip -fp-model precise -w -ftz -align all -fno-alias -FR -convert big_endian    -I../dyn_em -I../dyn_nmm   -I/glade/work/rkumar/NASA_HMA/WRFchem_HMA/external/esmf_time_f90  -I/glade/work/rkumar/NASA_HMA/WRFchem_HMA/main -I/glade/work/rkumar/NASA_HMA/WRFchem_HMA/external/io_netcdf -I/glade/work/rkumar/NASA_HMA/WRFchem_HMA/external/io_int -I/glade/work/rkumar/NASA_HMA/WRFchem_HMA/frame -I/glade/work/rkumar/NASA_HMA/WRFchem_HMA/share -I/glade/work/rkumar/NASA_HMA/WRFchem_HMA/phys -I/glade/work/rkumar/NASA_HMA/WRFchem_HMA/chem -I/glade/work/rkumar/NASA_HMA/WRFchem_HMA/inc -I/glade/u/apps/ch/opt/netcdf/4.8.1/intel/19.1.1//include  -real-size `expr 8 \* 4` -i4  module_avgflx_em.f90

real	0m0.893s
user	0m0.321s
sys	0m0.505s
rm -f module_after_all_rk_steps.o
sed -e "s/grid%mu/gridmu/g" -e "s/grid%Mu/gridMu/g" -e "s/^\!.*'.*//" -e "s/^ *\!.*'.*//" module_after_all_rk_steps.F > module_after_all_rk_steps.G
/lib/cpp -P -nostdinc -I/glade/work/rkumar/NASA_HMA/WRFchem_HMA/inc -DEM_CORE=1 -DNMM_CORE=0 -DNMM_MAX_DIM=2600 -DCOAMPS_CORE=0 -DDA_CORE=0 -DEXP_CORE=0 -DIWORDSIZE=4 -DDWORDSIZE=8 -DRWORDSIZE=4 -DLWORDSIZE=4 -DNONSTANDARD_SYSTEM_FUNC  -DWRF_USE_CLM  -DSNICAR_FRC    -DDM_PARALLEL -DNETCDF -DUSE_ALLOCATABLES -DGRIB1 -DINTIO -DKEEP_INT_AROUND -DLIMIT_ARGS -DCONFIG_BUF_LEN=65536 -DMAX_DOMAINS_F=21 -DMAX_HISTORY=25 -DNMM_NEST=0 -DWRF_CHEM -DBUILD_CHEM=1 -DWRF_KPP -I. -traditional-cpp   module_after_all_rk_steps.G  > module_after_all_rk_steps.H
sed -e "s/gridmu/grid%mu/g" -e "s/gridMu/grid%Mu/g" module_after_all_rk_steps.H > module_after_all_rk_steps.bb
/glade/work/rkumar/NASA_HMA/WRFchem_HMA/tools/standard.exe module_after_all_rk_steps.bb | /lib/cpp -P -nostdinc -traditional-cpp > module_after_all_rk_steps.f90
rm -f module_after_all_rk_steps.G module_after_all_rk_steps.H module_after_all_rk_steps.bb
time mpif90 -f90=ifort -o module_after_all_rk_steps.o -c -O3 -ip -fp-model precise -w -ftz -align all -fno-alias -FR -convert big_endian    -I../dyn_em -I../dyn_nmm   -I/glade/work/rkumar/NASA_HMA/WRFchem_HMA/external/esmf_time_f90  -I/glade/work/rkumar/NASA_HMA/WRFchem_HMA/main -I/glade/work/rkumar/NASA_HMA/WRFchem_HMA/external/io_netcdf -I/glade/work/rkumar/NASA_HMA/WRFchem_HMA/external/io_int -I/glade/work/rkumar/NASA_HMA/WRFchem_HMA/frame -I/glade/work/rkumar/NASA_HMA/WRFchem_HMA/share -I/glade/work/rkumar/NASA_HMA/WRFchem_HMA/phys -I/glade/work/rkumar/NASA_HMA/WRFchem_HMA/chem -I/glade/work/rkumar/NASA_HMA/WRFchem_HMA/inc -I/glade/u/apps/ch/opt/netcdf/4.8.1/intel/19.1.1//include  -real-size `expr 8 \* 4` -i4  module_after_all_rk_steps.f90

real	0m3.567s
user	0m1.945s
sys	0m0.921s
rm -f init_modules_em.o
/glade/work/rkumar/NASA_HMA/WRFchem_HMA/tools/standard.exe init_modules_em.F > init_modules_em.b 
/lib/cpp -P -nostdinc -I/glade/work/rkumar/NASA_HMA/WRFchem_HMA/inc -DEM_CORE=1 -DNMM_CORE=0 -DNMM_MAX_DIM=2600 -DCOAMPS_CORE=0 -DDA_CORE=0 -DEXP_CORE=0 -DIWORDSIZE=4 -DDWORDSIZE=8 -DRWORDSIZE=4 -DLWORDSIZE=4 -DNONSTANDARD_SYSTEM_FUNC  -DWRF_USE_CLM  -DSNICAR_FRC    -DDM_PARALLEL -DNETCDF -DUSE_ALLOCATABLES -DGRIB1 -DINTIO -DKEEP_INT_AROUND -DLIMIT_ARGS -DCONFIG_BUF_LEN=65536 -DMAX_DOMAINS_F=21 -DMAX_HISTORY=25 -DNMM_NEST=0 -DWRF_CHEM -DBUILD_CHEM=1 -DWRF_KPP -I. -traditional-cpp   init_modules_em.b  > init_modules_em.f90
rm -f init_modules_em.b
if fgrep -iq '!$OMP' init_modules_em.f90 ; then \
          if [ -n "" ] ; then echo COMPILING init_modules_em.F WITH OMP ; fi ; \
  time mpif90 -f90=ifort -c -real-size `expr 8 \* 4` -i4 -O0 -fno-inline -no-ip -ip -fp-model precise -w -ftz -align all -fno-alias -FR -convert big_endian   -I../dyn_em -I../dyn_nmm   -I/glade/work/rkumar/NASA_HMA/WRFchem_HMA/external/esmf_time_f90  -I/glade/work/rkumar/NASA_HMA/WRFchem_HMA/main -I/glade/work/rkumar/NASA_HMA/WRFchem_HMA/external/io_netcdf -I/glade/work/rkumar/NASA_HMA/WRFchem_HMA/external/io_int -I/glade/work/rkumar/NASA_HMA/WRFchem_HMA/frame -I/glade/work/rkumar/NASA_HMA/WRFchem_HMA/share -I/glade/work/rkumar/NASA_HMA/WRFchem_HMA/phys -I/glade/work/rkumar/NASA_HMA/WRFchem_HMA/chem -I/glade/work/rkumar/NASA_HMA/WRFchem_HMA/inc -I/glade/u/apps/ch/opt/netcdf/4.8.1/intel/19.1.1//include    init_modules_em.f90 ; \
        else \
          if [ -n "" ] ; then echo COMPILING init_modules_em.F WITHOUT OMP ; fi ; \
  time mpif90 -f90=ifort -c -real-size `expr 8 \* 4` -i4 -O0 -fno-inline -no-ip -ip -fp-model precise -w -ftz -align all -fno-alias -FR -convert big_endian   -I../dyn_em -I../dyn_nmm   -I/glade/work/rkumar/NASA_HMA/WRFchem_HMA/external/esmf_time_f90  -I/glade/work/rkumar/NASA_HMA/WRFchem_HMA/main -I/glade/work/rkumar/NASA_HMA/WRFchem_HMA/external/io_netcdf -I/glade/work/rkumar/NASA_HMA/WRFchem_HMA/external/io_int -I/glade/work/rkumar/NASA_HMA/WRFchem_HMA/frame -I/glade/work/rkumar/NASA_HMA/WRFchem_HMA/share -I/glade/work/rkumar/NASA_HMA/WRFchem_HMA/phys -I/glade/work/rkumar/NASA_HMA/WRFchem_HMA/chem -I/glade/work/rkumar/NASA_HMA/WRFchem_HMA/inc -I/glade/u/apps/ch/opt/netcdf/4.8.1/intel/19.1.1//include   init_modules_em.f90 ; \
        fi

real	0m0.597s
user	0m0.062s
sys	0m0.475s
rm -f start_em.o
sed -e "s/grid%mu/gridmu/g" -e "s/grid%Mu/gridMu/g" -e "s/^\!.*'.*//" -e "s/^ *\!.*'.*//" start_em.F > start_em.G
/lib/cpp -P -nostdinc -I/glade/work/rkumar/NASA_HMA/WRFchem_HMA/inc -DEM_CORE=1 -DNMM_CORE=0 -DNMM_MAX_DIM=2600 -DCOAMPS_CORE=0 -DDA_CORE=0 -DEXP_CORE=0 -DIWORDSIZE=4 -DDWORDSIZE=8 -DRWORDSIZE=4 -DLWORDSIZE=4 -DNONSTANDARD_SYSTEM_FUNC  -DWRF_USE_CLM  -DSNICAR_FRC    -DDM_PARALLEL -DNETCDF -DUSE_ALLOCATABLES -DGRIB1 -DINTIO -DKEEP_INT_AROUND -DLIMIT_ARGS -DCONFIG_BUF_LEN=65536 -DMAX_DOMAINS_F=21 -DMAX_HISTORY=25 -DNMM_NEST=0 -DWRF_CHEM -DBUILD_CHEM=1 -DWRF_KPP -I. -traditional-cpp   start_em.G  > start_em.H
sed -e "s/gridmu/grid%mu/g" -e "s/gridMu/grid%Mu/g" start_em.H > start_em.bb
/glade/work/rkumar/NASA_HMA/WRFchem_HMA/tools/standard.exe start_em.bb | /lib/cpp -P -nostdinc -traditional-cpp > start_em.f90
rm -f start_em.G start_em.H start_em.bb
time mpif90 -f90=ifort -o start_em.o -c -O3 -ip -fp-model precise -w -ftz -align all -fno-alias -FR -convert big_endian    -I../dyn_em -I../dyn_nmm   -I/glade/work/rkumar/NASA_HMA/WRFchem_HMA/external/esmf_time_f90  -I/glade/work/rkumar/NASA_HMA/WRFchem_HMA/main -I/glade/work/rkumar/NASA_HMA/WRFchem_HMA/external/io_netcdf -I/glade/work/rkumar/NASA_HMA/WRFchem_HMA/external/io_int -I/glade/work/rkumar/NASA_HMA/WRFchem_HMA/frame -I/glade/work/rkumar/NASA_HMA/WRFchem_HMA/share -I/glade/work/rkumar/NASA_HMA/WRFchem_HMA/phys -I/glade/work/rkumar/NASA_HMA/WRFchem_HMA/chem -I/glade/work/rkumar/NASA_HMA/WRFchem_HMA/inc -I/glade/u/apps/ch/opt/netcdf/4.8.1/intel/19.1.1//include  -real-size `expr 8 \* 4` -i4  start_em.f90

real	1m45.541s
user	1m44.602s
sys	0m0.831s
rm -f shift_domain_em.o
sed -e "s/grid%mu/gridmu/g" -e "s/grid%Mu/gridMu/g" -e "s/^\!.*'.*//" -e "s/^ *\!.*'.*//" shift_domain_em.F > shift_domain_em.G
/lib/cpp -P -nostdinc -I/glade/work/rkumar/NASA_HMA/WRFchem_HMA/inc -DEM_CORE=1 -DNMM_CORE=0 -DNMM_MAX_DIM=2600 -DCOAMPS_CORE=0 -DDA_CORE=0 -DEXP_CORE=0 -DIWORDSIZE=4 -DDWORDSIZE=8 -DRWORDSIZE=4 -DLWORDSIZE=4 -DNONSTANDARD_SYSTEM_FUNC  -DWRF_USE_CLM  -DSNICAR_FRC    -DDM_PARALLEL -DNETCDF -DUSE_ALLOCATABLES -DGRIB1 -DINTIO -DKEEP_INT_AROUND -DLIMIT_ARGS -DCONFIG_BUF_LEN=65536 -DMAX_DOMAINS_F=21 -DMAX_HISTORY=25 -DNMM_NEST=0 -DWRF_CHEM -DBUILD_CHEM=1 -DWRF_KPP -I. -traditional-cpp   shift_domain_em.G  > shift_domain_em.H
sed -e "s/gridmu/grid%mu/g" -e "s/gridMu/grid%Mu/g" shift_domain_em.H > shift_domain_em.bb
/glade/work/rkumar/NASA_HMA/WRFchem_HMA/tools/standard.exe shift_domain_em.bb | /lib/cpp -P -nostdinc -traditional-cpp > shift_domain_em.f90
rm -f shift_domain_em.G shift_domain_em.H shift_domain_em.bb
time mpif90 -f90=ifort -o shift_domain_em.o -c -O3 -ip -fp-model precise -w -ftz -align all -fno-alias -FR -convert big_endian    -I../dyn_em -I../dyn_nmm   -I/glade/work/rkumar/NASA_HMA/WRFchem_HMA/external/esmf_time_f90  -I/glade/work/rkumar/NASA_HMA/WRFchem_HMA/main -I/glade/work/rkumar/NASA_HMA/WRFchem_HMA/external/io_netcdf -I/glade/work/rkumar/NASA_HMA/WRFchem_HMA/external/io_int -I/glade/work/rkumar/NASA_HMA/WRFchem_HMA/frame -I/glade/work/rkumar/NASA_HMA/WRFchem_HMA/share -I/glade/work/rkumar/NASA_HMA/WRFchem_HMA/phys -I/glade/work/rkumar/NASA_HMA/WRFchem_HMA/chem -I/glade/work/rkumar/NASA_HMA/WRFchem_HMA/inc -I/glade/u/apps/ch/opt/netcdf/4.8.1/intel/19.1.1//include  -real-size `expr 8 \* 4` -i4  shift_domain_em.f90

real	0m5.948s
user	0m4.318s
sys	0m1.220s
rm -f couple_or_uncouple_em.o
sed -e "s/grid%mu/gridmu/g" -e "s/grid%Mu/gridMu/g" -e "s/^\!.*'.*//" -e "s/^ *\!.*'.*//" couple_or_uncouple_em.F > couple_or_uncouple_em.G
/lib/cpp -P -nostdinc -I/glade/work/rkumar/NASA_HMA/WRFchem_HMA/inc -DEM_CORE=1 -DNMM_CORE=0 -DNMM_MAX_DIM=2600 -DCOAMPS_CORE=0 -DDA_CORE=0 -DEXP_CORE=0 -DIWORDSIZE=4 -DDWORDSIZE=8 -DRWORDSIZE=4 -DLWORDSIZE=4 -DNONSTANDARD_SYSTEM_FUNC  -DWRF_USE_CLM  -DSNICAR_FRC    -DDM_PARALLEL -DNETCDF -DUSE_ALLOCATABLES -DGRIB1 -DINTIO -DKEEP_INT_AROUND -DLIMIT_ARGS -DCONFIG_BUF_LEN=65536 -DMAX_DOMAINS_F=21 -DMAX_HISTORY=25 -DNMM_NEST=0 -DWRF_CHEM -DBUILD_CHEM=1 -DWRF_KPP -I. -traditional-cpp   couple_or_uncouple_em.G  > couple_or_uncouple_em.H
sed -e "s/gridmu/grid%mu/g" -e "s/gridMu/grid%Mu/g" couple_or_uncouple_em.H > couple_or_uncouple_em.bb
/glade/work/rkumar/NASA_HMA/WRFchem_HMA/tools/standard.exe couple_or_uncouple_em.bb | /lib/cpp -P -nostdinc -traditional-cpp > couple_or_uncouple_em.f90
rm -f couple_or_uncouple_em.G couple_or_uncouple_em.H couple_or_uncouple_em.bb
time mpif90 -f90=ifort -o couple_or_uncouple_em.o -c -O3 -ip -fp-model precise -w -ftz -align all -fno-alias -FR -convert big_endian    -I../dyn_em -I../dyn_nmm   -I/glade/work/rkumar/NASA_HMA/WRFchem_HMA/external/esmf_time_f90  -I/glade/work/rkumar/NASA_HMA/WRFchem_HMA/main -I/glade/work/rkumar/NASA_HMA/WRFchem_HMA/external/io_netcdf -I/glade/work/rkumar/NASA_HMA/WRFchem_HMA/external/io_int -I/glade/work/rkumar/NASA_HMA/WRFchem_HMA/frame -I/glade/work/rkumar/NASA_HMA/WRFchem_HMA/share -I/glade/work/rkumar/NASA_HMA/WRFchem_HMA/phys -I/glade/work/rkumar/NASA_HMA/WRFchem_HMA/chem -I/glade/work/rkumar/NASA_HMA/WRFchem_HMA/inc -I/glade/u/apps/ch/opt/netcdf/4.8.1/intel/19.1.1//include  -real-size `expr 8 \* 4` -i4  couple_or_uncouple_em.f90

real	0m5.236s
user	0m4.154s
sys	0m0.990s
rm -f nest_init_utils.o
sed -e "s/grid%mu/gridmu/g" -e "s/grid%Mu/gridMu/g" -e "s/^\!.*'.*//" -e "s/^ *\!.*'.*//" nest_init_utils.F > nest_init_utils.G
/lib/cpp -P -nostdinc -I/glade/work/rkumar/NASA_HMA/WRFchem_HMA/inc -DEM_CORE=1 -DNMM_CORE=0 -DNMM_MAX_DIM=2600 -DCOAMPS_CORE=0 -DDA_CORE=0 -DEXP_CORE=0 -DIWORDSIZE=4 -DDWORDSIZE=8 -DRWORDSIZE=4 -DLWORDSIZE=4 -DNONSTANDARD_SYSTEM_FUNC  -DWRF_USE_CLM  -DSNICAR_FRC    -DDM_PARALLEL -DNETCDF -DUSE_ALLOCATABLES -DGRIB1 -DINTIO -DKEEP_INT_AROUND -DLIMIT_ARGS -DCONFIG_BUF_LEN=65536 -DMAX_DOMAINS_F=21 -DMAX_HISTORY=25 -DNMM_NEST=0 -DWRF_CHEM -DBUILD_CHEM=1 -DWRF_KPP -I. -traditional-cpp   nest_init_utils.G  > nest_init_utils.H
sed -e "s/gridmu/grid%mu/g" -e "s/gridMu/grid%Mu/g" nest_init_utils.H > nest_init_utils.bb
/glade/work/rkumar/NASA_HMA/WRFchem_HMA/tools/standard.exe nest_init_utils.bb | /lib/cpp -P -nostdinc -traditional-cpp > nest_init_utils.f90
rm -f nest_init_utils.G nest_init_utils.H nest_init_utils.bb
time mpif90 -f90=ifort -o nest_init_utils.o -c -O3 -ip -fp-model precise -w -ftz -align all -fno-alias -FR -convert big_endian    -I../dyn_em -I../dyn_nmm   -I/glade/work/rkumar/NASA_HMA/WRFchem_HMA/external/esmf_time_f90  -I/glade/work/rkumar/NASA_HMA/WRFchem_HMA/main -I/glade/work/rkumar/NASA_HMA/WRFchem_HMA/external/io_netcdf -I/glade/work/rkumar/NASA_HMA/WRFchem_HMA/external/io_int -I/glade/work/rkumar/NASA_HMA/WRFchem_HMA/frame -I/glade/work/rkumar/NASA_HMA/WRFchem_HMA/share -I/glade/work/rkumar/NASA_HMA/WRFchem_HMA/phys -I/glade/work/rkumar/NASA_HMA/WRFchem_HMA/chem -I/glade/work/rkumar/NASA_HMA/WRFchem_HMA/inc -I/glade/u/apps/ch/opt/netcdf/4.8.1/intel/19.1.1//include  -real-size `expr 8 \* 4` -i4  nest_init_utils.f90

real	0m4.926s
user	0m3.683s
sys	0m1.096s
rm -f adapt_timestep_em.o
sed -e "s/grid%mu/gridmu/g" -e "s/grid%Mu/gridMu/g" -e "s/^\!.*'.*//" -e "s/^ *\!.*'.*//" adapt_timestep_em.F > adapt_timestep_em.G
/lib/cpp -P -nostdinc -I/glade/work/rkumar/NASA_HMA/WRFchem_HMA/inc -DEM_CORE=1 -DNMM_CORE=0 -DNMM_MAX_DIM=2600 -DCOAMPS_CORE=0 -DDA_CORE=0 -DEXP_CORE=0 -DIWORDSIZE=4 -DDWORDSIZE=8 -DRWORDSIZE=4 -DLWORDSIZE=4 -DNONSTANDARD_SYSTEM_FUNC  -DWRF_USE_CLM  -DSNICAR_FRC    -DDM_PARALLEL -DNETCDF -DUSE_ALLOCATABLES -DGRIB1 -DINTIO -DKEEP_INT_AROUND -DLIMIT_ARGS -DCONFIG_BUF_LEN=65536 -DMAX_DOMAINS_F=21 -DMAX_HISTORY=25 -DNMM_NEST=0 -DWRF_CHEM -DBUILD_CHEM=1 -DWRF_KPP -I. -traditional-cpp   adapt_timestep_em.G  > adapt_timestep_em.H
sed -e "s/gridmu/grid%mu/g" -e "s/gridMu/grid%Mu/g" adapt_timestep_em.H > adapt_timestep_em.bb
/glade/work/rkumar/NASA_HMA/WRFchem_HMA/tools/standard.exe adapt_timestep_em.bb | /lib/cpp -P -nostdinc -traditional-cpp > adapt_timestep_em.f90
rm -f adapt_timestep_em.G adapt_timestep_em.H adapt_timestep_em.bb
time mpif90 -f90=ifort -o adapt_timestep_em.o -c -O3 -ip -fp-model precise -w -ftz -align all -fno-alias -FR -convert big_endian    -I../dyn_em -I../dyn_nmm   -I/glade/work/rkumar/NASA_HMA/WRFchem_HMA/external/esmf_time_f90  -I/glade/work/rkumar/NASA_HMA/WRFchem_HMA/main -I/glade/work/rkumar/NASA_HMA/WRFchem_HMA/external/io_netcdf -I/glade/work/rkumar/NASA_HMA/WRFchem_HMA/external/io_int -I/glade/work/rkumar/NASA_HMA/WRFchem_HMA/frame -I/glade/work/rkumar/NASA_HMA/WRFchem_HMA/share -I/glade/work/rkumar/NASA_HMA/WRFchem_HMA/phys -I/glade/work/rkumar/NASA_HMA/WRFchem_HMA/chem -I/glade/work/rkumar/NASA_HMA/WRFchem_HMA/inc -I/glade/u/apps/ch/opt/netcdf/4.8.1/intel/19.1.1//include  -real-size `expr 8 \* 4` -i4  adapt_timestep_em.f90

real	0m1.616s
user	0m1.041s
sys	0m0.517s
rm -f interp_domain_em.o
sed -e "s/grid%mu/gridmu/g" -e "s/grid%Mu/gridMu/g" -e "s/^\!.*'.*//" -e "s/^ *\!.*'.*//" interp_domain_em.F > interp_domain_em.G
/lib/cpp -P -nostdinc -I/glade/work/rkumar/NASA_HMA/WRFchem_HMA/inc -DEM_CORE=1 -DNMM_CORE=0 -DNMM_MAX_DIM=2600 -DCOAMPS_CORE=0 -DDA_CORE=0 -DEXP_CORE=0 -DIWORDSIZE=4 -DDWORDSIZE=8 -DRWORDSIZE=4 -DLWORDSIZE=4 -DNONSTANDARD_SYSTEM_FUNC  -DWRF_USE_CLM  -DSNICAR_FRC    -DDM_PARALLEL -DNETCDF -DUSE_ALLOCATABLES -DGRIB1 -DINTIO -DKEEP_INT_AROUND -DLIMIT_ARGS -DCONFIG_BUF_LEN=65536 -DMAX_DOMAINS_F=21 -DMAX_HISTORY=25 -DNMM_NEST=0 -DWRF_CHEM -DBUILD_CHEM=1 -DWRF_KPP -I. -traditional-cpp   interp_domain_em.G  > interp_domain_em.H
sed -e "s/gridmu/grid%mu/g" -e "s/gridMu/grid%Mu/g" interp_domain_em.H > interp_domain_em.bb
/glade/work/rkumar/NASA_HMA/WRFchem_HMA/tools/standard.exe interp_domain_em.bb | /lib/cpp -P -nostdinc -traditional-cpp > interp_domain_em.f90
rm -f interp_domain_em.G interp_domain_em.H interp_domain_em.bb
time mpif90 -f90=ifort -o interp_domain_em.o -c -O3 -ip -fp-model precise -w -ftz -align all -fno-alias -FR -convert big_endian    -I../dyn_em -I../dyn_nmm   -I/glade/work/rkumar/NASA_HMA/WRFchem_HMA/external/esmf_time_f90  -I/glade/work/rkumar/NASA_HMA/WRFchem_HMA/main -I/glade/work/rkumar/NASA_HMA/WRFchem_HMA/external/io_netcdf -I/glade/work/rkumar/NASA_HMA/WRFchem_HMA/external/io_int -I/glade/work/rkumar/NASA_HMA/WRFchem_HMA/frame -I/glade/work/rkumar/NASA_HMA/WRFchem_HMA/share -I/glade/work/rkumar/NASA_HMA/WRFchem_HMA/phys -I/glade/work/rkumar/NASA_HMA/WRFchem_HMA/chem -I/glade/work/rkumar/NASA_HMA/WRFchem_HMA/inc -I/glade/u/apps/ch/opt/netcdf/4.8.1/intel/19.1.1//include  -real-size `expr 8 \* 4` -i4  interp_domain_em.f90

real	0m0.561s
user	0m0.063s
sys	0m0.448s
rm -f module_diffusion_em.o
sed -e "s/grid%mu/gridmu/g" -e "s/grid%Mu/gridMu/g" -e "s/^\!.*'.*//" -e "s/^ *\!.*'.*//" module_diffusion_em.F > module_diffusion_em.G
/lib/cpp -P -nostdinc -I/glade/work/rkumar/NASA_HMA/WRFchem_HMA/inc -DEM_CORE=1 -DNMM_CORE=0 -DNMM_MAX_DIM=2600 -DCOAMPS_CORE=0 -DDA_CORE=0 -DEXP_CORE=0 -DIWORDSIZE=4 -DDWORDSIZE=8 -DRWORDSIZE=4 -DLWORDSIZE=4 -DNONSTANDARD_SYSTEM_FUNC  -DWRF_USE_CLM  -DSNICAR_FRC    -DDM_PARALLEL -DNETCDF -DUSE_ALLOCATABLES -DGRIB1 -DINTIO -DKEEP_INT_AROUND -DLIMIT_ARGS -DCONFIG_BUF_LEN=65536 -DMAX_DOMAINS_F=21 -DMAX_HISTORY=25 -DNMM_NEST=0 -DWRF_CHEM -DBUILD_CHEM=1 -DWRF_KPP -I. -traditional-cpp   module_diffusion_em.G  > module_diffusion_em.H
sed -e "s/gridmu/grid%mu/g" -e "s/gridMu/grid%Mu/g" module_diffusion_em.H > module_diffusion_em.bb
/glade/work/rkumar/NASA_HMA/WRFchem_HMA/tools/standard.exe module_diffusion_em.bb | /lib/cpp -P -nostdinc -traditional-cpp > module_diffusion_em.f90
rm -f module_diffusion_em.G module_diffusion_em.H module_diffusion_em.bb
time mpif90 -f90=ifort -o module_diffusion_em.o -c -O3 -ip -fp-model precise -w -ftz -align all -fno-alias -FR -convert big_endian    -I../dyn_em -I../dyn_nmm   -I/glade/work/rkumar/NASA_HMA/WRFchem_HMA/external/esmf_time_f90  -I/glade/work/rkumar/NASA_HMA/WRFchem_HMA/main -I/glade/work/rkumar/NASA_HMA/WRFchem_HMA/external/io_netcdf -I/glade/work/rkumar/NASA_HMA/WRFchem_HMA/external/io_int -I/glade/work/rkumar/NASA_HMA/WRFchem_HMA/frame -I/glade/work/rkumar/NASA_HMA/WRFchem_HMA/share -I/glade/work/rkumar/NASA_HMA/WRFchem_HMA/phys -I/glade/work/rkumar/NASA_HMA/WRFchem_HMA/chem -I/glade/work/rkumar/NASA_HMA/WRFchem_HMA/inc -I/glade/u/apps/ch/opt/netcdf/4.8.1/intel/19.1.1//include  -real-size `expr 8 \* 4` -i4  module_diffusion_em.f90

real	1m13.858s
user	1m10.631s
sys	0m2.523s
rm -f module_em.o
sed -e "s/grid%mu/gridmu/g" -e "s/grid%Mu/gridMu/g" -e "s/^\!.*'.*//" -e "s/^ *\!.*'.*//" module_em.F > module_em.G
/lib/cpp -P -nostdinc -I/glade/work/rkumar/NASA_HMA/WRFchem_HMA/inc -DEM_CORE=1 -DNMM_CORE=0 -DNMM_MAX_DIM=2600 -DCOAMPS_CORE=0 -DDA_CORE=0 -DEXP_CORE=0 -DIWORDSIZE=4 -DDWORDSIZE=8 -DRWORDSIZE=4 -DLWORDSIZE=4 -DNONSTANDARD_SYSTEM_FUNC  -DWRF_USE_CLM  -DSNICAR_FRC    -DDM_PARALLEL -DNETCDF -DUSE_ALLOCATABLES -DGRIB1 -DINTIO -DKEEP_INT_AROUND -DLIMIT_ARGS -DCONFIG_BUF_LEN=65536 -DMAX_DOMAINS_F=21 -DMAX_HISTORY=25 -DNMM_NEST=0 -DWRF_CHEM -DBUILD_CHEM=1 -DWRF_KPP -I. -traditional-cpp   module_em.G  > module_em.H
sed -e "s/gridmu/grid%mu/g" -e "s/gridMu/grid%Mu/g" module_em.H > module_em.bb
/glade/work/rkumar/NASA_HMA/WRFchem_HMA/tools/standard.exe module_em.bb | /lib/cpp -P -nostdinc -traditional-cpp > module_em.f90
rm -f module_em.G module_em.H module_em.bb
time mpif90 -f90=ifort -o module_em.o -c -O3 -ip -fp-model precise -w -ftz -align all -fno-alias -FR -convert big_endian    -I../dyn_em -I../dyn_nmm   -I/glade/work/rkumar/NASA_HMA/WRFchem_HMA/external/esmf_time_f90  -I/glade/work/rkumar/NASA_HMA/WRFchem_HMA/main -I/glade/work/rkumar/NASA_HMA/WRFchem_HMA/external/io_netcdf -I/glade/work/rkumar/NASA_HMA/WRFchem_HMA/external/io_int -I/glade/work/rkumar/NASA_HMA/WRFchem_HMA/frame -I/glade/work/rkumar/NASA_HMA/WRFchem_HMA/share -I/glade/work/rkumar/NASA_HMA/WRFchem_HMA/phys -I/glade/work/rkumar/NASA_HMA/WRFchem_HMA/chem -I/glade/work/rkumar/NASA_HMA/WRFchem_HMA/inc -I/glade/u/apps/ch/opt/netcdf/4.8.1/intel/19.1.1//include  -real-size `expr 8 \* 4` -i4  module_em.f90

real	0m6.179s
user	0m5.458s
sys	0m0.634s
rm -f module_sfs_driver.o
sed -e "s/grid%mu/gridmu/g" -e "s/grid%Mu/gridMu/g" -e "s/^\!.*'.*//" -e "s/^ *\!.*'.*//" module_sfs_driver.F > module_sfs_driver.G
/lib/cpp -P -nostdinc -I/glade/work/rkumar/NASA_HMA/WRFchem_HMA/inc -DEM_CORE=1 -DNMM_CORE=0 -DNMM_MAX_DIM=2600 -DCOAMPS_CORE=0 -DDA_CORE=0 -DEXP_CORE=0 -DIWORDSIZE=4 -DDWORDSIZE=8 -DRWORDSIZE=4 -DLWORDSIZE=4 -DNONSTANDARD_SYSTEM_FUNC  -DWRF_USE_CLM  -DSNICAR_FRC    -DDM_PARALLEL -DNETCDF -DUSE_ALLOCATABLES -DGRIB1 -DINTIO -DKEEP_INT_AROUND -DLIMIT_ARGS -DCONFIG_BUF_LEN=65536 -DMAX_DOMAINS_F=21 -DMAX_HISTORY=25 -DNMM_NEST=0 -DWRF_CHEM -DBUILD_CHEM=1 -DWRF_KPP -I. -traditional-cpp   module_sfs_driver.G  > module_sfs_driver.H
sed -e "s/gridmu/grid%mu/g" -e "s/gridMu/grid%Mu/g" module_sfs_driver.H > module_sfs_driver.bb
/glade/work/rkumar/NASA_HMA/WRFchem_HMA/tools/standard.exe module_sfs_driver.bb | /lib/cpp -P -nostdinc -traditional-cpp > module_sfs_driver.f90
rm -f module_sfs_driver.G module_sfs_driver.H module_sfs_driver.bb
time mpif90 -f90=ifort -o module_sfs_driver.o -c -O3 -ip -fp-model precise -w -ftz -align all -fno-alias -FR -convert big_endian    -I../dyn_em -I../dyn_nmm   -I/glade/work/rkumar/NASA_HMA/WRFchem_HMA/external/esmf_time_f90  -I/glade/work/rkumar/NASA_HMA/WRFchem_HMA/main -I/glade/work/rkumar/NASA_HMA/WRFchem_HMA/external/io_netcdf -I/glade/work/rkumar/NASA_HMA/WRFchem_HMA/external/io_int -I/glade/work/rkumar/NASA_HMA/WRFchem_HMA/frame -I/glade/work/rkumar/NASA_HMA/WRFchem_HMA/share -I/glade/work/rkumar/NASA_HMA/WRFchem_HMA/phys -I/glade/work/rkumar/NASA_HMA/WRFchem_HMA/chem -I/glade/work/rkumar/NASA_HMA/WRFchem_HMA/inc -I/glade/u/apps/ch/opt/netcdf/4.8.1/intel/19.1.1//include  -real-size `expr 8 \* 4` -i4  module_sfs_driver.f90

real	0m4.094s
user	0m2.954s
sys	0m0.967s
rm -f module_first_rk_step_part1.o
sed -e "s/grid%mu/gridmu/g" -e "s/grid%Mu/gridMu/g" -e "s/^\!.*'.*//" -e "s/^ *\!.*'.*//" module_first_rk_step_part1.F > module_first_rk_step_part1.G
/lib/cpp -P -nostdinc -I/glade/work/rkumar/NASA_HMA/WRFchem_HMA/inc -DEM_CORE=1 -DNMM_CORE=0 -DNMM_MAX_DIM=2600 -DCOAMPS_CORE=0 -DDA_CORE=0 -DEXP_CORE=0 -DIWORDSIZE=4 -DDWORDSIZE=8 -DRWORDSIZE=4 -DLWORDSIZE=4 -DNONSTANDARD_SYSTEM_FUNC  -DWRF_USE_CLM  -DSNICAR_FRC    -DDM_PARALLEL -DNETCDF -DUSE_ALLOCATABLES -DGRIB1 -DINTIO -DKEEP_INT_AROUND -DLIMIT_ARGS -DCONFIG_BUF_LEN=65536 -DMAX_DOMAINS_F=21 -DMAX_HISTORY=25 -DNMM_NEST=0 -DWRF_CHEM -DBUILD_CHEM=1 -DWRF_KPP -I. -traditional-cpp   module_first_rk_step_part1.G  > module_first_rk_step_part1.H
sed -e "s/gridmu/grid%mu/g" -e "s/gridMu/grid%Mu/g" module_first_rk_step_part1.H > module_first_rk_step_part1.bb
/glade/work/rkumar/NASA_HMA/WRFchem_HMA/tools/standard.exe module_first_rk_step_part1.bb | /lib/cpp -P -nostdinc -traditional-cpp > module_first_rk_step_part1.f90
rm -f module_first_rk_step_part1.G module_first_rk_step_part1.H module_first_rk_step_part1.bb
time mpif90 -f90=ifort -o module_first_rk_step_part1.o -c -O3 -ip -fp-model precise -w -ftz -align all -fno-alias -FR -convert big_endian    -I../dyn_em -I../dyn_nmm   -I/glade/work/rkumar/NASA_HMA/WRFchem_HMA/external/esmf_time_f90  -I/glade/work/rkumar/NASA_HMA/WRFchem_HMA/main -I/glade/work/rkumar/NASA_HMA/WRFchem_HMA/external/io_netcdf -I/glade/work/rkumar/NASA_HMA/WRFchem_HMA/external/io_int -I/glade/work/rkumar/NASA_HMA/WRFchem_HMA/frame -I/glade/work/rkumar/NASA_HMA/WRFchem_HMA/share -I/glade/work/rkumar/NASA_HMA/WRFchem_HMA/phys -I/glade/work/rkumar/NASA_HMA/WRFchem_HMA/chem -I/glade/work/rkumar/NASA_HMA/WRFchem_HMA/inc -I/glade/u/apps/ch/opt/netcdf/4.8.1/intel/19.1.1//include  -real-size `expr 8 \* 4` -i4  module_first_rk_step_part1.f90

real	0m23.274s
user	0m22.555s
sys	0m0.653s
rm -f module_first_rk_step_part2.o
sed -e "s/grid%mu/gridmu/g" -e "s/grid%Mu/gridMu/g" -e "s/^\!.*'.*//" -e "s/^ *\!.*'.*//" module_first_rk_step_part2.F > module_first_rk_step_part2.G
/lib/cpp -P -nostdinc -I/glade/work/rkumar/NASA_HMA/WRFchem_HMA/inc -DEM_CORE=1 -DNMM_CORE=0 -DNMM_MAX_DIM=2600 -DCOAMPS_CORE=0 -DDA_CORE=0 -DEXP_CORE=0 -DIWORDSIZE=4 -DDWORDSIZE=8 -DRWORDSIZE=4 -DLWORDSIZE=4 -DNONSTANDARD_SYSTEM_FUNC  -DWRF_USE_CLM  -DSNICAR_FRC    -DDM_PARALLEL -DNETCDF -DUSE_ALLOCATABLES -DGRIB1 -DINTIO -DKEEP_INT_AROUND -DLIMIT_ARGS -DCONFIG_BUF_LEN=65536 -DMAX_DOMAINS_F=21 -DMAX_HISTORY=25 -DNMM_NEST=0 -DWRF_CHEM -DBUILD_CHEM=1 -DWRF_KPP -I. -traditional-cpp   module_first_rk_step_part2.G  > module_first_rk_step_part2.H
sed -e "s/gridmu/grid%mu/g" -e "s/gridMu/grid%Mu/g" module_first_rk_step_part2.H > module_first_rk_step_part2.bb
/glade/work/rkumar/NASA_HMA/WRFchem_HMA/tools/standard.exe module_first_rk_step_part2.bb | /lib/cpp -P -nostdinc -traditional-cpp > module_first_rk_step_part2.f90
rm -f module_first_rk_step_part2.G module_first_rk_step_part2.H module_first_rk_step_part2.bb
time mpif90 -f90=ifort -o module_first_rk_step_part2.o -c -O3 -ip -fp-model precise -w -ftz -align all -fno-alias -FR -convert big_endian    -I../dyn_em -I../dyn_nmm   -I/glade/work/rkumar/NASA_HMA/WRFchem_HMA/external/esmf_time_f90  -I/glade/work/rkumar/NASA_HMA/WRFchem_HMA/main -I/glade/work/rkumar/NASA_HMA/WRFchem_HMA/external/io_netcdf -I/glade/work/rkumar/NASA_HMA/WRFchem_HMA/external/io_int -I/glade/work/rkumar/NASA_HMA/WRFchem_HMA/frame -I/glade/work/rkumar/NASA_HMA/WRFchem_HMA/share -I/glade/work/rkumar/NASA_HMA/WRFchem_HMA/phys -I/glade/work/rkumar/NASA_HMA/WRFchem_HMA/chem -I/glade/work/rkumar/NASA_HMA/WRFchem_HMA/inc -I/glade/u/apps/ch/opt/netcdf/4.8.1/intel/19.1.1//include  -real-size `expr 8 \* 4` -i4  module_first_rk_step_part2.f90

real	0m5.865s
user	0m4.693s
sys	0m1.052s

real	21m38.970s
user	21m36.128s
sys	0m2.378s
rm -f solve_em.o
sed -e "s/grid%mu/gridmu/g" -e "s/grid%Mu/gridMu/g" -e "s/^\!.*'.*//" -e "s/^ *\!.*'.*//" solve_em.F > solve_em.G
/lib/cpp -P -nostdinc -I/glade/work/rkumar/NASA_HMA/WRFchem_HMA/inc -DEM_CORE=1 -DNMM_CORE=0 -DNMM_MAX_DIM=2600 -DCOAMPS_CORE=0 -DDA_CORE=0 -DEXP_CORE=0 -DIWORDSIZE=4 -DDWORDSIZE=8 -DRWORDSIZE=4 -DLWORDSIZE=4 -DNONSTANDARD_SYSTEM_FUNC  -DWRF_USE_CLM  -DSNICAR_FRC    -DDM_PARALLEL -DNETCDF -DUSE_ALLOCATABLES -DGRIB1 -DINTIO -DKEEP_INT_AROUND -DLIMIT_ARGS -DCONFIG_BUF_LEN=65536 -DMAX_DOMAINS_F=21 -DMAX_HISTORY=25 -DNMM_NEST=0 -DWRF_CHEM -DBUILD_CHEM=1 -DWRF_KPP -I. -traditional-cpp   solve_em.G  > solve_em.H
sed -e "s/gridmu/grid%mu/g" -e "s/gridMu/grid%Mu/g" solve_em.H > solve_em.bb
/glade/work/rkumar/NASA_HMA/WRFchem_HMA/tools/standard.exe solve_em.bb | /lib/cpp -P -nostdinc -traditional-cpp > solve_em.f90
rm -f solve_em.G solve_em.H solve_em.bb
time mpif90 -f90=ifort -o solve_em.o -c -O3 -ip -fp-model precise -w -ftz -align all -fno-alias -FR -convert big_endian    -I../dyn_em -I../dyn_nmm   -I/glade/work/rkumar/NASA_HMA/WRFchem_HMA/external/esmf_time_f90  -I/glade/work/rkumar/NASA_HMA/WRFchem_HMA/main -I/glade/work/rkumar/NASA_HMA/WRFchem_HMA/external/io_netcdf -I/glade/work/rkumar/NASA_HMA/WRFchem_HMA/external/io_int -I/glade/work/rkumar/NASA_HMA/WRFchem_HMA/frame -I/glade/work/rkumar/NASA_HMA/WRFchem_HMA/share -I/glade/work/rkumar/NASA_HMA/WRFchem_HMA/phys -I/glade/work/rkumar/NASA_HMA/WRFchem_HMA/chem -I/glade/work/rkumar/NASA_HMA/WRFchem_HMA/inc -I/glade/u/apps/ch/opt/netcdf/4.8.1/intel/19.1.1//include  -real-size `expr 8 \* 4` -i4  solve_em.f90

real	0m31.026s
user	0m27.911s
sys	0m1.554s
ar ru ../main/libwrflib.a module_advect_em.o module_diffusion_em.o module_small_step_em.o module_big_step_utilities_em.o module_em.o module_solvedebug_em.o module_bc_em.o module_init_utilities.o module_wps_io_arw.o module_damping_em.o module_polarfft.o module_force_scm.o module_first_rk_step_part1.o module_first_rk_step_part2.o module_avgflx_em.o module_sfs_nba.o module_convtrans_prep.o module_sfs_driver.o module_stoch.o module_after_all_rk_steps.o  init_modules_em.o solve_em.o start_em.o shift_domain_em.o couple_or_uncouple_em.o nest_init_utils.o adapt_timestep_em.o interp_domain_em.o
make[2]: Leaving directory '/glade/work/rkumar/NASA_HMA/WRFchem_HMA/dyn_em'
make[1]: Leaving directory '/glade/work/rkumar/NASA_HMA/WRFchem_HMA'
if [ 0 -eq 1 ]   ; then make -i -r MODULE_DIRS="-I../dyn_em -I../dyn_nmm   -I/glade/work/rkumar/NASA_HMA/WRFchem_HMA/external/esmf_time_f90  -I/glade/work/rkumar/NASA_HMA/WRFchem_HMA/main -I/glade/work/rkumar/NASA_HMA/WRFchem_HMA/external/io_netcdf -I/glade/work/rkumar/NASA_HMA/WRFchem_HMA/external/io_int -I/glade/work/rkumar/NASA_HMA/WRFchem_HMA/frame -I/glade/work/rkumar/NASA_HMA/WRFchem_HMA/share -I/glade/work/rkumar/NASA_HMA/WRFchem_HMA/phys -I/glade/work/rkumar/NASA_HMA/WRFchem_HMA/chem -I/glade/work/rkumar/NASA_HMA/WRFchem_HMA/inc -I/glade/u/apps/ch/opt/netcdf/4.8.1/intel/19.1.1//include " nmm_core ; fi
if [ 0 -eq 1 ]   ; then make -i -r MODULE_DIRS="-I../dyn_em -I../dyn_nmm   -I/glade/work/rkumar/NASA_HMA/WRFchem_HMA/external/esmf_time_f90  -I/glade/work/rkumar/NASA_HMA/WRFchem_HMA/main -I/glade/work/rkumar/NASA_HMA/WRFchem_HMA/external/io_netcdf -I/glade/work/rkumar/NASA_HMA/WRFchem_HMA/external/io_int -I/glade/work/rkumar/NASA_HMA/WRFchem_HMA/frame -I/glade/work/rkumar/NASA_HMA/WRFchem_HMA/share -I/glade/work/rkumar/NASA_HMA/WRFchem_HMA/phys -I/glade/work/rkumar/NASA_HMA/WRFchem_HMA/chem -I/glade/work/rkumar/NASA_HMA/WRFchem_HMA/inc -I/glade/u/apps/ch/opt/netcdf/4.8.1/intel/19.1.1//include " exp_core ; fi
if [ 0 -eq 1 ]   ; then make -i -r MODULE_DIRS="-I../dyn_em -I../dyn_nmm   -I/glade/work/rkumar/NASA_HMA/WRFchem_HMA/external/esmf_time_f90  -I/glade/work/rkumar/NASA_HMA/WRFchem_HMA/main -I/glade/work/rkumar/NASA_HMA/WRFchem_HMA/external/io_netcdf -I/glade/work/rkumar/NASA_HMA/WRFchem_HMA/external/io_int -I/glade/work/rkumar/NASA_HMA/WRFchem_HMA/frame -I/glade/work/rkumar/NASA_HMA/WRFchem_HMA/share -I/glade/work/rkumar/NASA_HMA/WRFchem_HMA/phys -I/glade/work/rkumar/NASA_HMA/WRFchem_HMA/chem -I/glade/work/rkumar/NASA_HMA/WRFchem_HMA/inc -I/glade/u/apps/ch/opt/netcdf/4.8.1/intel/19.1.1//include " wrf_hydro ; fi
( cd main ; make -i -r RLFLAGS="" MODULE_DIRS="-I../dyn_em -I../dyn_nmm   -I/glade/work/rkumar/NASA_HMA/WRFchem_HMA/external/esmf_time_f90  -I/glade/work/rkumar/NASA_HMA/WRFchem_HMA/main -I/glade/work/rkumar/NASA_HMA/WRFchem_HMA/external/io_netcdf -I/glade/work/rkumar/NASA_HMA/WRFchem_HMA/external/io_int -I/glade/work/rkumar/NASA_HMA/WRFchem_HMA/frame -I/glade/work/rkumar/NASA_HMA/WRFchem_HMA/share -I/glade/work/rkumar/NASA_HMA/WRFchem_HMA/phys -I/glade/work/rkumar/NASA_HMA/WRFchem_HMA/chem -I/glade/work/rkumar/NASA_HMA/WRFchem_HMA/inc -I/glade/u/apps/ch/opt/netcdf/4.8.1/intel/19.1.1//include " SOLVER=em em_wrf )
make[1]: Entering directory '/glade/work/rkumar/NASA_HMA/WRFchem_HMA/main'
rm -f ../main/module_wrf_top.o
sed -e "s/grid%mu/gridmu/g" -e "s/grid%Mu/gridMu/g" -e "s/^\!.*'.*//" -e "s/^ *\!.*'.*//" ../main/module_wrf_top.F > ../main/module_wrf_top.G
/lib/cpp -P -nostdinc -I/glade/work/rkumar/NASA_HMA/WRFchem_HMA/inc -DEM_CORE=1 -DNMM_CORE=0 -DNMM_MAX_DIM=2600 -DCOAMPS_CORE=0 -DDA_CORE=0 -DEXP_CORE=0 -DIWORDSIZE=4 -DDWORDSIZE=8 -DRWORDSIZE=4 -DLWORDSIZE=4 -DNONSTANDARD_SYSTEM_FUNC  -DWRF_USE_CLM  -DSNICAR_FRC    -DDM_PARALLEL -DNETCDF -DUSE_ALLOCATABLES -DGRIB1 -DINTIO -DKEEP_INT_AROUND -DLIMIT_ARGS -DCONFIG_BUF_LEN=65536 -DMAX_DOMAINS_F=21 -DMAX_HISTORY=25 -DNMM_NEST=0 -DWRF_CHEM -DBUILD_CHEM=1 -DWRF_KPP -I. -traditional-cpp   ../main/module_wrf_top.G  > ../main/module_wrf_top.H
sed -e "s/gridmu/grid%mu/g" -e "s/gridMu/grid%Mu/g" ../main/module_wrf_top.H > ../main/module_wrf_top.bb
/glade/work/rkumar/NASA_HMA/WRFchem_HMA/tools/standard.exe ../main/module_wrf_top.bb | /lib/cpp -P -nostdinc -traditional-cpp > ../main/module_wrf_top.f90
rm -f ../main/module_wrf_top.G ../main/module_wrf_top.H ../main/module_wrf_top.bb
time mpif90 -f90=ifort -o ../main/module_wrf_top.o -c -O3 -ip -fp-model precise -w -ftz -align all -fno-alias -FR -convert big_endian    -I../dyn_em -I../dyn_nmm   -I/glade/work/rkumar/NASA_HMA/WRFchem_HMA/external/esmf_time_f90  -I/glade/work/rkumar/NASA_HMA/WRFchem_HMA/main -I/glade/work/rkumar/NASA_HMA/WRFchem_HMA/external/io_netcdf -I/glade/work/rkumar/NASA_HMA/WRFchem_HMA/external/io_int -I/glade/work/rkumar/NASA_HMA/WRFchem_HMA/frame -I/glade/work/rkumar/NASA_HMA/WRFchem_HMA/share -I/glade/work/rkumar/NASA_HMA/WRFchem_HMA/phys -I/glade/work/rkumar/NASA_HMA/WRFchem_HMA/chem -I/glade/work/rkumar/NASA_HMA/WRFchem_HMA/inc -I/glade/u/apps/ch/opt/netcdf/4.8.1/intel/19.1.1//include  -real-size `expr 8 \* 4` -i4  ../main/module_wrf_top.f90

real	0m6.621s
user	0m5.889s
sys	0m0.556s
rm -f wrf.o
sed -e "s/grid%mu/gridmu/g" -e "s/grid%Mu/gridMu/g" -e "s/^\!.*'.*//" -e "s/^ *\!.*'.*//" wrf.F > wrf.G
/lib/cpp -P -nostdinc -I/glade/work/rkumar/NASA_HMA/WRFchem_HMA/inc -DEM_CORE=1 -DNMM_CORE=0 -DNMM_MAX_DIM=2600 -DCOAMPS_CORE=0 -DDA_CORE=0 -DEXP_CORE=0 -DIWORDSIZE=4 -DDWORDSIZE=8 -DRWORDSIZE=4 -DLWORDSIZE=4 -DNONSTANDARD_SYSTEM_FUNC  -DWRF_USE_CLM  -DSNICAR_FRC    -DDM_PARALLEL -DNETCDF -DUSE_ALLOCATABLES -DGRIB1 -DINTIO -DKEEP_INT_AROUND -DLIMIT_ARGS -DCONFIG_BUF_LEN=65536 -DMAX_DOMAINS_F=21 -DMAX_HISTORY=25 -DNMM_NEST=0 -DWRF_CHEM -DBUILD_CHEM=1 -DWRF_KPP -I. -traditional-cpp   wrf.G  > wrf.H
sed -e "s/gridmu/grid%mu/g" -e "s/gridMu/grid%Mu/g" wrf.H > wrf.bb
/glade/work/rkumar/NASA_HMA/WRFchem_HMA/tools/standard.exe wrf.bb | /lib/cpp -P -nostdinc -traditional-cpp > wrf.f90
rm -f wrf.G wrf.H wrf.bb
time mpif90 -f90=ifort -o wrf.o -c -O3 -ip -fp-model precise -w -ftz -align all -fno-alias -FR -convert big_endian    -I../dyn_em -I../dyn_nmm   -I/glade/work/rkumar/NASA_HMA/WRFchem_HMA/external/esmf_time_f90  -I/glade/work/rkumar/NASA_HMA/WRFchem_HMA/main -I/glade/work/rkumar/NASA_HMA/WRFchem_HMA/external/io_netcdf -I/glade/work/rkumar/NASA_HMA/WRFchem_HMA/external/io_int -I/glade/work/rkumar/NASA_HMA/WRFchem_HMA/frame -I/glade/work/rkumar/NASA_HMA/WRFchem_HMA/share -I/glade/work/rkumar/NASA_HMA/WRFchem_HMA/phys -I/glade/work/rkumar/NASA_HMA/WRFchem_HMA/chem -I/glade/work/rkumar/NASA_HMA/WRFchem_HMA/inc -I/glade/u/apps/ch/opt/netcdf/4.8.1/intel/19.1.1//include  -real-size `expr 8 \* 4` -i4  wrf.f90

real	0m0.713s
user	0m0.116s
sys	0m0.549s
ranlib  libwrflib.a
time mpif90 -f90=ifort -o wrf.exe  -O3 -ip -fp-model precise -w -ftz -align all -fno-alias -FR -convert big_endian   -ip   wrf.o ../main/module_wrf_top.o libwrflib.a /glade/work/rkumar/NASA_HMA/WRFchem_HMA/external/fftpack/fftpack5/libfftpack.a /glade/work/rkumar/NASA_HMA/WRFchem_HMA/external/io_grib1/libio_grib1.a /glade/work/rkumar/NASA_HMA/WRFchem_HMA/external/io_grib_share/libio_grib_share.a /glade/work/rkumar/NASA_HMA/WRFchem_HMA/external/io_int/libwrfio_int.a -L/glade/work/rkumar/NASA_HMA/WRFchem_HMA/external/esmf_time_f90 -lesmf_time /glade/work/rkumar/NASA_HMA/WRFchem_HMA/external/RSL_LITE/librsl_lite.a /glade/work/rkumar/NASA_HMA/WRFchem_HMA/frame/module_internal_header_util.o /glade/work/rkumar/NASA_HMA/WRFchem_HMA/frame/pack_utils.o  -L/glade/work/rkumar/NASA_HMA/WRFchem_HMA/external/io_netcdf -lwrfio_nf -L/glade/u/apps/ch/opt/netcdf/4.8.1/intel/19.1.1//lib -lnetcdff -lnetcdf        
1.36user 5.41system 0:07.28elapsed 93%CPU (0avgtext+0avgdata 316660maxresident)k
24inputs+0outputs (0major+120224minor)pagefaults 0swaps
make[1]: Leaving directory '/glade/work/rkumar/NASA_HMA/WRFchem_HMA/main'
( cd run ; /bin/rm -f wrf.exe ; ln -s ../main/wrf.exe . )
if [ 0 -eq 1 ] ; then \
  ( cd main ; make -i -r RLFLAGS="" MODULE_DIRS="-I../dyn_em -I../dyn_nmm   -I/glade/work/rkumar/NASA_HMA/WRFchem_HMA/external/esmf_time_f90  -I/glade/work/rkumar/NASA_HMA/WRFchem_HMA/main -I/glade/work/rkumar/NASA_HMA/WRFchem_HMA/external/io_netcdf -I/glade/work/rkumar/NASA_HMA/WRFchem_HMA/external/io_int -I/glade/work/rkumar/NASA_HMA/WRFchem_HMA/frame -I/glade/work/rkumar/NASA_HMA/WRFchem_HMA/share -I/glade/work/rkumar/NASA_HMA/WRFchem_HMA/phys -I/glade/work/rkumar/NASA_HMA/WRFchem_HMA/chem -I/glade/work/rkumar/NASA_HMA/WRFchem_HMA/inc -I/glade/u/apps/ch/opt/netcdf/4.8.1/intel/19.1.1//include " SOLVER=em em_wrf_SST_ESMF ) ; \
fi
build started:   Sat Apr 30 18:35:58 MDT 2022
build completed: Sat Apr 30 20:16:13 MDT 2022
--------------------------------------
( cd main ; make -i -r RLFLAGS="" MODULE_DIRS="-I../dyn_em -I../dyn_nmm   -I/glade/work/rkumar/NASA_HMA/WRFchem_HMA/external/esmf_time_f90  -I/glade/work/rkumar/NASA_HMA/WRFchem_HMA/main -I/glade/work/rkumar/NASA_HMA/WRFchem_HMA/external/io_netcdf -I/glade/work/rkumar/NASA_HMA/WRFchem_HMA/external/io_int -I/glade/work/rkumar/NASA_HMA/WRFchem_HMA/frame -I/glade/work/rkumar/NASA_HMA/WRFchem_HMA/share -I/glade/work/rkumar/NASA_HMA/WRFchem_HMA/phys -I/glade/work/rkumar/NASA_HMA/WRFchem_HMA/chem -I/glade/work/rkumar/NASA_HMA/WRFchem_HMA/inc -I/glade/u/apps/ch/opt/netcdf/4.8.1/intel/19.1.1//include " SOLVER=em IDEAL_CASE=real em_real )
make[1]: Entering directory '/glade/work/rkumar/NASA_HMA/WRFchem_HMA/main'
rm -f ../dyn_em/module_initialize_real.o
sed -e "s/grid%mu/gridmu/g" -e "s/grid%Mu/gridMu/g" -e "s/^\!.*'.*//" -e "s/^ *\!.*'.*//" ../dyn_em/module_initialize_real.F > ../dyn_em/module_initialize_real.G
/lib/cpp -P -nostdinc -I/glade/work/rkumar/NASA_HMA/WRFchem_HMA/inc -DEM_CORE=1 -DNMM_CORE=0 -DNMM_MAX_DIM=2600 -DCOAMPS_CORE=0 -DDA_CORE=0 -DEXP_CORE=0 -DIWORDSIZE=4 -DDWORDSIZE=8 -DRWORDSIZE=4 -DLWORDSIZE=4 -DNONSTANDARD_SYSTEM_FUNC  -DWRF_USE_CLM  -DSNICAR_FRC    -DDM_PARALLEL -DNETCDF -DUSE_ALLOCATABLES -DGRIB1 -DINTIO -DKEEP_INT_AROUND -DLIMIT_ARGS -DCONFIG_BUF_LEN=65536 -DMAX_DOMAINS_F=21 -DMAX_HISTORY=25 -DNMM_NEST=0 -DWRF_CHEM -DBUILD_CHEM=1 -DWRF_KPP -I. -traditional-cpp   ../dyn_em/module_initialize_real.G  > ../dyn_em/module_initialize_real.H
sed -e "s/gridmu/grid%mu/g" -e "s/gridMu/grid%Mu/g" ../dyn_em/module_initialize_real.H > ../dyn_em/module_initialize_real.bb
/glade/work/rkumar/NASA_HMA/WRFchem_HMA/tools/standard.exe ../dyn_em/module_initialize_real.bb | /lib/cpp -P -nostdinc -traditional-cpp > ../dyn_em/module_initialize_real.f90
rm -f ../dyn_em/module_initialize_real.G ../dyn_em/module_initialize_real.H ../dyn_em/module_initialize_real.bb
time mpif90 -f90=ifort -o ../dyn_em/module_initialize_real.o -c -O3 -ip -fp-model precise -w -ftz -align all -fno-alias -FR -convert big_endian    -I../dyn_em -I../dyn_nmm   -I/glade/work/rkumar/NASA_HMA/WRFchem_HMA/external/esmf_time_f90  -I/glade/work/rkumar/NASA_HMA/WRFchem_HMA/main -I/glade/work/rkumar/NASA_HMA/WRFchem_HMA/external/io_netcdf -I/glade/work/rkumar/NASA_HMA/WRFchem_HMA/external/io_int -I/glade/work/rkumar/NASA_HMA/WRFchem_HMA/frame -I/glade/work/rkumar/NASA_HMA/WRFchem_HMA/share -I/glade/work/rkumar/NASA_HMA/WRFchem_HMA/phys -I/glade/work/rkumar/NASA_HMA/WRFchem_HMA/chem -I/glade/work/rkumar/NASA_HMA/WRFchem_HMA/inc -I/glade/u/apps/ch/opt/netcdf/4.8.1/intel/19.1.1//include  -real-size `expr 8 \* 4` -i4  ../dyn_em/module_initialize_real.f90

real	0m46.751s
user	0m45.039s
sys	0m1.288s
rm -f ndown_em.o
sed -e "s/grid%mu/gridmu/g" -e "s/grid%Mu/gridMu/g" -e "s/^\!.*'.*//" -e "s/^ *\!.*'.*//" ndown_em.F > ndown_em.G
/lib/cpp -P -nostdinc -I/glade/work/rkumar/NASA_HMA/WRFchem_HMA/inc -DEM_CORE=1 -DNMM_CORE=0 -DNMM_MAX_DIM=2600 -DCOAMPS_CORE=0 -DDA_CORE=0 -DEXP_CORE=0 -DIWORDSIZE=4 -DDWORDSIZE=8 -DRWORDSIZE=4 -DLWORDSIZE=4 -DNONSTANDARD_SYSTEM_FUNC  -DWRF_USE_CLM  -DSNICAR_FRC    -DDM_PARALLEL -DNETCDF -DUSE_ALLOCATABLES -DGRIB1 -DINTIO -DKEEP_INT_AROUND -DLIMIT_ARGS -DCONFIG_BUF_LEN=65536 -DMAX_DOMAINS_F=21 -DMAX_HISTORY=25 -DNMM_NEST=0 -DWRF_CHEM -DBUILD_CHEM=1 -DWRF_KPP -I. -traditional-cpp   ndown_em.G  > ndown_em.H
sed -e "s/gridmu/grid%mu/g" -e "s/gridMu/grid%Mu/g" ndown_em.H > ndown_em.bb
/glade/work/rkumar/NASA_HMA/WRFchem_HMA/tools/standard.exe ndown_em.bb | /lib/cpp -P -nostdinc -traditional-cpp > ndown_em.f90
rm -f ndown_em.G ndown_em.H ndown_em.bb
time mpif90 -f90=ifort -o ndown_em.o -c -O3 -ip -fp-model precise -w -ftz -align all -fno-alias -FR -convert big_endian    -I../dyn_em -I../dyn_nmm   -I/glade/work/rkumar/NASA_HMA/WRFchem_HMA/external/esmf_time_f90  -I/glade/work/rkumar/NASA_HMA/WRFchem_HMA/main -I/glade/work/rkumar/NASA_HMA/WRFchem_HMA/external/io_netcdf -I/glade/work/rkumar/NASA_HMA/WRFchem_HMA/external/io_int -I/glade/work/rkumar/NASA_HMA/WRFchem_HMA/frame -I/glade/work/rkumar/NASA_HMA/WRFchem_HMA/share -I/glade/work/rkumar/NASA_HMA/WRFchem_HMA/phys -I/glade/work/rkumar/NASA_HMA/WRFchem_HMA/chem -I/glade/work/rkumar/NASA_HMA/WRFchem_HMA/inc -I/glade/u/apps/ch/opt/netcdf/4.8.1/intel/19.1.1//include  -real-size `expr 8 \* 4` -i4  ndown_em.f90

real	0m20.190s
user	0m18.963s
sys	0m1.018s
rm -f nup_em.o
sed -e "s/grid%mu/gridmu/g" -e "s/grid%Mu/gridMu/g" -e "s/^\!.*'.*//" -e "s/^ *\!.*'.*//" nup_em.F > nup_em.G
/lib/cpp -P -nostdinc -I/glade/work/rkumar/NASA_HMA/WRFchem_HMA/inc -DEM_CORE=1 -DNMM_CORE=0 -DNMM_MAX_DIM=2600 -DCOAMPS_CORE=0 -DDA_CORE=0 -DEXP_CORE=0 -DIWORDSIZE=4 -DDWORDSIZE=8 -DRWORDSIZE=4 -DLWORDSIZE=4 -DNONSTANDARD_SYSTEM_FUNC  -DWRF_USE_CLM  -DSNICAR_FRC    -DDM_PARALLEL -DNETCDF -DUSE_ALLOCATABLES -DGRIB1 -DINTIO -DKEEP_INT_AROUND -DLIMIT_ARGS -DCONFIG_BUF_LEN=65536 -DMAX_DOMAINS_F=21 -DMAX_HISTORY=25 -DNMM_NEST=0 -DWRF_CHEM -DBUILD_CHEM=1 -DWRF_KPP -I. -traditional-cpp   nup_em.G  > nup_em.H
sed -e "s/gridmu/grid%mu/g" -e "s/gridMu/grid%Mu/g" nup_em.H > nup_em.bb
/glade/work/rkumar/NASA_HMA/WRFchem_HMA/tools/standard.exe nup_em.bb | /lib/cpp -P -nostdinc -traditional-cpp > nup_em.f90
rm -f nup_em.G nup_em.H nup_em.bb
time mpif90 -f90=ifort -o nup_em.o -c -O3 -ip -fp-model precise -w -ftz -align all -fno-alias -FR -convert big_endian    -I../dyn_em -I../dyn_nmm   -I/glade/work/rkumar/NASA_HMA/WRFchem_HMA/external/esmf_time_f90  -I/glade/work/rkumar/NASA_HMA/WRFchem_HMA/main -I/glade/work/rkumar/NASA_HMA/WRFchem_HMA/external/io_netcdf -I/glade/work/rkumar/NASA_HMA/WRFchem_HMA/external/io_int -I/glade/work/rkumar/NASA_HMA/WRFchem_HMA/frame -I/glade/work/rkumar/NASA_HMA/WRFchem_HMA/share -I/glade/work/rkumar/NASA_HMA/WRFchem_HMA/phys -I/glade/work/rkumar/NASA_HMA/WRFchem_HMA/chem -I/glade/work/rkumar/NASA_HMA/WRFchem_HMA/inc -I/glade/u/apps/ch/opt/netcdf/4.8.1/intel/19.1.1//include  -real-size `expr 8 \* 4` -i4  nup_em.f90

real	0m7.065s
user	0m6.135s
sys	0m0.812s
rm -f tc_em.o
sed -e "s/grid%mu/gridmu/g" -e "s/grid%Mu/gridMu/g" -e "s/^\!.*'.*//" -e "s/^ *\!.*'.*//" tc_em.F > tc_em.G
/lib/cpp -P -nostdinc -I/glade/work/rkumar/NASA_HMA/WRFchem_HMA/inc -DEM_CORE=1 -DNMM_CORE=0 -DNMM_MAX_DIM=2600 -DCOAMPS_CORE=0 -DDA_CORE=0 -DEXP_CORE=0 -DIWORDSIZE=4 -DDWORDSIZE=8 -DRWORDSIZE=4 -DLWORDSIZE=4 -DNONSTANDARD_SYSTEM_FUNC  -DWRF_USE_CLM  -DSNICAR_FRC    -DDM_PARALLEL -DNETCDF -DUSE_ALLOCATABLES -DGRIB1 -DINTIO -DKEEP_INT_AROUND -DLIMIT_ARGS -DCONFIG_BUF_LEN=65536 -DMAX_DOMAINS_F=21 -DMAX_HISTORY=25 -DNMM_NEST=0 -DWRF_CHEM -DBUILD_CHEM=1 -DWRF_KPP -I. -traditional-cpp   tc_em.G  > tc_em.H
sed -e "s/gridmu/grid%mu/g" -e "s/gridMu/grid%Mu/g" tc_em.H > tc_em.bb
/glade/work/rkumar/NASA_HMA/WRFchem_HMA/tools/standard.exe tc_em.bb | /lib/cpp -P -nostdinc -traditional-cpp > tc_em.f90
rm -f tc_em.G tc_em.H tc_em.bb
time mpif90 -f90=ifort -o tc_em.o -c -O3 -ip -fp-model precise -w -ftz -align all -fno-alias -FR -convert big_endian    -I../dyn_em -I../dyn_nmm   -I/glade/work/rkumar/NASA_HMA/WRFchem_HMA/external/esmf_time_f90  -I/glade/work/rkumar/NASA_HMA/WRFchem_HMA/main -I/glade/work/rkumar/NASA_HMA/WRFchem_HMA/external/io_netcdf -I/glade/work/rkumar/NASA_HMA/WRFchem_HMA/external/io_int -I/glade/work/rkumar/NASA_HMA/WRFchem_HMA/frame -I/glade/work/rkumar/NASA_HMA/WRFchem_HMA/share -I/glade/work/rkumar/NASA_HMA/WRFchem_HMA/phys -I/glade/work/rkumar/NASA_HMA/WRFchem_HMA/chem -I/glade/work/rkumar/NASA_HMA/WRFchem_HMA/inc -I/glade/u/apps/ch/opt/netcdf/4.8.1/intel/19.1.1//include  -real-size `expr 8 \* 4` -i4  tc_em.f90

real	0m13.317s
user	0m12.364s
sys	0m0.864s
rm -f real_em.o
sed -e "s/grid%mu/gridmu/g" -e "s/grid%Mu/gridMu/g" -e "s/^\!.*'.*//" -e "s/^ *\!.*'.*//" real_em.F > real_em.G
/lib/cpp -P -nostdinc -I/glade/work/rkumar/NASA_HMA/WRFchem_HMA/inc -DEM_CORE=1 -DNMM_CORE=0 -DNMM_MAX_DIM=2600 -DCOAMPS_CORE=0 -DDA_CORE=0 -DEXP_CORE=0 -DIWORDSIZE=4 -DDWORDSIZE=8 -DRWORDSIZE=4 -DLWORDSIZE=4 -DNONSTANDARD_SYSTEM_FUNC  -DWRF_USE_CLM  -DSNICAR_FRC    -DDM_PARALLEL -DNETCDF -DUSE_ALLOCATABLES -DGRIB1 -DINTIO -DKEEP_INT_AROUND -DLIMIT_ARGS -DCONFIG_BUF_LEN=65536 -DMAX_DOMAINS_F=21 -DMAX_HISTORY=25 -DNMM_NEST=0 -DWRF_CHEM -DBUILD_CHEM=1 -DWRF_KPP -I. -traditional-cpp   real_em.G  > real_em.H
sed -e "s/gridmu/grid%mu/g" -e "s/gridMu/grid%Mu/g" real_em.H > real_em.bb
/glade/work/rkumar/NASA_HMA/WRFchem_HMA/tools/standard.exe real_em.bb | /lib/cpp -P -nostdinc -traditional-cpp > real_em.f90
rm -f real_em.G real_em.H real_em.bb
time mpif90 -f90=ifort -o real_em.o -c -O3 -ip -fp-model precise -w -ftz -align all -fno-alias -FR -convert big_endian    -I../dyn_em -I../dyn_nmm   -I/glade/work/rkumar/NASA_HMA/WRFchem_HMA/external/esmf_time_f90  -I/glade/work/rkumar/NASA_HMA/WRFchem_HMA/main -I/glade/work/rkumar/NASA_HMA/WRFchem_HMA/external/io_netcdf -I/glade/work/rkumar/NASA_HMA/WRFchem_HMA/external/io_int -I/glade/work/rkumar/NASA_HMA/WRFchem_HMA/frame -I/glade/work/rkumar/NASA_HMA/WRFchem_HMA/share -I/glade/work/rkumar/NASA_HMA/WRFchem_HMA/phys -I/glade/work/rkumar/NASA_HMA/WRFchem_HMA/chem -I/glade/work/rkumar/NASA_HMA/WRFchem_HMA/inc -I/glade/u/apps/ch/opt/netcdf/4.8.1/intel/19.1.1//include  -real-size `expr 8 \* 4` -i4  real_em.f90

real	0m11.996s
user	0m10.956s
sys	0m0.913s
ranlib  libwrflib.a
time mpif90 -f90=ifort -o ndown.exe  -O3 -ip -fp-model precise -w -ftz -align all -fno-alias -FR -convert big_endian   -ip   ndown_em.o  ../dyn_em/module_initialize_real.o libwrflib.a /glade/work/rkumar/NASA_HMA/WRFchem_HMA/external/fftpack/fftpack5/libfftpack.a /glade/work/rkumar/NASA_HMA/WRFchem_HMA/external/io_grib1/libio_grib1.a /glade/work/rkumar/NASA_HMA/WRFchem_HMA/external/io_grib_share/libio_grib_share.a /glade/work/rkumar/NASA_HMA/WRFchem_HMA/external/io_int/libwrfio_int.a -L/glade/work/rkumar/NASA_HMA/WRFchem_HMA/external/esmf_time_f90 -lesmf_time /glade/work/rkumar/NASA_HMA/WRFchem_HMA/external/RSL_LITE/librsl_lite.a /glade/work/rkumar/NASA_HMA/WRFchem_HMA/frame/module_internal_header_util.o /glade/work/rkumar/NASA_HMA/WRFchem_HMA/frame/pack_utils.o  -L/glade/work/rkumar/NASA_HMA/WRFchem_HMA/external/io_netcdf -lwrfio_nf -L/glade/u/apps/ch/opt/netcdf/4.8.1/intel/19.1.1//lib -lnetcdff -lnetcdf       
1.23user 4.94system 0:06.39elapsed 96%CPU (0avgtext+0avgdata 272844maxresident)k
0inputs+0outputs (0major+109803minor)pagefaults 0swaps
#TEMPORARILY REMOVED time mpif90 -f90=ifort -o nup.exe  -O3 -ip -fp-model precise -w -ftz -align all -fno-alias -FR -convert big_endian   -ip   nup_em.o  ../dyn_em/module_initialize_real.o libwrflib.a /glade/work/rkumar/NASA_HMA/WRFchem_HMA/external/fftpack/fftpack5/libfftpack.a /glade/work/rkumar/NASA_HMA/WRFchem_HMA/external/io_grib1/libio_grib1.a /glade/work/rkumar/NASA_HMA/WRFchem_HMA/external/io_grib_share/libio_grib_share.a /glade/work/rkumar/NASA_HMA/WRFchem_HMA/external/io_int/libwrfio_int.a -L/glade/work/rkumar/NASA_HMA/WRFchem_HMA/external/esmf_time_f90 -lesmf_time /glade/work/rkumar/NASA_HMA/WRFchem_HMA/external/RSL_LITE/librsl_lite.a /glade/work/rkumar/NASA_HMA/WRFchem_HMA/frame/module_internal_header_util.o /glade/work/rkumar/NASA_HMA/WRFchem_HMA/frame/pack_utils.o  -L/glade/work/rkumar/NASA_HMA/WRFchem_HMA/external/io_netcdf -lwrfio_nf -L/glade/u/apps/ch/opt/netcdf/4.8.1/intel/19.1.1//lib -lnetcdff -lnetcdf       
time mpif90 -f90=ifort -o tc.exe  -O3 -ip -fp-model precise -w -ftz -align all -fno-alias -FR -convert big_endian   -ip   tc_em.o  ../dyn_em/module_initialize_real.o libwrflib.a /glade/work/rkumar/NASA_HMA/WRFchem_HMA/external/fftpack/fftpack5/libfftpack.a /glade/work/rkumar/NASA_HMA/WRFchem_HMA/external/io_grib1/libio_grib1.a /glade/work/rkumar/NASA_HMA/WRFchem_HMA/external/io_grib_share/libio_grib_share.a /glade/work/rkumar/NASA_HMA/WRFchem_HMA/external/io_int/libwrfio_int.a -L/glade/work/rkumar/NASA_HMA/WRFchem_HMA/external/esmf_time_f90 -lesmf_time /glade/work/rkumar/NASA_HMA/WRFchem_HMA/external/RSL_LITE/librsl_lite.a /glade/work/rkumar/NASA_HMA/WRFchem_HMA/frame/module_internal_header_util.o /glade/work/rkumar/NASA_HMA/WRFchem_HMA/frame/pack_utils.o  -L/glade/work/rkumar/NASA_HMA/WRFchem_HMA/external/io_netcdf -lwrfio_nf -L/glade/u/apps/ch/opt/netcdf/4.8.1/intel/19.1.1//lib -lnetcdff -lnetcdf       
1.29user 4.46system 0:06.03elapsed 95%CPU (0avgtext+0avgdata 273752maxresident)k
0inputs+0outputs (0major+107521minor)pagefaults 0swaps
time mpif90 -f90=ifort -o real.exe  -O3 -ip -fp-model precise -w -ftz -align all -fno-alias -FR -convert big_endian   -ip   real_em.o ../dyn_em/module_initialize_real.o libwrflib.a /glade/work/rkumar/NASA_HMA/WRFchem_HMA/external/fftpack/fftpack5/libfftpack.a /glade/work/rkumar/NASA_HMA/WRFchem_HMA/external/io_grib1/libio_grib1.a /glade/work/rkumar/NASA_HMA/WRFchem_HMA/external/io_grib_share/libio_grib_share.a /glade/work/rkumar/NASA_HMA/WRFchem_HMA/external/io_int/libwrfio_int.a -L/glade/work/rkumar/NASA_HMA/WRFchem_HMA/external/esmf_time_f90 -lesmf_time /glade/work/rkumar/NASA_HMA/WRFchem_HMA/external/RSL_LITE/librsl_lite.a /glade/work/rkumar/NASA_HMA/WRFchem_HMA/frame/module_internal_header_util.o /glade/work/rkumar/NASA_HMA/WRFchem_HMA/frame/pack_utils.o  -L/glade/work/rkumar/NASA_HMA/WRFchem_HMA/external/io_netcdf -lwrfio_nf -L/glade/u/apps/ch/opt/netcdf/4.8.1/intel/19.1.1//lib -lnetcdff -lnetcdf       
1.21user 4.86system 0:06.24elapsed 97%CPU (0avgtext+0avgdata 270676maxresident)k
0inputs+0outputs (0major+109397minor)pagefaults 0swaps
make[1]: Leaving directory '/glade/work/rkumar/NASA_HMA/WRFchem_HMA/main'
( cd test/em_real ; /bin/rm -f wrf.exe ; ln -s ../../main/wrf.exe . )
if [ 0 -eq 1 ] ; then \
  ( cd main ; make -i -r RLFLAGS="" MODULE_DIRS="-I../dyn_em -I../dyn_nmm   -I/glade/work/rkumar/NASA_HMA/WRFchem_HMA/external/esmf_time_f90  -I/glade/work/rkumar/NASA_HMA/WRFchem_HMA/main -I/glade/work/rkumar/NASA_HMA/WRFchem_HMA/external/io_netcdf -I/glade/work/rkumar/NASA_HMA/WRFchem_HMA/external/io_int -I/glade/work/rkumar/NASA_HMA/WRFchem_HMA/frame -I/glade/work/rkumar/NASA_HMA/WRFchem_HMA/share -I/glade/work/rkumar/NASA_HMA/WRFchem_HMA/phys -I/glade/work/rkumar/NASA_HMA/WRFchem_HMA/chem -I/glade/work/rkumar/NASA_HMA/WRFchem_HMA/inc -I/glade/u/apps/ch/opt/netcdf/4.8.1/intel/19.1.1//include " SOLVER=em IDEAL_CASE=real em_wrf_SST_ESMF ) ; \
  ( cd test/em_esmf_exp ; /bin/rm -f wrf.exe ; ln -s ../../main/wrf.exe . ) ; \
  ( cd test/em_esmf_exp ; /bin/rm -f wrf_SST_ESMF.exe ; ln -s ../../main/wrf_SST_ESMF.exe . ) ; \
  ( cd test/em_esmf_exp ; /bin/rm -f real.exe ; ln -s ../../main/real.exe . ) ; \
  ( cd test/em_esmf_exp ; /bin/rm -f README.namelist ; ln -s ../../run/README.namelist . ) ; \
  ( cd test/em_esmf_exp ; /bin/rm -f ETAMPNEW_DATA.expanded_rain ETAMPNEW_DATA RRTM_DATA RRTMG_LW_DATA RRTMG_SW_DATA ; \
               ln -sf ../../run/ETAMPNEW_DATA . ;                      \
               ln -sf ../../run/ETAMPNEW_DATA.expanded_rain . ;        \
               ln -sf ../../run/RRTM_DATA . ;                          \
               ln -sf ../../run/RRTMG_LW_DATA . ;                      \
               ln -sf ../../run/RRTMG_SW_DATA . ;                      \
               ln -sf ../../run/CAM_ABS_DATA . ;                       \
               ln -sf ../../run/CAM_AEROPT_DATA . ;                    \
               ln -sf ../../run/CAMtr_volume_mixing_ratio.RCP4.5 . ;   \
               ln -sf ../../run/CAMtr_volume_mixing_ratio.RCP6   . ;   \
               ln -sf ../../run/CAMtr_volume_mixing_ratio.RCP8.5 CAMtr_volume_mixing_ratio ;   \
               ln -sf ../../run/CAMtr_volume_mixing_ratio.A1B    . ;   \
               ln -sf ../../run/CAMtr_volume_mixing_ratio.A2     . ;   \
               ln -sf ../../run/CLM_ALB_ICE_DFS_DATA . ;               \
               ln -sf ../../run/CLM_ALB_ICE_DRC_DATA . ;               \
               ln -sf ../../run/CLM_ASM_ICE_DFS_DATA . ;               \
               ln -sf ../../run/CLM_ASM_ICE_DRC_DATA . ;               \
               ln -sf ../../run/CLM_DRDSDT0_DATA . ;                   \
               ln -sf ../../run/CLM_EXT_ICE_DFS_DATA . ;               \
               ln -sf ../../run/CLM_EXT_ICE_DRC_DATA . ;               \
               ln -sf ../../run/CLM_KAPPA_DATA . ;                     \
               ln -sf ../../run/CLM_TAU_DATA . ;                       \
               ln -sf ../../run/ozone.formatted . ;                    \
               ln -sf ../../run/ozone_lat.formatted . ;                \
               ln -sf ../../run/ozone_plev.formatted . ;               \
               ln -sf ../../run/aerosol.formatted . ;                  \
               ln -sf ../../run/aerosol_lat.formatted . ;              \
               ln -sf ../../run/aerosol_lon.formatted . ;              \
               ln -sf ../../run/aerosol_plev.formatted . ;             \
               ln -sf ../../run/CCN_ACTIVATE.BIN . ;                   \
               ln -sf ../../run/p3_lookup_table_1.dat . ;              \
               if [ 4 -eq 8 ] ; then                        \
                  ln -sf ../../run/ETAMPNEW_DATA_DBL ETAMPNEW_DATA ;   \
                  ln -sf ../../run/ETAMPNEW_DATA.expanded_rain_DBL ETAMPNEW_DATA.expanded_rain ;   \
                  ln -sf ../../run/RRTM_DATA_DBL RRTM_DATA         ;   \
                  ln -sf ../../run/RRTMG_LW_DATA_DBL RRTMG_LW_DATA ;   \
                  ln -sf ../../run/RRTMG_SW_DATA_DBL RRTMG_SW_DATA ;   \
               fi ) ; \
  ( cd test/em_esmf_exp ; /bin/rm -f GENPARM.TBL ; ln -s ../../run/GENPARM.TBL . ) ; \
  ( cd test/em_esmf_exp ; /bin/rm -f LANDUSE.TBL ; ln -s ../../run/LANDUSE.TBL . ) ; \
  ( cd test/em_esmf_exp ; /bin/rm -f SOILPARM.TBL ; ln -s ../../run/SOILPARM.TBL . ) ; \
  ( cd test/em_esmf_exp ; /bin/rm -f URBPARM.TBL ; ln -s ../../run/URBPARM.TBL . ) ; \
  ( cd test/em_esmf_exp ; /bin/rm -f VEGPARM.TBL ; ln -s ../../run/VEGPARM.TBL . ) ; \
  ( cd test/em_esmf_exp ; /bin/rm -f MPTABLE.TBL ; ln -s ../../run/MPTABLE.TBL . ) ; \
  ( cd test/em_esmf_exp ; /bin/rm -f tr49t67 ; ln -s ../../run/tr49t67 . ) ; \
  ( cd test/em_esmf_exp ; /bin/rm -f tr49t85 ; ln -s ../../run/tr49t85 . ) ; \
  ( cd test/em_esmf_exp ; /bin/rm -f tr67t85 ; ln -s ../../run/tr67t85 . ) ; \
  ( cd test/em_esmf_exp ; /bin/rm -f gribmap.txt ; ln -s ../../run/gribmap.txt . ) ; \
  ( cd test/em_esmf_exp ; /bin/rm -f grib2map.tbl ; ln -s ../../run/grib2map.tbl . ) ; \
fi
( cd test/em_real ; /bin/rm -f real.exe ; ln -s ../../main/real.exe . )
( cd test/em_real ; /bin/rm -f tc.exe ; ln -s ../../main/tc.exe . )
( cd test/em_real ; /bin/rm -f ndown.exe ; ln -s ../../main/ndown.exe . )
#TEMPORARILY REMOVED ( cd test/em_real ; /bin/rm -f nup.exe ; ln -s ../../main/nup.exe . )
( cd test/em_real ; /bin/rm -f README.namelist ; ln -s ../../run/README.namelist . )
( cd test/em_real ; /bin/rm -f ETAMPNEW_DATA.expanded_rain ETAMPNEW_DATA RRTM_DATA RRTMG_LW_DATA RRTMG_SW_DATA ;    \
             ln -sf ../../run/ETAMPNEW_DATA . ;                     \
             ln -sf ../../run/ETAMPNEW_DATA.expanded_rain . ;       \
             ln -sf ../../run/RRTM_DATA . ;                         \
             ln -sf ../../run/RRTMG_LW_DATA . ;                     \
             ln -sf ../../run/RRTMG_SW_DATA . ;                     \
             ln -sf ../../run/CAM_ABS_DATA . ;                      \
             ln -sf ../../run/CAM_AEROPT_DATA . ;                   \
             ln -sf ../../run/CAMtr_volume_mixing_ratio.RCP4.5 . ;  \
             ln -sf ../../run/CAMtr_volume_mixing_ratio.RCP6   . ;  \
             ln -sf ../../run/CAMtr_volume_mixing_ratio.RCP8.5 CAMtr_volume_mixing_ratio ;   \
             ln -sf ../../run/CAMtr_volume_mixing_ratio.A1B    . ;  \
             ln -sf ../../run/CAMtr_volume_mixing_ratio.A2     . ;  \
             ln -sf ../../run/CLM_ALB_ICE_DFS_DATA . ;              \
             ln -sf ../../run/CLM_ALB_ICE_DRC_DATA . ;              \
             ln -sf ../../run/CLM_ASM_ICE_DFS_DATA . ;              \
             ln -sf ../../run/CLM_ASM_ICE_DRC_DATA . ;              \
             ln -sf ../../run/CLM_DRDSDT0_DATA . ;                  \
             ln -sf ../../run/CLM_EXT_ICE_DFS_DATA . ;              \
             ln -sf ../../run/CLM_EXT_ICE_DRC_DATA . ;              \
             ln -sf ../../run/CLM_KAPPA_DATA . ;                    \
             ln -sf ../../run/CLM_TAU_DATA . ;                      \
             ln -sf ../../run/ozone.formatted . ;                   \
             ln -sf ../../run/ozone_lat.formatted . ;               \
             ln -sf ../../run/ozone_plev.formatted . ;              \
             ln -sf ../../run/aerosol.formatted . ;                 \
             ln -sf ../../run/aerosol_lat.formatted . ;             \
             ln -sf ../../run/aerosol_lon.formatted . ;             \
             ln -sf ../../run/aerosol_plev.formatted . ;            \
             ln -sf ../../run/capacity.asc . ;            \
             ln -sf ../../run/coeff_p.asc . ;            \
             ln -sf ../../run/coeff_q.asc . ;            \
             ln -sf ../../run/constants.asc . ;            \
             ln -sf ../../run/masses.asc . ;            \
             ln -sf ../../run/termvels.asc . ;            \
             ln -sf ../../run/kernels.asc_s_0_03_0_9 . ;            \
             ln -sf ../../run/kernels_z.asc . ;            \
             ln -sf ../../run/bulkdens.asc_s_0_03_0_9 . ;            \
             ln -sf ../../run/bulkradii.asc_s_0_03_0_9 . ;            \
             ln -sf ../../run/CCN_ACTIVATE.BIN . ;                   \
             ln -sf ../../run/p3_lookup_table_1.dat . ;                   \
             if [ 4 -eq 8 ] ; then                       \
                ln -sf ../../run/ETAMPNEW_DATA_DBL ETAMPNEW_DATA ;  \
                ln -sf ../../run/ETAMPNEW_DATA.expanded_rain_DBL ETAMPNEW_DATA.expanded_rain ;   \
                ln -sf ../../run/RRTM_DATA_DBL RRTM_DATA ;          \
                ln -sf ../../run/RRTMG_LW_DATA_DBL RRTMG_LW_DATA ;  \
                ln -sf ../../run/RRTMG_SW_DATA_DBL RRTMG_SW_DATA ;  \
             fi )
( cd test/em_real ; /bin/rm -f GENPARM.TBL ; ln -s ../../run/GENPARM.TBL . )
( cd test/em_real ; /bin/rm -f LANDUSE.TBL ; ln -s ../../run/LANDUSE.TBL . )
( cd test/em_real ; /bin/rm -f SOILPARM.TBL ; ln -s ../../run/SOILPARM.TBL . )
( cd test/em_real ; /bin/rm -f URBPARM.TBL ; ln -s ../../run/URBPARM.TBL . )
( cd test/em_real ; /bin/rm -f VEGPARM.TBL ; ln -s ../../run/VEGPARM.TBL . )
( cd test/em_real ; /bin/rm -f MPTABLE.TBL ; ln -s ../../run/MPTABLE.TBL . )
( cd test/em_real ; /bin/rm -f tr49t67 ; ln -s ../../run/tr49t67 . )
( cd test/em_real ; /bin/rm -f tr49t85 ; ln -s ../../run/tr49t85 . )
( cd test/em_real ; /bin/rm -f tr67t85 ; ln -s ../../run/tr67t85 . )
( cd test/em_real ; /bin/rm -f gribmap.txt ; ln -s ../../run/gribmap.txt . )
( cd test/em_real ; /bin/rm -f grib2map.tbl ; ln -s ../../run/grib2map.tbl . )
( cd run ; /bin/rm -f real.exe ; ln -s ../main/real.exe . )
( cd run ; /bin/rm -f tc.exe ; ln -s ../main/tc.exe . )
( cd run ; /bin/rm -f ndown.exe ; ln -s ../main/ndown.exe . )
#TEMPORARILY REMOVED ( cd run ; /bin/rm -f nup.exe ; ln -s ../main/nup.exe . )
( cd run ; if test -f namelist.input ; then \
	/bin/cp -f namelist.input namelist.input.backup.`date +%Y-%m-%d_%H_%M_%S` ; fi ; \
	/bin/rm -f namelist.input ; cp ../test/em_real/namelist.input . )
 
==========================================================================
build started:   Sat Apr 30 18:35:58 MDT 2022
build completed: Sat Apr 30 20:18:14 MDT 2022
 
--->                  Executables successfully built                  <---
 
-rwxr-xr-x 1 rkumar ncar 74817056 Apr 30 20:18 main/ndown.exe
-rwxr-xr-x 1 rkumar ncar 74828296 Apr 30 20:18 main/real.exe
-rwxr-xr-x 1 rkumar ncar 73897328 Apr 30 20:18 main/tc.exe
-rwxr-xr-x 1 rkumar ncar 94241880 Apr 30 20:16 main/wrf.exe
 
==========================================================================
 
